/opt/local/miniconda_23_9/lib/python3.11/site-packages/conda/base/context.py:201: FutureWarning: Adding 'defaults' to channel list implicitly is deprecated and will be removed in 25.3. 

To remove this warning, please choose a default channel explicitly with conda's regular configuration system, e.g. by adding 'defaults' to the list of channels:

  conda config --add channels defaults

For more information see https://docs.conda.io/projects/conda/en/stable/user-guide/configuration/use-condarc.html

  deprecated.topic(
JOB 14489 ARRAY_ID 17  -> i=17 ; range=[1.9e-10, 5.0e-10] ; intervals=30 (frames=31)
Analytic t0 extension enabled (--extend-time-using-t0).
THIS SHOULD ONLY BE REACHED ONCE
Completed 0 % :  mod = 2.8799999995945723e-16,  Error =-1.4210854715202004e-14
Completed 0 % :  mod = 2.89122973328024e-16,  Error =8.137604368130269e-09
Completed 0 % :  mod = 2.925006492439058e-16,  Error =1.6275208736260538e-08
Completed 0 % :  mod = 2.9815937206544395e-16,  Error =2.441310442691247e-08
Completed 0 % :  mod = 3.0613398046869005e-16,  Error =3.254232439076077e-08
Completed 1 % :  mod = 3.1650285219482777e-16,  Error =4.067986481004482e-08
Completed 1 % :  mod = 3.293399498051237e-16,  Error =4.881745496732037e-08
Completed 1 % :  mod = 3.4472842955976263e-16,  Error =5.69467033528781e-08
Completed 1 % :  mod = 3.6281954019297898e-16,  Error =6.508429351015366e-08
Completed 2 % :  mod = 3.837400681233545e-16,  Error =7.322181261315563e-08
Completed 2 % :  mod = 4.0765316645490923e-16,  Error =8.135945961385005e-08
Completed 2 % :  mod = 4.347161953390382e-16,  Error =8.948898511107473e-08
Completed 2 % :  mod = 4.651951189852762e-16,  Error =9.762644026523049e-08
Completed 3 % :  mod = 4.993018351137677e-16,  Error =1.0576409437135226e-07
Completed 3 % :  mod = 5.372617534399629e-16,  Error =1.1389362697400429e-07
Completed 3 % :  mod = 5.794479395545562e-16,  Error =1.220310892335874e-07
Completed 3 % :  mod = 6.261529126462872e-16,  Error =1.301686722854356e-07
Completed 4 % :  mod = 6.776860171711449e-16,  Error =1.3829803435783106e-07
Completed 4 % :  mod = 7.345537365419787e-16,  Error =1.4643576662365376e-07
Completed 4 % :  mod = 7.971498227924343e-16,  Error =1.5457337099178403e-07
Completed 4 % :  mod = 8.659624087470616e-16,  Error =1.627110606250426e-07
Completed 5 % :  mod = 9.414479681332363e-16,  Error =1.7084030901060032e-07
Completed 5 % :  mod = 1.0243483832157328e-15,  Error =1.7897792048415795e-07
Completed 5 % :  mod = 1.115237103158058e-15,  Error =1.8711567406626273e-07
Completed 5 % :  mod = 1.214717359761674e-15,  Error =1.9524514272006854e-07
Completed 6 % :  mod = 1.3237668542476338e-15,  Error =2.033830668324299e-07
Completed 6 % :  mod = 1.4431396524239543e-15,  Error =2.1152059304085924e-07
Completed 6 % :  mod = 1.5737666729679773e-15,  Error =2.1965806951129707e-07
Completed 6 % :  mod = 1.7165152203354337e-15,  Error =2.2778741026741045e-07
Completed 7 % :  mod = 1.8727882592264577e-15,  Error =2.3592499331925865e-07
Completed 7 % :  mod = 2.0436661029272824e-15,  Error =2.440627326905087e-07
Completed 7 % :  mod = 2.230283505409361e-15,  Error =2.521923363474343e-07
Completed 7 % :  mod = 2.434474564111945e-15,  Error =2.603298057124448e-07
Completed 8 % :  mod = 2.657650680046838e-15,  Error =2.6846776535194294e-07
Completed 8 % :  mod = 2.901294064608591e-15,  Error =2.7659690005066295e-07
Completed 8 % :  mod = 3.1677992736318407e-15,  Error =2.8473458257849416e-07
Completed 8 % :  mod = 3.4590083161248065e-15,  Error =2.928719524675216e-07
Completed 9 % :  mod = 3.7771921747900294e-15,  Error =3.0100947867595096e-07
Completed 9 % :  mod = 4.124464160745155e-15,  Error =3.0913874837779076e-07
Completed 9 % :  mod = 4.504237322010214e-15,  Error =3.172763598513484e-07
Completed 9 % :  mod = 4.919136443703131e-15,  Error =3.254140779063164e-07
Completed 10 % :  mod = 5.371917258802678e-15,  Error =3.3354353945469484e-07
Completed 10 % :  mod = 5.867029777733577e-15,  Error =3.416811935608166e-07
Completed 10 % :  mod = 6.407895894592123e-15,  Error =3.4981863450411765e-07
Completed 10 % :  mod = 6.9987334944149904e-15,  Error =3.579563738753677e-07
Completed 11 % :  mod = 7.643466992619588e-15,  Error =3.6608578568575467e-07
Completed 11 % :  mod = 8.348432919434414e-15,  Error =3.7422324083991043e-07
Completed 11 % :  mod = 9.118503477751849e-15,  Error =3.8236113653056236e-07
Completed 11 % :  mod = 9.958793598963606e-15,  Error =3.9049069755492383e-07
Completed 12 % :  mod = 1.0877561749356875e-14,  Error =3.986284156098918e-07
Completed 12 % :  mod = 1.1881157749057466e-14,  Error =4.0676590629118436e-07
Completed 12 % :  mod = 1.2976247672810617e-14,  Error =4.1489543178840904e-07
Completed 12 % :  mod = 1.4173594203416128e-14,  Error =4.230332208976506e-07
Completed 13 % :  mod = 1.5481472442590487e-14,  Error =4.311708039494988e-07
Completed 13 % :  mod = 1.691008177316591e-14,  Error =4.3930830884164607e-07
Completed 13 % :  mod = 1.8468911329061017e-14,  Error =4.474376567031868e-07
Completed 13 % :  mod = 2.0173281510687888e-14,  Error =4.5557504790849634e-07
Completed 14 % :  mod = 2.2034971492598806e-14,  Error =4.637127730688917e-07
Completed 14 % :  mod = 2.4066347037136214e-14,  Error =4.718422772498343e-07
Completed 14 % :  mod = 2.628737279689368e-14,  Error =4.799799739885202e-07
Completed 14 % :  mod = 2.871339864658967e-14,  Error =4.881175783566505e-07
Completed 15 % :  mod = 3.1363343780027395e-14,  Error =4.962552893061911e-07
Completed 15 % :  mod = 3.4254809703874804e-14,  Error =5.043849853336724e-07
Completed 15 % :  mod = 3.74162141634084e-14,  Error =5.125227318103498e-07
Completed 15 % :  mod = 4.086940616650067e-14,  Error =5.206601230156593e-07
Completed 16 % :  mod = 4.463732255017675e-14,  Error =5.287895348260463e-07
Completed 16 % :  mod = 4.875699494431306e-14,  Error =5.369272102484501e-07
Completed 16 % :  mod = 5.325689508436808e-14,  Error =5.450648217220078e-07
Completed 16 % :  mod = 5.816691230942593e-14,  Error =5.531940772129929e-07
Completed 17 % :  mod = 6.353530297209191e-14,  Error =5.61331539472576e-07
Completed 17 % :  mod = 6.939916886763111e-14,  Error =5.694691438407062e-07
Completed 17 % :  mod = 7.580423892196524e-14,  Error =5.776066700491356e-07
Completed 17 % :  mod = 8.27930570602802e-14,  Error =5.857360534378131e-07
Completed 18 % :  mod = 9.043431031895385e-14,  Error =5.938736009625245e-07
Completed 18 % :  mod = 9.878080864532883e-14,  Error =6.020110561166803e-07
Completed 18 % :  mod = 1.0788799134493371e-13,  Error =6.101404963487767e-07
Completed 18 % :  mod = 1.1784536504567267e-13,  Error =6.182781078223343e-07
Completed 19 % :  mod = 1.2872174674588852e-13,  Error =6.264156269253363e-07
Completed 19 % :  mod = 1.4058937974968476e-13,  Error =6.345449818923043e-07
Completed 19 % :  mod = 1.5356490075166848e-13,  Error =6.426827283689818e-07
Completed 19 % :  mod = 1.677379855816061e-13,  Error =6.508200982580092e-07
Completed 20 % :  mod = 1.832191617869344e-13,  Error =6.589574041981905e-07
Completed 20 % :  mod = 2.00111258682412e-13,  Error =6.670865815294746e-07
Completed 20 % :  mod = 2.1858029389903714e-13,  Error =6.752242853735879e-07
Completed 20 % :  mod = 2.387539095940012e-13,  Error =6.833620105339833e-07
Completed 21 % :  mod = 2.6076610308624366e-13,  Error =6.914913157629599e-07
Completed 21 % :  mod = 2.8483321268898567e-13,  Error =6.996290835559194e-07
Completed 21 % :  mod = 3.1112156934690763e-13,  Error =7.077667376620411e-07
Completed 21 % :  mod = 3.398361798300519e-13,  Error =7.159042283433337e-07
Completed 22 % :  mod = 3.711677717882328e-13,  Error =7.240336543645753e-07
Completed 22 % :  mod = 4.054242748173653e-13,  Error =7.321712089947141e-07
Completed 22 % :  mod = 4.428424389101753e-13,  Error =7.403087138868614e-07
Completed 22 % :  mod = 4.83670801137962e-13,  Error =7.484380262212653e-07
Completed 23 % :  mod = 5.283106246053381e-13,  Error =7.565756661165324e-07
Completed 23 % :  mod = 5.770704173649266e-13,  Error =7.647133060117994e-07
Completed 23 % :  mod = 6.302740466494373e-13,  Error =7.728427959818873e-07
Completed 23 % :  mod = 6.884443967754625e-13,  Error =7.809800095515129e-07
Completed 24 % :  mod = 7.51983481423031e-13,  Error =7.891175215490875e-07
Completed 24 % :  mod = 8.213867910234257e-13,  Error =7.972549838086707e-07
Completed 24 % :  mod = 8.971152995466439e-13,  Error =8.053841469291001e-07
Completed 24 % :  mod = 9.799132530858097e-13,  Error =8.135214528692813e-07
Completed 25 % :  mod = 1.0703528498859696e-12,  Error =8.216591140808305e-07
Completed 25 % :  mod = 1.1690347691506927e-12,  Error =8.297883695718156e-07
Completed 25 % :  mod = 1.2769288167653795e-12,  Error =8.379256755119968e-07
Completed 25 % :  mod = 1.3947805954394768e-12,  Error =8.460630738227337e-07
Completed 26 % :  mod = 1.5235090717162373e-12,  Error =8.542006710854366e-07
Completed 26 % :  mod = 1.6639691706891662e-12,  Error =8.623300473686868e-07
Completed 26 % :  mod = 1.817541198380499e-12,  Error =8.704674172577143e-07
Completed 26 % :  mod = 1.9852863124955396e-12,  Error =8.786047445141776e-07
Completed 27 % :  mod = 2.1683184513907823e-12,  Error =8.867338365803334e-07
Completed 27 % :  mod = 2.3684361363999788e-12,  Error =8.948710217282496e-07
Completed 27 % :  mod = 2.5870219629115356e-12,  Error =9.030080079241998e-07
Completed 27 % :  mod = 2.8255272459010353e-12,  Error =9.111366594538595e-07
Completed 28 % :  mod = 3.0862952870233743e-12,  Error =9.192735603846813e-07
Completed 28 % :  mod = 3.3711272997365414e-12,  Error =9.274103618395202e-07
Completed 28 % :  mod = 3.682243230114941e-12,  Error =9.355469359206836e-07
Completed 28 % :  mod = 4.021707902920151e-12,  Error =9.436750971758556e-07
Completed 29 % :  mod = 4.392855427619623e-12,  Error =9.518112307205229e-07
Completed 29 % :  mod = 4.798247990094301e-12,  Error =9.599472079457883e-07
Completed 29 % :  mod = 5.240574586451003e-12,  Error =9.68074587603951e-07
Completed 29 % :  mod = 5.724177602644123e-12,  Error =9.762097690213523e-07
Completed 30 % :  mod = 6.252392935638921e-12,  Error =9.84344659116232e-07
Completed 30 % :  mod = 6.829331568911896e-12,  Error =9.924785402404268e-07
Completed 30 % :  mod = 7.458814949661704e-12,  Error =1.000603845113801e-06
Completed 30 % :  mod = 8.147015706511978e-12,  Error =1.008736674634747e-06
Completed 31 % :  mod = 8.898671757515725e-12,  Error =1.016868530712145e-06
Completed 31 % :  mod = 9.718752069927933e-12,  Error =1.0249912776316705e-06
Completed 31 % :  mod = 1.0615285474624859e-11,  Error =1.0331206254932113e-06
Completed 31 % :  mod = 1.1594427449482202e-11,  Error =1.0412483959498786e-06
Completed 32 % :  mod = 1.2662629216597887e-11,  Error =1.0493659772237152e-06
Completed 32 % :  mod = 1.3830320524756889e-11,  Error =1.0574896194270877e-06
Completed 32 % :  mod = 1.5105481590119162e-11,  Error =1.0656105260409277e-06
Completed 32 % :  mod = 1.6497939886962378e-11,  Error =1.0737278941519435e-06
Completed 33 % :  mod = 1.801679307473764e-11,  Error =1.0818333109341438e-06
Completed 33 % :  mod = 1.9676770454623492e-11,  Error =1.0899422449028862e-06
Completed 33 % :  mod = 2.148908499750197e-11,  Error =1.0980459705933754e-06
Completed 33 % :  mod = 2.346543933673761e-11,  Error =1.1061346683050033e-06
Completed 34 % :  mod = 2.5624818424077238e-11,  Error =1.114223820763982e-06
Completed 34 % :  mod = 2.798157152363795e-11,  Error =1.1223038001162422e-06
Completed 34 % :  mod = 3.055061021700979e-11,  Error =1.1303645308657906e-06
Completed 34 % :  mod = 3.3356210809698614e-11,  Error =1.1384200107045217e-06
Completed 35 % :  mod = 3.64164899141084e-11,  Error =1.1464599509736217e-06
Completed 35 % :  mod = 3.975365775098273e-11,  Error =1.1544815023967203e-06
Completed 35 % :  mod = 4.338773370920175e-11,  Error =1.1624731399706434e-06
Completed 35 % :  mod = 4.7351620854307614e-11,  Error =1.1704464313311291e-06
Completed 36 % :  mod = 5.1669029493450216e-11,  Error =1.1783889704020112e-06
Completed 36 % :  mod = 5.636387142595812e-11,  Error =1.18628701528678e-06
Completed 36 % :  mod = 6.147604154424365e-11,  Error =1.1941497106704446e-06
Completed 36 % :  mod = 6.703268602882677e-11,  Error =1.2019619646252977e-06
Completed 37 % :  mod = 7.306649108178568e-11,  Error =1.2097140285050045e-06
Completed 37 % :  mod = 7.960371609260066e-11,  Error =1.2173885579613852e-06
Completed 37 % :  mod = 8.66904957660235e-11,  Error =1.224989354398076e-06
Completed 37 % :  mod = 9.435208243608511e-11,  Error =1.2324955349640732e-06
Completed 38 % :  mod = 1.026087037713283e-10,  Error =1.2398843054484132e-06
Completed 38 % :  mod = 1.115013829973322e-10,  Error =1.2471540458136587e-06
Completed 38 % :  mod = 1.2103917437092777e-10,  Error =1.254279347051579e-06
Completed 38 % :  mod = 1.3121800608005654e-10,  Error =1.2612334927553093e-06
Completed 39 % :  mod = 1.4205026413445266e-10,  Error =1.2680105854201429e-06
Completed 39 % :  mod = 1.5349740476144975e-10,  Error =1.2745833899430181e-06
Completed 39 % :  mod = 1.655039254717167e-10,  Error =1.2809315066419913e-06
Completed 39 % :  mod = 1.7796667333214646e-10,  Error =1.2870309902268673e-06
Completed 40 % :  mod = 1.9077712060943713e-10,  Error =1.2928788208910191e-06
Completed 40 % :  mod = 2.0373618058317474e-10,  Error =1.2984596580167818e-06
Completed 40 % :  mod = 2.1658319699964105e-10,  Error =1.3037641366508979e-06
Completed 40 % :  mod = 2.2902990482015364e-10,  Error =1.308808244004922e-06
Completed 41 % :  mod = 2.4068111714328746e-10,  Error =1.3136006842273673e-06
Completed 41 % :  mod = 2.5109462677946737e-10,  Error =1.3181665821093702e-06
Completed 41 % :  mod = 2.5977858181120303e-10,  Error =1.3225378765469031e-06
Completed 41 % :  mod = 2.66256208728464e-10,  Error =1.3267693930174573e-06
Completed 42 % :  mod = 2.7005626061977426e-10,  Error =1.3309106066117238e-06
Completed 42 % :  mod = 2.7080551492276366e-10,  Error =1.3350189362881792e-06
Completed 42 % :  mod = 2.6827645011883373e-10,  Error =1.3391659408057421e-06
Completed 42 % :  mod = 2.6243352876484833e-10,  Error =1.3434111565402418e-06
Completed 43 % :  mod = 2.534831096236769e-10,  Error =1.3478088902729723e-06
Completed 43 % :  mod = 2.418343949853161e-10,  Error =1.352417783095916e-06
Completed 43 % :  mod = 2.2812074643961495e-10,  Error =1.357272886082228e-06
Completed 43 % :  mod = 2.1309718220782805e-10,  Error =1.3624006456325333e-06
Completed 44 % :  mod = 1.975713669902938e-10,  Error =1.367809474572823e-06
Completed 44 % :  mod = 1.8224375172293278e-10,  Error =1.373510350788365e-06
Completed 44 % :  mod = 1.6772311366643745e-10,  Error =1.379488587360811e-06
Completed 44 % :  mod = 1.5442623668858813e-10,  Error =1.3857218590374032e-06
Completed 45 % :  mod = 1.4252624502574563e-10,  Error =1.3922003603283883e-06
Completed 45 % :  mod = 1.320501054182971e-10,  Error =1.3988948524001898e-06
Completed 45 % :  mod = 1.228611629208029e-10,  Error =1.405780800212142e-06
Completed 45 % :  mod = 1.147306761938617e-10,  Error =1.41282699672729e-06
Completed 46 % :  mod = 1.073583480392207e-10,  Error =1.4200272104858414e-06
Completed 46 % :  mod = 1.0047043308824875e-10,  Error =1.4273550661414447e-06
Completed 46 % :  mod = 9.383441330977232e-11,  Error =1.4347868102504435e-06
Completed 46 % :  mod = 8.727216071377958e-11,  Error =1.442323004141599e-06
Completed 47 % :  mod = 8.071743014737943e-11,  Error =1.4499442713145072e-06
Completed 47 % :  mod = 7.419648509016875e-11,  Error =1.4576317681758155e-06
Completed 47 % :  mod = 6.779237556328411e-11,  Error =1.465392109878394e-06
Completed 47 % :  mod = 6.165468438586221e-11,  Error =1.4732090889424398e-06
Completed 48 % :  mod = 5.593577399281187e-11,  Error =1.4810748396598683e-06
Completed 48 % :  mod = 5.0767401776313104e-11,  Error =1.4889740214130143e-06
Completed 48 % :  mod = 4.62162595342069e-11,  Error =1.4969161057365454e-06
Completed 48 % :  mod = 4.2307062752456894e-11,  Error =1.5048881323309615e-06
Completed 49 % :  mod = 3.9010228005300423e-11,  Error =1.5128769206285142e-06
Completed 49 % :  mod = 3.625016894299727e-11,  Error =1.5208941803734888e-06
Completed 49 % :  mod = 3.3942547259266675e-11,  Error =1.528927604965702e-06
Completed 49 % :  mod = 3.199548521627582e-11,  Error =1.536967346282836e-06
Completed 50 % :  mod = 3.0313163487494984e-11,  Error =1.5450265919980666e-06
Completed 50 % :  mod = 2.8811379639459446e-11,  Error =1.5530953376696743e-06
Completed 50 % :  mod = 2.7413710319829793e-11,  Error =1.5611723966912905e-06
Completed 50 % :  mod = 2.6062503194004474e-11,  Error =1.5692477504103408e-06
Completed 51 % :  mod = 2.4723142485523804e-11,  Error =1.5773367181282083e-06
Completed 51 % :  mod = 2.339973908120223e-11,  Error =1.585430361217277e-06
Completed 51 % :  mod = 2.2130989313477594e-11,  Error =1.5935197694716408e-06
Completed 51 % :  mod = 2.09765491861006e-11,  Error =1.6016203403523832e-06
Completed 52 % :  mod = 2.0007225873527088e-11,  Error =1.6097237249823593e-06
Completed 52 % :  mod = 1.9280657004902772e-11,  Error =1.6178289286017389e-06
Completed 52 % :  mod = 1.8829681250958007e-11,  Error =1.6259277018093599e-06
Completed 52 % :  mod = 1.8657676398035323e-11,  Error =1.6340352644306222e-06
Completed 53 % :  mod = 1.874763595242183e-11,  Error =1.6421432817992354e-06
Completed 53 % :  mod = 1.907035816856481e-11,  Error =1.6502429360798487e-06
Completed 53 % :  mod = 1.9595416714117333e-11,  Error =1.6583498663180762e-06
Completed 53 % :  mod = 2.0292022038620784e-11,  Error =1.6664554536305332e-06
Completed 54 % :  mod = 2.1126751895989374e-11,  Error =1.6745513491400743e-06
Completed 54 % :  mod = 2.2063760557493908e-11,  Error =1.6826530000457751e-06
Completed 54 % :  mod = 2.3061624760455755e-11,  Error =1.6907518798348065e-06
Completed 54 % :  mod = 2.40865277912731e-11,  Error =1.698847484021826e-06
Completed 55 % :  mod = 2.5125748565702717e-11,  Error =1.7069305187078498e-06
Completed 55 % :  mod = 2.6205700786323608e-11,  Error =1.715016679781911e-06
Completed 55 % :  mod = 2.7390333330375833e-11,  Error =1.7230967372938721e-06
Completed 55 % :  mod = 2.8775389936987776e-11,  Error =1.731161034967954e-06
Completed 56 % :  mod = 3.047388615915191e-11,  Error =1.7392247997349841e-06
Completed 56 % :  mod = 3.258494808152521e-11,  Error =1.7472774587190543e-06
Completed 56 % :  mod = 3.518093035445794e-11,  Error =1.7553168234485383e-06
Completed 56 % :  mod = 3.82944382224172e-11,  Error =1.7633314755016727e-06
Completed 57 % :  mod = 4.1932797841336474e-11,  Error =1.771335277567232e-06
Completed 57 % :  mod = 4.60651984297176e-11,  Error =1.7793150846046046e-06
Completed 57 % :  mod = 5.063529474324766e-11,  Error =1.7872590234446761e-06
Completed 57 % :  mod = 5.5579643415764975e-11,  Error =1.7951780790781413e-06
Completed 58 % :  mod = 6.080187080333309e-11,  Error =1.8030592201512263e-06
Completed 58 % :  mod = 6.619357605634703e-11,  Error =1.8108878876432755e-06
Completed 58 % :  mod = 7.167185989179695e-11,  Error =1.8186736880920762e-06
Completed 58 % :  mod = 7.717748558858367e-11,  Error =1.8264006058643645e-06
Completed 59 % :  mod = 8.273069901646012e-11,  Error =1.8340597236488065e-06
Completed 59 % :  mod = 8.844303621566406e-11,  Error =1.8416329581327773e-06
Completed 59 % :  mod = 9.45402140063591e-11,  Error =1.8491222988359368e-06
Completed 59 % :  mod = 1.0129901049126938e-10,  Error =1.8565053636621087e-06
Completed 60 % :  mod = 1.0901061680704912e-10,  Error =1.863757177034131e-06
Completed 60 % :  mod = 1.1794809890003684e-10,  Error =1.8708719480287073e-06
Completed 60 % :  mod = 1.282685127220603e-10,  Error =1.8778202957037138e-06
Completed 60 % :  mod = 1.400093533928974e-10,  Error =1.8845778768650234e-06
Completed 61 % :  mod = 1.530529707940086e-10,  Error =1.8911141950184174e-06
Completed 61 % :  mod = 1.6718006197205503e-10,  Error =1.89741942335786e-06
Completed 61 % :  mod = 1.8199701708369374e-10,  Error =1.903467044428453e-06
Completed 61 % :  mod = 1.969882278659668e-10,  Error =1.9092370848738938e-06
Completed 62 % :  mod = 2.1159664219833577e-10,  Error =1.914734880870128e-06
Completed 62 % :  mod = 2.2518852461410284e-10,  Error =1.9199574481376658e-06
Completed 62 % :  mod = 2.3718341853309045e-10,  Error =1.9249134481924557e-06
Completed 62 % :  mod = 2.4716890786900313e-10,  Error =1.9296369160315407e-06
Completed 63 % :  mod = 2.5488038517928634e-10,  Error =1.934157204175335e-06
Completed 63 % :  mod = 2.602492848982958e-10,  Error =1.9385165046514885e-06
Completed 63 % :  mod = 2.633286719777599e-10,  Error =1.942760086137696e-06
Completed 63 % :  mod = 2.642182769271748e-10,  Error =1.9469505829761147e-06
Completed 64 % :  mod = 2.6298054943439067e-10,  Error =1.9511386923909413e-06
Completed 64 % :  mod = 2.5964503578281316e-10,  Error =1.9553751329226543e-06
Completed 64 % :  mod = 2.5422102208293753e-10,  Error =1.9597214730993073e-06
Completed 64 % :  mod = 2.467665579399538e-10,  Error =1.964222455796971e-06
Completed 65 % :  mod = 2.374199354215572e-10,  Error =1.968913288408203e-06
Completed 65 % :  mod = 2.263682289434786e-10,  Error =1.9738380245826193e-06
Completed 65 % :  mod = 2.138969222158271e-10,  Error =1.9790158134469493e-06
Completed 65 % :  mod = 2.0034883851130696e-10,  Error =1.984461235338131e-06
Completed 66 % :  mod = 1.8614726357906443e-10,  Error =1.990174418153856e-06
Completed 66 % :  mod = 1.7172908222475201e-10,  Error =1.99616260943003e-06
Completed 66 % :  mod = 1.575994951777673e-10,  Error =2.0024089977255244e-06
Completed 66 % :  mod = 1.4422865832115832e-10,  Error =2.008889651960999e-06
Completed 67 % :  mod = 1.3194284550901698e-10,  Error =2.0155971185431554e-06
Completed 67 % :  mod = 1.209531701930031e-10,  Error =2.022501476517391e-06
Completed 67 % :  mod = 1.112854029480681e-10,  Error =2.029579363238554e-06
Completed 67 % :  mod = 1.0283072712817387e-10,  Error =2.036801149074563e-06
Completed 68 % :  mod = 9.537050500167714e-11,  Error =2.044160986258703e-06
Completed 68 % :  mod = 8.868964081636407e-11,  Error =2.051632890243127e-06
Completed 68 % :  mod = 8.259205356331557e-11,  Error =2.0591929299484946e-06
Completed 68 % :  mod = 7.690372644473046e-11,  Error =2.066842540671132e-06
Completed 69 % :  mod = 7.15066872091155e-11,  Error =2.0745625093354647e-06
Completed 69 % :  mod = 6.63107045196469e-11,  Error =2.0823352215870727e-06
Completed 69 % :  mod = 6.123880248799997e-11,  Error =2.0901677331153223e-06
Completed 69 % :  mod = 5.627001909412901e-11,  Error =2.098045250420455e-06
Completed 70 % :  mod = 5.143149558219188e-11,  Error =2.105962039422593e-06
Completed 70 % :  mod = 4.680949051812026e-11,  Error =2.1139039532158677e-06
Completed 70 % :  mod = 4.251106603293019e-11,  Error =2.1218822325863584e-06
Completed 70 % :  mod = 3.865523305999017e-11,  Error =2.1298849333106773e-06
Completed 71 % :  mod = 3.5317100319248955e-11,  Error =2.137900125376291e-06
Completed 71 % :  mod = 3.249536118675887e-11,  Error =2.1459403711787672e-06
Completed 71 % :  mod = 3.013508895113075e-11,  Error =2.1539947638871126e-06
Completed 71 % :  mod = 2.8140652578154743e-11,  Error =2.1620607526529056e-06
Completed 72 % :  mod = 2.6417948678310723e-11,  Error =2.170128617251521e-06
Completed 72 % :  mod = 2.4895693560104622e-11,  Error =2.1782122843205798e-06
Completed 72 % :  mod = 2.3542300344918715e-11,  Error =2.1863027228619103e-06
Completed 72 % :  mod = 2.234521662451646e-11,  Error =2.194390525289691e-06
Completed 73 % :  mod = 2.1285035577687994e-11,  Error =2.202490868796758e-06
Completed 73 % :  mod = 2.0328419081946115e-11,  Error =2.2105954542439576e-06
Completed 73 % :  mod = 1.9429181368577015e-11,  Error =2.2186947603586304e-06
Completed 73 % :  mod = 1.8548231582215232e-11,  Error =2.2268046961926302e-06
Completed 74 % :  mod = 1.7684054832688923e-11,  Error =2.2349165504920165e-06
Completed 74 % :  mod = 1.6879998479582113e-11,  Error =2.243030372994781e-06
Completed 74 % :  mod = 1.621350821468834e-11,  Error =2.2511372037570254e-06
Completed 74 % :  mod = 1.5762709411562252e-11,  Error =2.2592528878817575e-06
Completed 75 % :  mod = 1.5576960204321743e-11,  Error =2.2673694815011913e-06
Completed 75 % :  mod = 1.565503357056266e-11,  Error =2.2754783515210875e-06
Completed 75 % :  mod = 1.595224791609363e-11,  Error =2.283594525920307e-06
Completed 75 % :  mod = 1.640584114162756e-11,  Error =2.291710444524142e-06
Completed 76 % :  mod = 1.6965879412815858e-11,  Error =2.299825609952677e-06
Completed 76 % :  mod = 1.761301071190273e-11,  Error =2.307931360689963e-06
Completed 76 % :  mod = 1.83578835429833e-11,  Error =2.3160432149893495e-06
Completed 76 % :  mod = 1.921648403656663e-11,  Error =2.3241533284590332e-06
Completed 77 % :  mod = 2.0188557837701495e-11,  Error =2.332252691417125e-06
Completed 77 % :  mod = 2.1252457712731354e-11,  Error =2.3403575397651366e-06
Completed 77 % :  mod = 2.2372757706577632e-11,  Error =2.3484582598598536e-06
Completed 77 % :  mod = 2.3532024035413567e-11,  Error =2.3565465170349853e-06
Completed 78 % :  mod = 2.4761965722056597e-11,  Error =2.3646372895314016e-06
Completed 78 % :  mod = 2.614451961879738e-11,  Error =2.3727215321400763e-06
Completed 78 % :  mod = 2.7798219067026894e-11,  Error =2.380798008516649e-06
Completed 78 % :  mod = 2.9837708995191663e-11,  Error =2.3888567284302553e-06
Completed 79 % :  mod = 3.234481718389212e-11,  Error =2.396911959579029e-06
Completed 79 % :  mod = 3.533631886685205e-11,  Error =2.4049533422498826e-06
Completed 79 % :  mod = 3.8773770046453537e-11,  Error =2.4129691027496847e-06
Completed 79 % :  mod = 4.26013563574229e-11,  Error =2.4209731392943468e-06
Completed 80 % :  mod = 4.6753550129326135e-11,  Error =2.4289528255394544e-06
Completed 80 % :  mod = 5.1180218973710573e-11,  Error =2.4368965938492693e-06
Completed 80 % :  mod = 5.585915816422259e-11,  Error =2.4448156068501703e-06
Completed 80 % :  mod = 6.075547773419776e-11,  Error =2.452696364230178e-06
Completed 81 % :  mod = 6.583077211151281e-11,  Error =2.46053249952638e-06
Completed 81 % :  mod = 7.104423305426062e-11,  Error =2.4683092547661545e-06
Completed 81 % :  mod = 7.640559654128612e-11,  Error =2.476034531184723e-06
Completed 81 % :  mod = 8.198150491443348e-11,  Error =2.4836903520508713e-06
Completed 82 % :  mod = 8.793182429243042e-11,  Error =2.4912565805834674e-06
Completed 82 % :  mod = 9.451590838774969e-11,  Error =2.4987354407812745e-06
Completed 82 % :  mod = 1.0200729840001826e-10,  Error =2.506102859456405e-06
Completed 82 % :  mod = 1.1064740484959287e-10,  Error =2.5133401564403357e-06
Completed 83 % :  mod = 1.205654728963172e-10,  Error =2.520419720042355e-06
Completed 83 % :  mod = 1.317861296088013e-10,  Error =2.5273330166442065e-06
Completed 83 % :  mod = 1.4417145984577116e-10,  Error =2.5340503100323986e-06
Completed 83 % :  mod = 1.574732592975174e-10,  Error =2.5405422974245084e-06
Completed 84 % :  mod = 1.714094880594488e-10,  Error =2.5468009141604853e-06
Completed 84 % :  mod = 1.8560138540087957e-10,  Error =2.5528034228727847e-06
Completed 84 % :  mod = 1.9961979114853085e-10,  Error =2.5585324081589533e-06
Completed 84 % :  mod = 2.130411672508048e-10,  Error =2.56399666653806e-06
Completed 85 % :  mod = 2.253985412002228e-10,  Error =2.5691943932315553e-06
Completed 85 % :  mod = 2.3630249482340805e-10,  Error =2.5741403604229163e-06
Completed 85 % :  mod = 2.454820587838521e-10,  Error =2.5788525661596395e-06
Completed 85 % :  mod = 2.528425112570994e-10,  Error =2.583373230891084e-06
Completed 86 % :  mod = 2.5836544556058773e-10,  Error =2.5877371285787376e-06
Completed 86 % :  mod = 2.620520023967174e-10,  Error =2.591986849154182e-06
Completed 86 % :  mod = 2.6383806653076416e-10,  Error =2.596182653746837e-06
Completed 86 % :  mod = 2.635462035053886e-10,  Error =2.6003739392876923e-06
Completed 87 % :  mod = 2.6095711965460545e-10,  Error =2.6046166823334715e-06
Completed 87 % :  mod = 2.5591153882510113e-10,  Error =2.608960606664823e-06
Completed 87 % :  mod = 2.4837254374894103e-10,  Error =2.613464417322575e-06
Completed 87 % :  mod = 2.384871281318165e-10,  Error =2.618168167600743e-06
Completed 88 % :  mod = 2.2656310669760992e-10,  Error =2.623102297150126e-06
Completed 88 % :  mod = 2.129887930864766e-10,  Error =2.6283021909989657e-06
Completed 88 % :  mod = 1.9828275413332568e-10,  Error =2.6337780454355197e-06
Completed 88 % :  mod = 1.8304586112054876e-10,  Error =2.6395277359370084e-06
Completed 89 % :  mod = 1.6787746814440615e-10,  Error =2.6455569184236083e-06
Completed 89 % :  mod = 1.5340456202688217e-10,  Error =2.651845953494103e-06
Completed 89 % :  mod = 1.4013046958137406e-10,  Error =2.658374619102233e-06
Completed 89 % :  mod = 1.2837791038642768e-10,  Error =2.66511298008254e-06
Completed 90 % :  mod = 1.1820204512319777e-10,  Error =2.672049831176082e-06
Completed 90 % :  mod = 1.0948280112021367e-10,  Error =2.679154420093255e-06
Completed 90 % :  mod = 1.0195526505083752e-10,  Error =2.686396676665481e-06
Completed 90 % :  mod = 9.528590604104645e-11,  Error =2.6937708241803193e-06
Completed 91 % :  mod = 8.919477448792407e-11,  Error =2.701251425207829e-06
Completed 91 % :  mod = 8.346278226726578e-11,  Error =2.708823416242012e-06
Completed 91 % :  mod = 7.794556685214561e-11,  Error =2.7164670157731052e-06
Completed 91 % :  mod = 7.253210179814362e-11,  Error =2.7241858830961974e-06
Completed 92 % :  mod = 6.716436792227609e-11,  Error =2.7319640665268707e-06
Completed 92 % :  mod = 6.182547316016915e-11,  Error =2.739785720962118e-06
Completed 92 % :  mod = 5.6541391877343974e-11,  Error =2.7476601971443415e-06
Completed 92 % :  mod = 5.1423907518198696e-11,  Error =2.755573376589382e-06
Completed 93 % :  mod = 4.663861734133409e-11,  Error =2.7635116737201315e-06
Completed 93 % :  mod = 4.234799724572642e-11,  Error =2.7714864572203624e-06
Completed 93 % :  mod = 3.868444671813795e-11,  Error =2.7794853068030534e-06
Completed 93 % :  mod = 3.5686437313675405e-11,  Error =2.7875037531543967e-06
Completed 94 % :  mod = 3.329593015971208e-11,  Error =2.7955303991689107e-06
Completed 94 % :  mod = 3.137844332785186e-11,  Error =2.8035793562253275e-06
Completed 94 % :  mod = 2.978999362376878e-11,  Error =2.811638978528208e-06
Completed 94 % :  mod = 2.8417433453346314e-11,  Error =2.8196994747986537e-06
Completed 95 % :  mod = 2.71981680368176e-11,  Error =2.8277753756356105e-06
Completed 95 % :  mod = 2.6116856582727962e-11,  Error =2.8358573800346676e-06
Completed 95 % :  mod = 2.5167822603021205e-11,  Error =2.843936094620858e-06
Completed 95 % :  mod = 2.4323453124140962e-11,  Error =2.85202720107236e-06
Completed 96 % :  mod = 2.353527688160733e-11,  Error =2.8601215120716006e-06
Completed 96 % :  mod = 2.2754293915409625e-11,  Error =2.8682183312866982e-06
Completed 96 % :  mod = 2.1970300679502166e-11,  Error =2.8763090398342683e-06
Completed 96 % :  mod = 2.1233807298107848e-11,  Error =2.8844097457181306e-06
Completed 97 % :  mod = 2.0654713766745402e-11,  Error =2.892511133723019e-06
Completed 97 % :  mod = 2.0361195045314886e-11,  Error =2.9006046062818314e-06
Completed 97 % :  mod = 2.044816184777088e-11,  Error =2.908706115078985e-06
Completed 97 % :  mod = 2.0941147794376443e-11,  Error =2.9168064088480605e-06
Completed 98 % :  mod = 2.1789732651507416e-11,  Error =2.9249050257362796e-06
Completed 98 % :  mod = 2.289631638704087e-11,  Error =2.932993510285087e-06
Completed 98 % :  mod = 2.4167258185843327e-11,  Error =2.9410865920453944e-06
Completed 98 % :  mod = 2.5543187704049202e-11,  Error =2.949175701871809e-06
Completed 99 % :  mod = 2.7010692652601098e-11,  Error =2.957251822977014e-06
Completed 99 % :  mod = 2.8586668213773834e-11,  Error =2.9653303812438025e-06
Completed 99 % :  mod = 3.0276582088808465e-11,  Error =2.9734022888305844e-06
Completed 99 % :  mod = 3.2058812702770015e-11,  Error =2.9814576052444863e-06
Completed 100 % :  mod = 3.390111543561953e-11,  Error =2.989511983741977e-06
Finished 18/31 frames
Finished all frames!
