/opt/local/miniconda_23_9/lib/python3.11/site-packages/conda/base/context.py:201: FutureWarning: Adding 'defaults' to channel list implicitly is deprecated and will be removed in 25.3. 

To remove this warning, please choose a default channel explicitly with conda's regular configuration system, e.g. by adding 'defaults' to the list of channels:

  conda config --add channels defaults

For more information see https://docs.conda.io/projects/conda/en/stable/user-guide/configuration/use-condarc.html

  deprecated.topic(
JOB 14504 ARRAY_ID 1  -> i=1 ; range=[1.95e-10, 2.05e-10] ; intervals=20 (frames=21)
Analytic t0 extension enabled (--extend-time-using-t0).
Completed 0 % :  mod = 1.5638095240844857e-16,  Error =-1.4210854715202004e-14
Completed 0 % :  mod = 1.5627095894537373e-16,  Error =1.7875549929158296e-09
Completed 0 % :  mod = 1.5594113385930922e-16,  Error =3.575259199806169e-09
Completed 0 % :  mod = 1.5539193928572352e-16,  Error =5.362792876439926e-09
Completed 0 % :  mod = 1.5462415008605543e-16,  Error =7.149715486320929e-09
Completed 1 % :  mod = 1.5363928305105445e-16,  Error =8.936666517911362e-09
Completed 1 % :  mod = 1.5243793421605069e-16,  Error =1.0724356513946987e-08
Completed 1 % :  mod = 1.5102214625186807e-16,  Error =1.2511918612290174e-08
Completed 1 % :  mod = 1.4939390775239795e-16,  Error =1.4298763062470243e-08
Completed 2 % :  mod = 1.4755629065964022e-16,  Error =1.6085365928120154e-08
Completed 2 % :  mod = 1.4551040758321753e-16,  Error =1.7872686441933183e-08
Completed 2 % :  mod = 1.432598275489791e-16,  Error =1.966010643172922e-08
Completed 2 % :  mod = 1.4080771808998437e-16,  Error =2.144729904784981e-08
Completed 3 % :  mod = 1.3815863268040905e-16,  Error =2.3233781121234642e-08
Completed 3 % :  mod = 1.3531416891620872e-16,  Error =2.5020995053637307e-08
Completed 3 % :  mod = 1.3227935434944768e-16,  Error =2.6808351094587124e-08
Completed 3 % :  mod = 1.2905846017891765e-16,  Error =2.859556502698979e-08
Completed 4 % :  mod = 1.2565601165125596e-16,  Error =3.038312001990562e-08
Completed 4 % :  mod = 1.2207826788706143e-16,  Error =3.217004262978662e-08
Completed 4 % :  mod = 1.183273946002741e-16,  Error =3.395748393586473e-08
Completed 4 % :  mod = 1.1441006057269113e-16,  Error =3.5745202353609784e-08
Completed 5 % :  mod = 1.103317856839377e-16,  Error =3.753265787054261e-08
Completed 5 % :  mod = 1.0610003115483782e-16,  Error =3.9319274947047234e-08
Completed 5 % :  mod = 1.0171735137082183e-16,  Error =4.110638940346689e-08
Completed 5 % :  mod = 9.719158552255489e-17,  Error =4.289383781497236e-08
Completed 6 % :  mod = 9.252909638670635e-17,  Error =4.468179071182021e-08
Completed 6 % :  mod = 8.773838706978052e-17,  Error =4.646887674653044e-08
Completed 6 % :  mod = 8.282236025194443e-17,  Error =4.8256595164275495e-08
Completed 6 % :  mod = 7.778982488973387e-17,  Error =5.004407910291775e-08
Completed 7 % :  mod = 7.264785487665105e-17,  Error =5.183139961673078e-08
Completed 7 % :  mod = 6.740581332854338e-17,  Error =5.361821564520142e-08
Completed 7 % :  mod = 6.206686870904847e-17,  Error =5.540561431871538e-08
Completed 7 % :  mod = 5.664060731768277e-17,  Error =5.7192941937955766e-08
Completed 8 % :  mod = 5.113467085574019e-17,  Error =5.898033350604237e-08
Completed 8 % :  mod = 4.55568032330191e-17,  Error =6.07677534958384e-08
Completed 8 % :  mod = 3.991711812837523e-17,  Error =6.255463347315526e-08
Completed 8 % :  mod = 3.4219032469822687e-17,  Error =6.434189714354943e-08
Completed 9 % :  mod = 2.847281198235355e-17,  Error =6.61296297721492e-08
Completed 9 % :  mod = 2.2686531344613623e-17,  Error =6.791723450305653e-08
Completed 9 % :  mod = 1.687067884487856e-17,  Error =6.97043986974677e-08
Completed 9 % :  mod = 1.1028768759980795e-17,  Error =7.149242264858913e-08
Completed 10 % :  mod = 5.171338026755755e-18,  Error =7.327981421667573e-08
Completed 10 % :  mod = 6.933633655596851e-19,  Error =7.506719157390762e-08
Completed 10 % :  mod = 6.554736751776883e-18,  Error =7.685397918066883e-08
Completed 10 % :  mod = 1.2409246451765057e-17,  Error =7.864137074875543e-08
Completed 11 % :  mod = 1.8246297212455592e-17,  Error =8.042852783773924e-08
Completed 11 % :  mod = 2.405767683642585e-17,  Error =8.221649494544181e-08
Completed 11 % :  mod = 2.9832910632181496e-17,  Error =8.400363071814354e-08
Completed 11 % :  mod = 3.5568499729129007e-17,  Error =8.57910293916575e-08
Completed 12 % :  mod = 4.1254049362100734e-17,  Error =8.757831437833374e-08
Completed 12 % :  mod = 4.6881571396222466e-17,  Error =8.936597595265994e-08
Completed 12 % :  mod = 5.2443142061611404e-17,  Error =9.115321830677203e-08
Completed 12 % :  mod = 5.792874864714532e-17,  Error =9.293992064840495e-08
Completed 13 % :  mod = 6.333508837573466e-17,  Error =9.472731932191891e-08
Completed 13 % :  mod = 6.865232953371498e-17,  Error =9.651517274278376e-08
Completed 13 % :  mod = 7.387298991055423e-17,  Error =9.830238667518643e-08
Completed 13 % :  mod = 7.898770892364559e-17,  Error =1.0008986350840132e-07
Completed 14 % :  mod = 8.399338138866833e-17,  Error =1.0187739007960772e-07
Completed 14 % :  mod = 8.888089399832002e-17,  Error =1.0366543534701123e-07
Completed 14 % :  mod = 9.364338125691403e-17,  Error =1.0545281980967047e-07
Completed 14 % :  mod = 9.827230231783062e-17,  Error =1.0723954346758546e-07
Completed 15 % :  mod = 1.0276486032832236e-16,  Error =1.0902694214109943e-07
Completed 15 % :  mod = 1.0711286392557831e-16,  Error =1.108147742456822e-07
Completed 15 % :  mod = 1.1131018199519942e-16,  Error =1.1260237897658953e-07
Completed 15 % :  mod = 1.153493258643051e-16,  Error =1.143888042065555e-07
Completed 16 % :  mod = 1.1922786465587023e-16,  Error =1.1617625972348833e-07
Completed 16 % :  mod = 1.2293867386327887e-16,  Error =1.1796358734272872e-07
Completed 16 % :  mod = 1.2647653997392526e-16,  Error =1.1975119207363605e-07
Completed 16 % :  mod = 1.2983649525124312e-16,  Error =1.2153892470223582e-07
Completed 17 % :  mod = 1.3301255886921098e-16,  Error =1.2332566967643288e-07
Completed 17 % :  mod = 1.360028197821199e-16,  Error =1.2511295466310912e-07
Completed 17 % :  mod = 1.388017679331145e-16,  Error =1.2690043149632402e-07
Completed 17 % :  mod = 1.414054498124571e-16,  Error =1.2868845544744545e-07
Completed 18 % :  mod = 1.43809288733216e-16,  Error =1.3047571201241226e-07
Completed 18 % :  mod = 1.4601183614704226e-16,  Error =1.3226348727357617e-07
Completed 18 % :  mod = 1.480089765201957e-16,  Error =1.3405120569132123e-07
Completed 18 % :  mod = 1.4979790839873678e-16,  Error =1.3583827040974938e-07
Completed 19 % :  mod = 1.51375530682549e-16,  Error =1.376251077545021e-07
Completed 19 % :  mod = 1.5274087448464115e-16,  Error =1.3941259169314435e-07
Completed 19 % :  mod = 1.538913543486111e-16,  Error =1.411998766798206e-07
Completed 19 % :  mod = 1.5482535546280679e-16,  Error =1.4298737482931756e-07
Completed 20 % :  mod = 1.5554154901327294e-16,  Error =1.4477454612915608e-07
Completed 20 % :  mod = 1.5603878418498233e-16,  Error =1.465616179530116e-07
Completed 20 % :  mod = 1.56316762572529e-16,  Error =1.4834910189165385e-07
Completed 20 % :  mod = 1.563748346323369e-16,  Error =1.5013647924888573e-07
Completed 21 % :  mod = 1.5621293227710192e-16,  Error =1.5192353686188653e-07
Completed 21 % :  mod = 1.5583148119464675e-16,  Error =1.5371016104381852e-07
Completed 21 % :  mod = 1.5523069707231613e-16,  Error =1.5549782972357207e-07
Completed 21 % :  mod = 1.5441154910729403e-16,  Error =1.5728551261418033e-07
Completed 22 % :  mod = 1.5337519090634223e-16,  Error =1.5907237127521512e-07
Completed 22 % :  mod = 1.5212360759953328e-16,  Error =1.6085905230056596e-07
Completed 22 % :  mod = 1.5065757461699266e-16,  Error =1.6264639413066106e-07
Completed 22 % :  mod = 1.4897961093048074e-16,  Error =1.6443399175614104e-07
Completed 23 % :  mod = 1.4709206102834745e-16,  Error =1.6622176701730496e-07
Completed 23 % :  mod = 1.449984781166128e-16,  Error =1.6800849067521995e-07
Completed 23 % :  mod = 1.4270012586875882e-16,  Error =1.6979620198753764e-07
Completed 23 % :  mod = 1.4020102076364734e-16,  Error =1.7158386356186384e-07
Completed 24 % :  mod = 1.3750469615496367e-16,  Error =1.7337157487418153e-07
Completed 24 % :  mod = 1.3461494213257574e-16,  Error =1.7515928618649923e-07
Completed 24 % :  mod = 1.3153708072484592e-16,  Error =1.769461661638161e-07
Completed 24 % :  mod = 1.2827299268199323e-16,  Error =1.7873329483109046e-07
Completed 25 % :  mod = 1.2482846056518608e-16,  Error =1.8052093508913458e-07
Completed 25 % :  mod = 1.212083172288521e-16,  Error =1.823082413920929e-07
Completed 25 % :  mod = 1.1741922793927087e-16,  Error =1.840952990050937e-07
Completed 25 % :  mod = 1.1346347700740275e-16,  Error =1.85882605308052e-07
Completed 26 % :  mod = 1.0934810105192357e-16,  Error =1.876701816172499e-07
Completed 26 % :  mod = 1.0507891132682926e-16,  Error =1.8945791424584968e-07
Completed 26 % :  mod = 1.0066370354410402e-16,  Error =1.912446165874826e-07
Completed 26 % :  mod = 9.610513502146568e-17,  Error =1.930326263277493e-07
Completed 27 % :  mod = 9.141138331814873e-17,  Error =1.9482008184468214e-07
Completed 27 % :  mod = 8.65890381168043e-17,  Error =1.9660758709960646e-07
Completed 27 % :  mod = 8.164688030152613e-17,  Error =1.9839422549239316e-07
Completed 27 % :  mod = 7.65879204995512e-17,  Error =2.0018200075355708e-07
Completed 28 % :  mod = 7.142121938881548e-17,  Error =2.0196956285190026e-07
Completed 28 % :  mod = 6.615403889131414e-17,  Error =2.0375714626652552e-07
Completed 28 % :  mod = 6.079380750253821e-17,  Error =2.0554473678657814e-07
Completed 28 % :  mod = 5.535025136722646e-17,  Error =2.0733126859795448e-07
Completed 29 % :  mod = 4.982666028607259e-17,  Error =2.0911906517540046e-07
Completed 29 % :  mod = 4.423298606902622e-17,  Error =2.1090674096058137e-07
Completed 29 % :  mod = 3.857708336469022e-17,  Error =2.1269410410695855e-07
Completed 29 % :  mod = 3.28692067311184e-17,  Error =2.1448109777111313e-07
Completed 30 % :  mod = 2.7112822106776155e-17,  Error =2.162687948725761e-07
Completed 30 % :  mod = 2.1318293030763003e-17,  Error =2.180560230158335e-07
Completed 30 % :  mod = 1.5493768110991993e-17,  Error =2.198435993250314e-07
Completed 30 % :  mod = 9.649804240030834e-18,  Error =2.216305361457671e-07
Completed 31 % :  mod = 3.789921278181092e-18,  Error =2.2341805561154615e-07
Completed 31 % :  mod = 2.075299428462666e-18,  Error =2.2520531928194032e-07
Completed 31 % :  mod = 7.93759031307555e-18,  Error =2.2699282453686465e-07
Completed 31 % :  mod = 1.378637675040547e-17,  Error =2.2877964056533528e-07
Completed 32 % :  mod = 1.9618122801827702e-17,  Error =2.305672808233794e-07
Completed 32 % :  mod = 2.5422262010498707e-17,  Error =2.3235470081317544e-07
Completed 32 % :  mod = 3.119064225298783e-17,  Error =2.3414227712237334e-07
Completed 32 % :  mod = 3.6915150335052007e-17,  Error =2.3592960474161373e-07
Completed 33 % :  mod = 4.258545683879197e-17,  Error =2.3771642787551173e-07
Completed 33 % :  mod = 4.8198146076964556e-17,  Error =2.395035565427861e-07
Completed 33 % :  mod = 5.3743039281939565e-17,  Error =2.412913033822406e-07
Completed 33 % :  mod = 5.921232083769929e-17,  Error =2.4307876600460077e-07
Completed 34 % :  mod = 6.459616895674664e-17,  Error =2.448653972919601e-07
Completed 34 % :  mod = 6.989132940715426e-17,  Error =2.46653172553124e-07
Completed 34 % :  mod = 7.508816134718405e-17,  Error =2.4844092649800587e-07
Completed 34 % :  mod = 8.017936878533936e-17,  Error =2.502286164940415e-07
Completed 35 % :  mod = 8.515581732121212e-17,  Error =2.520153401519565e-07
Completed 35 % :  mod = 9.00144825239889e-17,  Error =2.538027459308978e-07
Completed 35 % :  mod = 9.474652736469186e-17,  Error =2.5559083383086545e-07
Completed 35 % :  mod = 9.934529200541418e-17,  Error =2.573783177695077e-07
Completed 36 % :  mod = 1.0380429171204495e-16,  Error =2.591661285578084e-07
Completed 36 % :  mod = 1.0811557562453632e-16,  Error =2.6095317906538185e-07
Completed 36 % :  mod = 1.1227653011064657e-16,  Error =2.6274060616060524e-07
Completed 36 % :  mod = 1.1627953032288676e-16,  Error =2.645278058821532e-07
Completed 37 % :  mod = 1.2011896616724618e-16,  Error =2.6631506955254736e-07
Completed 37 % :  mod = 1.2378799019091534e-16,  Error =2.681017718941803e-07
Completed 37 % :  mod = 1.2728437324554097e-16,  Error =2.698895258390621e-07
Completed 37 % :  mod = 1.306017095410619e-16,  Error =2.7167747873590997e-07
Completed 38 % :  mod = 1.3373532524852327e-16,  Error =2.7346467135203056e-07
Completed 38 % :  mod = 1.366796564409323e-16,  Error =2.7525119605797954e-07
Completed 38 % :  mod = 1.3943294396362002e-16,  Error =2.77038346041536e-07
Completed 38 % :  mod = 1.4199008664544764e-16,  Error =2.78825567079366e-07
Completed 39 % :  mod = 1.443474748770171e-16,  Error =2.806126246923668e-07
Completed 39 % :  mod = 1.4650099302119067e-16,  Error =2.823991991363073e-07
Completed 39 % :  mod = 1.4844932601589073e-16,  Error =2.8418701703003535e-07
Completed 39 % :  mod = 1.5018881984246013e-16,  Error =2.8597506229743885e-07
Completed 40 % :  mod = 1.517170485869574e-16,  Error =2.87763100459415e-07
Completed 40 % :  mod = 1.5303184906868315e-16,  Error =2.8955030018096295e-07
Completed 40 % :  mod = 1.5413096716876936e-16,  Error =2.9133732226682696e-07
Completed 40 % :  mod = 1.5501375939239827e-16,  Error =2.9312481331089657e-07
Completed 41 % :  mod = 1.5567848685082592e-16,  Error =2.9491204145415395e-07
Completed 41 % :  mod = 1.5612420511058794e-16,  Error =2.9669926959741133e-07
Completed 41 % :  mod = 1.5635026343903618e-16,  Error =2.984862277344291e-07
Completed 41 % :  mod = 1.563565120130822e-16,  Error =3.002740385227298e-07
Completed 42 % :  mod = 1.5614279739072235e-16,  Error =3.020618208893211e-07
Completed 42 % :  mod = 1.5570944134521494e-16,  Error =3.038488429751851e-07
Completed 42 % :  mod = 1.5505734643400583e-16,  Error =3.0563597874788684e-07
Completed 42 % :  mod = 1.541868984334532e-16,  Error =3.074235621625121e-07
Completed 43 % :  mod = 1.530995614015425e-16,  Error =3.0921108162829114e-07
Completed 43 % :  mod = 1.5179685171543286e-16,  Error =3.109983097715485e-07
Completed 43 % :  mod = 1.502812441444207e-16,  Error =3.127856089690795e-07
Completed 43 % :  mod = 1.4855367805548917e-16,  Error =3.1457332738682453e-07
Completed 44 % :  mod = 1.466171341422768e-16,  Error =3.16360576846364e-07
Completed 44 % :  mod = 1.444743284006261e-16,  Error =3.1814811052299774e-07
Completed 44 % :  mod = 1.4212829828944517e-16,  Error =3.1993523208484476e-07
Completed 44 % :  mod = 1.3958338940208206e-16,  Error =3.2172178521250316e-07
Completed 45 % :  mod = 1.368411333151397e-16,  Error =3.2350921230772656e-07
Completed 45 % :  mod = 1.3390638883583743e-16,  Error =3.2529665361380466e-07
Completed 45 % :  mod = 1.3078326968845785e-16,  Error =3.2708394570590826e-07
Completed 45 % :  mod = 1.274775261741255e-16,  Error =3.288703922521563e-07
Completed 46 % :  mod = 1.23991177337318e-16,  Error =3.3065791171793535e-07
Completed 46 % :  mod = 1.2033040082134388e-16,  Error =3.324456798736719e-07
Completed 46 % :  mod = 1.1650034313717928e-16,  Error =3.3423349776739997e-07
Completed 46 % :  mod = 1.125080455046922e-16,  Error =3.3602015747646874e-07
Completed 47 % :  mod = 1.0835590483480385e-16,  Error =3.3780766273139307e-07
Completed 47 % :  mod = 1.0405133023595968e-16,  Error =3.395949690343514e-07
Completed 47 % :  mod = 9.960039497161462e-17,  Error =3.4138258087068607e-07
Completed 47 % :  mod = 9.50112102714578e-17,  Error =3.431693613720199e-07
Completed 48 % :  mod = 9.028655111964918e-17,  Error =3.449564900392943e-07
Completed 48 % :  mod = 8.543489673785288e-17,  Error =3.467437963422526e-07
Completed 48 % :  mod = 8.046304742958349e-17,  Error =3.4853137975687787e-07
Completed 48 % :  mod = 7.537800429644929e-17,  Error =3.503188139575286e-07
Completed 49 % :  mod = 7.018903899914124e-17,  Error =3.521056584077087e-07
Completed 49 % :  mod = 6.489926251224437e-17,  Error =3.5389304287036794e-07
Completed 49 % :  mod = 5.951818844677879e-17,  Error =3.5568059786328377e-07
Completed 49 % :  mod = 5.405340018780524e-17,  Error =3.574683731244477e-07
Completed 50 % :  mod = 4.8514796812509296e-17,  Error =3.5925526731261925e-07
Completed 50 % :  mod = 4.2905738483635514e-17,  Error =3.6104249545587663e-07
Completed 50 % :  mod = 3.7236336191702645e-17,  Error =3.6282976623169816e-07
Completed 50 % :  mod = 3.151454136544522e-17,  Error =3.6461719332692155e-07
Completed 51 % :  mod = 2.5750733932478654e-17,  Error =3.6640383171970825e-07
Completed 51 % :  mod = 1.9948411522625545e-17,  Error =3.681911522335213e-07
Completed 51 % :  mod = 1.4118013775601774e-17,  Error =3.6997824537365886e-07
Completed 51 % :  mod = 8.267756042456064e-18,  Error =3.7176558720375397e-07
Completed 52 % :  mod = 2.405880971197353e-18,  Error =3.7355324877808016e-07
Completed 52 % :  mod = 3.4570410005241204e-18,  Error =3.753396953243282e-07
Completed 52 % :  mod = 9.317451962098613e-18,  Error =3.7712698031100444e-07
Completed 52 % :  mod = 1.5164742856881036e-17,  Error =3.7891469162332214e-07
Completed 53 % :  mod = 2.0990716273302203e-17,  Error =3.8070184871230595e-07
Completed 53 % :  mod = 2.678484106479097e-17,  Error =3.8248882106017845e-07
Completed 53 % :  mod = 3.254360636663493e-17,  Error =3.8427628368253863e-07
Completed 53 % :  mod = 3.8256604075379066e-17,  Error =3.860641299979761e-07
Completed 54 % :  mod = 4.3915781897952896e-17,  Error =3.8785151446063537e-07
Completed 54 % :  mod = 4.951093909474121e-17,  Error =3.8963870707675596e-07
Completed 54 % :  mod = 5.5038717932842493e-17,  Error =3.9142677366044154e-07
Completed 54 % :  mod = 6.048906858140454e-17,  Error =3.9321383127344234e-07
Completed 55 % :  mod = 6.585431402886104e-17,  Error =3.9500138626635817e-07
Completed 55 % :  mod = 7.11248424881929e-17,  Error =3.967886712530344e-07
Completed 55 % :  mod = 7.629744656657495e-17,  Error =3.98575963345138e-07
Completed 55 % :  mod = 8.13627087610345e-17,  Error =4.003633762295067e-07
Completed 56 % :  mod = 8.631353170681946e-17,  Error =4.021512012286621e-07
Completed 56 % :  mod = 9.114292981195805e-17,  Error =4.0393872069444114e-07
Completed 56 % :  mod = 9.584224585585806e-17,  Error =4.057256504097495e-07
Completed 56 % :  mod = 1.0040866271984709e-16,  Error =4.075130917158276e-07
Completed 57 % :  mod = 1.0483382536275046e-16,  Error =4.09300419335068e-07
Completed 57 % :  mod = 1.0911150480436293e-16,  Error =4.1108803827683005e-07
Completed 57 % :  mod = 1.132340847791944e-16,  Error =4.1287454166649695e-07
Completed 57 % :  mod = 1.1719905133026698e-16,  Error =4.146620469214213e-07
Completed 58 % :  mod = 1.2099914289747698e-16,  Error =4.164495024383541e-07
Completed 58 % :  mod = 1.2462903450563112e-16,  Error =4.182371284855435e-07
Completed 58 % :  mod = 1.280822483482561e-16,  Error =4.2002341160696233e-07
Completed 58 % :  mod = 1.3135669879283498e-16,  Error =4.218107036990659e-07
Completed 59 % :  mod = 1.3444637983603635e-16,  Error =4.2359829421911854e-07
Completed 59 % :  mod = 1.3734692293025018e-16,  Error =4.2538568578720515e-07
Completed 59 % :  mod = 1.4005320343308775e-16,  Error =4.271726155025135e-07
Completed 59 % :  mod = 1.4256360524042729e-16,  Error =4.289596731155143e-07
Completed 60 % :  mod = 1.4487344914663995e-16,  Error =4.307471641595839e-07
Completed 60 % :  mod = 1.4697948981198996e-16,  Error =4.325346765199356e-07
Completed 60 % :  mod = 1.4887878092253298e-16,  Error =4.343220396663128e-07
Completed 60 % :  mod = 1.505679938517853e-16,  Error =4.361087206916636e-07
Completed 61 % :  mod = 1.5204611220156927e-16,  Error =4.3789657411252847e-07
Completed 61 % :  mod = 1.5331035276761757e-16,  Error =4.39684242792282e-07
Completed 61 % :  mod = 1.5435891658719426e-16,  Error =4.4147178357434314e-07
Completed 61 % :  mod = 1.5519004584979889e-16,  Error =4.4325835091285626e-07
Completed 62 % :  mod = 1.5580325262226762e-16,  Error =4.450459698546183e-07
Completed 62 % :  mod = 1.5619727653984086e-16,  Error =4.4683368827236336e-07
Completed 62 % :  mod = 1.563715695953628e-16,  Error =4.4862089509933867e-07
Completed 62 % :  mod = 1.5632596449155455e-16,  Error =4.5040802376661304e-07
Completed 63 % :  mod = 1.5606046577790948e-16,  Error =4.5219556454867416e-07
Completed 63 % :  mod = 1.5557543110664493e-16,  Error =4.5398292769505133e-07
Completed 63 % :  mod = 1.548715520524518e-16,  Error =4.5577070295621525e-07
Completed 63 % :  mod = 1.5395021207490458e-16,  Error =4.575571281861812e-07
Completed 64 % :  mod = 1.5281197949878288e-16,  Error =4.593442568534556e-07
Completed 64 % :  mod = 1.5145878729008187e-16,  Error =4.611320179037648e-07
Completed 64 % :  mod = 1.4989252152399574e-16,  Error =4.629189902516373e-07
Completed 64 % :  mod = 1.4811539935475888e-16,  Error =4.6470687919963893e-07
Completed 65 % :  mod = 1.4613076114447993e-16,  Error =4.6649348206528884e-07
Completed 65 % :  mod = 1.4393979177768756e-16,  Error =4.6828122179931597e-07
Completed 65 % :  mod = 1.4154634131484414e-16,  Error =4.70068641789112e-07
Completed 65 % :  mod = 1.3895377844899428e-16,  Error =4.7185649520997686e-07
Completed 66 % :  mod = 1.3616689209059556e-16,  Error =4.7364278543682303e-07
Completed 66 % :  mod = 1.3318738126862617e-16,  Error =4.7543009173978135e-07
Completed 66 % :  mod = 1.300205158473711e-16,  Error =4.772175472567142e-07
Completed 66 % :  mod = 1.2667073577046705e-16,  Error =4.790050169845017e-07
Completed 67 % :  mod = 1.2314421909481277e-16,  Error =4.807917548532714e-07
Completed 67 % :  mod = 1.1944309570708804e-16,  Error =4.825787414119986e-07
Completed 67 % :  mod = 1.1557393595459713e-16,  Error =4.843664029863248e-07
Completed 67 % :  mod = 1.115422005735514e-16,  Error =4.861539082412492e-07
Completed 68 % :  mod = 1.0735355750890566e-16,  Error =4.879409942759594e-07
Completed 68 % :  mod = 1.0301565404542293e-16,  Error =4.897276397741734e-07
Completed 68 % :  mod = 9.853113240477486e-17,  Error =4.915153368756364e-07
Completed 68 % :  mod = 9.390800558895285e-17,  Error =4.933025152809023e-07
Completed 69 % :  mod = 8.915276438082601e-17,  Error =4.95089928165271e-07
Completed 69 % :  mod = 8.427410038068074e-17,  Error =4.968770781488274e-07
Completed 69 % :  mod = 7.927495452578741e-17,  Error =4.986643347137942e-07
Completed 69 % :  mod = 7.416427877153021e-17,  Error =5.004515273299148e-07
Completed 70 % :  mod = 6.894928473698332e-17,  Error =5.022389331088561e-07
Completed 70 % :  mod = 6.363944544961806e-17,  Error =5.040260191435664e-07
Completed 70 % :  mod = 5.823796059914016e-17,  Error =5.058136451907558e-07
Completed 70 % :  mod = 5.275456067298659e-17,  Error =5.076006530657651e-07
Completed 71 % :  mod = 4.7196946102274767e-17,  Error =5.093883359563733e-07
Completed 71 % :  mod = 4.157519618616622e-17,  Error =5.111754006748015e-07
Completed 71 % :  mod = 3.589272904174717e-17,  Error =5.129628419808796e-07
Completed 71 % :  mod = 3.015976691532876e-17,  Error =5.147503046032398e-07
Completed 72 % :  mod = 2.438436783854697e-17,  Error =5.16537987493848e-07
Completed 72 % :  mod = 1.8574679178543924e-17,  Error =5.183255211704818e-07
Completed 72 % :  mod = 1.2741202561882654e-17,  Error =5.201122874609609e-07
Completed 72 % :  mod = 6.887458727744127e-18,  Error =5.218998637701588e-07
Completed 73 % :  mod = 1.0240396721732976e-18,  Error =5.236872837599549e-07
Completed 73 % :  mod = 4.840823175457955e-18,  Error =5.254750945482556e-07
Completed 73 % :  mod = 1.0696538801381655e-17,  Error =5.272618253115979e-07
Completed 73 % :  mod = 1.6539544176808018e-17,  Error =5.290491387199836e-07
Completed 74 % :  mod = 2.2359287320554223e-17,  Error =5.308364947609334e-07
Completed 74 % :  mod = 2.814758679597666e-17,  Error =5.326237584313276e-07
Completed 74 % :  mod = 3.389398150836232e-17,  Error =5.34410411034969e-07
Completed 74 % :  mod = 3.9595015703907097e-17,  Error =5.361983426155348e-07
Completed 75 % :  mod = 4.524035846544688e-17,  Error =5.379856204967837e-07
Completed 75 % :  mod = 5.082204704221251e-17,  Error =5.397729765377335e-07
Completed 75 % :  mod = 5.633005233456587e-17,  Error =5.415598778313324e-07
Completed 75 % :  mod = 6.176104799076994e-17,  Error =5.43347567827368e-07
Completed 76 % :  mod = 6.710514765154107e-17,  Error =5.451350943985744e-07
Completed 76 % :  mod = 7.235485333821677e-17,  Error =5.469224930720884e-07
Completed 76 % :  mod = 7.750278137815545e-17,  Error =5.487101546464146e-07
Completed 76 % :  mod = 8.253967112250806e-17,  Error =5.504967930392013e-07
Completed 77 % :  mod = 8.746249912273815e-17,  Error =5.522842201344247e-07
Completed 77 % :  mod = 9.226229786212623e-17,  Error =5.540713132745623e-07
Completed 77 % :  mod = 9.693229371373248e-17,  Error =5.55858846951196e-07
Completed 77 % :  mod = 1.0146415097172904e-16,  Error =5.576456914013761e-07
Completed 78 % :  mod = 1.0585512779087924e-16,  Error =5.594326353275392e-07
Completed 78 % :  mod = 1.1009717803026842e-16,  Error =5.612198279436598e-07
Completed 78 % :  mod = 1.141843627398936e-16,  Error =5.630070702977719e-07
Completed 78 % :  mod = 1.181093824644393e-16,  Error =5.647937015851312e-07
Completed 79 % :  mod = 1.218698437568031e-16,  Error =5.665810007826622e-07
Completed 79 % :  mod = 1.2545887838126262e-16,  Error =5.683686765678431e-07
Completed 79 % :  mod = 1.2887142818007087e-16,  Error =5.701558265513995e-07
Completed 79 % :  mod = 1.3210141316893044e-16,  Error =5.719423583627758e-07
Completed 80 % :  mod = 1.3514691232426625e-16,  Error =5.737297428254351e-07
Completed 80 % :  mod = 1.3800229818127473e-16,  Error =5.755174470323254e-07
Completed 80 % :  mod = 1.406635346155545e-16,  Error =5.773050091306686e-07
Completed 80 % :  mod = 1.4312690887862494e-16,  Error =5.790922443793534e-07
Completed 81 % :  mod = 1.4538807884095678e-16,  Error =5.808789254047042e-07
Completed 81 % :  mod = 1.4744565716556642e-16,  Error =5.826664377650559e-07
Completed 81 % :  mod = 1.4929583473743183e-16,  Error =5.844538293331425e-07
Completed 81 % :  mod = 1.5093599296122762e-16,  Error =5.862416259105885e-07
Completed 82 % :  mod = 1.5236327827063563e-16,  Error =5.880278450831611e-07
Completed 82 % :  mod = 1.5357685903894752e-16,  Error =5.89814945328726e-07
Completed 82 % :  mod = 1.5457439615448735e-16,  Error =5.916027348007447e-07
Completed 82 % :  mod = 1.553544722949743e-16,  Error =5.933901050525492e-07
Completed 83 % :  mod = 1.5591583867617735e-16,  Error =5.95176864237601e-07
Completed 83 % :  mod = 1.5625814064440888e-16,  Error =5.969641492242772e-07
Completed 83 % :  mod = 1.5638061316099984e-16,  Error =5.987513276295431e-07
Completed 83 % :  mod = 1.5628311576034248e-16,  Error =6.005386978813476e-07
Completed 84 % :  mod = 1.5596576631567407e-16,  Error =6.023262528742634e-07
Completed 84 % :  mod = 1.554292607960825e-16,  Error =6.041129552158964e-07
Completed 84 % :  mod = 1.5467395276958087e-16,  Error =6.059001620428717e-07
Completed 84 % :  mod = 1.537010560203205e-16,  Error =6.076872551830093e-07
Completed 85 % :  mod = 1.525119310019151e-16,  Error =6.094744264828478e-07
Completed 85 % :  mod = 1.511088834286234e-16,  Error =6.112611004027713e-07
Completed 85 % :  mod = 1.4949273960217852e-16,  Error =6.130479661692334e-07
Completed 85 % :  mod = 1.4766628815522054e-16,  Error =6.148352724721917e-07
Completed 86 % :  mod = 1.4563212529749954e-16,  Error =6.166230051007915e-07
Completed 86 % :  mod = 1.4339402731530697e-16,  Error =6.184096648098603e-07
Completed 86 % :  mod = 1.4095334458099282e-16,  Error =6.201974187547421e-07
Completed 86 % :  mod = 1.3831439399507766e-16,  Error =6.219848387445381e-07
Completed 87 % :  mod = 1.3548086349062374e-16,  Error =6.237722303126247e-07
Completed 87 % :  mod = 1.3245798865561945e-16,  Error =6.255585773828898e-07
Completed 87 % :  mod = 1.292476214957575e-16,  Error =6.273457984207198e-07
Completed 87 % :  mod = 1.2585543036958298e-16,  Error =6.291331899888064e-07
Completed 88 % :  mod = 1.2228618588618244e-16,  Error =6.309209226174062e-07
Completed 88 % :  mod = 1.1854493348540091e-16,  Error =6.327082715529286e-07
Completed 88 % :  mod = 1.1463851136596482e-16,  Error =6.344949809999889e-07
Completed 88 % :  mod = 1.1056928035304116e-16,  Error =6.362821096672633e-07
Completed 89 % :  mod = 1.0634452573647743e-16,  Error =6.380695012353499e-07
Completed 89 % :  mod = 1.0197016134066549e-16,  Error =6.398570775445478e-07
Completed 89 % :  mod = 9.745418414097235e-17,  Error =6.416436804101977e-07
Completed 89 % :  mod = 9.279934751146448e-17,  Error =6.434307522340532e-07
Completed 90 % :  mod = 8.801395608699797e-17,  Error =6.452179235338917e-07
Completed 90 % :  mod = 8.310474642648144e-17,  Error =6.47004910092619e-07
Completed 90 % :  mod = 7.808068403038163e-17,  Error =6.487917474373717e-07
Completed 90 % :  mod = 7.294477947423672e-17,  Error =6.505791745325951e-07
Completed 91 % :  mod = 6.770625680415364e-17,  Error =6.523666016278185e-07
Completed 91 % :  mod = 6.237250522454433e-17,  Error =6.541536450299645e-07
Completed 91 % :  mod = 5.695319246051681e-17,  Error =6.55940517901854e-07
Completed 91 % :  mod = 5.1451599627368324e-17,  Error =6.57728293163018e-07
Completed 92 % :  mod = 4.5877644879137337e-17,  Error =6.595160897404639e-07
Completed 92 % :  mod = 4.023913933404697e-17,  Error =6.613033178837213e-07
Completed 92 % :  mod = 3.4544024442965623e-17,  Error =6.630900983850552e-07
Completed 92 % :  mod = 2.8802642600188404e-17,  Error =6.648766657235683e-07
Completed 93 % :  mod = 2.3018433274401098e-17,  Error =6.666645120390058e-07
Completed 93 % :  mod = 1.720184344654752e-17,  Error =6.684516833388443e-07
Completed 93 % :  mod = 1.1361067736462295e-17,  Error =6.702390535906488e-07
Completed 93 % :  mod = 5.5066465964984526e-18,  Error =6.720260969927949e-07
Completed 94 % :  mod = 3.5786454427610005e-19,  Error =6.73813616458574e-07
Completed 94 % :  mod = 6.221860299830244e-18,  Error =6.756010293429426e-07
Completed 94 % :  mod = 1.2077116271827306e-17,  Error =6.77388754866115e-07
Completed 94 % :  mod = 1.7913044548426606e-17,  Error =6.791753008883461e-07
Completed 95 % :  mod = 2.3726105158497937e-17,  Error =6.809631116766468e-07
Completed 95 % :  mod = 2.950580448879045e-17,  Error =6.827504819284513e-07
Completed 95 % :  mod = 3.524399475857171e-17,  Error =6.845381150810681e-07
Completed 95 % :  mod = 4.0930323802475616e-17,  Error =6.863248387389831e-07
Completed 96 % :  mod = 4.656138353298087e-17,  Error =6.881123439939074e-07
Completed 96 % :  mod = 5.212693960625988e-17,  Error =6.899001689930628e-07
Completed 96 % :  mod = 5.761915500299658e-17,  Error =6.916874610851664e-07
Completed 96 % :  mod = 6.303033239400086e-17,  Error =6.934746110687229e-07
Completed 97 % :  mod = 6.835072154289862e-17,  Error =6.952611002475351e-07
Completed 97 % :  mod = 7.357710068460153e-17,  Error =6.970485131319037e-07
Completed 97 % :  mod = 7.869999358631341e-17,  Error =6.988357839077253e-07
Completed 97 % :  mod = 8.371216727736051e-17,  Error =7.006230262618374e-07
Completed 98 % :  mod = 8.860463180374925e-17,  Error =7.024097925523165e-07
Completed 98 % :  mod = 9.337445641287055e-17,  Error =7.041971343824116e-07
Completed 98 % :  mod = 9.801291853686384e-17,  Error =7.05984561477635e-07
Completed 98 % :  mod = 1.0251349482262337e-16,  Error =7.07771981467431e-07
Completed 99 % :  mod = 1.0686816285897829e-16,  Error =7.095587548633375e-07
Completed 99 % :  mod = 1.1107426150250044e-16,  Error =7.113458551089025e-07
Completed 99 % :  mod = 1.1512410092032402e-16,  Error =7.131336658972032e-07
Completed 99 % :  mod = 1.190120092900851e-16,  Error =7.149218106405897e-07
Completed 100 % :  mod = 1.2273103048812123e-16,  Error =7.167084916659405e-07
Finished 2/21 frames
Finished all frames!
