/opt/local/miniconda_23_9/lib/python3.11/site-packages/conda/base/context.py:201: FutureWarning: Adding 'defaults' to channel list implicitly is deprecated and will be removed in 25.3. 

To remove this warning, please choose a default channel explicitly with conda's regular configuration system, e.g. by adding 'defaults' to the list of channels:

  conda config --add channels defaults

For more information see https://docs.conda.io/projects/conda/en/stable/user-guide/configuration/use-condarc.html

  deprecated.topic(
JOB 14498 ARRAY_ID 26  -> i=26 ; range=[1.9e-10, 5.0e-10] ; intervals=30 (frames=31)
Analytic t0 extension enabled (--extend-time-using-t0).
THIS SHOULD ONLY BE REACHED ONCE
Completed 0 % :  mod = 3.6000000025951427e-16,  Error =-1.4210854715202004e-14
Completed 0 % :  mod = 3.6140514106504483e-16,  Error =1.590171194720824e-08
Completed 0 % :  mod = 3.6562438546965683e-16,  Error =3.178340080012276e-08
Completed 0 % :  mod = 3.727013750054807e-16,  Error =4.768521222331401e-08
Completed 0 % :  mod = 3.826732859609791e-16,  Error =6.356685844366439e-08
Completed 1 % :  mod = 3.9562490910522723e-16,  Error =7.944859703457041e-08
Completed 1 % :  mod = 4.116794182488792e-16,  Error =9.53503018763513e-08
Completed 1 % :  mod = 4.309211561393109e-16,  Error =1.1123228915721484e-07
Completed 1 % :  mod = 4.535182927309574e-16,  Error =1.271140206426935e-07
Completed 2 % :  mod = 4.796822182686573e-16,  Error =1.4301584627673947e-07
Completed 2 % :  mod = 5.095503884567259e-16,  Error =1.5889777671418415e-07
Completed 2 % :  mod = 5.434317147221016e-16,  Error =1.747994886613924e-07
Completed 2 % :  mod = 5.815041924773306e-16,  Error =1.906811775143069e-07
Completed 3 % :  mod = 6.241045909380211e-16,  Error =2.0656290899978558e-07
Completed 3 % :  mod = 6.716280149917104e-16,  Error =2.2246464936870325e-07
Completed 3 % :  mod = 7.243241201549764e-16,  Error =2.3834645901388285e-07
Completed 3 % :  mod = 7.826602185993632e-16,  Error =2.542281123396606e-07
Completed 4 % :  mod = 8.471763011699734e-16,  Error =2.7013002323883484e-07
Completed 4 % :  mod = 9.1821128082437e-16,  Error =2.860115344560654e-07
Completed 4 % :  mod = 9.963959742864802e-16,  Error =3.01893244625262e-07
Completed 4 % :  mod = 1.0824533071161851e-15,  Error =3.1779512710272684e-07
Completed 5 % :  mod = 1.1768353572996878e-15,  Error =3.3367673069051307e-07
Completed 5 % :  mod = 1.2805183085952076e-15,  Error =3.4957842132143924e-07
Completed 5 % :  mod = 1.394046822523176e-15,  Error =3.654599325386698e-07
Completed 5 % :  mod = 1.5184301918832031e-15,  Error =3.813416071807296e-07
Completed 6 % :  mod = 1.6548175045493845e-15,  Error =3.9724348965819445e-07
Completed 6 % :  mod = 1.8039252260078126e-15,  Error =4.1312517851110897e-07
Completed 6 % :  mod = 1.967079352629804e-15,  Error =4.2900678920432256e-07
Completed 6 % :  mod = 2.145786778052208e-15,  Error =4.4490842299182987e-07
Completed 7 % :  mod = 2.3409862963321834e-15,  Error =4.607900621067529e-07
Completed 7 % :  mod = 2.554414079235562e-15,  Error =4.7667180780308627e-07
Completed 7 % :  mod = 2.788041073168931e-15,  Error =4.925736618588417e-07
Completed 7 % :  mod = 3.043094601886094e-15,  Error =5.084553507117562e-07
Completed 8 % :  mod = 3.322212621391678e-15,  Error =5.24357332665204e-07
Completed 8 % :  mod = 3.626861435880066e-15,  Error =5.402389859909817e-07
Completed 8 % :  mod = 3.9597510788759335e-15,  Error =5.561207956361613e-07
Completed 8 % :  mod = 4.323955322619651e-15,  Error =5.720228415384554e-07
Completed 9 % :  mod = 4.721387463578605e-15,  Error =5.879047435541906e-07
Completed 9 % :  mod = 5.155583026580416e-15,  Error =6.037864466179599e-07
Completed 9 % :  mod = 5.630551102006284e-15,  Error =6.196882793574332e-07
Completed 9 % :  mod = 6.148786838401353e-15,  Error =6.355698189963732e-07
Completed 10 % :  mod = 6.714900540558168e-15,  Error =6.514515789035613e-07
Completed 10 % :  mod = 7.3341192588238e-15,  Error =6.673534542755988e-07
Completed 10 % :  mod = 8.009695905358943e-15,  Error =6.832352141827869e-07
Completed 10 % :  mod = 8.748617873321179e-15,  Error =6.991370540276876e-07
Completed 11 % :  mod = 9.554766942757603e-15,  Error =7.150187784077389e-07
Completed 11 % :  mod = 1.0435314876698941e-14,  Error =7.309005241040722e-07
Completed 11 % :  mod = 1.1398391835172821e-14,  Error =7.468024989520927e-07
Completed 11 % :  mod = 1.2449057119400017e-14,  Error =7.626843796515459e-07
Completed 12 % :  mod = 1.3596657882399894e-14,  Error =7.785660471881783e-07
Completed 12 % :  mod = 1.4851789915011863e-14,  Error =7.944679154547885e-07
Completed 12 % :  mod = 1.6221046776262185e-14,  Error =8.10349703783686e-07
Completed 12 % :  mod = 1.7716610001412216e-14,  Error =8.262316271157033e-07
Completed 13 % :  mod = 1.93522880408889e-14,  Error =8.421337156505615e-07
Completed 13 % :  mod = 2.1136673597988384e-14,  Error =8.580153618709119e-07
Completed 13 % :  mod = 2.308822229185454e-14,  Error =8.739171377669663e-07
Completed 13 % :  mod = 2.521718613871856e-14,  Error =8.897989829392827e-07
Completed 14 % :  mod = 2.754250544513482e-14,  Error =9.05680607843351e-07
Completed 14 % :  mod = 3.008564972050488e-14,  Error =9.215823126851319e-07
Completed 14 % :  mod = 3.2859978822181395e-14,  Error =9.37463873640354e-07
Completed 14 % :  mod = 3.589017453503146e-14,  Error =9.533456690746789e-07
Completed 15 % :  mod = 3.9204214426682657e-14,  Error =9.69247516025007e-07
Completed 15 % :  mod = 4.2819508118166745e-14,  Error =9.851292261942035e-07
Completed 15 % :  mod = 4.6768218995664355e-14,  Error =1.0010108226765624e-06
Completed 15 % :  mod = 5.108680522696369e-14,  Error =1.0169127122594546e-06
Completed 16 % :  mod = 5.579795359218393e-14,  Error =1.0327945716426257e-06
Completed 16 % :  mod = 6.095039070965372e-14,  Error =1.0486965180689367e-06
Completed 16 % :  mod = 6.657118384507628e-14,  Error =1.0645782282381333e-06
Completed 16 % :  mod = 7.271033832788884e-14,  Error =1.0804596684010903e-06
Completed 17 % :  mod = 7.942453646575511e-14,  Error =1.096361586405692e-06
Completed 17 % :  mod = 8.674904988167972e-14,  Error =1.112243246836897e-06
Completed 17 % :  mod = 9.474904104456427e-14,  Error =1.1281250067440851e-06
Completed 17 % :  mod = 1.034983732348733e-13,  Error =1.1440268963269773e-06
Completed 18 % :  mod = 1.130430091744078e-13,  Error =1.1599085354419003e-06
Completed 18 % :  mod = 1.234678626679145e-13,  Error =1.175790245611097e-06
Completed 18 % :  mod = 1.3486918553300867e-13,  Error =1.1916920072962967e-06
Completed 18 % :  mod = 1.4730687214312932e-13,  Error =1.2075737174654932e-06
Completed 19 % :  mod = 1.609095635101787e-13,  Error =1.2234755857321034e-06
Completed 19 % :  mod = 1.7574871844513043e-13,  Error =1.2393572461633084e-06
Completed 19 % :  mod = 1.9195635334254783e-13,  Error =1.2552389847542145e-06
Completed 19 % :  mod = 2.0968211193785684e-13,  Error =1.271140803282833e-06
Completed 20 % :  mod = 2.2901911265666597e-13,  Error =1.2870224708194655e-06
Completed 20 % :  mod = 2.5013938693082626e-13,  Error =1.30290415967238e-06
Completed 20 % :  mod = 2.732379363864095e-13,  Error =1.3188059568847166e-06
Completed 20 % :  mod = 2.9843610420448177e-13,  Error =1.334687645737631e-06
Completed 21 % :  mod = 3.2595806554345884e-13,  Error =1.3505693843285371e-06
Completed 21 % :  mod = 3.5605792811823585e-13,  Error =1.3664713591765576e-06
Completed 21 % :  mod = 3.8889381484785256e-13,  Error =1.3823529698697712e-06
Completed 21 % :  mod = 4.248053415949728e-13,  Error =1.3982547812929624e-06
Completed 22 % :  mod = 4.639811613182187e-13,  Error =1.4141363493536119e-06
Completed 22 % :  mod = 5.067698007240381e-13,  Error =1.4300180239956717e-06
Completed 22 % :  mod = 5.535663227987209e-13,  Error =1.4459197288374526e-06
Completed 22 % :  mod = 6.046165618195263e-13,  Error =1.4618014461120765e-06
Completed 23 % :  mod = 6.60374684226067e-13,  Error =1.477683134964991e-06
Completed 23 % :  mod = 7.213554979510566e-13,  Error =1.4935849179664729e-06
Completed 23 % :  mod = 7.878793498571531e-13,  Error =1.5094667702442166e-06
Completed 23 % :  mod = 8.605380651862504e-13,  Error =1.5253482672505925e-06
Completed 24 % :  mod = 9.400024909625965e-13,  Error =1.5412502065714762e-06
Completed 24 % :  mod = 1.0266900702188298e-12,  Error =1.5571318598972539e-06
Completed 24 % :  mod = 1.1214973902391235e-12,  Error =1.5730337139530093e-06
Completed 24 % :  mod = 1.2249224902079181e-12,  Error =1.5889153601733597e-06
Completed 25 % :  mod = 1.3378854766903374e-12,  Error =1.6047964237486667e-06
Completed 25 % :  mod = 1.4614293089585035e-12,  Error =1.6206978870059174e-06
Completed 25 % :  mod = 1.5962029740055763e-12,  Error =1.6365792063766094e-06
Completed 25 % :  mod = 1.7434054534831654e-12,  Error =1.6524607318046947e-06
Completed 26 % :  mod = 1.9043958143634475e-12,  Error =1.6683621026913897e-06
Completed 26 % :  mod = 2.080019731527927e-12,  Error =1.6842432799535345e-06
Completed 26 % :  mod = 2.2718395724842743e-12,  Error =1.7001244430048246e-06
Completed 26 % :  mod = 2.4816263022890407e-12,  Error =1.7160254515147244e-06
Completed 27 % :  mod = 2.7104818719757476e-12,  Error =1.7319066074605871e-06
Completed 27 % :  mod = 2.9607731427250603e-12,  Error =1.7478075804433502e-06
Completed 27 % :  mod = 3.2338147644676973e-12,  Error =1.7636883100635714e-06
Completed 27 % :  mod = 3.532035588393065e-12,  Error =1.7795686559907153e-06
Completed 28 % :  mod = 3.8581887177171535e-12,  Error =1.7954691173827086e-06
Completed 28 % :  mod = 4.213987081310082e-12,  Error =1.8113492217253224e-06
Completed 28 % :  mod = 4.602595457284307e-12,  Error =1.8272292123810985e-06
Completed 28 % :  mod = 5.027601070737112e-12,  Error =1.8431286719078344e-06
Completed 29 % :  mod = 5.491235608180481e-12,  Error =1.8590072983215578e-06
Completed 29 % :  mod = 5.997622507613357e-12,  Error =1.8748855552530586e-06
Completed 29 % :  mod = 6.5514355059082385e-12,  Error =1.890783536850904e-06
Completed 29 % :  mod = 7.1555817494775465e-12,  Error =1.9066604153294975e-06
Completed 30 % :  mod = 7.816306963153808e-12,  Error =1.9225563789859734e-06
Completed 30 % :  mod = 8.537078400642329e-12,  Error =1.9384314242643086e-06
Completed 30 % :  mod = 9.324303568740731e-12,  Error =1.9543049774028987e-06
Completed 30 % :  mod = 1.0185244484018028e-11,  Error =1.970197175182875e-06
Completed 31 % :  mod = 1.1124415660411468e-11,  Error =1.9860674811411627e-06
Completed 31 % :  mod = 1.2150161718305072e-11,  Error =2.0019355204681233e-06
Completed 31 % :  mod = 1.3271939165632692e-11,  Error =2.017820825983563e-06
Completed 31 % :  mod = 1.4495622708796405e-11,  Error =2.03368303886009e-06
Completed 32 % :  mod = 1.5832075073646657e-11,  Error =2.049541485860118e-06
Completed 32 % :  mod = 1.7293604261963175e-11,  Error =2.0654153658483665e-06
Completed 32 % :  mod = 1.888784742034716e-11,  Error =2.08126417078347e-06
Completed 32 % :  mod = 2.0631240338561408e-11,  Error =2.097126674982519e-06
Completed 33 % :  mod = 2.2532872178981595e-11,  Error =2.1129614253823092e-06
Completed 33 % :  mod = 2.460957061075907e-11,  Error =2.1287871803110647e-06
Completed 33 % :  mod = 2.6880390435072078e-11,  Error =2.1446224565124794e-06
Completed 33 % :  mod = 2.9357105920178375e-11,  Error =2.1604247137929633e-06
Completed 34 % :  mod = 3.2061549306871935e-11,  Error =2.176211687299201e-06
Completed 34 % :  mod = 3.501842320746659e-11,  Error =2.192000671641381e-06
Completed 34 % :  mod = 3.824291244963945e-11,  Error =2.2077481247606556e-06
Completed 34 % :  mod = 4.176324855887619e-11,  Error =2.2234696501755025e-06
Completed 35 % :  mod = 4.561132981238038e-11,  Error =2.2391804463950393e-06
Completed 35 % :  mod = 4.9806579776818525e-11,  Error =2.2548352376361436e-06
Completed 35 % :  mod = 5.439134365956214e-11,  Error =2.2704665596506857e-06
Completed 35 % :  mod = 5.938832723072302e-11,  Error =2.2860268984459253e-06
Completed 36 % :  mod = 6.484016855081585e-11,  Error =2.3015271182202923e-06
Completed 36 % :  mod = 7.079476511437442e-11,  Error =2.316975113103581e-06
Completed 36 % :  mod = 7.728016865183364e-11,  Error =2.3323192692714656e-06
Completed 36 % :  mod = 8.434978384121984e-11,  Error =2.3475639778780533e-06
Completed 37 % :  mod = 9.206307029882832e-11,  Error =2.3627105250056957e-06
Completed 37 % :  mod = 1.0045277027809433e-10,  Error =2.3777004471980945e-06
Completed 37 % :  mod = 1.0958307012360061e-10,  Error =2.3925292538251597e-06
Completed 37 % :  mod = 1.195239564276893e-10,  Error =2.4071899531463714e-06
Completed 38 % :  mod = 1.3030828158018807e-10,  Error =2.4216146456979004e-06
Completed 38 % :  mod = 1.4202109425907583e-10,  Error =2.4358066070817586e-06
Completed 38 % :  mod = 1.546877102280953e-10,  Error =2.4496937598428303e-06
Completed 38 % :  mod = 1.6837135262026388e-10,  Error =2.463254212159427e-06
Completed 39 % :  mod = 1.8312976008202668e-10,  Error =2.476462618972164e-06
Completed 39 % :  mod = 1.9894677997998052e-10,  Error =2.4892419929756215e-06
Completed 39 % :  mod = 2.1583543904251467e-10,  Error =2.5015665912064833e-06
Completed 39 % :  mod = 2.337760214821944e-10,  Error =2.5134105072766033e-06
Completed 40 % :  mod = 2.526266095678552e-10,  Error =2.5247075967627097e-06
Completed 40 % :  mod = 2.7224089275171817e-10,  Error =2.535445588591756e-06
Completed 40 % :  mod = 2.9238295845104736e-10,  Error =2.5456200773987803e-06
Completed 40 % :  mod = 3.1262463321253794e-10,  Error =2.55520313174884e-06
Completed 41 % :  mod = 3.325049079919959e-10,  Error =2.564234989677061e-06
Completed 41 % :  mod = 3.5131742271672673e-10,  Error =2.5727285617449525e-06
Completed 41 % :  mod = 3.682934390356443e-10,  Error =2.580755335657159e-06
Completed 41 % :  mod = 3.82544308015327e-10,  Error =2.5884052305968908e-06
Completed 42 % :  mod = 3.930750110035237e-10,  Error =2.5957614084859415e-06
Completed 42 % :  mod = 3.9898035057722215e-10,  Error =2.602955923691752e-06
Completed 42 % :  mod = 3.994748235446623e-10,  Error =2.6101349135387863e-06
Completed 42 % :  mod = 3.940392083964408e-10,  Error =2.6174242364618294e-06
Completed 43 % :  mod = 3.8254135069217287e-10,  Error =2.624977078369284e-06
Completed 43 % :  mod = 3.6528565221364373e-10,  Error =2.632937302848859e-06
Completed 43 % :  mod = 3.431379021506989e-10,  Error =2.641398438640863e-06
Completed 43 % :  mod = 3.173001182011285e-10,  Error =2.6504662500315135e-06
Completed 44 % :  mod = 2.893818047615823e-10,  Error =2.660168640034044e-06
Completed 44 % :  mod = 2.609763035914218e-10,  Error =2.6705321332087806e-06
Completed 44 % :  mod = 2.335416968991215e-10,  Error =2.68155638849521e-06
Completed 44 % :  mod = 2.0834087392291716e-10,  Error =2.6931760856996334e-06
Completed 45 % :  mod = 1.8614346840938368e-10,  Error =2.7053526636677816e-06
Completed 45 % :  mod = 1.673389366442914e-10,  Error =2.7180434614137994e-06
Completed 45 % :  mod = 1.5204088397517134e-10,  Error =2.731154403079472e-06
Completed 45 % :  mod = 1.400213872857617e-10,  Error =2.7446423800370212e-06
Completed 46 % :  mod = 1.3088279876733155e-10,  Error =2.758470380115341e-06
Completed 46 % :  mod = 1.2414644339220244e-10,  Error =2.7725529321287468e-06
Completed 46 % :  mod = 1.1923471991004447e-10,  Error =2.7868819429954783e-06
Completed 46 % :  mod = 1.1558136046890882e-10,  Error =2.8013829833639647e-06
Completed 47 % :  mod = 1.1260876091099504e-10,  Error =2.8160425316059445e-06
Completed 47 % :  mod = 1.0977574765253928e-10,  Error =2.830853439661496e-06
Completed 47 % :  mod = 1.0661729870562577e-10,  Error =2.8457581109364583e-06
Completed 47 % :  mod = 1.0276699495085658e-10,  Error =2.8607596505025867e-06
Completed 48 % :  mod = 9.801038745134035e-11,  Error =2.8758657322214276e-06
Completed 48 % :  mod = 9.234262213484625e-11,  Error =2.8910298084383612e-06
Completed 48 % :  mod = 8.59432807682822e-11,  Error =2.9062632194154503e-06
Completed 48 % :  mod = 7.91668050334856e-11,  Error =2.9215781012226216e-06
Completed 49 % :  mod = 7.251268877315692e-11,  Error =2.936927337771067e-06
Completed 49 % :  mod = 6.648107589756696e-11,  Error =2.9523403171083373e-06
Completed 49 % :  mod = 6.154614860073008e-11,  Error =2.967769397344e-06
Completed 49 % :  mod = 5.802718737429035e-11,  Error =2.9832253147787924e-06
Completed 50 % :  mod = 5.608022248493268e-11,  Error =2.9987197507352903e-06
Completed 50 % :  mod = 5.569950275564351e-11,  Error =3.0142065270410967e-06
Completed 50 % :  mod = 5.673913637188083e-11,  Error =3.0296975381816083e-06
Completed 50 % :  mod = 5.89841661905386e-11,  Error =3.045204408635982e-06
Completed 51 % :  mod = 6.219014519808111e-11,  Error =3.060680292321649e-06
Completed 51 % :  mod = 6.613970753546954e-11,  Error =3.0761374389953744e-06
Completed 51 % :  mod = 7.064941931343447e-11,  Error =3.091587302606058e-06
Completed 51 % :  mod = 7.55313201602427e-11,  Error =3.1069844297348936e-06
Completed 52 % :  mod = 8.060177676768234e-11,  Error =3.1223603471630668e-06
Completed 52 % :  mod = 8.560839602312487e-11,  Error =3.1376696725260445e-06
Completed 52 % :  mod = 9.027979655683564e-11,  Error =3.1529254727047373e-06
Completed 52 % :  mod = 9.435132853820489e-11,  Error =3.1681397700822345e-06
Completed 53 % :  mod = 9.763276897303639e-11,  Error =3.1832664006969935e-06
Completed 53 % :  mod = 1.0013092779534173e-10,  Error =3.1983140900138096e-06
Completed 53 % :  mod = 1.0209872565102929e-10,  Error =3.213287932624098e-06
Completed 53 % :  mod = 1.0404772008666241e-10,  Error =3.2281313480098106e-06
Completed 54 % :  mod = 1.0671025406916987e-10,  Error =3.2428380905002996e-06
Completed 54 % :  mod = 1.1092393479961893e-10,  Error =3.257397032996323e-06
Completed 54 % :  mod = 1.1746772559604289e-10,  Error =3.271736261467595e-06
Completed 54 % :  mod = 1.2697142808524334e-10,  Error =3.2858526282097955e-06
Completed 55 % :  mod = 1.397537780473576e-10,  Error =3.299666460065964e-06
Completed 55 % :  mod = 1.5586694349944199e-10,  Error =3.3131445249523495e-06
Completed 55 % :  mod = 1.7510450800195772e-10,  Error =3.3262470324757487e-06
Completed 55 % :  mod = 1.9697089580623035e-10,  Error =3.338881434444829e-06
Completed 56 % :  mod = 2.2089405849217996e-10,  Error =3.3510063346398056e-06
Completed 56 % :  mod = 2.462036987221991e-10,  Error =3.36258494115782e-06
Completed 56 % :  mod = 2.7201967642495236e-10,  Error =3.3735514008981227e-06
Completed 56 % :  mod = 2.974097960096816e-10,  Error =3.383902850373488e-06
Completed 57 % :  mod = 3.212703867087119e-10,  Error =3.3936570744685923e-06
Completed 57 % :  mod = 3.422979770082807e-10,  Error =3.4028225925908373e-06
Completed 57 % :  mod = 3.593679404416858e-10,  Error =3.411482616400008e-06
Completed 57 % :  mod = 3.715870076757461e-10,  Error =3.419699041273816e-06
Completed 58 % :  mod = 3.7868882208949915e-10,  Error =3.4275855611554107e-06
Completed 58 % :  mod = 3.810208832485011e-10,  Error =3.435264041229402e-06
Completed 58 % :  mod = 3.7941942020127716e-10,  Error =3.4428296160626815e-06
Completed 58 % :  mod = 3.748937893878674e-10,  Error =3.450404015836739e-06
Completed 59 % :  mod = 3.6822383617895625e-10,  Error =3.458102618481007e-06
Completed 59 % :  mod = 3.5976401883085757e-10,  Error =3.466003505536719e-06
Completed 59 % :  mod = 3.4941089581247385e-10,  Error =3.4742047603231185e-06
Completed 59 % :  mod = 3.3686645716275597e-10,  Error =3.4827951864713214e-06
Completed 60 % :  mod = 3.2201537520720364e-10,  Error =3.491817878398251e-06
Completed 60 % :  mod = 3.0500628029592483e-10,  Error =3.5013467822864186e-06
Completed 60 % :  mod = 2.8638945117651275e-10,  Error =3.511392023369808e-06
Completed 60 % :  mod = 2.6680201903901243e-10,  Error =3.5219834231270397e-06
Completed 61 % :  mod = 2.4683057828939273e-10,  Error =3.533136911926249e-06
Completed 61 % :  mod = 2.2697674782895692e-10,  Error =3.544812614109105e-06
Completed 61 % :  mod = 2.0749650252292938e-10,  Error =3.5570004826013246e-06
Completed 61 % :  mod = 1.885472011910746e-10,  Error =3.569683883597463e-06
Completed 62 % :  mod = 1.7035741688582826e-10,  Error =3.582790675693559e-06
Completed 62 % :  mod = 1.531658479496208e-10,  Error =3.596292756924413e-06
Completed 62 % :  mod = 1.373216041185184e-10,  Error =3.6101604976579438e-06
Completed 62 % :  mod = 1.2327777414037522e-10,  Error =3.6243129741819757e-06
Completed 63 % :  mod = 1.1133447003550438e-10,  Error =3.6387428536954758e-06
Completed 63 % :  mod = 1.0165480602322785e-10,  Error =3.6533749252498637e-06
Completed 63 % :  mod = 9.408619055747777e-11,  Error =3.6681940471794405e-06
Completed 63 % :  mod = 8.823401472453905e-11,  Error =3.683189646608298e-06
Completed 64 % :  mod = 8.356044120074671e-11,  Error =3.6982980020638934e-06
Completed 64 % :  mod = 7.946942325317359e-11,  Error =3.713515908998488e-06
Completed 64 % :  mod = 7.546652456080388e-11,  Error =3.7288444971750323e-06
Completed 64 % :  mod = 7.127459750523198e-11,  Error =3.7442300708789844e-06
Completed 65 % :  mod = 6.684360364837631e-11,  Error =3.759680367920737e-06
Completed 65 % :  mod = 6.232306215151387e-11,  Error =3.7752049948380773e-06
Completed 65 % :  mod = 5.797369777165918e-11,  Error =3.790757411081813e-06
Completed 65 % :  mod = 5.400361203670672e-11,  Error =3.8063695981804813e-06
Completed 66 % :  mod = 5.05207575499505e-11,  Error =3.821997140107669e-06
Completed 66 % :  mod = 4.74709998708692e-11,  Error =3.837653963500998e-06
Completed 66 % :  mod = 4.469429984264306e-11,  Error =3.853356332683688e-06
Completed 66 % :  mod = 4.201505250836834e-11,  Error =3.869060222427834e-06
Completed 67 % :  mod = 3.9314522269016096e-11,  Error =3.884782131535758e-06
Completed 67 % :  mod = 3.661072064902322e-11,  Error =3.900539148560256e-06
Completed 67 % :  mod = 3.408462839641701e-11,  Error =3.916288193295259e-06
Completed 67 % :  mod = 3.201183326893657e-11,  Error =3.932046283239288e-06
Completed 68 % :  mod = 3.0680531063160274e-11,  Error =3.947830379047446e-06
Completed 68 % :  mod = 3.028848408841437e-11,  Error =3.96359918397593e-06
Completed 68 % :  mod = 3.0857584499407696e-11,  Error =3.97939066942854e-06
Completed 68 % :  mod = 3.221715942370728e-11,  Error =3.995162252579121e-06
Completed 69 % :  mod = 3.40479214000115e-11,  Error =4.010932677545043e-06
Completed 69 % :  mod = 3.597338583754396e-11,  Error =4.026719850003246e-06
Completed 69 % :  mod = 3.7662820133584604e-11,  Error =4.0424816560857835e-06
Completed 69 % :  mod = 3.8943948327849625e-11,  Error =4.0582370246511346e-06
Completed 70 % :  mod = 3.9839775316256966e-11,  Error =4.074003939535942e-06
Completed 70 % :  mod = 4.054348543724122e-11,  Error =4.0897411608398215e-06
Completed 70 % :  mod = 4.1342409687190554e-11,  Error =4.1054662460737745e-06
Completed 70 % :  mod = 4.2509887500315524e-11,  Error =4.121196127471194e-06
Completed 71 % :  mod = 4.4214570588094794e-11,  Error =4.136888108519088e-06
Completed 71 % :  mod = 4.6495618097238116e-11,  Error =4.152577744775954e-06
Completed 71 % :  mod = 4.926716094790022e-11,  Error =4.168220897327046e-06
Completed 71 % :  mod = 5.240789247037049e-11,  Error =4.183830689896695e-06
Completed 72 % :  mod = 5.58489423795088e-11,  Error =4.19942018936581e-06
Completed 72 % :  mod = 5.963876544252745e-11,  Error =4.2149408230329755e-06
Completed 72 % :  mod = 6.399770521586188e-11,  Error =4.230401593474653e-06
Completed 72 % :  mod = 6.926726884220207e-11,  Error =4.245809201108841e-06
Completed 73 % :  mod = 7.578914079158858e-11,  Error =4.261109637582194e-06
Completed 73 % :  mod = 8.38277924423223e-11,  Error =4.276306427186682e-06
Completed 73 % :  mod = 9.346322025368045e-11,  Error =4.291399626765724e-06
Completed 73 % :  mod = 1.0450003072255191e-10,  Error =4.306328996506181e-06
Completed 74 % :  mod = 1.1657490872260286e-10,  Error =4.3211091238504196e-06
Completed 74 % :  mod = 1.2913278721736015e-10,  Error =4.335676926814358e-06
Completed 74 % :  mod = 1.4166894229196675e-10,  Error =4.350025143651237e-06
Completed 74 % :  mod = 1.5383163793295376e-10,  Error =4.364144615465193e-06
Completed 75 % :  mod = 1.654747044838389e-10,  Error =4.377972594227231e-06
Completed 75 % :  mod = 1.767583181242026e-10,  Error =4.391498897859947e-06
Completed 75 % :  mod = 1.880252819745952e-10,  Error =4.404709052607814e-06
Completed 75 % :  mod = 1.9964595962148342e-10,  Error =4.417536906942132e-06
Completed 76 % :  mod = 2.1201517017674456e-10,  Error =4.429979391318284e-06
Completed 76 % :  mod = 2.253650889168422e-10,  Error =4.441969068125218e-06
Completed 76 % :  mod = 2.398552910701568e-10,  Error =4.453486788236205e-06
Completed 76 % :  mod = 2.5556727717416787e-10,  Error =4.464513494895073e-06
Completed 77 % :  mod = 2.725041572824722e-10,  Error =4.474994071301808e-06
Completed 77 % :  mod = 2.9074481614366613e-10,  Error =4.484924573944227e-06
Completed 77 % :  mod = 3.103246971771577e-10,  Error =4.494311092173575e-06
Completed 77 % :  mod = 3.3096941764811205e-10,  Error =4.503140651479498e-06
Completed 78 % :  mod = 3.5201975707394925e-10,  Error =4.511454619660071e-06
Completed 78 % :  mod = 3.72232103132421e-10,  Error =4.519316114226513e-06
Completed 78 % :  mod = 3.897798939199229e-10,  Error =4.526783293101744e-06
Completed 78 % :  mod = 4.027146114442218e-10,  Error =4.53398190813914e-06
Completed 79 % :  mod = 4.092033766773844e-10,  Error =4.541028602034203e-06
Completed 79 % :  mod = 4.08028710675213e-10,  Error =4.548089201250605e-06
Completed 79 % :  mod = 3.987280986371657e-10,  Error =4.555341398315704e-06
Completed 79 % :  mod = 3.8172698825748636e-10,  Error =4.562931636087342e-06
Completed 80 % :  mod = 3.5817466383062564e-10,  Error =4.5710115088581915e-06
Completed 80 % :  mod = 3.297556401344641e-10,  Error =4.579700984663759e-06
Completed 80 % :  mod = 2.9859818761446393e-10,  Error =4.589044834801825e-06
Completed 80 % :  mod = 2.668005955924764e-10,  Error =4.599076390832124e-06
Completed 81 % :  mod = 2.362893323474348e-10,  Error =4.60979494221192e-06
Completed 81 % :  mod = 2.0873688753386703e-10,  Error =4.6211301238940905e-06
Completed 81 % :  mod = 1.8517692805701307e-10,  Error =4.6330509348990745e-06
Completed 81 % :  mod = 1.662444373586278e-10,  Error =4.645460826679937e-06
Completed 82 % :  mod = 1.519954134298212e-10,  Error =4.658310267302568e-06
Completed 82 % :  mod = 1.4210320360506253e-10,  Error =4.6715538388752975e-06
Completed 82 % :  mod = 1.359688459361011e-10,  Error =4.685101316681539e-06
Completed 82 % :  mod = 1.3275340198824795e-10,  Error =4.698916249878948e-06
Completed 83 % :  mod = 1.3153796907876605e-10,  Error =4.712970422815488e-06
Completed 83 % :  mod = 1.3140415467681473e-10,  Error =4.727186002639883e-06
Completed 83 % :  mod = 1.314930483182086e-10,  Error =4.741547613207331e-06
Completed 83 % :  mod = 1.3105342899250214e-10,  Error =4.756047815135389e-06
Completed 84 % :  mod = 1.2947647216269664e-10,  Error =4.7706309160844285e-06
Completed 84 % :  mod = 1.2633173539720892e-10,  Error =4.785322389011526e-06
Completed 84 % :  mod = 1.2143784725830653e-10,  Error =4.800078066580227e-06
Completed 84 % :  mod = 1.1488314050218988e-10,  Error =4.814911086725715e-06
Completed 85 % :  mod = 1.0704361556100077e-10,  Error =4.8298351558173636e-06
Completed 85 % :  mod = 9.859199869285992e-11,  Error =4.844804976755768e-06
Completed 85 % :  mod = 9.035646433574156e-11,  Error =4.859826859160421e-06
Completed 85 % :  mod = 8.32267825845354e-11,  Error =4.874905243923422e-06
Completed 86 % :  mod = 7.80342128672111e-11,  Error =4.8899865419116395e-06
Completed 86 % :  mod = 7.56225693245585e-11,  Error =4.905074916905505e-06
Completed 86 % :  mod = 7.602777602573344e-11,  Error =4.92017531428246e-06
Completed 86 % :  mod = 7.85245888228181e-11,  Error =4.935235459413434e-06
Completed 87 % :  mod = 8.410142616589483e-11,  Error =4.950277606496911e-06
Completed 87 % :  mod = 9.181463866295323e-11,  Error =4.965245381072236e-06
Completed 87 % :  mod = 1.0115244728174633e-10,  Error =4.98013827154864e-06
Completed 87 % :  mod = 1.1159582870418511e-10,  Error =4.994954288406461e-06
Completed 88 % :  mod = 1.2260389772819784e-10,  Error =5.0096377890440635e-06
Completed 88 % :  mod = 1.3368527081929076e-10,  Error =5.02419059245085e-06
Completed 88 % :  mod = 1.443233310876169e-10,  Error =5.038617345576313e-06
Completed 88 % :  mod = 1.5391630476698612e-10,  Error =5.052870207578053e-06
Completed 89 % :  mod = 1.61904528525292e-10,  Error =5.066957989185994e-06
Completed 89 % :  mod = 1.6784945010732847e-10,  Error =5.080889572184333e-06
Completed 89 % :  mod = 1.7159954786332792e-10,  Error =5.094618352075031e-06
Completed 89 % :  mod = 1.7349927332136955e-10,  Error =5.108161261091482e-06
Completed 90 % :  mod = 1.7442140259099017e-10,  Error =5.121455245671314e-06
Completed 90 % :  mod = 1.7572298977573518e-10,  Error =5.134478158197453e-06
Completed 90 % :  mod = 1.790279176567555e-10,  Error =5.147197278176918e-06
Completed 90 % :  mod = 1.8589154163284357e-10,  Error =5.1595279870753075e-06
Completed 91 % :  mod = 1.9748249106289964e-10,  Error =5.171435120132628e-06
Completed 91 % :  mod = 2.1434297959639123e-10,  Error =5.182880663312517e-06
Completed 91 % :  mod = 2.362145230532893e-10,  Error =5.193783749746217e-06
Completed 91 % :  mod = 2.622636088042503e-10,  Error =5.204107253575785e-06
Completed 92 % :  mod = 2.9125454647427065e-10,  Error =5.21381829088341e-06
Completed 92 % :  mod = 3.21631280398506e-10,  Error =5.222863421749935e-06
Completed 92 % :  mod = 3.518819661668251e-10,  Error =5.231266250405042e-06
Completed 92 % :  mod = 3.8018432181731067e-10,  Error =5.239042515370329e-06
Completed 93 % :  mod = 4.045239490300141e-10,  Error =5.246282299253835e-06
Completed 93 % :  mod = 4.225016664440235e-10,  Error =5.253119091719327e-06
Completed 93 % :  mod = 4.3154488609022124e-10,  Error =5.259703314663966e-06
Completed 93 % :  mod = 4.296735924048351e-10,  Error =5.266246546398179e-06
Completed 94 % :  mod = 4.1615511877357623e-10,  Error =5.272977453785188e-06
Completed 94 % :  mod = 3.92170081134665e-10,  Error =5.280081943226378e-06
Completed 94 % :  mod = 3.6068312837175e-10,  Error =5.287726438041318e-06
Completed 94 % :  mod = 3.257402081694142e-10,  Error =5.296017924649732e-06
Completed 95 % :  mod = 2.914922700178499e-10,  Error =5.304976262721084e-06
Completed 95 % :  mod = 2.608235642560104e-10,  Error =5.314623599872448e-06
Completed 95 % :  mod = 2.3517903725587223e-10,  Error =5.3249111360287316e-06
Completed 95 % :  mod = 2.1448248963052034e-10,  Error =5.3358091136601615e-06
Completed 96 % :  mod = 1.9794257203863906e-10,  Error =5.347277955536356e-06
Completed 96 % :  mod = 1.8479844816434802e-10,  Error =5.359225497159059e-06
Completed 96 % :  mod = 1.7460384107614744e-10,  Error =5.371599890224843e-06
Completed 96 % :  mod = 1.673112870136509e-10,  Error =5.3843568892375515e-06
Completed 97 % :  mod = 1.6301000386602002e-10,  Error =5.397409871932268e-06
Completed 97 % :  mod = 1.615220211938896e-10,  Error =5.410729329469177e-06
Completed 97 % :  mod = 1.6217081436781965e-10,  Error =5.424292496059024e-06
Completed 97 % :  mod = 1.6366359567980114e-10,  Error =5.438028871651568e-06
Completed 98 % :  mod = 1.6425245177721025e-10,  Error =5.451942911349761e-06
Completed 98 % :  mod = 1.6215983479892974e-10,  Error =5.4659803367940185e-06
Completed 98 % :  mod = 1.5616671884223537e-10,  Error =5.480154051440422e-06
Completed 98 % :  mod = 1.460559886986397e-10,  Error =5.494485407098182e-06
Completed 99 % :  mod = 1.3278271329201558e-10,  Error =5.508940496667947e-06
Completed 99 % :  mod = 1.1811399245785956e-10,  Error =5.523527711659426e-06
Completed 99 % :  mod = 1.0413846408347499e-10,  Error =5.538244806757575e-06
Completed 99 % :  mod = 9.276484726141954e-11,  Error =5.55303086002823e-06
Completed 100 % :  mod = 8.516594232404741e-11,  Error =5.5678854096186114e-06
Finished 27/31 frames
Finished all frames!
