/opt/local/miniconda_23_9/lib/python3.11/site-packages/conda/base/context.py:201: FutureWarning: Adding 'defaults' to channel list implicitly is deprecated and will be removed in 25.3. 

To remove this warning, please choose a default channel explicitly with conda's regular configuration system, e.g. by adding 'defaults' to the list of channels:

  conda config --add channels defaults

For more information see https://docs.conda.io/projects/conda/en/stable/user-guide/configuration/use-condarc.html

  deprecated.topic(
JOB 14519 ARRAY_ID 16  -> i=16 ; range=[1.95e-10, 2.05e-10] ; intervals=20 (frames=21)
Analytic t0 extension enabled (--extend-time-using-t0).
Extending simulation time for p0=2.026e-10 from 10000000000.0 to 2.769e+10
Completed 0 % :  mod = 1.6209523808910523e-16,  Error =-1.4210854715202004e-14
Completed 0 % :  mod = 1.6260169125816334e-16,  Error =5.71343150568282e-09
Completed 0 % :  mod = 1.6412391818693108e-16,  Error =1.1426678270254342e-08
Completed 0 % :  mod = 1.6667143445098253e-16,  Error =1.7139271335508965e-08
Completed 0 % :  mod = 1.7026014719878619e-16,  Error =2.2852937320294586e-08
Completed 1 % :  mod = 1.7491247685065256e-16,  Error =2.8565800391788798e-08
Completed 1 % :  mod = 1.8065749120539102e-16,  Error =3.4278414773325494e-08
Completed 1 % :  mod = 1.8753107242739592e-16,  Error =3.999137732080271e-08
Completed 1 % :  mod = 1.955761669068904e-16,  Error =4.5704886986186466e-08
Completed 2 % :  mod = 2.0484302684836405e-16,  Error =5.141803427477498e-08
Completed 2 % :  mod = 2.1538954171150455e-16,  Error =5.7130719710585254e-08
Completed 2 % :  mod = 2.272816036699321e-16,  Error =6.284393805344735e-08
Completed 2 % :  mod = 2.4059349726496677e-16,  Error =6.855707113118115e-08
Completed 3 % :  mod = 2.5541063758025104e-16,  Error =7.427055237485547e-08
Completed 3 % :  mod = 2.7182130412249116e-16,  Error =7.99828754338705e-08
Completed 3 % :  mod = 2.8993004259494646e-16,  Error =8.569519138745818e-08
Completed 3 % :  mod = 3.0984997640873213e-16,  Error =9.140764944959301e-08
Completed 4 % :  mod = 3.3170554878654973e-16,  Error =9.712010751172784e-08
Completed 4 % :  mod = 3.556332979860176e-16,  Error =1.0283272189326453e-07
Completed 4 % :  mod = 3.817826898569574e-16,  Error =1.0854609655552849e-07
Completed 4 % :  mod = 4.103170832645664e-16,  Error =1.1425932200381794e-07
Completed 5 % :  mod = 4.414147411109214e-16,  Error =1.199720287559103e-07
Completed 5 % :  mod = 4.752699224201822e-16,  Error =1.2568476392971206e-07
Completed 5 % :  mod = 5.120941192321015e-16,  Error =1.3139781884774493e-07
Completed 5 % :  mod = 5.521173806596917e-16,  Error =1.3711012769590525e-07
Completed 6 % :  mod = 5.955897333134327e-16,  Error =1.428229836619721e-07
Completed 6 % :  mod = 6.427898590979821e-16,  Error =1.4853623042654363e-07
Completed 6 % :  mod = 6.939989490152894e-16,  Error =1.5424897981120012e-07
Completed 6 % :  mod = 7.49543467885277e-16,  Error =1.5996175051213868e-07
Completed 7 % :  mod = 8.097703966750101e-16,  Error =1.656742441014103e-07
Completed 7 % :  mod = 8.750559756943739e-16,  Error =1.7138737007371674e-07
Completed 7 % :  mod = 9.458080500667004e-16,  Error =1.7710062394371562e-07
Completed 7 % :  mod = 1.022468603538081e-15,  Error =1.8281370728345792e-07
Completed 8 % :  mod = 1.1055165337200208e-15,  Error =1.8852686878290115e-07
Completed 8 % :  mod = 1.1954706511361462e-15,  Error =1.9423976738153215e-07
Completed 8 % :  mod = 1.2928928976785715e-15,  Error =1.9995303546238574e-07
Completed 8 % :  mod = 1.398391865279128e-15,  Error =2.0566544378652907e-07
Completed 9 % :  mod = 1.5126266188796614e-15,  Error =2.113786905511006e-07
Completed 9 % :  mod = 1.6363294175841936e-15,  Error =2.1709213626763812e-07
Completed 9 % :  mod = 1.7702371804187272e-15,  Error =2.2280467959490124e-07
Completed 9 % :  mod = 1.9152036503162482e-15,  Error =2.2851670422596726e-07
Completed 10 % :  mod = 2.0721344449290033e-15,  Error =2.3423013573165008e-07
Completed 10 % :  mod = 2.2420098986007307e-15,  Error =2.399429277488707e-07
Completed 10 % :  mod = 2.4258912279641506e-15,  Error =2.4565510159391124e-07
Completed 10 % :  mod = 2.6249271573474792e-15,  Error =2.513688954763893e-07
Completed 11 % :  mod = 2.840361054396284e-15,  Error =2.5708131090596e-07
Completed 11 % :  mod = 3.0735387381414785e-15,  Error =2.6279441556198435e-07
Completed 11 % :  mod = 3.3259168872902486e-15,  Error =2.6850727863347856e-07
Completed 11 % :  mod = 3.599072103747422e-15,  Error =2.7421943826766437e-07
Completed 12 % :  mod = 3.894710789617272e-15,  Error =2.7993239370971423e-07
Completed 12 % :  mod = 4.214679819694574e-15,  Error =2.8564488729898585e-07
Completed 12 % :  mod = 4.561030201698139e-15,  Error =2.913581980124036e-07
Completed 12 % :  mod = 4.935825226875478e-15,  Error =2.970713666172742e-07
Completed 13 % :  mod = 5.341454457837157e-15,  Error =3.0278388152282787e-07
Completed 13 % :  mod = 5.780451865040915e-15,  Error =3.0849693644086074e-07
Completed 13 % :  mod = 6.255559862254998e-15,  Error =3.1420998425346625e-07
Completed 13 % :  mod = 6.769746472210233e-15,  Error =3.199229112738067e-07
Completed 14 % :  mod = 7.32622382633933e-15,  Error =3.256361083003867e-07
Completed 14 % :  mod = 7.928468237555221e-15,  Error =3.3134866583850453e-07
Completed 14 % :  mod = 8.580241952309427e-15,  Error =3.3706107416264786e-07
Completed 14 % :  mod = 9.285616609537635e-15,  Error =3.427738519690138e-07
Completed 15 % :  mod = 1.0048998684580242e-14,  Error =3.4848690688704664e-07
Completed 15 % :  mod = 1.0875157053735496e-14,  Error =3.542000683864899e-07
Completed 15 % :  mod = 1.1769252740139611e-14,  Error =3.5991206459584646e-07
Completed 15 % :  mod = 1.2737016902872068e-14,  Error =3.6562533267670005e-07
Completed 16 % :  mod = 1.3784214781422266e-14,  Error =3.713379754799462e-07
Completed 16 % :  mod = 1.4917522903254956e-14,  Error =3.770506182831923e-07
Completed 16 % :  mod = 1.614402104095513e-14,  Error =3.827628844987885e-07
Completed 16 % :  mod = 1.7471371155951452e-14,  Error =3.884759109951119e-07
Completed 17 % :  mod = 1.8907865220877688e-14,  Error =3.9418873853946934e-07
Completed 17 % :  mod = 2.0462477001596046e-14,  Error =3.9990180056292957e-07
Completed 17 % :  mod = 2.2144918173440125e-14,  Error =4.056141733599361e-07
Completed 17 % :  mod = 2.3965698954536087e-14,  Error =4.1132637562668606e-07
Completed 18 % :  mod = 2.5936193737466086e-14,  Error =4.1703923869818027e-07
Completed 18 % :  mod = 2.8068712193145037e-14,  Error =4.227522651945037e-07
Completed 18 % :  mod = 3.037657614205911e-14,  Error =4.2846639303206757e-07
Completed 18 % :  mod = 3.287457894504553e-14,  Error =4.3417981743232303e-07
Completed 19 % :  mod = 3.557760175523885e-14,  Error =4.398929434046295e-07
Completed 19 % :  mod = 3.850287787939949e-14,  Error =4.456061759583463e-07
Completed 19 % :  mod = 4.166868137011326e-14,  Error =4.51318989291849e-07
Completed 19 % :  mod = 4.5094788827595903e-14,  Error =4.570317386765055e-07
Completed 20 % :  mod = 4.880260290768469e-14,  Error =4.627448006999657e-07
Completed 20 % :  mod = 5.2815285989365725e-14,  Error =4.684575358737675e-07
Completed 20 % :  mod = 5.715790488516242e-14,  Error =4.7417048421039e-07
Completed 20 % :  mod = 6.185758738920235e-14,  Error =4.798833117547474e-07
Completed 21 % :  mod = 6.694369168091153e-14,  Error =4.855962174588058e-07
Completed 21 % :  mod = 7.244798972698287e-14,  Error =4.913090236868811e-07
Completed 21 % :  mod = 7.840486567878495e-14,  Error =4.970219293909395e-07
Completed 21 % :  mod = 8.485153057474139e-14,  Error =5.027347498298695e-07
Completed 22 % :  mod = 9.182930558423414e-14,  Error =5.084488563511513e-07
Completed 22 % :  mod = 9.937975648760075e-14,  Error =5.14162742604185e-07
Completed 22 % :  mod = 1.0755101867050207e-13,  Error =5.198753711965765e-07
Completed 22 % :  mod = 1.1639413384983779e-13,  Error =5.255887600696951e-07
Completed 23 % :  mod = 1.2596433965959175e-13,  Error =5.313024402653355e-07
Completed 23 % :  mod = 1.3632141437819716e-13,  Error =5.370155946593513e-07
Completed 23 % :  mod = 1.4753005002778316e-13,  Error =5.427295732829407e-07
Completed 23 % :  mod = 1.5966025598708025e-13,  Error =5.484415979140067e-07
Completed 24 % :  mod = 1.727877956561883e-13,  Error =5.541536722830642e-07
Completed 24 % :  mod = 1.8699465902449853e-13,  Error =5.598667911499433e-07
Completed 24 % :  mod = 2.0236957381800922e-13,  Error =5.655797323811385e-07
Completed 24 % :  mod = 2.190085584378221e-13,  Error =5.712921478107091e-07
Completed 25 % :  mod = 2.370182324327e-13,  Error =5.770055295784005e-07
Completed 25 % :  mod = 2.5650583766848686e-13,  Error =5.827180658002362e-07
Completed 25 % :  mod = 2.7759556070356304e-13,  Error =5.884310141368587e-07
Completed 25 % :  mod = 3.0041907461324653e-13,  Error =5.941433443013011e-07
Completed 26 % :  mod = 3.2511886349459086e-13,  Error =5.998559160502737e-07
Completed 26 % :  mod = 3.518491071246248e-13,  Error =6.055686085915113e-07
Completed 26 % :  mod = 3.80776637404169e-13,  Error =6.112810311265093e-07
Completed 26 % :  mod = 4.1208197196514454e-13,  Error =6.1699344655608e-07
Completed 27 % :  mod = 4.4596043087174086e-13,  Error =6.227064730524035e-07
Completed 27 % :  mod = 4.82623343023428e-13,  Error =6.284193929673165e-07
Completed 27 % :  mod = 5.222993488189924e-13,  Error =6.341320144542806e-07
Completed 27 % :  mod = 5.652358061936963e-13,  Error =6.39844543570689e-07
Completed 28 % :  mod = 6.117003077619406e-13,  Error =6.455561987195324e-07
Completed 28 % :  mod = 6.619898900951479e-13,  Error =6.512698078608992e-07
Completed 28 % :  mod = 7.164031257541454e-13,  Error =6.569824577695726e-07
Completed 28 % :  mod = 7.752856462768927e-13,  Error =6.626955482147423e-07
Completed 29 % :  mod = 8.390036604239932e-13,  Error =6.684085676056384e-07
Completed 29 % :  mod = 9.079531481743633e-13,  Error =6.741217148942269e-07
Completed 29 % :  mod = 9.825622179338107e-13,  Error =6.798341871672164e-07
Completed 29 % :  mod = 1.0632936333473297e-12,  Error =6.855469152355909e-07
Completed 30 % :  mod = 1.1506475171187414e-12,  Error =6.91259756990803e-07
Completed 30 % :  mod = 1.245164238474357e-12,  Error =6.969723713723397e-07
Completed 30 % :  mod = 1.3474274889443872e-12,  Error =7.026847512747736e-07
Completed 30 % :  mod = 1.4580675487572175e-12,  Error =7.083967972221217e-07
Completed 31 % :  mod = 1.5777647433844096e-12,  Error =7.141083386841274e-07
Completed 31 % :  mod = 1.7072530848410435e-12,  Error =7.198205409508773e-07
Completed 31 % :  mod = 1.847345178923313e-12,  Error =7.255330132238669e-07
Completed 31 % :  mod = 1.9988535471494954e-12,  Error =7.312448317975395e-07
Completed 32 % :  mod = 2.1627162512336346e-12,  Error =7.369565651060839e-07
Completed 32 % :  mod = 2.3399216011553856e-12,  Error =7.426679431432603e-07
Completed 32 % :  mod = 2.5315318589372928e-12,  Error =7.483802164642839e-07
Completed 32 % :  mod = 2.7386873867387374e-12,  Error =7.540917010828707e-07
Completed 33 % :  mod = 2.9626106299276627e-12,  Error =7.598022548904737e-07
Completed 33 % :  mod = 3.204609791868651e-12,  Error =7.655131781802993e-07
Completed 33 % :  mod = 3.4660820125159556e-12,  Error =7.712244709523475e-07
Completed 33 % :  mod = 3.7485158079477996e-12,  Error =7.769348258079845e-07
Completed 34 % :  mod = 4.053492459684818e-12,  Error =7.82643780894432e-07
Completed 34 % :  mod = 4.382685957613354e-12,  Error =7.88352785718871e-07
Completed 34 % :  mod = 4.737914404117226e-12,  Error =7.940624513480543e-07
Completed 34 % :  mod = 5.120925978445026e-12,  Error =7.99770973003433e-07
Completed 35 % :  mod = 5.5336992363293546e-12,  Error =8.05479857035607e-07
Completed 35 % :  mod = 5.978229198922714e-12,  Error =8.111872631388906e-07
Completed 35 % :  mod = 6.4565591700843415e-12,  Error =8.168933476326856e-07
Completed 35 % :  mod = 6.970756172213239e-12,  Error =8.225985936860525e-07
Completed 36 % :  mod = 7.52287785016136e-12,  Error =8.283020136445884e-07
Completed 36 % :  mod = 8.11492890290609e-12,  Error =8.340039272525246e-07
Completed 36 % :  mod = 8.748804826678569e-12,  Error =8.397048745223401e-07
Completed 36 % :  mod = 9.426220510069553e-12,  Error =8.454037754290766e-07
Completed 37 % :  mod = 1.0148621056237125e-11,  Error =8.510995357369211e-07
Completed 37 % :  mod = 1.0917072188181485e-11,  Error =8.567934131065158e-07
Completed 37 % :  mod = 1.1732127814974698e-11,  Error =8.624834393344827e-07
Completed 37 % :  mod = 1.2593801032751773e-11,  Error =8.681702610147113e-07
Completed 38 % :  mod = 1.350087570673947e-11,  Error =8.738529047036536e-07
Completed 38 % :  mod = 1.445144855709678e-11,  Error =8.795315054044295e-07
Completed 38 % :  mod = 1.5442209628819266e-11,  Error =8.852047628238324e-07
Completed 38 % :  mod = 1.6468323951442518e-11,  Error =8.908724993261785e-07
Completed 39 % :  mod = 1.7523191830206796e-11,  Error =8.965342317424074e-07
Completed 39 % :  mod = 1.8598227941223186e-11,  Error =9.021896474337154e-07
Completed 39 % :  mod = 1.9682684688407366e-11,  Error =9.078372329440754e-07
Completed 39 % :  mod = 2.0763551801774047e-11,  Error =9.134774145991287e-07
Completed 40 % :  mod = 2.1825569150237388e-11,  Error =9.191099366034905e-07
Completed 40 % :  mod = 2.285139133725892e-11,  Error =9.247344578966477e-07
Completed 40 % :  mod = 2.3821938670348663e-11,  Error =9.303510708491558e-07
Completed 40 % :  mod = 2.4716957516082496e-11,  Error =9.35958922809732e-07
Completed 41 % :  mod = 2.551590046896381e-11,  Error =9.415608630547467e-07
Completed 41 % :  mod = 2.6198435954544434e-11,  Error =9.471552147033435e-07
Completed 41 % :  mod = 2.6746232982235186e-11,  Error =9.527430577804807e-07
Completed 41 % :  mod = 2.714360314121691e-11,  Error =9.583280657921023e-07
Completed 42 % :  mod = 2.7378667097839233e-11,  Error =9.639095281954724e-07
Completed 42 % :  mod = 2.7444197215679096e-11,  Error =9.694893563505502e-07
Completed 42 % :  mod = 2.733815182163985e-11,  Error =9.750690068699441e-07
Completed 42 % :  mod = 2.706382904095569e-11,  Error =9.806510945509217e-07
Completed 43 % :  mod = 2.6629618927156158e-11,  Error =9.862360030865602e-07
Completed 43 % :  mod = 2.604838805269937e-11,  Error =9.918259564756227e-07
Completed 43 % :  mod = 2.5336578747297056e-11,  Error =9.97421153670075e-07
Completed 43 % :  mod = 2.4513136014373092e-11,  Error =1.0030240815694924e-06
Completed 44 % :  mod = 2.3598246091000605e-11,  Error =1.0086344488513532e-06
Completed 44 % :  mod = 2.2612816916825856e-11,  Error =1.0142526960521536e-06
Completed 44 % :  mod = 2.1576759939035686e-11,  Error =1.0198783826353974e-06
Completed 44 % :  mod = 2.050878690861719e-11,  Error =1.0255134057501891e-06
Completed 45 % :  mod = 1.9425773871141398e-11,  Error =1.0311551861263979e-06
Completed 45 % :  mod = 1.8342456965864248e-11,  Error =1.036804803788982e-06
Completed 45 % :  mod = 1.727130714513607e-11,  Error =1.0424618182014456e-06
Completed 45 % :  mod = 1.622254766197287e-11,  Error =1.0481250214411375e-06
Completed 46 % :  mod = 1.5204275714177533e-11,  Error =1.0537934258536552e-06
Completed 46 % :  mod = 1.4222652225086013e-11,  Error =1.0594687154252824e-06
Completed 46 % :  mod = 1.3282129244974307e-11,  Error =1.0651478135059733e-06
Completed 46 % :  mod = 1.2385691125487405e-11,  Error =1.0708318711749598e-06
Completed 47 % :  mod = 1.1535092224530297e-11,  Error =1.0765195881390355e-06
Completed 47 % :  mod = 1.07309666608356e-11,  Error =1.0822109857144824e-06
Completed 47 % :  mod = 9.973488478180565e-12,  Error =1.0879046783429658e-06
Completed 47 % :  mod = 9.261849540456913e-12,  Error =1.093600630497349e-06
Completed 48 % :  mod = 8.594883241586706e-12,  Error =1.0992990482350251e-06
Completed 48 % :  mod = 7.971071518337199e-12,  Error =1.1049996686551822e-06
Completed 48 % :  mod = 7.388649380159028e-12,  Error =1.1107022146461532e-06
Completed 48 % :  mod = 6.845689638368282e-12,  Error =1.116406885159904e-06
Completed 49 % :  mod = 6.34017049220693e-12,  Error =1.122111854101604e-06
Completed 49 % :  mod = 5.8700285683377995e-12,  Error =1.127818414659032e-06
Completed 49 % :  mod = 5.433199819894178e-12,  Error =1.1335261902445382e-06
Completed 49 % :  mod = 5.027650437938789e-12,  Error =1.1392350103278659e-06
Completed 50 % :  mod = 4.651399649661001e-12,  Error =1.144943340136706e-06
Completed 50 % :  mod = 4.302487372828263e-12,  Error =1.1506529773441798e-06
Completed 50 % :  mod = 3.979183417693299e-12,  Error =1.1563626571842178e-06
Completed 50 % :  mod = 3.6796917989368826e-12,  Error =1.162072358340538e-06
Completed 51 % :  mod = 3.4023603787375436e-12,  Error =1.1677827060907475e-06
Completed 51 % :  mod = 3.1456298967926824e-12,  Error =1.1734928548889911e-06
Completed 51 % :  mod = 2.9080336442714255e-12,  Error =1.1792047445169374e-06
Completed 51 % :  mod = 2.6881957935442865e-12,  Error =1.1849158525478742e-06
Completed 52 % :  mod = 2.4848287582962125e-12,  Error =1.1906279553386412e-06
Completed 52 % :  mod = 2.296729877973948e-12,  Error =1.1963384025648338e-06
Completed 52 % :  mod = 2.122777654917906e-12,  Error =1.2020503632470536e-06
Completed 52 % :  mod = 1.9619277205936794e-12,  Error =1.207762295507564e-06
Completed 53 % :  mod = 1.813208665745726e-12,  Error =1.213474540406878e-06
Completed 53 % :  mod = 1.6757178355160764e-12,  Error =1.2191873253186714e-06
Completed 53 % :  mod = 1.5485994720716487e-12,  Error =1.2249005720832429e-06
Completed 53 % :  mod = 1.4311127553381514e-12,  Error =1.2306128880368306e-06
Completed 54 % :  mod = 1.3225175943120809e-12,  Error =1.236324521869392e-06
Completed 54 % :  mod = 1.2221458471871267e-12,  Error =1.2420372925703305e-06
Completed 54 % :  mod = 1.1293785834749187e-12,  Error =1.2477495090479351e-06
Completed 54 % :  mod = 1.0436426722796684e-12,  Error =1.2534628694993444e-06
Completed 55 % :  mod = 9.644075610264942e-13,  Error =1.2591752209800688e-06
Completed 55 % :  mod = 8.911822448821224e-13,  Error =1.2648878779941697e-06
Completed 55 % :  mod = 8.235124233905499e-13,  Error =1.2706007268548092e-06
Completed 55 % :  mod = 7.609778391300582e-13,  Error =1.2763135686100213e-06
Completed 56 % :  mod = 7.031897921023714e-13,  Error =1.2820264458923702e-06
Completed 56 % :  mod = 6.497888216742775e-13,  Error =1.2877381934117693e-06
Completed 56 % :  mod = 6.00442547846437e-13,  Error =1.293451106221255e-06
Completed 56 % :  mod = 5.548373172964352e-13,  Error =1.2991645377269379e-06
Completed 57 % :  mod = 5.127022052355582e-13,  Error =1.3048771521084745e-06
Completed 57 % :  mod = 4.737677224447702e-13,  Error =1.3105892122666774e-06
Completed 57 % :  mod = 4.377911159221493e-13,  Error =1.3163019190187697e-06
Completed 57 % :  mod = 4.045480111407092e-13,  Error =1.322015002358512e-06
Completed 58 % :  mod = 3.738310311572724e-13,  Error =1.3277281638579552e-06
Completed 58 % :  mod = 3.4544851785379874e-13,  Error =1.3334414603605182e-06
Completed 58 % :  mod = 3.192233477747269e-13,  Error =1.339154891866201e-06
Completed 58 % :  mod = 2.9499183576400597e-13,  Error =1.3448667814941473e-06
Completed 59 % :  mod = 2.7260272067017986e-13,  Error =1.350580070891283e-06
Completed 59 % :  mod = 2.519162269134459e-13,  Error =1.3562927421162385e-06
Completed 59 % :  mod = 2.3280319620859e-13,  Error =1.3620053493923479e-06
Completed 59 % :  mod = 2.151418272479567e-13,  Error =1.3677193138050825e-06
Completed 60 % :  mod = 1.9882695056317401e-13,  Error =1.3734317292346532e-06
Completed 60 % :  mod = 1.8375402151287574e-13,  Error =1.3791445354627285e-06
Completed 60 % :  mod = 1.698289065051544e-13,  Error =1.384856666675205e-06
Completed 60 % :  mod = 1.56964636647321e-13,  Error =1.3905695297466991e-06
Completed 61 % :  mod = 1.4508086555413916e-13,  Error =1.3962820801793896e-06
Completed 61 % :  mod = 1.3410336842368627e-13,  Error =1.401994829564046e-06
Completed 61 % :  mod = 1.239635791976442e-13,  Error =1.407707308942463e-06
Completed 61 % :  mod = 1.1459816269292502e-13,  Error =1.4134199233239997e-06
Completed 62 % :  mod = 1.0594861949021778e-13,  Error =1.41913298534746e-06
Completed 62 % :  mod = 9.796092090745591e-14,  Error =1.424846026054638e-06
Completed 62 % :  mod = 9.058517165814101e-14,  Error =1.430558704385021e-06
Completed 62 % :  mod = 8.37752984639575e-14,  Error =1.4362720577310029e-06
Completed 63 % :  mod = 7.748788799401817e-14,  Error =1.441986469785661e-06
Completed 63 % :  mod = 7.168548640529945e-14,  Error =1.447699368384292e-06
Completed 63 % :  mod = 6.633090017751213e-14,  Error =1.4534127927845475e-06
Completed 63 % :  mod = 6.139068036276053e-14,  Error =1.4591264019259143e-06
Completed 64 % :  mod = 5.6833966223287093e-14,  Error =1.4648390518345877e-06
Completed 64 % :  mod = 5.263229259796143e-14,  Error =1.4705518793789452e-06
Completed 64 % :  mod = 4.875941218717866e-14,  Error =1.4762643303356526e-06
Completed 64 % :  mod = 4.519113144896297e-14,  Error =1.4819774634133864e-06
Completed 65 % :  mod = 4.190515958174053e-14,  Error =1.4876891896165034e-06
Completed 65 % :  mod = 3.888096939597261e-14,  Error =1.4934022303236816e-06
Completed 65 % :  mod = 3.60996689012931e-14,  Error =1.4991153705068427e-06
Completed 65 % :  mod = 3.3543883371904766e-14,  Error =1.5048287735908161e-06
Completed 66 % :  mod = 3.119732162662597e-14,  Error =1.5105422406236357e-06
Completed 66 % :  mod = 2.9046004657366804e-14,  Error =1.5162548550051724e-06
Completed 66 % :  mod = 2.707613856308351e-14,  Error =1.5219673343835893e-06
Completed 66 % :  mod = 2.5275417673520207e-14,  Error =1.5276805100938873e-06
Completed 67 % :  mod = 2.3632592891623666e-14,  Error =1.5333932950056806e-06
Completed 67 % :  mod = 2.2137401420569468e-14,  Error =1.5391058596492257e-06
Completed 67 % :  mod = 2.078050284363866e-14,  Error =1.544818566401318e-06
Completed 67 % :  mod = 1.955342062827959e-14,  Error =1.5505307047192218e-06
Completed 68 % :  mod = 1.8448489099487932e-14,  Error =1.5562429283022539e-06
Completed 68 % :  mod = 1.7458805782312693e-14,  Error =1.561956445073065e-06
Completed 68 % :  mod = 1.657818814082716e-14,  Error =1.5676688605026357e-06
Completed 68 % :  mod = 1.5801134871349506e-14,  Error =1.57338158857101e-06
Completed 69 % :  mod = 1.5122791741796352e-14,  Error =1.5790936984672044e-06
Completed 69 % :  mod = 1.4538843269641512e-14,  Error =1.5848073005031438e-06
Completed 69 % :  mod = 1.404581064936668e-14,  Error =1.5905198367249795e-06
Completed 69 % :  mod = 1.3640522618930547e-14,  Error =1.5962328703267303e-06
Completed 70 % :  mod = 1.3320447375036883e-14,  Error =1.6019451010151897e-06
Completed 70 % :  mod = 1.3083585342816594e-14,  Error =1.6076572464385208e-06
Completed 70 % :  mod = 1.292845685750574e-14,  Error =1.6133704434651008e-06
Completed 70 % :  mod = 1.285409286150708e-14,  Error =1.6190835339102705e-06
Completed 71 % :  mod = 1.286002875993738e-14,  Error =1.6247963401383458e-06
Completed 71 % :  mod = 1.2946301639801296e-14,  Error =1.6305095371649259e-06
Completed 71 % :  mod = 1.311345048045714e-14,  Error =1.6362222368115908e-06
Completed 71 % :  mod = 1.3362519434525375e-14,  Error =1.6419353912056067e-06
Completed 72 % :  mod = 1.3695064446315803e-14,  Error =1.6476481476956906e-06
Completed 72 % :  mod = 1.4113162959877721e-14,  Error =1.653361593412228e-06
Completed 72 % :  mod = 1.4619506667401587e-14,  Error =1.659075223869877e-06
Completed 72 % :  mod = 1.5217112002466976e-14,  Error =1.6647879022002599e-06
Completed 73 % :  mod = 1.5909779105237958e-14,  Error =1.6705002110484202e-06
Completed 73 % :  mod = 1.6701835054537424e-14,  Error =1.6762135501835473e-06
Completed 73 % :  mod = 1.7598227853969438e-14,  Error =1.6819267543155547e-06
Completed 73 % :  mod = 1.8604557304367652e-14,  Error =1.6876390489528603e-06
Completed 74 % :  mod = 1.9727109928756632e-14,  Error =1.6933514928041404e-06
Completed 74 % :  mod = 2.0972898355092906e-14,  Error =1.6990641071856771e-06
Completed 74 % :  mod = 2.234970505462893e-14,  Error =1.7047768494649063e-06
Completed 74 % :  mod = 2.3866130911322012e-14,  Error =1.7104897196418278e-06
Completed 75 % :  mod = 2.55316490794606e-14,  Error =1.7162026892947324e-06
Completed 75 % :  mod = 2.7356664077550648e-14,  Error =1.7219156660530643e-06
Completed 75 % :  mod = 2.935287874254083e-14,  Error =1.72762933203785e-06
Completed 75 % :  mod = 3.153218503433617e-14,  Error =1.7333416408860103e-06
Completed 76 % :  mod = 3.3908473479429314e-14,  Error =1.7390544684303677e-06
Completed 76 % :  mod = 3.649658864248157e-14,  Error =1.744767075706477e-06
Completed 76 % :  mod = 3.93126984424073e-14,  Error =1.7504791216538251e-06
Completed 76 % :  mod = 4.23743950524854e-14,  Error =1.7561918355113448e-06
Completed 77 % :  mod = 4.570080467746297e-14,  Error =1.7619049117456598e-06
Completed 77 % :  mod = 4.9312707218362396e-14,  Error =1.7676177108683078e-06
Completed 77 % :  mod = 5.3232665999940605e-14,  Error =1.7733303252498445e-06
Completed 77 % :  mod = 5.748516856329167e-14,  Error =1.7790439272857839e-06
Completed 78 % :  mod = 6.209677979951887e-14,  Error =1.7847572237883469e-06
Completed 78 % :  mod = 6.709630785233536e-14,  Error =1.790470719242876e-06
Completed 78 % :  mod = 7.251498384259438e-14,  Error =1.7961832980972758e-06
Completed 78 % :  mod = 7.838754200776419e-14,  Error =1.8018967438138134e-06
Completed 79 % :  mod = 8.47489652350297e-14,  Error =1.8076095713581708e-06
Completed 79 % :  mod = 9.163980809654045e-14,  Error =1.8133221715288528e-06
Completed 79 % :  mod = 9.910311525095597e-14,  Error =1.819034913808082e-06
Completed 79 % :  mod = 1.0718550693436564e-13,  Error =1.8247477058253025e-06
Completed 80 % :  mod = 1.1593746980417824e-13,  Error =1.8304609028518826e-06
Completed 80 % :  mod = 1.254136722350907e-13,  Error =1.8361734390737183e-06
Completed 80 % :  mod = 1.356733056054337e-13,  Error =1.8418857195001692e-06
Completed 80 % :  mod = 1.467804534567637e-13,  Error =1.8475991225841426e-06
Completed 81 % :  mod = 1.5880449147808227e-13,  Error =1.8533119430230727e-06
Completed 81 % :  mod = 1.7182052035807674e-13,  Error =1.8590246781968744e-06
Completed 81 % :  mod = 1.859098339370353e-13,  Error =1.8647376975877705e-06
Completed 81 % :  mod = 2.0116042618269073e-13,  Error =1.870451022512043e-06
Completed 82 % :  mod = 2.1767002618454388e-13,  Error =1.8761642337494777e-06
Completed 82 % :  mod = 2.355369501931219e-13,  Error =1.8818771607698181e-06
Completed 82 % :  mod = 2.548750650358112e-13,  Error =1.887590869387168e-06
Completed 82 % :  mod = 2.758051187534089e-13,  Error =1.8933030503376358e-06
Completed 83 % :  mod = 2.9845778872211276e-13,  Error =1.8990159418308394e-06
Completed 83 % :  mod = 3.229744939274603e-13,  Error =1.904728534896094e-06
Completed 83 % :  mod = 3.495082732573102e-13,  Error =1.9104413979675883e-06
Completed 83 % :  mod = 3.782247347417948e-13,  Error =1.916153195224979e-06
Completed 84 % :  mod = 4.093030817267564e-13,  Error =1.921865802501088e-06
Completed 84 % :  mod = 4.429372217780658e-13,  Error =1.927578715310574e-06
Completed 84 % :  mod = 4.793369643397847e-13,  Error =1.9332913296921106e-06
Completed 84 % :  mod = 5.187293143067108e-13,  Error =1.9390045409295453e-06
Completed 85 % :  mod = 5.613662894355331e-13,  Error =1.9447187966648016e-06
Completed 85 % :  mod = 6.075012707472103e-13,  Error =1.9504313755192015e-06
Completed 85 % :  mod = 6.574276133800881e-13,  Error =1.956143982795311e-06
Completed 85 % :  mod = 7.114562141709712e-13,  Error =1.9618573077195833e-06
Completed 86 % :  mod = 7.699233308499387e-13,  Error =1.967570320005052e-06
Completed 86 % :  mod = 8.331926116703034e-13,  Error =1.973282820699751e-06
Completed 86 % :  mod = 9.016572771137107e-13,  Error =1.978995378237869e-06
Completed 86 % :  mod = 9.757424620992442e-13,  Error =1.9847079926194056e-06
Completed 87 % :  mod = 1.0559077273590315e-12,  Error =1.9904204293652583e-06
Completed 87 % :  mod = 1.1426497472673976e-12,  Error =1.9961330579576497e-06
Completed 87 % :  mod = 1.2365051804732635e-12,  Error =2.001845764709742e-06
Completed 87 % :  mod = 1.3380537287985932e-12,  Error =2.007558244088159e-06
Completed 88 % :  mod = 1.4479213867458792e-12,  Error =2.0132704534603363e-06
Completed 88 % :  mod = 1.5668017809153499e-12,  Error =2.0189836291706342e-06
Completed 88 % :  mod = 1.6953896593227107e-12,  Error =2.0246956395908455e-06
Completed 88 % :  mod = 1.834487818143193e-12,  Error =2.0304082610778096e-06
Completed 89 % :  mod = 1.984943622996655e-12,  Error =2.0361208399322095e-06
Completed 89 % :  mod = 2.1476696410298766e-12,  Error =2.0418329640392585e-06
Completed 89 % :  mod = 2.323647815379062e-12,  Error =2.0475449673540425e-06
Completed 89 % :  mod = 2.5139336699477324e-12,  Error =2.053257404099895e-06
Completed 90 % :  mod = 2.71966046643681e-12,  Error =2.0589683842331397e-06
Completed 90 % :  mod = 2.9420432075166242e-12,  Error =2.0646794141043756e-06
Completed 90 % :  mod = 3.1823823454993064e-12,  Error =2.070390891617535e-06
Completed 90 % :  mod = 3.4420670139373996e-12,  Error =2.0761021275461644e-06
Completed 91 % :  mod = 3.7225775444177566e-12,  Error =2.0818137116407343e-06
Completed 91 % :  mod = 4.025532533078837e-12,  Error =2.087524542560004e-06
Completed 91 % :  mod = 4.3525102620835995e-12,  Error =2.0932338458123922e-06
Completed 91 % :  mod = 4.7053097405990254e-12,  Error =2.098942722739139e-06
Completed 92 % :  mod = 5.085774429396521e-12,  Error =2.1046515641387487e-06
Completed 92 % :  mod = 5.4958268573875826e-12,  Error =2.110360057372418e-06
Completed 92 % :  mod = 5.937456819900246e-12,  Error =2.1160671863640346e-06
Completed 92 % :  mod = 6.412704221074711e-12,  Error =2.1217738037648814e-06
Completed 93 % :  mod = 6.923635182371584e-12,  Error =2.127479007185684e-06
Completed 93 % :  mod = 7.472309778013911e-12,  Error =2.1331825692527673e-06
Completed 93 % :  mod = 8.060739481199412e-12,  Error =2.1388849447134817e-06
Completed 93 % :  mod = 8.690832129074465e-12,  Error =2.144584975383168e-06
Completed 94 % :  mod = 9.364321966431312e-12,  Error =2.150283172852596e-06
Completed 94 % :  mod = 1.0082682152457468e-11,  Error =2.155978386042534e-06
Completed 94 % :  mod = 1.084713113910417e-11,  Error =2.1616724978912316e-06
Completed 94 % :  mod = 1.1658052874383133e-11,  Error =2.167363113869669e-06
Completed 95 % :  mod = 1.2515505947422955e-11,  Error =2.1730504045081034e-06
Completed 95 % :  mod = 1.3418607382289399e-11,  Error =2.1787326716093958e-06
Completed 95 % :  mod = 1.4365435290066811e-11,  Error =2.184411421524146e-06
Completed 95 % :  mod = 1.5352803326397766e-11,  Error =2.1900858939716272e-06
Completed 96 % :  mod = 1.637602162306614e-11,  Error =2.1957536304739733e-06
Completed 96 % :  mod = 1.7428656410622807e-11,  Error =2.2014153699956296e-06
Completed 96 % :  mod = 1.8502306515032028e-11,  Error =2.2070712759614253e-06
Completed 96 % :  mod = 1.9586421582737835e-11,  Error =2.2127197993881964e-06
Completed 97 % :  mod = 2.0668193475148547e-11,  Error =2.2183614021287212e-06
Completed 97 % :  mod = 2.173255746754335e-11,  Error =2.223994535199836e-06
Completed 97 % :  mod = 2.2762341873539596e-11,  Error =2.2296194046589335e-06
Completed 97 % :  mod = 2.3738737864062323e-11,  Error =2.2352376802814433e-06
Completed 98 % :  mod = 2.4641282435070463e-11,  Error =2.2408463848933025e-06
Completed 98 % :  mod = 2.5449465386666503e-11,  Error =2.246448417508873e-06
Completed 98 % :  mod = 2.6143096892450388e-11,  Error =2.2520430604799913e-06
Completed 98 % :  mod = 2.6703531339953885e-11,  Error =2.257632345958882e-06
Completed 99 % :  mod = 2.711479069270375e-11,  Error =2.263216764220033e-06
Completed 99 % :  mod = 2.736461980174461e-11,  Error =2.2687976439783597e-06
Completed 99 % :  mod = 2.7445351556176344e-11,  Error =2.2743770387023687e-06
Completed 99 % :  mod = 2.7354472076472703e-11,  Error =2.279956575534925e-06
Completed 100 % :  mod = 2.709480997493868e-11,  Error =2.2855377324049186e-06
Finished 17/21 frames
Finished all frames!
