/opt/local/miniconda_23_9/lib/python3.11/site-packages/conda/base/context.py:201: FutureWarning: Adding 'defaults' to channel list implicitly is deprecated and will be removed in 25.3. 

To remove this warning, please choose a default channel explicitly with conda's regular configuration system, e.g. by adding 'defaults' to the list of channels:

  conda config --add channels defaults

For more information see https://docs.conda.io/projects/conda/en/stable/user-guide/configuration/use-condarc.html

  deprecated.topic(
JOB 14529 ARRAY_ID 5  -> i=5 ; range=[2.0015e-10, 2.1e-10] ; intervals=6 (frames=7)
Analytic t0 extension enabled (--extend-time-using-t0).
Extending simulation time for p0=2.072e-10 from 10000000000.0 to 1.735e+10
Completed 0 % :  mod = 1.6574857142713245e-16,  Error =-1.4210854715202004e-14
Completed 0 % :  mod = 1.6630663027495742e-16,  Error =3.914507828994829e-09
Completed 0 % :  mod = 1.679840478154699e-16,  Error =7.828795389741572e-09
Completed 0 % :  mod = 1.7079289323419248e-16,  Error =1.174410613202781e-08
Completed 0 % :  mod = 1.7475077539690884e-16,  Error =1.5657469987218064e-08
Completed 1 % :  mod = 1.7988485188390002e-16,  Error =1.957148754172522e-08
Completed 1 % :  mod = 1.862312866696553e-16,  Error =2.348684802200296e-08
Completed 1 % :  mod = 1.9382985861133843e-16,  Error =2.7400474778005446e-08
Completed 1 % :  mod = 2.027352569619435e-16,  Error =3.1315124715547427e-08
Completed 2 % :  mod = 2.1300329340685705e-16,  Error =3.522946201428567e-08
Completed 2 % :  mod = 2.2470499210331594e-16,  Error =3.9143394303664536e-08
Completed 2 % :  mod = 2.3792234614046735e-16,  Error =4.305851319941212e-08
Completed 2 % :  mod = 2.527382010687785e-16,  Error =4.697221100968818e-08
Completed 3 % :  mod = 2.692591856907851e-16,  Error =5.088674015496508e-08
Completed 3 % :  mod = 2.875888513352526e-16,  Error =5.480048770323265e-08
Completed 3 % :  mod = 3.0785418878607293e-16,  Error =5.8714284989491716e-08
Completed 3 % :  mod = 3.301970078195106e-16,  Error =6.262939677981194e-08
Completed 4 % :  mod = 3.547573672772686e-16,  Error =6.654310880094272e-08
Completed 4 % :  mod = 3.8171200334450684e-16,  Error =7.045698424690272e-08
Completed 4 % :  mod = 4.1122987758750657e-16,  Error =7.437012072841753e-08
Completed 4 % :  mod = 4.435156169639242e-16,  Error =7.828348458360779e-08
Completed 5 % :  mod = 4.7879503097594e-16,  Error =8.219826952426956e-08
Completed 5 % :  mod = 5.172892692554521e-16,  Error =8.611216628651164e-08
Completed 5 % :  mod = 5.592753499884124e-16,  Error =9.002676648606212e-08
Completed 5 % :  mod = 6.050164436335355e-16,  Error =9.39409119382617e-08
Completed 6 % :  mod = 6.548297190516224e-16,  Error =9.785517107729902e-08
Completed 6 % :  mod = 7.090635202999903e-16,  Error =1.0176952969231934e-07
Completed 6 % :  mod = 7.68057792812703e-16,  Error =1.0568283670409073e-07
Completed 6 % :  mod = 8.322370899342855e-16,  Error =1.0959777796415437e-07
Completed 7 % :  mod = 9.020036984962451e-16,  Error =1.1351166051554173e-07
Completed 7 % :  mod = 9.778414092453014e-16,  Error =1.1742486094590276e-07
Completed 7 % :  mod = 1.0602805234845602e-15,  Error =1.2133996563079563e-07
Completed 7 % :  mod = 1.149837787870321e-15,  Error =1.2525387660389242e-07
Completed 8 % :  mod = 1.2471576801177248e-15,  Error =1.2916880365310135e-07
Completed 8 % :  mod = 1.3528502375016269e-15,  Error =1.3308239488196705e-07
Completed 8 % :  mod = 1.4676484147332455e-15,  Error =1.3699592926741389e-07
Completed 8 % :  mod = 1.5923548880266674e-15,  Error =1.4091006761418612e-07
Completed 9 % :  mod = 1.7277513691169446e-15,  Error =1.4482404253612913e-07
Completed 9 % :  mod = 1.8748122140550344e-15,  Error =1.4873864984110696e-07
Completed 9 % :  mod = 2.0344592239716753e-15,  Error =1.5265249686535753e-07
Completed 9 % :  mod = 2.207799558816869e-15,  Error =1.5656677021524956e-07
Completed 10 % :  mod = 2.396045213188404e-15,  Error =1.6048195305984336e-07
Completed 10 % :  mod = 2.600376168036604e-15,  Error =1.6439635430742783e-07
Completed 10 % :  mod = 2.8222628553939048e-15,  Error =1.6831109661552546e-07
Completed 10 % :  mod = 3.0630961260554662e-15,  Error =1.7222451731413457e-07
Completed 11 % :  mod = 3.3245461498052735e-15,  Error =1.761386414500521e-07
Completed 11 % :  mod = 3.608440976875312e-15,  Error =1.8005286506195262e-07
Completed 11 % :  mod = 3.9165601717889755e-15,  Error =1.8396692524902392e-07
Completed 11 % :  mod = 4.251121029401339e-15,  Error =1.8788166755712155e-07
Completed 12 % :  mod = 4.614220691620422e-15,  Error =1.9179609012098808e-07
Completed 12 % :  mod = 5.00837724626072e-15,  Error =1.957092763404944e-07
Completed 12 % :  mod = 5.436346620688447e-15,  Error =1.9962360653380529e-07
Completed 12 % :  mod = 5.900811484724928e-15,  Error =2.0353738250378228e-07
Completed 13 % :  mod = 6.404992869645879e-15,  Error =2.0745093110008384e-07
Completed 13 % :  mod = 6.95241602090545e-15,  Error =2.1136527550424944e-07
Completed 13 % :  mod = 7.546512359859438e-15,  Error =2.1527883120597835e-07
Completed 13 % :  mod = 8.191557164385642e-15,  Error =2.1919334614040054e-07
Completed 14 % :  mod = 8.89159378689303e-15,  Error =2.2310679526071908e-07
Completed 14 % :  mod = 9.651476964717238e-15,  Error =2.270197470011226e-07
Completed 14 % :  mod = 1.047651979096397e-14,  Error =2.3093401324558727e-07
Completed 14 % :  mod = 1.1371893893276592e-14,  Error =2.3484739131163224e-07
Completed 15 % :  mod = 1.2344042642030786e-14,  Error =2.3876223309571287e-07
Completed 15 % :  mod = 1.3399059763527184e-14,  Error =2.42675753270305e-07
Completed 15 % :  mod = 1.454426178319397e-14,  Error =2.4658940134258955e-07
Completed 15 % :  mod = 1.5787655947758318e-14,  Error =2.505041720723966e-07
Completed 16 % :  mod = 1.7137036219200458e-14,  Error =2.544176282981425e-07
Completed 16 % :  mod = 1.8602113122711046e-14,  Error =2.583324985039326e-07
Completed 16 % :  mod = 2.01920702326727e-14,  Error =2.622462389467728e-07
Completed 16 % :  mod = 2.191793384591954e-14,  Error =2.661596596453819e-07
Completed 17 % :  mod = 2.379177116237881e-14,  Error =2.700742385286503e-07
Completed 17 % :  mod = 2.5825327995736602e-14,  Error =2.739879505497811e-07
Completed 17 % :  mod = 2.8033238346297536e-14,  Error =2.7790228784851934e-07
Completed 17 % :  mod = 3.0429342071916026e-14,  Error =2.818158648665303e-07
Completed 18 % :  mod = 3.303025610452997e-14,  Error =2.857298255776186e-07
Completed 18 % :  mod = 3.5854165916693424e-14,  Error =2.896442268252031e-07
Completed 18 % :  mod = 3.89187726159436e-14,  Error =2.9355810937659044e-07
Completed 18 % :  mod = 4.2246129913831624e-14,  Error =2.97473128796355e-07
Completed 19 % :  mod = 4.585709462278834e-14,  Error =3.0138726714312725e-07
Completed 19 % :  mod = 4.9776708607518194e-14,  Error =3.053012207487882e-07
Completed 19 % :  mod = 5.403237757792906e-14,  Error =3.0921614069256975e-07
Completed 19 % :  mod = 5.865077720761419e-14,  Error =3.131297532377175e-07
Completed 20 % :  mod = 6.366514250221712e-14,  Error =3.170441331690199e-07
Completed 20 % :  mod = 6.910690477229346e-14,  Error =3.209583994134846e-07
Completed 20 % :  mod = 7.501380209863342e-14,  Error =3.248724596005559e-07
Completed 20 % :  mod = 8.142713479744741e-14,  Error =3.2878716638151673e-07
Completed 21 % :  mod = 8.838710297843114e-14,  Error =3.327016457888021e-07
Completed 21 % :  mod = 9.594379152697842e-14,  Error =3.366157628192923e-07
Completed 21 % :  mod = 1.0414456697517576e-13,  Error =3.405296737923891e-07
Completed 21 % :  mod = 1.1304630001548792e-13,  Error =3.4444387608800753e-07
Completed 22 % :  mod = 1.2271122937389105e-13,  Error =3.48358675239524e-07
Completed 22 % :  mod = 1.3319993538118316e-13,  Error =3.522722877846718e-07
Completed 22 % :  mod = 1.445878943611238e-13,  Error =3.5618644034229874e-07
Completed 22 % :  mod = 1.569464855091213e-13,  Error =3.6010024473398516e-07
Completed 23 % :  mod = 1.7036141007970598e-13,  Error =3.6401373648686786e-07
Completed 23 % :  mod = 1.849264580462557e-13,  Error =3.6792781799022123e-07
Completed 23 % :  mod = 2.0073291902526047e-13,  Error =3.718409118391719e-07
Completed 23 % :  mod = 2.178945293714094e-13,  Error =3.7575558309299595e-07
Completed 24 % :  mod = 2.3651884914764453e-13,  Error =3.7966965749092196e-07
Completed 24 % :  mod = 2.567350192654403e-13,  Error =3.8358358978030083e-07
Completed 24 % :  mod = 2.786843671349263e-13,  Error =3.8749804787130415e-07
Completed 24 % :  mod = 3.025044481122621e-13,  Error =3.9141170304901607e-07
Completed 25 % :  mod = 3.283666393738434e-13,  Error =3.953260119260449e-07
Completed 25 % :  mod = 3.5643300403151194e-13,  Error =3.9923957473320115e-07
Completed 25 % :  mod = 3.8689811862834086e-13,  Error =4.0315353544428945e-07
Completed 25 % :  mod = 4.199749136272758e-13,  Error =4.070680930112758e-07
Completed 26 % :  mod = 4.558706215392453e-13,  Error =4.1098160608044054e-07
Completed 26 % :  mod = 4.948340462034673e-13,  Error =4.148955383698194e-07
Completed 26 % :  mod = 5.371374495604884e-13,  Error =4.1881014567479724e-07
Completed 26 % :  mod = 5.830457863608322e-13,  Error =4.2272397138276574e-07
Completed 27 % :  mod = 6.328891484552766e-13,  Error =4.266381026241106e-07
Completed 27 % :  mod = 6.869796156981054e-13,  Error =4.30552084651481e-07
Completed 27 % :  mod = 7.456918518048985e-13,  Error =4.344661093114155e-07
Completed 27 % :  mod = 8.094357911799402e-13,  Error =4.38380908462932e-07
Completed 28 % :  mod = 8.786102599155677e-13,  Error =4.4229457074607126e-07
Completed 28 % :  mod = 9.537121079924141e-13,  Error =4.462089790990831e-07
Completed 28 % :  mod = 1.0352108851867996e-12,  Error =4.5012282612333365e-07
Completed 28 % :  mod = 1.1236702346977168e-12,  Error =4.540362752436522e-07
Completed 29 % :  mod = 1.2197066767277763e-12,  Error =4.579507688617923e-07
Completed 29 % :  mod = 1.323919661896687e-12,  Error =4.6186411850612785e-07
Completed 29 % :  mod = 1.4370558904228193e-12,  Error =4.6577863344055004e-07
Completed 29 % :  mod = 1.5598203881498157e-12,  Error =4.6969225309112517e-07
Completed 30 % :  mod = 1.6930592252908707e-12,  Error =4.736055743137513e-07
Completed 30 % :  mod = 1.837697214022875e-12,  Error =4.775200466156093e-07
Completed 30 % :  mod = 1.9946323183197755e-12,  Error =4.814336449499024e-07
Completed 30 % :  mod = 2.164982792866953e-12,  Error =4.853478472455208e-07
Completed 31 % :  mod = 2.34980227050375e-12,  Error =4.892609268836168e-07
Completed 31 % :  mod = 2.550354363210604e-12,  Error =4.93174290738807e-07
Completed 31 % :  mod = 2.7680181296176125e-12,  Error =4.970886493538273e-07
Completed 31 % :  mod = 3.004128338891342e-12,  Error =5.010014731965384e-07
Completed 32 % :  mod = 3.2603462403307383e-12,  Error =5.049148725788655e-07
Completed 32 % :  mod = 3.5382295182527456e-12,  Error =5.088273908882002e-07
Completed 32 % :  mod = 3.839643547269457e-12,  Error =5.127395183990302e-07
Completed 32 % :  mod = 4.166616767258778e-12,  Error =5.166526477751177e-07
Completed 33 % :  mod = 4.521097916970455e-12,  Error =5.205640363215025e-07
Completed 33 % :  mod = 4.905509148392943e-12,  Error =5.244755527655798e-07
Completed 33 % :  mod = 5.322095725889983e-12,  Error =5.2838655051346e-07
Completed 33 % :  mod = 5.773537171984591e-12,  Error =5.322966174503563e-07
Completed 34 % :  mod = 6.2627221668945394e-12,  Error =5.362070751857573e-07
Completed 34 % :  mod = 6.792376071839975e-12,  Error =5.401151526029935e-07
Completed 34 % :  mod = 7.36587579421992e-12,  Error =5.440239476683928e-07
Completed 34 % :  mod = 7.986262982590237e-12,  Error =5.479305684730207e-07
Completed 35 % :  mod = 8.6571368808986e-12,  Error =5.518362087286732e-07
Completed 35 % :  mod = 9.382292560620706e-12,  Error =5.557416073997956e-07
Completed 35 % :  mod = 1.0165139639175637e-11,  Error =5.596447749667277e-07
Completed 35 % :  mod = 1.1009870914712127e-11,  Error =5.635464219722053e-07
Completed 36 % :  mod = 1.1919957836486954e-11,  Error =5.674444594205852e-07
Completed 36 % :  mod = 1.2899409569194189e-11,  Error =5.713399247042616e-07
Completed 36 % :  mod = 1.3952164522417415e-11,  Error =5.752343099629798e-07
Completed 36 % :  mod = 1.5081165257254962e-11,  Error =5.791236574737013e-07
Completed 37 % :  mod = 1.628994843370289e-11,  Error =5.830094167436073e-07
Completed 37 % :  mod = 1.7580357562343357e-11,  Error =5.868899037864139e-07
Completed 37 % :  mod = 1.8954210690161825e-11,  Error =5.907650120207109e-07
Completed 37 % :  mod = 2.041225678555781e-11,  Error =5.946349688201735e-07
Completed 38 % :  mod = 2.195273309422384e-11,  Error =5.984965625316363e-07
Completed 38 % :  mod = 2.3573371523504635e-11,  Error =6.02350226586168e-07
Completed 38 % :  mod = 2.526810726277634e-11,  Error =6.061949378022291e-07
Completed 38 % :  mod = 2.70291734979766e-11,  Error =6.100292964106302e-07
Completed 39 % :  mod = 2.884555372687697e-11,  Error =6.138530466159864e-07
Completed 39 % :  mod = 3.070118775669635e-11,  Error =6.176633604582094e-07
Completed 39 % :  mod = 3.257710548086887e-11,  Error =6.214611119048641e-07
Completed 39 % :  mod = 3.4449942761753935e-11,  Error =6.252457112054799e-07
Completed 40 % :  mod = 3.629060377280838e-11,  Error =6.290147140930458e-07
Completed 40 % :  mod = 3.8067559589158665e-11,  Error =6.327693498064946e-07
Completed 40 % :  mod = 3.97441637109525e-11,  Error =6.365075719827473e-07
Completed 40 % :  mod = 4.128269266162741e-11,  Error =6.402315548825754e-07
Completed 41 % :  mod = 4.2644557903933546e-11,  Error =6.43942492217775e-07
Completed 41 % :  mod = 4.379149306887438e-11,  Error =6.476410518985176e-07
Completed 41 % :  mod = 4.4689883024933027e-11,  Error =6.513297634569426e-07
Completed 41 % :  mod = 4.5310985174748745e-11,  Error =6.550102540359148e-07
Completed 42 % :  mod = 4.563461446437208e-11,  Error =6.586855505474887e-07
Completed 42 % :  mod = 4.56498218104571e-11,  Error =6.623604704714126e-07
Completed 42 % :  mod = 4.5356082552723726e-11,  Error =6.660360156729439e-07
Completed 42 % :  mod = 4.4763190376618954e-11,  Error =6.697163783542237e-07
Completed 43 % :  mod = 4.3890976440066275e-11,  Error =6.734033419775187e-07
Completed 43 % :  mod = 4.276697355338096e-11,  Error =6.771005374162087e-07
Completed 43 % :  mod = 4.142450926517005e-11,  Error =6.808109915823479e-07
Completed 43 % :  mod = 3.990160014349643e-11,  Error =6.845335605021319e-07
Completed 44 % :  mod = 3.8236412408060124e-11,  Error =6.882717968892393e-07
Completed 44 % :  mod = 3.646801495037219e-11,  Error =6.920244359776007e-07
Completed 44 % :  mod = 3.4632141163345297e-11,  Error =6.957923304184988e-07
Completed 44 % :  mod = 3.276109603967485e-11,  Error =6.995749188831724e-07
Completed 45 % :  mod = 3.088439867181921e-11,  Error =7.03371476618031e-07
Completed 45 % :  mod = 2.9025425578488132e-11,  Error =7.071828491689303e-07
Completed 45 % :  mod = 2.7204847275273178e-11,  Error =7.110051640779602e-07
Completed 45 % :  mod = 2.5437841323770078e-11,  Error =7.148376539589663e-07
Completed 46 % :  mod = 2.3735814214653822e-11,  Error =7.186823012261812e-07
Completed 46 % :  mod = 2.210798844415886e-11,  Error =7.225348710448998e-07
Completed 46 % :  mod = 2.0559183268739172e-11,  Error =7.263963084369607e-07
Completed 46 % :  mod = 1.90933018059033e-11,  Error =7.30263636228301e-07
Completed 47 % :  mod = 1.771123208106186e-11,  Error =7.341379344438792e-07
Completed 47 % :  mod = 1.6412411033100744e-11,  Error =7.380186559657886e-07
Completed 47 % :  mod = 1.519598888927845e-11,  Error =7.419031788913344e-07
Completed 47 % :  mod = 1.4059072656866795e-11,  Error =7.457926045617569e-07
Completed 48 % :  mod = 1.2999224304633945e-11,  Error =7.496854266264563e-07
Completed 48 % :  mod = 1.2012776725349088e-11,  Error =7.535802311053885e-07
Completed 48 % :  mod = 1.1095858703662662e-11,  Error =7.574788725150938e-07
Completed 48 % :  mod = 1.024508054194924e-11,  Error =7.613789350102707e-07
Completed 49 % :  mod = 9.456186390604347e-12,  Error =7.652822802128867e-07
Completed 49 % :  mod = 8.725705282650434e-12,  Error =7.691864070125121e-07
Completed 49 % :  mod = 8.049693711455652e-12,  Error =7.730920259518825e-07
Completed 49 % :  mod = 7.424378445931613e-12,  Error =7.769996415163405e-07
Completed 50 % :  mod = 6.846560411563364e-12,  Error =7.80907505770756e-07
Completed 50 % :  mod = 6.312648086947829e-12,  Error =7.848174021773957e-07
Completed 50 % :  mod = 5.819739636586125e-12,  Error =7.88726872258394e-07
Completed 50 % :  mod = 5.36473825095714e-12,  Error =7.926370031441365e-07
Completed 51 % :  mod = 4.944762148609389e-12,  Error =7.965482211602648e-07
Completed 51 % :  mod = 4.557393554554209e-12,  Error =8.004592118027176e-07
Completed 51 % :  mod = 4.2000132279478385e-12,  Error =8.043722132811126e-07
Completed 51 % :  mod = 3.870512859091528e-12,  Error =8.082840707857031e-07
Completed 52 % :  mod = 3.5666919818384713e-12,  Error =8.121964398810633e-07
Completed 52 % :  mod = 3.2865243868180168e-12,  Error =8.16109832157963e-07
Completed 52 % :  mod = 3.0283171968281107e-12,  Error =8.200222794130241e-07
Completed 52 % :  mod = 2.790314634823546e-12,  Error =8.239346129812475e-07
Completed 53 % :  mod = 2.5709048905807775e-12,  Error =8.278490568613961e-07
Completed 53 % :  mod = 2.3687429709722342e-12,  Error =8.31762015707227e-07
Completed 53 % :  mod = 2.1823978055159186e-12,  Error =8.356761256322898e-07
Completed 53 % :  mod = 2.0107198900375854e-12,  Error =8.395893260626508e-07
Completed 54 % :  mod = 1.852523396114088e-12,  Error =8.435026828124137e-07
Completed 54 % :  mod = 1.7067225821464452e-12,  Error =8.474168851080321e-07
Completed 54 % :  mod = 1.5724124065421044e-12,  Error =8.513302276469403e-07
Completed 54 % :  mod = 1.4486332871023559e-12,  Error =8.552443091502937e-07
Completed 55 % :  mod = 1.3346147703937567e-12,  Error =8.59157793797749e-07
Completed 55 % :  mod = 1.2295638954797703e-12,  Error =8.630717758251194e-07
Completed 55 % :  mod = 1.132755456080139e-12,  Error =8.669867597177472e-07
Completed 55 % :  mod = 1.0435852241732601e-12,  Error =8.709005641094336e-07
Completed 56 % :  mod = 9.61413538783443e-13,  Error =8.748152140469756e-07
Completed 56 % :  mod = 8.857269100901251e-13,  Error =8.787289473843884e-07
Completed 56 % :  mod = 8.159973822022526e-13,  Error =8.826429009900494e-07
Completed 56 % :  mod = 7.517423525139343e-13,  Error =8.865577783012668e-07
Completed 57 % :  mod = 6.925598092838462e-13,  Error =8.904713553192778e-07
Completed 57 % :  mod = 6.380244526051139e-13,  Error =8.94386168681649e-07
Completed 57 % :  mod = 5.877949015612629e-13,  Error =8.982994046391468e-07
Completed 57 % :  mod = 5.41520315330947e-13,  Error =9.022130953439955e-07
Completed 58 % :  mod = 4.988800641322673e-13,  Error =9.061279868660677e-07
Completed 58 % :  mod = 4.596070869984141e-13,  Error =9.100413649321126e-07
Completed 58 % :  mod = 4.2341893830822333e-13,  Error =9.13955723547133e-07
Completed 58 % :  mod = 3.900889146777975e-13,  Error =9.178699045264693e-07
Completed 59 % :  mod = 3.5938407904743993e-13,  Error =9.217839078701218e-07
Completed 59 % :  mod = 3.3109157703217724e-13,  Error =9.256980320060393e-07
Completed 59 % :  mod = 3.0503412688277164e-13,  Error =9.296117013946059e-07
Completed 59 % :  mod = 2.8102426267383474e-13,  Error =9.335266994980884e-07
Completed 60 % :  mod = 2.5891152241041923e-13,  Error =9.374401557238343e-07
Completed 60 % :  mod = 2.38541324752086e-13,  Error =9.413540666969311e-07
Completed 60 % :  mod = 2.197724273897706e-13,  Error =9.45268894270157e-07
Completed 60 % :  mod = 2.0248719968977928e-13,  Error =9.491825920804331e-07
Completed 61 % :  mod = 1.8656126718874717e-13,  Error =9.530975830784882e-07
Completed 61 % :  mod = 1.7189481255443634e-13,  Error =9.570109540391059e-07
Completed 61 % :  mod = 1.583852964897793e-13,  Error =9.609242539454499e-07
Completed 61 % :  mod = 1.4593903856642598e-13,  Error =9.648392733652145e-07
Completed 62 % :  mod = 1.3447802712825788e-13,  Error =9.687527651180972e-07
Completed 62 % :  mod = 1.2391978983903253e-13,  Error =9.726675571641863e-07
Completed 62 % :  mod = 1.1419814764648557e-13,  Error =9.765805657480087e-07
Completed 62 % :  mod = 1.0524512856364372e-13,  Error =9.804950167335846e-07
Completed 63 % :  mod = 9.69986467284903e-14,  Error =9.844094890354427e-07
Completed 63 % :  mod = 8.940701213672676e-14,  Error =9.883234213248215e-07
Completed 63 % :  mod = 8.241559456751703e-14,  Error =9.922377373072777e-07
Completed 63 % :  mod = 7.598057047554679e-14,  Error =9.961514138012717e-07
Completed 64 % :  mod = 7.005694544666967e-14,  Error =1.0000647847618893e-06
Completed 64 % :  mod = 6.460364162347559e-14,  Error =1.0039795910188332e-06
Completed 64 % :  mod = 5.95864763336144e-14,  Error =1.0078936796276139e-06
Completed 64 % :  mod = 5.4969345047983243e-14,  Error =1.0118087416799426e-06
Completed 65 % :  mod = 5.0723306407602646e-14,  Error =1.0157225105444923e-06
Completed 65 % :  mod = 4.6818669910236965e-14,  Error =1.0196364428338711e-06
Completed 65 % :  mod = 4.322835979260824e-14,  Error =1.0235509364520112e-06
Completed 65 % :  mod = 3.99298709964068e-14,  Error =1.0274641581986543e-06
Completed 66 % :  mod = 3.690013748292491e-14,  Error =1.0313778702197851e-06
Completed 66 % :  mod = 3.411815156426276e-14,  Error =1.035292598317028e-06
Completed 66 % :  mod = 3.15664749515833e-14,  Error =1.0392062677055947e-06
Completed 66 % :  mod = 2.922674509788213e-14,  Error =1.0431210952788206e-06
Completed 67 % :  mod = 2.7084295827493367e-14,  Error =1.0470346367696948e-06
Completed 67 % :  mod = 2.5124142536973122e-14,  Error =1.050948576164501e-06
Completed 67 % :  mod = 2.333269670527985e-14,  Error =1.0548633611051628e-06
Completed 67 % :  mod = 2.169872896449681e-14,  Error =1.0587765544300964e-06
Completed 68 % :  mod = 2.0210480884624112e-14,  Error =1.062691197262211e-06
Completed 68 % :  mod = 1.8858623631642728e-14,  Error =1.06660512955159e-06
Completed 68 % :  mod = 1.76336979351289e-14,  Error =1.070519346058063e-06
Completed 68 % :  mod = 1.6527216684286805e-14,  Error =1.0744342375801352e-06
Completed 69 % :  mod = 1.5532244105286107e-14,  Error =1.0783476440678896e-06
Completed 69 % :  mod = 1.464162008893354e-14,  Error =1.0822615905681232e-06
Completed 69 % :  mod = 1.3849761917174367e-14,  Error =1.0861751746915616e-06
Completed 69 % :  mod = 1.3151122239767001e-14,  Error =1.0900893485654706e-06
Completed 70 % :  mod = 1.2540867607437555e-14,  Error =1.094003927448739e-06
Completed 70 % :  mod = 1.2015172756633899e-14,  Error =1.097917404990767e-06
Completed 70 % :  mod = 1.1570254636691719e-14,  Error =1.1018316072863854e-06
Completed 70 % :  mod = 1.1203324371883243e-14,  Error =1.1057452979912341e-06
Completed 71 % :  mod = 1.0911800230600658e-14,  Error =1.1096586902681338e-06
Completed 71 % :  mod = 1.0693678015431113e-14,  Error =1.1135733402056758e-06
Completed 71 % :  mod = 1.0547590509370322e-14,  Error =1.117486903012832e-06
Completed 71 % :  mod = 1.047248636828957e-14,  Error =1.1214020005922976e-06
Completed 72 % :  mod = 1.0467894839204461e-14,  Error =1.1253158689328302e-06
Completed 72 % :  mod = 1.0533759518426783e-14,  Error =1.1292298935927647e-06
Completed 72 % :  mod = 1.0670563537853897e-14,  Error =1.1331446785334265e-06
Completed 72 % :  mod = 1.0879164446121692e-14,  Error =1.1370582129188733e-06
Completed 73 % :  mod = 1.1161063418102153e-14,  Error =1.1409736870859888e-06
Completed 73 % :  mod = 1.1518027462595854e-14,  Error =1.1448874417396837e-06
Completed 73 % :  mod = 1.1952515783169517e-14,  Error =1.1488010471794041e-06
Completed 73 % :  mod = 1.2467581406425451e-14,  Error =1.1527158818580574e-06
Completed 74 % :  mod = 1.3066452893981477e-14,  Error =1.1566302546839324e-06
Completed 74 % :  mod = 1.375343985744938e-14,  Error =1.1605448904106197e-06
Completed 74 % :  mod = 1.4532848635649155e-14,  Error =1.164458772962007e-06
Completed 74 % :  mod = 1.541007352848878e-14,  Error =1.1683724849831378e-06
Completed 75 % :  mod = 1.6391258043600816e-14,  Error =1.1722875470354666e-06
Completed 75 % :  mod = 1.748255261372221e-14,  Error =1.1762015361682643e-06
Completed 75 % :  mod = 1.869181046124135e-14,  Error =1.1801154826684979e-06
Completed 75 % :  mod = 2.002661158706799e-14,  Error =1.1840290099485173e-06
Completed 76 % :  mod = 2.14962056611414e-14,  Error =1.1879425372285368e-06
Completed 76 % :  mod = 2.3110874669583744e-14,  Error =1.191857847970823e-06
Completed 76 % :  mod = 2.488073982965788e-14,  Error =1.195771503148535e-06
Completed 76 % :  mod = 2.6818537611677102e-14,  Error =1.1996858404472732e-06
Completed 77 % :  mod = 2.893641473828291e-14,  Error =1.2035998366854983e-06
Completed 77 % :  mod = 3.124905382452868e-14,  Error =1.2075135131794923e-06
Completed 77 % :  mod = 3.377262920804354e-14,  Error =1.2114284331232739e-06
Completed 77 % :  mod = 3.652295941404402e-14,  Error =1.2153425217320546e-06
Completed 78 % :  mod = 3.95198365198638e-14,  Error =1.219256922979639e-06
Completed 78 % :  mod = 4.278204585858043e-14,  Error =1.223171196329531e-06
Completed 78 % :  mod = 4.6332207545811273e-14,  Error =1.227084950983226e-06
Completed 78 % :  mod = 5.019514703528811e-14,  Error =1.2309993593362378e-06
Completed 79 % :  mod = 5.4395078317098295e-14,  Error =1.2349132276767705e-06
Completed 79 % :  mod = 5.896112519338399e-14,  Error =1.2388270604901663e-06
Completed 79 % :  mod = 6.392521537778051e-14,  Error =1.242741902274247e-06
Completed 79 % :  mod = 6.931846505532557e-14,  Error =1.2466557919310617e-06
Completed 80 % :  mod = 7.517968510867528e-14,  Error =1.2505705981880055e-06
Completed 80 % :  mod = 8.15456149944856e-14,  Error =1.2544844949502476e-06
Completed 80 % :  mod = 8.846039997802765e-14,  Error =1.2583989033032594e-06
Completed 80 % :  mod = 9.597238866348306e-14,  Error =1.2623140293044344e-06
Completed 81 % :  mod = 1.0412866746489305e-13,  Error =1.266227521057317e-06
Completed 81 % :  mod = 1.1298792966147811e-13,  Error =1.2701426186367826e-06
Completed 81 % :  mod = 1.226057059841965e-13,  Error =1.2740567782998369e-06
Completed 81 % :  mod = 1.330486919959639e-13,  Error =1.2779711653365666e-06
Completed 82 % :  mod = 1.4438990259206405e-13,  Error =1.2818862771268869e-06
Completed 82 % :  mod = 1.5670042399035515e-13,  Error =1.2858004581062232e-06
Completed 82 % :  mod = 1.700688408098332e-13,  Error =1.2897143264467559e-06
Completed 82 % :  mod = 1.8457894380608592e-13,  Error =1.2936284150555366e-06
Completed 83 % :  mod = 2.0033135085240537e-13,  Error =1.2975420844441032e-06
Completed 83 % :  mod = 2.1743619201319653e-13,  Error =1.3014568196467735e-06
Completed 83 % :  mod = 2.360006716944988e-13,  Error =1.3053706027221779e-06
Completed 83 % :  mod = 2.5615836667104476e-13,  Error =1.3092855226659594e-06
Completed 84 % :  mod = 2.7803560855735285e-13,  Error =1.3131996325910222e-06
Completed 84 % :  mod = 3.0178408529517864e-13,  Error =1.31711362172382e-06
Completed 84 % :  mod = 3.27569807831901e-13,  Error =1.32102787375743e-06
Completed 84 % :  mod = 3.5555436045242236e-13,  Error =1.3249417065708258e-06
Completed 85 % :  mod = 3.859390649968537e-13,  Error =1.3288563778246498e-06
Completed 85 % :  mod = 4.189143023643604e-13,  Error =1.3327699548426608e-06
Completed 85 % :  mod = 4.547086524932886e-13,  Error =1.3366832121164407e-06
Completed 85 % :  mod = 4.935722577023137e-13,  Error =1.3405978052105638e-06
Completed 86 % :  mod = 5.357485596546667e-13,  Error =1.3445113040688739e-06
Completed 86 % :  mod = 5.815408557983184e-13,  Error =1.3484265224406045e-06
Completed 86 % :  mod = 6.31235912333219e-13,  Error =1.352340269988872e-06
Completed 86 % :  mod = 6.85178012329975e-13,  Error =1.3562544509682084e-06
Completed 87 % :  mod = 7.437438681171974e-13,  Error =1.3601691577491692e-06
Completed 87 % :  mod = 8.073000144906409e-13,  Error =1.3640826992400434e-06
Completed 87 % :  mod = 8.763030833621695e-13,  Error =1.367997839452073e-06
Completed 87 % :  mod = 9.511846677404564e-13,  Error =1.3719113880483746e-06
Completed 88 % :  mod = 1.0324628684214417e-12,  Error =1.3758252990214714e-06
Completed 88 % :  mod = 1.1207044409545631e-12,  Error =1.379740218965253e-06
Completed 88 % :  mod = 1.2164605444947614e-12,  Error =1.3836537604561272e-06
Completed 88 % :  mod = 1.320417749364918e-12,  Error =1.3875685098696522e-06
Completed 89 % :  mod = 1.4332244749827871e-12,  Error =1.391482044255099e-06
Completed 89 % :  mod = 1.5556589231810295e-12,  Error =1.3953955715351185e-06
Completed 89 % :  mod = 1.6885718852183493e-12,  Error =1.3993096601438992e-06
Completed 89 % :  mod = 1.8327897735620505e-12,  Error =1.4032227824145593e-06
Completed 90 % :  mod = 1.9893418132275865e-12,  Error =1.4071373399815457e-06
Completed 90 % :  mod = 2.1591983218132065e-12,  Error =1.411050327249086e-06
Completed 90 % :  mod = 2.3435232005649966e-12,  Error =1.4149632150406433e-06
Completed 90 % :  mod = 2.543587243934278e-12,  Error =1.4188771615408768e-06
Completed 91 % :  mod = 2.760621532030487e-12,  Error =1.4227898930130323e-06
Completed 91 % :  mod = 2.9961585134245e-12,  Error =1.426703107654248e-06
Completed 91 % :  mod = 3.251637059108824e-12,  Error =1.4306159172861044e-06
Completed 91 % :  mod = 3.528780971531313e-12,  Error =1.434528392962875e-06
Completed 92 % :  mod = 3.829466655043516e-12,  Error =1.4384417283963558e-06
Completed 92 % :  mod = 4.15550058213526e-12,  Error =1.442353941172314e-06
Completed 92 % :  mod = 4.509043862334046e-12,  Error =1.4462654576163914e-06
Completed 92 % :  mod = 4.892440591334859e-12,  Error =1.450177059325597e-06
Completed 93 % :  mod = 5.307930982116026e-12,  Error =1.454087062313647e-06
Completed 93 % :  mod = 5.758296905054174e-12,  Error =1.4579984792817413e-06
Completed 93 % :  mod = 6.246096029141288e-12,  Error =1.4619081909472698e-06
Completed 93 % :  mod = 6.774373262107406e-12,  Error =1.465816964696387e-06
Completed 94 % :  mod = 7.34639074767018e-12,  Error =1.469725773972641e-06
Completed 94 % :  mod = 7.965185194480533e-12,  Error =1.473632295301286e-06
Completed 94 % :  mod = 8.634511057732631e-12,  Error =1.4775385466236912e-06
Completed 94 % :  mod = 9.357676210384532e-12,  Error =1.481443000272975e-06
Completed 95 % :  mod = 1.0138569859414676e-11,  Error =1.4853450949203761e-06
Completed 95 % :  mod = 1.0981221119358541e-11,  Error =1.4892462090188019e-06
Completed 95 % :  mod = 1.188910237804564e-11,  Error =1.493144885955644e-06
Completed 95 % :  mod = 1.2866459114624054e-11,  Error =1.4970424615512457e-06
Completed 96 % :  mod = 1.3916533022967624e-11,  Error =1.5009350562422696e-06
Completed 96 % :  mod = 1.5042980862237685e-11,  Error =1.5048248442894874e-06
Completed 96 % :  mod = 1.6249120472898256e-11,  Error =1.5087114064726848e-06
Completed 96 % :  mod = 1.7536820174879033e-11,  Error =1.5125921990488678e-06
Completed 97 % :  mod = 1.8908256257233335e-11,  Error =1.5164680462476099e-06
Completed 97 % :  mod = 2.0363240001778933e-11,  Error =1.5203365322236095e-06
Completed 97 % :  mod = 2.190104446730587e-11,  Error =1.524199113589475e-06
Completed 97 % :  mod = 2.351914244952967e-11,  Error =1.5280539642503754e-06
Completed 98 % :  mod = 2.5211554238693113e-11,  Error =1.5318988957346846e-06
Completed 98 % :  mod = 2.6971025832093835e-11,  Error =1.5357345475308648e-06
Completed 98 % :  mod = 2.8785416058358938e-11,  Error =1.5395580135191267e-06
Completed 98 % :  mod = 3.0640036067255114e-11,  Error =1.5433692013289146e-06
Completed 99 % :  mod = 3.251607721772783e-11,  Error =1.5471683312284767e-06
Completed 99 % :  mod = 3.438901920612923e-11,  Error =1.5509525255197332e-06
Completed 99 % :  mod = 3.623163047225505e-11,  Error =1.554723198182728e-06
Completed 99 % :  mod = 3.801081624915069e-11,  Error =1.5584777202093392e-06
Completed 100 % :  mod = 3.9691285805834215e-11,  Error =1.562217235573371e-06
Finished 6/7 frames
Finished all frames!
