/opt/local/miniconda_23_9/lib/python3.11/site-packages/conda/base/context.py:201: FutureWarning: Adding 'defaults' to channel list implicitly is deprecated and will be removed in 25.3. 

To remove this warning, please choose a default channel explicitly with conda's regular configuration system, e.g. by adding 'defaults' to the list of channels:

  conda config --add channels defaults

For more information see https://docs.conda.io/projects/conda/en/stable/user-guide/configuration/use-condarc.html

  deprecated.topic(
JOB 14490 ARRAY_ID 18  -> i=18 ; range=[1.9e-10, 5.0e-10] ; intervals=30 (frames=31)
Analytic t0 extension enabled (--extend-time-using-t0).
THIS SHOULD ONLY BE REACHED ONCE
Completed 0 % :  mod = 2.9600000001577414e-16,  Error =-1.4210854715202004e-14
Completed 0 % :  mod = 2.971553001196674e-16,  Error =8.813245244709833e-09
Completed 0 % :  mod = 3.0062537262695924e-16,  Error =1.7617630021504738e-08
Completed 0 % :  mod = 3.064445590781532e-16,  Error =2.6430868160787213e-08
Completed 0 % :  mod = 3.1464603934198e-16,  Error =3.5235260043009475e-08
Completed 1 % :  mod = 3.253109838247688e-16,  Error =4.4048690028830606e-08
Completed 1 % :  mod = 3.385001874064102e-16,  Error =5.285298243506986e-08
Completed 1 % :  mod = 3.5434418766616624e-16,  Error =6.166620636349762e-08
Completed 1 % :  mod = 3.7293331293372295e-16,  Error =7.047049166430952e-08
Completed 2 % :  mod = 3.9442750602514293e-16,  Error =7.927432932319789e-08
Completed 2 % :  mod = 4.1902154016073433e-16,  Error =8.808768825474544e-08
Completed 2 % :  mod = 4.468556251426619e-16,  Error =9.689168223303568e-08
Completed 2 % :  mod = 4.782052433409738e-16,  Error =1.0570479247462572e-07
Completed 3 % :  mod = 5.132491096085542e-16,  Error =1.1450905645915554e-07
Completed 3 % :  mod = 5.523340621204148e-16,  Error =1.233225006558314e-07
Completed 3 % :  mod = 5.956829144856537e-16,  Error =1.3212659411010463e-07
Completed 3 % :  mod = 6.4372470584925775e-16,  Error =1.409400027796437e-07
Completed 4 % :  mod = 6.967333043383098e-16,  Error =1.4974427386960087e-07
Completed 4 % :  mod = 7.551693001445037e-16,  Error =1.5854819679361754e-07
Completed 4 % :  mod = 8.19558354552998e-16,  Error =1.673615557251651e-07
Completed 4 % :  mod = 8.902675345440824e-16,  Error =1.7616577707713077e-07
Completed 5 % :  mod = 9.679966671760205e-16,  Error =1.8497913600867832e-07
Completed 5 % :  mod = 1.0531888631767897e-15,  Error =1.937834070986355e-07
Completed 5 % :  mod = 1.1466873030033388e-15,  Error =2.0259682997902928e-07
Completed 5 % :  mod = 1.249024992787678e-15,  Error =2.1140129291552512e-07
Completed 6 % :  mod = 1.3612147896506772e-15,  Error =2.2021488632617547e-07
Completed 6 % :  mod = 1.483896272123504e-15,  Error =2.2901936347352603e-07
Completed 6 % :  mod = 1.6181369822373244e-15,  Error =2.3782351377121813e-07
Completed 6 % :  mod = 1.765143041969469e-15,  Error =2.466369508624666e-07
Completed 7 % :  mod = 1.925752502016318e-15,  Error =2.5544120063614173e-07
Completed 7 % :  mod = 2.101554961151279e-15,  Error =2.642545595676893e-07
Completed 7 % :  mod = 2.2935526276822082e-15,  Error =2.7305871697080875e-07
Completed 7 % :  mod = 2.5036457548857977e-15,  Error =2.8187203326979215e-07
Completed 8 % :  mod = 2.7330320176743605e-15,  Error =2.90676396730305e-07
Completed 8 % :  mod = 2.98398174372679e-15,  Error =2.994897982944167e-07
Completed 8 % :  mod = 3.2579255278504263e-15,  Error =3.0829406938437387e-07
Completed 8 % :  mod = 3.5572478175260245e-15,  Error =3.1709810599522825e-07
Completed 9 % :  mod = 3.884637373467651e-15,  Error =3.259115857190409e-07
Completed 9 % :  mod = 4.241960557811337e-15,  Error =3.347155299593396e-07
Completed 9 % :  mod = 4.632753898134402e-15,  Error =3.4352889599631453e-07
Completed 9 % :  mod = 5.0592452046186635e-15,  Error =3.523330818211434e-07
Completed 10 % :  mod = 5.525655594819231e-15,  Error =3.611464194364089e-07
Completed 10 % :  mod = 6.034643960888829e-15,  Error =3.6995081131863117e-07
Completed 10 % :  mod = 6.590640863651039e-15,  Error =3.7875494740546856e-07
Completed 10 % :  mod = 7.198640477501875e-15,  Error =3.875681073850501e-07
Completed 11 % :  mod = 7.86210887201485e-15,  Error =3.963722789990243e-07
Completed 11 % :  mod = 8.58761258998043e-15,  Error =4.0518565214142654e-07
Completed 11 % :  mod = 9.379287524638612e-15,  Error =4.139896745414262e-07
Completed 11 % :  mod = 1.0244969130279732e-14,  Error =4.228028132047257e-07
Completed 12 % :  mod = 1.1189592444193261e-14,  Error =4.316070487675461e-07
Completed 12 % :  mod = 1.2222506673184627e-14,  Error =4.404201945362729e-07
Completed 12 % :  mod = 1.334960020098218e-14,  Error =4.4922445852080273e-07
Completed 12 % :  mod = 1.458068415406908e-14,  Error =4.5802852355336654e-07
Completed 13 % :  mod = 1.5926816471264325e-14,  Error =4.668419464337603e-07
Completed 13 % :  mod = 1.739567110015384e-14,  Error =4.7564616068029864e-07
Completed 13 % :  mod = 1.9001785722322263e-14,  Error =4.844596119824018e-07
Completed 13 % :  mod = 2.075431640462283e-14,  Error =4.932638262289402e-07
Completed 14 % :  mod = 2.2670608467719377e-14,  Error =5.020772846364707e-07
Completed 14 % :  mod = 2.4761586181352627e-14,  Error =5.108814846721543e-07
Completed 14 % :  mod = 2.7047944595391708e-14,  Error =5.196947725494283e-07
Completed 14 % :  mod = 2.954271765988909e-14,  Error =5.284990010068213e-07
Completed 15 % :  mod = 3.2267621939210464e-14,  Error =5.373030873556672e-07
Completed 15 % :  mod = 3.5247133198861794e-14,  Error =5.461165955011893e-07
Completed 15 % :  mod = 3.849823686294176e-14,  Error =5.54921015805121e-07
Completed 15 % :  mod = 4.2053110083880946e-14,  Error =5.637343534203865e-07
Completed 16 % :  mod = 4.593201828055576e-14,  Error =5.725386387211984e-07
Completed 16 % :  mod = 5.017335215413411e-14,  Error =5.813523884512506e-07
Completed 16 % :  mod = 5.480129047505894e-14,  Error =5.901563113752673e-07
Completed 16 % :  mod = 5.986163734508039e-14,  Error =5.989696063579686e-07
Completed 17 % :  mod = 6.538324047278748e-14,  Error =6.077736856013871e-07
Completed 17 % :  mod = 7.141416451178198e-14,  Error =6.165779069533528e-07
Completed 17 % :  mod = 7.800858068027468e-14,  Error =6.253911166709258e-07
Completed 17 % :  mod = 8.520408202668727e-14,  Error =6.341951248600708e-07
Completed 18 % :  mod = 9.307188457217928e-14,  Error =6.430084127373448e-07
Completed 18 % :  mod = 1.0165684061154851e-13,  Error =6.518127193544387e-07
Completed 18 % :  mod = 1.1104391802337226e-13,  Error =6.60626092496841e-07
Completed 18 % :  mod = 1.212866300825764e-13,  Error =6.694301148968407e-07
Completed 19 % :  mod = 1.3247413786836124e-13,  Error =6.782346488876101e-07
Completed 19 % :  mod = 1.4470693022185665e-13,  Error =6.870476951803539e-07
Completed 19 % :  mod = 1.5805474306306874e-13,  Error =6.958518952160375e-07
Completed 19 % :  mod = 1.7264968357769805e-13,  Error =7.046652896747219e-07
Completed 20 % :  mod = 1.8857495362446745e-13,  Error =7.134696744515168e-07
Completed 20 % :  mod = 2.059881702085177e-13,  Error =7.222829552233634e-07
Completed 20 % :  mod = 2.249886013421436e-13,  Error =7.310871694699017e-07
Completed 20 % :  mod = 2.4576429967769684e-13,  Error =7.399003081332012e-07
Completed 21 % :  mod = 2.6843370168843074e-13,  Error =7.487045792231584e-07
Completed 21 % :  mod = 2.9319414031022885e-13,  Error =7.575085874123033e-07
Completed 21 % :  mod = 3.2026801902073855e-13,  Error =7.663219392384235e-07
Completed 21 % :  mod = 3.49809678058602e-13,  Error =7.751260113764147e-07
Completed 22 % :  mod = 3.821114988661005e-13,  Error =7.839395195219367e-07
Completed 22 % :  mod = 4.1735762419946284e-13,  Error =7.927436556087741e-07
Completed 22 % :  mod = 4.558968934245191e-13,  Error =8.015571637542962e-07
Completed 22 % :  mod = 4.979490062232644e-13,  Error =8.103614774768175e-07
Completed 23 % :  mod = 5.439301613950472e-13,  Error =8.19175014044049e-07
Completed 23 % :  mod = 5.941024809744528e-13,  Error =8.279788161758006e-07
Completed 23 % :  mod = 6.489027007719491e-13,  Error =8.367830020006295e-07
Completed 23 % :  mod = 7.088230414758076e-13,  Error =8.455964177755959e-07
Completed 24 % :  mod = 7.742050831134586e-13,  Error =8.54400568073288e-07
Completed 24 % :  mod = 8.456959177932907e-13,  Error =8.632137706854337e-07
Completed 24 % :  mod = 9.237030786171133e-13,  Error =8.7201796361569e-07
Completed 24 % :  mod = 1.0089986027771444e-12,  Error =8.808308109564678e-07
Completed 25 % :  mod = 1.1020687079887004e-12,  Error =8.896348688836042e-07
Completed 25 % :  mod = 1.203834497738598e-12,  Error =8.98448291763998e-07
Completed 25 % :  mod = 1.3148760614143512e-12,  Error =9.072523923236986e-07
Completed 25 % :  mod = 1.4361599314620926e-12,  Error =9.160562726151511e-07
Completed 26 % :  mod = 1.5687754214024565e-12,  Error =9.248696741792628e-07
Completed 26 % :  mod = 1.7134784247048132e-12,  Error =9.336734905218691e-07
Completed 26 % :  mod = 1.8717009626131767e-12,  Error =9.424866789231601e-07
Completed 26 % :  mod = 2.0443448286436887e-12,  Error =9.512903176300824e-07
Completed 27 % :  mod = 2.2331184798838226e-12,  Error =9.601034207662451e-07
Completed 27 % :  mod = 2.4390977394061342e-12,  Error =9.689069671026118e-07
Completed 27 % :  mod = 2.6640751991788105e-12,  Error =9.777106129149615e-07
Completed 27 % :  mod = 2.9100711029612276e-12,  Error =9.865235384154403e-07
Completed 28 % :  mod = 3.1784870865522966e-12,  Error =9.953268929052683e-07
Completed 28 % :  mod = 3.4719787993837573e-12,  Error =1.0041394276072424e-06
Completed 28 % :  mod = 3.79221813326347e-12,  Error =1.0129423912985658e-06
Completed 28 % :  mod = 4.14237298938592e-12,  Error =1.0217545209911805e-06
Completed 29 % :  mod = 4.524437423214446e-12,  Error =1.0305572999413926e-06
Completed 29 % :  mod = 4.9421901173101555e-12,  Error =1.0393690317300752e-06
Completed 29 % :  mod = 5.39800902714102e-12,  Error =1.0481709367127223e-06
Completed 29 % :  mod = 5.895857382317483e-12,  Error =1.0569725574782751e-06
Completed 30 % :  mod = 6.4402009268148194e-12,  Error =1.0657831310822985e-06
Completed 30 % :  mod = 7.034134976670136e-12,  Error =1.0745833236569524e-06
Completed 30 % :  mod = 7.6835276353872e-12,  Error =1.0833923482778118e-06
Completed 30 % :  mod = 8.392067595795752e-12,  Error =1.092191254770114e-06
Completed 31 % :  mod = 9.166750096744127e-12,  Error =1.1009982472387492e-06
Completed 31 % :  mod = 1.001196876516838e-11,  Error =1.109795100262545e-06
Completed 31 % :  mod = 1.0936059437294973e-11,  Error =1.1185994210904937e-06
Completed 31 % :  mod = 1.1944251659271651e-11,  Error =1.1273926503463372e-06
Completed 32 % :  mod = 1.3045271672395823e-11,  Error =1.1361839540313667e-06
Completed 32 % :  mod = 1.4248943463454401e-11,  Error =1.1449821144537964e-06
Completed 32 % :  mod = 1.556204370669526e-11,  Error =1.1537679895923247e-06
Completed 32 % :  mod = 1.6997457401845652e-11,  Error =1.1625593927533373e-06
Completed 33 % :  mod = 1.8563222785192767e-11,  Error =1.1713375300814732e-06
Completed 33 % :  mod = 2.027464782262923e-11,  Error =1.1801198027683313e-06
Completed 33 % :  mod = 2.2141242997975127e-11,  Error =1.1888872819554308e-06
Completed 33 % :  mod = 2.418116149493427e-11,  Error =1.1976563598636858e-06
Completed 34 % :  mod = 2.6405614295646737e-11,  Error =1.2064075960438458e-06
Completed 34 % :  mod = 2.8833422057202658e-11,  Error =1.215149097788526e-06
Completed 34 % :  mod = 3.148567756972356e-11,  Error =1.2238877999948272e-06
Completed 34 % :  mod = 3.437657331456034e-11,  Error =1.23260296902572e-06
Completed 35 % :  mod = 3.7533509852954166e-11,  Error =1.2413105636710497e-06
Completed 35 % :  mod = 4.097290546362453e-11,  Error =1.2499883723648963e-06
Completed 35 % :  mod = 4.472673775461788e-11,  Error =1.2586514230861212e-06
Completed 35 % :  mod = 4.881371689525614e-11,  Error =1.2672769358346159e-06
Completed 36 % :  mod = 5.3270776273086386e-11,  Error =1.275877778539325e-06
Completed 36 % :  mod = 5.8118737652110256e-11,  Error =1.284429920644925e-06
Completed 36 % :  mod = 6.339383467698281e-11,  Error =1.2929352593005206e-06
Completed 36 % :  mod = 6.913558110542296e-11,  Error =1.3013939295092314e-06
Completed 37 % :  mod = 7.536647170925553e-11,  Error =1.3097791651262014e-06
Completed 37 % :  mod = 8.213476962789627e-11,  Error =1.3180964870684875e-06
Completed 37 % :  mod = 8.946154995899304e-11,  Error =1.3263165072885386e-06
Completed 37 % :  mod = 9.739639411995672e-11,  Error =1.3344415208393912e-06
Completed 38 % :  mod = 1.0595458577975575e-10,  Error =1.34243835958614e-06
Completed 38 % :  mod = 1.1517163887732761e-10,  Error =1.3502972961987325e-06
Completed 38 % :  mod = 1.2507897845987816e-10,  Error =1.3580068554119862e-06
Completed 38 % :  mod = 1.3566643351396264e-10,  Error =1.3655296484671453e-06
Completed 39 % :  mod = 1.4695199274015713e-10,  Error =1.372858903891938e-06
Completed 39 % :  mod = 1.588876956284813e-10,  Error =1.379956898972523e-06
Completed 39 % :  mod = 1.7144676848377912e-10,  Error =1.3868173169839793e-06
Completed 39 % :  mod = 1.8451574252639503e-10,  Error =1.39340481553063e-06
Completed 40 % :  mod = 1.97989348882837e-10,  Error =1.3997174477253793e-06
Completed 40 % :  mod = 2.116517660013437e-10,  Error =1.4057300390390992e-06
Completed 40 % :  mod = 2.252644919902631e-10,  Error =1.4114457016489723e-06
Completed 40 % :  mod = 2.385165914918338e-10,  Error =1.416874376047872e-06
Completed 41 % :  mod = 2.509813068526329e-10,  Error =1.4220195225789212e-06
Completed 41 % :  mod = 2.622166026152685e-10,  Error =1.4269192831761757e-06
Completed 41 % :  mod = 2.7168081342814027e-10,  Error =1.4316016390125696e-06
Completed 41 % :  mod = 2.7885556195852927e-10,  Error =1.436125678822009e-06
Completed 42 % :  mod = 2.832153174721193e-10,  Error =1.4405424622054852e-06
Completed 42 % :  mod = 2.8434282434202553e-10,  Error =1.4449274274852542e-06
Completed 42 % :  mod = 2.819580628759738e-10,  Error =1.4493412194838129e-06
Completed 42 % :  mod = 2.7599295372336793e-10,  Error =1.4538588857249124e-06
Completed 43 % :  mod = 2.6661191542814147e-10,  Error =1.4585508409936665e-06
Completed 43 % :  mod = 2.5426732255879445e-10,  Error =1.4634636258392675e-06
Completed 43 % :  mod = 2.395933321268027e-10,  Error =1.4686522433748905e-06
Completed 43 % :  mod = 2.2343520527104821e-10,  Error =1.4741365959025643e-06
Completed 44 % :  mod = 2.0663136757151843e-10,  Error =1.479943115612059e-06
Completed 44 % :  mod = 1.9003731042312688e-10,  Error =1.4860616417422534e-06
Completed 44 % :  mod = 1.742974591824678e-10,  Error =1.4924950164640904e-06
Completed 44 % :  mod = 1.599210954241224e-10,  Error =1.4992111729839053e-06
Completed 45 % :  mod = 1.4714457536714968e-10,  Error =1.5061925395798426e-06
Completed 45 % :  mod = 1.3600118512329163e-10,  Error =1.5134199387034641e-06
Completed 45 % :  mod = 1.2638654750189785e-10,  Error =1.520850311464983e-06
Completed 45 % :  mod = 1.1803167905280323e-10,  Error =1.5284739447452012e-06
Completed 46 % :  mod = 1.106390601554202e-10,  Error =1.5362498047011286e-06
Completed 46 % :  mod = 1.0386323905161473e-10,  Error =1.5441728677956235e-06
Completed 46 % :  mod = 9.741985291257874e-11,  Error =1.5522083387509156e-06
Completed 46 % :  mod = 9.107130765799466e-11,  Error =1.5603489984528096e-06
Completed 47 % :  mod = 8.467424915886825e-11,  Error =1.568589787837027e-06
Completed 47 % :  mod = 7.820998761490829e-11,  Error =1.5769019796607608e-06
Completed 47 % :  mod = 7.173120380259693e-11,  Error =1.585293318839831e-06
Completed 47 % :  mod = 6.539153774827381e-11,  Error =1.593737188443356e-06
Completed 48 % :  mod = 5.935480561007838e-11,  Error =1.6022432802742514e-06
Completed 48 % :  mod = 5.3805302950969725e-11,  Error =1.610786291905697e-06
Completed 48 % :  mod = 4.8862335870552726e-11,  Error =1.6193775635997554e-06
Completed 48 % :  mod = 4.4604756972248096e-11,  Error =1.627992446628923e-06
Completed 49 % :  mod = 4.103027344087652e-11,  Error =1.6366355382047004e-06
Completed 49 % :  mod = 3.80862091033694e-11,  Error =1.6453101778779455e-06
Completed 49 % :  mod = 3.569555443719142e-11,  Error =1.6539944098781234e-06
Completed 49 % :  mod = 3.375606484600176e-11,  Error =1.6627030277049926e-06
Completed 50 % :  mod = 3.2173315716421424e-11,  Error =1.6714150987695575e-06
Completed 50 % :  mod = 3.08490291225609e-11,  Error =1.680146432647689e-06
Completed 50 % :  mod = 2.969591193286507e-11,  Error =1.6888774325707345e-06
Completed 50 % :  mod = 2.8629104140516927e-11,  Error =1.6976242633859329e-06
Completed 51 % :  mod = 2.7584603992792586e-11,  Error =1.7063677049122816e-06
Completed 51 % :  mod = 2.6523917535792472e-11,  Error =1.7151160491835071e-06
Completed 51 % :  mod = 2.544883639901908e-11,  Error =1.7238771548022669e-06
Completed 51 % :  mod = 2.440796232576546e-11,  Error =1.7326320360666614e-06
Completed 52 % :  mod = 2.3479663554680925e-11,  Error =1.7413990747172647e-06
Completed 52 % :  mod = 2.2760077934419454e-11,  Error =1.7501582902923474e-06
Completed 52 % :  mod = 2.2331545460020906e-11,  Error =1.7589274960982948e-06
Completed 52 % :  mod = 2.2249090699958042e-11,  Error =1.7676878911743188e-06
Completed 53 % :  mod = 2.252961927941059e-11,  Error =1.7764566280220606e-06
Completed 53 % :  mod = 2.315757399664481e-11,  Error =1.7852149412078688e-06
Completed 53 % :  mod = 2.4098792908267293e-11,  Error =1.793971264874017e-06
Completed 53 % :  mod = 2.5313711929318927e-11,  Error =1.8027329673486747e-06
Completed 54 % :  mod = 2.6758352414182463e-11,  Error =1.8114816811021228e-06
Completed 54 % :  mod = 2.839233287547945e-11,  Error =1.8202341820483525e-06
Completed 54 % :  mod = 3.016219084437745e-11,  Error =1.8289715555397379e-06
Completed 54 % :  mod = 3.201408975188293e-11,  Error =1.8377104211708684e-06
Completed 55 % :  mod = 3.388865705923013e-11,  Error =1.8464311608568096e-06
Completed 55 % :  mod = 3.57538185602371e-11,  Error =1.8551418818901766e-06
Completed 55 % :  mod = 3.762202902572079e-11,  Error =1.8638498602285836e-06
Completed 55 % :  mod = 3.956024188234363e-11,  Error =1.8725339145930775e-06
Completed 56 % :  mod = 4.170350784341182e-11,  Error =1.881210053511495e-06
Completed 56 % :  mod = 4.421905744549404e-11,  Error =1.8898563780567201e-06
Completed 56 % :  mod = 4.7292917848074364e-11,  Error =1.898486068796501e-06
Completed 56 % :  mod = 5.107397425876318e-11,  Error =1.9070761325679086e-06
Completed 57 % :  mod = 5.567518451607609e-11,  Error =1.915638456750912e-06
Completed 57 % :  mod = 6.113065095273988e-11,  Error =1.924146879161981e-06
Completed 57 % :  mod = 6.742912333014555e-11,  Error =1.932601662701927e-06
Completed 57 % :  mod = 7.451135833726879e-11,  Error =1.94100184103263e-06
Completed 58 % :  mod = 8.225119720369885e-11,  Error =1.9493192695563266e-06
Completed 58 % :  mod = 9.051345661106702e-11,  Error =1.957559042864432e-06
Completed 58 % :  mod = 9.909674599379141e-11,  Error =1.965691602379138e-06
Completed 58 % :  mod = 1.0781963116429916e-10,  Error =1.9737208774017745e-06
Completed 59 % :  mod = 1.1648579072611883e-10,  Error =1.9816158882690615e-06
Completed 59 % :  mod = 1.2500724375943567e-10,  Error =1.9893783473889926e-06
Completed 59 % :  mod = 1.3338413524726902e-10,  Error =1.9969751932080726e-06
Completed 59 % :  mod = 1.4179705378931693e-10,  Error =2.004395980748086e-06
Completed 60 % :  mod = 1.505691393487203e-10,  Error =2.0116285810445333e-06
Completed 60 % :  mod = 1.6007889723729957e-10,  Error =2.0186354561246844e-06
Completed 60 % :  mod = 1.7073150042211125e-10,  Error =2.025407901840026e-06
Completed 60 % :  mod = 1.8277370534457402e-10,  Error =2.0319090552334274e-06
Completed 61 % :  mod = 1.9630089369545438e-10,  Error =2.038131881931804e-06
Completed 61 % :  mod = 2.1111208500560962e-10,  Error =2.0440466030891002e-06
Completed 61 % :  mod = 2.2681750530170317e-10,  Error =2.049657204850064e-06
Completed 61 % :  mod = 2.427378610618198e-10,  Error =2.0549534340830178e-06
Completed 62 % :  mod = 2.5804942133993173e-10,  Error =2.0599558610001623e-06
Completed 62 % :  mod = 2.717756472424394e-10,  Error =2.064700922232987e-06
Completed 62 % :  mod = 2.8282061525230375e-10,  Error =2.069224777301315e-06
Completed 62 % :  mod = 2.901853986725423e-10,  Error =2.0735989636477825e-06
Completed 63 % :  mod = 2.9305118698877385e-10,  Error =2.0778883182970276e-06
Completed 63 % :  mod = 2.9101313998682026e-10,  Error =2.0821835136075606e-06
Completed 63 % :  mod = 2.8417386820147416e-10,  Error =2.0865576502160366e-06
Completed 63 % :  mod = 2.7314142609820953e-10,  Error =2.0910918792083066e-06
Completed 64 % :  mod = 2.588953360158998e-10,  Error =2.0958550592808933e-06
Completed 64 % :  mod = 2.426513269448507e-10,  Error =2.100886995037854e-06
Completed 64 % :  mod = 2.2554795209035704e-10,  Error =2.1062290755935464e-06
Completed 64 % :  mod = 2.0862781258290506e-10,  Error =2.1118850455081883e-06
Completed 65 % :  mod = 1.9262704694866129e-10,  Error =2.1178671829602536e-06
Completed 65 % :  mod = 1.780973453524784e-10,  Error =2.1241509813307857e-06
Completed 65 % :  mod = 1.652822198510279e-10,  Error =2.1307300954731545e-06
Completed 65 % :  mod = 1.5424773661192872e-10,  Error =2.137566951887493e-06
Completed 66 % :  mod = 1.4480193575686374e-10,  Error =2.1446423659199354e-06
Completed 66 % :  mod = 1.3658060642251497e-10,  Error =2.151938296890421e-06
Completed 66 % :  mod = 1.2913548254644331e-10,  Error =2.159414989932884e-06
Completed 66 % :  mod = 1.2197203767488177e-10,  Error =2.1670667820217204e-06
Completed 67 % :  mod = 1.1471599890442964e-10,  Error =2.174858423131809e-06
Completed 67 % :  mod = 1.0713006383980392e-10,  Error =2.1827897640491756e-06
Completed 67 % :  mod = 9.92053629288099e-11,  Error =2.1908300595896435e-06
Completed 67 % :  mod = 9.107218261675626e-11,  Error =2.1989840490732604e-06
Completed 68 % :  mod = 8.299922194328648e-11,  Error =2.2072224510338856e-06
Completed 68 % :  mod = 7.525585420332482e-11,  Error =2.215543034367329e-06
Completed 68 % :  mod = 6.807490505622717e-11,  Error =2.2239442643012808e-06
Completed 68 % :  mod = 6.163953756158015e-11,  Error =2.2323978114968668e-06
Completed 69 % :  mod = 5.6028912219325445e-11,  Error =2.2409123374700357e-06
Completed 69 % :  mod = 5.1286060006207743e-11,  Error =2.2494618718837955e-06
Completed 69 % :  mod = 4.7387441817921974e-11,  Error =2.2580562912821733e-06
Completed 69 % :  mod = 4.428950161873539e-11,  Error =2.266671650374974e-06
Completed 70 % :  mod = 4.189299722682765e-11,  Error =2.275320376554646e-06
Completed 70 % :  mod = 4.00654426107368e-11,  Error =2.2839798674567646e-06
Completed 70 % :  mod = 3.862785828385922e-11,  Error =2.292655786106934e-06
Completed 70 % :  mod = 3.7386533475008565e-11,  Error =2.301354186329263e-06
Completed 71 % :  mod = 3.617133689638749e-11,  Error =2.310054213694457e-06
Completed 71 % :  mod = 3.486502966488276e-11,  Error =2.31877236700484e-06
Completed 71 % :  mod = 3.3438590673879504e-11,  Error =2.327489070808042e-06
Completed 71 % :  mod = 3.194002941143269e-11,  Error =2.3362209873312167e-06
Completed 72 % :  mod = 3.0481350349187676e-11,  Error =2.344948939025926e-06
Completed 72 % :  mod = 2.918844675790995e-11,  Error =2.353690163658939e-06
Completed 72 % :  mod = 2.8177344754050006e-11,  Error =2.362425298940707e-06
Completed 72 % :  mod = 2.7524685358981402e-11,  Error =2.3711621182087583e-06
Completed 73 % :  mod = 2.7273109947565692e-11,  Error =2.3799087074394265e-06
Completed 73 % :  mod = 2.744317273126241e-11,  Error =2.388645704343162e-06
Completed 73 % :  mod = 2.8046057820564733e-11,  Error =2.397390026942503e-06
Completed 73 % :  mod = 2.9085361257079777e-11,  Error =2.4061224124238834e-06
Completed 74 % :  mod = 3.0552075731554504e-11,  Error =2.4148592459027896e-06
Completed 74 % :  mod = 3.239895090232179e-11,  Error =2.4235812858819372e-06
Completed 74 % :  mod = 3.4538407618812455e-11,  Error =2.432295680421248e-06
Completed 74 % :  mod = 3.68443049668466e-11,  Error =2.441010408915645e-06
Completed 75 % :  mod = 3.9169657386841025e-11,  Error =2.449705533535962e-06
Completed 75 % :  mod = 4.1404761674096606e-11,  Error =2.4583974891356775e-06
Completed 75 % :  mod = 4.349933688119239e-11,  Error =2.467065954192549e-06
Completed 75 % :  mod = 4.550503483086544e-11,  Error =2.4757264966979164e-06
Completed 76 % :  mod = 4.7555240221355064e-11,  Error =2.484358027743383e-06
Completed 76 % :  mod = 4.985572959888779e-11,  Error =2.4929747581836637e-06
Completed 76 % :  mod = 5.262732784315194e-11,  Error =2.5015538227535217e-06
Completed 76 % :  mod = 5.608518185141518e-11,  Error =2.5100979570424897e-06
Completed 77 % :  mod = 6.04107140016058e-11,  Error =2.5186086816120223e-06
Completed 77 % :  mod = 6.572529990049337e-11,  Error =2.5270586192505107e-06
Completed 77 % :  mod = 7.212165888744291e-11,  Error =2.535455465135783e-06
Completed 77 % :  mod = 7.961239643960313e-11,  Error =2.5437696180574676e-06
Completed 78 % :  mod = 8.816755594787566e-11,  Error =2.55200442467185e-06
Completed 78 % :  mod = 9.763169235379505e-11,  Error =2.560128393724881e-06
Completed 78 % :  mod = 1.0778313338854559e-10,  Error =2.568142640768656e-06
Completed 78 % :  mod = 1.1827001773021602e-10,  Error =2.576014999533527e-06
Completed 79 % :  mod = 1.2873303596318886e-10,  Error =2.5837385848603844e-06
Completed 79 % :  mod = 1.388565583457505e-10,  Error =2.591305658938836e-06
Completed 79 % :  mod = 1.4843024539890354e-10,  Error =2.5986854126358594e-06
Completed 79 % :  mod = 1.574910042526367e-10,  Error =2.60587756173436e-06
Completed 80 % :  mod = 1.6625748814666884e-10,  Error =2.6128506291911435e-06
Completed 80 % :  mod = 1.7515603715732556e-10,  Error =2.619602305742319e-06
Completed 80 % :  mod = 1.846420786648983e-10,  Error =2.6261002830096913e-06
Completed 80 % :  mod = 1.9515159511831326e-10,  Error =2.632341548292061e-06
Completed 81 % :  mod = 2.0690941773716799e-10,  Error =2.6382985538475623e-06
Completed 81 % :  mod = 2.1993311349407768e-10,  Error =2.6439685356649534e-06
Completed 81 % :  mod = 2.339766454619754e-10,  Error =2.6493549754036394e-06
Completed 81 % :  mod = 2.4847703684364277e-10,  Error =2.6544536027017784e-06
Completed 82 % :  mod = 2.626645523010929e-10,  Error =2.6592963493499155e-06
Completed 82 % :  mod = 2.75470625382812e-10,  Error =2.663907700650725e-06
Completed 82 % :  mod = 2.857138288019292e-10,  Error =2.668348045631319e-06
Completed 82 % :  mod = 2.92146749206023e-10,  Error =2.6726725792514117e-06
Completed 83 % :  mod = 2.937578992518966e-10,  Error =2.676963426040402e-06
Completed 83 % :  mod = 2.899608219783437e-10,  Error =2.681308259866455e-06
Completed 83 % :  mod = 2.808092800278283e-10,  Error =2.685781090860928e-06
Completed 83 % :  mod = 2.6699795722346986e-10,  Error =2.6904672054683942e-06
Completed 84 % :  mod = 2.498078511102251e-10,  Error =2.6954170522230925e-06
Completed 84 % :  mod = 2.307403099872059e-10,  Error =2.7006825860098616e-06
Completed 84 % :  mod = 2.1135867409321574e-10,  Error =2.706273171781959e-06
Completed 84 % :  mod = 1.928990365133391e-10,  Error =2.7122029635506806e-06
Completed 85 % :  mod = 1.7630123581018528e-10,  Error =2.7184477673358742e-06
Completed 85 % :  mod = 1.6205492363320614e-10,  Error =2.724991254865472e-06
Completed 85 % :  mod = 1.5031147701817503e-10,  Error =2.7318133106746245e-06
Completed 85 % :  mod = 1.4096794511914764e-10,  Error =2.7388696750563213e-06
Completed 86 % :  mod = 1.3363882821306015e-10,  Error =2.7461449718657605e-06
Completed 86 % :  mod = 1.2778877183802234e-10,  Error =2.7535969309155917e-06
Completed 86 % :  mod = 1.2273877395762014e-10,  Error =2.761216173041703e-06
Completed 86 % :  mod = 1.1781532052506297e-10,  Error =2.7689667803088014e-06
Completed 87 % :  mod = 1.1242309649565002e-10,  Error =2.776847473739963e-06
Completed 87 % :  mod = 1.0620302202406176e-10,  Error =2.7848287871279354e-06
Completed 87 % :  mod = 9.90662147416672e-11,  Error =2.792909249649256e-06
Completed 87 % :  mod = 9.120830871929886e-11,  Error =2.8010881720774705e-06
Completed 88 % :  mod = 8.306412815923457e-11,  Error =2.8093399251361006e-06
Completed 88 % :  mod = 7.512683162111763e-11,  Error =2.8176727795425904e-06
Completed 88 % :  mod = 6.788398360940439e-11,  Error =2.8260602604746055e-06
Completed 88 % :  mod = 6.165852431112287e-11,  Error =2.834510937077539e-06
Completed 89 % :  mod = 5.663118369267945e-11,  Error =2.842998021890253e-06
Completed 89 % :  mod = 5.2809311296819616e-11,  Error =2.8515317112010052e-06
Completed 89 % :  mod = 5.012045959687147e-11,  Error =2.8600862975736163e-06
Completed 89 % :  mod = 4.8431763092906675e-11,  Error =2.868664424227063e-06
Completed 90 % :  mod = 4.7592114727072326e-11,  Error =2.8772702407309225e-06
Completed 90 % :  mod = 4.7427201612700736e-11,  Error =2.8858808320819662e-06
Completed 90 % :  mod = 4.7718758535191735e-11,  Error =2.8945103807132e-06
Completed 90 % :  mod = 4.820231799701926e-11,  Error =2.9031378687705e-06
Completed 91 % :  mod = 4.859598167224394e-11,  Error =2.911778985037472e-06
Completed 91 % :  mod = 4.866013741899178e-11,  Error =2.9204137703686683e-06
Completed 91 % :  mod = 4.827609616960851e-11,  Error =2.9290496996736692e-06
Completed 91 % :  mod = 4.749639519034197e-11,  Error =2.9376941981240634e-06
Completed 92 % :  mod = 4.655088743029182e-11,  Error =2.946327143149574e-06
Completed 92 % :  mod = 4.5785343458099923e-11,  Error =2.9549643585369267e-06
Completed 92 % :  mod = 4.5575568223725046e-11,  Error =2.9635848832754164e-06
Completed 92 % :  mod = 4.62310526605285e-11,  Error =2.972203695605913e-06
Completed 93 % :  mod = 4.793873358147685e-11,  Error =2.9807979586848887e-06
Completed 93 % :  mod = 5.0763224246396e-11,  Error =2.9893807251824e-06
Completed 93 % :  mod = 5.46649380517938e-11,  Error =2.9979288456161157e-06
Completed 93 % :  mod = 5.955959960860763e-11,  Error =3.006444948994158e-06
Completed 94 % :  mod = 6.533500307009114e-11,  Error =3.0149302361337504e-06
Completed 94 % :  mod = 7.181676581872582e-11,  Error =3.0233601790996545e-06
Completed 94 % :  mod = 7.878078993415954e-11,  Error =3.0317445975924784e-06
Completed 94 % :  mod = 8.588094086456118e-11,  Error =3.040058295766812e-06
Completed 95 % :  mod = 9.273389986946434e-11,  Error =3.048311675968307e-06
Completed 95 % :  mod = 9.89536247208168e-11,  Error =3.056479414453861e-06
Completed 95 % :  mod = 1.043411181247223e-10,  Error =3.0645705848542093e-06
Completed 95 % :  mod = 1.0895484030673664e-10,  Error =3.0725580160151367e-06
Completed 96 % :  mod = 1.1319983158621679e-10,  Error =3.080436975722023e-06
Completed 96 % :  mod = 1.1775247418940497e-10,  Error =3.088198702982936e-06
Completed 96 % :  mod = 1.23398929274617e-10,  Error =3.0958060079910865e-06
Completed 96 % :  mod = 1.3088398276828908e-10,  Error =3.103250421077064e-06
Completed 97 % :  mod = 1.4070194553775365e-10,  Error =3.110487867274969e-06
Completed 97 % :  mod = 1.5308182046988418e-10,  Error =3.1175041428355144e-06
Completed 97 % :  mod = 1.6790664956571473e-10,  Error =3.1242525935226695e-06
Completed 97 % :  mod = 1.8485911340832511e-10,  Error =3.130717189492316e-06
Completed 98 % :  mod = 2.0332681312255554e-10,  Error =3.1368602364523213e-06
Completed 98 % :  mod = 2.225073038425096e-10,  Error =3.1426732007844294e-06
Completed 98 % :  mod = 2.4133066476367274e-10,  Error =3.148160509169884e-06
Completed 98 % :  mod = 2.5842847167750524e-10,  Error =3.1533254585269788e-06
Completed 99 % :  mod = 2.7242673661254176e-10,  Error =3.1582135022745206e-06
Completed 99 % :  mod = 2.821036132865802e-10,  Error =3.162866576644774e-06
Completed 99 % :  mod = 2.86823752348233e-10,  Error =3.1673605747073452e-06
Completed 99 % :  mod = 2.866454974343019e-10,  Error =3.1717601274294793e-06
Completed 100 % :  mod = 2.8229941735089996e-10,  Error =3.1761456895651463e-06
Finished 19/31 frames
Finished all frames!
