/opt/local/miniconda_23_9/lib/python3.11/site-packages/conda/base/context.py:201: FutureWarning: Adding 'defaults' to channel list implicitly is deprecated and will be removed in 25.3. 

To remove this warning, please choose a default channel explicitly with conda's regular configuration system, e.g. by adding 'defaults' to the list of channels:

  conda config --add channels defaults

For more information see https://docs.conda.io/projects/conda/en/stable/user-guide/configuration/use-condarc.html

  deprecated.topic(
JOB 14492 ARRAY_ID 20  -> i=20 ; range=[1.9e-10, 5.0e-10] ; intervals=30 (frames=31)
Analytic t0 extension enabled (--extend-time-using-t0).
THIS SHOULD ONLY BE REACHED ONCE
Completed 0 % :  mod = 3.120000000250104e-16,  Error =-1.4210854715202004e-14
Completed 0 % :  mod = 3.1321727053584214e-16,  Error =1.0288800922353403e-08
Completed 0 % :  mod = 3.1687858409882896e-16,  Error =2.0577509474151157e-08
Completed 0 % :  mod = 3.230125072930278e-16,  Error =3.086597644141875e-08
Completed 0 % :  mod = 3.316669019260543e-16,  Error =4.115432261642127e-08
Completed 1 % :  mod = 3.429093033658155e-16,  Error =5.144298143022752e-08
Completed 1 % :  mod = 3.5682743225511627e-16,  Error =6.173165445488848e-08
Completed 1 % :  mod = 3.735098746744774e-16,  Error =7.200888063607636e-08
Completed 1 % :  mod = 3.931237010485047e-16,  Error =8.229771708556655e-08
Completed 2 % :  mod = 4.158050791612997e-16,  Error =9.25862906342445e-08
Completed 2 % :  mod = 4.41730990922363e-16,  Error =1.028749423426234e-07
Completed 2 % :  mod = 4.711037426858413e-16,  Error =1.1316368642155794e-07
Completed 2 % :  mod = 5.041525287252825e-16,  Error =1.234524944493387e-07
Completed 3 % :  mod = 5.410921325871931e-16,  Error =1.3372984142279165e-07
Completed 3 % :  mod = 5.822924860885166e-16,  Error =1.44018720504846e-07
Completed 3 % :  mod = 6.28036481379831e-16,  Error =1.5430717326125887e-07
Completed 3 % :  mod = 6.786810563046324e-16,  Error =1.6459572549365475e-07
Completed 4 % :  mod = 7.3462139329864065e-16,  Error =1.748843700966063e-07
Completed 4 % :  mod = 7.962940004307861e-16,  Error =1.8517289390729275e-07
Completed 4 % :  mod = 8.641015629751373e-16,  Error =1.9545029772416456e-07
Completed 4 % :  mod = 9.387231278688022e-16,  Error =2.0573902759224438e-07
Completed 5 % :  mod = 1.0206695750929832e-15,  Error =2.160275585083582e-07
Completed 5 % :  mod = 1.1105803277722907e-15,  Error =2.2631616758417294e-07
Completed 5 % :  mod = 1.209156957799093e-15,  Error =2.3660449954832075e-07
Completed 5 % :  mod = 1.3171686652846892e-15,  Error =2.468932081001185e-07
Completed 6 % :  mod = 1.4353217125457136e-15,  Error =2.571706332332724e-07
Completed 6 % :  mod = 1.564799323649178e-15,  Error =2.6745910020054e-07
Completed 6 % :  mod = 1.706487097907819e-15,  Error =2.777475316406708e-07
Completed 6 % :  mod = 1.861490633864834e-15,  Error =2.8803577123426294e-07
Completed 7 % :  mod = 2.03101941743431e-15,  Error =2.983245153131975e-07
Completed 7 % :  mod = 2.2163962865017925e-15,  Error =3.086132451812773e-07
Completed 7 % :  mod = 2.419067748348065e-15,  Error =3.1890183294081e-07
Completed 7 % :  mod = 2.640359684366339e-15,  Error =3.291790875437073e-07
Completed 8 % :  mod = 2.882488198375006e-15,  Error =3.3946751187841073e-07
Completed 8 % :  mod = 3.147108834777641e-15,  Error =3.497560498999519e-07
Completed 8 % :  mod = 3.436286433562354e-15,  Error =3.600446376594846e-07
Completed 8 % :  mod = 3.7522774390086385e-15,  Error =3.7033322541901725e-07
Completed 9 % :  mod = 4.097547554099784e-15,  Error =3.806218558111141e-07
Completed 9 % :  mod = 4.4743558585127136e-15,  Error =3.908990748868746e-07
Completed 9 % :  mod = 4.886475847838294e-15,  Error =4.011878047549544e-07
Completed 9 % :  mod = 5.336725116998178e-15,  Error =4.1147643514705123e-07
Completed 10 % :  mod = 5.828616969956998e-15,  Error =4.217651792259858e-07
Completed 10 % :  mod = 6.365989634358431e-15,  Error =4.320536888258175e-07
Completed 10 % :  mod = 6.953036259953896e-15,  Error =4.423421771093672e-07
Completed 10 % :  mod = 7.593598034349495e-15,  Error =4.526195098719654e-07
Completed 11 % :  mod = 8.294089798823471e-15,  Error =4.6290794131209623e-07
Completed 11 % :  mod = 9.05930052887049e-15,  Error =4.7319647222821004e-07
Completed 11 % :  mod = 9.89520117242456e-15,  Error =4.834850741985974e-07
Completed 11 % :  mod = 1.0808314278778667e-14,  Error =4.937737116961216e-07
Completed 12 % :  mod = 1.180576489862678e-14,  Error =5.040624486696288e-07
Completed 12 % :  mod = 1.2894079695451456e-14,  Error =5.143398027485091e-07
Completed 12 % :  mod = 1.4084157498433298e-14,  Error =5.246285041948795e-07
Completed 12 % :  mod = 1.5384134292192218e-14,  Error =5.349168219481726e-07
Completed 13 % :  mod = 1.680415380902017e-14,  Error =5.452057365573637e-07
Completed 13 % :  mod = 1.8355296502041453e-14,  Error =5.554944522145888e-07
Completed 13 % :  mod = 2.0049665975970764e-14,  Error =5.657830755012583e-07
Completed 13 % :  mod = 2.1898349137492146e-14,  Error =5.760604011584292e-07
Completed 14 % :  mod = 2.3919859457624138e-14,  Error =5.863491452373637e-07
Completed 14 % :  mod = 2.6128016957809682e-14,  Error =5.966376406263407e-07
Completed 14 % :  mod = 2.854005192291162e-14,  Error =6.069259725904885e-07
Completed 14 % :  mod = 3.117478553006987e-14,  Error =6.172146029825853e-07
Completed 15 % :  mod = 3.4052776661472866e-14,  Error =6.275031481095539e-07
Completed 15 % :  mod = 3.7196482330867447e-14,  Error =6.377917927125054e-07
Completed 15 % :  mod = 4.0626473098164334e-14,  Error =6.480688270471546e-07
Completed 15 % :  mod = 4.4377098264889105e-14,  Error =6.583575355989524e-07
Completed 16 % :  mod = 4.847399887079545e-14,  Error =6.686461233584851e-07
Completed 16 % :  mod = 5.294914312931546e-14,  Error =6.789347324342998e-07
Completed 16 % :  mod = 5.783745067018576e-14,  Error =6.892232207178495e-07
Completed 16 % :  mod = 6.317706505709887e-14,  Error =6.995117161068265e-07
Completed 17 % :  mod = 6.900292559541967e-14,  Error =7.097889422880144e-07
Completed 17 % :  mod = 7.537337477945644e-14,  Error =7.20077530047547e-07
Completed 17 % :  mod = 8.233196398640765e-14,  Error =7.303660254365241e-07
Completed 17 % :  mod = 8.993299124685545e-14,  Error =7.406547553046039e-07
Completed 18 % :  mod = 9.823576749552524e-14,  Error =7.509435349106752e-07
Completed 18 % :  mod = 1.0730507946072923e-13,  Error =7.612319734562334e-07
Completed 18 % :  mod = 1.1720027137338382e-13,  Error =7.715094341165241e-07
Completed 18 % :  mod = 1.2802043762129701e-13,  Error =7.817979437163558e-07
Completed 19 % :  mod = 1.3983954990163506e-13,  Error =7.920864959487517e-07
Completed 19 % :  mod = 1.5274983295965614e-13,  Error =8.023749842323014e-07
Completed 19 % :  mod = 1.668520259096004e-13,  Error =8.126635577809793e-07
Completed 19 % :  mod = 1.8225616838011302e-13,  Error =8.229521242242299e-07
Completed 20 % :  mod = 1.9906305590421842e-13,  Error =8.332294854085376e-07
Completed 20 % :  mod = 2.1744099923800157e-13,  Error =8.435179239540957e-07
Completed 20 % :  mod = 2.375156384068144e-13,  Error =8.538063909213633e-07
Completed 20 % :  mod = 2.5944361596208773e-13,  Error =8.640949999971781e-07
Completed 21 % :  mod = 2.833960359769738e-13,  Error =8.743836303892749e-07
Completed 21 % :  mod = 3.0955979922535306e-13,  Error =8.846720760402604e-07
Completed 21 % :  mod = 3.381061053506544e-13,  Error =8.949491530074738e-07
Completed 21 % :  mod = 3.693208277251457e-13,  Error =9.052378544538442e-07
Completed 22 % :  mod = 4.0341736372860353e-13,  Error =9.155266411653429e-07
Completed 22 % :  mod = 4.406617679035453e-13,  Error =9.25815257346585e-07
Completed 22 % :  mod = 4.813446572437308e-13,  Error =9.36103454307613e-07
Completed 22 % :  mod = 5.257834787714656e-13,  Error =9.463920136454362e-07
Completed 23 % :  mod = 5.743249863371088e-13,  Error =9.566807506189434e-07
Completed 23 % :  mod = 6.272868029030417e-13,  Error =9.66957813375302e-07
Completed 23 % :  mod = 6.851993040647695e-13,  Error =9.772461950774414e-07
Completed 23 % :  mod = 7.484583996652367e-13,  Error =9.875348254695382e-07
Completed 24 % :  mod = 8.17557692553926e-13,  Error =9.978235695484727e-07
Completed 24 % :  mod = 8.930363539576193e-13,  Error =1.008112327838262e-06
Completed 24 % :  mod = 9.754833297364125e-13,  Error =1.0184008800706579e-06
Completed 24 % :  mod = 1.0654380841143866e-12,  Error =1.0286779357215892e-06
Completed 25 % :  mod = 1.1638014336507182e-12,  Error =1.0389666016408228e-06
Completed 25 % :  mod = 1.2712458013342175e-12,  Error =1.0492550899243724e-06
Completed 25 % :  mod = 1.3886095325406356e-12,  Error =1.059543812687025e-06
Completed 25 % :  mod = 1.5168083598794827e-12,  Error =1.0698322441271557e-06
Completed 26 % :  mod = 1.6568425444674916e-12,  Error =1.0801204624044658e-06
Completed 26 % :  mod = 1.809628287929716e-12,  Error =1.0903970704134736e-06
Completed 26 % :  mod = 1.976695517619113e-12,  Error =1.1006852318473648e-06
Completed 26 % :  mod = 2.159186212181292e-12,  Error =1.1109732653835636e-06
Completed 27 % :  mod = 2.3585241281341864e-12,  Error =1.1212615405042925e-06
Completed 27 % :  mod = 2.576264413749507e-12,  Error =1.131549588251346e-06
Completed 27 % :  mod = 2.8141057234676725e-12,  Error =1.1418377496852372e-06
Completed 27 % :  mod = 3.073603861830292e-12,  Error =1.1521143150616808e-06
Completed 28 % :  mod = 3.3573569070694324e-12,  Error =1.1624018370071099e-06
Completed 28 % :  mod = 3.667303888977052e-12,  Error =1.1726894086905304e-06
Completed 28 % :  mod = 4.005862240984929e-12,  Error =1.1829768169491217e-06
Completed 28 % :  mod = 4.3756723210609245e-12,  Error =1.1932637136169433e-06
Completed 29 % :  mod = 4.779617914281788e-12,  Error =1.2035506813390384e-06
Completed 29 % :  mod = 5.2203398053339755e-12,  Error =1.2138257190486001e-06
Completed 29 % :  mod = 5.702248420118825e-12,  Error =1.2241117559597114e-06
Completed 29 % :  mod = 6.228634199717861e-12,  Error =1.2343971462769332e-06
Completed 30 % :  mod = 6.803599203312498e-12,  Error =1.244682160006505e-06
Completed 30 % :  mod = 7.431622934310647e-12,  Error =1.2549662287142382e-06
Completed 30 % :  mod = 8.117596802283357e-12,  Error =1.265249970572313e-06
Completed 30 % :  mod = 8.866861649469965e-12,  Error =1.275532127920087e-06
Completed 31 % :  mod = 9.684304901473648e-12,  Error =1.2858020852490881e-06
Completed 31 % :  mod = 1.0578092691280461e-11,  Error =1.2960818125407059e-06
Completed 31 % :  mod = 1.155430908830634e-11,  Error =1.3063598842677493e-06
Completed 31 % :  mod = 1.2620537390480842e-11,  Error =1.3166356040983374e-06
Completed 32 % :  mod = 1.3785052893050011e-11,  Error =1.326908929399906e-06
Completed 32 % :  mod = 1.5056884309321588e-11,  Error =1.3371791496297192e-06
Completed 32 % :  mod = 1.644427855526468e-11,  Error =1.347434917420287e-06
Completed 32 % :  mod = 1.7961031012611806e-11,  Error =1.3576978261653494e-06
Completed 33 % :  mod = 1.9617381841544642e-11,  Error =1.3679554982104492e-06
Completed 33 % :  mod = 2.1426087857638973e-11,  Error =1.378207549862509e-06
Completed 33 % :  mod = 2.3401043662196085e-11,  Error =1.3884527447771688e-06
Completed 33 % :  mod = 2.5557374485477377e-11,  Error =1.3986893989681448e-06
Completed 34 % :  mod = 2.7908819959124225e-11,  Error =1.4089048931964498e-06
Completed 34 % :  mod = 3.047844298546364e-11,  Error =1.4191198474122757e-06
Completed 34 % :  mod = 3.3283174300215016e-11,  Error =1.429320384715993e-06
Completed 34 % :  mod = 3.634407130329495e-11,  Error =1.4395043379522576e-06
Completed 35 % :  mod = 3.968393680069771e-11,  Error =1.4496682396725191e-06
Completed 35 % :  mod = 4.332741880947015e-11,  Error =1.4598083737382694e-06
Completed 35 % :  mod = 4.7296522101518044e-11,  Error =1.4699093213721426e-06
Completed 35 % :  mod = 5.162858175851282e-11,  Error =1.4799881853377883e-06
Completed 36 % :  mod = 5.635004219537642e-11,  Error =1.4900272020668126e-06
Completed 36 % :  mod = 6.149360682987075e-11,  Error =1.5000194935055333e-06
Completed 36 % :  mod = 6.709398825213078e-11,  Error =1.5099568884124892e-06
Completed 36 % :  mod = 7.318777473241126e-11,  Error =1.5198289347040372e-06
Completed 37 % :  mod = 7.980556151935555e-11,  Error =1.5296138400344717e-06
Completed 37 % :  mod = 8.700137221628219e-11,  Error =1.5393195198498688e-06
Completed 37 % :  mod = 9.48082247061214e-11,  Error =1.5489210269947762e-06
Completed 37 % :  mod = 1.0326582375553242e-10,  Error =1.5584003918434064e-06
Completed 38 % :  mod = 1.1241223078052311e-10,  Error =1.567738472374458e-06
Completed 38 % :  mod = 1.222820159226051e-10,  Error =1.576913923884149e-06
Completed 38 % :  mod = 1.3290371391335364e-10,  Error =1.5859036466281395e-06
Completed 38 % :  mod = 1.4428337691188476e-10,  Error =1.594672596638702e-06
Completed 39 % :  mod = 1.564511536266101e-10,  Error =1.6032134979582224e-06
Completed 39 % :  mod = 1.6937988684060528e-10,  Error =1.6114900631691853e-06
Completed 39 % :  mod = 1.8302694878960057e-10,  Error =1.6194756966569912e-06
Completed 39 % :  mod = 1.9731274193889752e-10,  Error =1.6271464815531544e-06
Completed 40 % :  mod = 2.1210966440985715e-10,  Error =1.6344821247571417e-06
Completed 40 % :  mod = 2.272130893922463e-10,  Error =1.6414600594316653e-06
Completed 40 % :  mod = 2.4239623396523023e-10,  Error =1.6480898352710938e-06
Completed 40 % :  mod = 2.572990969306611e-10,  Error =1.6543670611213201e-06
Completed 41 % :  mod = 2.7148941511963135e-10,  Error =1.660308299733515e-06
Completed 41 % :  mod = 2.844490002153307e-10,  Error =1.6659436212762557e-06
Completed 41 % :  mod = 2.955894075566448e-10,  Error =1.6713165820192444e-06
Completed 41 % :  mod = 3.042758773853808e-10,  Error =1.6764792931667216e-06
Completed 42 % :  mod = 3.099128331703576e-10,  Error =1.6815125505331707e-06
Completed 42 % :  mod = 3.1195079629814424e-10,  Error =1.686489937924307e-06
Completed 42 % :  mod = 3.1000345079210674e-10,  Error =1.691495533862053e-06
Completed 42 % :  mod = 3.039104106083104e-10,  Error =1.6966151932251705e-06
Completed 43 % :  mod = 2.9379485294573954e-10,  Error =1.7019296620901514e-06
Completed 43 % :  mod = 2.8010524774293204e-10,  Error =1.7075036709002234e-06
Completed 43 % :  mod = 2.63529006289541e-10,  Error =1.7134068244217815e-06
Completed 43 % :  mod = 2.4501223050924017e-10,  Error =1.7196732358115696e-06
Completed 44 % :  mod = 2.2558962811134426e-10,  Error =1.7263239868725577e-06
Completed 44 % :  mod = 2.0626814997900024e-10,  Error =1.7333629855897925e-06
Completed 44 % :  mod = 1.8790987686122026e-10,  Error =1.740778849068647e-06
Completed 44 % :  mod = 1.7116837590225184e-10,  Error =1.7485399297356707e-06
Completed 45 % :  mod = 1.5638161887869703e-10,  Error =1.756633203342517e-06
Completed 45 % :  mod = 1.436911232762623e-10,  Error =1.765017088928289e-06
Completed 45 % :  mod = 1.3300348895806644e-10,  Error =1.7736573596494054e-06
Completed 45 % :  mod = 1.2406410250439823e-10,  Error =1.7825206342081401e-06
Completed 46 % :  mod = 1.1651575905445942e-10,  Error =1.7915762455800177e-06
Completed 46 % :  mod = 1.0995420438583156e-10,  Error =1.8007970510325322e-06
Completed 46 % :  mod = 1.0398395265407176e-10,  Error =1.8101490013577859e-06
Completed 46 % :  mod = 9.823556571136711e-11,  Error =1.8196329634179165e-06
Completed 47 % :  mod = 9.244114159020122e-11,  Error =1.8292225547611451e-06
Completed 47 % :  mod = 8.643570028386392e-11,  Error =1.838904701401134e-06
Completed 47 % :  mod = 8.01787914667209e-11,  Error =1.8486676296447513e-06
Completed 47 % :  mod = 7.375101886191608e-11,  Error =1.8585021663852785e-06
Completed 48 % :  mod = 6.733685897274029e-11,  Error =1.8683880824710286e-06
Completed 48 % :  mod = 6.115420333489117e-11,  Error =1.8783399013955204e-06
Completed 48 % :  mod = 5.544617821362415e-11,  Error =1.8883386800894186e-06
Completed 48 % :  mod = 5.0404888988120316e-11,  Error =1.8983776826075882e-06
Completed 49 % :  mod = 4.614642416373962e-11,  Error =1.9084505566979715e-06
Completed 49 % :  mod = 4.270105465843749e-11,  Error =1.918551845392358e-06
Completed 49 % :  mod = 4.002748403743244e-11,  Error =1.9286645525085078e-06
Completed 49 % :  mod = 3.802734154349127e-11,  Error =1.9388074008475087e-06
Completed 50 % :  mod = 3.659066040227915e-11,  Error =1.9489654476956275e-06
Completed 50 % :  mod = 3.560367429697671e-11,  Error =1.9591350763903392e-06
Completed 50 % :  mod = 3.496009685558993e-11,  Error =1.9693141695142913e-06
Completed 50 % :  mod = 3.455867862477888e-11,  Error =1.979500268589618e-06
Completed 51 % :  mod = 3.429837133585135e-11,  Error =1.9896805483199387e-06
Completed 51 % :  mod = 3.407865547592039e-11,  Error =1.9998762681439075e-06
Completed 51 % :  mod = 3.3813863199129436e-11,  Error =2.0100744748674515e-06
Completed 51 % :  mod = 3.345397229323399e-11,  Error =2.0202744508424075e-06
Completed 52 % :  mod = 3.300705119873708e-11,  Error =2.030474611558475e-06
Completed 52 % :  mod = 3.2550018220339464e-11,  Error =2.0406745591117215e-06
Completed 52 % :  mod = 3.2220441672551975e-11,  Error =2.050861631630596e-06
Completed 52 % :  mod = 3.218774125063694e-11,  Error =2.0610562501133245e-06
Completed 53 % :  mod = 3.261784412274441e-11,  Error =2.0712460724325865e-06
Completed 53 % :  mod = 3.363629651081989e-11,  Error =2.08142895274932e-06
Completed 53 % :  mod = 3.5307994857505336e-11,  Error =2.0916026244321984e-06
Completed 53 % :  mod = 3.7635695655355284e-11,  Error =2.101764387418825e-06
Completed 54 % :  mod = 4.057422537250104e-11,  Error =2.1119108239986417e-06
Completed 54 % :  mod = 4.404662118274286e-11,  Error =2.1220280146394543e-06
Completed 54 % :  mod = 4.797563566551878e-11,  Error =2.1321345897717947e-06
Completed 54 % :  mod = 5.2265129896477814e-11,  Error =2.1422149600880402e-06
Completed 55 % :  mod = 5.68101676983423e-11,  Error =2.152265054178315e-06
Completed 55 % :  mod = 6.148856882390365e-11,  Error =2.1622797774512037e-06
Completed 55 % :  mod = 6.616787237909315e-11,  Error =2.172254156107556e-06
Completed 55 % :  mod = 7.072678447795243e-11,  Error =2.1821710447511578e-06
Completed 56 % :  mod = 7.511828699369569e-11,  Error =2.1920456063639904e-06
Completed 56 % :  mod = 7.938540994965644e-11,  Error =2.2018581091742817e-06
Completed 56 % :  mod = 8.37111664645506e-11,  Error =2.2115987547977056e-06
Completed 56 % :  mod = 8.840992081213892e-11,  Error =2.2212540216060006e-06
Completed 57 % :  mod = 9.388583097340506e-11,  Error =2.230807943703894e-06
Completed 57 % :  mod = 1.0055467579686627e-10,  Error =2.2402307280344758e-06
Completed 57 % :  mod = 1.0879661720602555e-10,  Error =2.249520711927744e-06
Completed 57 % :  mod = 1.18848660680385e-10,  Error =2.258642140873235e-06
Completed 58 % :  mod = 1.3079663251638711e-10,  Error =2.2675659963056205e-06
Completed 58 % :  mod = 1.4456248935082865e-10,  Error =2.2762608651305527e-06
Completed 58 % :  mod = 1.5991747446514442e-10,  Error =2.2846941973853063e-06
Completed 58 % :  mod = 1.7648100133455356e-10,  Error =2.292827176120227e-06
Completed 59 % :  mod = 1.9380836392823473e-10,  Error =2.300650002950988e-06
Completed 59 % :  mod = 2.1129199260909854e-10,  Error =2.308132636130722e-06
Completed 59 % :  mod = 2.2826117701939144e-10,  Error =2.3152636074996735e-06
Completed 59 % :  mod = 2.440261165245072e-10,  Error =2.3220414462343797e-06
Completed 60 % :  mod = 2.5797759836798654e-10,  Error =2.328478181823357e-06
Completed 60 % :  mod = 2.696876428016181e-10,  Error =2.334589112251706e-06
Completed 60 % :  mod = 2.7903401635733537e-10,  Error =2.340422128099817e-06
Completed 60 % :  mod = 2.861131216166933e-10,  Error =2.3460134102037955e-06
Completed 61 % :  mod = 2.9118777184574486e-10,  Error =2.3514144160685646e-06
Completed 61 % :  mod = 2.9450803123744313e-10,  Error =2.3566821170106778e-06
Completed 61 % :  mod = 2.961659698737637e-10,  Error =2.36187775470853e-06
Completed 61 % :  mod = 2.960425902748558e-10,  Error =2.3670657611774004e-06
Completed 62 % :  mod = 2.938712219428442e-10,  Error =2.372305331732605e-06
Completed 62 % :  mod = 2.8935308555437586e-10,  Error =2.3776725086577244e-06
Completed 62 % :  mod = 2.8228914857266005e-10,  Error =2.383222152957387e-06
Completed 62 % :  mod = 2.726296803909872e-10,  Error =2.389009779335538e-06
Completed 63 % :  mod = 2.6047484050800737e-10,  Error =2.3950818288653863e-06
Completed 63 % :  mod = 2.460595671591873e-10,  Error =2.401475775570816e-06
Completed 63 % :  mod = 2.2977701211842994e-10,  Error =2.408209596183042e-06
Completed 63 % :  mod = 2.121246780858614e-10,  Error =2.415310575543117e-06
Completed 64 % :  mod = 1.938159608441085e-10,  Error =2.422770101873084e-06
Completed 64 % :  mod = 1.7566155737829966e-10,  Error =2.4305764654286577e-06
Completed 64 % :  mod = 1.5848007278908558e-10,  Error =2.4387061472452842e-06
Completed 64 % :  mod = 1.4295952881954168e-10,  Error =2.447130121652208e-06
Completed 65 % :  mod = 1.2954918555579818e-10,  Error =2.455806672685412e-06
Completed 65 % :  mod = 1.183443043667745e-10,  Error =2.4647214260653527e-06
Completed 65 % :  mod = 1.0919963895111497e-10,  Error =2.4738327581985686e-06
Completed 65 % :  mod = 1.0175900865048606e-10,  Error =2.4831120910562277e-06
Completed 66 % :  mod = 9.559039302191821e-11,  Error =2.492532999553987e-06
Completed 66 % :  mod = 9.028924112011032e-11,  Error =2.5020729523816954e-06
Completed 66 % :  mod = 8.554112022910682e-11,  Error =2.5117020570064597e-06
Completed 66 % :  mod = 8.110598028864935e-11,  Error =2.521426679891192e-06
Completed 67 % :  mod = 7.68180554088221e-11,  Error =2.5312232025953563e-06
Completed 67 % :  mod = 7.253034812530295e-11,  Error =2.5410814288306938e-06
Completed 67 % :  mod = 6.811280534240683e-11,  Error =2.5509939050039065e-06
Completed 67 % :  mod = 6.348053776958006e-11,  Error =2.5609534404225087e-06
Completed 68 % :  mod = 5.86452477459003e-11,  Error =2.570943024693406e-06
Completed 68 % :  mod = 5.37254367673203e-11,  Error =2.5809795403120006e-06
Completed 68 % :  mod = 4.897004832644157e-11,  Error =2.5910476040280628e-06
Completed 68 % :  mod = 4.468140954676052e-11,  Error =2.6011418725602198e-06
Completed 69 % :  mod = 4.113442668857549e-11,  Error =2.611258302920305e-06
Completed 69 % :  mod = 3.849387489026636e-11,  Error =2.6213930084395543e-06
Completed 69 % :  mod = 3.67694995640261e-11,  Error =2.6315419674460827e-06
Completed 69 % :  mod = 3.582805572504499e-11,  Error =2.6416913101456885e-06
Completed 70 % :  mod = 3.545086444068357e-11,  Error =2.6518606262015965e-06
Completed 70 % :  mod = 3.542143707010546e-11,  Error =2.6620358255513565e-06
Completed 70 % :  mod = 3.5587362042535894e-11,  Error =2.6722152384195397e-06
Completed 70 % :  mod = 3.588591065624906e-11,  Error =2.6823966905453744e-06
Completed 71 % :  mod = 3.631944745280501e-11,  Error =2.6925784055720214e-06
Completed 71 % :  mod = 3.689961616074087e-11,  Error =2.7027483398001095e-06
Completed 71 % :  mod = 3.7599084027043396e-11,  Error =2.7129268005410268e-06
Completed 71 % :  mod = 3.8333540346330454e-11,  Error =2.7231019785745048e-06
Completed 72 % :  mod = 3.8999103000143335e-11,  Error =2.7332720691219947e-06
Completed 72 % :  mod = 3.953961019691817e-11,  Error =2.7434359921585383e-06
Completed 72 % :  mod = 4.001120709846513e-11,  Error =2.753591452631099e-06
Completed 72 % :  mod = 4.06065238248471e-11,  Error =2.7637246731160303e-06
Completed 73 % :  mod = 4.162491341479085e-11,  Error =2.77385461799895e-06
Completed 73 % :  mod = 4.338853713171576e-11,  Error =2.7839666429940735e-06
Completed 73 % :  mod = 4.6148222609524486e-11,  Error =2.794056115362764e-06
Completed 73 % :  mod = 5.0010965926784815e-11,  Error =2.804118089727581e-06
Completed 74 % :  mod = 5.4920903851188354e-11,  Error =2.814146753848945e-06
Completed 74 % :  mod = 6.068984368663908e-11,  Error =2.8241234275583338e-06
Completed 74 % :  mod = 6.709530606978346e-11,  Error =2.8340620659150773e-06
Completed 74 % :  mod = 7.391242933279847e-11,  Error =2.843943285313344e-06
Completed 75 % :  mod = 8.097761120409938e-11,  Error =2.853758424237185e-06
Completed 75 % :  mod = 8.817761821164828e-11,  Error =2.8634973787688978e-06
Completed 75 % :  mod = 9.541444980036529e-11,  Error =2.873149469451164e-06
Completed 75 % :  mod = 1.0256622306729004e-10,  Error =2.882693728167851e-06
Completed 76 % :  mod = 1.0952705851940685e-10,  Error =2.892139008281447e-06
Completed 76 % :  mod = 1.1622057633234779e-10,  Error =2.9014603342147893e-06
Completed 76 % :  mod = 1.2272304281004852e-10,  Error =2.9106407808399126e-06
Completed 76 % :  mod = 1.2932809813576405e-10,  Error =2.919659827682608e-06
Completed 77 % :  mod = 1.3655252226509324e-10,  Error =2.928493088916184e-06
Completed 77 % :  mod = 1.4505258876456542e-10,  Error =2.937111986511809e-06
Completed 77 % :  mod = 1.554540269614771e-10,  Error =2.9454763534886297e-06
Completed 77 % :  mod = 1.6821998505506138e-10,  Error =2.953571083708084e-06
Completed 78 % :  mod = 1.8344587799556464e-10,  Error =2.9613530969641033e-06
Completed 78 % :  mod = 2.0085891836747202e-10,  Error =2.968790205670757e-06
Completed 78 % :  mod = 2.1986372039002986e-10,  Error =2.9758549615621632e-06
Completed 78 % :  mod = 2.3965468379544406e-10,  Error =2.9825286063100975e-06
Completed 79 % :  mod = 2.592973413636134e-10,  Error =2.988801504955063e-06
Completed 79 % :  mod = 2.778611766971434e-10,  Error =2.9947002744279416e-06
Completed 79 % :  mod = 2.94283130664438e-10,  Error =3.0002515671867513e-06
Completed 79 % :  mod = 3.0746275523745766e-10,  Error =3.005508887099495e-06
Completed 80 % :  mod = 3.1633710482873576e-10,  Error =3.0105452708539815e-06
Completed 80 % :  mod = 3.200918358838525e-10,  Error =3.0154489323308553e-06
Completed 80 % :  mod = 3.184156802132601e-10,  Error =3.020310785473157e-06
Completed 80 % :  mod = 3.116321814018334e-10,  Error =3.0252384206619354e-06
Completed 81 % :  mod = 3.006453295634396e-10,  Error =3.030317074603772e-06
Completed 81 % :  mod = 2.8667454527663276e-10,  Error =3.0356237985529333e-06
Completed 81 % :  mod = 2.709256705182106e-10,  Error =3.0412196920792667e-06
Completed 81 % :  mod = 2.5436040040105145e-10,  Error =3.0471484748773037e-06
Completed 82 % :  mod = 2.376643820633116e-10,  Error =3.0534288839589863e-06
Completed 82 % :  mod = 2.2126639980600598e-10,  Error =3.060085369099852e-06
Completed 82 % :  mod = 2.0557311556060953e-10,  Error =3.067107805065916e-06
Completed 82 % :  mod = 1.9094486365962674e-10,  Error =3.0744822510087033e-06
Completed 83 % :  mod = 1.7766255119632968e-10,  Error =3.0821874901221236e-06
Completed 83 % :  mod = 1.6582644038170983e-10,  Error =3.090198404720468e-06
Completed 83 % :  mod = 1.5530054373215817e-10,  Error =3.098478529750537e-06
Completed 83 % :  mod = 1.4569331489684574e-10,  Error =3.1070190402715525e-06
Completed 84 % :  mod = 1.3654592526287257e-10,  Error =3.115784295459889e-06
Completed 84 % :  mod = 1.2744894768939947e-10,  Error =3.1247502931819326e-06
Completed 84 % :  mod = 1.181927717474264e-10,  Error =3.133894580287233e-06
Completed 84 % :  mod = 1.0881910004589339e-10,  Error =3.1431976879048307e-06
Completed 85 % :  mod = 9.956627077670898e-11,  Error =3.152640573489407e-06
Completed 85 % :  mod = 9.075046455906882e-11,  Error =3.162196414052687e-06
Completed 85 % :  mod = 8.259207583841141e-11,  Error =3.1718709081474117e-06
Completed 85 % :  mod = 7.519508933983652e-11,  Error =3.1816384122862473e-06
Completed 86 % :  mod = 6.851102198225407e-11,  Error =3.1914865559201644e-06
Completed 86 % :  mod = 6.242078730624516e-11,  Error =3.201403316666074e-06
Completed 86 % :  mod = 5.682940848976027e-11,  Error =3.2113781784914863e-06
Completed 86 % :  mod = 5.173708896148522e-11,  Error =3.2213907275036036e-06
Completed 87 % :  mod = 4.721960774822421e-11,  Error =3.2314548903400464e-06
Completed 87 % :  mod = 4.3401180289971843e-11,  Error =3.2415528607998567e-06
Completed 87 % :  mod = 4.034083625492686e-11,  Error =3.2516788195380286e-06
Completed 87 % :  mod = 3.796853031982079e-11,  Error =3.261828076972506e-06
Completed 88 % :  mod = 3.6075640294143936e-11,  Error =3.271996696696533e-06
Completed 88 % :  mod = 3.4376617718721357e-11,  Error =3.282170240481719e-06
Completed 88 % :  mod = 3.2605024231821685e-11,  Error =3.292368511154109e-06
Completed 88 % :  mod = 3.06231644837305e-11,  Error =3.302578079455998e-06
Completed 89 % :  mod = 2.8461575997446238e-11,  Error =3.3127973964042212e-06
Completed 89 % :  mod = 2.629229118376575e-11,  Error =3.3230246216930936e-06
Completed 89 % :  mod = 2.433851410480854e-11,  Error =3.3332586326650926e-06
Completed 89 % :  mod = 2.2768800734715515e-11,  Error =3.3434870374549064e-06
Completed 90 % :  mod = 2.161841491184348e-11,  Error =3.353731528932258e-06
Completed 90 % :  mod = 2.0795493432303172e-11,  Error =3.3639802552443143e-06
Completed 90 % :  mod = 2.013549414553151e-11,  Error =3.374232200314964e-06
Completed 90 % :  mod = 1.9497693174932017e-11,  Error =3.3844868170263e-06
Completed 91 % :  mod = 1.8843755028126815e-11,  Error =3.3947431603564837e-06
Completed 91 % :  mod = 1.826055206805996e-11,  Error =3.405000747136455e-06
Completed 91 % :  mod = 1.791565742313219e-11,  Error =3.4152477752513732e-06
Completed 91 % :  mod = 1.7966199134529837e-11,  Error =3.4255061365229267e-06
Completed 92 % :  mod = 1.8471748745492795e-11,  Error =3.4357642491045226e-06
Completed 92 % :  mod = 1.9348614232047456e-11,  Error =3.4460213100828696e-06
Completed 92 % :  mod = 2.0396459456932354e-11,  Error =3.45627720577113e-06
Completed 92 % :  mod = 2.138370106934169e-11,  Error =3.466531168783149e-06
Completed 93 % :  mod = 2.2151456105392203e-11,  Error =3.476771539112633e-06
Completed 93 % :  mod = 2.268989208709464e-11,  Error =3.4870207201720405e-06
Completed 93 % :  mod = 2.3139116633319996e-11,  Error =3.4972662774634955e-06
Completed 93 % :  mod = 2.3729060046939842e-11,  Error =3.507507393862852e-06
Completed 94 % :  mod = 2.4677302915694954e-11,  Error =3.5177429680288697e-06
Completed 94 % :  mod = 2.6101173482909713e-11,  Error =3.527971877304026e-06
Completed 94 % :  mod = 2.7983038245177522e-11,  Error =3.538181530871043e-06
Completed 94 % :  mod = 3.021540941534921e-11,  Error =3.5483931171143013e-06
Completed 95 % :  mod = 3.267185215276331e-11,  Error =3.558592673869043e-06
Completed 95 % :  mod = 3.530156708261115e-11,  Error =3.5687782613536e-06
Completed 95 % :  mod = 3.817144451645473e-11,  Error =3.5789463979085667e-06
Completed 95 % :  mod = 4.1442605712679725e-11,  Error =3.5890934313442813e-06
Completed 96 % :  mod = 4.528485444556161e-11,  Error =3.5992042768384636e-06
Completed 96 % :  mod = 4.979611579917955e-11,  Error =3.6092972308665594e-06
Completed 96 % :  mod = 5.4911984903557484e-11,  Error =3.619355602779706e-06
Completed 96 % :  mod = 6.042557951247032e-11,  Error =3.6293734311243497e-06
Completed 97 % :  mod = 6.606009366210535e-11,  Error =3.6393442073290316e-06
Completed 97 % :  mod = 7.158702788880281e-11,  Error =3.6492602220050685e-06
Completed 97 % :  mod = 7.692745420792638e-11,  Error =3.6591027381405183e-06
Completed 97 % :  mod = 8.22209369136999e-11,  Error =3.6688828259912043e-06
Completed 98 % :  mod = 8.775331576872098e-11,  Error =3.6785780181958216e-06
Completed 98 % :  mod = 9.388088206029968e-11,  Error =3.6881740754779457e-06
Completed 98 % :  mod = 1.0091268226847176e-10,  Error =3.6976537316490976e-06
Completed 98 % :  mod = 1.0903934194593952e-10,  Error =3.70699675755759e-06
Completed 99 % :  mod = 1.1833037770836496e-10,  Error =3.7161811974328884e-06
Completed 99 % :  mod = 1.2877906979430297e-10,  Error =3.725170181212434e-06
Completed 99 % :  mod = 1.404258271344819e-10,  Error =3.733955836082714e-06
Completed 99 % :  mod = 1.5332934108353493e-10,  Error =3.742497284520141e-06
Completed 100 % :  mod = 1.6757730264763942e-10,  Error =3.750763397647461e-06
Finished 21/31 frames
Finished all frames!
