/opt/local/miniconda_23_9/lib/python3.11/site-packages/conda/base/context.py:201: FutureWarning: Adding 'defaults' to channel list implicitly is deprecated and will be removed in 25.3. 

To remove this warning, please choose a default channel explicitly with conda's regular configuration system, e.g. by adding 'defaults' to the list of channels:

  conda config --add channels defaults

For more information see https://docs.conda.io/projects/conda/en/stable/user-guide/configuration/use-condarc.html

  deprecated.topic(
JOB 14513 ARRAY_ID 10  -> i=10 ; range=[1.95e-10, 2.05e-10] ; intervals=20 (frames=21)
Analytic t0 extension enabled (--extend-time-using-t0).
Completed 0 % :  mod = 1.5980952386854135e-16,  Error =-1.4210854715202004e-14
Completed 0 % :  mod = 1.5980360807959553e-16,  Error =1.9487558233777236e-09
Completed 0 % :  mod = 1.5978586174673381e-16,  Error =3.898222189491207e-09
Completed 0 % :  mod = 1.597562853352453e-16,  Error =5.847539341630181e-09
Completed 0 % :  mod = 1.597148784315397e-16,  Error =7.797062551162526e-09
Completed 1 % :  mod = 1.596616723650827e-16,  Error =9.746010221078905e-09
Completed 1 % :  mod = 1.5959662732780733e-16,  Error =1.1695149737533939e-08
Completed 1 % :  mod = 1.5951976363733737e-16,  Error =1.364447399510027e-08
Completed 1 % :  mod = 1.5943109168512928e-16,  Error =1.559403983719676e-08
Completed 2 % :  mod = 1.593306592925622e-16,  Error =1.75428098714292e-08
Completed 2 % :  mod = 1.5921839004882708e-16,  Error =1.9492262026687968e-08
Completed 2 % :  mod = 1.5909433492892915e-16,  Error =2.1441429964852432e-08
Completed 2 % :  mod = 1.5895850065371089e-16,  Error =2.3391230286051723e-08
Completed 3 % :  mod = 1.5881095655124738e-16,  Error =2.534000742571152e-08
Completed 3 % :  mod = 1.5865160206739542e-16,  Error =2.7289708270927804e-08
Completed 3 % :  mod = 1.584805011535561e-16,  Error =2.9238940157938487e-08
Completed 3 % :  mod = 1.5829766146115011e-16,  Error =3.118826441550482e-08
Completed 4 % :  mod = 1.5810310692671642e-16,  Error =3.313736129939571e-08
Completed 4 % :  mod = 1.5789693329641092e-16,  Error =3.508620238790172e-08
Completed 4 % :  mod = 1.5767898190665237e-16,  Error =3.70358534951265e-08
Completed 4 % :  mod = 1.574493629275586e-16,  Error =3.8985440653505066e-08
Completed 5 % :  mod = 1.572080866988873e-16,  Error =4.093487149248176e-08
Completed 5 % :  mod = 1.5695526840553871e-16,  Error =4.288343546932083e-08
Completed 5 % :  mod = 1.566907376483067e-16,  Error =4.4832837886588095e-08
Completed 5 % :  mod = 1.5641460537279088e-16,  Error =4.678185661077805e-08
Completed 6 % :  mod = 1.5612688589955565e-16,  Error =4.8730960600096296e-08
Completed 6 % :  mod = 1.5582773851256768e-16,  Error =5.06796524746278e-08
Completed 6 % :  mod = 1.5551693522017066e-16,  Error =5.2628941205057345e-08
Completed 6 % :  mod = 1.5519460987052744e-16,  Error =5.457810914322181e-08
Completed 7 % :  mod = 1.5486080346077713e-16,  Error =5.652754708762586e-08
Completed 7 % :  mod = 1.5451567170767006e-16,  Error =5.8476366859849804e-08
Completed 7 % :  mod = 1.541589569444454e-16,  Error =6.042586164767272e-08
Completed 7 % :  mod = 1.5379083592926033e-16,  Error =6.237533511921356e-08
Completed 8 % :  mod = 1.5341132799746162e-16,  Error =6.432519938925907e-08
Completed 8 % :  mod = 1.5302045460404644e-16,  Error =6.627487181276592e-08
Completed 8 % :  mod = 1.526184243536255e-16,  Error =6.822377685011816e-08
Completed 8 % :  mod = 1.522049341879019e-16,  Error =7.017271030917982e-08
Completed 9 % :  mod = 1.5178016789606797e-16,  Error =7.212253194666118e-08
Completed 9 % :  mod = 1.513441737130932e-16,  Error =7.407193436392845e-08
Completed 9 % :  mod = 1.5089715476351672e-16,  Error =7.602084650670804e-08
Completed 9 % :  mod = 1.50438779089419e-16,  Error =7.797054735192432e-08
Completed 10 % :  mod = 1.499692753545406e-16,  Error =7.992017003743968e-08
Completed 10 % :  mod = 1.4948866491048108e-16,  Error =8.186972877410881e-08
Completed 10 % :  mod = 1.489971805051853e-16,  Error =8.381883986885441e-08
Completed 10 % :  mod = 1.4849447932398817e-16,  Error =8.576826360240375e-08
Completed 11 % :  mod = 1.4798077891539075e-16,  Error =8.77177868119361e-08
Completed 11 % :  mod = 1.4745611908746004e-16,  Error =8.966726028347694e-08
Completed 11 % :  mod = 1.46920767484823e-16,  Error =9.161617953168388e-08
Completed 11 % :  mod = 1.463743190474734e-16,  Error =9.356581642805395e-08
Completed 12 % :  mod = 1.4581703216595509e-16,  Error =9.551531832130422e-08
Completed 12 % :  mod = 1.452489570397915e-16,  Error =9.746413809352816e-08
Completed 12 % :  mod = 1.4467012148293073e-16,  Error =9.941358314335957e-08
Completed 12 % :  mod = 1.440808121651538e-16,  Error =1.0136218975276279e-07
Completed 13 % :  mod = 1.4348060975758897e-16,  Error =1.0331133637464518e-07
Completed 13 % :  mod = 1.4286977756216493e-16,  Error =1.0526073168648509e-07
Completed 13 % :  mod = 1.422483686218385e-16,  Error =1.0721021226345329e-07
Completed 13 % :  mod = 1.416166898723157e-16,  Error =1.0915852044490748e-07
Completed 14 % :  mod = 1.4097426687381643e-16,  Error =1.1110834208238884e-07
Completed 14 % :  mod = 1.403214086299983e-16,  Error =1.1305807134931456e-07
Completed 14 % :  mod = 1.3965816704644474e-16,  Error =1.150073600797441e-07
Completed 14 % :  mod = 1.3898484967924724e-16,  Error =1.1695598800542939e-07
Completed 15 % :  mod = 1.3830097547118082e-16,  Error =1.1890562490179946e-07
Completed 15 % :  mod = 1.3760686841855166e-16,  Error =1.2085512679504973e-07
Completed 15 % :  mod = 1.3690256491730672e-16,  Error =1.2280487027283016e-07
Completed 15 % :  mod = 1.3618841729468814e-16,  Error =1.2475354793650695e-07
Completed 16 % :  mod = 1.3546390830431915e-16,  Error =1.2670301430262043e-07
Completed 16 % :  mod = 1.3472936220099986e-16,  Error =1.2865254461758013e-07
Completed 16 % :  mod = 1.3398484453879383e-16,  Error =1.3060201098369362e-07
Completed 16 % :  mod = 1.332304133237415e-16,  Error =1.32551058129593e-07
Completed 17 % :  mod = 1.32466415764905e-16,  Error =1.3449999869408202e-07
Completed 17 % :  mod = 1.3169231197183825e-16,  Error =1.364495005873323e-07
Completed 17 % :  mod = 1.3090846264698714e-16,  Error =1.3839886747746277e-07
Completed 17 % :  mod = 1.301149099765629e-16,  Error =1.4034881701263657e-07
Completed 18 % :  mod = 1.293120539540905e-16,  Error =1.4229746625460393e-07
Completed 18 % :  mod = 1.2849930914249138e-16,  Error =1.4424706051840985e-07
Completed 18 % :  mod = 1.2767703970803023e-16,  Error =1.4619649135738655e-07
Completed 18 % :  mod = 1.2684532433626282e-16,  Error =1.481462135188849e-07
Completed 19 % :  mod = 1.2600456152144925e-16,  Error =1.5009497644769e-07
Completed 19 % :  mod = 1.251541238470949e-16,  Error =1.5204445702465819e-07
Completed 19 % :  mod = 1.242944272299515e-16,  Error =1.539935681194038e-07
Completed 19 % :  mod = 1.2342553220930015e-16,  Error =1.5594336844060308e-07
Completed 20 % :  mod = 1.225474884159776e-16,  Error =1.578929129664175e-07
Completed 20 % :  mod = 1.2166073446250366e-16,  Error =1.5984125667500848e-07
Completed 20 % :  mod = 1.207646235453381e-16,  Error =1.6179060224885689e-07
Completed 20 % :  mod = 1.1985955953541498e-16,  Error =1.6374005440411565e-07
Completed 21 % :  mod = 1.1894562913160228e-16,  Error =1.6568894523061317e-07
Completed 21 % :  mod = 1.1802326706901067e-16,  Error =1.676379000059569e-07
Completed 21 % :  mod = 1.1709178761491235e-16,  Error =1.6958711057668552e-07
Completed 21 % :  mod = 1.161516471145115e-16,  Error =1.7153652009938014e-07
Completed 22 % :  mod = 1.152029101912935e-16,  Error =1.734854535584418e-07
Completed 22 % :  mod = 1.1424601938688602e-16,  Error =1.7543369068562242e-07
Completed 22 % :  mod = 1.1328029760225894e-16,  Error =1.7738324942229156e-07
Completed 22 % :  mod = 1.1230618955038906e-16,  Error =1.7933255946900317e-07
Completed 23 % :  mod = 1.1132375778681022e-16,  Error =1.8128172740716764e-07
Completed 23 % :  mod = 1.1033349133036079e-16,  Error =1.8323031270028878e-07
Completed 23 % :  mod = 1.0933465952206595e-16,  Error =1.8518007038892392e-07
Completed 23 % :  mod = 1.0832772449739418e-16,  Error =1.8712945859533647e-07
Completed 24 % :  mod = 1.073127783835862e-16,  Error =1.8907922338939898e-07
Completed 24 % :  mod = 1.062898855973322e-16,  Error =1.9102854054153795e-07
Completed 24 % :  mod = 1.0525953076307358e-16,  Error =1.929773247866251e-07
Completed 24 % :  mod = 1.0422097975801669e-16,  Error =1.949267556256018e-07
Completed 25 % :  mod = 1.0317471343259136e-16,  Error =1.9687634988940772e-07
Completed 25 % :  mod = 1.0212079909861994e-16,  Error =1.988259157315042e-07
Completed 25 % :  mod = 1.0105976098181564e-16,  Error =2.0077509077509603e-07
Completed 25 % :  mod = 9.999081708630687e-17,  Error =2.0272464951176516e-07
Completed 26 % :  mod = 9.891446046343749e-17,  Error =2.0467392403134e-07
Completed 26 % :  mod = 9.783079166735072e-17,  Error =2.0662349697886384e-07
Completed 26 % :  mod = 9.674031651899113e-17,  Error =2.0857218885339535e-07
Completed 26 % :  mod = 9.564223456601971e-17,  Error =2.1052202470173143e-07
Completed 27 % :  mod = 9.45370822867625e-17,  Error =2.124717610740845e-07
Completed 27 % :  mod = 9.342492719983699e-17,  Error =2.1442186692866017e-07
Completed 27 % :  mod = 9.230629823554613e-17,  Error =2.1637039537836245e-07
Completed 27 % :  mod = 9.118039809517698e-17,  Error =2.1831976226849292e-07
Completed 28 % :  mod = 9.004774361151603e-17,  Error =2.2026906520977718e-07
Completed 28 % :  mod = 8.890841605505846e-17,  Error =2.2221821893708693e-07
Completed 28 % :  mod = 8.776251716901961e-17,  Error =2.2416774925204663e-07
Completed 28 % :  mod = 8.661057841694306e-17,  Error =2.2611671823824508e-07
Completed 29 % :  mod = 8.545176243355495e-17,  Error =2.280662627640595e-07
Completed 29 % :  mod = 8.428662937522635e-17,  Error =2.3001562965418998e-07
Completed 29 % :  mod = 8.311525063798389e-17,  Error =2.3196503207145724e-07
Completed 29 % :  mod = 8.193818710198165e-17,  Error =2.3391385184368119e-07
Completed 30 % :  mod = 8.075459612866939e-17,  Error =2.3586348874005125e-07
Completed 30 % :  mod = 7.956501900436045e-17,  Error =2.378131114255666e-07
Completed 30 % :  mod = 7.836954801139191e-17,  Error =2.3976240015599615e-07
Completed 30 % :  mod = 7.716876791475807e-17,  Error =2.4171151125074175e-07
Completed 31 % :  mod = 7.596178618657798e-17,  Error =2.4366111261997503e-07
Completed 31 % :  mod = 7.47491775105822e-17,  Error =2.456109200466017e-07
Completed 31 % :  mod = 7.353104616322672e-17,  Error =2.475599316653643e-07
Completed 31 % :  mod = 7.230795302466563e-17,  Error =2.4950826116310054e-07
Completed 32 % :  mod = 7.107901575167927e-17,  Error =2.514577985834876e-07
Completed 32 % :  mod = 6.984482717427291e-17,  Error =2.534076841698152e-07
Completed 32 % :  mod = 6.860545827488286e-17,  Error =2.5535696579481737e-07
Completed 32 % :  mod = 6.736100893556808e-17,  Error =2.5730663111289687e-07
Completed 33 % :  mod = 6.611208501442849e-17,  Error =2.592552377223001e-07
Completed 33 % :  mod = 6.485775738084102e-17,  Error =2.6120463303414e-07
Completed 33 % :  mod = 6.359862739511102e-17,  Error =2.6315392176456953e-07
Completed 33 % :  mod = 6.23347981963211e-17,  Error =2.651033739198283e-07
Completed 34 % :  mod = 6.10668543943692e-17,  Error =2.6705257738512955e-07
Completed 34 % :  mod = 5.979388148938933e-17,  Error =2.6900175953414873e-07
Completed 34 % :  mod = 5.851649133654085e-17,  Error =2.709512756382537e-07
Completed 34 % :  mod = 5.723475734810313e-17,  Error =2.72900678055521e-07
Completed 35 % :  mod = 5.59493046658241e-17,  Error =2.748491709780865e-07
Completed 35 % :  mod = 5.4659205037960115e-17,  Error =2.767986302387726e-07
Completed 35 % :  mod = 5.336504674502306e-17,  Error =2.7874798291804836e-07
Completed 35 % :  mod = 5.206694052581744e-17,  Error =2.8069729296476e-07
Completed 36 % :  mod = 5.076498791676345e-17,  Error =2.8264649643006123e-07
Completed 36 % :  mod = 4.945979017476884e-17,  Error =2.8459508882860973e-07
Completed 36 % :  mod = 4.815041041439231e-17,  Error =2.8654468309241565e-07
Completed 36 % :  mod = 4.683747362228544e-17,  Error =2.884943413050678e-07
Completed 37 % :  mod = 4.5521058845895514e-17,  Error =2.9044417715340387e-07
Completed 37 % :  mod = 4.420180559923361e-17,  Error =2.923928477116533e-07
Completed 37 % :  mod = 4.2878759987957097e-17,  Error =2.943422146017838e-07
Completed 37 % :  mod = 4.155252704298526e-17,  Error =2.9629193676328214e-07
Completed 38 % :  mod = 4.022322179412204e-17,  Error =2.9824172997905407e-07
Completed 38 % :  mod = 3.8891481170439095e-17,  Error =3.001908410737997e-07
Completed 38 % :  mod = 3.75563155020323e-17,  Error =3.0214032165076787e-07
Completed 38 % :  mod = 3.621837402228493e-17,  Error =3.040897169626078e-07
Completed 39 % :  mod = 3.487775780232808e-17,  Error =3.060391904341486e-07
Completed 39 % :  mod = 3.35350861936454e-17,  Error =3.079876691458594e-07
Completed 39 % :  mod = 3.218940116599119e-17,  Error =3.0993724209338325e-07
Completed 39 % :  mod = 3.084133742538922e-17,  Error =3.1188665161607787e-07
Completed 40 % :  mod = 2.949097862047893e-17,  Error =3.138364448318498e-07
Completed 40 % :  mod = 2.8138442727895195e-17,  Error =3.157862309421944e-07
Completed 40 % :  mod = 2.6784372311877594e-17,  Error =3.177354201966409e-07
Completed 40 % :  mod = 2.5427763743849162e-17,  Error =3.196852347286949e-07
Completed 41 % :  mod = 2.4069279492082978e-17,  Error =3.216347366219452e-07
Completed 41 % :  mod = 2.27090172672889e-17,  Error =3.235842811477596e-07
Completed 41 % :  mod = 2.1347608570165823e-17,  Error =3.2553280249203453e-07
Completed 41 % :  mod = 1.9984082445770976e-17,  Error =3.274821906984471e-07
Completed 42 % :  mod = 1.8619079700585144e-17,  Error =3.294313799528936e-07
Completed 42 % :  mod = 1.7252686671584764e-17,  Error =3.313808818461439e-07
Completed 42 % :  mod = 1.588557528792117e-17,  Error =3.3332941740127353e-07
Completed 42 % :  mod = 1.45167423346077e-17,  Error =3.3527867770999364e-07
Completed 43 % :  mod = 1.314682205237903e-17,  Error =3.3722775327760246e-07
Completed 43 % :  mod = 1.17759391387125e-17,  Error =3.3917696384833107e-07
Completed 43 % :  mod = 1.0404734865377994e-17,  Error =3.411256344065805e-07
Completed 43 % :  mod = 9.032200072028196e-18,  Error =3.4307487339901854e-07
Completed 44 % :  mod = 7.659007773488996e-18,  Error =3.450244463465424e-07
Completed 44 % :  mod = 6.285247253567759e-18,  Error =3.469740761374851e-07
Completed 44 % :  mod = 4.911011931974917e-18,  Error =3.489239901455221e-07
Completed 44 % :  mod = 3.536974099753322e-18,  Error =3.508729164991564e-07
Completed 45 % :  mod = 2.162122011616245e-18,  Error =3.528226173443727e-07
Completed 45 % :  mod = 7.871030914893741e-19,  Error =3.5477272319894837e-07
Completed 45 % :  mod = 5.879655628718268e-19,  Error =3.5672243825501937e-07
Completed 45 % :  mod = 1.962441283830192e-18,  Error =3.586711230241235e-07
Completed 46 % :  mod = 3.337329406022703e-18,  Error =3.606208949236134e-07
Completed 46 % :  mod = 4.711961877707147e-18,  Error =3.62570304446308e-07
Completed 46 % :  mod = 6.08624750222099e-18,  Error =3.645193800139168e-07
Completed 46 % :  mod = 7.459539424325215e-18,  Error =3.664679226744738e-07
Completed 47 % :  mod = 8.832819972696018e-18,  Error =3.684173890405873e-07
Completed 47 % :  mod = 1.0205450822394448e-17,  Error =3.7036712541294037e-07
Completed 47 % :  mod = 1.1577332556650636e-17,  Error =3.7231671257131893e-07
Completed 47 % :  mod = 1.2947798157698132e-17,  Error =3.742655252381155e-07
Completed 48 % :  mod = 1.4317858130052748e-17,  Error =3.762147571251262e-07
Completed 48 % :  mod = 1.5686864481102124e-17,  Error =3.781644366540604e-07
Completed 48 % :  mod = 1.7054700371584738e-17,  Error =3.80114123288422e-07
Completed 48 % :  mod = 1.8421276931283528e-17,  Error =3.8206382413363826e-07
Completed 49 % :  mod = 1.9785948338935244e-17,  Error =3.8401220336936603e-07
Completed 49 % :  mod = 2.1149692839011805e-17,  Error =3.8596163420834273e-07
Completed 49 % :  mod = 2.2511875001706407e-17,  Error =3.879107666193704e-07
Completed 49 % :  mod = 2.3872395565345544e-17,  Error =3.89859877714116e-07
Completed 50 % :  mod = 2.5230594801691915e-17,  Error =3.918086761700579e-07
Completed 50 % :  mod = 2.6587475563840664e-17,  Error =3.9375782989736763e-07
Completed 50 % :  mod = 2.79423935297934e-17,  Error =3.957074454774556e-07
Completed 50 % :  mod = 2.9295232480674065e-17,  Error =3.9765715342809926e-07
Completed 51 % :  mod = 3.0645367843421386e-17,  Error =3.996058381972034e-07
Completed 51 % :  mod = 3.1993781274627313e-17,  Error =4.015554537772914e-07
Completed 51 % :  mod = 3.333981537250002e-17,  Error =4.035049343542596e-07
Completed 51 % :  mod = 3.468338778086977e-17,  Error =4.0545467783204003e-07
Completed 52 % :  mod = 3.6024394378376955e-17,  Error =4.074039594570422e-07
Completed 52 % :  mod = 3.736218799958983e-17,  Error =4.093524168524709e-07
Completed 52 % :  mod = 3.8697758521207684e-17,  Error =4.113022669116617e-07
Completed 52 % :  mod = 4.003046622242428e-17,  Error =4.1325098720790265e-07
Completed 53 % :  mod = 4.1360198658375097e-17,  Error =4.1520041804687935e-07
Completed 53 % :  mod = 4.26863479030087e-17,  Error =4.1714897491829106e-07
Completed 53 % :  mod = 4.4009868832944704e-17,  Error =4.1909837023013097e-07
Completed 53 % :  mod = 4.5330123226641736e-17,  Error =4.2104755237915015e-07
Completed 54 % :  mod = 4.664703084758038e-17,  Error =4.2299678426616083e-07
Completed 54 % :  mod = 4.79599594712787e-17,  Error =4.2494545482441026e-07
Completed 54 % :  mod = 4.926985782220051e-17,  Error =4.268951485641992e-07
Completed 54 % :  mod = 5.0576115441053744e-17,  Error =4.2884414597210707e-07
Completed 55 % :  mod = 5.187863017103275e-17,  Error =4.307933352265536e-07
Completed 55 % :  mod = 5.317677407865503e-17,  Error =4.3274182104369174e-07
Completed 55 % :  mod = 5.447151051914147e-17,  Error =4.3469125188266844e-07
Completed 55 % :  mod = 5.576221481603324e-17,  Error =4.36640640089081e-07
Completed 56 % :  mod = 5.704878098681434e-17,  Error =4.3859021303660484e-07
Completed 56 % :  mod = 5.833113101801326e-17,  Error =4.405395301887438e-07
Completed 56 % :  mod = 5.960865088312154e-17,  Error =4.4248828601212153e-07
Completed 56 % :  mod = 6.088226294022097e-17,  Error =4.444378873813548e-07
Completed 57 % :  mod = 6.21513769442457e-17,  Error =4.4638727558776736e-07
Completed 57 % :  mod = 6.341588996290826e-17,  Error =4.4833644352593183e-07
Completed 57 % :  mod = 6.467519536262691e-17,  Error =4.5028502881905297e-07
Completed 57 % :  mod = 6.593022930505991e-17,  Error =4.5223450939602117e-07
Completed 58 % :  mod = 6.718038127921642e-17,  Error =4.541840326055535e-07
Completed 58 % :  mod = 6.842555026566412e-17,  Error =4.5613355581508586e-07
Completed 58 % :  mod = 6.966516716414157e-17,  Error =4.5808255322299374e-07
Completed 58 % :  mod = 7.090012264137335e-17,  Error =4.600320764325261e-07
Completed 59 % :  mod = 7.212982102392083e-17,  Error =4.6198176306688765e-07
Completed 59 % :  mod = 7.335418683155313e-17,  Error =4.6393110864073606e-07
Completed 59 % :  mod = 7.457263230074623e-17,  Error =4.658799070966779e-07
Completed 59 % :  mod = 7.578603987811736e-17,  Error =4.6782960083646685e-07
Completed 60 % :  mod = 7.699384382382633e-17,  Error =4.6977889667232375e-07
Completed 60 % :  mod = 7.81959463237657e-17,  Error =4.7172820671903537e-07
Completed 60 % :  mod = 7.939225432011656e-17,  Error =4.7367794309138844e-07
Completed 60 % :  mod = 8.058221504943458e-17,  Error =4.7562672023104824e-07
Completed 61 % :  mod = 8.176668717689436e-17,  Error =4.775766555553673e-07
Completed 61 % :  mod = 8.294510206752357e-17,  Error =4.795260224454978e-07
Completed 61 % :  mod = 8.411738082897128e-17,  Error =4.814753893356283e-07
Completed 61 % :  mod = 8.528296475243251e-17,  Error =4.834238751527664e-07
Completed 62 % :  mod = 8.644269864780661e-17,  Error =4.85373263359179e-07
Completed 62 % :  mod = 8.759603621399778e-17,  Error =4.873226231438821e-07
Completed 62 % :  mod = 8.874288765021076e-17,  Error =4.892720966154229e-07
Completed 62 % :  mod = 8.988270934368676e-17,  Error =4.912200566309366e-07
Completed 63 % :  mod = 9.101633705703716e-17,  Error =4.931689119302973e-07
Completed 63 % :  mod = 9.214322671221408e-17,  Error =4.951184351398297e-07
Completed 63 % :  mod = 9.326329109336167e-17,  Error =4.97067759397396e-07
Completed 63 % :  mod = 9.43760095936819e-17,  Error =4.990166644347482e-07
Completed 64 % :  mod = 9.548218943805506e-17,  Error =5.009658892163316e-07
Completed 64 % :  mod = 9.658129616440785e-17,  Error =5.029152134738979e-07
Completed 64 % :  mod = 9.767325651555728e-17,  Error =5.048644240446265e-07
Completed 64 % :  mod = 9.875798803193603e-17,  Error =5.068135422447995e-07
Completed 65 % :  mod = 9.983497274338428e-17,  Error =5.087622838573225e-07
Completed 65 % :  mod = 1.0090500184815793e-16,  Error =5.107115441660426e-07
Completed 65 % :  mod = 1.0196756233918085e-16,  Error =5.126609323724551e-07
Completed 65 % :  mod = 1.030225682413681e-16,  Error =5.146107469045091e-07
Completed 66 % :  mod = 1.0406953043248374e-16,  Error =5.165594174627586e-07
Completed 66 % :  mod = 1.0510921136625738e-16,  Error =5.185091751513937e-07
Completed 66 % :  mod = 1.0614110491155172e-16,  Error =5.204588973128921e-07
Completed 66 % :  mod = 1.0716514365314682e-16,  Error =5.224080084076377e-07
Completed 67 % :  mod = 1.0818084544814316e-16,  Error =5.243561460588353e-07
Completed 67 % :  mod = 1.0918894162759981e-16,  Error =5.26305875325761e-07
Completed 67 % :  mod = 1.1018895790683303e-16,  Error =5.282553274810198e-07
Completed 67 % :  mod = 1.1118081761653982e-16,  Error =5.302049501665351e-07
Completed 68 % :  mod = 1.1216444341533288e-16,  Error =5.321549139125636e-07
Completed 68 % :  mod = 1.1313937771723712e-16,  Error =5.341037976336338e-07
Completed 68 % :  mod = 1.1410632833036294e-16,  Error =5.360532213671831e-07
Completed 68 % :  mod = 1.1506482836295334e-16,  Error =5.380027303658608e-07
Completed 69 % :  mod = 1.1601481029639083e-16,  Error =5.399523246296667e-07
Completed 69 % :  mod = 1.169558288490119e-16,  Error =5.41900952555352e-07
Completed 69 % :  mod = 1.1788856303270188e-16,  Error =5.438502199694994e-07
Completed 69 % :  mod = 1.188125710296161e-16,  Error =5.457994518565101e-07
Completed 70 % :  mod = 1.1972778439055888e-16,  Error =5.477490887528802e-07
Completed 70 % :  mod = 1.2063376682945587e-16,  Error =5.496978516816853e-07
Completed 70 % :  mod = 1.2153118815580808e-16,  Error =5.516470622524139e-07
Completed 70 % :  mod = 1.2241961192844483e-16,  Error =5.535965001968179e-07
Completed 71 % :  mod = 1.2329896690643585e-16,  Error =5.555457320838286e-07
Completed 71 % :  mod = 1.241688530445574e-16,  Error =5.574942463226762e-07
Completed 71 % :  mod = 1.2502989532946105e-16,  Error =5.594436913725076e-07
Completed 71 % :  mod = 1.2588167598323868e-16,  Error =5.613928806269541e-07
Completed 72 % :  mod = 1.267241441342826e-16,  Error =5.633420130379818e-07
Completed 72 % :  mod = 1.2755722652540983e-16,  Error =5.652912733467019e-07
Completed 72 % :  mod = 1.2838053283076882e-16,  Error =5.672401712786268e-07
Completed 72 % :  mod = 1.291946713900013e-16,  Error =5.691894884307658e-07
Completed 73 % :  mod = 1.2999924251977505e-16,  Error =5.711391395379906e-07
Completed 73 % :  mod = 1.3079418485362837e-16,  Error =5.730883785304286e-07
Completed 73 % :  mod = 1.315791382578021e-16,  Error =5.750371769863705e-07
Completed 73 % :  mod = 1.3235466418113696e-16,  Error =5.769865580873557e-07
Completed 74 % :  mod = 1.3312038842780338e-16,  Error =5.78935981820905e-07
Completed 74 % :  mod = 1.338762648824822e-16,  Error =5.808853131838987e-07
Completed 74 % :  mod = 1.3462192725925844e-16,  Error =5.828341897995415e-07
Completed 74 % :  mod = 1.3535792304830001e-16,  Error =5.847836419548003e-07
Completed 75 % :  mod = 1.3608390390317147e-16,  Error =5.867332575348883e-07
Completed 75 % :  mod = 1.3679980463170077e-16,  Error =5.886824894218989e-07
Completed 75 % :  mod = 1.3750529410314897e-16,  Error =5.906317426251917e-07
Completed 75 % :  mod = 1.3820089400998863e-16,  Error =5.925815358409636e-07
Completed 76 % :  mod = 1.3888625657447097e-16,  Error =5.945312153698978e-07
Completed 76 % :  mod = 1.3956133506089138e-16,  Error =5.964806462088745e-07
Completed 76 % :  mod = 1.402260873864362e-16,  Error =5.984304038975097e-07
Completed 76 % :  mod = 1.4088019250163018e-16,  Error =6.003791810371695e-07
Completed 77 % :  mod = 1.4152413244597528e-16,  Error =6.02328746879266e-07
Completed 77 % :  mod = 1.4215760064565698e-16,  Error =6.042780640314049e-07
Completed 77 % :  mod = 1.4278053945652634e-16,  Error =6.062276156626467e-07
Completed 77 % :  mod = 1.4339266422505506e-16,  Error =6.08176641492264e-07
Completed 78 % :  mod = 1.4399442545448425e-16,  Error =6.101257739032917e-07
Completed 78 % :  mod = 1.4458552086199883e-16,  Error =6.120751407934222e-07
Completed 78 % :  mod = 1.451659102259415e-16,  Error =6.140244366292791e-07
Completed 78 % :  mod = 1.457353312266605e-16,  Error =6.159727803378701e-07
Completed 79 % :  mod = 1.462941860290299e-16,  Error =6.179221898605647e-07
Completed 79 % :  mod = 1.4684220972845853e-16,  Error =6.198716988592423e-07
Completed 79 % :  mod = 1.4737936732486672e-16,  Error =6.218209875896719e-07
Completed 79 % :  mod = 1.4790539732578333e-16,  Error =6.237697860456137e-07
Completed 80 % :  mod = 1.4842069295219206e-16,  Error =6.257194797854027e-07
Completed 80 % :  mod = 1.489250048091382e-16,  Error =6.27669102470918e-07
Completed 80 % :  mod = 1.4941828507524262e-16,  Error =6.296185830478862e-07
Completed 80 % :  mod = 1.4990050521277416e-16,  Error =6.315677438806233e-07
Completed 81 % :  mod = 1.5037144545018384e-16,  Error =6.33516599179984e-07
Completed 81 % :  mod = 1.5083143764199365e-16,  Error =6.354661437057985e-07
Completed 81 % :  mod = 1.512802654804734e-16,  Error =6.374156811261855e-07
Completed 81 % :  mod = 1.5171789530971193e-16,  Error =6.393651332814443e-07
Completed 82 % :  mod = 1.5214411847339972e-16,  Error =6.413140809513607e-07
Completed 82 % :  mod = 1.5255925291908472e-16,  Error =6.432635828446109e-07
Completed 82 % :  mod = 1.5296309634940837e-16,  Error =6.452132126355536e-07
Completed 82 % :  mod = 1.5335560704344852e-16,  Error =6.471628921644879e-07
Completed 83 % :  mod = 1.537366177039263e-16,  Error =6.491112998219251e-07
Completed 83 % :  mod = 1.5410640559144325e-16,  Error =6.51061093037697e-07
Completed 83 % :  mod = 1.5446477569816998e-16,  Error =6.530105451929558e-07
Completed 83 % :  mod = 1.5481171618508398e-16,  Error =6.54960025769924e-07
Completed 84 % :  mod = 1.5514719748047833e-16,  Error =6.569092931840714e-07
Completed 84 % :  mod = 1.5547105730185663e-16,  Error =6.588581342725774e-07
Completed 84 % :  mod = 1.557835447339808e-16,  Error =6.608079061720673e-07
Completed 84 % :  mod = 1.5608450033778782e-16,  Error =6.62757237535061e-07
Completed 85 % :  mod = 1.5637389237022164e-16,  Error =6.647065049492085e-07
Completed 85 % :  mod = 1.566516042505147e-16,  Error =6.666550689260475e-07
Completed 85 % :  mod = 1.569178331061467e-16,  Error =6.6860483372011e-07
Completed 85 % :  mod = 1.571724354729802e-16,  Error =6.705547050955829e-07
Completed 86 % :  mod = 1.5741540964495514e-16,  Error =6.725046546307567e-07
Completed 86 % :  mod = 1.5764663816242457e-16,  Error =6.744534530866986e-07
Completed 86 % :  mod = 1.5786628403166793e-16,  Error =6.764026068140083e-07
Completed 86 % :  mod = 1.5807424783591536e-16,  Error =6.783521726561048e-07
Completed 87 % :  mod = 1.5827051008472367e-16,  Error =6.803017313927739e-07
Completed 87 % :  mod = 1.5845497482514181e-16,  Error =6.82250394845596e-07
Completed 87 % :  mod = 1.5862779296593278e-16,  Error =6.841994562023501e-07
Completed 87 % :  mod = 1.5878886436654368e-16,  Error =6.861488728304721e-07
Completed 88 % :  mod = 1.589381740343259e-16,  Error =6.880984386725686e-07
Completed 88 % :  mod = 1.590757251229055e-16,  Error =6.900475710835963e-07
Completed 88 % :  mod = 1.5920144830420744e-16,  Error =6.9199614927129e-07
Completed 88 % :  mod = 1.5931543203485845e-16,  Error =6.93945644059113e-07
Completed 89 % :  mod = 1.5941762942405755e-16,  Error =6.958949612112519e-07
Completed 89 % :  mod = 1.5950801943039792e-16,  Error =6.978446052130494e-07
Completed 89 % :  mod = 1.5958656731229382e-16,  Error =6.997936594643761e-07
Completed 89 % :  mod = 1.5965334157063974e-16,  Error =7.017427776645491e-07
Completed 90 % :  mod = 1.5970829102363528e-16,  Error =7.036924785097654e-07
Completed 90 % :  mod = 1.5975141194896767e-16,  Error =7.056420798789986e-07
Completed 90 % :  mod = 1.5978270522551631e-16,  Error =7.075908996512226e-07
Completed 90 % :  mod = 1.5980217659184672e-16,  Error =7.095404939150285e-07
Completed 91 % :  mod = 1.5980981555310486e-16,  Error =7.114899389648599e-07
Completed 91 % :  mod = 1.5980563125997626e-16,  Error =7.134396255992215e-07
Completed 91 % :  mod = 1.597896176637027e-16,  Error =7.153883245791803e-07
Completed 91 % :  mod = 1.5976176856042956e-16,  Error =7.173375351499089e-07
Completed 92 % :  mod = 1.597220997182873e-16,  Error =7.192867030880734e-07
Completed 92 % :  mod = 1.5967059800578367e-16,  Error =7.212361339270501e-07
Completed 92 % :  mod = 1.5960727562383272e-16,  Error =7.231855718714542e-07
Completed 92 % :  mod = 1.5953217682659722e-16,  Error =7.251343987491055e-07
Completed 93 % :  mod = 1.5944522892558084e-16,  Error =7.270837443229539e-07
Completed 93 % :  mod = 1.5934647896668092e-16,  Error =7.290332248999221e-07
Completed 93 % :  mod = 1.592359386338236e-16,  Error =7.309825704737705e-07
Completed 93 % :  mod = 1.591136503200153e-16,  Error =7.32931084712618e-07
Completed 94 % :  mod = 1.5897953999259117e-16,  Error =7.348804516027485e-07
Completed 94 % :  mod = 1.5883366405492924e-16,  Error =7.368300529719818e-07
Completed 94 % :  mod = 1.5867601930170464e-16,  Error =7.387798248714716e-07
Completed 94 % :  mod = 1.5850670344362722e-16,  Error =7.407284883242937e-07
Completed 95 % :  mod = 1.583255911111354e-16,  Error =7.426776349461761e-07
Completed 95 % :  mod = 1.5813274780659391e-16,  Error =7.446270871014349e-07
Completed 95 % :  mod = 1.5792820186093876e-16,  Error =7.46576546362121e-07
Completed 95 % :  mod = 1.5771205687854167e-16,  Error =7.48525387450627e-07
Completed 96 % :  mod = 1.574841412711243e-16,  Error =7.504750882958433e-07
Completed 96 % :  mod = 1.5724457203304457e-16,  Error =7.524247820356322e-07
Completed 96 % :  mod = 1.5699336358826438e-16,  Error =7.543739215520873e-07
Completed 96 % :  mod = 1.5673052260592744e-16,  Error =7.563238284546969e-07
Completed 97 % :  mod = 1.5645619684117066e-16,  Error =7.582725203292284e-07
Completed 97 % :  mod = 1.5617018198038274e-16,  Error =7.602219795899146e-07
Completed 97 % :  mod = 1.558725970858731e-16,  Error =7.62171346480045e-07
Completed 97 % :  mod = 1.5556347963926325e-16,  Error =7.641205783670557e-07
Completed 98 % :  mod = 1.5524297599982281e-16,  Error =7.660689220756467e-07
Completed 98 % :  mod = 1.5491084638857173e-16,  Error =7.680186868697092e-07
Completed 98 % :  mod = 1.5456725469066887e-16,  Error =7.699685014017632e-07
Completed 98 % :  mod = 1.5421221858709982e-16,  Error =7.719179109244578e-07
Completed 99 % :  mod = 1.538459070295047e-16,  Error =7.738666738532629e-07
Completed 99 % :  mod = 1.5346806715911e-16,  Error =7.758164670690348e-07
Completed 99 % :  mod = 1.5307886508412247e-16,  Error =7.777659050134389e-07
Completed 99 % :  mod = 1.5267832251803322e-16,  Error =7.797152932198514e-07
Completed 100 % :  mod = 1.5226664951301902e-16,  Error =7.816638287749811e-07
Finished 11/21 frames
Finished all frames!
