/opt/local/miniconda_23_9/lib/python3.11/site-packages/conda/base/context.py:201: FutureWarning: Adding 'defaults' to channel list implicitly is deprecated and will be removed in 25.3. 

To remove this warning, please choose a default channel explicitly with conda's regular configuration system, e.g. by adding 'defaults' to the list of channels:

  conda config --add channels defaults

For more information see https://docs.conda.io/projects/conda/en/stable/user-guide/configuration/use-condarc.html

  deprecated.topic(
JOB 14477 ARRAY_ID 5  -> i=5 ; range=[1.9e-10, 5.0e-10] ; intervals=30 (frames=31)
Analytic t0 extension enabled (--extend-time-using-t0).
Completed 0 % :  mod = 1.9200000011083492e-16,  Error =-1.4210854715202004e-14
Completed 0 % :  mod = 1.9271859786175146e-16,  Error =3.149750682496233e-09
Completed 0 % :  mod = 1.9487827565805518e-16,  Error =6.297852905845502e-09
Completed 0 % :  mod = 1.9849518409780863e-16,  Error =9.44584144235705e-09
Completed 0 % :  mod = 2.0359940019186725e-16,  Error =1.2595656073699502e-08
Completed 1 % :  mod = 2.1022380354239942e-16,  Error =1.574346697452711e-08
Completed 1 % :  mod = 2.184201873396771e-16,  Error =1.889141998390187e-08
Completed 1 % :  mod = 2.28255361307415e-16,  Error =2.2041220404389605e-08
Completed 1 % :  mod = 2.3979269161643773e-16,  Error =2.5189152097482292e-08
Completed 2 % :  mod = 2.531231003053159e-16,  Error =2.8337332480532496e-08
Completed 2 % :  mod = 2.6835466162300683e-16,  Error =3.148722527157588e-08
Completed 2 % :  mod = 2.855855061769268e-16,  Error =3.463539144377137e-08
Completed 2 % :  mod = 3.049518616183742e-16,  Error =3.778298918177825e-08
Completed 3 % :  mod = 3.2659853118685276e-16,  Error =4.093087824230679e-08
Completed 3 % :  mod = 3.5070051497051304e-16,  Error =4.408062892480302e-08
Completed 3 % :  mod = 3.7741310020613506e-16,  Error =4.722871693729758e-08
Completed 3 % :  mod = 4.0694784629699267e-16,  Error =5.037662731410819e-08
Completed 4 % :  mod = 4.395432796649071e-16,  Error =5.352641352374121e-08
Completed 4 % :  mod = 4.754094183654783e-16,  Error =5.6674657855637633e-08
Completed 4 % :  mod = 5.148305023366948e-16,  Error =5.982271744642276e-08
Completed 4 % :  mod = 5.581247393782068e-16,  Error =6.297239707464541e-08
Completed 5 % :  mod = 6.055710680274572e-16,  Error =6.612034297859282e-08
Completed 5 % :  mod = 6.575456447388963e-16,  Error =6.926833151510436e-08
Completed 5 % :  mod = 7.144678913387217e-16,  Error =7.241811772473739e-08
Completed 5 % :  mod = 7.767045494150495e-16,  Error =7.556636205663381e-08
Completed 6 % :  mod = 8.447491220557616e-16,  Error =7.87145282288293e-08
Completed 6 % :  mod = 9.191104322506722e-16,  Error =8.186282940414458e-08
Completed 6 % :  mod = 1.0003884329606928e-15,  Error =8.501265114091439e-08
Completed 6 % :  mod = 1.0891067816259479e-15,  Error =8.816082441853723e-08
Completed 7 % :  mod = 1.1859690786958607e-15,  Error =9.130896927445065e-08
Completed 7 % :  mod = 1.291756761178122e-15,  Error =9.445871285151952e-08
Completed 7 % :  mod = 1.407151406045141e-15,  Error =9.760660191204806e-08
Completed 7 % :  mod = 1.5330682227804513e-15,  Error =1.0075459755398697e-07
Completed 8 % :  mod = 1.6705229878320994e-15,  Error =1.0390444771246621e-07
Completed 8 % :  mod = 1.820401309715206e-15,  Error =1.0705250730325133e-07
Completed 8 % :  mod = 1.9838919504709843e-15,  Error =1.1020082979484869e-07
Completed 8 % :  mod = 2.1622174209028437e-15,  Error =1.1334885385849702e-07
Completed 9 % :  mod = 2.3568162324535745e-15,  Error =1.1649835585103574e-07
Completed 9 % :  mod = 2.568942161182392e-15,  Error =1.1964655755036802e-07
Completed 9 % :  mod = 2.8002777347448376e-15,  Error =1.2279442529461448e-07
Completed 9 % :  mod = 3.0526890236957775e-15,  Error =1.2594398413057206e-07
Completed 10 % :  mod = 3.327802299033896e-15,  Error =1.2909218582990434e-07
Completed 10 % :  mod = 3.627799695475152e-15,  Error =1.322401033121423e-07
Completed 10 % :  mod = 3.955101162575203e-15,  Error =1.353898611000659e-07
Completed 10 % :  mod = 4.3118154371429075e-15,  Error =1.3853793490170574e-07
Completed 11 % :  mod = 4.700771943403062e-15,  Error =1.416861223901833e-07
Completed 11 % :  mod = 5.125108183105947e-15,  Error =1.4483612176263705e-07
Completed 11 % :  mod = 5.587558113493913e-15,  Error =1.4798383318748165e-07
Completed 11 % :  mod = 6.0917898015426605e-15,  Error =1.5113206330852336e-07
Completed 12 % :  mod = 6.641573736455119e-15,  Error =1.542803858001207e-07
Completed 12 % :  mod = 7.241344714426401e-15,  Error =1.5742998726864244e-07
Completed 12 % :  mod = 7.894966997782784e-15,  Error =1.605778408020342e-07
Completed 12 % :  mod = 8.607625024662082e-15,  Error =1.6372624145333248e-07
Completed 13 % :  mod = 9.385067433452394e-15,  Error =1.6687594950326456e-07
Completed 13 % :  mod = 1.023230317561439e-14,  Error =1.700239380397761e-07
Completed 13 % :  mod = 1.1156052448320789e-14,  Error =1.7317194789256973e-07
Completed 13 % :  mod = 1.2163766602373139e-14,  Error =1.7632144988510845e-07
Completed 14 % :  mod = 1.3261938234130663e-14,  Error =1.7946913999367098e-07
Completed 14 % :  mod = 1.4459277912578775e-14,  Error =1.8261744827441362e-07
Completed 14 % :  mod = 1.576544391725006e-14,  Error =1.857674263305853e-07
Completed 14 % :  mod = 1.718885169759554e-14,  Error =1.889155711864987e-07
Completed 15 % :  mod = 1.8740791602062196e-14,  Error =1.9206359525014705e-07
Completed 15 % :  mod = 2.0432868463136333e-14,  Error =1.9521170457892367e-07
Completed 15 % :  mod = 2.2278731322477316e-14,  Error =1.9836129894201804e-07
Completed 15 % :  mod = 2.4290272831099564e-14,  Error =2.0150937274365788e-07
Completed 16 % :  mod = 2.6483448352588704e-14,  Error =2.0465738970187886e-07
Completed 16 % :  mod = 2.8875948966829866e-14,  Error =2.0780677800757985e-07
Completed 16 % :  mod = 3.148318926663565e-14,  Error =2.1095475943866404e-07
Completed 16 % :  mod = 3.432584962479599e-14,  Error =2.141027124480388e-07
Completed 17 % :  mod = 3.742686016307702e-14,  Error =2.1725245602510768e-07
Completed 17 % :  mod = 4.080620027194929e-14,  Error =2.204006008810211e-07
Completed 17 % :  mod = 4.4490674567832796e-14,  Error =2.2354845441441284e-07
Completed 17 % :  mod = 4.850783420995467e-14,  Error =2.2669666321917248e-07
Completed 18 % :  mod = 5.289008331390614e-14,  Error =2.298461154737197e-07
Completed 18 % :  mod = 5.766565610801717e-14,  Error =2.3299436691104347e-07
Completed 18 % :  mod = 6.287243196679694e-14,  Error =2.3614246913439274e-07
Completed 18 % :  mod = 6.855241091770883e-14,  Error =2.3929178638582016e-07
Completed 19 % :  mod = 7.474218827301865e-14,  Error =2.424398957145968e-07
Completed 19 % :  mod = 8.149086065762844e-14,  Error =2.45587976621664e-07
Completed 19 % :  mod = 8.8852865651212e-14,  Error =2.4873768467159607e-07
Completed 19 % :  mod = 9.687563554216506e-14,  Error =2.5188575136780855e-07
Completed 20 % :  mod = 1.056228059764899e-13,  Error =2.5503378253688425e-07
Completed 20 % :  mod = 1.1516493508014099e-13,  Error =2.5818386006903893e-07
Completed 20 % :  mod = 1.255635012271791e-13,  Error =2.6133175623499483e-07
Completed 20 % :  mod = 1.3690098438050371e-13,  Error =2.644798087203526e-07
Completed 21 % :  mod = 1.4926216154935071e-13,  Error =2.6762814542280466e-07
Completed 21 % :  mod = 1.6274674244950186e-13,  Error =2.707779316324377e-07
Completed 21 % :  mod = 1.7744160546468088e-13,  Error =2.7392582069296623e-07
Completed 21 % :  mod = 1.934633074687371e-13,  Error =2.770738518620419e-07
Completed 22 % :  mod = 2.1094108455185492e-13,  Error =2.80223360960008e-07
Completed 22 % :  mod = 2.29987541432861e-13,  Error =2.8337154844848556e-07
Completed 22 % :  mod = 2.507537497835336e-13,  Error =2.865193877710226e-07
Completed 22 % :  mod = 2.7340721473101895e-13,  Error =2.896684918596293e-07
Completed 23 % :  mod = 2.9809388448261175e-13,  Error =2.928165372395597e-07
Completed 23 % :  mod = 3.2500956468435276e-13,  Error =2.959646963063278e-07
Completed 23 % :  mod = 3.5437136001906584e-13,  Error =2.9911444698882406e-07
Completed 23 % :  mod = 3.863684334729447e-13,  Error =3.0226239289277146e-07
Completed 24 % :  mod = 4.2125456818741304e-13,  Error =3.0541018958274435e-07
Completed 24 % :  mod = 4.592906111701065e-13,  Error =3.085581283812644e-07
Completed 24 % :  mod = 5.00783352706651e-13,  Error =3.117077795877776e-07
Completed 24 % :  mod = 5.460000932217351e-13,  Error =3.148556828591609e-07
Completed 25 % :  mod = 5.952994462321816e-13,  Error =3.1800374955537336e-07
Completed 25 % :  mod = 6.490790274864723e-13,  Error =3.211535002378696e-07
Completed 25 % :  mod = 7.07685262193214e-13,  Error =3.2430150298523586e-07
Completed 25 % :  mod = 7.715829192310125e-13,  Error =3.2744949862717476e-07
Completed 26 % :  mod = 8.412873068773836e-13,  Error =3.305989295654399e-07
Completed 26 % :  mod = 9.172473695664639e-13,  Error =3.337468257313958e-07
Completed 26 % :  mod = 1.0000654187129083e-12,  Error =3.3689516953927523e-07
Completed 26 % :  mod = 1.090360482652954e-12,  Error =3.4004368387741124e-07
Completed 27 % :  mod = 1.1888605880168083e-12,  Error =3.431933492947792e-07
Completed 27 % :  mod = 1.2961999291160128e-12,  Error =3.463412596715898e-07
Completed 27 % :  mod = 1.4132293562442213e-12,  Error =3.494895111089136e-07
Completed 27 % :  mod = 1.5408921558169424e-12,  Error =3.526385938812382e-07
Completed 28 % :  mod = 1.6800099079864775e-12,  Error =3.557866534720233e-07
Completed 28 % :  mod = 1.831684872502043e-12,  Error =3.5893439331857735e-07
Completed 28 % :  mod = 1.997138950061377e-12,  Error =3.620837176754321e-07
Completed 28 % :  mod = 2.1774361043487105e-12,  Error =3.6523154278711445e-07
Completed 29 % :  mod = 2.3740038024971597e-12,  Error =3.683789415731553e-07
Completed 29 % :  mod = 2.5884242156188526e-12,  Error =3.7152822329744595e-07
Completed 29 % :  mod = 2.8220743947085563e-12,  Error =3.746758281408802e-07
Completed 29 % :  mod = 3.07680189895581e-12,  Error =3.778227011252966e-07
Completed 30 % :  mod = 3.3545040479716762e-12,  Error =3.8096986543223466e-07
Completed 30 % :  mod = 3.65741123500951e-12,  Error =3.8411896952084135e-07
Completed 30 % :  mod = 3.987462549252734e-12,  Error =3.872661338277794e-07
Completed 30 % :  mod = 4.347259758817176e-12,  Error =3.904130920773241e-07
Completed 31 % :  mod = 4.739684094982073e-12,  Error =3.9356141456892146e-07
Completed 31 % :  mod = 5.167236690654996e-12,  Error =3.967079962308162e-07
Completed 31 % :  mod = 5.6332736759295325e-12,  Error =3.99854002353095e-07
Completed 31 % :  mod = 6.1415085192509026e-12,  Error =4.0300157166939243e-07
Completed 32 % :  mod = 6.695156538020975e-12,  Error =4.061470093574826e-07
Completed 32 % :  mod = 7.29853272388749e-12,  Error =4.0929191413852095e-07
Completed 32 % :  mod = 7.9560496578774e-12,  Error =4.1243597337370375e-07
Completed 32 % :  mod = 8.672882245440234e-12,  Error =4.1558077157333173e-07
Completed 33 % :  mod = 9.453482417542663e-12,  Error =4.1872286260513647e-07
Completed 33 % :  mod = 1.0303826671747874e-11,  Error =4.218640867748036e-07
Completed 33 % :  mod = 1.1230494464021502e-11,  Error =4.250058296406678e-07
Completed 33 % :  mod = 1.2239094977309456e-11,  Error =4.281447090193069e-07
Completed 34 % :  mod = 1.333716199635506e-11,  Error =4.3128193993879904e-07
Completed 34 % :  mod = 1.4532947082100495e-11,  Error =4.3441837505042713e-07
Completed 34 % :  mod = 1.5833373054567645e-11,  Error =4.375505255893586e-07
Completed 34 % :  mod = 1.7247747116764185e-11,  Error =4.406794644751244e-07
Completed 35 % :  mod = 1.8786170849351528e-11,  Error =4.438062291001188e-07
Completed 35 % :  mod = 2.0456872890254017e-11,  Error =4.469274301754922e-07
Completed 35 % :  mod = 2.2270939152091602e-11,  Error =4.500432524423559e-07
Completed 35 % :  mod = 2.4239139290564108e-11,  Error =4.5315356089759007e-07
Completed 36 % :  mod = 2.6373742192031204e-11,  Error =4.562584479117504e-07
Completed 36 % :  mod = 2.8683876057760458e-11,  Error =4.593537070718412e-07
Completed 36 % :  mod = 3.118194382534844e-11,  Error =4.6243920337474265e-07
Completed 36 % :  mod = 3.388047831311368e-11,  Error =4.6551539156780564e-07
Completed 37 % :  mod = 3.678715682015601e-11,  Error =4.68577241008461e-07
Completed 37 % :  mod = 3.991269109937991e-11,  Error =4.716230392887155e-07
Completed 37 % :  mod = 4.326654085494802e-11,  Error =4.746529427279711e-07
Completed 37 % :  mod = 4.685043440665174e-11,  Error =4.776608122369908e-07
Completed 38 % :  mod = 5.066781867489357e-11,  Error =4.806451414651747e-07
Completed 38 % :  mod = 5.471804450491821e-11,  Error =4.836032800881185e-07
Completed 38 % :  mod = 5.898818011790315e-11,  Error =4.865296645562012e-07
Completed 38 % :  mod = 6.346401985520123e-11,  Error =4.894211684813854e-07
Completed 39 % :  mod = 6.812009914353699e-11,  Error =4.922743883639669e-07
Completed 39 % :  mod = 7.292243783062274e-11,  Error =4.950858212282583e-07
Completed 39 % :  mod = 7.781678112873548e-11,  Error =4.978500243169037e-07
Completed 39 % :  mod = 8.274206702489535e-11,  Error =5.005648588962686e-07
Completed 40 % :  mod = 8.76221381599915e-11,  Error =5.032288825645992e-07
Completed 40 % :  mod = 9.235814663264576e-11,  Error =5.058379457523188e-07
Completed 40 % :  mod = 9.684515357974025e-11,  Error =5.083937466565658e-07
Completed 40 % :  mod = 1.0096710139709122e-10,  Error =5.108994258762323e-07
Completed 41 % :  mod = 1.0459614118118383e-10,  Error =5.133550473601645e-07
Completed 41 % :  mod = 1.0761265986629097e-10,  Error =5.157690523560632e-07
Completed 41 % :  mod = 1.0990525410525708e-10,  Error =5.181488944572266e-07
Completed 41 % :  mod = 1.1138302910169058e-10,  Error =5.205048765333231e-07
Completed 42 % :  mod = 1.1198194664961552e-10,  Error =5.228464132756017e-07
Completed 42 % :  mod = 1.1167634552364454e-10,  Error =5.251856691756984e-07
Completed 42 % :  mod = 1.1047793376499806e-10,  Error =5.275362511270032e-07
Completed 42 % :  mod = 1.084386891447107e-10,  Error =5.299073038145252e-07
Completed 43 % :  mod = 1.0564168417425808e-10,  Error =5.323091585296424e-07
Completed 43 % :  mod = 1.0219241722183674e-10,  Error =5.34752388148263e-07
Completed 43 % :  mod = 9.8215534392731e-11,  Error =5.372407230197496e-07
Completed 43 % :  mod = 9.383402096166146e-11,  Error =5.397800748596637e-07
Completed 44 % :  mod = 8.916549540871253e-11,  Error =5.423732289955296e-07
Completed 44 % :  mod = 8.432491608157138e-11,  Error =5.450187146038843e-07
Completed 44 % :  mod = 7.940703139479096e-11,  Error =5.477167874801125e-07
Completed 44 % :  mod = 7.449479010605764e-11,  Error =5.504653941557081e-07
Completed 45 % :  mod = 6.965437465640723e-11,  Error =5.532628222226776e-07
Completed 45 % :  mod = 6.494552987505593e-11,  Error =5.561023144196042e-07
Completed 45 % :  mod = 6.040719755643934e-11,  Error =5.589821014950758e-07
Completed 45 % :  mod = 5.6066520153167536e-11,  Error =5.61899078377337e-07
Completed 46 % :  mod = 5.194677884650474e-11,  Error =5.648470420283047e-07
Completed 46 % :  mod = 4.805589922676379e-11,  Error =5.678228518490869e-07
Completed 46 % :  mod = 4.439581235104047e-11,  Error =5.708245680580148e-07
Completed 46 % :  mod = 4.0969467223243896e-11,  Error =5.738466128946129e-07
Completed 47 % :  mod = 3.777085636940562e-11,  Error =5.768869542066568e-07
Completed 47 % :  mod = 3.479207557851118e-11,  Error =5.799450590870947e-07
Completed 47 % :  mod = 3.202789298966824e-11,  Error =5.830156482033999e-07
Completed 47 % :  mod = 2.9466852475511465e-11,  Error =5.860983449679225e-07
Completed 48 % :  mod = 2.7097935498657295e-11,  Error =5.891905701105316e-07
Completed 48 % :  mod = 2.4908380579495637e-11,  Error =5.922932757584931e-07
Completed 48 % :  mod = 2.2888662564295713e-11,  Error =5.954015946940672e-07
Completed 48 % :  mod = 2.102616136473855e-11,  Error =5.985161024568697e-07
Completed 49 % :  mod = 1.930917893286957e-11,  Error =6.01637360375662e-07
Completed 49 % :  mod = 1.7729275052330006e-11,  Error =6.047615670468076e-07
Completed 49 % :  mod = 1.627584646444797e-11,  Error =6.078898309169745e-07
Completed 49 % :  mod = 1.4938959239742095e-11,  Error =6.110223935706927e-07
Completed 50 % :  mod = 1.3711074102697714e-11,  Error =6.141562423067626e-07
Completed 50 % :  mod = 1.2582954503911666e-11,  Error =6.172924571501426e-07
Completed 50 % :  mod = 1.1546600392724653e-11,  Error =6.204302422929686e-07
Completed 50 % :  mod = 1.059416187870686e-11,  Error =6.23571352775798e-07
Completed 51 % :  mod = 9.71990225922424e-12,  Error =6.267124632586274e-07
Completed 51 % :  mod = 8.917197726903482e-12,  Error =6.298545827121416e-07
Completed 51 % :  mod = 8.180071974053885e-12,  Error =6.3299911090553e-07
Completed 51 % :  mod = 7.50405823376706e-12,  Error =6.361428788181911e-07
Completed 52 % :  mod = 6.883844682602472e-12,  Error =6.392874070115795e-07
Completed 52 % :  mod = 6.314535776709867e-12,  Error =6.424337826160809e-07
Completed 52 % :  mod = 5.792435725810692e-12,  Error =6.455792345150257e-07
Completed 52 % :  mod = 5.3133222620702024e-12,  Error =6.487254395892705e-07
Completed 53 % :  mod = 4.873439277403994e-12,  Error =6.518730444327048e-07
Completed 53 % :  mod = 4.470047360301748e-12,  Error =6.55019675832591e-07
Completed 53 % :  mod = 4.100000675324124e-12,  Error =6.581663569704688e-07
Completed 53 % :  mod = 3.760610484263401e-12,  Error =6.613139333921936e-07
Completed 54 % :  mod = 3.449209389083918e-12,  Error =6.644631938002021e-07
Completed 54 % :  mod = 3.1637670479110526e-12,  Error =6.676108981196194e-07
Completed 54 % :  mod = 2.901936166539831e-12,  Error =6.707585882281819e-07
Completed 54 % :  mod = 2.6616071075225945e-12,  Error =6.739077775819169e-07
Completed 55 % :  mod = 2.441230585553652e-12,  Error =6.77055638220736e-07
Completed 55 % :  mod = 2.2390588091123473e-12,  Error =6.802035343866919e-07
Completed 55 % :  mod = 2.0535306467014004e-12,  Error =6.833529937466665e-07
Completed 55 % :  mod = 1.8834835554456018e-12,  Error =6.865008757017677e-07
Completed 56 % :  mod = 1.7275547282501992e-12,  Error =6.896482886986632e-07
Completed 56 % :  mod = 1.5844926202145862e-12,  Error =6.927978546400482e-07
Completed 56 % :  mod = 1.4533495848269487e-12,  Error =6.959458858091239e-07
Completed 56 % :  mod = 1.3330469382757227e-12,  Error =6.990937961859345e-07
Completed 57 % :  mod = 1.222680119895144e-12,  Error =7.022420334124035e-07
Completed 57 % :  mod = 1.121385058191597e-12,  Error =7.053914359289593e-07
Completed 57 % :  mod = 1.0285285649806163e-12,  Error =7.085395807848727e-07
Completed 57 % :  mod = 9.433778858870971e-13,  Error =7.116876332702304e-07
Completed 58 % :  mod = 8.652628210102437e-13,  Error =7.148373839527267e-07
Completed 58 % :  mod = 7.9367331541534e-13,  Error =7.17985606968341e-07
Completed 58 % :  mod = 7.280187600954765e-13,  Error =7.211337447188271e-07
Completed 58 % :  mod = 6.677669937957508e-13,  Error =7.242833603982035e-07
Completed 59 % :  mod = 6.125259609483729e-13,  Error =7.274312139315953e-07
Completed 59 % :  mod = 5.618545951192211e-13,  Error =7.305791172029785e-07
Completed 59 % :  mod = 5.153832413691757e-13,  Error =7.337269209983788e-07
Completed 59 % :  mod = 4.72751716156939e-13,  Error =7.368767072080118e-07
Completed 60 % :  mod = 4.3368861344838837e-13,  Error =7.400252926004214e-07
Completed 60 % :  mod = 3.9787599946109994e-13,  Error =7.431736577245829e-07
Completed 60 % :  mod = 3.650234158199172e-13,  Error =7.463232094551131e-07
Completed 60 % :  mod = 3.3491321273867803e-13,  Error =7.494712619404709e-07
Completed 61 % :  mod = 3.0730001328021885e-13,  Error =7.526193641638201e-07
Completed 61 % :  mod = 2.819665333605098e-13,  Error =7.557690935300343e-07
Completed 61 % :  mod = 2.587539730426481e-13,  Error =7.589170039068449e-07
Completed 61 % :  mod = 2.3747945945890845e-13,  Error =7.620647792805357e-07
Completed 62 % :  mod = 2.1797625092052934e-13,  Error =7.652145725955961e-07
Completed 62 % :  mod = 2.001175910992781e-13,  Error =7.683625824483897e-07
Completed 62 % :  mod = 1.8375633093047374e-13,  Error =7.715109120454144e-07
Completed 62 % :  mod = 1.6876703773936923e-13,  Error =7.746591421664561e-07
Completed 63 % :  mod = 1.5502932057702165e-13,  Error =7.778087578458326e-07
Completed 63 % :  mod = 1.4245527046607633e-13,  Error =7.809566611172158e-07
Completed 63 % :  mod = 1.3094555690911838e-13,  Error =7.841048912382576e-07
Completed 63 % :  mod = 1.20411194826063e-13,  Error =7.872548906107113e-07
Completed 64 % :  mod = 1.1078548719634716e-13,  Error =7.904029359906417e-07
Completed 64 % :  mod = 1.0199036296540851e-13,  Error =7.935509529488627e-07
Completed 64 % :  mod = 9.395461752686974e-14,  Error =7.967005544173844e-07
Completed 64 % :  mod = 8.662488602206602e-14,  Error =7.998485074267592e-07
Completed 65 % :  mod = 7.994111155249126e-14,  Error =8.02996581228399e-07
Completed 65 % :  mod = 7.385347858199106e-14,  Error =8.061442073881153e-07
Completed 65 % :  mod = 6.831477197538185e-14,  Error =8.092940362303125e-07
Completed 65 % :  mod = 6.32905302696863e-14,  Error =8.124420816102429e-07
Completed 66 % :  mod = 5.874086362895038e-14,  Error =8.15589842773079e-07
Completed 66 % :  mod = 5.462959836034659e-14,  Error =8.187394158198913e-07
Completed 66 % :  mod = 5.092952785887372e-14,  Error =8.218873617238387e-07
Completed 66 % :  mod = 4.7609894879735023e-14,  Error =8.250350802541107e-07
Completed 67 % :  mod = 4.464386937918527e-14,  Error =8.281845609303673e-07
Completed 67 % :  mod = 4.20123567663898e-14,  Error =8.313327555242722e-07
Completed 67 % :  mod = 3.9694616869707644e-14,  Error =8.344812769678356e-07
Completed 67 % :  mod = 3.767306302757112e-14,  Error =8.376311626534516e-07
Completed 68 % :  mod = 3.5935092045058924e-14,  Error =8.407789735542792e-07
Completed 68 % :  mod = 3.446654399732516e-14,  Error =8.439270615667738e-07
Completed 68 % :  mod = 3.325603694407479e-14,  Error =8.470752277389693e-07
Completed 68 % :  mod = 3.22935398095352e-14,  Error =8.502252555331324e-07
Completed 69 % :  mod = 3.1572436077626414e-14,  Error =8.533726543191733e-07
Completed 69 % :  mod = 3.108675025174822e-14,  Error =8.565208560185056e-07
Completed 69 % :  mod = 3.0833178791323365e-14,  Error =8.596705640684377e-07
Completed 69 % :  mod = 3.081062692870479e-14,  Error =8.628187515569152e-07
Completed 70 % :  mod = 3.1019075811825945e-14,  Error =8.659667756205636e-07
Completed 70 % :  mod = 3.146036946470703e-14,  Error =8.691167181495985e-07
Completed 70 % :  mod = 3.213702429195339e-14,  Error =8.722644153635883e-07
Completed 70 % :  mod = 3.3053746429713073e-14,  Error =8.754123541621084e-07
Completed 71 % :  mod = 3.4217620334481294e-14,  Error =8.785620977391773e-07
Completed 71 % :  mod = 3.563610872427898e-14,  Error =8.817107683967151e-07
Completed 71 % :  mod = 3.73207833541907e-14,  Error =8.84858764038654e-07
Completed 71 % :  mod = 3.928485916459228e-14,  Error =8.880064399363619e-07
Completed 72 % :  mod = 4.154472023809544e-14,  Error =8.911562616731317e-07
Completed 72 % :  mod = 4.411497712159099e-14,  Error =8.943042573150706e-07
Completed 72 % :  mod = 4.701551265816575e-14,  Error =8.974524945415396e-07
Completed 72 % :  mod = 5.026902850074971e-14,  Error =9.006025152302755e-07
Completed 73 % :  mod = 5.389581461987045e-14,  Error =9.037503900799493e-07
Completed 73 % :  mod = 5.792448585168146e-14,  Error =9.068983786164608e-07
Completed 73 % :  mod = 6.238820647410988e-14,  Error =9.100481292989571e-07
Completed 73 % :  mod = 6.731673089167862e-14,  Error =9.131960965191865e-07
Completed 74 % :  mod = 7.274994639148803e-14,  Error =9.163441987425358e-07
Completed 74 % :  mod = 7.87286747507715e-14,  Error =9.194920735922096e-07
Completed 74 % :  mod = 8.530047488635185e-14,  Error =9.226420232266719e-07
Completed 74 % :  mod = 9.250631297855334e-14,  Error =9.257899051817731e-07
Completed 75 % :  mod = 1.0040204306596084e-13,  Error =9.28937723188028e-07
Completed 75 % :  mod = 1.0905107882593252e-13,  Error =9.320870830720196e-07
Completed 75 % :  mod = 1.185101329477522e-13,  Error =9.352348726565651e-07
Completed 75 % :  mod = 1.2885605695054752e-13,  Error =9.383832164644446e-07
Completed 76 % :  mod = 1.4017407657363046e-13,  Error =9.415322779204871e-07
Completed 76 % :  mod = 1.5253768810255337e-13,  Error =9.446801882972977e-07
Completed 76 % :  mod = 1.660437216199406e-13,  Error =9.478283544694932e-07
Completed 76 % :  mod = 1.8079852536438049e-13,  Error =9.509782969985281e-07
Completed 77 % :  mod = 1.9689457916646815e-13,  Error =9.541263494838859e-07
Completed 77 % :  mod = 2.1445864992776902e-13,  Error =9.572743167041153e-07
Completed 77 % :  mod = 2.336236928386613e-13,  Error =9.604225752468665e-07
Completed 77 % :  mod = 2.5454786638209143e-13,  Error =9.635721696099608e-07
Completed 78 % :  mod = 2.77369653381847e-13,  Error =9.667204992069856e-07
Completed 78 % :  mod = 3.0227158726629865e-13,  Error =9.698688359094376e-07
Completed 78 % :  mod = 3.294525128001331e-13,  Error =9.730181389500103e-07
Completed 78 % :  mod = 3.59082539576233e-13,  Error =9.761659853779747e-07
Completed 79 % :  mod = 3.9139133767432546e-13,  Error =9.793143220804268e-07
Completed 79 % :  mod = 4.266371444892818e-13,  Error =9.824640230249315e-07
Completed 79 % :  mod = 4.650496137258583e-13,  Error =9.856121181428534e-07
Completed 79 % :  mod = 5.069402437481524e-13,  Error =9.8876022747163e-07
Completed 80 % :  mod = 5.526545806325627e-13,  Error =9.91910269476648e-07
Completed 80 % :  mod = 6.02490931283263e-13,  Error =9.95058009323202e-07
Completed 80 % :  mod = 6.56841317861734e-13,  Error =9.982063531310814e-07
Completed 80 % :  mod = 7.161025500047555e-13,  Error =1.001354164031909e-06
Completed 81 % :  mod = 7.80741550531198e-13,  Error =1.0045040710338071e-06
Completed 81 % :  mod = 8.511688057411294e-13,  Error =1.0076520595703187e-06
Completed 81 % :  mod = 9.279466804847907e-13,  Error =1.010800303902215e-06
Completed 81 % :  mod = 1.0117073424230095e-12,  Error =1.013949891159882e-06
Completed 82 % :  mod = 1.103005974817848e-12,  Error =1.0170979010126757e-06
Completed 82 % :  mod = 1.2025754939380296e-12,  Error =1.020246003236025e-06
Completed 82 % :  mod = 1.3112140248485665e-12,  Error =1.0233954554905722e-06
Completed 82 % :  mod = 1.4296029399261877e-12,  Error =1.0265434369216564e-06
Completed 83 % :  mod = 1.5586580072255065e-12,  Error =1.0296915959884245e-06
Completed 83 % :  mod = 1.6993294766957844e-12,  Error =1.032839541892372e-06
Completed 83 % :  mod = 1.852755975978016e-12,  Error =1.0359890225686286e-06
Completed 83 % :  mod = 2.019948946730292e-12,  Error =1.0391373237439439e-06
Completed 84 % :  mod = 2.2022646341689423e-12,  Error =1.042284885954814e-06
Completed 84 % :  mod = 2.4011919741639726e-12,  Error =1.0454344590016262e-06
Completed 84 % :  mod = 2.61800355124004e-12,  Error =1.0485821633210435e-06
Completed 84 % :  mod = 2.8543809354456464e-12,  Error =1.0517297468481956e-06
Completed 85 % :  mod = 3.1121791197947266e-12,  Error =1.0548787159336825e-06
Completed 85 % :  mod = 3.393019821127297e-12,  Error =1.0580261928794243e-06
Completed 85 % :  mod = 3.699125866166284e-12,  Error =1.0611735916654652e-06
Completed 85 % :  mod = 4.0329990184646525e-12,  Error =1.064322042054755e-06
Completed 86 % :  mod = 4.396838623925485e-12,  Error =1.0674689292500261e-06
Completed 86 % :  mod = 4.7935561087705296e-12,  Error =1.070615333276237e-06
Completed 86 % :  mod = 5.2260862355984804e-12,  Error =1.0737614886124902e-06
Completed 86 % :  mod = 5.697819753338773e-12,  Error =1.0769088731876764e-06
Completed 87 % :  mod = 6.2116567745171216e-12,  Error =1.0800544671951684e-06
Completed 87 % :  mod = 6.771541788243926e-12,  Error =1.0831994501359077e-06
Completed 87 % :  mod = 7.381911233717093e-12,  Error =1.086345605472161e-06
Completed 87 % :  mod = 8.046678026338047e-12,  Error =1.0894894089119589e-06
Completed 88 % :  mod = 8.771112190909597e-12,  Error =1.0926322886462003e-06
Completed 88 % :  mod = 9.560988594022275e-12,  Error =1.0957759997154426e-06
Completed 88 % :  mod = 1.0421180882792932e-11,  Error =1.098917110198272e-06
Completed 88 % :  mod = 1.1358112421137912e-11,  Error =1.1020564087971252e-06
Completed 89 % :  mod = 1.2378783502578386e-11,  Error =1.1051959702967906e-06
Completed 89 % :  mod = 1.3489133973774705e-11,  Error =1.1083327393635045e-06
Completed 89 % :  mod = 1.469732620752667e-11,  Error =1.111467312853165e-06
Completed 89 % :  mod = 1.6011735116663594e-11,  Error =1.1145992147021389e-06
Completed 90 % :  mod = 1.7442172878884396e-11,  Error =1.117728935184914e-06
Completed 90 % :  mod = 1.899673030543463e-11,  Error =1.1208533621243078e-06
Completed 90 % :  mod = 2.0686044947674952e-11,  Error =1.1239739521329284e-06
Completed 90 % :  mod = 2.252129774943919e-11,  Error =1.1270909325844514e-06
Completed 91 % :  mod = 2.4511064572753396e-11,  Error =1.1302007578706252e-06
Completed 91 % :  mod = 2.6667092930735274e-11,  Error =1.1333028737681161e-06
Completed 91 % :  mod = 2.9001902372839747e-11,  Error =1.1363987226786776e-06
Completed 91 % :  mod = 3.152466284542333e-11,  Error =1.139482968426364e-06
Completed 92 % :  mod = 3.4248048464756257e-11,  Error =1.1425559591771162e-06
Completed 92 % :  mod = 3.718286746800633e-11,  Error =1.1456157693601199e-06
Completed 92 % :  mod = 4.034013042229514e-11,  Error =1.148661240790716e-06
Completed 92 % :  mod = 4.3723635802996944e-11,  Error =1.1516867104433004e-06
Completed 93 % :  mod = 4.733909456570119e-11,  Error =1.1546919793659072e-06
Completed 93 % :  mod = 5.118915476087492e-11,  Error =1.1576740277519093e-06
Completed 93 % :  mod = 5.526611971692612e-11,  Error =1.1606274981090792e-06
Completed 93 % :  mod = 5.956270966085939e-11,  Error =1.1635490935191228e-06
Completed 94 % :  mod = 6.406484489444633e-11,  Error =1.1664374142128509e-06
Completed 94 % :  mod = 6.874192688361465e-11,  Error =1.1692852908140594e-06
Completed 94 % :  mod = 7.35584683990245e-11,  Error =1.1720897390432583e-06
Completed 94 % :  mod = 7.846542851886172e-11,  Error =1.174849337814976e-06
Completed 95 % :  mod = 8.339108851070882e-11,  Error =1.1775568609095899e-06
Completed 95 % :  mod = 8.825616523659345e-11,  Error =1.1802128909721432e-06
Completed 95 % :  mod = 9.296457024354808e-11,  Error =1.182814784783659e-06
Completed 95 % :  mod = 9.741006607302645e-11,  Error =1.1853643968606775e-06
Completed 96 % :  mod = 1.014702792947223e-10,  Error =1.1878616774652073e-06
Completed 96 % :  mod = 1.0502518870761903e-10,  Error =1.1903120125111855e-06
Completed 96 % :  mod = 1.0795560736667723e-10,  Error =1.1927218892537894e-06
Completed 96 % :  mod = 1.1014839179394448e-10,  Error =1.195097880213325e-06
Completed 97 % :  mod = 1.1151554531201682e-10,  Error =1.1974500893074946e-06
Completed 97 % :  mod = 1.1199748883022585e-10,  Error =1.1997916971040468e-06
Completed 97 % :  mod = 1.1157161039690038e-10,  Error =1.202131556965469e-06
Completed 97 % :  mod = 1.1025690485506442e-10,  Error =1.2044827855106632e-06
Completed 98 % :  mod = 1.0811038328320474e-10,  Error =1.2068570427459235e-06
Completed 98 % :  mod = 1.0521899487219268e-10,  Error =1.2092652710293805e-06
Completed 98 % :  mod = 1.0169606546967488e-10,  Error =1.2117131191757835e-06
Completed 98 % :  mod = 9.766157712013974e-11,  Error =1.2142077210341995e-06
Completed 99 % :  mod = 9.323612066925929e-11,  Error =1.216754810684506e-06
Completed 99 % :  mod = 8.854204972925233e-11,  Error =1.2193537699545232e-06
Completed 99 % :  mod = 8.368525885737776e-11,  Error =1.2220065457313467e-06
Completed 99 % :  mod = 7.875911669609459e-11,  Error =1.2247124203668136e-06
Completed 100 % :  mod = 7.385104441055617e-11,  Error =1.227467024023099e-06
Finished 6/31 frames
Finished all frames!
