/opt/local/miniconda_23_9/lib/python3.11/site-packages/conda/base/context.py:201: FutureWarning: Adding 'defaults' to channel list implicitly is deprecated and will be removed in 25.3. 

To remove this warning, please choose a default channel explicitly with conda's regular configuration system, e.g. by adding 'defaults' to the list of channels:

  conda config --add channels defaults

For more information see https://docs.conda.io/projects/conda/en/stable/user-guide/configuration/use-condarc.html

  deprecated.topic(
JOB 14493 ARRAY_ID 21  -> i=21 ; range=[1.9e-10, 5.0e-10] ; intervals=30 (frames=31)
Analytic t0 extension enabled (--extend-time-using-t0).
THIS SHOULD ONLY BE REACHED ONCE
Completed 0 % :  mod = 3.1999999987453214e-16,  Error =-1.4210854715202004e-14
Completed 0 % :  mod = 3.212483148873433e-16,  Error =1.109587799419387e-08
Completed 0 % :  mod = 3.250029998740921e-16,  Error =2.2191770199242455e-08
Completed 0 % :  mod = 3.3129334654103987e-16,  Error =3.3287861356257054e-08
Completed 0 % :  mod = 3.401684333750858e-16,  Error =4.438439304976782e-08
Completed 1 % :  mod = 3.5169750666383646e-16,  Error =5.548025683310698e-08
Completed 1 % :  mod = 3.6597050854702926e-16,  Error =6.657643325524987e-08
Completed 1 % :  mod = 3.8309880183354435e-16,  Error =7.767256704482861e-08
Completed 1 % :  mod = 4.0321602137705e-16,  Error =8.876858714756963e-08
Completed 2 % :  mod = 4.2647911663376716e-16,  Error =9.98646498828748e-08
Completed 2 % :  mod = 4.530695907790271e-16,  Error =1.1096054919335074e-07
Completed 2 % :  mod = 4.831948968847478e-16,  Error =1.2205660482322855e-07
Completed 2 % :  mod = 5.170900762540347e-16,  Error =1.3315271019109787e-07
Completed 3 % :  mod = 5.549742330045287e-16,  Error =1.4423633132309988e-07
Completed 3 % :  mod = 5.972288923030485e-16,  Error =1.553324864289607e-07
Completed 3 % :  mod = 6.441431135520242e-16,  Error =1.6642844968828285e-07
Completed 3 % :  mod = 6.960829229317396e-16,  Error =1.7752459058328895e-07
Completed 4 % :  mod = 7.534535400942624e-16,  Error =1.8862060358060262e-07
Completed 4 % :  mod = 8.167025836951132e-16,  Error =1.997165810507795e-07
Completed 4 % :  mod = 8.863235175310949e-16,  Error =2.1081277878920446e-07
Completed 4 % :  mod = 9.62859510578621e-16,  Error =2.2190897652762942e-07
Completed 5 % :  mod = 1.0469077110359407e-15,  Error =2.330052382149006e-07
Completed 5 % :  mod = 1.1391238547531271e-15,  Error =2.44101464375035e-07
Completed 5 % :  mod = 1.2402273972673919e-15,  Error =2.5519754842662223e-07
Completed 5 % :  mod = 1.351007161068525e-15,  Error =2.6629382432474813e-07
Completed 6 % :  mod = 1.4723274427767554e-15,  Error =2.773899225871901e-07
Completed 6 % :  mod = 1.6049774820910943e-15,  Error =2.8847338029436287e-07
Completed 6 % :  mod = 1.7502932164394602e-15,  Error =2.995694643459501e-07
Completed 6 % :  mod = 1.9092646885776457e-15,  Error =3.1066546313240906e-07
Completed 7 % :  mod = 2.0831321712549562e-15,  Error =3.21761561394851e-07
Completed 7 % :  mod = 2.2732521918723227e-15,  Error =3.3285765965729297e-07
Completed 7 % :  mod = 2.48110806032015e-15,  Error =3.4395385739571793e-07
Completed 7 % :  mod = 2.70832144361323e-15,  Error =3.550499698690146e-07
Completed 8 % :  mod = 2.956665071798543e-15,  Error =3.6614605392060184e-07
Completed 8 % :  mod = 3.228076510409056e-15,  Error =3.7724240797842867e-07
Completed 8 % :  mod = 3.524673293629634e-15,  Error =3.8833849913544327e-07
Completed 8 % :  mod = 3.848769467288906e-15,  Error =3.994346045033126e-07
Completed 9 % :  mod = 4.2028936237747595e-15,  Error =4.1053073829289133e-07
Completed 9 % :  mod = 4.589808614058535e-15,  Error =4.2162669444678613e-07
Completed 9 % :  mod = 5.0120329422333715e-15,  Error =4.3271016636481363e-07
Completed 9 % :  mod = 5.473818841390492e-15,  Error =4.438063641032386e-07
Completed 10 % :  mod = 5.978311293164263e-15,  Error =4.54902590263373e-07
Completed 10 % :  mod = 6.529446341787338e-15,  Error =4.659986316823961e-07
Completed 10 % :  mod = 7.131523930060722e-15,  Error =4.770946731014192e-07
Completed 10 % :  mod = 7.789241438632477e-15,  Error =4.881908850506989e-07
Completed 11 % :  mod = 8.507730358843383e-15,  Error =4.992869548914314e-07
Completed 11 % :  mod = 9.292596330543338e-15,  Error =5.103829749941724e-07
Completed 11 % :  mod = 1.0149962841319329e-14,  Error =5.214790519403323e-07
Completed 11 % :  mod = 1.1086519034019326e-14,  Error =5.32575285205894e-07
Completed 12 % :  mod = 1.2109571904537266e-14,  Error =5.436709926698313e-07
Completed 12 % :  mod = 1.3227103272430181e-14,  Error =5.547670696159912e-07
Completed 12 % :  mod = 1.4447832074649355e-14,  Error =5.658630328753134e-07
Completed 12 % :  mod = 1.5779704687303343e-14,  Error =5.769465332150503e-07
Completed 13 % :  mod = 1.7236134415089508e-14,  Error =5.880425533177913e-07
Completed 13 % :  mod = 1.8827039911456595e-14,  Error =5.991386373693786e-07
Completed 13 % :  mod = 2.0564833384111266e-14,  Error =6.102348137915214e-07
Completed 13 % :  mod = 2.246307303590936e-14,  Error =6.213312175873398e-07
Completed 14 % :  mod = 2.4536568864461574e-14,  Error =6.324273726932006e-07
Completed 14 % :  mod = 2.6801498234464473e-14,  Error =6.435236699076086e-07
Completed 14 % :  mod = 2.9275532046215156e-14,  Error =6.546196544832128e-07
Completed 14 % :  mod = 3.1977972621346095e-14,  Error =6.657153974742869e-07
Completed 15 % :  mod = 3.4929904337998146e-14,  Error =6.76811360733609e-07
Completed 15 % :  mod = 3.815435806233221e-14,  Error =6.879075371557519e-07
Completed 15 % :  mod = 4.1676490870888094e-14,  Error =6.99003756210459e-07
Completed 15 % :  mod = 4.552378234540357e-14,  Error =7.100998047349094e-07
Completed 16 % :  mod = 4.97212766498867e-14,  Error =7.211834116560567e-07
Completed 16 % :  mod = 5.4311246806735396e-14,  Error =7.322795312347807e-07
Completed 16 % :  mod = 5.932495158665906e-14,  Error =7.433754305452567e-07
Completed 16 % :  mod = 6.480150775698348e-14,  Error =7.544715856511175e-07
Completed 17 % :  mod = 7.078364321220549e-14,  Error =7.65567733651551e-07
Completed 17 % :  mod = 7.73180303935407e-14,  Error =7.766638034922835e-07
Completed 17 % :  mod = 8.445565038208609e-14,  Error =7.877597312244689e-07
Completed 17 % :  mod = 9.225219062866182e-14,  Error =7.988558650140476e-07
Completed 18 % :  mod = 1.0076847949350046e-13,  Error =8.099519774873443e-07
Completed 18 % :  mod = 1.1007096078487523e-13,  Error =8.210482178583334e-07
Completed 18 % :  mod = 1.2023221211751767e-13,  Error =8.321441455905187e-07
Completed 18 % :  mod = 1.3133151123686095e-13,  Error =8.432402580638154e-07
Completed 19 % :  mod = 1.4345545449061014e-13,  Error =8.543364131696762e-07
Completed 19 % :  mod = 1.5668296336691778e-13,  Error =8.654199987745415e-07
Completed 19 % :  mod = 1.711472522763681e-13,  Error =8.765163315160862e-07
Completed 19 % :  mod = 1.8694682625588545e-13,  Error =8.876125221490838e-07
Completed 20 % :  mod = 2.042049529351558e-13,  Error =8.987081798750296e-07
Completed 20 % :  mod = 2.2305627952793612e-13,  Error =9.098042781374716e-07
Completed 20 % :  mod = 2.4364788328670554e-13,  Error =9.20900504297606e-07
Completed 20 % :  mod = 2.6614041895882226e-13,  Error =9.319964533460734e-07
Completed 21 % :  mod = 2.907093722547682e-13,  Error =9.430926013465069e-07
Completed 21 % :  mod = 3.1754642891736577e-13,  Error =9.541888204012139e-07
Completed 21 % :  mod = 3.468609701917402e-13,  Error =9.65284982612502e-07
Completed 21 % :  mod = 3.7888170642245027e-13,  Error =9.76380960082679e-07
Completed 22 % :  mod = 4.138584613577564e-13,  Error =9.874770441342662e-07
Completed 22 % :  mod = 4.520641211767752e-13,  Error =9.985734052975204e-07
Completed 22 % :  mod = 4.937473862838216e-13,  Error =1.009657097483796e-06
Completed 22 % :  mod = 5.393280472712059e-13,  Error =1.0207533662764945e-06
Completed 23 % :  mod = 5.891165158774203e-13,  Error =1.0318493224303893e-06
Completed 23 % :  mod = 6.435012362857273e-13,  Error =1.0429452430571473e-06
Completed 23 % :  mod = 7.029065113105986e-13,  Error =1.054041000259076e-06
Completed 23 % :  mod = 7.677958124299025e-13,  Error =1.065137055888954e-06
Completed 24 % :  mod = 8.386753953187765e-13,  Error =1.0762331541513959e-06
Completed 24 % :  mod = 9.160982490421021e-13,  Error =1.087328918458752e-06
Completed 24 % :  mod = 1.0006684096410303e-12,  Error =1.0984249527723478e-06
Completed 24 % :  mod = 1.0930456717804265e-12,  Error =1.1095209231370973e-06
Completed 25 % :  mod = 1.193950735128946e-12,  Error =1.1206168224475732e-06
Completed 25 % :  mod = 1.3041708254343839e-12,  Error =1.1317129207100152e-06
Completed 25 % :  mod = 1.4245658341727172e-12,  Error =1.1428086423848072e-06
Completed 25 % :  mod = 1.5559194255897198e-12,  Error =1.1538920574594158e-06
Completed 26 % :  mod = 1.6995543923418384e-12,  Error =1.164987764923353e-06
Completed 26 % :  mod = 1.85644882771771e-12,  Error =1.1760835860741281e-06
Completed 26 % :  mod = 2.027826695476415e-12,  Error =1.1871794711737493e-06
Completed 26 % :  mod = 2.2150249217053748e-12,  Error =1.1982753704842253e-06
Completed 27 % :  mod = 2.419503814321735e-12,  Error =1.2093709997884616e-06
Completed 27 % :  mod = 2.6428584417708363e-12,  Error =1.2204666717252621e-06
Completed 27 % :  mod = 2.886831058627113e-12,  Error =1.2315619883906948e-06
Completed 27 % :  mod = 3.1533246738366456e-12,  Error =1.242657376110401e-06
Completed 28 % :  mod = 3.4444178656556265e-12,  Error =1.2537523943478845e-06
Completed 28 % :  mod = 3.7623809564675456e-12,  Error =1.2648474196907955e-06
Completed 28 % :  mod = 4.109693670898274e-12,  Error =1.2759422318708857e-06
Completed 28 % :  mod = 4.489064411031092e-12,  Error =1.2870367029904628e-06
Completed 29 % :  mod = 4.902961003684418e-12,  Error =1.2981183488136594e-06
Completed 29 % :  mod = 5.355549567213725e-12,  Error =1.3092122799207573e-06
Completed 29 % :  mod = 5.849909399024073e-12,  Error =1.3203056568045213e-06
Completed 29 % :  mod = 6.3898936683803135e-12,  Error =1.331398493675806e-06
Completed 30 % :  mod = 6.9797103487576076e-12,  Error =1.3424906200043552e-06
Completed 30 % :  mod = 7.623954697445518e-12,  Error =1.3535821992149977e-06
Completed 30 % :  mod = 8.327644650086538e-12,  Error =1.3646730963046139e-06
Completed 30 % :  mod = 9.09625937398732e-12,  Error =1.3757622383536727e-06
Completed 31 % :  mod = 9.93578123879715e-12,  Error =1.386850456697175e-06
Completed 31 % :  mod = 1.085274147670436e-11,  Error =1.3979365860450343e-06
Completed 31 % :  mod = 1.18542698165054e-11,  Error =1.4090213014128494e-06
Completed 31 % :  mod = 1.2948148384958672e-11,  Error =1.4201038638361752e-06
Completed 32 % :  mod = 1.4142870173054021e-11,  Error =1.4311836977753956e-06
Completed 32 % :  mod = 1.544615863110991e-11,  Error =1.4422479992504122e-06
Completed 32 % :  mod = 1.687106886414792e-11,  Error =1.4533209409250958e-06
Completed 32 % :  mod = 1.8427212700981984e-11,  Error =1.4643893493371252e-06
Completed 33 % :  mod = 2.0126611402781073e-11,  Error =1.4754523718352175e-06
Completed 33 % :  mod = 2.1982367455738714e-11,  Error =1.4865090491866795e-06
Completed 33 % :  mod = 2.4008755669402465e-11,  Error =1.4975579816223217e-06
Completed 33 % :  mod = 2.6221320006677028e-11,  Error =1.508598074906331e-06
Completed 34 % :  mod = 2.863697584342301e-11,  Error =1.5196273821516115e-06
Completed 34 % :  mod = 3.1274117065344015e-11,  Error =1.5306439351547851e-06
Completed 34 % :  mod = 3.415272700799435e-11,  Error =1.5416451972782852e-06
Completed 34 % :  mod = 3.7294491693603735e-11,  Error =1.552628354772878e-06
Completed 35 % :  mod = 4.072291306244067e-11,  Error =1.5635900609822784e-06
Completed 35 % :  mod = 4.446341886779768e-11,  Error =1.5745259176469517e-06
Completed 35 % :  mod = 4.853864085344728e-11,  Error =1.5854191275366247e-06
Completed 35 % :  mod = 5.298736092812277e-11,  Error =1.5962886692477696e-06
Completed 36 % :  mod = 5.783690197234974e-11,  Error =1.6071155357622047e-06
Completed 36 % :  mod = 6.312121430999211e-11,  Error =1.6178919892695376e-06
Completed 36 % :  mod = 6.887642561576025e-11,  Error =1.6286085298133912e-06
Completed 36 % :  mod = 7.514073586595323e-11,  Error =1.6392552240063196e-06
Completed 37 % :  mod = 8.195420217104058e-11,  Error =1.6498191897085235e-06
Completed 37 % :  mod = 8.935836963686799e-11,  Error =1.6602862871195612e-06
Completed 37 % :  mod = 9.739568912591424e-11,  Error =1.6706402803379206e-06
Completed 37 % :  mod = 1.0610864274713444e-10,  Error =1.680862638409053e-06
Completed 38 % :  mod = 1.1553847209064306e-10,  Error =1.6909321729485782e-06
Completed 38 % :  mod = 1.2572337193134614e-10,  Error =1.7008261394835245e-06
Completed 38 % :  mod = 1.366959734937525e-10,  Error =1.710519150321943e-06
Completed 38 % :  mod = 1.4846608890184521e-10,  Error =1.7199728290506755e-06
Completed 39 % :  mod = 1.610703851888567e-10,  Error =1.7291804894625784e-06
Completed 39 % :  mod = 1.744862265213748e-10,  Error =1.7381015595674398e-06
Completed 39 % :  mod = 1.8867624393343222e-10,  Error =1.746707532390701e-06
Completed 39 % :  mod = 2.0356563501923634e-10,  Error =1.754971997058874e-06
Completed 40 % :  mod = 2.1903040414975466e-10,  Error =1.7628720456741576e-06
Completed 40 % :  mod = 2.348840716069208e-10,  Error =1.7703916910249973e-06
Completed 40 % :  mod = 2.5086391382704917e-10,  Error =1.7775235718886506e-06
Completed 40 % :  mod = 2.6661871828522754e-10,  Error =1.784270459381787e-06
Completed 41 % :  mod = 2.8170114033885276e-10,  Error =1.7906494989006205e-06
Completed 41 % :  mod = 2.955687787276955e-10,  Error =1.796691549316165e-06
Completed 41 % :  mod = 3.0759859443914435e-10,  Error =1.8024433359187242e-06
Completed 41 % :  mod = 3.1711873971202897e-10,  Error =1.807966256706095e-06
Completed 42 % :  mod = 3.2345467959593387e-10,  Error =1.8133294048539028e-06
Completed 42 % :  mod = 3.260235377664177e-10,  Error =1.8186304728828873e-06
Completed 42 % :  mod = 3.243708890716449e-10,  Error =1.8239549959275791e-06
Completed 42 % :  mod = 3.182856006988369e-10,  Error =1.8293972701144412e-06
Completed 43 % :  mod = 3.0785739119179114e-10,  Error =1.835046361975401e-06
Completed 43 % :  mod = 2.9351033802293764e-10,  Error =1.8409824065201974e-06
Completed 43 % :  mod = 2.759871165835386e-10,  Error =1.847269828658682e-06
Completed 43 % :  mod = 2.5627710418265363e-10,  Error =1.8539539325956866e-06
Completed 44 % :  mod = 2.35497240099242e-10,  Error =1.8610595304835442e-06
Completed 44 % :  mod = 2.1475066612773718e-10,  Error =1.868591873233072e-06
Completed 44 % :  mod = 1.9499589819592734e-10,  Error =1.8765392368891298e-06
Completed 44 % :  mod = 1.7695395114938412e-10,  Error =1.884876191127205e-06
Completed 45 % :  mod = 1.6106596236858985e-10,  Error =1.8935703138822646e-06
Completed 45 % :  mod = 1.4751203995133555e-10,  Error =1.9025733024591318e-06
Completed 45 % :  mod = 1.3619118811696485e-10,  Error =1.911867961723601e-06
Completed 45 % :  mod = 1.2686982836500655e-10,  Error =1.921406493465838e-06
Completed 46 % :  mod = 1.191786756180437e-10,  Error =1.931155360068715e-06
Completed 46 % :  mod = 1.1268659768512348e-10,  Error =1.94108417872485e-06
Completed 46 % :  mod = 1.0695064808375828e-10,  Error =1.951166225921952e-06
Completed 46 % :  mod = 1.0155952660481762e-10,  Error =1.9613799437934176e-06
Completed 47 % :  mod = 9.617210305336222e-11,  Error =1.97170647453504e-06
Completed 47 % :  mod = 9.055064637678779e-11,  Error =1.9821309322765046e-06
Completed 47 % :  mod = 8.458487579854138e-11,  Error =1.9926416641169453e-06
Completed 47 % :  mod = 7.830051870531962e-11,  Error =2.0032286229820784e-06
Completed 48 % :  mod = 7.184680986838788e-11,  Error =2.013882735241168e-06
Completed 48 % :  mod = 6.546174076143722e-11,  Error =2.0245957372821977e-06
Completed 48 % :  mod = 5.942705984740348e-11,  Error =2.035348060758224e-06
Completed 48 % :  mod = 5.3984592688185026e-11,  Error =2.0461563892126833e-06
Completed 49 % :  mod = 4.933023546964801e-11,  Error =2.057002220112736e-06
Completed 49 % :  mod = 4.555917123925213e-11,  Error =2.067878682510127e-06
Completed 49 % :  mod = 4.267186194875556e-11,  Error =2.0787805610211763e-06
Completed 49 % :  mod = 4.0594659309876017e-11,  Error =2.0897027823707504e-06
Completed 50 % :  mod = 3.9211680314680546e-11,  Error =2.100641403046666e-06
Completed 50 % :  mod = 3.83952054486476e-11,  Error =2.1115924653258844e-06
Completed 50 % :  mod = 3.80244854085212e-11,  Error =2.1225533899382754e-06
Completed 50 % :  mod = 3.7989373376543584e-11,  Error =2.1335212778694768e-06
Completed 51 % :  mod = 3.8183104027845484e-11,  Error =2.14449357116564e-06
Completed 51 % :  mod = 3.849431224596205e-11,  Error =2.1554687563707375e-06
Completed 51 % :  mod = 3.880896533547575e-11,  Error =2.16644495054652e-06
Completed 51 % :  mod = 3.902734695178206e-11,  Error =2.1774089660198115e-06
Completed 52 % :  mod = 3.9093672721040536e-11,  Error =2.188383412260464e-06
Completed 52 % :  mod = 3.902340761154827e-11,  Error =2.1993552934418403e-06
Completed 52 % :  mod = 3.891948268901328e-11,  Error =2.210322435303169e-06
Completed 52 % :  mod = 3.896329100901726e-11,  Error =2.2212831041201753e-06
Completed 53 % :  mod = 3.938199340501444e-11,  Error =2.2322347348335825e-06
Completed 53 % :  mod = 4.040159424720108e-11,  Error =2.2431739381545412e-06
Completed 53 % :  mod = 4.2201405675774065e-11,  Error =2.2540980921803566e-06
Completed 53 % :  mod = 4.488436365983471e-11,  Error =2.2650024291692716e-06
Completed 54 % :  mod = 4.84703404527904e-11,  Error =2.275882131641538e-06
Completed 54 % :  mod = 5.290982470622983e-11,  Error =2.2867316573638163e-06
Completed 54 % :  mod = 5.810759514631228e-11,  Error =2.2975444551320834e-06
Completed 54 % :  mod = 6.394355609889342e-11,  Error =2.3083136397872295e-06
Completed 55 % :  mod = 7.02743480472845e-11,  Error =2.319019053231841e-06
Completed 55 % :  mod = 7.695957099011819e-11,  Error =2.329676682677473e-06
Completed 55 % :  mod = 8.381259599994113e-11,  Error =2.340265929490215e-06
Completed 55 % :  mod = 9.063507636264305e-11,  Error =2.3507768602826218e-06
Completed 56 % :  mod = 9.724019829754642e-11,  Error =2.3611994137695547e-06
Completed 56 % :  mod = 1.0350745247448495e-10,  Error =2.371523081023952e-06
Completed 56 % :  mod = 1.0944770897458225e-10,  Error =2.381732834066952e-06
Completed 56 % :  mod = 1.1525353600371473e-10,  Error =2.3918129130606758e-06
Completed 57 % :  mod = 1.213094190780712e-10,  Error =2.4017430106937354e-06
Completed 57 % :  mod = 1.2814823742792297e-10,  Error =2.411498527976619e-06
Completed 57 % :  mod = 1.3635969610654258e-10,  Error =2.4210506310851088e-06
Completed 57 % :  mod = 1.4647486391849368e-10,  Error =2.4303665924207962e-06
Completed 58 % :  mod = 1.5885974111728132e-10,  Error =2.4394111122205686e-06
Completed 58 % :  mod = 1.7362742642583692e-10,  Error =2.4481367972839507e-06
Completed 58 % :  mod = 1.9068584784144294e-10,  Error =2.456525173499813e-06
Completed 58 % :  mod = 2.0965328768675506e-10,  Error =2.4645310716664426e-06
Completed 59 % :  mod = 2.299544207639791e-10,  Error =2.4721265674543247e-06
Completed 59 % :  mod = 2.5082987818560345e-10,  Error =2.4792935278128425e-06
Completed 59 % :  mod = 2.7134827362465627e-10,  Error =2.4860307306084906e-06
Completed 59 % :  mod = 2.904250677727415e-10,  Error =2.4923564723167146e-06
Completed 60 % :  mod = 3.068860637280172e-10,  Error =2.498309463305759e-06
Completed 60 % :  mod = 3.196033441841254e-10,  Error =2.503950774723762e-06
Completed 60 % :  mod = 3.2768872398230154e-10,  Error =2.5093591773384105e-06
Completed 60 % :  mod = 3.306788724452686e-10,  Error =2.5146282496280037e-06
Completed 61 % :  mod = 3.286276533722431e-10,  Error =2.5198585333896517e-06
Completed 61 % :  mod = 3.220562953042469e-10,  Error =2.52514980303431e-06
Completed 61 % :  mod = 3.117957218203779e-10,  Error =2.5305883113446725e-06
Completed 61 % :  mod = 2.9872529156031034e-10,  Error =2.5362663933492513e-06
Completed 62 % :  mod = 2.8368829258366774e-10,  Error =2.542244331493748e-06
Completed 62 % :  mod = 2.6739580693413496e-10,  Error =2.5485708903261184e-06
Completed 62 % :  mod = 2.5046630687275164e-10,  Error =2.555277262672462e-06
Completed 62 % :  mod = 2.3347147040396457e-10,  Error =2.5623789099427086e-06
Completed 63 % :  mod = 2.1693890079582834e-10,  Error =2.5698767984749793e-06
Completed 63 % :  mod = 2.0130043441344777e-10,  Error =2.5777597372211858e-06
Completed 63 % :  mod = 1.86821574354982e-10,  Error =2.586008612581736e-06
Completed 63 % :  mod = 1.7356122628361934e-10,  Error =2.5945981008135277e-06
Completed 64 % :  mod = 1.6139079279994713e-10,  Error =2.603499893893968e-06
Completed 64 % :  mod = 1.50069162304064e-10,  Error =2.612684610880933e-06
Completed 64 % :  mod = 1.393445436076883e-10,  Error =2.622122579509778e-06
Completed 64 % :  mod = 1.2905481608126985e-10,  Error =2.6317752173099507e-06
Completed 65 % :  mod = 1.191235920326069e-10,  Error =2.641637934175378e-06
Completed 65 % :  mod = 1.0961408006444003e-10,  Error =2.6516758424577347e-06
Completed 65 % :  mod = 1.00623773648428e-10,  Error =2.6618675832423833e-06
Completed 65 % :  mod = 9.223012150398322e-11,  Error =2.6721930836970387e-06
Completed 66 % :  mod = 8.444931301790382e-11,  Error =2.682634423933905e-06
Completed 66 % :  mod = 7.723552494352471e-11,  Error =2.6931760430670693e-06
Completed 66 % :  mod = 7.05148913624447e-11,  Error =2.7038037941906623e-06
Completed 66 % :  mod = 6.423314374257777e-11,  Error =2.714505114909116e-06
Completed 67 % :  mod = 5.839080069264019e-11,  Error =2.7252690841805816e-06
Completed 67 % :  mod = 5.304638960970629e-11,  Error =2.7360857544067585e-06
Completed 67 % :  mod = 4.8284531815665766e-11,  Error =2.7469468975027667e-06
Completed 67 % :  mod = 4.4164328375245674e-11,  Error =2.757844939083043e-06
Completed 68 % :  mod = 4.067768430502274e-11,  Error =2.7687617887295346e-06
Completed 68 % :  mod = 3.7718185153241444e-11,  Error =2.7797174908528177e-06
Completed 68 % :  mod = 3.512647213237593e-11,  Error =2.7906946442612934e-06
Completed 68 % :  mod = 3.272491172737679e-11,  Error =2.8016900799343603e-06
Completed 69 % :  mod = 3.03804500918311e-11,  Error =2.8127004441103054e-06
Completed 69 % :  mod = 2.8044860370864956e-11,  Error =2.82372369042605e-06
Completed 69 % :  mod = 2.5758570346951045e-11,  Error =2.8347579643650533e-06
Completed 69 % :  mod = 2.3616588318031494e-11,  Error =2.845801262196801e-06
Completed 70 % :  mod = 2.1713035013834385e-11,  Error =2.856852098886975e-06
Completed 70 % :  mod = 2.0090716968717424e-11,  Error =2.867909373094335e-06
Completed 70 % :  mod = 1.8718953844364072e-11,  Error =2.878972608755248e-06
Completed 70 % :  mod = 1.75087604693328e-11,  Error =2.8900400437237295e-06
Completed 71 % :  mod = 1.6356796051914444e-11,  Error =2.901111180619864e-06
Completed 71 % :  mod = 1.519764937935117e-11,  Error =2.9121733717829557e-06
Completed 71 % :  mod = 1.4031727912787729e-11,  Error =2.9232506264520453e-06
Completed 71 % :  mod = 1.2932367970626194e-11,  Error =2.9343303538098553e-06
Completed 72 % :  mod = 1.2005849895151097e-11,  Error =2.9454116372562567e-06
Completed 72 % :  mod = 1.134024165759459e-11,  Error =2.956494668637788e-06
Completed 72 % :  mod = 1.0960137621739659e-11,  Error =2.9675786805682947e-06
Completed 72 % :  mod = 1.081009506741625e-11,  Error =2.9786634456741012e-06
Completed 73 % :  mod = 1.0774925256472388e-11,  Error =2.989749170012601e-06
Completed 73 % :  mod = 1.0727941697147916e-11,  Error =3.000835711475247e-06
Completed 73 % :  mod = 1.0585184437677467e-11,  Error =3.0119227147906713e-06
Completed 73 % :  mod = 1.0340537844703277e-11,  Error =3.0230095333649842e-06
Completed 74 % :  mod = 1.0065312639072121e-11,  Error =3.034096863530067e-06
Completed 74 % :  mod = 9.872598552102735e-12,  Error =3.0451842079060043e-06
Completed 74 % :  mod = 9.863396626316837e-12,  Error =3.056258698563852e-06
Completed 74 % :  mod = 1.0080596657197e-11,  Error =3.067345538454447e-06
Completed 75 % :  mod = 1.049206700223537e-11,  Error =3.0784315967480325e-06
Completed 75 % :  mod = 1.1009982146019659e-11,  Error =3.0895179179424304e-06
Completed 75 % :  mod = 1.1537571912353662e-11,  Error =3.1006030170033227e-06
Completed 75 % :  mod = 1.2020205772694855e-11,  Error =3.1116872136749407e-06
Completed 76 % :  mod = 1.2476393618735154e-11,  Error =3.1227700532099334e-06
Completed 76 % :  mod = 1.2993627686818381e-11,  Error =3.133851578240865e-06
Completed 76 % :  mod = 1.3690675609135172e-11,  Error =3.1449312203335467e-06
Completed 76 % :  mod = 1.466387885186705e-11,  Error =3.156008133942123e-06
Completed 77 % :  mod = 1.5942551792988563e-11,  Error =3.1670826388108253e-06
Completed 77 % :  mod = 1.747437900931857e-11,  Error =3.178153633598413e-06
Completed 77 % :  mod = 1.914802503537828e-11,  Error =3.1892208127715094e-06
Completed 77 % :  mod = 2.0841306123801816e-11,  Error =3.200270747072409e-06
Completed 78 % :  mod = 2.248384600311518e-11,  Error =3.211327388896734e-06
Completed 78 % :  mod = 2.408017191202128e-11,  Error =3.2223778489992583e-06
Completed 78 % :  mod = 2.5716218397656756e-11,  Error =3.2334205997130994e-06
Completed 78 % :  mod = 2.7521440368525225e-11,  Error =3.2444542483744954e-06
Completed 79 % :  mod = 2.9616236360510716e-11,  Error =3.2554771891568635e-06
Completed 79 % :  mod = 3.206821501658382e-11,  Error =3.266487041742039e-06
Completed 79 % :  mod = 3.4877731770379e-11,  Error =3.2774816958180963e-06
Completed 79 % :  mod = 3.799879235635318e-11,  Error =3.2884580036807165e-06
Completed 80 % :  mod = 4.138456576757696e-11,  Error =3.299412121293699e-06
Completed 80 % :  mod = 4.5034670258628274e-11,  Error =3.310339828033193e-06
Completed 80 % :  mod = 4.901973535526462e-11,  Error =3.321236057729493e-06
Completed 80 % :  mod = 5.346915818044016e-11,  Error =3.332093918118062e-06
Completed 81 % :  mod = 5.851991771691924e-11,  Error =3.3428946224489664e-06
Completed 81 % :  mod = 6.428267188061644e-11,  Error =3.3536547121570948e-06
Completed 81 % :  mod = 7.076420551356086e-11,  Error =3.36435159198345e-06
Completed 81 % :  mod = 7.788078388144246e-11,  Error =3.374974532732722e-06
Completed 82 % :  mod = 8.548482583911371e-11,  Error =3.385510908060496e-06
Completed 82 % :  mod = 9.342622776864154e-11,  Error =3.395947551609879e-06
Completed 82 % :  mod = 1.0161761237669608e-10,  Error =3.4062674885149136e-06
Completed 82 % :  mod = 1.1007454644432166e-10,  Error =3.4164538078584883e-06
Completed 83 % :  mod = 1.1891279946528018e-10,  Error =3.426486813395968e-06
Completed 83 % :  mod = 1.2830611079911322e-10,  Error =3.4363436824946803e-06
Completed 83 % :  mod = 1.384271478259602e-10,  Error =3.4460007043435326e-06
Completed 83 % :  mod = 1.4940023841868498e-10,  Error =3.455430558574335e-06
Completed 84 % :  mod = 1.6128576331352248e-10,  Error =3.46460468136911e-06
Completed 84 % :  mod = 1.7408373050509287e-10,  Error =3.4734831544369626e-06
Completed 84 % :  mod = 1.8782886610993966e-10,  Error =3.482055923598182e-06
Completed 84 % :  mod = 2.025259274457343e-10,  Error =3.490283532414651e-06
Completed 85 % :  mod = 2.181853314717691e-10,  Error =3.498140870306088e-06
Completed 85 % :  mod = 2.347360189540931e-10,  Error =3.505608766829482e-06
Completed 85 % :  mod = 2.5192688655052334e-10,  Error =3.5126779778238415e-06
Completed 85 % :  mod = 2.6925370191960063e-10,  Error =3.51935053544139e-06
Completed 86 % :  mod = 2.859586542721124e-10,  Error =3.5256428390084693e-06
Completed 86 % :  mod = 3.0111731882091436e-10,  Error =3.531588880889558e-06
Completed 86 % :  mod = 3.1378339211653757e-10,  Error =3.537240964135435e-06
Completed 86 % :  mod = 3.231299566278875e-10,  Error =3.5426671871618964e-06
Completed 87 % :  mod = 3.285303123016675e-10,  Error =3.5479511240055217e-06
Completed 87 % :  mod = 3.2956629605849006e-10,  Error =3.553185784710422e-06
Completed 87 % :  mod = 3.260152783712449e-10,  Error =3.5584646980169055e-06
Completed 87 % :  mod = 3.1784444241170074e-10,  Error =3.56389712408145e-06
Completed 88 % :  mod = 3.053068795773198e-10,  Error =3.569567546435337e-06
Completed 88 % :  mod = 2.890108537066261e-10,  Error =3.5755530092274057e-06
Completed 88 % :  mod = 2.699288993325318e-10,  Error =3.5819125585589973e-06
Completed 88 % :  mod = 2.4928797556288436e-10,  Error =3.5886840166199363e-06
Completed 89 % :  mod = 2.2836720728841147e-10,  Error =3.5958832569349397e-06
Completed 89 % :  mod = 2.082795363517671e-10,  Error =3.6035078920804153e-06
Completed 89 % :  mod = 1.8981700326164755e-10,  Error =3.611540471126773e-06
Completed 89 % :  mod = 1.7340315451884965e-10,  Error =3.619952238409496e-06
Completed 90 % :  mod = 1.591454399990939e-10,  Error =3.628708952874149e-06
Completed 90 % :  mod = 1.4694093471099058e-10,  Error =3.637773595244198e-06
Completed 90 % :  mod = 1.365780391062176e-10,  Error =3.6471083575406738e-06
Completed 90 % :  mod = 1.2780578934236025e-10,  Error =3.65666700474776e-06
Completed 91 % :  mod = 1.2031079739960742e-10,  Error =3.6664386371398905e-06
Completed 91 % :  mod = 1.1376818673919696e-10,  Error =3.676384629613949e-06
Completed 91 % :  mod = 1.0779891386252078e-10,  Error =3.6864812358317067e-06
Completed 91 % :  mod = 1.0200799195462001e-10,  Error =3.6967074947824585e-06
Completed 92 % :  mod = 9.604579242223687e-11,  Error =3.707046687395632e-06
Completed 92 % :  mod = 8.968675875100801e-11,  Error =3.717485135723564e-06
Completed 92 % :  mod = 8.289230458124389e-11,  Error =3.7280114000282083e-06
Completed 92 % :  mod = 7.582453547629441e-11,  Error =3.7386148576956657e-06
Completed 93 % :  mod = 6.879749218532701e-11,  Error =3.749286562992893e-06
Completed 93 % :  mod = 6.21812941804565e-11,  Error =3.7600175133434277e-06
Completed 93 % :  mod = 5.6294746920495174e-11,  Error =3.7707995232949543e-06
Completed 93 % :  mod = 5.132487232439382e-11,  Error =3.7816245423982764e-06
Completed 94 % :  mod = 4.7303392924383253e-11,  Error =3.7924734641592295e-06
Completed 94 % :  mod = 4.4119531000111326e-11,  Error =3.8033649687463367e-06
Completed 94 % :  mod = 4.1616265023948756e-11,  Error =3.8142808236329984e-06
Completed 94 % :  mod = 3.9646106334614954e-11,  Error =3.825216410291432e-06
Completed 95 % :  mod = 3.812354457739295e-11,  Error =3.836168161797104e-06
Completed 95 % :  mod = 3.702647232458123e-11,  Error =3.847131807788173e-06
Completed 95 % :  mod = 3.635648702689279e-11,  Error =3.858105323217842e-06
Completed 95 % :  mod = 3.608250482427172e-11,  Error =3.869085773544612e-06
Completed 96 % :  mod = 3.610000913935058e-11,  Error =3.880071744788438e-06
Completed 96 % :  mod = 3.623143379117187e-11,  Error =3.891061567173892e-06
Completed 96 % :  mod = 3.6273794133806417e-11,  Error =3.902053528292981e-06
Completed 96 % :  mod = 3.607538559845159e-11,  Error =3.913046867864978e-06
Completed 97 % :  mod = 3.5606259631462635e-11,  Error =3.924040413494367e-06
Completed 97 % :  mod = 3.4988360139327236e-11,  Error =3.935019961431863e-06
Completed 97 % :  mod = 3.446474678970384e-11,  Error =3.946009123012573e-06
Completed 97 % :  mod = 3.432991101598545e-11,  Error =3.9569937300143465e-06
Completed 98 % :  mod = 3.4836750289269045e-11,  Error =3.96797199186949e-06
Completed 98 % :  mod = 3.6127857808158876e-11,  Error =3.978940803506248e-06
Completed 98 % :  mod = 3.821332599567021e-11,  Error =3.989898146983251e-06
Completed 98 % :  mod = 4.100078033688494e-11,  Error =4.000840270634853e-06
Completed 99 % :  mod = 4.435923912680991e-11,  Error =4.011763557798531e-06
Completed 99 % :  mod = 4.8183535953950656e-11,  Error =4.022663723901587e-06
Completed 99 % :  mod = 5.2427426095024693e-11,  Error =4.033536079361966e-06
Completed 99 % :  mod = 5.709056334302777e-11,  Error =4.044375543799106e-06
Completed 100 % :  mod = 6.216852152504563e-11,  Error =4.055176361816848e-06
Finished 22/31 frames
Finished all frames!
