/opt/local/miniconda_23_9/lib/python3.11/site-packages/conda/base/context.py:201: FutureWarning: Adding 'defaults' to channel list implicitly is deprecated and will be removed in 25.3. 

To remove this warning, please choose a default channel explicitly with conda's regular configuration system, e.g. by adding 'defaults' to the list of channels:

  conda config --add channels defaults

For more information see https://docs.conda.io/projects/conda/en/stable/user-guide/configuration/use-condarc.html

  deprecated.topic(
JOB 14539 ARRAY_ID 4  -> i=4 ; range=[2.0015e-10, 2.1e-10] ; intervals=6 (frames=7)
Analytic t0 extension enabled (--extend-time-using-t0).
Extending simulation time for p0=2.058e-10 from 10000000000.0 to 2.304e+10
Completed 0 % :  mod = 1.6462285714390718e-16,  Error =-1.4210854715202004e-14
Completed 0 % :  mod = 1.6540868989277083e-16,  Error =5.057607666003605e-09
Completed 0 % :  mod = 1.6777368865126488e-16,  Error =1.0115556392520375e-08
Completed 0 % :  mod = 1.7174043576030476e-16,  Error =1.5172638256899518e-08
Completed 0 % :  mod = 1.7734679815246587e-16,  Error =2.02305514562795e-08
Completed 1 % :  mod = 1.8464488024472564e-16,  Error =2.5287619109803927e-08
Completed 1 % :  mod = 1.9370689795478848e-16,  Error =3.034521256495282e-08
Completed 1 % :  mod = 2.0461825220082892e-16,  Error =3.540269943869134e-08
Completed 1 % :  mod = 2.1748310885510878e-16,  Error =4.046004420388272e-08
Completed 2 % :  mod = 2.3242149906233988e-16,  Error =4.551692001086849e-08
Completed 2 % :  mod = 2.495812484248879e-16,  Error =5.057489715909469e-08
Completed 2 % :  mod = 2.691237641269937e-16,  Error =5.5632028761465335e-08
Completed 2 % :  mod = 2.912356293703229e-16,  Error =6.069033986477734e-08
Completed 3 % :  mod = 3.1612334307395694e-16,  Error =6.574639854761699e-08
Completed 3 % :  mod = 3.4403319325050097e-16,  Error =7.08041909547319e-08
Completed 3 % :  mod = 3.7522755088860767e-16,  Error =7.586154993077798e-08
Completed 3 % :  mod = 4.1000423476810485e-16,  Error =8.091866021686656e-08
Completed 4 % :  mod = 4.486881530067009e-16,  Error =8.59743849446204e-08
Completed 4 % :  mod = 4.916621086101645e-16,  Error =9.10316231284014e-08
Completed 4 % :  mod = 5.393299984653666e-16,  Error =9.608882578504563e-08
Completed 4 % :  mod = 5.921469045166031e-16,  Error =1.011462202882285e-07
Completed 5 % :  mod = 6.506063765874607e-16,  Error =1.062028402998294e-07
Completed 5 % :  mod = 7.152868907214263e-16,  Error =1.112604834929698e-07
Completed 5 % :  mod = 7.867963019875019e-16,  Error =1.1631826168922998e-07
Completed 5 % :  mod = 8.658173079810312e-16,  Error =1.2137594751493452e-07
Completed 6 % :  mod = 9.530883669560407e-16,  Error =1.2643227620401376e-07
Completed 6 % :  mod = 1.0494730723258407e-15,  Error =1.3148952859864949e-07
Completed 6 % :  mod = 1.1558771598744093e-15,  Error =1.3654702968324273e-07
Completed 6 % :  mod = 1.273316489336541e-15,  Error =1.4160490735548592e-07
Completed 7 % :  mod = 1.4029122488699443e-15,  Error =1.466627352897376e-07
Completed 7 % :  mod = 1.545875575441209e-15,  Error =1.5171902845168006e-07
Completed 7 % :  mod = 1.7036211521080143e-15,  Error =1.567760605780677e-07
Completed 7 % :  mod = 1.8776313133080277e-15,  Error =1.6183360429522509e-07
Completed 8 % :  mod = 2.069567346301323e-15,  Error =1.6689056536733915e-07
Completed 8 % :  mod = 2.2812229912639444e-15,  Error =1.7194724932778627e-07
Completed 8 % :  mod = 2.51469268682597e-15,  Error =1.7700556753652563e-07
Completed 8 % :  mod = 2.7721703122204914e-15,  Error =1.8206298335599058e-07
Completed 9 % :  mod = 3.056114035229008e-15,  Error =1.8712034233203667e-07
Completed 9 % :  mod = 3.369177469713057e-15,  Error =1.9217713287389415e-07
Completed 9 % :  mod = 3.714458528196911e-15,  Error =1.9723459132592325e-07
Completed 9 % :  mod = 4.095201762320017e-15,  Error =2.0229180819342218e-07
Completed 10 % :  mod = 4.5150421565898605e-15,  Error =2.0734876926553625e-07
Completed 10 % :  mod = 4.977903380875626e-15,  Error =2.1240538927713715e-07
Completed 10 % :  mod = 5.488365657840823e-15,  Error =2.1746323142224355e-07
Completed 10 % :  mod = 6.0512257183670424e-15,  Error =2.2252089593166602e-07
Completed 11 % :  mod = 6.671857224412776e-15,  Error =2.2757804885031874e-07
Completed 11 % :  mod = 7.356060373981268e-15,  Error =2.3263446990995362e-07
Completed 11 % :  mod = 8.11060567135384e-15,  Error =2.376921344193761e-07
Completed 11 % :  mod = 8.942583441561957e-15,  Error =2.4275006893503814e-07
Completed 12 % :  mod = 9.859936635514354e-15,  Error =2.4780779739330683e-07
Completed 12 % :  mod = 1.0871238504579593e-14,  Error =2.5286428240178793e-07
Completed 12 % :  mod = 1.1986496350015294e-14,  Error =2.57922017965484e-07
Completed 12 % :  mod = 1.3216190034590488e-14,  Error =2.6297979616174416e-07
Completed 13 % :  mod = 1.4572059525116807e-14,  Error =2.6803703434552517e-07
Completed 13 % :  mod = 1.606704938521726e-14,  Error =2.7309435779443447e-07
Completed 13 % :  mod = 1.7715131248097915e-14,  Error =2.78151070176591e-07
Completed 13 % :  mod = 1.9532613653067067e-14,  Error =2.8320869205344934e-07
Completed 14 % :  mod = 2.1536575110786837e-14,  Error =2.882664276171454e-07
Completed 14 % :  mod = 2.3746147546940533e-14,  Error =2.9332422712968764e-07
Completed 14 % :  mod = 2.6181980816264865e-14,  Error =2.9838111004210077e-07
Completed 14 % :  mod = 2.886817858042767e-14,  Error =3.034387319189591e-07
Completed 15 % :  mod = 3.1829982465356184e-14,  Error =3.084962401089797e-07
Completed 15 % :  mod = 3.5095668904565085e-14,  Error =3.135538833021201e-07
Completed 15 % :  mod = 3.869575775726646e-14,  Error =3.18610602789704e-07
Completed 15 % :  mod = 4.266587342038462e-14,  Error =3.2366793334404065e-07
Completed 16 % :  mod = 4.70433220897533e-14,  Error =3.2872490862700943e-07
Completed 16 % :  mod = 5.1869895254141105e-14,  Error =3.3378301367292806e-07
Completed 16 % :  mod = 5.719069999083122e-14,  Error =3.3883931394029787e-07
Completed 16 % :  mod = 6.305838764190127e-14,  Error =3.4389674397061754e-07
Completed 17 % :  mod = 6.952809499219861e-14,  Error =3.489538187295693e-07
Completed 17 % :  mod = 7.6661587812967e-14,  Error =3.540116964018125e-07
Completed 17 % :  mod = 8.452553194440307e-14,  Error =3.5906845852196057e-07
Completed 17 % :  mod = 9.319774309408471e-14,  Error =3.641264427756141e-07
Completed 18 % :  mod = 1.0275971000652513e-13,  Error =3.69184036230763e-07
Completed 18 % :  mod = 1.133027182682421e-13,  Error =3.7424049992296204e-07
Completed 18 % :  mod = 1.2492529499862536e-13,  Error =3.7929753915477704e-07
Completed 18 % :  mod = 1.377424454333616e-13,  Error =3.843546139137288e-07
Completed 19 % :  mod = 1.5187460231965725e-13,  Error =3.894123565828522e-07
Completed 19 % :  mod = 1.6745667613488925e-13,  Error =3.9447024846595014e-07
Completed 19 % :  mod = 1.8463741640365194e-13,  Error =3.9952783481567167e-07
Completed 19 % :  mod = 2.0357737019584277e-13,  Error =4.045839290256481e-07
Completed 20 % :  mod = 2.244639328949392e-13,  Error =4.096417924870366e-07
Completed 20 % :  mod = 2.4749333877429445e-13,  Error =4.1469950673445055e-07
Completed 20 % :  mod = 2.7288540722543015e-13,  Error =4.197573417741296e-07
Completed 20 % :  mod = 3.0087738505205544e-13,  Error =4.248134430895334e-07
Completed 21 % :  mod = 3.3174618727932604e-13,  Error =4.2987065995703233e-07
Completed 21 % :  mod = 3.6578177645084884e-13,  Error =4.3492759260743696e-07
Completed 21 % :  mod = 4.033089509855522e-13,  Error =4.399855626502358e-07
Completed 21 % :  mod = 4.4467823730759677e-13,  Error =4.450419979207254e-07
Completed 22 % :  mod = 4.902987496979524e-13,  Error =4.50099705062712e-07
Completed 22 % :  mod = 5.405988341931154e-13,  Error =4.5515756141867314e-07
Completed 22 % :  mod = 5.960582520057587e-13,  Error =4.6021528277151447e-07
Completed 22 % :  mod = 6.571946956053835e-13,  Error =4.65271398297773e-07
Completed 23 % :  mod = 7.246123179875871e-13,  Error =4.7032883543352e-07
Completed 23 % :  mod = 7.989435284254161e-13,  Error =4.7538589598161707e-07
Completed 23 % :  mod = 8.808964967331261e-13,  Error =4.804429281080047e-07
Completed 23 % :  mod = 9.712351515315974e-13,  Error =4.85498880209434e-07
Completed 24 % :  mod = 1.0708507867697785e-12,  Error =4.905573334212932e-07
Completed 24 % :  mod = 1.1806759179411422e-12,  Error =4.95614607132211e-07
Completed 24 % :  mod = 1.3017542926541768e-12,  Error =5.006718026834278e-07
Completed 24 % :  mod = 1.4352110937127958e-12,  Error =5.057278045228486e-07
Completed 25 % :  mod = 1.5823583911893637e-12,  Error =5.107849574415013e-07
Completed 25 % :  mod = 1.74456743815384e-12,  Error =5.158424940532313e-07
Completed 25 % :  mod = 1.9233715042526544e-12,  Error =5.208988724803021e-07
Completed 25 % :  mod = 2.120457075639399e-12,  Error =5.259552082748087e-07
Completed 26 % :  mod = 2.33763851437369e-12,  Error =5.310110466894002e-07
Completed 26 % :  mod = 2.577028026152526e-12,  Error =5.360677093335653e-07
Completed 26 % :  mod = 2.8408256442436405e-12,  Error =5.411243790831577e-07
Completed 26 % :  mod = 3.1314836546683505e-12,  Error =5.461807219830916e-07
Completed 27 % :  mod = 3.4516298808678414e-12,  Error =5.512354803727249e-07
Completed 27 % :  mod = 3.804313686685411e-12,  Error =5.562908853562476e-07
Completed 27 % :  mod = 4.192690326204157e-12,  Error =5.613464040266081e-07
Completed 27 % :  mod = 4.620255282671272e-12,  Error =5.664015176876092e-07
Completed 28 % :  mod = 5.09072073005072e-12,  Error =5.714546489343775e-07
Completed 28 % :  mod = 5.608362768396885e-12,  Error =5.765077872865731e-07
Completed 28 % :  mod = 6.177538641660686e-12,  Error =5.815598527192378e-07
Completed 28 % :  mod = 6.803006234872256e-12,  Error =5.866112289254488e-07
Completed 29 % :  mod = 7.489710544570626e-12,  Error =5.916598126987083e-07
Completed 29 % :  mod = 8.243247171749923e-12,  Error =5.967079772517536e-07
Completed 29 % :  mod = 9.069101038154551e-12,  Error =6.017536264835144e-07
Completed 29 % :  mod = 9.973039735637434e-12,  Error =6.067972506684782e-07
Completed 30 % :  mod = 1.0960710322209586e-11,  Error =6.118365547536087e-07
Completed 30 % :  mod = 1.203818411725195e-11,  Error =6.168737201051044e-07
Completed 30 % :  mod = 1.3210708215693155e-11,  Error =6.219070627366818e-07
Completed 30 % :  mod = 1.4483082136761383e-11,  Error =6.269348205023562e-07
Completed 31 % :  mod = 1.5858855589798442e-11,  Error =6.319559346934511e-07
Completed 31 % :  mod = 1.7340804158844515e-11,  Error =6.36971563494626e-07
Completed 31 % :  mod = 1.892886642012308e-11,  Error =6.419784455147237e-07
Completed 31 % :  mod = 2.0620321486139733e-11,  Error =6.469759910032735e-07
Completed 32 % :  mod = 2.240834719162899e-11,  Error =6.519622459677521e-07
Completed 32 % :  mod = 2.4282285547107687e-11,  Error =6.569378072640575e-07
Completed 32 % :  mod = 2.622472854712696e-11,  Error =6.618987313800062e-07
Completed 32 % :  mod = 2.821175948740913e-11,  Error =6.668433769618787e-07
Completed 33 % :  mod = 3.021187234733633e-11,  Error =6.717713318948881e-07
Completed 33 % :  mod = 3.2185275795387215e-11,  Error =6.766800382251859e-07
Completed 33 % :  mod = 3.4085575796334964e-11,  Error =6.815716133701244e-07
Completed 33 % :  mod = 3.585893038167841e-11,  Error =6.864437622766673e-07
Completed 34 % :  mod = 3.744776623437245e-11,  Error =6.912980339279784e-07
Completed 34 % :  mod = 3.879368557619954e-11,  Error =6.961349470202549e-07
Completed 34 % :  mod = 3.984276044971435e-11,  Error =7.009586084905095e-07
Completed 34 % :  mod = 4.054897103900765e-11,  Error =7.057718320879758e-07
Completed 35 % :  mod = 4.0879805322957964e-11,  Error =7.105776660409902e-07
Completed 35 % :  mod = 4.081959659593257e-11,  Error =7.153816312666095e-07
Completed 35 % :  mod = 4.0371206311494166e-11,  Error =7.20189753167233e-07
Completed 35 % :  mod = 3.9555754555468514e-11,  Error =7.250057478813687e-07
Completed 36 % :  mod = 3.8410256671159426e-11,  Error =7.298327631133361e-07
Completed 36 % :  mod = 3.69839109295451e-11,  Error =7.346744226310875e-07
Completed 36 % :  mod = 3.533228402781635e-11,  Error =7.395336609761216e-07
Completed 36 % :  mod = 3.351403185022424e-11,  Error =7.444107055221139e-07
Completed 37 % :  mod = 3.1585794803885015e-11,  Error =7.493069347219716e-07
Completed 37 % :  mod = 2.959964608650706e-11,  Error =7.542214532918479e-07
Completed 37 % :  mod = 2.759971877185008e-11,  Error =7.591546591356746e-07
Completed 37 % :  mod = 2.5623368977386418e-11,  Error =7.641056996021689e-07
Completed 38 % :  mod = 2.3699714499379543e-11,  Error =7.690707164442756e-07
Completed 38 % :  mod = 2.1850802545943048e-11,  Error =7.740481038354119e-07
Completed 38 % :  mod = 2.0091197668903652e-11,  Error =7.790387144268607e-07
Completed 38 % :  mod = 1.8430935974267373e-11,  Error =7.840406297532354e-07
Completed 39 % :  mod = 1.6875259339588694e-11,  Error =7.890510147490204e-07
Completed 39 % :  mod = 1.5425913843534728e-11,  Error =7.94068803600112e-07
Completed 39 % :  mod = 1.4082228464311921e-11,  Error =7.990928310164236e-07
Completed 39 % :  mod = 1.284091813144831e-11,  Error =8.041231041033825e-07
Completed 40 % :  mod = 1.1698072925627507e-11,  Error =8.091581022995342e-07
Completed 40 % :  mod = 1.0648669075282209e-11,  Error =8.141967811070572e-07
Completed 40 % :  mod = 9.687330462296656e-12,  Error =8.192378544435996e-07
Completed 40 % :  mod = 8.807944709243626e-12,  Error =8.242825941806586e-07
Completed 41 % :  mod = 8.004863844362182e-12,  Error =8.29329188434258e-07
Completed 41 % :  mod = 7.272362207278767e-12,  Error =8.343783619579881e-07
Completed 41 % :  mod = 6.605019394323865e-12,  Error =8.394268817824013e-07
Completed 41 % :  mod = 5.99733078738648e-12,  Error =8.444785777328434e-07
Completed 42 % :  mod = 5.444441711189839e-12,  Error =8.495312542322608e-07
Completed 42 % :  mod = 4.941692630321403e-12,  Error =8.545844139007386e-07
Completed 42 % :  mod = 4.484823277106971e-12,  Error =8.596374243552418e-07
Completed 42 % :  mod = 4.069659857815617e-12,  Error =8.646919127386354e-07
Completed 43 % :  mod = 3.692581947786725e-12,  Error =8.69747175613611e-07
Completed 43 % :  mod = 3.3501838253509947e-12,  Error =8.748031348204677e-07
Completed 43 % :  mod = 3.0393933269027363e-12,  Error =8.798581561109131e-07
Completed 43 % :  mod = 2.757243528282818e-12,  Error =8.849145913814027e-07
Completed 44 % :  mod = 2.5011785444327397e-12,  Error =8.899713819232602e-07
Completed 44 % :  mod = 2.268814245355453e-12,  Error =8.950288190590072e-07
Completed 44 % :  mod = 2.0580123751675148e-12,  Error =9.000843874673592e-07
Completed 44 % :  mod = 1.866720693876821e-12,  Error =9.051412206417808e-07
Completed 45 % :  mod = 1.693176626621103e-12,  Error =9.10198124870476e-07
Completed 45 % :  mod = 1.5357421406389146e-12,  Error =9.152551356805816e-07
Completed 45 % :  mod = 1.3929282322995789e-12,  Error =9.203115354239344e-07
Completed 45 % :  mod = 1.2634033848034748e-12,  Error =9.253677220044665e-07
Completed 46 % :  mod = 1.1458937028407533e-12,  Error =9.304252728270512e-07
Completed 46 % :  mod = 1.0393068082719654e-12,  Error =9.354831433938671e-07
Completed 46 % :  mod = 9.426294603581007e-13,  Error =9.405405947404688e-07
Completed 46 % :  mod = 8.549564487899888e-13,  Error =9.455971365923688e-07
Completed 47 % :  mod = 7.754226297527918e-13,  Error =9.506541331916196e-07
Completed 47 % :  mod = 7.032865135990839e-13,  Error =9.557114353242468e-07
Completed 47 % :  mod = 6.378607604310043e-13,  Error =9.607695261593108e-07
Completed 47 % :  mod = 5.785315833082498e-13,  Error =9.65826032484074e-07
Completed 48 % :  mod = 5.247126423834954e-13,  Error =9.708843222711039e-07
Completed 48 % :  mod = 4.759015241046995e-13,  Error =9.759425267930055e-07
Completed 48 % :  mod = 4.316326431863608e-13,  Error =9.81000013666744e-07
Completed 48 % :  mod = 3.9149032489840357e-13,  Error =9.860564986752252e-07
Completed 49 % :  mod = 3.5507757449333123e-13,  Error =9.911142555552033e-07
Completed 49 % :  mod = 3.2205426457104524e-13,  Error =9.961712379435994e-07
Completed 49 % :  mod = 2.921052487911904e-13,  Error =1.001228824293321e-06
Completed 49 % :  mod = 2.6494919804046884e-13,  Error =1.0062848190273144e-06
Completed 50 % :  mod = 2.4031746236949537e-13,  Error =1.011342305901053e-06
Completed 50 % :  mod = 2.1797989627751982e-13,  Error =1.0163999917267574e-06
Completed 50 % :  mod = 1.9772328155513651e-13,  Error =1.0214573720190856e-06
Completed 50 % :  mod = 1.7935729988709652e-13,  Error =1.026514041768678e-06
Completed 51 % :  mod = 1.6270023345379862e-13,  Error =1.0315721894471608e-06
Completed 51 % :  mod = 1.475964285516537e-13,  Error =1.0366298965891474e-06
Completed 51 % :  mod = 1.3390170048407255e-13,  Error =1.0416877884722453e-06
Completed 51 % :  mod = 1.2148531403001377e-13,  Error =1.0467451971862829e-06
Completed 52 % :  mod = 1.1023060051632627e-13,  Error =1.0518015471916442e-06
Completed 52 % :  mod = 1.0002619435754311e-13,  Error =1.0568594888127336e-06
Completed 52 % :  mod = 9.077673393298665e-14,  Error =1.0619168762104891e-06
Completed 52 % :  mod = 8.239391684140075e-14,  Error =1.0669742209756805e-06
Completed 53 % :  mod = 7.479897180546226e-14,  Error =1.0720306846678795e-06
Completed 53 % :  mod = 6.791674481342299e-14,  Error =1.0770878589028143e-06
Completed 53 % :  mod = 6.1682920223464e-14,  Error =1.0821455234122368e-06
Completed 53 % :  mod = 5.603798414087798e-14,  Error =1.0872029960751206e-06
Completed 54 % :  mod = 5.0928890299076835e-14,  Error =1.092259090285097e-06
Completed 54 % :  mod = 4.630508231392736e-14,  Error =1.097316385312297e-06
Completed 54 % :  mod = 4.212335108615937e-14,  Error =1.1023737513937704e-06
Completed 54 % :  mod = 3.834377362978034e-14,  Error =1.1074313519543466e-06
Completed 55 % :  mod = 3.493083038277222e-14,  Error =1.1124881780233409e-06
Completed 55 % :  mod = 3.1850748851798326e-14,  Error =1.1175461693824218e-06
Completed 55 % :  mod = 2.9074748316560945e-14,  Error =1.1226038623135537e-06
Completed 55 % :  mod = 2.6576326177620014e-14,  Error =1.1276611715516083e-06
Completed 56 % :  mod = 2.433199974983936e-14,  Error =1.1327181610454318e-06
Completed 56 % :  mod = 2.231956039492672e-14,  Error =1.1377756052866062e-06
Completed 56 % :  mod = 2.0520207371756184e-14,  Error =1.1428335184859861e-06
Completed 56 % :  mod = 1.8916762109504343e-14,  Error =1.1478908632511775e-06
Completed 57 % :  mod = 1.749414917367861e-14,  Error =1.1529478669558557e-06
Completed 57 % :  mod = 1.623829112562528e-14,  Error =1.1580048777659613e-06
Completed 57 % :  mod = 1.5137461157115112e-14,  Error =1.163062350428845e-06
Completed 57 % :  mod = 1.4181149579624332e-14,  Error =1.1681200291491223e-06
Completed 58 % :  mod = 1.336035796691702e-14,  Error =1.17317706127551e-06
Completed 58 % :  mod = 1.2666964218754943e-14,  Error =1.1782344770949749e-06
Completed 58 % :  mod = 1.2094502837474237e-14,  Error =1.1832914452725163e-06
Completed 58 % :  mod = 1.1637508539541538e-14,  Error =1.188349152414503e-06
Completed 59 % :  mod = 1.1291618344272323e-14,  Error =1.1934064261254207e-06
Completed 59 % :  mod = 1.1053562225914507e-14,  Error =1.1984623284888585e-06
Completed 59 % :  mod = 1.0920984488234463e-14,  Error =1.2035199716819989e-06
Completed 59 % :  mod = 1.0892670154183006e-14,  Error =1.2085772382874893e-06
Completed 60 % :  mod = 1.0968348930138974e-14,  Error =1.2136349027969118e-06
Completed 60 % :  mod = 1.1148702704973565e-14,  Error =1.2186911959588542e-06
Completed 60 % :  mod = 1.1435516165474416e-14,  Error =1.2237485051969088e-06
Completed 60 % :  mod = 1.1831505284478097e-14,  Error =1.2288058499621002e-06
Completed 61 % :  mod = 1.2340450638655108e-14,  Error =1.2338634718389585e-06
Completed 61 % :  mod = 1.2967091487773947e-14,  Error =1.2389206034413291e-06
Completed 61 % :  mod = 1.3717628718659821e-14,  Error =1.2439787369089572e-06
Completed 61 % :  mod = 1.4599129093018775e-14,  Error =1.2490365932649183e-06
Completed 62 % :  mod = 1.562000836951228e-14,  Error =1.2540941938254946e-06
Completed 62 % :  mod = 1.6789795751980297e-14,  Error =1.2591511335813266e-06
Completed 62 % :  mod = 1.812006678993997e-14,  Error =1.264208755458185e-06
Completed 62 % :  mod = 1.9623331331445762e-14,  Error =1.2692661428559404e-06
Completed 63 % :  mod = 2.1313941133471507e-14,  Error =1.2743246884383552e-06
Completed 63 % :  mod = 2.320768822219263e-14,  Error =1.2793819763601277e-06
Completed 63 % :  mod = 2.5323312074895435e-14,  Error =1.2844393495470285e-06
Completed 63 % :  mod = 2.7680699205229014e-14,  Error =1.2894974403820925e-06
Completed 64 % :  mod = 3.03023557228496e-14,  Error =1.2945545933007452e-06
Completed 64 % :  mod = 3.3212777363212604e-14,  Error =1.2996120233310648e-06
Completed 64 % :  mod = 3.6440764052974075e-14,  Error =1.3046699223195901e-06
Completed 64 % :  mod = 4.0016652772414316e-14,  Error =1.3097270681328155e-06
Completed 65 % :  mod = 4.397458263067499e-14,  Error =1.3147842992111691e-06
Completed 65 % :  mod = 4.8352340042312175e-14,  Error =1.3198423616245236e-06
Completed 65 % :  mod = 5.3190834479869655e-14,  Error =1.3248993582237745e-06
Completed 65 % :  mod = 5.853794471183626e-14,  Error =1.3299570085223422e-06
Completed 66 % :  mod = 6.444391862755881e-14,  Error =1.3350145451340723e-06
Completed 66 % :  mod = 7.096514026453906e-14,  Error =1.3400718543721268e-06
Completed 66 % :  mod = 7.816255151758118e-14,  Error =1.3451286164922749e-06
Completed 66 % :  mod = 8.610737285125217e-14,  Error =1.3501857054620814e-06
Completed 67 % :  mod = 9.487426021624037e-14,  Error =1.3552436470831708e-06
Completed 67 % :  mod = 1.0454690929757736e-13,  Error =1.3603014821228498e-06
Completed 67 % :  mod = 1.152157126356196e-13,  Error =1.3653583010864168e-06
Completed 67 % :  mod = 1.2698623872539325e-13,  Error =1.3704160153338307e-06
Completed 68 % :  mod = 1.3996908833098627e-13,  Error =1.375473161147056e-06
Completed 68 % :  mod = 1.5428820173698347e-13,  Error =1.3805307403913503e-06
Completed 68 % :  mod = 1.7007738897007375e-13,  Error =1.385587516722353e-06
Completed 68 % :  mod = 1.8749287737207216e-13,  Error =1.3906447762224161e-06
Completed 69 % :  mod = 2.066982988410575e-13,  Error =1.3957016378185472e-06
Completed 69 % :  mod = 2.278769834133141e-13,  Error =1.4007591815357046e-06
Completed 69 % :  mod = 2.512268250629228e-13,  Error =1.4058155883844847e-06
Completed 69 % :  mod = 2.7697883585042014e-13,  Error =1.4108731178907874e-06
Completed 70 % :  mod = 3.0537494171514394e-13,  Error =1.4159305834482439e-06
Completed 70 % :  mod = 3.3668616004185354e-13,  Error =1.4209884113824955e-06
Completed 70 % :  mod = 3.712050041372589e-13,  Error =1.4260449390235408e-06
Completed 70 % :  mod = 4.092729066226717e-13,  Error =1.4311022979995869e-06
Completed 71 % :  mod = 4.512473865251489e-13,  Error =1.4361598630330263e-06
Completed 71 % :  mod = 4.975289115348559e-13,  Error =1.44121784728668e-06
Completed 71 % :  mod = 5.485589785615102e-13,  Error =1.4462755899558033e-06
Completed 71 % :  mod = 6.048140200295872e-13,  Error =1.4513321033859938e-06
Completed 72 % :  mod = 6.668500666892527e-13,  Error =1.456389860265972e-06
Completed 72 % :  mod = 7.352492018213997e-13,  Error =1.4614466081752653e-06
Completed 72 % :  mod = 8.10663287338243e-13,  Error =1.4665042300521236e-06
Completed 72 % :  mod = 8.937955779646742e-13,  Error =1.4715610632265452e-06
Completed 73 % :  mod = 9.854666425376353e-13,  Error =1.4766191611670365e-06
Completed 73 % :  mod = 1.0865351277984897e-12,  Error =1.48167652724851e-06
Completed 73 % :  mod = 1.1979622320562726e-12,  Error =1.4867343693936164e-06
Completed 73 % :  mod = 1.320784347477678e-12,  Error =1.4917906625555588e-06
Completed 74 % :  mod = 1.4562101953348601e-12,  Error =1.4968480073207502e-06
Completed 74 % :  mod = 1.6055034135154498e-12,  Error =1.501904726808334e-06
Completed 74 % :  mod = 1.7700773495113093e-12,  Error =1.5069611052354048e-06
Completed 74 % :  mod = 1.9514540360954764e-12,  Error =1.5120176684035869e-06
Completed 75 % :  mod = 2.151406803556991e-12,  Error =1.5170749207982226e-06
Completed 75 % :  mod = 2.3717857776260867e-12,  Error =1.5221318960811914e-06
Completed 75 % :  mod = 2.6146563813870315e-12,  Error =1.5271888784695875e-06
Completed 75 % :  mod = 2.8822368127519127e-12,  Error =1.5322443047693923e-06
Completed 76 % :  mod = 3.1771057757018655e-12,  Error =1.5373002284491122e-06
Completed 76 % :  mod = 3.501941484167466e-12,  Error =1.5423555197457972e-06
Completed 76 % :  mod = 3.859721266118596e-12,  Error =1.547410327873422e-06
Completed 76 % :  mod = 4.2536231665561145e-12,  Error =1.5524638996566864e-06
Completed 77 % :  mod = 4.687323318247606e-12,  Error =1.557518210404396e-06
Completed 77 % :  mod = 5.1646005180329e-12,  Error =1.5625725282575331e-06
Completed 77 % :  mod = 5.689615252728233e-12,  Error =1.5676261426733618e-06
Completed 77 % :  mod = 6.266850964774093e-12,  Error =1.5726781654734623e-06
Completed 78 % :  mod = 6.90099728888184e-12,  Error =1.5777283763895866e-06
Completed 78 % :  mod = 7.597389104994103e-12,  Error =1.582777159114812e-06
Completed 78 % :  mod = 8.36131781882812e-12,  Error =1.5878252028755924e-06
Completed 78 % :  mod = 9.19841286278781e-12,  Error =1.5928707810530796e-06
Completed 79 % :  mod = 1.0114291933821829e-11,  Error =1.5979129415200077e-06
Completed 79 % :  mod = 1.1115096315050008e-11,  Error =1.6029524587679589e-06
Completed 79 % :  mod = 1.2206370361033642e-11,  Error =1.6079892191100953e-06
Completed 79 % :  mod = 1.3393455390409787e-11,  Error =1.6130222348920142e-06
Completed 80 % :  mod = 1.4680796160524287e-11,  Error =1.6180494100126452e-06
Completed 80 % :  mod = 1.607245013600564e-11,  Error =1.6230715615961344e-06
Completed 80 % :  mod = 1.7570225700200418e-11,  Error =1.628085854576966e-06
Completed 80 % :  mod = 1.9173913650670015e-11,  Error =1.6330923102714223e-06
Completed 81 % :  mod = 2.0879984669748264e-11,  Error =1.6380880012434318e-06
Completed 81 % :  mod = 2.268188554619226e-11,  Error =1.643073254342653e-06
Completed 81 % :  mod = 2.4567246785852212e-11,  Error =1.6480461155765624e-06
Completed 81 % :  mod = 2.6518010144949603e-11,  Error =1.6530046806906284e-06
Completed 82 % :  mod = 2.850882391157825e-11,  Error =1.6579461998844636e-06
Completed 82 % :  mod = 3.0507708372462035e-11,  Error =1.6628708721100338e-06
Completed 82 % :  mod = 3.247369375893022e-11,  Error =1.667777439706697e-06
Completed 82 % :  mod = 3.435863727682745e-11,  Error =1.672665746355051e-06
Completed 83 % :  mod = 3.6107972721000333e-11,  Error =1.67753446334018e-06
Completed 83 % :  mod = 3.766440744105365e-11,  Error =1.6823852675429407e-06
Completed 83 % :  mod = 3.896970163592779e-11,  Error =1.6872197008410694e-06
Completed 83 % :  mod = 3.997042496785726e-11,  Error =1.692040918044313e-06
Completed 84 % :  mod = 4.062242846101246e-11,  Error =1.696851214205708e-06
Completed 84 % :  mod = 4.0895739023690386e-11,  Error =1.7016569557881667e-06
Completed 84 % :  mod = 4.0777197739188646e-11,  Error =1.7064623989426764e-06
Completed 84 % :  mod = 4.027247500946178e-11,  Error =1.7112718495582158e-06
Completed 85 % :  mod = 3.940527096309553e-11,  Error =1.7160894927314985e-06
Completed 85 % :  mod = 3.821488416195257e-11,  Error =1.7209183269528694e-06
Completed 85 % :  mod = 3.675119384313301e-11,  Error =1.7257627078492987e-06
Completed 85 % :  mod = 3.507109574101898e-11,  Error =1.7306250228443787e-06
Completed 86 % :  mod = 3.323299510213354e-11,  Error =1.7355054922063573e-06
Completed 86 % :  mod = 3.1293315241000917e-11,  Error =1.7404039880375421e-06
Completed 86 % :  mod = 2.930217206661609e-11,  Error =1.7453222085350717e-06
Completed 86 % :  mod = 2.7303600499839042e-11,  Error =1.7502584199746707e-06
Completed 87 % :  mod = 2.533342843448731e-11,  Error =1.755210412568431e-06
Completed 87 % :  mod = 2.341995920380649e-11,  Error =1.7601753512508367e-06
Completed 87 % :  mod = 2.1583226997512487e-11,  Error =1.7651562913556518e-06
Completed 87 % :  mod = 1.98378969156092e-11,  Error =1.770148578827957e-06
Completed 88 % :  mod = 1.8192947516378243e-11,  Error =1.7751512402242042e-06
Completed 88 % :  mod = 1.665330074613791e-11,  Error =1.7801614973222968e-06
Completed 88 % :  mod = 1.5219723047108558e-11,  Error =1.7851805012014665e-06
Completed 88 % :  mod = 1.3891268115088661e-11,  Error =1.7902059994412411e-06
Completed 89 % :  mod = 1.2664885838809564e-11,  Error =1.7952368764895255e-06
Completed 89 % :  mod = 1.1536455377567129e-11,  Error =1.8002713417786254e-06
Completed 89 % :  mod = 1.0500464381891633e-11,  Error =1.8053109798188416e-06
Completed 89 % :  mod = 9.551530346847817e-12,  Error =1.810352706854701e-06
Completed 90 % :  mod = 8.683857147181758e-12,  Error =1.8153976739654354e-06
Completed 90 % :  mod = 7.891760325673615e-12,  Error =1.8204435505708716e-06
Completed 90 % :  mod = 7.169262950498702e-12,  Error =1.8254917861781905e-06
Completed 90 % :  mod = 6.511013084311362e-12,  Error =1.8305427218479053e-06
Completed 91 % :  mod = 5.911779834879656e-12,  Error =1.8355943822712106e-06
Completed 91 % :  mod = 5.366633070995482e-12,  Error =1.8406475064125516e-06
Completed 91 % :  mod = 4.871043411946562e-12,  Error =1.845700083435986e-06
Completed 91 % :  mod = 4.420550928157074e-12,  Error =1.850754259180576e-06
Completed 92 % :  mod = 4.01127773574836e-12,  Error =1.855808520190294e-06
Completed 92 % :  mod = 3.639565275052625e-12,  Error =1.8608640175443725e-06
Completed 92 % :  mod = 3.3021067708733346e-12,  Error =1.8659176035384917e-06
Completed 92 % :  mod = 2.995701952260153e-12,  Error =1.8709743159206482e-06
Completed 93 % :  mod = 2.7175910819830888e-12,  Error =1.8760308435616935e-06
Completed 93 % :  mod = 2.4651966347124713e-12,  Error =1.8810871935670548e-06
Completed 93 % :  mod = 2.236204902783773e-12,  Error =1.8861428756622445e-06
Completed 93 % :  mod = 2.0283931807252004e-12,  Error =1.891199310932734e-06
Completed 94 % :  mod = 1.839851616650133e-12,  Error =1.8962558812063435e-06
Completed 94 % :  mod = 1.6688043119267202e-12,  Error =1.9013120677868756e-06
Completed 94 % :  mod = 1.5136619792855724e-12,  Error =1.9063683112108265e-06
Completed 94 % :  mod = 1.372902845839118e-12,  Error =1.9114249525387095e-06
Completed 95 % :  mod = 1.2452214433725011e-12,  Error =1.9164821694062084e-06
Completed 95 % :  mod = 1.129406270947307e-12,  Error =1.921540075500161e-06
Completed 95 % :  mod = 1.0243746209141489e-12,  Error =1.926596837620309e-06
Completed 95 % :  mod = 9.29091320328525e-13,  Error =1.931654111331227e-06
Completed 96 % :  mod = 8.426689898843856e-13,  Error =1.9367117403135126e-06
Completed 96 % :  mod = 7.642848686124063e-13,  Error =1.941768850599601e-06
Completed 96 % :  mod = 6.932041263677499e-13,  Error =1.94682569087945e-06
Completed 96 % :  mod = 6.287246760187214e-13,  Error =1.9518831706477613e-06
Completed 97 % :  mod = 5.702448771977843e-13,  Error =1.9569408351571838e-06
Completed 97 % :  mod = 5.172071376500516e-13,  Error =1.961997917021563e-06
Completed 97 % :  mod = 4.691056382817637e-13,  Error =1.9670559865403447e-06
Completed 97 % :  mod = 4.2548877776060194e-13,  Error =1.9721129262961767e-06
Completed 98 % :  mod = 3.859252446613923e-13,  Error =1.977170072109402e-06
Completed 98 % :  mod = 3.5004551472274976e-13,  Error =1.9822268981783964e-06
Completed 98 % :  mod = 3.175072076396987e-13,  Error =1.987284271365297e-06
Completed 98 % :  mod = 2.8800468996439426e-13,  Error =1.9923417369227536e-06
Completed 99 % :  mod = 2.6124611257500616e-13,  Error =1.997398904052261e-06
Completed 99 % :  mod = 2.3698146877423856e-13,  Error =2.002456398031427e-06
Completed 99 % :  mod = 2.149791537002425e-13,  Error =2.007514012802858e-06
Completed 99 % :  mod = 1.9503245271862282e-13,  Error =2.0125701141182617e-06
Completed 100 % :  mod = 1.7694401225947557e-13,  Error =2.017627835471103e-06
Finished 5/7 frames
Finished all frames!
