/opt/local/miniconda_23_9/lib/python3.11/site-packages/conda/base/context.py:201: FutureWarning: Adding 'defaults' to channel list implicitly is deprecated and will be removed in 25.3. 

To remove this warning, please choose a default channel explicitly with conda's regular configuration system, e.g. by adding 'defaults' to the list of channels:

  conda config --add channels defaults

For more information see https://docs.conda.io/projects/conda/en/stable/user-guide/configuration/use-condarc.html

  deprecated.topic(
JOB 14528 ARRAY_ID 4  -> i=4 ; range=[2.0015e-10, 2.1e-10] ; intervals=6 (frames=7)
Analytic t0 extension enabled (--extend-time-using-t0).
Extending simulation time for p0=2.058e-10 from 10000000000.0 to 1.920e+10
Completed 0 % :  mod = 1.6462285714390718e-16,  Error =-1.4210854715202004e-14
Completed 0 % :  mod = 1.651685937406409e-16,  Error =4.215323201606225e-09
Completed 0 % :  mod = 1.6680896392946865e-16,  Error =8.429928755049332e-09
Completed 0 % :  mod = 1.6955483831120547e-16,  Error =1.2643916136312328e-08
Completed 0 % :  mod = 1.7342441511782146e-16,  Error =1.685830142150735e-08
Completed 1 % :  mod = 1.7844334108420884e-16,  Error =2.107286434238631e-08
Completed 1 % :  mod = 1.8464488024472564e-16,  Error =2.5287619109803927e-08
Completed 1 % :  mod = 1.920701278627817e-16,  Error =2.9501862286451797e-08
Completed 1 % :  mod = 2.0077024945366044e-16,  Error =3.3717171277203306e-08
Completed 2 % :  mod = 2.1079926901034828e-16,  Error =3.793137892671439e-08
Completed 2 % :  mod = 2.2222532760375583e-16,  Error =4.21456647359264e-08
Completed 2 % :  mod = 2.35124157599769e-16,  Error =4.636009265368557e-08
Completed 2 % :  mod = 2.495812484248879e-16,  Error =5.057489715909469e-08
Completed 3 % :  mod = 2.656924028968875e-16,  Error =5.4789182968306704e-08
Completed 3 % :  mod = 2.8356440098556043e-16,  Error =5.900334798525364e-08
Completed 3 % :  mod = 3.033156895262515e-16,  Error =6.321796774955146e-08
Completed 3 % :  mod = 3.2508192577752793e-16,  Error =6.743263014641343e-08
Completed 4 % :  mod = 3.489982665019875e-16,  Error =7.164756254951499e-08
Completed 4 % :  mod = 3.7522755088860767e-16,  Error =7.586154993077798e-08
Completed 4 % :  mod = 4.0394360934045406e-16,  Error =8.007548046862212e-08
Completed 4 % :  mod = 4.353367515078519e-16,  Error =8.428887099398708e-08
Completed 5 % :  mod = 4.696150345113614e-16,  Error =8.850292942952365e-08
Completed 5 % :  mod = 5.0700563140870395e-16,  Error =9.271698786506022e-08
Completed 5 % :  mod = 5.477652232715922e-16,  Error =9.693225422324758e-08
Completed 5 % :  mod = 5.921469045166031e-16,  Error =1.011462202882285e-07
Completed 6 % :  mod = 6.404529622498359e-16,  Error =1.0536066241684239e-07
Completed 6 % :  mod = 6.93003545043453e-16,  Error =1.0957485585549875e-07
Completed 6 % :  mod = 7.50146917493734e-16,  Error =1.1378946851436922e-07
Completed 6 % :  mod = 8.122617940077763e-16,  Error =1.1800378985071802e-07
Completed 7 % :  mod = 8.797598374059326e-16,  Error =1.2221829592817812e-07
Completed 7 % :  mod = 9.530883669560407e-16,  Error =1.2643227620401376e-07
Completed 7 % :  mod = 1.0327507009677335e-15,  Error =1.3064739334822661e-07
Completed 7 % :  mod = 1.1192415060101231e-15,  Error =1.3486124572636982e-07
Completed 8 % :  mod = 1.2131499324789114e-15,  Error =1.3907628471088174e-07
Completed 8 % :  mod = 1.3150983608380542e-15,  Error =1.4329076947205976e-07
Completed 8 % :  mod = 1.4257624426033412e-15,  Error =1.4750524002238308e-07
Completed 8 % :  mod = 1.545875575441209e-15,  Error =1.5171902845168006e-07
Completed 9 % :  mod = 1.6762338008017494e-15,  Error =1.559329234623874e-07
Completed 9 % :  mod = 1.817731824842653e-15,  Error =1.6014787718177104e-07
Completed 9 % :  mod = 1.971248274881466e-15,  Error =1.643620706204274e-07
Completed 9 % :  mod = 2.137828925950028e-15,  Error =1.685761432668187e-07
Completed 10 % :  mod = 2.318577767621848e-15,  Error =1.727905996062873e-07
Completed 10 % :  mod = 2.51469268682597e-15,  Error =1.7700556753652563e-07
Completed 10 % :  mod = 2.727473412399769e-15,  Error =1.8121976808060936e-07
Completed 10 % :  mod = 2.9583301179224165e-15,  Error =1.8543403967896666e-07
Completed 11 % :  mod = 3.2087927779547922e-15,  Error =1.8964843206958903e-07
Completed 11 % :  mod = 3.480580402953354e-15,  Error =1.9386343552696417e-07
Completed 11 % :  mod = 3.7753806543150196e-15,  Error =1.980777852850224e-07
Completed 11 % :  mod = 4.095201762320017e-15,  Error =2.0229180819342218e-07
Completed 12 % :  mod = 4.442163302996854e-15,  Error =2.065053408273343e-07
Completed 12 % :  mod = 4.818564708322579e-15,  Error =2.1071947031714444e-07
Completed 12 % :  mod = 5.226900540267884e-15,  Error =2.1493442403652807e-07
Completed 12 % :  mod = 5.669876993877511e-15,  Error =2.1914879511086838e-07
Completed 13 % :  mod = 6.150534334218072e-15,  Error =2.2336406146905574e-07
Completed 13 % :  mod = 6.671857224412776e-15,  Error =2.2757804885031874e-07
Completed 13 % :  mod = 7.237397001673834e-15,  Error =2.3179186570132515e-07
Completed 13 % :  mod = 7.85090169368333e-15,  Error =2.360063788842126e-07
Completed 14 % :  mod = 8.516437242480673e-15,  Error =2.4022101285936515e-07
Completed 14 % :  mod = 9.23841439170992e-15,  Error =2.444358955244752e-07
Completed 14 % :  mod = 1.0021617947358457e-14,  Error =2.4864997527629384e-07
Completed 14 % :  mod = 1.0871238504579593e-14,  Error =2.5286428240178793e-07
Completed 15 % :  mod = 1.1793107235930092e-14,  Error =2.570794350731376e-07
Completed 15 % :  mod = 1.2792948500754603e-14,  Error =2.612941543134184e-07
Completed 15 % :  mod = 1.3877573396499226e-14,  Error =2.65508312224938e-07
Completed 15 % :  mod = 1.5054170120153806e-14,  Error =2.6972264066671414e-07
Completed 16 % :  mod = 1.6330536419032156e-14,  Error =2.739365356774215e-07
Completed 16 % :  mod = 1.7715131248097915e-14,  Error =2.78151070176591e-07
Completed 16 % :  mod = 1.9217130809693288e-14,  Error =2.823653986183672e-07
Completed 16 % :  mod = 2.0846843757881493e-14,  Error =2.8658089945565735e-07
Completed 17 % :  mod = 2.2614389800269074e-14,  Error =2.907953486896986e-07
Completed 17 % :  mod = 2.4531809746413013e-14,  Error =2.9500992582143226e-07
Completed 17 % :  mod = 2.6611811040083432e-14,  Error =2.992244603206018e-07
Completed 17 % :  mod = 2.886817858042767e-14,  Error =3.034387319189591e-07
Completed 18 % :  mod = 3.13158661236702e-14,  Error =3.0765296088475225e-07
Completed 18 % :  mod = 3.3971095370612954e-14,  Error =3.1186746696221235e-07
Completed 18 % :  mod = 3.685146342308371e-14,  Error =3.16081646190014e-07
Completed 18 % :  mod = 3.9976738996716e-14,  Error =3.202970262350391e-07
Completed 19 % :  mod = 4.336632845126686e-14,  Error =3.245111628302766e-07
Completed 19 % :  mod = 4.70433220897533e-14,  Error =3.2872490862700943e-07
Completed 19 % :  mod = 5.1032088568855513e-14,  Error =3.329396918161365e-07
Completed 19 % :  mod = 5.535906271503802e-14,  Error =3.371536436702627e-07
Completed 20 % :  mod = 6.005292068206066e-14,  Error =3.41367815792637e-07
Completed 20 % :  mod = 6.514477007802877e-14,  Error =3.4558217265612257e-07
Completed 20 % :  mod = 7.066955723965262e-14,  Error =3.4979703400495055e-07
Completed 20 % :  mod = 7.6661587812967e-14,  Error =3.540116964018125e-07
Completed 21 % :  mod = 8.316167980843158e-14,  Error =3.582262593226915e-07
Completed 21 % :  mod = 9.021291077345873e-14,  Error =3.624406303970318e-07
Completed 21 % :  mod = 9.786201059142584e-14,  Error =3.6665520752876546e-07
Completed 21 % :  mod = 1.0615967111802264e-13,  Error =3.7086913096118224e-07
Completed 22 % :  mod = 1.1516088199145432e-13,  Error =3.750826351733849e-07
Completed 22 % :  mod = 1.2492529499862536e-13,  Error =3.7929753915477704e-07
Completed 22 % :  mod = 1.35519922753956e-13,  Error =3.835122370787758e-07
Completed 22 % :  mod = 1.4701054852637987e-13,  Error =3.877271410601679e-07
Completed 23 % :  mod = 1.594754430649907e-13,  Error =3.919409934383111e-07
Completed 23 % :  mod = 1.7299720895295964e-13,  Error =3.9615581215457496e-07
Completed 23 % :  mod = 1.876654511074102e-13,  Error =4.0037020454519734e-07
Completed 23 % :  mod = 2.0357737019584277e-13,  Error =4.045839290256481e-07
Completed 24 % :  mod = 2.2083840602559029e-13,  Error =4.087986340550742e-07
Completed 24 % :  mod = 2.395670075391885e-13,  Error =4.130142343683474e-07
Completed 24 % :  mod = 2.598794468928002e-13,  Error =4.1722844912328583e-07
Completed 24 % :  mod = 2.819140659836072e-13,  Error =4.21442678089079e-07
Completed 25 % :  mod = 3.0581685814656965e-13,  Error =4.2565651625636747e-07
Completed 25 % :  mod = 3.3174618727932604e-13,  Error =4.2987065995703233e-07
Completed 25 % :  mod = 3.598738343247747e-13,  Error =4.3408445549175667e-07
Completed 25 % :  mod = 3.9038613204045135e-13,  Error =4.3829908236148185e-07
Completed 26 % :  mod = 4.234851951695422e-13,  Error =4.4251325448385614e-07
Completed 26 % :  mod = 4.593980620326449e-13,  Error =4.4672869847772745e-07
Completed 26 % :  mod = 4.983475685468846e-13,  Error =4.509430269195036e-07
Completed 26 % :  mod = 5.405988341931154e-13,  Error =4.5515756141867314e-07
Completed 27 % :  mod = 5.864316038764427e-13,  Error =4.593722238155351e-07
Completed 27 % :  mod = 6.361492838243093e-13,  Error =4.6358598382312266e-07
Completed 27 % :  mod = 6.90080931689578e-13,  Error =4.6780021989434317e-07
Completed 27 % :  mod = 7.485834110224664e-13,  Error =4.720141504321873e-07
Completed 28 % :  mod = 8.120575232323339e-13,  Error =4.7622878440733984e-07
Completed 28 % :  mod = 8.808964967331261e-13,  Error =4.804429281080047e-07
Completed 28 % :  mod = 9.555681073519553e-13,  Error =4.84656524690763e-07
Completed 28 % :  mod = 1.036565740710594e-12,  Error =4.888715139372835e-07
Completed 29 % :  mod = 1.1244242951333505e-12,  Error =4.930854942131191e-07
Completed 29 % :  mod = 1.2197236128383654e-12,  Error =4.972998866037415e-07
Completed 29 % :  mod = 1.3230921774570243e-12,  Error =5.015140160935516e-07
Completed 29 % :  mod = 1.4352110937127958e-12,  Error =5.057278045228486e-07
Completed 30 % :  mod = 1.5568448088067658e-12,  Error =5.099425379739841e-07
Completed 30 % :  mod = 1.68874216253911e-12,  Error =5.141570724731537e-07
Completed 30 % :  mod = 1.831793442422749e-12,  Error =5.183709319567242e-07
Completed 30 % :  mod = 1.986936204813797e-12,  Error =5.225838464184562e-07
Completed 31 % :  mod = 2.1551852431025156e-12,  Error =5.267971658895476e-07
Completed 31 % :  mod = 2.33763851437369e-12,  Error =5.310110466894002e-07
Completed 31 % :  mod = 2.535483397860105e-12,  Error =5.352246930101501e-07
Completed 31 % :  mod = 2.7500499064575372e-12,  Error =5.394389077650885e-07
Completed 32 % :  mod = 2.9826349029789276e-12,  Error =5.43653044360326e-07
Completed 32 % :  mod = 3.2347775719973157e-12,  Error =5.478657456592373e-07
Completed 32 % :  mod = 3.508091243246766e-12,  Error =5.520781272139175e-07
Completed 32 % :  mod = 3.804313686685411e-12,  Error =5.562908853562476e-07
Completed 33 % :  mod = 4.125314287485729e-12,  Error =5.60503828239689e-07
Completed 33 % :  mod = 4.47310091560678e-12,  Error =5.6471604636954e-07
Completed 33 % :  mod = 4.849826221482447e-12,  Error =5.689275823783646e-07
Completed 33 % :  mod = 5.257881641628751e-12,  Error =5.73139651294241e-07
Completed 34 % :  mod = 5.699554133148605e-12,  Error =5.7735010017268e-07
Completed 34 % :  mod = 6.177538641660686e-12,  Error =5.815598527192378e-07
Completed 34 % :  mod = 6.694603628418578e-12,  Error =5.857692002564363e-07
Completed 34 % :  mod = 7.253668474676533e-12,  Error =5.899775317175227e-07
Completed 35 % :  mod = 7.857794100897493e-12,  Error =5.941838665535215e-07
Completed 35 % :  mod = 8.510167147045989e-12,  Error =5.983896897987506e-07
Completed 35 % :  mod = 9.21422847441367e-12,  Error =6.025945751275685e-07
Completed 35 % :  mod = 9.973039735637434e-12,  Error =6.067972506684782e-07
Completed 36 % :  mod = 1.0790116340909472e-11,  Error =6.10997503258659e-07
Completed 36 % :  mod = 1.1668786274986405e-11,  Error =6.151953542143929e-07
Completed 36 % :  mod = 1.2612246505774661e-11,  Error =6.193909882767912e-07
Completed 36 % :  mod = 1.3623453142499952e-11,  Error =6.23583453318588e-07
Completed 37 % :  mod = 1.4704982135983483e-11,  Error =6.277715414171325e-07
Completed 37 % :  mod = 1.5858855589798442e-11,  Error =6.319559346934511e-07
Completed 37 % :  mod = 1.7086593007059916e-11,  Error =6.361367184126721e-07
Completed 37 % :  mod = 1.838791429920234e-11,  Error =6.403106524999203e-07
Completed 38 % :  mod = 1.9761976373914273e-11,  Error =6.444785185522051e-07
Completed 38 % :  mod = 2.120601685552928e-11,  Error =6.48639094436021e-07
Completed 38 % :  mod = 2.27152165925216e-11,  Error =6.527923588350859e-07
Completed 38 % :  mod = 2.4282285547107687e-11,  Error =6.569378072640575e-07
Completed 39 % :  mod = 2.5897041413818066e-11,  Error =6.610726686062662e-07
Completed 39 % :  mod = 2.754635965088433e-11,  Error =6.651969854942763e-07
Completed 39 % :  mod = 2.921245996842796e-11,  Error =6.693098910659501e-07
Completed 39 % :  mod = 3.0874777057298003e-11,  Error =6.734096587024396e-07
Completed 40 % :  mod = 3.2508580244359034e-11,  Error =6.774967573619506e-07
Completed 40 % :  mod = 3.4085575796334964e-11,  Error =6.815716133701244e-07
Completed 40 % :  mod = 3.557450149293031e-11,  Error =6.856329122228999e-07
Completed 40 % :  mod = 3.6942100252652574e-11,  Error =6.896815492041242e-07
Completed 41 % :  mod = 3.8154479659403284e-11,  Error =6.937181709076867e-07
Completed 41 % :  mod = 3.917900124337556e-11,  Error =6.977447242206836e-07
Completed 41 % :  mod = 3.998538485730747e-11,  Error =7.017618202098674e-07
Completed 41 % :  mod = 4.054897103900765e-11,  Error =7.057718320879758e-07
Completed 42 % :  mod = 4.08516148724693e-11,  Error =7.097766712149678e-07
Completed 42 % :  mod = 4.088331549290126e-11,  Error =7.137806932178137e-07
Completed 42 % :  mod = 4.064301487842282e-11,  Error =7.177848999617709e-07
Completed 42 % :  mod = 4.0138683588563174e-11,  Error =7.217937465497926e-07
Completed 43 % :  mod = 3.938649924951405e-11,  Error =7.2580954224577e-07
Completed 43 % :  mod = 3.8410256671159426e-11,  Error =7.298327631133361e-07
Completed 43 % :  mod = 3.723869454514604e-11,  Error =7.338668410739047e-07
Completed 43 % :  mod = 3.590412707264177e-11,  Error =7.379119395523048e-07
Completed 44 % :  mod = 3.444036192802606e-11,  Error =7.419700835953336e-07
Completed 44 % :  mod = 3.2880938512183055e-11,  Error =7.460403139702976e-07
Completed 44 % :  mod = 3.125768342971934e-11,  Error =7.50124144133224e-07
Completed 44 % :  mod = 2.959964608650706e-11,  Error =7.542214532918479e-07
Completed 45 % :  mod = 2.793207144368514e-11,  Error =7.583317866988182e-07
Completed 45 % :  mod = 2.6277461996810063e-11,  Error =7.624538440609285e-07
Completed 45 % :  mod = 2.4653432356814985e-11,  Error =7.665862824524083e-07
Completed 45 % :  mod = 2.307426815894923e-11,  Error =7.707282776436841e-07
Completed 46 % :  mod = 2.1550881803071222e-11,  Error =7.748794388362512e-07
Completed 46 % :  mod = 2.0091197668903652e-11,  Error =7.790387144268607e-07
Completed 46 % :  mod = 1.870057107927006e-11,  Error =7.832059409906833e-07
Completed 46 % :  mod = 1.7381938645152917e-11,  Error =7.873801095570343e-07
Completed 47 % :  mod = 1.6137298375413736e-11,  Error =7.915590884977064e-07
Completed 47 % :  mod = 1.4966413495495267e-11,  Error =7.957426575444515e-07
Completed 47 % :  mod = 1.3868241603550562e-11,  Error =7.99931420658595e-07
Completed 47 % :  mod = 1.284091813144831e-11,  Error =8.041231041033825e-07
Completed 48 % :  mod = 1.188197889458829e-11,  Error =8.083184255269771e-07
Completed 48 % :  mod = 1.0988542464224284e-11,  Error =8.125163901695487e-07
Completed 48 % :  mod = 1.0157457011792719e-11,  Error =8.167168559225502e-07
Completed 48 % :  mod = 9.385261245849792e-12,  Error =8.209199791053834e-07
Completed 49 % :  mod = 8.668907386771563e-12,  Error =8.251241681023203e-07
Completed 49 % :  mod = 8.004863844362182e-12,  Error =8.29329188434258e-07
Completed 49 % :  mod = 7.389823327062272e-12,  Error =8.335365535572237e-07
Completed 49 % :  mod = 6.8205731081085996e-12,  Error =8.377439471018988e-07
Completed 50 % :  mod = 6.294021394761349e-12,  Error =8.419527048886266e-07
Completed 50 % :  mod = 5.8072148964026645e-12,  Error =8.461627345468514e-07
Completed 50 % :  mod = 5.357259267922426e-12,  Error =8.503735031695214e-07
Completed 50 % :  mod = 4.941692630321403e-12,  Error =8.545844139007386e-07
Completed 51 % :  mod = 4.557924178737599e-12,  Error =8.587956799033236e-07
Completed 51 % :  mod = 4.203615620650075e-12,  Error =8.630076635540718e-07
Completed 51 % :  mod = 3.8765798795594595e-12,  Error =8.672196969428114e-07
Completed 51 % :  mod = 3.5747760037976746e-12,  Error =8.714319221780897e-07
Completed 52 % :  mod = 3.296303051363285e-12,  Error =8.756451350677708e-07
Completed 52 % :  mod = 3.0393933269027363e-12,  Error =8.798581561109131e-07
Completed 52 % :  mod = 2.8023577339171e-12,  Error =8.840724632364072e-07
Completed 52 % :  mod = 2.583772290701807e-12,  Error =8.882861308734391e-07
Completed 53 % :  mod = 2.3821743760876664e-12,  Error =8.925001679926936e-07
Completed 53 % :  mod = 2.1962573621763852e-12,  Error =8.967138569460076e-07
Completed 53 % :  mod = 2.024812182901287e-12,  Error =9.009273682636376e-07
Completed 53 % :  mod = 1.866720693876821e-12,  Error =9.051412206417808e-07
Completed 54 % :  mod = 1.7209493392731108e-12,  Error =9.093549095950948e-07
Completed 54 % :  mod = 1.5865162000992518e-12,  Error =9.135697709439228e-07
Completed 54 % :  mod = 1.4625952180610875e-12,  Error =9.177832396289887e-07
Completed 54 % :  mod = 1.3483427177262513e-12,  Error =9.219970422691404e-07
Completed 55 % :  mod = 1.2430068500789143e-12,  Error =9.26210724117027e-07
Completed 55 % :  mod = 1.1458937028407533e-12,  Error =9.304252728270512e-07
Completed 55 % :  mod = 1.056362952145115e-12,  Error =9.346398002207934e-07
Completed 55 % :  mod = 9.738238151008685e-13,  Error =9.388540078703045e-07
Completed 56 % :  mod = 8.977312880628891e-13,  Error =9.43068442893491e-07
Completed 56 % :  mod = 8.275685923546126e-13,  Error =9.472831621337718e-07
Completed 56 % :  mod = 7.629012877790756e-13,  Error =9.514973697832829e-07
Completed 56 % :  mod = 7.032865135990839e-13,  Error =9.557114353242468e-07
Completed 57 % :  mod = 6.483299391067869e-13,  Error =9.599265240467503e-07
Completed 57 % :  mod = 5.976679408886922e-13,  Error =9.641405540605774e-07
Completed 57 % :  mod = 5.509652284977054e-13,  Error =9.683554367256875e-07
Completed 57 % :  mod = 5.07912650357331e-13,  Error =9.725703122853702e-07
Completed 58 % :  mod = 4.682251666484097e-13,  Error =9.767849959985142e-07
Completed 58 % :  mod = 4.316326431863608e-13,  Error =9.81000013666744e-07
Completed 58 % :  mod = 3.9790803335804934e-13,  Error =9.85214278159674e-07
Completed 58 % :  mod = 3.6682001272717604e-13,  Error =9.894286776557237e-07
Completed 59 % :  mod = 3.3816265694506634e-13,  Error =9.93642970570363e-07
Completed 59 % :  mod = 3.117461272904138e-13,  Error =9.978569082136346e-07
Completed 59 % :  mod = 2.873954174990789e-13,  Error =1.002071002176308e-06
Completed 59 % :  mod = 2.6494919804046884e-13,  Error =1.0062848190273144e-06
Completed 60 % :  mod = 2.442546022825897e-13,  Error =1.0104998580118263e-06
Completed 60 % :  mod = 2.2518315838639836e-13,  Error =1.0147145914629618e-06
Completed 60 % :  mod = 2.0760399798072765e-13,  Error =1.0189286712147805e-06
Completed 60 % :  mod = 1.9140063687117727e-13,  Error =1.0231427722828812e-06
Completed 61 % :  mod = 1.7646570449950538e-13,  Error =1.027357015459529e-06
Completed 61 % :  mod = 1.6270023345379862e-13,  Error =1.0315721894471608e-06
Completed 61 % :  mod = 1.500130041688047e-13,  Error =1.0357863473586804e-06
Completed 61 % :  mod = 1.3831994089652206e-13,  Error =1.040001201602081e-06
Completed 62 % :  mod = 1.2754139506562175e-13,  Error =1.0442169013913372e-06
Completed 62 % :  mod = 1.176104415708266e-13,  Error =1.0484307395586256e-06
Completed 62 % :  mod = 1.0845892391958086e-13,  Error =1.0526447837833075e-06
Completed 62 % :  mod = 1.0002619435754311e-13,  Error =1.0568594888127336e-06
Completed 63 % :  mod = 9.225636817091094e-14,  Error =1.0610736751459626e-06
Completed 63 % :  mod = 8.509795348882057e-14,  Error =1.0652875062078238e-06
Completed 63 % :  mod = 7.850351015571655e-14,  Error =1.0695022041318225e-06
Completed 63 % :  mod = 7.242811819166182e-14,  Error =1.0737170015318043e-06
Completed 64 % :  mod = 6.683405315292083e-14,  Error =1.07793098180764e-06
Completed 64 % :  mod = 6.1682920223464e-14,  Error =1.0821455234122368e-06
Completed 64 % :  mod = 5.694058137418906e-14,  Error =1.0863597026400384e-06
Completed 64 % :  mod = 5.2575607778201896e-14,  Error =1.090573839235276e-06
Completed 65 % :  mod = 4.8559071410002435e-14,  Error =1.0947878763545305e-06
Completed 65 % :  mod = 4.4864353373364474e-14,  Error =1.0990016718892548e-06
Completed 65 % :  mod = 4.146696763286945e-14,  Error =1.1032163129698347e-06
Completed 65 % :  mod = 3.834377362978034e-14,  Error =1.1074313519543466e-06
Completed 66 % :  mod = 3.5475377896053354e-14,  Error =1.1116458367155246e-06
Completed 66 % :  mod = 3.284209054678093e-14,  Error =1.1158608757000366e-06
Completed 66 % :  mod = 3.042645983215742e-14,  Error =1.1200748488704448e-06
Completed 66 % :  mod = 2.821247648408011e-14,  Error =1.1242894188967512e-06
Completed 67 % :  mod = 2.61854677057676e-14,  Error =1.1285034560160057e-06
Completed 67 % :  mod = 2.433199974983936e-14,  Error =1.1327181610454318e-06
Completed 67 % :  mod = 2.263945161930993e-14,  Error =1.1369335268796021e-06
Completed 67 % :  mod = 2.1097313459650725e-14,  Error =1.14114777005625e-06
Completed 68 % :  mod = 1.9694995067575674e-14,  Error =1.1453620203383252e-06
Completed 68 % :  mod = 1.8423202774736638e-14,  Error =1.1495767680003155e-06
Completed 68 % :  mod = 1.7273507953506367e-14,  Error =1.153791025387818e-06
Completed 68 % :  mod = 1.623829112562528e-14,  Error =1.1580048777659613e-06
Completed 69 % :  mod = 1.5310691560070488e-14,  Error =1.1622190712046176e-06
Completed 69 % :  mod = 1.448456169013077e-14,  Error =1.1664338117611806e-06
Completed 69 % :  mod = 1.3754283622257733e-14,  Error =1.170648921799966e-06
Completed 69 % :  mod = 1.3115322728345121e-14,  Error =1.174863761832512e-06
Completed 70 % :  mod = 1.2563281995998747e-14,  Error =1.179077692370356e-06
Completed 70 % :  mod = 1.2094502837474237e-14,  Error =1.1832914452725163e-06
Completed 70 % :  mod = 1.1705878533565529e-14,  Error =1.1875060934585235e-06
Completed 70 % :  mod = 1.1394833471164704e-14,  Error =1.1917199884692309e-06
Completed 71 % :  mod = 1.1159306236517449e-14,  Error =1.1959341676970325e-06
Completed 71 % :  mod = 1.0997709861905089e-14,  Error =1.2001488727264586e-06
Completed 71 % :  mod = 1.0909040852753915e-14,  Error =1.2043632935387905e-06
Completed 71 % :  mod = 1.0892670154183006e-14,  Error =1.2085772382874893e-06
Completed 72 % :  mod = 1.0948489313611673e-14,  Error =1.2127917017323853e-06
Completed 72 % :  mod = 1.1076868210641081e-14,  Error =1.2170056962190756e-06
Completed 72 % :  mod = 1.1278657680612666e-14,  Error =1.2212199322902961e-06
Completed 72 % :  mod = 1.1555195079465699e-14,  Error =1.2254342678374996e-06
Completed 73 % :  mod = 1.1908313081992174e-14,  Error =1.229648184164489e-06
Completed 73 % :  mod = 1.2340450638655108e-14,  Error =1.2338634718389585e-06
Completed 73 % :  mod = 1.2854291110281828e-14,  Error =1.2380781555521025e-06
Completed 73 % :  mod = 1.345332178998751e-14,  Error =1.2422927042621268e-06
Completed 74 % :  mod = 1.414151271793891e-14,  Error =1.2465075158729633e-06
Completed 74 % :  mod = 1.4923424755758424e-14,  Error =1.2507219651070045e-06
Completed 74 % :  mod = 1.5804239921873778e-14,  Error =1.2549368832992513e-06
Completed 74 % :  mod = 1.6789795751980297e-14,  Error =1.2591511335813266e-06
Completed 75 % :  mod = 1.78868650373586e-14,  Error =1.2633665775751979e-06
Completed 75 % :  mod = 1.9102260058426458e-14,  Error =1.2675808349627005e-06
Completed 75 % :  mod = 2.0444252952595238e-14,  Error =1.2717952273533228e-06
Completed 75 % :  mod = 2.1921737543011943e-14,  Error =1.2760103160758263e-06
Completed 76 % :  mod = 2.3544505680163127e-14,  Error =1.28022513479209e-06
Completed 76 % :  mod = 2.5323312074895435e-14,  Error =1.2844393495470285e-06
Completed 76 % :  mod = 2.7269945469242308e-14,  Error =1.288654260633848e-06
Completed 76 % :  mod = 2.9397306938323035e-14,  Error =1.292867850111179e-06
Completed 77 % :  mod = 3.172000168787152e-14,  Error =1.2970837133252644e-06
Completed 77 % :  mod = 3.425245245755641e-14,  Error =1.3012985036198188e-06
Completed 77 % :  mod = 3.7011906865603474e-14,  Error =1.305513052329843e-06
Completed 77 % :  mod = 4.0016652772414316e-14,  Error =1.3097270681328155e-06
Completed 78 % :  mod = 4.328660364283674e-14,  Error =1.313941226044335e-06
Completed 78 % :  mod = 4.684343056594828e-14,  Error =1.3181553555341452e-06
Completed 78 % :  mod = 5.071070578392058e-14,  Error =1.3223703803078024e-06
Completed 78 % :  mod = 5.491497388527745e-14,  Error =1.3265856253497077e-06
Completed 79 % :  mod = 5.94823411157872e-14,  Error =1.330800117216313e-06
Completed 79 % :  mod = 6.444391862755881e-14,  Error =1.3350145451340723e-06
Completed 79 % :  mod = 6.983258824663571e-14,  Error =1.3392288522595663e-06
Completed 79 % :  mod = 7.568406216074029e-14,  Error =1.3434431451742057e-06
Completed 80 % :  mod = 8.203711951841653e-14,  Error =1.3476568483383744e-06
Completed 80 % :  mod = 8.893386353961529e-14,  Error =1.3518712762561336e-06
Completed 80 % :  mod = 9.642000036846343e-14,  Error =1.3560859173367135e-06
Completed 80 % :  mod = 1.0454690929757736e-13,  Error =1.3603014821228498e-06
Completed 81 % :  mod = 1.1336505266778907e-13,  Error =1.3645159668840279e-06
Completed 81 % :  mod = 1.229344976324729e-13,  Error =1.3687301461118295e-06
Completed 81 % :  mod = 1.3331866132463746e-13,  Error =1.3729447019272811e-06
Completed 81 % :  mod = 1.4458635953065083e-13,  Error =1.377158568516279e-06
Completed 82 % :  mod = 1.5681226238233407e-13,  Error =1.3813731172263033e-06
Completed 82 % :  mod = 1.7007738897007375e-13,  Error =1.385587516722353e-06
Completed 82 % :  mod = 1.844727740878596e-13,  Error =1.3898027262371215e-06
Completed 82 % :  mod = 2.000877954927338e-13,  Error =1.3940164009795808e-06
Completed 83 % :  mod = 2.1702881121260531e-13,  Error =1.3982304380988353e-06
Completed 83 % :  mod = 2.354080783326366e-13,  Error =1.4024449228600133e-06
Completed 83 % :  mod = 2.5534738091325027e-13,  Error =1.406658647340464e-06
Completed 83 % :  mod = 2.7697883585042014e-13,  Error =1.4108731178907874e-06
Completed 84 % :  mod = 3.0044576668476485e-13,  Error =1.4150874250162815e-06
Completed 84 % :  mod = 3.259036513066668e-13,  Error =1.4193017321417756e-06
Completed 84 % :  mod = 3.535271557763375e-13,  Error =1.423517019816245e-06
Completed 84 % :  mod = 3.834877334096665e-13,  Error =1.4277314122068674e-06
Completed 85 % :  mod = 4.1598938439405047e-13,  Error =1.431945648278088e-06
Completed 85 % :  mod = 4.512473865251489e-13,  Error =1.4361598630330263e-06
Completed 85 % :  mod = 4.894952509025841e-13,  Error =1.440374617800444e-06
Completed 85 % :  mod = 5.309862601684499e-13,  Error =1.444589280197306e-06
Completed 86 % :  mod = 5.759951351724866e-13,  Error =1.4488033173165604e-06
Completed 86 % :  mod = 6.248304581054476e-13,  Error =1.4530188749972694e-06
Completed 86 % :  mod = 6.777950561615744e-13,  Error =1.4572327984296862e-06
Completed 86 % :  mod = 7.352492018213997e-13,  Error =1.4614466081752653e-06
Completed 87 % :  mod = 7.975729862093494e-13,  Error =1.4656611639907169e-06
Completed 87 % :  mod = 8.651785856378389e-13,  Error =1.4698755137487751e-06
Completed 87 % :  mod = 9.385129413484096e-13,  Error =1.474090076669654e-06
Completed 87 % :  mod = 1.018060655274288e-12,  Error =1.478304817226217e-06
Completed 88 % :  mod = 1.1043471172048076e-12,  Error =1.4825191385625658e-06
Completed 88 % :  mod = 1.1979622320562726e-12,  Error =1.4867343693936164e-06
Completed 88 % :  mod = 1.299484367204936e-12,  Error =1.4909482644043237e-06
Completed 88 % :  mod = 1.4096013631889707e-12,  Error =1.495162656794946e-06
Completed 89 % :  mod = 1.5290382219082282e-12,  Error =1.4993762746939865e-06
Completed 89 % :  mod = 1.658580389711106e-12,  Error =1.5035899068038816e-06
Completed 89 % :  mod = 1.7990785980421548e-12,  Error =1.5078034394377937e-06
Completed 89 % :  mod = 1.9514540360954764e-12,  Error =1.5120176684035869e-06
Completed 90 % :  mod = 2.1167397942431073e-12,  Error =1.5162326079121158e-06
Completed 90 % :  mod = 2.2959460219263934e-12,  Error =1.52044678003449e-06
Completed 90 % :  mod = 2.4902728582579025e-12,  Error =1.5246602913521201e-06
Completed 90 % :  mod = 2.7009818221946443e-12,  Error =1.5288741224139812e-06
Completed 91 % :  mod = 2.9294357389957405e-12,  Error =1.533087150562551e-06
Completed 91 % :  mod = 3.1771057757018655e-12,  Error =1.5373002284491122e-06
Completed 91 % :  mod = 3.4455786491073853e-12,  Error =1.5415128729046046e-06
Completed 91 % :  mod = 3.736563905726935e-12,  Error =1.5457244870731301e-06
Completed 92 % :  mod = 4.051969673681838e-12,  Error =1.5499376502248197e-06
Completed 92 % :  mod = 4.3936411812997394e-12,  Error =1.5541493567639009e-06
Completed 92 % :  mod = 4.76376175163564e-12,  Error =1.5583612267278113e-06
Completed 92 % :  mod = 5.1646005180329e-12,  Error =1.5625725282575331e-06
Completed 93 % :  mod = 5.598580008490175e-12,  Error =1.566783552675588e-06
Completed 93 % :  mod = 6.068278640719794e-12,  Error =1.5709939731323175e-06
Completed 93 % :  mod = 6.5764306583956094e-12,  Error =1.5752028019733189e-06
Completed 93 % :  mod = 7.1260418829867544e-12,  Error =1.5794118795042777e-06
Completed 94 % :  mod = 7.719913972830001e-12,  Error =1.5836187756690379e-06
Completed 94 % :  mod = 8.36131781882812e-12,  Error =1.5878252028755924e-06
Completed 94 % :  mod = 9.053521729397622e-12,  Error =1.5920298963578716e-06
Completed 94 % :  mod = 9.799869619597366e-12,  Error =1.5962327140073285e-06
Completed 95 % :  mod = 1.060373616040855e-11,  Error =1.600433023440928e-06
Completed 95 % :  mod = 1.1468466081477439e-11,  Error =1.604631293616876e-06
Completed 95 % :  mod = 1.2397293943695967e-11,  Error =1.608827794541412e-06
Completed 95 % :  mod = 1.3393455390409787e-11,  Error =1.6130222348920142e-06
Completed 96 % :  mod = 1.4459208773277055e-11,  Error =1.6172125398838944e-06
Completed 96 % :  mod = 1.559691670655698e-11,  Error =1.6213985887247873e-06
Completed 96 % :  mod = 1.6808024965356288e-11,  Error =1.6255796779773846e-06
Completed 96 % :  mod = 1.809301722925731e-11,  Error =1.629755644216857e-06
Completed 97 % :  mod = 1.9451123752802112e-11,  Error =1.6339250379360237e-06
Completed 97 % :  mod = 2.0879984669748264e-11,  Error =1.6380880012434318e-06
Completed 97 % :  mod = 2.2375590727791222e-11,  Error =1.6422437099095077e-06
Completed 97 % :  mod = 2.393061026412618e-11,  Error =1.6463903875774122e-06
Completed 98 % :  mod = 2.5535842946060232e-11,  Error =1.6505274871292386e-06
Completed 98 % :  mod = 2.717857751949202e-11,  Error =1.654653836169473e-06
Completed 98 % :  mod = 2.8842549863254908e-11,  Error =1.6587684044111484e-06
Completed 98 % :  mod = 3.0507708372462035e-11,  Error =1.6628708721100338e-06
Completed 99 % :  mod = 3.2150158298165305e-11,  Error =1.666960599777667e-06
Completed 99 % :  mod = 3.3742357296068015e-11,  Error =1.6710376655737491e-06
Completed 99 % :  mod = 3.525393601809422e-11,  Error =1.675102964782127e-06
Completed 99 % :  mod = 3.6651338470437836e-11,  Error =1.6791540176086528e-06
Completed 100 % :  mod = 3.790100235337398e-11,  Error =1.6831924085636274e-06
Finished 5/7 frames
Finished all frames!
