/opt/local/miniconda_23_9/lib/python3.11/site-packages/conda/base/context.py:201: FutureWarning: Adding 'defaults' to channel list implicitly is deprecated and will be removed in 25.3. 

To remove this warning, please choose a default channel explicitly with conda's regular configuration system, e.g. by adding 'defaults' to the list of channels:

  conda config --add channels defaults

For more information see https://docs.conda.io/projects/conda/en/stable/user-guide/configuration/use-condarc.html

  deprecated.topic(
JOB 14522 ARRAY_ID 19  -> i=19 ; range=[1.95e-10, 2.05e-10] ; intervals=20 (frames=21)
Analytic t0 extension enabled (--extend-time-using-t0).
Extending simulation time for p0=2.040e-10 from 10000000000.0 to 2.264e+10
Completed 0 % :  mod = 1.6323809532863414e-16,  Error =-1.4210854715202004e-14
Completed 0 % :  mod = 1.6376512399504405e-16,  Error =4.805443154509703e-09
Completed 0 % :  mod = 1.653496138941932e-16,  Error =9.610623408207175e-09
Completed 0 % :  mod = 1.6800179709516254e-16,  Error =1.4416436044939474e-08
Completed 0 % :  mod = 1.7173879515095734e-16,  Error =1.9221495506371866e-08
Completed 1 % :  mod = 1.765837823019201e-16,  Error =2.402557441882891e-08
Completed 1 % :  mod = 1.8256976460545533e-16,  Error =2.8831131260176335e-08
Completed 1 % :  mod = 1.897346325170871e-16,  Error =3.36364465169936e-08
Completed 1 % :  mod = 1.981246494212949e-16,  Error =3.8441648086973146e-08
Completed 2 % :  mod = 2.077921586868556e-16,  Error =4.324635227703766e-08
Completed 2 % :  mod = 2.1880302120962252e-16,  Error =4.8051397527615336e-08
Completed 2 % :  mod = 2.3122673799713206e-16,  Error =5.285784965280982e-08
Completed 2 % :  mod = 2.4514352002960046e-16,  Error =5.766302990650729e-08
Completed 3 % :  mod = 2.6064034679600373e-16,  Error =6.24673148763577e-08
Completed 3 % :  mod = 2.7782277926040557e-16,  Error =6.727287882313249e-08
Completed 3 % :  mod = 2.967991622632212e-16,  Error =7.207844987533463e-08
Completed 3 % :  mod = 3.1769203278943057e-16,  Error =7.688377223757925e-08
Completed 4 % :  mod = 3.406320381231246e-16,  Error =8.16884693222164e-08
Completed 4 % :  mod = 3.6577544265988064e-16,  Error =8.64936282596318e-08
Completed 4 % :  mod = 3.9328073089634145e-16,  Error =9.129855982337176e-08
Completed 4 % :  mod = 4.2332550068137125e-16,  Error =9.610392481818053e-08
Completed 5 % :  mod = 4.560976936022979e-16,  Error =1.0090811031204794e-07
Completed 5 % :  mod = 4.918205539191257e-16,  Error =1.0571309871920676e-07
Completed 5 % :  mod = 5.307191857557676e-16,  Error =1.1051830739461366e-07
Completed 5 % :  mod = 5.730447650384659e-16,  Error =1.1532412003134596e-07
Completed 6 % :  mod = 6.19062106919487e-16,  Error =1.2012915817649628e-07
Completed 6 % :  mod = 6.690846489512861e-16,  Error =1.2493516265976723e-07
Completed 6 % :  mod = 7.234275918217942e-16,  Error =1.2974035712431942e-07
Completed 6 % :  mod = 7.824418425557577e-16,  Error =1.3454535974233295e-07
Completed 7 % :  mod = 8.464966366391406e-16,  Error =1.393500426161154e-07
Completed 7 % :  mod = 9.160282996958495e-16,  Error =1.4415528681865908e-07
Completed 7 % :  mod = 9.914749217777361e-16,  Error =1.4896013311727074e-07
Completed 7 % :  mod = 1.0733236668223594e-15,  Error =1.5376518547327578e-07
Completed 8 % :  mod = 1.1620866961653895e-15,  Error =1.585691862260319e-07
Completed 8 % :  mod = 1.2583686177783336e-15,  Error =1.633756667729358e-07
Completed 8 % :  mod = 1.3627760409961913e-15,  Error =1.6818125914142001e-07
Completed 8 % :  mod = 1.4759831628410425e-15,  Error =1.7298624754857883e-07
Completed 9 % :  mod = 1.5986983434112539e-15,  Error =1.7779085226266034e-07
Completed 9 % :  mod = 1.731757469291928e-15,  Error =1.8259568435041729e-07
Completed 9 % :  mod = 1.875998871748769e-15,  Error =1.8740078644441382e-07
Completed 9 % :  mod = 2.0323539295266354e-15,  Error =1.9220557589960663e-07
Completed 10 % :  mod = 2.2018010210490085e-15,  Error =1.9700994613458533e-07
Completed 10 % :  mod = 2.385494359659553e-15,  Error =2.0181532534024882e-07
Completed 10 % :  mod = 2.5845912540117855e-15,  Error =2.0662031374740764e-07
Completed 10 % :  mod = 2.8003773220690114e-15,  Error =2.114252595220023e-07
Completed 11 % :  mod = 3.0342028307156954e-15,  Error =2.162292958018952e-07
Completed 11 % :  mod = 3.2876604886141554e-15,  Error =2.2103427710362666e-07
Completed 11 % :  mod = 3.562347163697624e-15,  Error =2.258397628907005e-07
Completed 11 % :  mod = 3.860036552418531e-15,  Error =2.3064521315063757e-07
Completed 12 % :  mod = 4.1825914304128674e-15,  Error =2.3544973970501815e-07
Completed 12 % :  mod = 4.532208922563653e-15,  Error =2.402552894409382e-07
Completed 12 % :  mod = 4.911091686403134e-15,  Error =2.4506105944510637e-07
Completed 12 % :  mod = 5.321686246990591e-15,  Error =2.4986663760273586e-07
Completed 13 % :  mod = 5.766561900359002e-15,  Error =2.546716544316041e-07
Completed 13 % :  mod = 6.248748934019033e-15,  Error =2.594770123209855e-07
Completed 13 % :  mod = 6.771285260122044e-15,  Error =2.6428270416545274e-07
Completed 13 % :  mod = 7.337544992072116e-15,  Error =2.6908872996500577e-07
Completed 14 % :  mod = 7.951071458784056e-15,  Error =2.738931925705401e-07
Completed 14 % :  mod = 8.616043788419021e-15,  Error =2.786983515079555e-07
Completed 14 % :  mod = 9.33665145210115e-15,  Error =2.8350424230438875e-07
Completed 14 % :  mod = 1.0117547528701147e-14,  Error =2.883089535998806e-07
Completed 15 % :  mod = 1.0963618474829215e-14,  Error =2.931136506845178e-07
Completed 15 % :  mod = 1.1880627365966877e-14,  Error =2.979188593599247e-07
Completed 15 % :  mod = 1.2874351578876361e-14,  Error =3.0272469331293905e-07
Completed 15 % :  mod = 1.3951207781819391e-14,  Error =3.075306693745006e-07
Completed 16 % :  mod = 1.5117934343317285e-14,  Error =3.1233486197379534e-07
Completed 16 % :  mod = 1.638247854089867e-14,  Error =3.1713997117321924e-07
Completed 16 % :  mod = 1.775280730414577e-14,  Error =3.2194526511375443e-07
Completed 16 % :  mod = 1.9237769059758088e-14,  Error =3.267503956294604e-07
Completed 17 % :  mod = 2.084665592062232e-14,  Error =3.3155499323811455e-07
Completed 17 % :  mod = 2.2590426963308792e-14,  Error =3.3636048613061575e-07
Completed 17 % :  mod = 2.448006831102251e-14,  Error =3.411659079688434e-07
Completed 17 % :  mod = 2.6527781706375113e-14,  Error =3.459709176922843e-07
Completed 18 % :  mod = 2.874638061256564e-14,  Error =3.507758918885884e-07
Completed 18 % :  mod = 3.115097717948044e-14,  Error =3.555808589794651e-07
Completed 18 % :  mod = 3.3756720893353784e-14,  Error =3.603861173928635e-07
Completed 18 % :  mod = 3.6580437393408086e-14,  Error =3.651910631674582e-07
Completed 19 % :  mod = 3.9639795893422576e-14,  Error =3.699957815683774e-07
Completed 19 % :  mod = 4.2955635411880647e-14,  Error =3.748017505245116e-07
Completed 19 % :  mod = 4.6548846322515526e-14,  Error =3.7960690235649963e-07
Completed 19 % :  mod = 5.044263040142663e-14,  Error =3.8441227445673576e-07
Completed 20 % :  mod = 5.4661352599628396e-14,  Error =3.892167228514154e-07
Completed 20 % :  mod = 5.923374878106827e-14,  Error =3.9402108598096675e-07
Completed 20 % :  mod = 6.418862566603667e-14,  Error =3.988260317555614e-07
Completed 20 % :  mod = 6.955797716091928e-14,  Error =4.0363023146028354e-07
Completed 21 % :  mod = 7.537540102350736e-14,  Error =4.08435113286032e-07
Completed 21 % :  mod = 8.168052224699551e-14,  Error =4.132400235334899e-07
Completed 21 % :  mod = 8.851306331494794e-14,  Error =4.1804498351893926e-07
Completed 21 % :  mod = 9.59171415323801e-14,  Error =4.228498369229783e-07
Completed 22 % :  mod = 1.0393908564608422e-13,  Error =4.2765370977804196e-07
Completed 22 % :  mod = 1.1263353529889715e-13,  Error =4.3245871950148285e-07
Completed 22 % :  mod = 1.220552642304381e-13,  Error =4.372631821070172e-07
Completed 22 % :  mod = 1.3226510595536053e-13,  Error =4.420677015559704e-07
Completed 23 % :  mod = 1.4332694280260639e-13,  Error =4.4687159572731616e-07
Completed 23 % :  mod = 1.553161166774313e-13,  Error =4.5167680440272306e-07
Completed 23 % :  mod = 1.683081533910191e-13,  Error =4.56481338062531e-07
Completed 23 % :  mod = 1.8238693358164366e-13,  Error =4.61286290942553e-07
Completed 24 % :  mod = 1.976405405144419e-13,  Error =4.6609120829543826e-07
Completed 24 % :  mod = 2.1417285746855086e-13,  Error =4.7089652355225553e-07
Completed 24 % :  mod = 2.320880187628592e-13,  Error =4.7570107852834553e-07
Completed 24 % :  mod = 2.5150167627896425e-13,  Error =4.80505882194393e-07
Completed 25 % :  mod = 2.725352728529817e-13,  Error =4.853104513813378e-07
Completed 25 % :  mod = 2.9533203315950754e-13,  Error =4.901154255776419e-07
Completed 25 % :  mod = 3.2003552132241857e-13,  Error =4.949213874283487e-07
Completed 25 % :  mod = 3.468051747047731e-13,  Error =4.997264824169179e-07
Completed 26 % :  mod = 3.7580840513911813e-13,  Error =5.045309734441616e-07
Completed 26 % :  mod = 4.0724264564646897e-13,  Error =5.093364805475176e-07
Completed 26 % :  mod = 4.4130577966495196e-13,  Error =5.14141859753181e-07
Completed 26 % :  mod = 4.782175557692436e-13,  Error =5.189468623711946e-07
Completed 27 % :  mod = 5.182086900146942e-13,  Error =5.237518934109175e-07
Completed 27 % :  mod = 5.615512571111729e-13,  Error =5.28557173140598e-07
Completed 27 % :  mod = 6.085179066132176e-13,  Error =5.333610531010891e-07
Completed 27 % :  mod = 6.594113777891831e-13,  Error =5.381658567671366e-07
Completed 28 % :  mod = 7.145494577803099e-13,  Error =5.429703762160898e-07
Completed 28 % :  mod = 7.743068627388116e-13,  Error =5.477753859395307e-07
Completed 28 % :  mod = 8.390589801574106e-13,  Error =5.525812767359639e-07
Completed 28 % :  mod = 9.092225293223639e-13,  Error =5.573868122610293e-07
Completed 29 % :  mod = 9.852347812814878e-13,  Error =5.62190884068059e-07
Completed 29 % :  mod = 1.0676112404496425e-12,  Error =5.669953253573112e-07
Completed 29 % :  mod = 1.1568680193953697e-12,  Error =5.718004487675898e-07
Completed 29 % :  mod = 1.2535778048652562e-12,  Error =5.766060411360741e-07
Completed 30 % :  mod = 1.3583411035844946e-12,  Error =5.814095089817783e-07
Completed 30 % :  mod = 1.4718655982463126e-12,  Error =5.862144760726551e-07
Completed 30 % :  mod = 1.5948589791491918e-12,  Error =5.910195213232328e-07
Completed 30 % :  mod = 1.7281058500710152e-12,  Error =5.95824438676118e-07
Completed 31 % :  mod = 1.8724278182871812e-12,  Error =6.006285246940024e-07
Completed 31 % :  mod = 2.0287924412201734e-12,  Error =6.054331791460754e-07
Completed 31 % :  mod = 2.198165117274407e-12,  Error =6.102375920136183e-07
Completed 31 % :  mod = 2.3816144355521166e-12,  Error =6.150423814688111e-07
Completed 32 % :  mod = 2.580256468532985e-12,  Error =6.198460766881908e-07
Completed 32 % :  mod = 2.79540375290682e-12,  Error =6.246499708595366e-07
Completed 32 % :  mod = 3.0283602058468663e-12,  Error =6.294537868711814e-07
Completed 32 % :  mod = 3.2805645854105084e-12,  Error =6.342579226270573e-07
Completed 33 % :  mod = 3.5535119412419116e-12,  Error =6.39060246498957e-07
Completed 33 % :  mod = 3.848955823189404e-12,  Error =6.438628261662416e-07
Completed 33 % :  mod = 4.168623330199318e-12,  Error =6.486659600568601e-07
Completed 33 % :  mod = 4.514408299276457e-12,  Error =6.534682768233324e-07
Completed 34 % :  mod = 4.888258613816286e-12,  Error =6.582698759416417e-07
Completed 34 % :  mod = 5.292446834004457e-12,  Error =6.630709563637538e-07
Completed 34 % :  mod = 5.729171980788785e-12,  Error =6.678721291564216e-07
Completed 34 % :  mod = 6.2008143358445375e-12,  Error =6.726721508698574e-07
Completed 35 % :  mod = 6.7097693679587176e-12,  Error =6.774702185907699e-07
Completed 35 % :  mod = 7.258800657985744e-12,  Error =6.822682507845457e-07
Completed 35 % :  mod = 7.850478629242711e-12,  Error =6.870652953239187e-07
Completed 35 % :  mod = 8.487504144781573e-12,  Error =6.918610964135041e-07
Completed 36 % :  mod = 9.172455246745037e-12,  Error =6.96653906118172e-07
Completed 36 % :  mod = 9.908226554688311e-12,  Error =7.014457139575825e-07
Completed 36 % :  mod = 1.0697231251864176e-11,  Error =7.062358662324186e-07
Completed 36 % :  mod = 1.154178657243538e-11,  Error =7.110233255502862e-07
Completed 37 % :  mod = 1.2443717647747203e-11,  Error =7.158062658163544e-07
Completed 37 % :  mod = 1.3404865219460048e-11,  Error =7.205868470805399e-07
Completed 37 % :  mod = 1.4425955319596785e-11,  Error =7.253639608961748e-07
Completed 37 % :  mod = 1.5507021817006846e-11,  Error =7.301370530399254e-07
Completed 38 % :  mod = 1.6646803932151782e-11,  Error =7.349033381842673e-07
Completed 38 % :  mod = 1.7843289431710465e-11,  Error =7.396646068968948e-07
Completed 38 % :  mod = 1.909219833271109e-11,  Error =7.444190472938317e-07
Completed 38 % :  mod = 2.038745619827731e-11,  Error =7.491660909408893e-07
Completed 39 % :  mod = 2.172043154961499e-11,  Error =7.539049207139215e-07
Completed 39 % :  mod = 2.308058281586977e-11,  Error =7.586363963696385e-07
Completed 39 % :  mod = 2.4453791071542258e-11,  Error =7.63358819710902e-07
Completed 39 % :  mod = 2.5823153021435325e-11,  Error =7.680709543933517e-07
Completed 40 % :  mod = 2.7168519432222704e-11,  Error =7.727726796247225e-07
Completed 40 % :  mod = 2.8467658848785832e-11,  Error =7.774643293601002e-07
Completed 40 % :  mod = 2.969529244035302e-11,  Error =7.82145747280083e-07
Completed 40 % :  mod = 3.082481648357019e-11,  Error =7.868174591862953e-07
Completed 41 % :  mod = 3.182895129205225e-11,  Error =7.914776887218977e-07
Completed 41 % :  mod = 3.268174385907718e-11,  Error =7.961307062487322e-07
Completed 41 % :  mod = 3.335897937716612e-11,  Error =8.00775843856627e-07
Completed 41 % :  mod = 3.384044801010221e-11,  Error =8.054149986946868e-07
Completed 42 % :  mod = 3.411113178405701e-11,  Error =8.100501958097084e-07
Completed 42 % :  mod = 3.41624691537824e-11,  Error =8.146841565803697e-07
Completed 42 % :  mod = 3.3992732422379414e-11,  Error =8.193189486860319e-07
Completed 42 % :  mod = 3.360738956153178e-11,  Error =8.239564763812268e-07
Completed 43 % :  mod = 3.3018732592537414e-11,  Error =8.285976136335194e-07
Completed 43 % :  mod = 3.224450223431205e-11,  Error =8.332467089644524e-07
Completed 43 % :  mod = 3.13072288583283e-11,  Error =8.379033147321024e-07
Completed 43 % :  mod = 3.023235587585875e-11,  Error =8.425701878422842e-07
Completed 44 % :  mod = 2.9047020639452933e-11,  Error =8.472458290498253e-07
Completed 44 % :  mod = 2.7777787874935742e-11,  Error =8.519313112742566e-07
Completed 44 % :  mod = 2.645073473769122e-11,  Error =8.566290077283156e-07
Completed 44 % :  mod = 2.5089726147792952e-11,  Error =8.613367725729404e-07
Completed 45 % :  mod = 2.3716256600920717e-11,  Error =8.660533481474886e-07
Completed 45 % :  mod = 2.234814732775194e-11,  Error =8.707812853003816e-07
Completed 45 % :  mod = 2.1000914993589838e-11,  Error =8.755177063335395e-07
Completed 45 % :  mod = 1.9686879243521016e-11,  Error =8.802618367553805e-07
Completed 46 % :  mod = 1.8415833263168124e-11,  Error =8.850119996850481e-07
Completed 46 % :  mod = 1.7194434229196892e-11,  Error =8.897696872622873e-07
Completed 46 % :  mod = 1.6027876321214637e-11,  Error =8.945345015831663e-07
Completed 46 % :  mod = 1.491930892320426e-11,  Error =8.993046449745634e-07
Completed 47 % :  mod = 1.3870561356744316e-11,  Error =9.040791439929308e-07
Completed 47 % :  mod = 1.288170003906757e-11,  Error =9.088581265359608e-07
Completed 47 % :  mod = 1.1952400078458686e-11,  Error =9.136393259723263e-07
Completed 47 % :  mod = 1.1081413541939408e-11,  Error =9.184253428884404e-07
Completed 48 % :  mod = 1.0267087419257203e-11,  Error =9.232131219505391e-07
Completed 48 % :  mod = 9.506952145623234e-12,  Error =9.280035797587516e-07
Completed 48 % :  mod = 8.798712787405107e-12,  Error =9.327963539362827e-07
Completed 48 % :  mod = 8.139763667877139e-12,  Error =9.375909044706532e-07
Completed 49 % :  mod = 7.527521620469608e-12,  Error =9.423861513369047e-07
Completed 49 % :  mod = 6.9590621344317735e-12,  Error =9.471838069430305e-07
Completed 49 % :  mod = 6.431815956611183e-12,  Error =9.519820096670628e-07
Completed 49 % :  mod = 5.943162251623777e-12,  Error =9.567819887479345e-07
Completed 50 % :  mod = 5.490643080356501e-12,  Error =9.615807883278649e-07
Completed 50 % :  mod = 5.071666430475008e-12,  Error =9.66381669798011e-07
Completed 50 % :  mod = 4.683997590468434e-12,  Error =9.711835318171325e-07
Completed 50 % :  mod = 4.325439122576622e-12,  Error =9.759855785773652e-07
Completed 51 % :  mod = 3.9939734084093024e-12,  Error =9.807876395484527e-07
Completed 51 % :  mod = 3.6875327874670115e-12,  Error =9.855903826405665e-07
Completed 51 % :  mod = 3.4043494249607883e-12,  Error =9.903945255018698e-07
Completed 51 % :  mod = 3.142712799911896e-12,  Error =9.951984196732155e-07
Completed 52 % :  mod = 2.901067548795756e-12,  Error =1.0000011982924661e-06
Completed 52 % :  mod = 2.6778408372924604e-12,  Error =1.004804836668427e-06
Completed 52 % :  mod = 2.4716933532976353e-12,  Error =1.0096084253063964e-06
Completed 52 % :  mod = 2.281339271556721e-12,  Error =1.0144126463274006e-06
Completed 53 % :  mod = 2.10561497956064e-12,  Error =1.0192166044475925e-06
Completed 53 % :  mod = 1.9433515421589606e-12,  Error =1.0240209391554345e-06
Completed 53 % :  mod = 1.7935556243133958e-12,  Error =1.0288257570323367e-06
Completed 53 % :  mod = 1.655277303067297e-12,  Error =1.0336302835867173e-06
Completed 54 % :  mod = 1.527659031672506e-12,  Error =1.0384339219626781e-06
Completed 54 % :  mod = 1.4098422403829228e-12,  Error =1.0432389458969737e-06
Completed 54 % :  mod = 1.301098110534735e-12,  Error =1.048043763773876e-06
Completed 54 % :  mod = 1.2007310847791837e-12,  Error =1.0528486455996244e-06
Completed 55 % :  mod = 1.108114036230246e-12,  Error =1.0576537974316125e-06
Completed 55 % :  mod = 1.0226201859064132e-12,  Error =1.0624594821706523e-06
Completed 55 % :  mod = 9.437177717712397e-13,  Error =1.0672647334786234e-06
Completed 55 % :  mod = 8.708998347923815e-13,  Error =1.0720702618982614e-06
Completed 56 % :  mod = 8.036981633718306e-13,  Error =1.076875904004737e-06
Completed 56 % :  mod = 7.416909333542802e-13,  Error =1.0816798123869376e-06
Completed 56 % :  mod = 6.844570031643524e-13,  Error =1.0864852981740114e-06
Completed 56 % :  mod = 6.316391967975879e-13,  Error =1.0912908052773673e-06
Completed 57 % :  mod = 5.8289721813846e-13,  Error =1.0960952323557649e-06
Completed 57 % :  mod = 5.379245769125648e-13,  Error =1.1008994960093332e-06
Completed 57 % :  mod = 4.964154053997738e-13,  Error =1.105704583892475e-06
Completed 57 % :  mod = 4.58110328829392e-13,  Error =1.110509536772497e-06
Completed 58 % :  mod = 4.2276229349491456e-13,  Error =1.115314468336237e-06
Completed 58 % :  mod = 3.9014882535791317e-13,  Error =1.120118824360361e-06
Completed 58 % :  mod = 3.6004795286664237e-13,  Error =1.1249236777644e-06
Completed 58 % :  mod = 3.3227146111013886e-13,  Error =1.1297287230149777e-06
Completed 59 % :  mod = 3.066401024861746e-13,  Error =1.1345339956392309e-06
Completed 59 % :  mod = 2.829924795586772e-13,  Error =1.1393380390245511e-06
Completed 59 % :  mod = 2.6116758215608206e-13,  Error =1.1441432405945307e-06
Completed 59 % :  mod = 2.4102889542894824e-13,  Error =1.1489488400684422e-06
Completed 60 % :  mod = 2.2244642223067654e-13,  Error =1.1537545105966274e-06
Completed 60 % :  mod = 2.0530312105470444e-13,  Error =1.1585588950424608e-06
Completed 60 % :  mod = 1.8948224443794527e-13,  Error =1.163364586886928e-06
Completed 60 % :  mod = 1.748848146331741e-13,  Error =1.1681699731980189e-06
Completed 61 % :  mod = 1.6141658940601314e-13,  Error =1.1729748266020579e-06
Completed 61 % :  mod = 1.4899272754865344e-13,  Error =1.177779346051011e-06
Completed 61 % :  mod = 1.3752861251559216e-13,  Error =1.182584675518683e-06
Completed 61 % :  mod = 1.2695251651465993e-13,  Error =1.187389727874688e-06
Completed 62 % :  mod = 1.1719615383460954e-13,  Error =1.1921955831439845e-06
Completed 62 % :  mod = 1.0819806087084514e-13,  Error =1.1969998467975529e-06
Completed 62 % :  mod = 9.989694992741355e-14,  Error =1.2018053041629173e-06
Completed 62 % :  mod = 9.224088109862022e-14,  Error =1.2066105057328969e-06
Completed 63 % :  mod = 8.518042010019775e-14,  Error =1.211416176261082e-06
Completed 63 % :  mod = 7.867108478573155e-14,  Error =1.2162203475440947e-06
Completed 63 % :  mod = 7.26685375438849e-14,  Error =1.221024788833347e-06
Completed 63 % :  mod = 6.713522031044424e-14,  Error =1.2258299761924718e-06
Completed 64 % :  mod = 6.203540432005715e-14,  Error =1.2306351209190325e-06
Completed 64 % :  mod = 5.733695834091457e-14,  Error =1.2354395195757206e-06
Completed 64 % :  mod = 5.3007878959533836e-14,  Error =1.2402442948200587e-06
Completed 64 % :  mod = 4.902107964212502e-14,  Error =1.2450499227156797e-06
Completed 65 % :  mod = 4.535081724201811e-14,  Error =1.2498554653461724e-06
Completed 65 % :  mod = 4.1973965958567286e-14,  Error =1.2546601055873907e-06
Completed 65 % :  mod = 3.886752418314501e-14,  Error =1.2594658116427127e-06
Completed 65 % :  mod = 3.601205658890468e-14,  Error =1.2642709066312818e-06
Completed 66 % :  mod = 3.3389125034356694e-14,  Error =1.2690762574152359e-06
Completed 66 % :  mod = 3.0982200992956405e-14,  Error =1.2738808763401721e-06
Completed 66 % :  mod = 2.877488954426832e-14,  Error =1.2786858718527583e-06
Completed 66 % :  mod = 2.6753382644734954e-14,  Error =1.2834912723747038e-06
Completed 67 % :  mod = 2.490462709736195e-14,  Error =1.2882965876315211e-06
Completed 67 % :  mod = 2.3216970536969872e-14,  Error =1.293101377086714e-06
Completed 67 % :  mod = 2.1678917303662124e-14,  Error =1.2979060954876331e-06
Completed 67 % :  mod = 2.0280848751334592e-14,  Error =1.302712000494921e-06
Completed 68 % :  mod = 1.901373734738525e-14,  Error =1.3075175431254138e-06
Completed 68 % :  mod = 1.7869593324654047e-14,  Error =1.312321941782102e-06
Completed 68 % :  mod = 1.684062323463311e-14,  Error =1.3171273067769107e-06
Completed 68 % :  mod = 1.5920396134301488e-14,  Error =1.3219314922707781e-06
Completed 69 % :  mod = 1.5102969941743608e-14,  Error =1.3267370064795614e-06
Completed 69 % :  mod = 1.4383185555208722e-14,  Error =1.3315412132897109e-06
Completed 69 % :  mod = 1.375614007414964e-14,  Error =1.3363454840487066e-06
Completed 69 % :  mod = 1.3217920491468865e-14,  Error =1.3411509343086436e-06
Completed 70 % :  mod = 1.2765051478805191e-14,  Error =1.3459561429840505e-06
Completed 70 % :  mod = 1.2394667217537833e-14,  Error =1.350761444030013e-06
Completed 70 % :  mod = 1.2104244780018531e-14,  Error =1.3555660629549493e-06
Completed 70 % :  mod = 1.189198169802331e-14,  Error =1.3603719679622372e-06
Completed 71 % :  mod = 1.1756507330640531e-14,  Error =1.365176956369396e-06
Completed 71 % :  mod = 1.1696950762667691e-14,  Error =1.369981170284973e-06
Completed 71 % :  mod = 1.1712906335064721e-14,  Error =1.3747865281743543e-06
Completed 71 % :  mod = 1.1804494289959088e-14,  Error =1.3795909268310425e-06
Completed 72 % :  mod = 1.1972306049959937e-14,  Error =1.3843969952631596e-06
Completed 72 % :  mod = 1.2217374893519703e-14,  Error =1.389201202073309e-06
Completed 72 % :  mod = 1.2541370090501565e-14,  Error =1.3940066239115367e-06
Completed 72 % :  mod = 1.2946347230067552e-14,  Error =1.3988115696861314e-06
Completed 73 % :  mod = 1.3434921333657533e-14,  Error =1.4036176310128212e-06
Completed 73 % :  mod = 1.4010137426607447e-14,  Error =1.4084218378229707e-06
Completed 73 % :  mod = 1.467591368129243e-14,  Error =1.4132272596611983e-06
Completed 73 % :  mod = 1.543645501121298e-14,  Error =1.4180321699086562e-06
Completed 74 % :  mod = 1.6296672349718912e-14,  Error =1.4228378049097046e-06
Completed 74 % :  mod = 1.7261939683075218e-14,  Error =1.427642011719854e-06
Completed 74 % :  mod = 1.8338832011683935e-14,  Error =1.4324465880122261e-06
Completed 74 % :  mod = 1.953414152353896e-14,  Error =1.4372510861448973e-06
Completed 75 % :  mod = 2.085558656581769e-14,  Error =1.4420561242900476e-06
Completed 75 % :  mod = 2.2311429598848897e-14,  Error =1.4468601534645131e-06
Completed 75 % :  mod = 2.3911587255382492e-14,  Error =1.4516652697693644e-06
Completed 75 % :  mod = 2.5666146376761135e-14,  Error =1.456469838956309e-06
Completed 76 % :  mod = 2.7586436390442474e-14,  Error =1.4612753531650924e-06
Completed 76 % :  mod = 2.968446880491975e-14,  Error =1.4660801070931484e-06
Completed 76 % :  mod = 3.1974534567345954e-14,  Error =1.4708852873468459e-06
Completed 76 % :  mod = 3.447106550686389e-14,  Error =1.475689707319816e-06
Completed 77 % :  mod = 3.719018212327702e-14,  Error =1.4804948591518041e-06
Completed 77 % :  mod = 4.014889574027769e-14,  Error =1.4852996130798601e-06
Completed 77 % :  mod = 4.336735980269866e-14,  Error =1.4901049496529595e-06
Completed 77 % :  mod = 4.6865854154980934e-14,  Error =1.4949100375361013e-06
Completed 78 % :  mod = 5.066696896177267e-14,  Error =1.499715061470397e-06
Completed 78 % :  mod = 5.479448687016313e-14,  Error =1.5045200996155472e-06
Completed 78 % :  mod = 5.927652258527818e-14,  Error =1.509325983306553e-06
Completed 78 % :  mod = 6.414131561012006e-14,  Error =1.5141313056687977e-06
Completed 79 % :  mod = 6.942027821556293e-14,  Error =1.5189363935519395e-06
Completed 79 % :  mod = 7.51464408640447e-14,  Error =1.523740721154354e-06
Completed 79 % :  mod = 8.135880693881475e-14,  Error =1.5285465480019411e-06
Completed 79 % :  mod = 8.809651615396454e-14,  Error =1.5333513232462792e-06
Completed 80 % :  mod = 9.540307355914986e-14,  Error =1.5381560984906173e-06
Completed 80 % :  mod = 1.0332419643162484e-13,  Error =1.5429608311023912e-06
Completed 80 % :  mod = 1.1191383783172555e-13,  Error =1.547766594001132e-06
Completed 80 % :  mod = 1.2122611242570244e-13,  Error =1.5525722076858983e-06
Completed 81 % :  mod = 1.313211470926788e-13,  Error =1.5573771676713477e-06
Completed 81 % :  mod = 1.422621050669169e-13,  Error =1.5621813957977793e-06
Completed 81 % :  mod = 1.5412350511724921e-13,  Error =1.5669867678980154e-06
Completed 81 % :  mod = 1.669800691503857e-13,  Error =1.5717915431423535e-06
Completed 82 % :  mod = 1.8091480346275033e-13,  Error =1.5765967305014783e-06
Completed 82 % :  mod = 1.9601488969173346e-13,  Error =1.5814014489023975e-06
Completed 82 % :  mod = 2.1238316599217293e-13,  Error =1.5862067996863516e-06
Completed 82 % :  mod = 2.301227345443082e-13,  Error =1.591012257051716e-06
Completed 83 % :  mod = 2.4934811424587986e-13,  Error =1.5958177428387899e-06
Completed 83 % :  mod = 2.7017957045696305e-13,  Error =1.6006217151698365e-06
Completed 83 % :  mod = 2.927589523860391e-13,  Error =1.605426895423534e-06
Completed 83 % :  mod = 3.172284567973952e-13,  Error =1.610231727511291e-06
Completed 84 % :  mod = 3.4374601246659384e-13,  Error =1.6150363890687913e-06
Completed 84 % :  mod = 3.724774561807208e-13,  Error =1.619840162447872e-06
Completed 84 % :  mod = 4.036183732166815e-13,  Error =1.6246451721713129e-06
Completed 84 % :  mod = 4.373648038733035e-13,  Error =1.6294507503289424e-06
Completed 85 % :  mod = 4.739344573884426e-13,  Error =1.6342557103143918e-06
Completed 85 % :  mod = 5.135559159401914e-13,  Error =1.6390593415849253e-06
Completed 85 % :  mod = 5.564987453482844e-13,  Error =1.643865083167384e-06
Completed 85 % :  mod = 6.030330885132008e-13,  Error =1.6486705405327484e-06
Completed 86 % :  mod = 6.534589079540352e-13,  Error =1.6534753797259327e-06
Completed 86 % :  mod = 7.080910829631715e-13,  Error =1.6582796078523643e-06
Completed 86 % :  mod = 7.673009072950774e-13,  Error =1.6630846317866599e-06
Completed 86 % :  mod = 8.314603488481994e-13,  Error =1.667889605982964e-06
Completed 87 % :  mod = 9.009823381153773e-13,  Error =1.6726947649203794e-06
Completed 87 % :  mod = 9.76300179884993e-13,  Error =1.6774989290979647e-06
Completed 87 % :  mod = 1.0579247101809922e-12,  Error =1.6823041164570895e-06
Completed 87 % :  mod = 1.146367382743055e-12,  Error =1.6871092256565134e-06
Completed 88 % :  mod = 1.2421957270386065e-12,  Error =1.6919141998528175e-06
Completed 88 % :  mod = 1.3460048605619458e-12,  Error =1.696718086918736e-06
Completed 88 % :  mod = 1.4584961273768947e-12,  Error =1.7015227697925184e-06
Completed 88 % :  mod = 1.5803709128554338e-12,  Error =1.706326521855317e-06
Completed 89 % :  mod = 1.7124068577388285e-12,  Error =1.7111317234252965e-06
Completed 89 % :  mod = 1.855418321822332e-12,  Error =1.715936207347113e-06
Completed 89 % :  mod = 2.010364355662594e-12,  Error =1.7207407410069209e-06
Completed 89 % :  mod = 2.1782019541638237e-12,  Error =1.7255456796760882e-06
Completed 90 % :  mod = 2.3599904720912975e-12,  Error =1.730350170703332e-06
Completed 90 % :  mod = 2.556836449941118e-12,  Error =1.7351541146126692e-06
Completed 90 % :  mod = 2.770041284285638e-12,  Error =1.7399586624833319e-06
Completed 90 % :  mod = 3.000898044686963e-12,  Error =1.7447625779709597e-06
Completed 91 % :  mod = 3.2508336950090134e-12,  Error =1.7495663726663224e-06
Completed 91 % :  mod = 3.521331324420576e-12,  Error =1.754369350237539e-06
Completed 91 % :  mod = 3.814130635118067e-12,  Error =1.7591720506970887e-06
Completed 91 % :  mod = 4.130945666896312e-12,  Error =1.7639753622233911e-06
Completed 92 % :  mod = 4.4736563990407444e-12,  Error =1.7687781621589238e-06
Completed 92 % :  mod = 4.84419724714742e-12,  Error =1.773579064945352e-06
Completed 92 % :  mod = 5.244825533401537e-12,  Error =1.7783806640636612e-06
Completed 92 % :  mod = 5.6777270892346545e-12,  Error =1.7831816094826536e-06
Completed 93 % :  mod = 6.1452691611764545e-12,  Error =1.787981382506132e-06
Completed 93 % :  mod = 6.649836235694886e-12,  Error =1.7927797912875576e-06
Completed 93 % :  mod = 7.194180488568916e-12,  Error =1.7975782995449663e-06
Completed 93 % :  mod = 7.780866048098918e-12,  Error =1.802375656723143e-06
Completed 94 % :  mod = 8.412590636391025e-12,  Error =1.8071714578127285e-06
Completed 94 % :  mod = 9.091935448888226e-12,  Error =1.8119643172553879e-06
Completed 94 % :  mod = 9.821802210086212e-12,  Error =1.8167562103599266e-06
Completed 94 % :  mod = 1.060462316433187e-11,  Error =1.8215463413184807e-06
Completed 95 % :  mod = 1.1442745087972974e-11,  Error =1.8263344969682294e-06
Completed 95 % :  mod = 1.2338038159442628e-11,  Error =1.8311182046204522e-06
Completed 95 % :  mod = 1.3292402217641653e-11,  Error =1.8358991411560055e-06
Completed 95 % :  mod = 1.4306647178346664e-11,  Error =1.840676581821299e-06
Completed 96 % :  mod = 1.5380914836956647e-11,  Error =1.8454490344765873e-06
Completed 96 % :  mod = 1.6514082683937792e-11,  Error =1.850215674892297e-06
Completed 96 % :  mod = 1.7704306165142517e-11,  Error =1.854977867310481e-06
Completed 96 % :  mod = 1.894751243056326e-11,  Error =1.8597336577386159e-06
Completed 97 % :  mod = 2.0237870418205713e-11,  Error =1.864482598534778e-06
Completed 97 % :  mod = 2.1567029255264958e-11,  Error =1.8692225722816147e-06
Completed 97 % :  mod = 2.292475858076938e-11,  Error =1.873955604025923e-06
Completed 97 % :  mod = 2.429727687023512e-11,  Error =1.8786785886959478e-06
Completed 98 % :  mod = 2.5668027438637495e-11,  Error =1.8833919810390398e-06
Completed 98 % :  mod = 2.701719657274496e-11,  Error =1.888094885771352e-06
Completed 98 % :  mod = 2.8322854064570512e-11,  Error =1.8927872886820296e-06
Completed 98 % :  mod = 2.955995275930385e-11,  Error =1.8974694810935944e-06
Completed 99 % :  mod = 3.07020193289349e-11,  Error =1.9021410366804048e-06
Completed 99 % :  mod = 3.172176719584381e-11,  Error =1.9068033338953683e-06
Completed 99 % :  mod = 3.259308481195582e-11,  Error =1.9114565859013055e-06
Completed 99 % :  mod = 3.329141667256457e-11,  Error =1.916103109067535e-06
Completed 100 % :  mod = 3.3796043706312153e-11,  Error =1.920743436301109e-06
Finished 20/21 frames
Finished all frames!
