/opt/local/miniconda_23_9/lib/python3.11/site-packages/conda/base/context.py:201: FutureWarning: Adding 'defaults' to channel list implicitly is deprecated and will be removed in 25.3. 

To remove this warning, please choose a default channel explicitly with conda's regular configuration system, e.g. by adding 'defaults' to the list of channels:

  conda config --add channels defaults

For more information see https://docs.conda.io/projects/conda/en/stable/user-guide/configuration/use-condarc.html

  deprecated.topic(
JOB 14502 ARRAY_ID 20  -> i=20 ; range=[1.95e-10, 2.05e-10] ; intervals=20 (frames=21)
Analytic t0 extension enabled (--extend-time-using-t0).
Extending simulation time for p0=2.045e-10 from 10000000000.0 to 2.151e+10
Completed 0 % :  mod = 1.6361904756948115e-16,  Error =-1.4210854715202004e-14
Completed 0 % :  mod = 1.641517633093975e-16,  Error =4.606988568411907e-09
Completed 0 % :  mod = 1.6575297600879793e-16,  Error =9.212527629642864e-09
Completed 0 % :  mod = 1.6843371503547624e-16,  Error =1.3819615674037777e-08
Completed 0 % :  mod = 1.7221042970309367e-16,  Error =1.8425545533773402e-08
Completed 1 % :  mod = 1.7710809455889716e-16,  Error =2.3031539342355245e-08
Completed 1 % :  mod = 1.8315983591167278e-16,  Error =2.7638073163416266e-08
Completed 1 % :  mod = 1.9040278719158772e-16,  Error =3.22445714573405e-08
Completed 1 % :  mod = 1.9888681368940005e-16,  Error =3.685175897771842e-08
Completed 2 % :  mod = 2.0866396879538317e-16,  Error =4.145773147001819e-08
Completed 2 % :  mod = 2.1979936242879175e-16,  Error =4.606349079949723e-08
Completed 2 % :  mod = 2.32367964036493e-16,  Error =5.0670550422182714e-08
Completed 2 % :  mod = 2.464468903745256e-16,  Error =5.527650870362777e-08
Completed 3 % :  mod = 2.62129992786503e-16,  Error =5.988272988588506e-08
Completed 3 % :  mod = 2.7952277035303946e-16,  Error =6.448987477369883e-08
Completed 3 % :  mod = 2.9873194245294767e-16,  Error =6.90963162242042e-08
Completed 3 % :  mod = 3.1988975737839413e-16,  Error =7.370311294607745e-08
Completed 4 % :  mod = 3.4312604681338576e-16,  Error =7.8310094409062e-08
Completed 4 % :  mod = 3.685958224918598e-16,  Error =8.29167490223881e-08
Completed 4 % :  mod = 3.964702962732553e-16,  Error =8.752392233191131e-08
Completed 4 % :  mod = 4.2692051251293707e-16,  Error =9.213022167386953e-08
Completed 5 % :  mod = 4.601496552553806e-16,  Error =9.673644285612681e-08
Completed 5 % :  mod = 4.963810586647829e-16,  Error =1.013435522168038e-07
Completed 5 % :  mod = 5.358370435573921e-16,  Error =1.0594921207029984e-07
Completed 5 % :  mod = 5.787892611645506e-16,  Error =1.1055694670858429e-07
Completed 6 % :  mod = 6.255012711851501e-16,  Error =1.151627628814822e-07
Completed 6 % :  mod = 6.762848091441379e-16,  Error =1.1976884195519233e-07
Completed 6 % :  mod = 7.31481157923231e-16,  Error =1.243760721081344e-07
Completed 6 % :  mod = 7.914290124662021e-16,  Error =1.2898225065782754e-07
Completed 7 % :  mod = 8.565284523247928e-16,  Error =1.3358940265106867e-07
Completed 7 % :  mod = 9.272169458729257e-16,  Error =1.3819627753264285e-07
Completed 7 % :  mod = 1.0039282534406327e-15,  Error =1.4280293214596895e-07
Completed 7 % :  mod = 1.0871905130986213e-15,  Error =1.4741075915480906e-07
Completed 8 % :  mod = 1.177514636622849e-15,  Error =1.5201653269514281e-07
Completed 8 % :  mod = 1.275503466988191e-15,  Error =1.5662304519992176e-07
Completed 8 % :  mod = 1.3818154695856454e-15,  Error =1.612298632380771e-07
Completed 8 % :  mod = 1.497102987170412e-15,  Error =1.6583629047772774e-07
Completed 9 % :  mod = 1.6221597522729997e-15,  Error =1.7044377642605468e-07
Completed 9 % :  mod = 1.757753134971e-15,  Error =1.7505050919908172e-07
Completed 9 % :  mod = 1.904788114023034e-15,  Error =1.7965660248364657e-07
Completed 9 % :  mod = 2.064252724462451e-15,  Error =1.8426367631718676e-07
Completed 10 % :  mod = 2.237125477216727e-15,  Error =1.8886981223431576e-07
Completed 10 % :  mod = 2.4245601737452797e-15,  Error =1.934760405220004e-07
Completed 10 % :  mod = 2.6278163052532733e-15,  Error =1.980832990966519e-07
Completed 10 % :  mod = 2.8481410911010987e-15,  Error =2.0269011713480722e-07
Completed 11 % :  mod = 3.087051421661802e-15,  Error =2.072968925403984e-07
Completed 11 % :  mod = 3.3460132824584356e-15,  Error =2.1190329135833963e-07
Completed 11 % :  mod = 3.626755079788639e-15,  Error =2.1650930648320355e-07
Completed 11 % :  mod = 3.931163307141505e-15,  Error =2.2111657926870976e-07
Completed 12 % :  mod = 4.261105857712681e-15,  Error =2.257231273006255e-07
Completed 12 % :  mod = 4.618784881610805e-15,  Error =2.3032928453403656e-07
Completed 12 % :  mod = 5.006603851367323e-15,  Error =2.3493672784979935e-07
Completed 12 % :  mod = 5.426942493277946e-15,  Error =2.395425369172699e-07
Completed 13 % :  mod = 5.882694736662601e-15,  Error =2.4414983812448554e-07
Completed 13 % :  mod = 6.376657146513239e-15,  Error =2.4875612325558905e-07
Completed 13 % :  mod = 6.9121266286431304e-15,  Error =2.5336254338981234e-07
Completed 13 % :  mod = 7.492701334447856e-15,  Error =2.579696953830535e-07
Completed 14 % :  mod = 8.121943753085247e-15,  Error =2.6257593788159284e-07
Completed 14 % :  mod = 8.804053691249497e-15,  Error =2.671816119459436e-07
Completed 14 % :  mod = 9.543614675208385e-15,  Error =2.717889344694413e-07
Completed 14 % :  mod = 1.0345164763748056e-14,  Error =2.763952409168269e-07
Completed 15 % :  mod = 1.1214222436231972e-14,  Error =2.81001895530153e-07
Completed 15 % :  mod = 1.2156120382294932e-14,  Error =2.8560788223330746e-07
Completed 15 % :  mod = 1.3177145194341277e-14,  Error =2.902146860606081e-07
Completed 15 % :  mod = 1.42841577439629e-14,  Error =2.948208290831644e-07
Completed 16 % :  mod = 1.548395083514476e-14,  Error =2.994268015754642e-07
Completed 16 % :  mod = 1.6784784783336306e-14,  Error =3.040341383098166e-07
Completed 16 % :  mod = 1.8194641704845616e-14,  Error =3.0864020317267205e-07
Completed 16 % :  mod = 1.9722931507111117e-14,  Error =3.1324610461069824e-07
Completed 17 % :  mod = 2.137992369818373e-14,  Error =3.1785297238684507e-07
Completed 17 % :  mod = 2.3175785842307737e-14,  Error =3.224595346296155e-07
Completed 17 % :  mod = 2.512250418334723e-14,  Error =3.27065819760719e-07
Completed 17 % :  mod = 2.7233159872865372e-14,  Error =3.3167280122370357e-07
Completed 18 % :  mod = 2.952070420902783e-14,  Error =3.3627862450202883e-07
Completed 18 % :  mod = 3.200088637098487e-14,  Error =3.408855064890304e-07
Completed 18 % :  mod = 3.468892507667931e-14,  Error =3.454916921441509e-07
Completed 18 % :  mod = 3.760276126432721e-14,  Error =3.5009779963957044e-07
Completed 19 % :  mod = 4.076197467611865e-14,  Error =3.5470463899400784e-07
Completed 19 % :  mod = 4.418595060936243e-14,  Error =3.593113291344707e-07
Completed 19 % :  mod = 4.7897541825308864e-14,  Error =3.63918125856344e-07
Completed 19 % :  mod = 5.192168854962011e-14,  Error =3.685257823349275e-07
Completed 20 % :  mod = 5.6283083310016373e-14,  Error =3.7313215983658665e-07
Completed 20 % :  mod = 6.101175294621232e-14,  Error =3.777396955229051e-07
Completed 20 % :  mod = 6.61367128688257e-14,  Error =3.823458953888803e-07
Completed 20 % :  mod = 7.169216846029525e-14,  Error =3.869520526222914e-07
Completed 21 % :  mod = 7.771544942079181e-14,  Error =3.9155919751010515e-07
Completed 21 % :  mod = 8.424351457480451e-14,  Error =3.9616509894813134e-07
Completed 21 % :  mod = 9.131993351275642e-14,  Error =4.0077171803432066e-07
Completed 21 % :  mod = 9.899225539358257e-14,  Error =4.053792039826476e-07
Completed 22 % :  mod = 1.0730755675933715e-13,  Error =4.0998549621917846e-07
Completed 22 % :  mod = 1.1632308397255716e-13,  Error =4.145919589859659e-07
Completed 22 % :  mod = 1.2609415444331647e-13,  Error =4.191984430690354e-07
Completed 22 % :  mod = 1.3668597983563606e-13,  Error =4.2380433740163426e-07
Completed 23 % :  mod = 1.4816972761248518e-13,  Error =4.2841126202119995e-07
Completed 23 % :  mod = 1.606158569887143e-13,  Error =4.3301788110738926e-07
Completed 23 % :  mod = 1.7410742945737227e-13,  Error =4.376238749159711e-07
Completed 23 % :  mod = 1.8873509183485964e-13,  Error =4.4223119033404146e-07
Completed 24 % :  mod = 2.0458858747664309e-13,  Error =4.4683769573339305e-07
Completed 24 % :  mod = 2.2177704590843208e-13,  Error =4.5144516747086527e-07
Completed 24 % :  mod = 2.4040591502381877e-13,  Error =4.5605160892137064e-07
Completed 24 % :  mod = 2.6059950149742434e-13,  Error =4.6065811432072223e-07
Completed 25 % :  mod = 2.8249346050688804e-13,  Error =4.652652947356728e-07
Completed 25 % :  mod = 3.062220888078427e-13,  Error =4.698717148698961e-07
Completed 25 % :  mod = 3.3194869137797747e-13,  Error =4.7447852580262406e-07
Completed 25 % :  mod = 3.598310526858202e-13,  Error =4.790846688251804e-07
Completed 26 % :  mod = 3.900551710219415e-13,  Error =4.836907478988905e-07
Completed 26 % :  mod = 4.228240137521478e-13,  Error =4.882980206843968e-07
Completed 26 % :  mod = 4.583384942974667e-13,  Error =4.929042916046456e-07
Completed 26 % :  mod = 4.968354445575833e-13,  Error =4.97510853847416e-07
Completed 27 % :  mod = 5.385732866984762e-13,  Error =5.021178353104006e-07
Completed 27 % :  mod = 5.838077970909807e-13,  Error =5.067244543965899e-07
Completed 27 % :  mod = 6.328499799522496e-13,  Error =5.113313008564546e-07
Completed 27 % :  mod = 6.860002244883309e-13,  Error =5.15937564671276e-07
Completed 28 % :  mod = 7.436125868497284e-13,  Error =5.205441908628927e-07
Completed 28 % :  mod = 8.06073320068875e-13,  Error =5.251511296933131e-07
Completed 28 % :  mod = 8.737645741573278e-13,  Error =5.297576564089468e-07
Completed 28 % :  mod = 9.471367226111618e-13,  Error =5.343633304732975e-07
Completed 29 % :  mod = 1.0266809803391435e-12,  Error =5.389708448433339e-07
Completed 29 % :  mod = 1.1128831314722418e-12,  Error =5.43576526013112e-07
Completed 29 % :  mod = 1.206333712912084e-12,  Error =5.48183237469857e-07
Completed 29 % :  mod = 1.3076024020062284e-12,  Error =5.527898565560463e-07
Completed 30 % :  mod = 1.417360332927176e-12,  Error =5.573955945692433e-07
Completed 30 % :  mod = 1.5363389478132415e-12,  Error =5.62002540505091e-07
Completed 30 % :  mod = 1.665260573248349e-12,  Error =5.666084703648266e-07
Completed 30 % :  mod = 1.8049758279730182e-12,  Error =5.712143718028528e-07
Completed 31 % :  mod = 1.956410974722745e-12,  Error =5.758205787742554e-07
Completed 31 % :  mod = 2.1204792566059147e-12,  Error =5.804259615160845e-07
Completed 31 % :  mod = 2.298289889306706e-12,  Error =5.850326516565474e-07
Completed 31 % :  mod = 2.490908040276655e-12,  Error =5.896389723147877e-07
Completed 32 % :  mod = 2.6995863717460384e-12,  Error =5.942446392737111e-07
Completed 32 % :  mod = 2.9256851201972208e-12,  Error =5.988510167753702e-07
Completed 32 % :  mod = 3.1705382744168976e-12,  Error =6.034562076706607e-07
Completed 32 % :  mod = 3.435763658767525e-12,  Error =6.080610006620191e-07
Completed 33 % :  mod = 3.7229023592933915e-12,  Error =6.126654312765822e-07
Completed 33 % :  mod = 4.03376111362342e-12,  Error =6.172697197825983e-07
Completed 33 % :  mod = 4.3702890404181246e-12,  Error =6.21874498563102e-07
Completed 33 % :  mod = 4.73437375377361e-12,  Error =6.2647781362557e-07
Completed 34 % :  mod = 5.12822021159481e-12,  Error =6.310804820941485e-07
Completed 34 % :  mod = 5.554188682317412e-12,  Error =6.35683747418625e-07
Completed 34 % :  mod = 6.014530204601552e-12,  Error =6.402855348142111e-07
Completed 34 % :  mod = 6.5119541149224666e-12,  Error =6.448867040376172e-07
Completed 35 % :  mod = 7.048930146436385e-12,  Error =6.494855142591405e-07
Completed 35 % :  mod = 7.628305745235139e-12,  Error =6.54084686857459e-07
Completed 35 % :  mod = 8.25304145180547e-12,  Error =6.586837955069313e-07
Completed 35 % :  mod = 8.925794600399668e-12,  Error =6.632803035699908e-07
Completed 36 % :  mod = 9.649574381723729e-12,  Error =6.678745378962958e-07
Completed 36 % :  mod = 1.0427377867150976e-11,  Error =6.724666050672568e-07
Completed 36 % :  mod = 1.1261637156832207e-11,  Error =6.77056235076634e-07
Completed 36 % :  mod = 1.2155164564564274e-11,  Error =6.816444653168219e-07
Completed 37 % :  mod = 1.3109784410409072e-11,  Error =6.862280628183726e-07
Completed 37 % :  mod = 1.4127320930968707e-11,  Error =6.908087186729972e-07
Completed 37 % :  mod = 1.5208967121634243e-11,  Error =6.953854381208657e-07
Completed 37 % :  mod = 1.635440675236494e-11,  Error =6.999573898269773e-07
Completed 38 % :  mod = 1.756276585758948e-11,  Error =7.045231882329972e-07
Completed 38 % :  mod = 1.8831764689028614e-11,  Error =7.090843823220894e-07
Completed 38 % :  mod = 2.0156627622793753e-11,  Error =7.136367656812581e-07
Completed 38 % :  mod = 2.1531414442596407e-11,  Error =7.181827044178135e-07
Completed 39 % :  mod = 2.2946695707799083e-11,  Error =7.22720180590386e-07
Completed 39 % :  mod = 2.4390993264647445e-11,  Error =7.272478583786324e-07
Completed 39 % :  mod = 2.584976472104963e-11,  Error =7.317667325423827e-07
Completed 39 % :  mod = 2.7304402311915275e-11,  Error =7.362751333062079e-07
Completed 40 % :  mod = 2.8733873009157064e-11,  Error =7.407710214124563e-07
Completed 40 % :  mod = 3.0114108696839934e-11,  Error =7.452569832366862e-07
Completed 40 % :  mod = 3.1417762590355e-11,  Error =7.497312211057761e-07
Completed 40 % :  mod = 3.2616794278520123e-11,  Error =7.54194452667889e-07
Completed 41 % :  mod = 3.3681691909773725e-11,  Error =7.586467987152901e-07
Completed 41 % :  mod = 3.4584506204428384e-11,  Error =7.630899006016989e-07
Completed 41 % :  mod = 3.529965386038576e-11,  Error =7.675263447026737e-07
Completed 41 % :  mod = 3.5805305923692816e-11,  Error =7.71955825484838e-07
Completed 42 % :  mod = 3.608574073676452e-11,  Error =7.763828193674271e-07
Completed 42 % :  mod = 3.6131795505886387e-11,  Error =7.808074116155694e-07
Completed 42 % :  mod = 3.594203988036246e-11,  Error =7.852323591350796e-07
Completed 42 % :  mod = 3.552254214391379e-11,  Error =7.896614562241666e-07
Completed 43 % :  mod = 3.488681493128233e-11,  Error =7.940944612983003e-07
Completed 43 % :  mod = 3.4054323288321295e-11,  Error =7.985355026107754e-07
Completed 43 % :  mod = 3.3049143480434805e-11,  Error =8.029849638546693e-07
Completed 43 % :  mod = 3.18990668126431e-11,  Error =8.074436763649828e-07
Completed 44 % :  mod = 3.063257674484726e-11,  Error =8.11914006249026e-07
Completed 44 % :  mod = 2.927903010540442e-11,  Error =8.163951576989348e-07
Completed 44 % :  mod = 2.786580168276142e-11,  Error =8.208874859860771e-07
Completed 44 % :  mod = 2.6417993760033576e-11,  Error =8.253917442857528e-07
Completed 45 % :  mod = 2.4958669987658005e-11,  Error =8.299054599092415e-07
Completed 45 % :  mod = 2.3506898973610617e-11,  Error =8.344302457885533e-07
Completed 45 % :  mod = 2.207848579426473e-11,  Error =8.389646026785158e-07
Completed 45 % :  mod = 2.0686869693969512e-11,  Error =8.43506661851734e-07
Completed 46 % :  mod = 1.9341510861154174e-11,  Error =8.480574038571831e-07
Completed 46 % :  mod = 1.8050269951238652e-11,  Error =8.526151660248615e-07
Completed 46 % :  mod = 1.681798087585962e-11,  Error =8.571786764832723e-07
Completed 46 % :  mod = 1.5647606289213846e-11,  Error =8.617491431550661e-07
Completed 47 % :  mod = 1.4541181198456823e-11,  Error =8.663231838568208e-07
Completed 47 % :  mod = 1.3498812333650452e-11,  Error =8.709018786134948e-07
Completed 47 % :  mod = 1.2519659412044993e-11,  Error =8.754858669135501e-07
Completed 47 % :  mod = 1.1602664371106081e-11,  Error =8.800718376278382e-07
Completed 48 % :  mod = 1.0745500047099252e-11,  Error =8.846616594837542e-07
Completed 48 % :  mod = 9.94610316098639e-12,  Error =8.892530445336888e-07
Completed 48 % :  mod = 9.201660250027418e-12,  Error =8.938463196273005e-07
Completed 48 % :  mod = 8.509238815145023e-12,  Error =8.98441953722795e-07
Completed 49 % :  mod = 7.866211381884484e-12,  Error =9.030387673192308e-07
Completed 49 % :  mod = 7.2694385162727495e-12,  Error =9.07637932812122e-07
Completed 49 % :  mod = 6.716278767235183e-12,  Error =9.122371054104406e-07
Completed 49 % :  mod = 6.203823604398157e-12,  Error =9.16837528563974e-07
Completed 50 % :  mod = 5.729290738671647e-12,  Error =9.214403817736638e-07
Completed 50 % :  mod = 5.2902726805924116e-12,  Error =9.260424818080537e-07
Completed 50 % :  mod = 4.8842177125461346e-12,  Error =9.306455268642821e-07
Completed 50 % :  mod = 4.508729164897837e-12,  Error =9.352494600989303e-07
Completed 51 % :  mod = 4.16175021128194e-12,  Error =9.398533435955869e-07
Completed 51 % :  mod = 3.841086728454309e-12,  Error =9.444587121265613e-07
Completed 51 % :  mod = 3.5449243332628944e-12,  Error =9.490633487985178e-07
Completed 51 % :  mod = 3.271393634781764e-12,  Error =9.536681844224404e-07
Completed 52 % :  mod = 3.018763759468793e-12,  Error =9.582740432279024e-07
Completed 52 % :  mod = 2.7855591200284817e-12,  Error =9.62879497024005e-07
Completed 52 % :  mod = 2.570271367326229e-12,  Error =9.674847518681418e-07
Completed 52 % :  mod = 2.3715096400817406e-12,  Error =9.720911364752283e-07
Completed 53 % :  mod = 2.1880905253973534e-12,  Error =9.766969455426988e-07
Completed 53 % :  mod = 2.0187796909709616e-12,  Error =9.813036641048711e-07
Completed 53 % :  mod = 1.862560577438977e-12,  Error =9.859097502840086e-07
Completed 53 % :  mod = 1.71840103414428e-12,  Error =9.905157654088725e-07
Completed 54 % :  mod = 1.5853526692997993e-12,  Error =9.951226758175835e-07
Completed 54 % :  mod = 1.4626099125479404e-12,  Error =9.997284493579173e-07
Completed 54 % :  mod = 1.3493564985510258e-12,  Error =1.0043335620935068e-06
Completed 54 % :  mod = 1.244843207646811e-12,  Error =1.0089406288216196e-06
Completed 55 % :  mod = 1.1484339774449089e-12,  Error =1.0135471057992618e-06
Completed 55 % :  mod = 1.059469173912001e-12,  Error =1.0181542506870755e-06
Completed 55 % :  mod = 9.77406130412825e-13,  Error =1.0227599673839904e-06
Completed 55 % :  mod = 9.016959583612933e-13,  Error =1.0273664798887694e-06
Completed 56 % :  mod = 8.318353319815376e-13,  Error =1.0319735181951728e-06
Completed 56 % :  mod = 7.673971414107691e-13,  Error =1.0365804001821743e-06
Completed 56 % :  mod = 7.079389740562258e-13,  Error =1.0411878363925098e-06
Completed 56 % :  mod = 6.53096950392754e-13,  Error =1.0457940859964765e-06
Completed 57 % :  mod = 6.025033119760088e-13,  Error =1.050400669555529e-06
Completed 57 % :  mod = 5.558209719317784e-13,  Error =1.0550075870696674e-06
Completed 57 % :  mod = 5.12763946985477e-13,  Error =1.059613737197651e-06
Completed 57 % :  mod = 4.730432776360688e-13,  Error =1.064219475210848e-06
Completed 58 % :  mod = 4.3639414060041217e-13,  Error =1.0688259237667808e-06
Completed 58 % :  mod = 4.025918768195365e-13,  Error =1.0734312994031825e-06
Completed 58 % :  mod = 3.714039426868046e-13,  Error =1.078038835089501e-06
Completed 58 % :  mod = 3.4263910325266534e-13,  Error =1.0826454186485535e-06
Completed 59 % :  mod = 3.1610417913167934e-13,  Error =1.087251781939358e-06
Completed 59 % :  mod = 2.9162215199570323e-13,  Error =1.091859409996232e-06
Completed 59 % :  mod = 2.690428635011752e-13,  Error =1.0964653185396855e-06
Completed 59 % :  mod = 2.4821464215601515e-13,  Error =1.1010717315684815e-06
Completed 60 % :  mod = 2.289985142071201e-13,  Error =1.105678535395782e-06
Completed 60 % :  mod = 2.1127659891725808e-13,  Error =1.1102847849997488e-06
Completed 60 % :  mod = 1.9492691041508167e-13,  Error =1.114891738041024e-06
Completed 60 % :  mod = 1.7984914440526517e-13,  Error =1.1194984423923415e-06
Completed 61 % :  mod = 1.6594199928925267e-13,  Error =1.1241052391142148e-06
Completed 61 % :  mod = 1.5311266638717763e-13,  Error =1.1287126966408323e-06
Completed 61 % :  mod = 1.412824325269156e-13,  Error =1.1333190599316367e-06
Completed 61 % :  mod = 1.3037180994358197e-13,  Error =1.1379253876953044e-06
Completed 62 % :  mod = 1.2030798370670558e-13,  Error =1.142532511266836e-06
Completed 62 % :  mod = 1.1102920521596802e-13,  Error =1.1471389669281962e-06
Completed 62 % :  mod = 1.0247159581417871e-13,  Error =1.151746587879643e-06
Completed 62 % :  mod = 9.458264747171327e-14,  Error =1.1563530790681398e-06
Completed 63 % :  mod = 8.730935056510248e-14,  Error =1.1609590089278754e-06
Completed 63 % :  mod = 8.060316336608404e-14,  Error =1.1655662319753901e-06
Completed 63 % :  mod = 7.442293699764013e-14,  Error =1.1701722897328182e-06
Completed 63 % :  mod = 6.872714226811322e-14,  Error =1.1747792001415291e-06
Completed 64 % :  mod = 6.347776574979388e-14,  Error =1.1793856629083166e-06
Completed 64 % :  mod = 5.864259708773872e-14,  Error =1.1839911024935645e-06
Completed 64 % :  mod = 5.418834772447627e-14,  Error =1.1885989934512509e-06
Completed 64 % :  mod = 5.008768605136776e-14,  Error =1.1932056835917138e-06
Completed 65 % :  mod = 4.6313055227592625e-14,  Error =1.1978118337196975e-06
Completed 65 % :  mod = 4.283926465232499e-14,  Error =1.20241903545093e-06
Completed 65 % :  mod = 3.964499875478549e-14,  Error =1.2070256900642562e-06
Completed 65 % :  mod = 3.670826586719051e-14,  Error =1.2116330836420275e-06
Completed 66 % :  mod = 3.401104584490293e-14,  Error =1.2162387861280877e-06
Completed 66 % :  mod = 3.15352110439789e-14,  Error =1.2208448794126525e-06
Completed 66 % :  mod = 2.926424058779519e-14,  Error =1.2254520811438852e-06
Completed 66 % :  mod = 2.7184199489108023e-14,  Error =1.2300580891633217e-06
Completed 67 % :  mod = 2.528110631934191e-14,  Error =1.2346646656169469e-06
Completed 67 % :  mod = 2.354226389895246e-14,  Error =1.2392721444598465e-06
Completed 67 % :  mod = 2.195700242371909e-14,  Error =1.2438787777568905e-06
Completed 67 % :  mod = 2.0514407745076248e-14,  Error =1.2484857094818835e-06
Completed 68 % :  mod = 1.920562788182594e-14,  Error =1.2530915682873456e-06
Completed 68 % :  mod = 1.8021861731046988e-14,  Error =1.257697611833919e-06
Completed 68 % :  mod = 1.6955215543205575e-14,  Error =1.2623051262039553e-06
Completed 68 % :  mod = 1.5999144219238037e-14,  Error =1.2669114894947597e-06
Completed 69 % :  mod = 1.5147214913969903e-14,  Error =1.2715186343825735e-06
Completed 69 % :  mod = 1.4393750638673952e-14,  Error =1.2761256087401307e-06
Completed 69 % :  mod = 1.3734128025359515e-14,  Error =1.28073185123867e-06
Completed 69 % :  mod = 1.3163805726577125e-14,  Error =1.2853391879730225e-06
Completed 70 % :  mod = 1.2679284138902936e-14,  Error =1.2899456862669467e-06
Completed 70 % :  mod = 1.2277294866285767e-14,  Error =1.294552383512837e-06
Completed 70 % :  mod = 1.1955168540899121e-14,  Error =1.2991597486688988e-06
Completed 70 % :  mod = 1.1710928543997059e-14,  Error =1.303766921978422e-06
Completed 71 % :  mod = 1.1542917614621138e-14,  Error =1.3083733847452095e-06
Completed 71 % :  mod = 1.1450031784704547e-14,  Error =1.3129799398825526e-06
Completed 71 % :  mod = 1.1431701102610203e-14,  Error =1.317586225013656e-06
Completed 71 % :  mod = 1.1487799354121713e-14,  Error =1.3221934693774529e-06
Completed 72 % :  mod = 1.161867076073162e-14,  Error =1.3268002021504799e-06
Completed 72 % :  mod = 1.1825170724645517e-14,  Error =1.3314064375435919e-06
Completed 72 % :  mod = 1.210870354687382e-14,  Error =1.3360137529616622e-06
Completed 72 % :  mod = 1.247100902063078e-14,  Error =1.3406200949361846e-06
Completed 73 % :  mod = 1.2914581539710934e-14,  Error =1.3452266784952371e-06
Completed 73 % :  mod = 1.3442142954275896e-14,  Error =1.3498325444061265e-06
Completed 73 % :  mod = 1.4057202315961566e-14,  Error =1.3544391421760338e-06
Completed 73 % :  mod = 1.4763903721571666e-14,  Error =1.3590465641755145e-06
Completed 74 % :  mod = 1.5566583617180835e-14,  Error =1.3636528422011907e-06
Completed 74 % :  mod = 1.6470589918027216e-14,  Error =1.3682592694408413e-06
Completed 74 % :  mod = 1.748200593444977e-14,  Error =1.372866570648057e-06
Completed 74 % :  mod = 1.8607037875870754e-14,  Error =1.3774719676007408e-06
Completed 75 % :  mod = 1.9853431354374525e-14,  Error =1.3820793327568026e-06
Completed 75 % :  mod = 2.1228834441631393e-14,  Error =1.3866849712940166e-06
Completed 75 % :  mod = 2.2742420741654162e-14,  Error =1.391291235108838e-06
Completed 75 % :  mod = 2.440436681055396e-14,  Error =1.3958983018369508e-06
Completed 76 % :  mod = 2.6224870620975156e-14,  Error =1.4005045088083534e-06
Completed 76 % :  mod = 2.8216077909456556e-14,  Error =1.4051107726231749e-06
Completed 76 % :  mod = 3.039137335760969e-14,  Error =1.409717803824151e-06
Completed 76 % :  mod = 3.276410491267887e-14,  Error =1.41432356315363e-06
Completed 77 % :  mod = 3.535060825873137e-14,  Error =1.4189308217282814e-06
Completed 77 % :  mod = 3.8166754504803573e-14,  Error =1.4235371565973765e-06
Completed 77 % :  mod = 4.123133629268242e-14,  Error =1.428143285409078e-06
Completed 77 % :  mod = 4.456494938378356e-14,  Error =1.4327501389743702e-06
Completed 78 % :  mod = 4.818804920776303e-14,  Error =1.4373566585845765e-06
Completed 78 % :  mod = 5.2124814904658404e-14,  Error =1.4419628726614064e-06
Completed 78 % :  mod = 5.640170216175718e-14,  Error =1.4465699678112287e-06
Completed 78 % :  mod = 6.104495432773943e-14,  Error =1.4511764305780162e-06
Completed 79 % :  mod = 6.608653869734979e-14,  Error =1.4557831846673253e-06
Completed 79 % :  mod = 7.15573906702366e-14,  Error =1.4603888018882571e-06
Completed 79 % :  mod = 7.749402238870532e-14,  Error =1.4649947033262833e-06
Completed 79 % :  mod = 8.393632636236449e-14,  Error =1.4696020969040546e-06
Completed 80 % :  mod = 9.092383239603104e-14,  Error =1.4742085241437053e-06
Completed 80 % :  mod = 9.850317492595224e-14,  Error =1.4788145250577145e-06
Completed 80 % :  mod = 1.0672528348079604e-13,  Error =1.4834216557346735e-06
Completed 80 % :  mod = 1.1564060772676442e-13,  Error =1.4880285306162477e-06
Completed 81 % :  mod = 1.2531052445507245e-13,  Error =1.4926355902389332e-06
Completed 81 % :  mod = 1.3579436575290135e-13,  Error =1.4972422093251225e-06
Completed 81 % :  mod = 1.4716209869861947e-13,  Error =1.5018488994655854e-06
Completed 81 % :  mod = 1.5949010412935248e-13,  Error =1.5064567904232717e-06
Completed 82 % :  mod = 1.7285402013840096e-13,  Error =1.5110627487047168e-06
Completed 82 % :  mod = 1.8734584342399737e-13,  Error =1.515669744378556e-06
Completed 82 % :  mod = 2.0305448424587894e-13,  Error =1.5202762142507709e-06
Completed 82 % :  mod = 2.2008476983217775e-13,  Error =1.5248827835989687e-06
Completed 83 % :  mod = 2.38551114983108e-13,  Error =1.5294891682060552e-06
Completed 83 % :  mod = 2.58566803374581e-13,  Error =1.5340945793695937e-06
Completed 83 % :  mod = 2.802653902759258e-13,  Error =1.538700502123902e-06
Completed 83 % :  mod = 3.0379263526499733e-13,  Error =1.5433073627946214e-06
Completed 84 % :  mod = 3.2929284567406283e-13,  Error =1.547913448973759e-06
Completed 84 % :  mod = 3.569415086839694e-13,  Error =1.552520380698752e-06
Completed 84 % :  mod = 3.869081840346421e-13,  Error =1.5571267724112658e-06
Completed 84 % :  mod = 4.193927572734543e-13,  Error =1.561732929644677e-06
Completed 85 % :  mod = 4.5461335484484666e-13,  Error =1.5663404440147133e-06
Completed 85 % :  mod = 4.927858955711446e-13,  Error =1.5709462033441923e-06
Completed 85 % :  mod = 5.341649024011056e-13,  Error =1.5755528579575184e-06
Completed 85 % :  mod = 5.790281006804376e-13,  Error =1.580159583625118e-06
Completed 86 % :  mod = 6.276503638176622e-13,  Error =1.5847660321810508e-06
Completed 86 % :  mod = 6.803659171434982e-13,  Error =1.5893731486471552e-06
Completed 86 % :  mod = 7.37497559294641e-13,  Error =1.593979320091421e-06
Completed 86 % :  mod = 7.994257529312885e-13,  Error =1.5985850794209e-06
Completed 87 % :  mod = 8.665655391756267e-13,  Error =1.603191734034226e-06
Completed 87 % :  mod = 9.3932750866446e-13,  Error =1.6077982323281503e-06
Completed 87 % :  mod = 1.0181955340370432e-12,  Error =1.61240433982357e-06
Completed 87 % :  mod = 1.1036973207153295e-12,  Error =1.6170115060276657e-06
Completed 88 % :  mod = 1.1963546495984883e-12,  Error =1.6216174785199655e-06
Completed 88 % :  mod = 1.296801787183528e-12,  Error =1.6262254476373528e-06
Completed 88 % :  mod = 1.4056504352309095e-12,  Error =1.630831192755977e-06
Completed 88 % :  mod = 1.5236211646625032e-12,  Error =1.635436987612593e-06
Completed 89 % :  mod = 1.651499131572907e-12,  Error =1.6400438056507483e-06
Completed 89 % :  mod = 1.7900593968972486e-12,  Error =1.6446493233956971e-06
Completed 89 % :  mod = 1.9402436664733394e-12,  Error =1.6492567311843231e-06
Completed 89 % :  mod = 2.1029579018114764e-12,  Error =1.653862526040939e-06
Completed 90 % :  mod = 2.2792682860017114e-12,  Error =1.6584683208975548e-06
Completed 90 % :  mod = 2.4703342629915723e-12,  Error =1.66307489735118e-06
Completed 90 % :  mod = 2.6772960822334114e-12,  Error =1.6676794771797177e-06
Completed 90 % :  mod = 2.901494191756965e-12,  Error =1.6722847036021449e-06
Completed 91 % :  mod = 3.144382988446308e-12,  Error =1.6768911876852144e-06
Completed 91 % :  mod = 3.40738662636522e-12,  Error =1.6814962151556756e-06
Completed 91 % :  mod = 3.692231543882695e-12,  Error =1.6861015481595132e-06
Completed 91 % :  mod = 4.000558454519679e-12,  Error =1.6907060143012131e-06
Completed 92 % :  mod = 4.334289177289996e-12,  Error =1.6953101038552632e-06
Completed 92 % :  mod = 4.695493043319652e-12,  Error =1.6999140228790566e-06
Completed 92 % :  mod = 5.0861666699069036e-12,  Error =1.7045166273987888e-06
Completed 92 % :  mod = 5.508638786900605e-12,  Error =1.7091194592921966e-06
Completed 93 % :  mod = 5.965393927623606e-12,  Error =1.713721651697142e-06
Completed 93 % :  mod = 6.458786027979804e-12,  Error =1.718322423016616e-06
Completed 93 % :  mod = 6.991643320051267e-12,  Error =1.7229229172244231e-06
Completed 93 % :  mod = 7.566515996178773e-12,  Error =1.7275212300660314e-06
Completed 94 % :  mod = 8.186332192844728e-12,  Error =1.732119429220802e-06
Completed 94 % :  mod = 8.854107458974708e-12,  Error =1.7367163138715114e-06
Completed 94 % :  mod = 9.572491933371134e-12,  Error =1.7413109603126031e-06
Completed 94 % :  mod = 1.034446074774036e-11,  Error =1.7459037735534366e-06
Completed 95 % :  mod = 1.1172912437235574e-11,  Error =1.750494476482345e-06
Completed 95 % :  mod = 1.2060066717450846e-11,  Error =1.755081321164198e-06
Completed 95 % :  mod = 1.3008454320535785e-11,  Error =1.7596659063201514e-06
Completed 95 % :  mod = 1.4019444043701796e-11,  Error =1.764246860602725e-06
Completed 96 % :  mod = 1.5094271769231324e-11,  Error =1.7688237647917049e-06
Completed 96 % :  mod = 1.623334686946868e-11,  Error =1.773395865711791e-06
Completed 96 % :  mod = 1.7435307296979507e-11,  Error =1.777962303606273e-06
Completed 96 % :  mod = 1.8698002149360405e-11,  Error =1.7825230642642964e-06
Completed 97 % :  mod = 2.0017580220955527e-11,  Error =1.7870782755835535e-06
Completed 97 % :  mod = 2.138735316165082e-11,  Error =1.7916243066906645e-06
Completed 97 % :  mod = 2.2799185153384362e-11,  Error =1.7961627634122124e-06
Completed 97 % :  mod = 2.4241122320771672e-11,  Error =1.8006912867463143e-06
Completed 98 % :  mod = 2.56989375131425e-11,  Error =1.8052102603860476e-06
Completed 98 % :  mod = 2.7155177917349905e-11,  Error =1.8097199614430792e-06
Completed 98 % :  mod = 2.8588321580114386e-11,  Error =1.8142169508905681e-06
Completed 98 % :  mod = 2.997486666613636e-11,  Error =1.8187038364203545e-06
Completed 99 % :  mod = 3.128769026321347e-11,  Error =1.8231780316568802e-06
Completed 99 % :  mod = 3.2498667342611105e-11,  Error =1.8276421442919855e-06
Completed 99 % :  mod = 3.3578919621313096e-11,  Error =1.832096785392423e-06
Completed 99 % :  mod = 3.449969362444235e-11,  Error =1.8365412444154572e-06
Completed 100 % :  mod = 3.523517271505458e-11,  Error =1.8409775179861754e-06
Finished 21/21 frames
Finished all frames!
