/opt/local/miniconda_23_9/lib/python3.11/site-packages/conda/base/context.py:201: FutureWarning: Adding 'defaults' to channel list implicitly is deprecated and will be removed in 25.3. 

To remove this warning, please choose a default channel explicitly with conda's regular configuration system, e.g. by adding 'defaults' to the list of channels:

  conda config --add channels defaults

For more information see https://docs.conda.io/projects/conda/en/stable/user-guide/configuration/use-condarc.html

  deprecated.topic(
JOB 14518 ARRAY_ID 15  -> i=15 ; range=[1.95e-10, 2.05e-10] ; intervals=20 (frames=21)
Analytic t0 extension enabled (--extend-time-using-t0).
Extending simulation time for p0=2.021e-10 from 10000000000.0 to 3.038e+10
Completed 0 % :  mod = 1.6171428574486065e-16,  Error =-1.4210854715202004e-14
Completed 0 % :  mod = 1.6221165367905836e-16,  Error =6.2096106034914555e-09
Completed 0 % :  mod = 1.6370681050189484e-16,  Error =1.2418539085956581e-08
Completed 0 % :  mod = 1.6620895808069686e-16,  Error =1.8626828079959523e-08
Completed 0 % :  mod = 1.6973348729983311e-16,  Error =2.4836126044647244e-08
Completed 1 % :  mod = 1.743020763401107e-16,  Error =3.104493373484729e-08
Completed 1 % :  mod = 1.7994283285044298e-16,  Error =3.725325825598702e-08
Completed 1 % :  mod = 1.8668948217347585e-16,  Error =4.34607869692627e-08
Completed 1 % :  mod = 1.9458530999857998e-16,  Error =4.9668742008179834e-08
Completed 2 % :  mod = 2.0367806713607257e-16,  Error =5.587717311072993e-08
Completed 2 % :  mod = 2.140236834547702e-16,  Error =6.208515657135649e-08
Completed 2 % :  mod = 2.2568579695772626e-16,  Error =6.829377952044524e-08
Completed 2 % :  mod = 2.38736144263179e-16,  Error =7.450234562611513e-08
Completed 3 % :  mod = 2.532529841017014e-16,  Error =8.071064172554543e-08
Completed 3 % :  mod = 2.6932944636031656e-16,  Error =8.691898756296723e-08
Completed 3 % :  mod = 2.870626029069555e-16,  Error =9.312765314462013e-08
Completed 3 % :  mod = 3.0656152975799613e-16,  Error =9.93362547774268e-08
Completed 4 % :  mod = 3.2794617213476414e-16,  Error =1.0554344953561667e-07
Completed 4 % :  mod = 3.513480687635568e-16,  Error =1.117513548365423e-07
Completed 4 % :  mod = 3.769076472535339e-16,  Error =1.1795896170951892e-07
Completed 4 % :  mod = 4.0478887987601574e-16,  Error =1.24167392812069e-07
Completed 5 % :  mod = 4.351600434468328e-16,  Error =1.303759233906021e-07
Completed 5 % :  mod = 4.682079535020053e-16,  Error =1.3658428343887863e-07
Completed 5 % :  mod = 5.041358955190313e-16,  Error =1.4279271454142872e-07
Completed 5 % :  mod = 5.431648673938653e-16,  Error =1.4900060563149964e-07
Completed 6 % :  mod = 5.855291187660677e-16,  Error =1.5520818408276682e-07
Completed 6 % :  mod = 6.315004310962288e-16,  Error =1.6141700598382158e-07
Completed 6 % :  mod = 6.813562184279221e-16,  Error =1.6762633237021873e-07
Completed 6 % :  mod = 7.354031502184335e-16,  Error =1.7383555217520552e-07
Completed 7 % :  mod = 7.939736792481397e-16,  Error =1.8004397617232826e-07
Completed 7 % :  mod = 8.574280838777418e-16,  Error =1.8625244280201514e-07
Completed 7 % :  mod = 9.261472422120243e-16,  Error =1.9245946702994843e-07
Completed 7 % :  mod = 1.0005720160299755e-15,  Error =1.9866823208758433e-07
Completed 8 % :  mod = 1.0811514874764146e-15,  Error =2.0487692609094665e-07
Completed 8 % :  mod = 1.168381316926261e-15,  Error =2.1108602510366836e-07
Completed 8 % :  mod = 1.2627980720927489e-15,  Error =2.1729545807147588e-07
Completed 8 % :  mod = 1.3649825234632878e-15,  Error =2.235041520748382e-07
Completed 9 % :  mod = 1.475548046710288e-15,  Error =2.2971160262841295e-07
Completed 9 % :  mod = 1.5952039606344458e-15,  Error =2.3592001952010833e-07
Completed 9 % :  mod = 1.7246722622337063e-15,  Error =2.4212941696077905e-07
Completed 9 % :  mod = 1.8647493350490438e-15,  Error =2.4833754252995277e-07
Completed 10 % :  mod = 2.016296817452391e-15,  Error =2.5454572494254535e-07
Completed 10 % :  mod = 2.1802469049260637e-15,  Error =2.6075445447304446e-07
Completed 10 % :  mod = 2.3576080858365267e-15,  Error =2.669627932050389e-07
Completed 10 % :  mod = 2.549445004291067e-15,  Error =2.731704071834429e-07
Completed 11 % :  mod = 2.7569883660748208e-15,  Error =2.7937951330159194e-07
Completed 11 % :  mod = 2.981490462147611e-15,  Error =2.855869638551667e-07
Completed 11 % :  mod = 3.2243322460885678e-15,  Error =2.917959918136148e-07
Completed 11 % :  mod = 3.487007480817798e-15,  Error =2.9800406764479703e-07
Completed 12 % :  mod = 3.771131929710364e-15,  Error =3.0421183794260287e-07
Completed 12 % :  mod = 4.078411112682415e-15,  Error =3.104198640357936e-07
Completed 12 % :  mod = 4.4108163387558386e-15,  Error =3.1662870014770306e-07
Completed 12 % :  mod = 4.77035329463048e-15,  Error =3.228374438890569e-07
Completed 13 % :  mod = 5.159233559136588e-15,  Error =3.2904571156677775e-07
Completed 13 % :  mod = 5.579849203775225e-15,  Error =3.352545192569778e-07
Completed 13 % :  mod = 6.034787509760633e-15,  Error =3.4146277272384395e-07
Completed 13 % :  mod = 6.526779345952947e-15,  Error =3.4766988221690553e-07
Completed 14 % :  mod = 7.0589810282220834e-15,  Error =3.5387878227766123e-07
Completed 14 % :  mod = 7.634603779497946e-15,  Error =3.600870499553821e-07
Completed 14 % :  mod = 8.257188358386687e-15,  Error =3.6629448629810213e-07
Completed 14 % :  mod = 8.930564396574456e-15,  Error =3.7250354978368705e-07
Completed 15 % :  mod = 9.658873946539787e-15,  Error =3.787122224707673e-07
Completed 15 % :  mod = 1.044648885169048e-14,  Error =3.84920049611992e-07
Completed 15 % :  mod = 1.1298461956327145e-14,  Error =3.9112838834398644e-07
Completed 15 % :  mod = 1.2219933932099495e-14,  Error =3.9733737366987043e-07
Completed 16 % :  mod = 1.3216572911939114e-14,  Error =4.035451368622489e-07
Completed 16 % :  mod = 1.4294509399320454e-14,  Error =4.097533192748415e-07
Completed 16 % :  mod = 1.5460373964794198e-14,  Error =4.159623046007255e-07
Completed 16 % :  mod = 1.672116496662413e-14,  Error =4.221688669758805e-07
Completed 17 % :  mod = 1.808497083724659e-14,  Error =4.283778238800551e-07
Completed 17 % :  mod = 1.95600205509097e-14,  Error =4.34585615494143e-07
Completed 17 % :  mod = 2.115538737606553e-14,  Error =4.4079450134404397e-07
Completed 17 % :  mod = 2.2880884669689763e-14,  Error =4.470031740311242e-07
Completed 18 % :  mod = 2.474712623401436e-14,  Error =4.5321166908252053e-07
Completed 18 % :  mod = 2.6765314551569898e-14,  Error =4.594191693740868e-07
Completed 18 % :  mod = 2.8948396988415607e-14,  Error =4.656280125914236e-07
Completed 18 % :  mod = 3.1309545831152225e-14,  Error =4.71836429483119e-07
Completed 19 % :  mod = 3.38632848133932e-14,  Error =4.780454929687039e-07
Completed 19 % :  mod = 3.6625322294993526e-14,  Error =4.842540306526644e-07
Completed 19 % :  mod = 3.961264786702592e-14,  Error =4.904625043877786e-07
Completed 19 % :  mod = 4.2843193388313533e-14,  Error =4.966695925645581e-07
Completed 20 % :  mod = 4.633768370961313e-14,  Error =5.028781657756554e-07
Completed 20 % :  mod = 5.011720363899268e-14,  Error =5.09085893440897e-07
Completed 20 % :  mod = 5.4205001175352534e-14,  Error =5.15294978242764e-07
Completed 20 % :  mod = 5.862622044840835e-14,  Error =5.215030185468095e-07
Completed 21 % :  mod = 6.340805634956007e-14,  Error =5.277121601920953e-07
Completed 21 % :  mod = 6.857992176795943e-14,  Error =5.339211099908425e-07
Completed 21 % :  mod = 7.417286068239411e-14,  Error =5.401284823847163e-07
Completed 21 % :  mod = 8.022275221452629e-14,  Error =5.463366221647448e-07
Completed 22 % :  mod = 8.676609833466633e-14,  Error =5.525451598487052e-07
Completed 22 % :  mod = 9.384314563835431e-14,  Error =5.587537117435204e-07
Completed 22 % :  mod = 1.01497422890204e-13,  Error =5.649615602010272e-07
Completed 22 % :  mod = 1.0977600858152072e-13,  Error =5.711699984090046e-07
Completed 23 % :  mod = 1.1872859131738706e-13,  Error =5.773784366169821e-07
Completed 23 % :  mod = 1.2841259831609144e-13,  Error =5.835870311443614e-07
Completed 23 % :  mod = 1.3888645253603963e-13,  Error =5.89795334349219e-07
Completed 23 % :  mod = 1.502145693647281e-13,  Error =5.960040425634361e-07
Completed 24 % :  mod = 1.6246661593594295e-13,  Error =6.022117133852589e-07
Completed 24 % :  mod = 1.7571793888305245e-13,  Error =6.084205566025958e-07
Completed 24 % :  mod = 1.9004805964458512e-13,  Error =6.14627857942196e-07
Completed 24 % :  mod = 2.0554888263850427e-13,  Error =6.208354150771811e-07
Completed 25 % :  mod = 2.2231390107070283e-13,  Error =6.270440877642613e-07
Completed 25 % :  mod = 2.40446193607312e-13,  Error =6.332521493845888e-07
Completed 25 % :  mod = 2.6005723705717607e-13,  Error =6.394608078608144e-07
Completed 25 % :  mod = 2.812675888462638e-13,  Error =6.456692815959286e-07
Completed 26 % :  mod = 3.042044758614565e-13,  Error =6.518774071651023e-07
Completed 26 % :  mod = 3.2901492896446306e-13,  Error =6.580850708814978e-07
Completed 26 % :  mod = 3.558485012933392e-13,  Error =6.642938075174243e-07
Completed 26 % :  mod = 3.8487006219166135e-13,  Error =6.705022812525385e-07
Completed 27 % :  mod = 4.1625788962865285e-13,  Error =6.767109681504735e-07
Completed 27 % :  mod = 4.502047535404681e-13,  Error =6.829198753166565e-07
Completed 27 % :  mod = 4.869140456493373e-13,  Error =6.891272192888209e-07
Completed 27 % :  mod = 5.26620786113975e-13,  Error =6.953351245897466e-07
Completed 28 % :  mod = 5.69563946804853e-13,  Error =7.015434988488778e-07
Completed 28 % :  mod = 6.160069043979502e-13,  Error =7.077518588971543e-07
Completed 28 % :  mod = 6.662343581297526e-13,  Error =7.139605102679525e-07
Completed 28 % :  mod = 7.205540266265514e-13,  Error =7.201694174341355e-07
Completed 29 % :  mod = 7.79290409346314e-13,  Error =7.263764416620688e-07
Completed 29 % :  mod = 8.428183389390447e-13,  Error =7.325851143491491e-07
Completed 29 % :  mod = 9.11518622631782e-13,  Error =7.387935667679812e-07
Completed 29 % :  mod = 9.85810674281717e-13,  Error =7.450017491805738e-07
Completed 30 % :  mod = 1.0661474629806998e-12,  Error =7.512097965900466e-07
Completed 30 % :  mod = 1.1530180768843323e-12,  Error =7.57418135322041e-07
Completed 30 % :  mod = 1.246937559516138e-12,  Error =7.636261827315138e-07
Completed 30 % :  mod = 1.3485003186076774e-12,  Error =7.698338890804735e-07
Completed 31 % :  mod = 1.4583088920908644e-12,  Error =7.760419151736642e-07
Completed 31 % :  mod = 1.5770257450783785e-12,  Error =7.822498417908719e-07
Completed 31 % :  mod = 1.705364705973397e-12,  Error =7.884578678840626e-07
Completed 31 % :  mod = 1.8440944522371296e-12,  Error =7.946651408019534e-07
Completed 32 % :  mod = 1.994042096055009e-12,  Error =8.008720442376216e-07
Completed 32 % :  mod = 2.1560745965412714e-12,  Error =8.070798358517095e-07
Completed 32 % :  mod = 2.331189554968722e-12,  Error =8.132879472100285e-07
Completed 32 % :  mod = 2.5203906251966395e-12,  Error =8.194950709139448e-07
Completed 33 % :  mod = 2.7247747589471505e-12,  Error =8.257022940938441e-07
Completed 33 % :  mod = 2.9455147429411678e-12,  Error =8.319092046349397e-07
Completed 33 % :  mod = 3.183861838337581e-12,  Error =8.381156888503938e-07
Completed 33 % :  mod = 3.4411124523098153e-12,  Error =8.443218675324715e-07
Completed 34 % :  mod = 3.7187474349996485e-12,  Error =8.505278685788653e-07
Completed 34 % :  mod = 4.0182282160749184e-12,  Error =8.567332656639337e-07
Completed 34 % :  mod = 4.341127823727281e-12,  Error =8.629380729985314e-07
Completed 34 % :  mod = 4.689093734125713e-12,  Error =8.691416937267604e-07
Completed 35 % :  mod = 5.063840378349543e-12,  Error =8.753461457899903e-07
Completed 35 % :  mod = 5.467082570083408e-12,  Error =8.815484520141581e-07
Completed 35 % :  mod = 5.900735921488009e-12,  Error =8.877506729731977e-07
Completed 35 % :  mod = 6.3665753513674995e-12,  Error =8.939519489103986e-07
Completed 36 % :  mod = 6.8664139935954595e-12,  Error =9.001514200690508e-07
Completed 36 % :  mod = 7.402012578861348e-12,  Error =9.063498325190267e-07
Completed 36 % :  mod = 7.975028911319622e-12,  Error =9.125465183501547e-07
Completed 36 % :  mod = 8.58687058830562e-12,  Error =9.187403193777754e-07
Completed 37 % :  mod = 9.238943787831349e-12,  Error =9.249327490579162e-07
Completed 37 % :  mod = 9.932071504743592e-12,  Error =9.311232744835252e-07
Completed 37 % :  mod = 1.06666941121023e-11,  Error =9.373105811505411e-07
Completed 37 % :  mod = 1.144265259149051e-11,  Error =9.43495223282298e-07
Completed 38 % :  mod = 1.2259028090988419e-11,  Error =9.496762558569571e-07
Completed 38 % :  mod = 1.311384548010135e-11,  Error =9.558525846387056e-07
Completed 38 % :  mod = 1.4004331744018823e-11,  Error =9.620247354291678e-07
Completed 38 % :  mod = 1.4926029621683793e-11,  Error =9.681927650717626e-07
Completed 39 % :  mod = 1.5873036578170388e-11,  Error =9.743555153818306e-07
Completed 39 % :  mod = 1.6837703912752178e-11,  Error =9.805122829220636e-07
Completed 39 % :  mod = 1.7810485490843292e-11,  Error =9.86663216906436e-07
Completed 39 % :  mod = 1.877972608588722e-11,  Error =9.928052193686199e-07
Completed 40 % :  mod = 1.973218723786767e-11,  Error =9.989413882749432e-07
Completed 40 % :  mod = 2.0652422066132977e-11,  Error =1.0050702883290796e-06
Completed 40 % :  mod = 2.152359557710182e-11,  Error =1.0111923671729528e-06
Completed 40 % :  mod = 2.2327842534366376e-11,  Error =1.0173067508389977e-06
Completed 41 % :  mod = 2.3046936331307887e-11,  Error =1.0234157628019602e-06
Completed 41 % :  mod = 2.3663118638895593e-11,  Error =1.0295184722508566e-06
Completed 41 % :  mod = 2.4159982846756565e-11,  Error =1.0356152344570546e-06
Completed 41 % :  mod = 2.4523694880341865e-11,  Error =1.041709083438036e-06
Completed 42 % :  mod = 2.4743506976717966e-11,  Error =1.0478002323566216e-06
Completed 42 % :  mod = 2.4812780537062075e-11,  Error =1.0538894983369573e-06
Completed 42 % :  mod = 2.472939384834525e-11,  Error =1.059979439332892e-06
Completed 42 % :  mod = 2.4495899142541893e-11,  Error =1.0660706877274606e-06
Completed 43 % :  mod = 2.4119392562898036e-11,  Error =1.072164160120792e-06
Completed 43 % :  mod = 2.3610786939393877e-11,  Error =1.0782612207549391e-06
Completed 43 % :  mod = 2.2984350229538534e-11,  Error =1.0843643281077675e-06
Completed 43 % :  mod = 2.2256603647617763e-11,  Error =1.0904726863714131e-06
Completed 44 % :  mod = 2.144538726112031e-11,  Error =1.096588398752374e-06
Completed 44 % :  mod = 2.0568926882144722e-11,  Error =1.102711649991761e-06
Completed 44 % :  mod = 1.964514201527635e-11,  Error =1.1088413671700437e-06
Completed 44 % :  mod = 1.8690499020515914e-11,  Error =1.114978452676496e-06
Completed 45 % :  mod = 1.7720277047130208e-11,  Error =1.121123496261589e-06
Completed 45 % :  mod = 1.674779357068936e-11,  Error =1.1272739186551917e-06
Completed 45 % :  mod = 1.578439179132893e-11,  Error =1.1334310485722199e-06
Completed 45 % :  mod = 1.4839437185097355e-11,  Error =1.1395942536296388e-06
Completed 46 % :  mod = 1.392052880640182e-11,  Error =1.1457619635280025e-06
Completed 46 % :  mod = 1.3033173414467682e-11,  Error =1.1519359972567145e-06
Completed 46 % :  mod = 1.2181707491171925e-11,  Error =1.1581144647720976e-06
Completed 46 % :  mod = 1.1369015914087764e-11,  Error =1.1642956536661586e-06
Completed 47 % :  mod = 1.0596863196627397e-11,  Error =1.1704803597467617e-06
Completed 47 % :  mod = 9.866090450646387e-12,  Error =1.1766688601255737e-06
Completed 47 % :  mod = 9.17688300324643e-12,  Error =1.1828590587015242e-06
Completed 47 % :  mod = 8.528570374478218e-12,  Error =1.1890520923429904e-06
Completed 48 % :  mod = 7.92030871277818e-12,  Error =1.1952470160281337e-06
Completed 48 % :  mod = 7.350826660992975e-12,  Error =1.2014433181661843e-06
Completed 48 % :  mod = 6.818614670645907e-12,  Error =1.207642917222529e-06
Completed 48 % :  mod = 6.322002935874358e-12,  Error =1.2138430278696433e-06
Completed 49 % :  mod = 5.859282874383007e-12,  Error =1.2200435861586811e-06
Completed 49 % :  mod = 5.4285166592850725e-12,  Error =1.2262458426448575e-06
Completed 49 % :  mod = 5.027941778444011e-12,  Error =1.2324486817760771e-06
Completed 49 % :  mod = 4.655751709185156e-12,  Error =1.2386528993602042e-06
Completed 50 % :  mod = 4.310180989320662e-12,  Error =1.2448575574808274e-06
Completed 50 % :  mod = 3.9895209864678215e-12,  Error =1.2510629119333316e-06
Completed 50 % :  mod = 3.6921686601348225e-12,  Error =1.257267015830621e-06
Completed 50 % :  mod = 3.4164798022165757e-12,  Error =1.2634730310878695e-06
Completed 51 % :  mod = 3.1610085068977065e-12,  Error =1.2696783997512284e-06
Completed 51 % :  mod = 2.9243492523733457e-12,  Error =1.275885331608606e-06
Completed 51 % :  mod = 2.705177874353415e-12,  Error =1.2820916310829489e-06
Completed 51 % :  mod = 2.502250487012083e-12,  Error =1.2882987832085746e-06
Completed 52 % :  mod = 2.3144014602538043e-12,  Error =1.2945064895575342e-06
Completed 52 % :  mod = 2.140562802464824e-12,  Error =1.3007126611341846e-06
Completed 52 % :  mod = 1.979671069962988e-12,  Error =1.3069207085436574e-06
Completed 52 % :  mod = 1.8308014456622946e-12,  Error =1.313128535684882e-06
Completed 53 % :  mod = 1.6930706559536031e-12,  Error =1.3193363983532436e-06
Completed 53 % :  mod = 1.5656571696526186e-12,  Error =1.3255449786697682e-06
Completed 53 % :  mod = 1.4477975557381088e-12,  Error =1.3317529052869759e-06
Completed 53 % :  mod = 1.3387967426570438e-12,  Error =1.33796000767461e-06
Completed 54 % :  mod = 1.237968155521591e-12,  Error =1.3441678632375442e-06
Completed 54 % :  mod = 1.144716589672932e-12,  Error =1.3503756477462048e-06
Completed 54 % :  mod = 1.058476385030519e-12,  Error =1.3565834748874295e-06
Completed 54 % :  mod = 9.787233463799677e-13,  Error =1.3627923891590399e-06
Completed 55 % :  mod = 9.049718667470637e-13,  Error =1.369000898421291e-06
Completed 55 % :  mod = 8.367808710246452e-13,  Error =1.3752083631857204e-06
Completed 55 % :  mod = 7.737159933585028e-13,  Error =1.38141644612233e-06
Completed 55 % :  mod = 7.154011255514377e-13,  Error =1.3876244153721018e-06
Completed 56 % :  mod = 6.614795030252889e-13,  Error =1.3938328820017887e-06
Completed 56 % :  mod = 6.116209782366038e-13,  Error =1.400041398369467e-06
Completed 56 % :  mod = 5.655200750255172e-13,  Error =1.4062494457789398e-06
Completed 56 % :  mod = 5.228995864710688e-13,  Error =1.4124571379170447e-06
Completed 57 % :  mod = 4.834868435871621e-13,  Error =1.418665810604125e-06
Completed 57 % :  mod = 4.4704586088470956e-13,  Error =1.4248743838152222e-06
Completed 57 % :  mod = 4.1335295656910667e-13,  Error =1.431083127556576e-06
Completed 57 % :  mod = 3.822012535440154e-13,  Error =1.4372922763072893e-06
Completed 58 % :  mod = 3.5339942767513215e-13,  Error =1.4435002952950526e-06
Completed 58 % :  mod = 3.2677392663776437e-13,  Error =1.4497078097974736e-06
Completed 58 % :  mod = 3.02154122393189e-13,  Error =1.4559159140503652e-06
Completed 58 % :  mod = 2.793923750297141e-13,  Error =1.4621251196444973e-06
Completed 59 % :  mod = 2.5834878819575554e-13,  Error =1.4683333944276455e-06
Completed 59 % :  mod = 2.3889401006987574e-13,  Error =1.474541555523956e-06
Completed 59 % :  mod = 2.2090844276316447e-13,  Error =1.4807506332203957e-06
Completed 59 % :  mod = 2.0428362054715437e-13,  Error =1.4869583182530732e-06
Completed 60 % :  mod = 1.8891293382163558e-13,  Error =1.4931665930362215e-06
Completed 60 % :  mod = 1.7470415251042937e-13,  Error =1.4993742709634716e-06
Completed 60 % :  mod = 1.6156990384179596e-13,  Error =1.5055825244303378e-06
Completed 60 % :  mod = 1.4942941879445568e-13,  Error =1.511791097641435e-06
Completed 61 % :  mod = 1.3820803651631317e-13,  Error =1.518000239286721e-06
Completed 61 % :  mod = 1.2783806195214075e-13,  Error =1.5242082227473475e-06
Completed 61 % :  mod = 1.1825297868881752e-13,  Error =1.5304166964824617e-06
Completed 61 % :  mod = 1.0939525953376547e-13,  Error =1.5366250778470203e-06
Completed 62 % :  mod = 1.0121042582052598e-13,  Error =1.542832926304527e-06
Completed 62 % :  mod = 9.364813648948846e-14,  Error =1.549041535042761e-06
Completed 62 % :  mod = 8.666187873629993e-14,  Error =1.5552489927017632e-06
Completed 62 % :  mod = 8.020868214201934e-14,  Error =1.5614578003919632e-06
Completed 63 % :  mod = 7.424961039916298e-14,  Error =1.567665229629256e-06
Completed 63 % :  mod = 6.874643586733293e-14,  Error =1.5738737531023617e-06
Completed 63 % :  mod = 6.366612763803413e-14,  Error =1.5800829729073484e-06
Completed 63 % :  mod = 5.897743707615632e-14,  Error =1.586291730859557e-06
Completed 64 % :  mod = 5.465152418822406e-14,  Error =1.5925001264349703e-06
Completed 64 % :  mod = 5.066178027906094e-14,  Error =1.5987088133329053e-06
Completed 64 % :  mod = 4.6984130331178064e-14,  Error =1.604916917585797e-06
Completed 64 % :  mod = 4.359498130992664e-14,  Error =1.6111246097239018e-06
Completed 65 % :  mod = 4.047399192711427e-14,  Error =1.6173336661040594e-06
Completed 65 % :  mod = 3.7601964692602645e-14,  Error =1.623542523532251e-06
Completed 65 % :  mod = 3.49612334662606e-14,  Error =1.629751075427066e-06
Completed 65 % :  mod = 3.253555479998413e-14,  Error =1.6359600536475227e-06
Completed 66 % :  mod = 3.031028924932772e-14,  Error =1.6421677244693456e-06
Completed 66 % :  mod = 2.8271161000459384e-14,  Error =1.648376240837024e-06
Completed 66 % :  mod = 2.640593377882034e-14,  Error =1.6545842882464967e-06
Completed 66 % :  mod = 2.4703134287858843e-14,  Error =1.6607934867352014e-06
Completed 67 % :  mod = 2.315228834040224e-14,  Error =1.6670021594222817e-06
Completed 67 % :  mod = 2.174385642868017e-14,  Error =1.6732107681605157e-06
Completed 67 % :  mod = 2.0469334858683293e-14,  Error =1.6794187303048602e-06
Completed 67 % :  mod = 1.9320547110736352e-14,  Error =1.6856279358989923e-06
Completed 68 % :  mod = 1.8290603720715606e-14,  Error =1.6918367791163291e-06
Completed 68 % :  mod = 1.7373169326113088e-14,  Error =1.6980450752157594e-06
Completed 68 % :  mod = 1.6562600623219167e-14,  Error =1.7042538686951048e-06
Completed 68 % :  mod = 1.5853911654953432e-14,  Error =1.7104624561170567e-06
Completed 69 % :  mod = 1.5242817564066203e-14,  Error =1.7166699848303324e-06
Completed 69 % :  mod = 1.4725397952808005e-14,  Error =1.722878984367071e-06
Completed 69 % :  mod = 1.4298557114021476e-14,  Error =1.7290877067921429e-06
Completed 69 % :  mod = 1.3959669474595761e-14,  Error =1.7352956973581968e-06
Completed 70 % :  mod = 1.3706650470834632e-14,  Error =1.741504547680961e-06
Completed 70 % :  mod = 1.353794373258537e-14,  Error =1.747713533006845e-06
Completed 70 % :  mod = 1.3452517322151915e-14,  Error =1.7539220991125148e-06
Completed 70 % :  mod = 1.344982320084219e-14,  Error =1.760131802086562e-06
Completed 71 % :  mod = 1.3529861557770363e-14,  Error =1.7663402687162488e-06
Completed 71 % :  mod = 1.3693124728820773e-14,  Error =1.7725479395380717e-06
Completed 71 % :  mod = 1.3940616976190737e-14,  Error =1.778756413273186e-06
Completed 71 % :  mod = 1.4273860669549377e-14,  Error =1.7849651854362492e-06
Completed 72 % :  mod = 1.469490564946366e-14,  Error =1.7911740215481586e-06
Completed 72 % :  mod = 1.520626823058304e-14,  Error =1.7973825450212644e-06
Completed 72 % :  mod = 1.5811229003875677e-14,  Error =1.803590649274156e-06
Completed 72 % :  mod = 1.6513447712036873e-14,  Error =1.8097998051302966e-06
Completed 73 % :  mod = 1.7317243834115943e-14,  Error =1.8160078738560514e-06
Completed 73 % :  mod = 1.8227561664277193e-14,  Error =1.8222163475911657e-06
Completed 73 % :  mod = 1.9250000729350696e-14,  Error =1.8284247786937158e-06
Completed 73 % :  mod = 2.039069151032193e-14,  Error =1.8346320445061792e-06
Completed 74 % :  mod = 2.1656951966484972e-14,  Error =1.8408407527203963e-06
Completed 74 % :  mod = 2.3056428444063073e-14,  Error =1.8470491482958096e-06
Completed 74 % :  mod = 2.459772936573085e-14,  Error =1.8532576504526332e-06
Completed 74 % :  mod = 2.62903355250999e-14,  Error =1.859466571829671e-06
Completed 75 % :  mod = 2.814465841298156e-14,  Error =1.8656748750345287e-06
Completed 75 % :  mod = 3.0171824644916874e-14,  Error =1.8718819916330176e-06
Completed 75 % :  mod = 3.2384839193270495e-14,  Error =1.8780907495852261e-06
Completed 75 % :  mod = 3.4797058670262143e-14,  Error =1.8842997633328196e-06
Completed 76 % :  mod = 3.742332095915683e-14,  Error =1.8905083436493442e-06
Completed 76 % :  mod = 4.027978052162262e-14,  Error =1.896716234739415e-06
Completed 76 % :  mod = 4.338400775116949e-14,  Error =1.902923749241836e-06
Completed 76 % :  mod = 4.675463350991037e-14,  Error =1.909131462696223e-06
Completed 77 % :  mod = 5.0413281290226565e-14,  Error =1.915339915115055e-06
Completed 77 % :  mod = 5.4382028681736856e-14,  Error =1.9215482538470496e-06
Completed 77 % :  mod = 5.868528759330998e-14,  Error =1.9277564575759243e-06
Completed 77 % :  mod = 6.334952741132666e-14,  Error =1.9339645547233886e-06
Completed 78 % :  mod = 6.84034377685065e-14,  Error =1.9401729005608104e-06
Completed 78 % :  mod = 7.387735301748719e-14,  Error =1.9463801592678465e-06
Completed 78 % :  mod = 7.980638883689328e-14,  Error =1.9525885122106956e-06
Completed 78 % :  mod = 8.62263195756226e-14,  Error =1.958797270162904e-06
Completed 79 % :  mod = 9.317663286603272e-14,  Error =1.9650057438980184e-06
Completed 79 % :  mod = 1.0070007812560151e-13,  Error =1.9712144734285175e-06
Completed 79 % :  mod = 1.0884292934098917e-13,  Error =1.977422556365127e-06
Completed 79 % :  mod = 1.176540595899862e-13,  Error =1.9836302840303688e-06
Completed 80 % :  mod = 1.2718998899479855e-13,  Error =1.9898379548521916e-06
Completed 80 % :  mod = 1.3750824839483672e-13,  Error =1.99604660622299e-06
Completed 80 % :  mod = 1.4867229663224412e-13,  Error =2.002254582578189e-06
Completed 80 % :  mod = 1.607507922947445e-13,  Error =2.0084629213101834e-06
Completed 81 % :  mod = 1.7381801528705201e-13,  Error =2.0146712742530326e-06
Completed 81 % :  mod = 1.8795238229184224e-13,  Error =2.020878739017462e-06
Completed 81 % :  mod = 2.0324454312988742e-13,  Error =2.0270880938255686e-06
Completed 81 % :  mod = 2.1978673407331096e-13,  Error =2.0332966030878197e-06
Completed 82 % :  mod = 2.3768066503950813e-13,  Error =2.0395044089127623e-06
Completed 82 % :  mod = 2.570363489961107e-13,  Error =2.045712889753304e-06
Completed 82 % :  mod = 2.7797277555509783e-13,  Error =2.0519221664017095e-06
Completed 82 % :  mod = 3.00618638940487e-13,  Error =2.0581302138111823e-06
Completed 83 % :  mod = 3.251097625320802e-13,  Error =2.0643379059492872e-06
Completed 83 % :  mod = 3.5160312268471947e-13,  Error =2.0705459817804694e-06
Completed 83 % :  mod = 3.8025839490210863e-13,  Error =2.0767551873746015e-06
Completed 83 % :  mod = 4.112516131412508e-13,  Error =2.0829641300679214e-06
Completed 84 % :  mod = 4.447731314566638e-13,  Error =2.0891714527238037e-06
Completed 84 % :  mod = 4.810287787197518e-13,  Error =2.0953792869704557e-06
Completed 84 % :  mod = 5.202357221668044e-13,  Error =2.101587128322535e-06
Completed 84 % :  mod = 5.626448998651252e-13,  Error =2.1077957015336324e-06
Completed 85 % :  mod = 6.085114563748647e-13,  Error =2.114003883946225e-06
Completed 85 % :  mod = 6.581165816852964e-13,  Error =2.120212457157322e-06
Completed 85 % :  mod = 7.117642121705351e-13,  Error =2.1264206182536327e-06
Completed 85 % :  mod = 7.697828338407392e-13,  Error =2.1326290422507554e-06
Completed 86 % :  mod = 8.325188075014218e-13,  Error =2.1388364359609113e-06
Completed 86 % :  mod = 9.003721912832933e-13,  Error =2.1450450518045727e-06
Completed 86 % :  mod = 9.7374934301842e-13,  Error =2.151253667648234e-06
Completed 86 % :  mod = 1.0530977511380377e-12,  Error =2.157462276386468e-06
Completed 87 % :  mod = 1.1389006098754257e-12,  Error =2.1636700608951287e-06
Completed 87 % :  mod = 1.2316795204675717e-12,  Error =2.1698782717294307e-06
Completed 87 % :  mod = 1.3319835900490219e-12,  Error =2.1760858430752705e-06
Completed 87 % :  mod = 1.4404464117546464e-12,  Error =2.1822949420879922e-06
Completed 88 % :  mod = 1.5577099132697786e-12,  Error =2.1885025205392594e-06
Completed 88 % :  mod = 1.6844795810128981e-12,  Error =2.19471030504792e-06
Completed 88 % :  mod = 1.821515194538846e-12,  Error =2.200918082451153e-06
Completed 88 % :  mod = 1.9696343986855224e-12,  Error =2.207125035624813e-06
Completed 89 % :  mod = 2.1296943798670973e-12,  Error =2.213332336964413e-06
Completed 89 % :  mod = 2.3026816043750404e-12,  Error =2.2195405904312793e-06
Completed 89 % :  mod = 2.4895888061527546e-12,  Error =2.2257482328313927e-06
Completed 89 % :  mod = 2.69150124552636e-12,  Error =2.2319550936344967e-06
Completed 90 % :  mod = 2.909579554629915e-12,  Error =2.2381620254918744e-06
Completed 90 % :  mod = 3.145062464435951e-12,  Error =2.2443692699880557e-06
Completed 90 % :  mod = 3.399234023591055e-12,  Error =2.2505747523382524e-06
Completed 90 % :  mod = 3.673561416101141e-12,  Error =2.256781606035929e-06
Completed 91 % :  mod = 3.969493771191004e-12,  Error =2.2629874223412116e-06
Completed 91 % :  mod = 4.288591900856775e-12,  Error =2.2691930467999555e-06
Completed 91 % :  mod = 4.632491951914781e-12,  Error =2.2753978612399806e-06
Completed 91 % :  mod = 5.0028984423774724e-12,  Error =2.2816019580318425e-06
Completed 92 % :  mod = 5.401518992688454e-12,  Error =2.2878035963458387e-06
Completed 92 % :  mod = 5.830263113265348e-12,  Error =2.2940059807297075e-06
Completed 92 % :  mod = 6.290905431694793e-12,  Error =2.300207086136652e-06
Completed 92 % :  mod = 6.785263503404332e-12,  Error =2.306406102547953e-06
Completed 93 % :  mod = 7.315109372632737e-12,  Error =2.312605026588699e-06
Completed 93 % :  mod = 7.882120955413937e-12,  Error =2.318802110323759e-06
Completed 93 % :  mod = 8.48782042002127e-12,  Error =2.3249972258554408e-06
Completed 93 % :  mod = 9.13340940009149e-12,  Error =2.3311897905387013e-06
Completed 94 % :  mod = 9.82002086467615e-12,  Error =2.3373806214976867e-06
Completed 94 % :  mod = 1.0548093933451694e-11,  Error =2.3435695979401316e-06
Completed 94 % :  mod = 1.1317574216851008e-11,  Error =2.3497554693108214e-06
Completed 94 % :  mod = 1.2127674220580612e-11,  Error =2.355937006370823e-06
Completed 95 % :  mod = 1.297669529153955e-11,  Error =2.362114933873727e-06
Completed 95 % :  mod = 1.3861712573696333e-11,  Error =2.36828778099607e-06
Completed 95 % :  mod = 1.477883977656045e-11,  Error =2.374456073539477e-06
Completed 95 % :  mod = 1.5722318459388485e-11,  Error =2.3806203017784355e-06
Completed 96 % :  mod = 1.6684786619353446e-11,  Error =2.386778525931277e-06
Completed 96 % :  mod = 1.765700499447693e-11,  Error =2.3929297441327435e-06
Completed 96 % :  mod = 1.8627760021687607e-11,  Error =2.399074404024759e-06
Completed 96 % :  mod = 1.958373546982705e-11,  Error =2.405211581901767e-06
Completed 97 % :  mod = 2.0510138359030537e-11,  Error =2.4113423862104355e-06
Completed 97 % :  mod = 2.1390217742164623e-11,  Error =2.4174647847985398e-06
Completed 97 % :  mod = 2.2206230906743886e-11,  Error =2.4235809306105693e-06
Completed 97 % :  mod = 2.2939956731164564e-11,  Error =2.4296903333720365e-06
Completed 98 % :  mod = 2.3573502556157904e-11,  Error =2.4357936254659762e-06
Completed 98 % :  mod = 2.4090171869493737e-11,  Error =2.4418912261126025e-06
Completed 98 % :  mod = 2.447569672396155e-11,  Error =2.4479853806269603e-06
Completed 98 % :  mod = 2.4718752752892707e-11,  Error =2.4540768777114863e-06
Completed 99 % :  mod = 2.4812025378246496e-11,  Error =2.460167330298191e-06
Completed 99 % :  mod = 2.475266136574111e-11,  Error =2.466256582067672e-06
Completed 99 % :  mod = 2.4542479659121542e-11,  Error =2.4723472549226244e-06
Completed 99 % :  mod = 2.418789258777365e-11,  Error =2.4784401020383484e-06
Completed 100 % :  mod = 2.3699237006919287e-11,  Error =2.4845373971515983e-06
Finished 16/21 frames
Finished all frames!
