/opt/local/miniconda_23_9/lib/python3.11/site-packages/conda/base/context.py:201: FutureWarning: Adding 'defaults' to channel list implicitly is deprecated and will be removed in 25.3. 

To remove this warning, please choose a default channel explicitly with conda's regular configuration system, e.g. by adding 'defaults' to the list of channels:

  conda config --add channels defaults

For more information see https://docs.conda.io/projects/conda/en/stable/user-guide/configuration/use-condarc.html

  deprecated.topic(
JOB 14541 ARRAY_ID 3  -> i=3 ; range=[2.00001e-10, 2.0013e-10] ; intervals=3 (frames=4)
Analytic t0 extension enabled (--extend-time-using-t0).
Extending simulation time for p0=2.001e-10 from 10000000000.0 to 1.000e+11
Completed 0 % :  mod = 1.600781999380156e-16,  Error =-1.4210854715202004e-14
Completed 0 % :  mod = 1.6032163345372446e-16,  Error =1.9624252445282764e-08
Completed 0 % :  mod = 1.6105266827874104e-16,  Error =3.9248959637916414e-08
Completed 0 % :  mod = 1.6227347989807635e-16,  Error =5.8872863917258655e-08
Completed 0 % :  mod = 1.6398786967193416e-16,  Error =7.849597238873685e-08
Completed 1 % :  mod = 1.6620101001238357e-16,  Error =9.812039536427619e-08
Completed 1 % :  mod = 1.6891953346037117e-16,  Error =1.1774507413520041e-07
Completed 1 % :  mod = 1.721519024354549e-16,  Error =1.3736934789676525e-07
Completed 1 % :  mod = 1.7590785145757723e-16,  Error =1.569926979527736e-07
Completed 2 % :  mod = 1.8019864429683808e-16,  Error =1.7661592721651687e-07
Completed 2 % :  mod = 1.8503766039285034e-16,  Error =1.9623893621201205e-07
Completed 2 % :  mod = 1.9043944447591483e-16,  Error =2.158648158001597e-07
Completed 2 % :  mod = 1.9642018622837802e-16,  Error =2.354889616640321e-07
Completed 3 % :  mod = 2.0299856152731499e-16,  Error =2.5511321410931487e-07
Completed 3 % :  mod = 2.10194355550701e-16,  Error =2.7473728181348633e-07
Completed 3 % :  mod = 2.1802910570354272e-16,  Error =2.9435891235607414e-07
Completed 3 % :  mod = 2.26527265926289e-16,  Error =3.1398302269280975e-07
Completed 4 % :  mod = 2.357144277395262e-16,  Error =3.3360831253048673e-07
Completed 4 % :  mod = 2.456180833697919e-16,  Error =3.532322452315384e-07
Completed 4 % :  mod = 2.5626913783573474e-16,  Error =3.7285876430814824e-07
Completed 4 % :  mod = 2.6769964562686206e-16,  Error =3.9248382677214977e-07
Completed 5 % :  mod = 2.799438399230171e-16,  Error =4.121064094420035e-07
Completed 5 % :  mod = 2.9303994468860715e-16,  Error =4.317318769153644e-07
Completed 5 % :  mod = 3.070273258108751e-16,  Error =4.513554401341935e-07
Completed 5 % :  mod = 3.2194788427884626e-16,  Error =4.7097984179345076e-07
Completed 6 % :  mod = 3.37848237562001e-16,  Error =4.906054797970683e-07
Completed 6 % :  mod = 3.54776144173776e-16,  Error =5.102297677694878e-07
Completed 6 % :  mod = 3.7278233339507914e-16,  Error =5.298545033838309e-07
Completed 6 % :  mod = 3.9192305195660037e-16,  Error =5.494784431903099e-07
Completed 7 % :  mod = 4.1225578229346723e-16,  Error =5.69102105885122e-07
Completed 7 % :  mod = 4.3384148601416243e-16,  Error =5.887236511625815e-07
Completed 7 % :  mod = 4.567475805099582e-16,  Error =6.083496586484216e-07
Completed 7 % :  mod = 4.810418182319735e-16,  Error =6.279730797587035e-07
Completed 8 % :  mod = 5.068001062879987e-16,  Error =6.475990588228342e-07
Completed 8 % :  mod = 5.340998466045886e-16,  Error =6.672228920479029e-07
Completed 8 % :  mod = 5.630228115687632e-16,  Error =6.868458228836971e-07
Completed 8 % :  mod = 5.936593602192887e-16,  Error =7.064715177307335e-07
Completed 9 % :  mod = 6.26101523637142e-16,  Error =7.260948891030239e-07
Completed 9 % :  mod = 6.604465435207735e-16,  Error =7.457169530766805e-07
Completed 9 % :  mod = 6.968016784156591e-16,  Error =7.65342591080298e-07
Completed 9 % :  mod = 7.352760940872732e-16,  Error =7.849676748605816e-07
Completed 10 % :  mod = 7.759851931912101e-16,  Error =8.045908330700513e-07
Completed 10 % :  mod = 8.190560932767904e-16,  Error =8.242141973369144e-07
Completed 10 % :  mod = 8.646180916693454e-16,  Error =8.438411995825845e-07
Completed 10 % :  mod = 9.128078701940285e-16,  Error =8.634642512106439e-07
Completed 11 % :  mod = 9.63775881320337e-16,  Error =8.830887452404568e-07
Completed 11 % :  mod = 1.017675207693622e-15,  Error =9.027113492265926e-07
Completed 11 % :  mod = 1.0746674767349625e-15,  Error =9.223345998066179e-07
Completed 11 % :  mod = 1.1349305707399558e-15,  Error =9.419595699000638e-07
Completed 12 % :  mod = 1.1986455943896732e-15,  Error =9.615833818088504e-07
Completed 12 % :  mod = 1.2660035994188468e-15,  Error =9.81206795813705e-07
Completed 12 % :  mod = 1.3372147585141523e-15,  Error =1.0008310269427056e-06
Completed 12 % :  mod = 1.4124931131376892e-15,  Error =1.0204548033243555e-06
Completed 13 % :  mod = 1.492064378906638e-15,  Error =1.0400776346841667e-06
Completed 13 % :  mod = 1.5761768841262838e-15,  Error =1.0597015531743637e-06
Completed 13 % :  mod = 1.665083397769331e-15,  Error =1.0793265303732369e-06
Completed 13 % :  mod = 1.7590504636921285e-15,  Error =1.0989515359938196e-06
Completed 14 % :  mod = 1.858371421336391e-15,  Error =1.1185754118514524e-06
Completed 14 % :  mod = 1.963344739852703e-15,  Error =1.1382002469417785e-06
Completed 14 % :  mod = 2.0742850509838304e-15,  Error =1.1578226235542388e-06
Completed 14 % :  mod = 2.1915387402818935e-15,  Error =1.1774468902103763e-06
Completed 15 % :  mod = 2.3154581586670967e-15,  Error =1.1970720308340788e-06
Completed 15 % :  mod = 2.4464147353083888e-15,  Error =1.2166959066917116e-06
Completed 15 % :  mod = 2.5848173521483007e-15,  Error =1.236321445219346e-06
Completed 15 % :  mod = 2.731075825998552e-15,  Error =1.2559440421000545e-06
Completed 16 % :  mod = 2.8856467123740016e-15,  Error =1.2755688700849532e-06
Completed 16 % :  mod = 3.048994541224203e-15,  Error =1.2951940604466472e-06
Completed 16 % :  mod = 3.22160895559871e-15,  Error =1.3148182844702205e-06
Completed 16 % :  mod = 3.4040288175512815e-15,  Error =1.3344435103590513e-06
Completed 17 % :  mod = 3.596802331572009e-15,  Error =1.3540679901780095e-06
Completed 17 % :  mod = 3.800507374567122e-15,  Error =1.3736909778572226e-06
Completed 17 % :  mod = 4.0157799052220296e-15,  Error =1.3933157845258393e-06
Completed 17 % :  mod = 4.24326675313315e-15,  Error =1.4129397953865919e-06
Completed 18 % :  mod = 4.483649892371285e-15,  Error =1.4325636641387973e-06
Completed 18 % :  mod = 4.7376798629387894e-15,  Error =1.4521889255547649e-06
Completed 18 % :  mod = 5.006119886292289e-15,  Error =1.4718132490543212e-06
Completed 18 % :  mod = 5.289774701272428e-15,  Error =1.4914359880435768e-06
Completed 19 % :  mod = 5.5895299594594164e-15,  Error =1.5110603754919794e-06
Completed 19 % :  mod = 5.906286279956458e-15,  Error =1.530684684780681e-06
Completed 19 % :  mod = 6.240993303174794e-15,  Error =1.5503087382739977e-06
Completed 19 % :  mod = 6.594695961921306e-15,  Error =1.569932841505306e-06
Completed 20 % :  mod = 6.968456974264922e-15,  Error =1.5895587921477272e-06
Completed 20 % :  mod = 7.363396998864362e-15,  Error =1.6091835917109165e-06
Completed 20 % :  mod = 7.780748927484627e-15,  Error =1.6288084694338067e-06
Completed 20 % :  mod = 8.221766687817478e-15,  Error =1.6484319687037896e-06
Completed 21 % :  mod = 8.687772637156525e-15,  Error =1.66805671142356e-06
Completed 21 % :  mod = 9.180221502114406e-15,  Error =1.6876808643928598e-06
Completed 21 % :  mod = 9.700592890121104e-15,  Error =1.7073070281981018e-06
Completed 21 % :  mod = 1.025044698819918e-14,  Error =1.7269308827394525e-06
Completed 22 % :  mod = 1.0831500273047476e-14,  Error =1.7465555188778126e-06
Completed 22 % :  mod = 1.1445498694947438e-14,  Error =1.7661803113355745e-06
Completed 22 % :  mod = 1.209428302792663e-14,  Error =1.7858039953466687e-06
Completed 22 % :  mod = 1.2779878550716199e-14,  Error =1.8054280488399854e-06
Completed 23 % :  mod = 1.3504315546076408e-14,  Error =1.825051185733173e-06
Completed 23 % :  mod = 1.4269855492663054e-14,  Error =1.8446765892576877e-06
Completed 23 % :  mod = 1.5078798478148915e-14,  Error =1.8643012253960478e-06
Completed 23 % :  mod = 1.5933569844324967e-14,  Error =1.8839245896629109e-06
Completed 24 % :  mod = 1.6836837880167392e-14,  Error =1.9035489984275955e-06
Completed 24 % :  mod = 1.7791316568781494e-14,  Error =1.9231752403925384e-06
Completed 24 % :  mod = 1.879986746007081e-14,  Error =1.9427987822950854e-06
Completed 24 % :  mod = 1.986563879460622e-14,  Error =1.9624229565806672e-06
Completed 25 % :  mod = 2.0991832835142143e-14,  Error =1.9820470384956934e-06
Completed 25 % :  mod = 2.218182578753941e-14,  Error =2.0016722146465327e-06
Completed 25 % :  mod = 2.3439332246287315e-14,  Error =2.021296296561559e-06
Completed 25 % :  mod = 2.4768130444860475e-14,  Error =2.0409212382332953e-06
Completed 26 % :  mod = 2.617220373627722e-14,  Error =2.0605450856692187e-06
Completed 26 % :  mod = 2.765593496291426e-14,  Error =2.0801706099859985e-06
Completed 26 % :  mod = 2.9223781842606764e-14,  Error =2.0997953882329057e-06
Completed 26 % :  mod = 3.088044402537281e-14,  Error =2.1194185251260933e-06
Completed 27 % :  mod = 3.263109260599635e-14,  Error =2.1390429694179147e-06
Completed 27 % :  mod = 3.448098689554043e-14,  Error =2.1586679750384974e-06
Completed 27 % :  mod = 3.643567167404138e-14,  Error =2.178292128007797e-06
Completed 27 % :  mod = 3.850124781929321e-14,  Error =2.1979162383445328e-06
Completed 28 % :  mod = 4.068392009594385e-14,  Error =2.217540362892123e-06
Completed 28 % :  mod = 4.299023030803468e-14,  Error =2.23716479297309e-06
Completed 28 % :  mod = 4.5427376083551913e-14,  Error =2.256790764931793e-06
Completed 28 % :  mod = 4.80026773197704e-14,  Error =2.2764157847632305e-06
Completed 29 % :  mod = 5.072385165952324e-14,  Error =2.296040349847317e-06
Completed 29 % :  mod = 5.359939030086076e-14,  Error =2.3156641262289668e-06
Completed 29 % :  mod = 5.663792842094241e-14,  Error =2.335288904475874e-06
Completed 29 % :  mod = 5.984857015994488e-14,  Error =2.354912723490088e-06
Completed 30 % :  mod = 6.324133198413188e-14,  Error =2.3745366561911396e-06
Completed 30 % :  mod = 6.682640010896446e-14,  Error =2.39416191050168e-06
Completed 30 % :  mod = 7.061451345161961e-14,  Error =2.413786226895809e-06
Completed 30 % :  mod = 7.461748658522357e-14,  Error =2.433411246727246e-06
Completed 31 % :  mod = 7.884715971417948e-14,  Error =2.4530339644002197e-06
Completed 31 % :  mod = 8.331672166099723e-14,  Error =2.472657392615929e-06
Completed 31 % :  mod = 8.803958336148399e-14,  Error =2.4922818013806136e-06
Completed 31 % :  mod = 9.302988233324854e-14,  Error =2.5119049453792286e-06
Completed 32 % :  mod = 9.830317158573317e-14,  Error =2.5315297662587e-06
Completed 32 % :  mod = 1.0387526489143312e-13,  Error =2.551155873220523e-06
Completed 32 % :  mod = 1.097628314813492e-13,  Error =2.570779351174224e-06
Completed 32 % :  mod = 1.1598420832631975e-13,  Error =2.5904045202196357e-06
Completed 33 % :  mod = 1.2255803790403806e-13,  Error =2.6100297461084665e-06
Completed 33 % :  mod = 1.2950396907688848e-13,  Error =2.629652783525671e-06
Completed 33 % :  mod = 1.368436147865636e-13,  Error =2.6492767943864237e-06
Completed 33 % :  mod = 1.4459894456337421e-13,  Error =2.6689018852721347e-06
Completed 34 % :  mod = 1.5279311040033003e-13,  Error =2.6885267203624608e-06
Completed 34 % :  mod = 1.6145157597001587e-13,  Error =2.708150866226333e-06
Completed 34 % :  mod = 1.7060021923920183e-13,  Error =2.727777719258029e-06
Completed 34 % :  mod = 1.8026630513067326e-13,  Error =2.7474023056583974e-06
Completed 35 % :  mod = 1.9047981665747933e-13,  Error =2.767027268646416e-06
Completed 35 % :  mod = 2.0127121494859507e-13,  Error =2.7866519118902033e-06
Completed 35 % :  mod = 2.126725845606125e-13,  Error =2.806274814304288e-06
Completed 35 % :  mod = 2.2471920136907178e-13,  Error =2.8258998341357255e-06
Completed 36 % :  mod = 2.374468874630828e-13,  Error =2.8455248468617356e-06
Completed 36 % :  mod = 2.5089335937579444e-13,  Error =2.8651497814280447e-06
Completed 36 % :  mod = 2.651000732969181e-13,  Error =2.8847753412719612e-06
Completed 36 % :  mod = 2.801091004628976e-13,  Error =2.904400268732843e-06
Completed 37 % :  mod = 2.959647126887456e-13,  Error =2.924024762762656e-06
Completed 37 % :  mod = 3.1271555191932616e-13,  Error =2.943649022313366e-06
Completed 37 % :  mod = 3.304109380733805e-13,  Error =2.9632733458129223e-06
Completed 37 % :  mod = 3.4910273051661185e-13,  Error =2.9828970653511533e-06
Completed 38 % :  mod = 3.688478752495589e-13,  Error =3.0025218649143426e-06
Completed 38 % :  mod = 3.897040406326838e-13,  Error =3.0221467568480875e-06
Completed 38 % :  mod = 4.1173179817490326e-13,  Error =3.04177114429649e-06
Completed 38 % :  mod = 4.3499760699622404e-13,  Error =3.0613958870162605e-06
Completed 39 % :  mod = 4.595676392891534e-13,  Error =3.0810192725994057e-06
Completed 39 % :  mod = 4.855153903067671e-13,  Error =3.1006429495050725e-06
Completed 39 % :  mod = 5.129150418614291e-13,  Error =3.1202674080077486e-06
Completed 39 % :  mod = 5.418442826317797e-13,  Error =3.1398912483382446e-06
Completed 40 % :  mod = 5.723881709995711e-13,  Error =3.159514463391133e-06
Completed 40 % :  mod = 6.04632289429115e-13,  Error =3.179138872155818e-06
Completed 40 % :  mod = 6.386660160133405e-13,  Error =3.1987623714258007e-06
Completed 40 % :  mod = 6.745870074121596e-13,  Error =3.2183876186309135e-06
Completed 41 % :  mod = 7.124930755841467e-13,  Error =3.238012958206582e-06
Completed 41 % :  mod = 7.524859576738121e-13,  Error =3.257636002729214e-06
Completed 41 % :  mod = 7.946764855061021e-13,  Error =3.2772595588426157e-06
Completed 41 % :  mod = 8.391749285020904e-13,  Error =3.2968847492043096e-06
Completed 42 % :  mod = 8.860952978791745e-13,  Error =3.3165073674013e-06
Completed 42 % :  mod = 9.355612562064917e-13,  Error =3.3361322451241904e-06
Completed 42 % :  mod = 9.876946113948217e-13,  Error =3.3557567249431486e-06
Completed 42 % :  mod = 1.0426201691496633e-12,  Error =3.3753795918300966e-06
Completed 43 % :  mod = 1.1004724079777202e-12,  Error =3.395004114281619e-06
Completed 43 % :  mod = 1.1613817366428654e-12,  Error =3.4146283383051923e-06
Completed 43 % :  mod = 1.2254798717455234e-12,  Error =3.434251276246414e-06
Completed 43 % :  mod = 1.2929072554515783e-12,  Error =3.4538759194902013e-06
Completed 44 % :  mod = 1.3637966033912175e-12,  Error =3.473499013750825e-06
Completed 44 % :  mod = 1.438278729237308e-12,  Error =3.4931219090594823e-06
Completed 44 % :  mod = 1.516490611549763e-12,  Error =3.512745024636388e-06
Completed 44 % :  mod = 1.598555670872634e-12,  Error =3.532367536251968e-06
Completed 45 % :  mod = 1.6845898944251946e-12,  Error =3.55199044577148e-06
Completed 45 % :  mod = 1.7747103704815582e-12,  Error =3.5716128579110773e-06
Completed 45 % :  mod = 1.869011671270089e-12,  Error =3.5912352700506744e-06
Completed 45 % :  mod = 1.96757207312216e-12,  Error =3.6108569219095443e-06
Completed 46 % :  mod = 2.0704623003948214e-12,  Error =3.6304797959019197e-06
Completed 46 % :  mod = 2.177713033218388e-12,  Error =3.6501001972055747e-06
Completed 46 % :  mod = 2.2893429775077068e-12,  Error =3.669721060362008e-06
Completed 46 % :  mod = 2.4053236867223616e-12,  Error =3.6893414190330986e-06
Completed 47 % :  mod = 2.525585614595784e-12,  Error =3.7089610458451716e-06
Completed 47 % :  mod = 2.6500267694588e-12,  Error =3.7285813618836983e-06
Completed 47 % :  mod = 2.7784767053542676e-12,  Error =3.7482023103052597e-06
Completed 47 % :  mod = 2.9107028334795905e-12,  Error =3.767820771827246e-06
Completed 48 % :  mod = 3.0464193936666653e-12,  Error =3.787440242319917e-06
Completed 48 % :  mod = 3.1852479506283947e-12,  Error =3.807058156723997e-06
Completed 48 % :  mod = 3.3267253283670957e-12,  Error =3.826674415563502e-06
Completed 48 % :  mod = 3.4703143716453756e-12,  Error =3.846291370734889e-06
Completed 49 % :  mod = 3.6153640699949074e-12,  Error =3.865907224565035e-06
Completed 49 % :  mod = 3.761122017480507e-12,  Error =3.885523966573601e-06
Completed 49 % :  mod = 3.9067499527479155e-12,  Error =3.905137823778659e-06
Completed 49 % :  mod = 4.051289019244269e-12,  Error =3.924751794670556e-06
Completed 50 % :  mod = 4.193681120034931e-12,  Error =3.9443658934601444e-06
Completed 50 % :  mod = 4.332793269291624e-12,  Error =3.963979935406314e-06
Completed 50 % :  mod = 4.467394975017143e-12,  Error =3.983592350209619e-06
Completed 50 % :  mod = 4.596192527214719e-12,  Error =4.003202775493264e-06
Completed 51 % :  mod = 4.717864769582494e-12,  Error =4.022812667869857e-06
Completed 51 % :  mod = 4.8310577262057e-12,  Error =4.042422489192177e-06
Completed 51 % :  mod = 4.934431439882896e-12,  Error =4.0620302286242804e-06
Completed 51 % :  mod = 5.026703964026269e-12,  Error =4.081640106790019e-06
Completed 52 % :  mod = 5.106661562194545e-12,  Error =4.10124607697071e-06
Completed 52 % :  mod = 5.173209039617742e-12,  Error =4.120853233757771e-06
Completed 52 % :  mod = 5.225409967536642e-12,  Error =4.1404610726658575e-06
Completed 52 % :  mod = 5.262501916840586e-12,  Error =4.160068776570824e-06
Completed 53 % :  mod = 5.283933491170357e-12,  Error =4.179674895965491e-06
Completed 53 % :  mod = 5.289383859665909e-12,  Error =4.199281455896653e-06
Completed 53 % :  mod = 5.278769326204995e-12,  Error =4.2188896500761075e-06
Completed 53 % :  mod = 5.252251825236268e-12,  Error =4.238496238428979e-06
Completed 54 % :  mod = 5.210226957559931e-12,  Error =4.258103011522962e-06
Completed 54 % :  mod = 5.153318556808505e-12,  Error =4.277709848565792e-06
Completed 54 % :  mod = 5.082343354736986e-12,  Error =4.297318021428964e-06
Completed 54 % :  mod = 4.998297358128804e-12,  Error =4.316926940362009e-06
Completed 55 % :  mod = 4.902318837125609e-12,  Error =4.336535702975652e-06
Completed 55 % :  mod = 4.7956393875172585e-12,  Error =4.356146035888742e-06
Completed 55 % :  mod = 4.679571405633832e-12,  Error =4.3757558643164884e-06
Completed 55 % :  mod = 4.55546359667118e-12,  Error =4.395365564846543e-06
Completed 56 % :  mod = 4.424652204320842e-12,  Error =4.414976174871299e-06
Completed 56 % :  mod = 4.288462389722885e-12,  Error =4.434587651758193e-06
Completed 56 % :  mod = 4.148170022919621e-12,  Error =4.454199327597053e-06
Completed 56 % :  mod = 4.0049642662900494e-12,  Error =4.473813895344847e-06
Completed 57 % :  mod = 3.85996657661775e-12,  Error =4.493429088370249e-06
Completed 57 % :  mod = 3.714203868961359e-12,  Error =4.513044629561591e-06
Completed 57 % :  mod = 3.5685845134085984e-12,  Error =4.532661861844645e-06
Completed 57 % :  mod = 3.423930950011408e-12,  Error =4.5522785470097915e-06
Completed 58 % :  mod = 3.2809625156654667e-12,  Error =4.5718959285068195e-06
Completed 58 % :  mod = 3.1402813900864367e-12,  Error =4.591514716878464e-06
Completed 58 % :  mod = 3.0024118734855807e-12,  Error =4.611134215792845e-06
Completed 58 % :  mod = 2.867788862634609e-12,  Error =4.630752613365985e-06
Completed 59 % :  mod = 2.736749209683964e-12,  Error =4.650372524395152e-06
Completed 59 % :  mod = 2.60957166535332e-12,  Error =4.669992414108037e-06
Completed 59 % :  mod = 2.486467682864652e-12,  Error =4.689612708830282e-06
Completed 59 % :  mod = 2.367574906807108e-12,  Error =4.7092336785681255e-06
Completed 60 % :  mod = 2.2529941319560146e-12,  Error =4.728853760127549e-06
Completed 60 % :  mod = 2.14278064230795e-12,  Error =4.748475269877872e-06
Completed 60 % :  mod = 2.0369381586836954e-12,  Error =4.768096189877724e-06
Completed 60 % :  mod = 1.9354512458013586e-12,  Error =4.787719127818946e-06
Completed 61 % :  mod = 1.8382765950101208e-12,  Error =4.807340694412687e-06
Completed 61 % :  mod = 1.7453368824368102e-12,  Error =4.826964044468696e-06
Completed 61 % :  mod = 1.6565518446413129e-12,  Error =4.8465870818859e-06
Completed 61 % :  mod = 1.571812153132961e-12,  Error =4.866208882958745e-06
Completed 62 % :  mod = 1.4910079788894458e-12,  Error =4.885830790612999e-06
Completed 62 % :  mod = 1.4140203880377331e-12,  Error =4.905453145909178e-06
Completed 62 % :  mod = 1.3407151770340715e-12,  Error =4.925076957817964e-06
Completed 62 % :  mod = 1.2709634180934317e-12,  Error =4.944699917075468e-06
Completed 63 % :  mod = 1.2046332691236118e-12,  Error =4.964322428691048e-06
Completed 63 % :  mod = 1.141584066758741e-12,  Error =4.983946027437014e-06
Completed 63 % :  mod = 1.0816834638033037e-12,  Error =5.00357013777375e-06
Completed 63 % :  mod = 1.0247998548411684e-12,  Error =5.023193452302621e-06
Completed 64 % :  mod = 9.707968893893687e-13,  Error =5.042817242895126e-06
Completed 64 % :  mod = 9.195477805649125e-13,  Error =5.06244041531545e-06
Completed 64 % :  mod = 8.709284590647013e-13,  Error =5.082063069039577e-06
Completed 64 % :  mod = 8.24812599514312e-13,  Error =5.101687257536014e-06
Completed 65 % :  mod = 7.810835932207522e-13,  Error =5.12131158103557e-06
Completed 65 % :  mod = 7.396284674130947e-13,  Error =5.140934419500809e-06
Completed 65 % :  mod = 7.00333459222513e-13,  Error =5.160558238515023e-06
Completed 65 % :  mod = 6.630940579254582e-13,  Error =5.180182178321502e-06
Completed 66 % :  mod = 6.278096731807246e-13,  Error =5.199804881783621e-06
Completed 66 % :  mod = 5.943797497963371e-13,  Error =5.2194299513530495e-06
Completed 66 % :  mod = 5.627122094273558e-13,  Error =5.2390544453828625e-06
Completed 66 % :  mod = 5.327188195020781e-13,  Error =5.25867744727293e-06
Completed 67 % :  mod = 5.043118164403562e-13,  Error =5.2783030994874025e-06
Completed 67 % :  mod = 4.774110151107475e-13,  Error =5.297927643255207e-06
Completed 67 % :  mod = 4.5193981422618587e-13,  Error =5.3175514338477115e-06
Completed 67 % :  mod = 4.278222824841583e-13,  Error =5.337175629449575e-06
Completed 68 % :  mod = 4.049891545487948e-13,  Error =5.356799441358362e-06
Completed 68 % :  mod = 3.8337440308288834e-13,  Error =5.376424013547876e-06
Completed 68 % :  mod = 3.6291273749129287e-13,  Error =5.396049900241451e-06
Completed 68 % :  mod = 3.4354466623499454e-13,  Error =5.415673996367332e-06
Completed 69 % :  mod = 3.2521356585051084e-13,  Error =5.435297119049665e-06
Completed 69 % :  mod = 3.078635422105689e-13,  Error =5.454921435443794e-06
Completed 69 % :  mod = 2.9144434840215353e-13,  Error =5.474545460515401e-06
Completed 69 % :  mod = 2.7590568326181585e-13,  Error =5.494170686404232e-06
Completed 70 % :  mod = 2.6120177185724434e-13,  Error =5.513795009903788e-06
Completed 70 % :  mod = 2.472891200749898e-13,  Error =5.533417500203086e-06
Completed 70 % :  mod = 2.3412487703472153e-13,  Error =5.55304255556166e-06
Completed 70 % :  mod = 2.2167006857629211e-13,  Error =5.5726670566969005e-06
Completed 71 % :  mod = 2.0988768869758658e-13,  Error =5.5922916502026965e-06
Completed 71 % :  mod = 1.9874130848106057e-13,  Error =5.611916769510117e-06
Completed 71 % :  mod = 1.8819780991785827e-13,  Error =5.631542030926084e-06
Completed 71 % :  mod = 1.7822576573111865e-13,  Error =5.651166453901624e-06
Completed 72 % :  mod = 1.6879425934306778e-13,  Error =5.6707904079189575e-06
Completed 72 % :  mod = 1.5987519620009542e-13,  Error =5.690413658498983e-06
Completed 72 % :  mod = 1.5144193024518974e-13,  Error =5.710038593065292e-06
Completed 72 % :  mod = 1.4346826398696115e-13,  Error =5.729663527631601e-06
Completed 73 % :  mod = 1.3593040181779608e-13,  Error =5.749288050083123e-06
Completed 73 % :  mod = 1.2880578710700007e-13,  Error =5.768910810388661e-06
Completed 73 % :  mod = 1.2207225630331114e-13,  Error =5.788537634998647e-06
Completed 73 % :  mod = 1.1570968837207368e-13,  Error =5.808162491405255e-06
Completed 74 % :  mod = 1.0969902107188413e-13,  Error =5.82778638857917e-06
Completed 74 % :  mod = 1.040215370853663e-13,  Error =5.8474117636819756e-06
Completed 74 % :  mod = 9.866025533091293e-14,  Error =5.867035923756703e-06
Completed 74 % :  mod = 9.359909961665006e-14,  Error =5.886660360943097e-06
Completed 75 % :  mod = 8.882229778714175e-14,  Error =5.906285352352825e-06
Completed 75 % :  mod = 8.431555330638918e-14,  Error =5.9259092282104575e-06
Completed 75 % :  mod = 8.006534387251928e-14,  Error =5.94553399224651e-06
Completed 75 % :  mod = 7.605841757126851e-14,  Error =5.965159445509016e-06
Completed 76 % :  mod = 7.228277651408601e-14,  Error =5.984783733481436e-06
Completed 76 % :  mod = 6.872708663954494e-14,  Error =6.004408234616676e-06
Completed 76 % :  mod = 6.538025744649961e-14,  Error =6.02403191862777e-06
Completed 76 % :  mod = 6.22322644899606e-14,  Error =6.0436565405552756e-06
Completed 77 % :  mod = 5.927365433686604e-14,  Error =6.0632801393012414e-06
Completed 77 % :  mod = 5.649519638601283e-14,  Error =6.08290472570161e-06
Completed 77 % :  mod = 5.388866812932709e-14,  Error =6.102528928408901e-06
Completed 77 % :  mod = 5.1445936088080874e-14,  Error =6.1221540050837575e-06
Completed 78 % :  mod = 4.915968158658999e-14,  Error =6.141780339419256e-06
Completed 78 % :  mod = 4.70230361482674e-14,  Error =6.161404726867659e-06
Completed 78 % :  mod = 4.502933161661275e-14,  Error =6.181030123286746e-06
Completed 78 % :  mod = 4.317259446568025e-14,  Error =6.200654553367713e-06
Completed 79 % :  mod = 4.144724506171318e-14,  Error =6.220279075819235e-06
Completed 79 % :  mod = 3.984789829596924e-14,  Error =6.239903825644433e-06
Completed 79 % :  mod = 3.836976252410722e-14,  Error =6.259528923635571e-06
Completed 79 % :  mod = 3.700839463593966e-14,  Error =6.279153055288589e-06
Completed 80 % :  mod = 3.5759545240516234e-14,  Error =6.298776227708913e-06
Completed 80 % :  mod = 3.461947330293296e-14,  Error =6.318401332805479e-06
Completed 80 % :  mod = 3.3584750839493264e-14,  Error =6.338026459218327e-06
Completed 80 % :  mod = 3.265214796478016e-14,  Error =6.357651351152072e-06
Completed 81 % :  mod = 3.1818871779917865e-14,  Error =6.377275994395859e-06
Completed 81 % :  mod = 3.108241549777492e-14,  Error =6.39689785941755e-06
Completed 81 % :  mod = 3.04404803639386e-14,  Error =6.416522694507876e-06
Completed 81 % :  mod = 2.989114522853369e-14,  Error =6.436146328780978e-06
Completed 82 % :  mod = 2.9432755852602706e-14,  Error =6.4557701904277565e-06
Completed 82 % :  mod = 2.90638814500528e-14,  Error =6.475394499716458e-06
Completed 82 % :  mod = 2.8783420138087786e-14,  Error =6.495019370333921e-06
Completed 82 % :  mod = 2.8590525007579004e-14,  Error =6.514642898025613e-06
Completed 83 % :  mod = 2.848459392930505e-14,  Error =6.5342667099344e-06
Completed 83 % :  mod = 2.8465314088166883e-14,  Error =6.553891189753358e-06
Completed 83 % :  mod = 2.8532622687610924e-14,  Error =6.57351687038954e-06
Completed 83 % :  mod = 2.868672987214801e-14,  Error =6.5931415420550366e-06
Completed 84 % :  mod = 2.8928103376845775e-14,  Error =6.612764600788523e-06
Completed 84 % :  mod = 2.925746259489269e-14,  Error =6.632389570881969e-06
Completed 84 % :  mod = 2.9675835752890695e-14,  Error =6.6520132904202e-06
Completed 84 % :  mod = 3.018446188824655e-14,  Error =6.6716374433895e-06
Completed 85 % :  mod = 3.078492892464123e-14,  Error =6.69126259111863e-06
Completed 85 % :  mod = 3.147904457881138e-14,  Error =6.7108873622601095e-06
Completed 85 % :  mod = 3.2268886767591735e-14,  Error =6.730511735497657e-06
Completed 85 % :  mod = 3.315692129307215e-14,  Error =6.750135412403324e-06
Completed 86 % :  mod = 3.4145819276288435e-14,  Error =6.769759842484291e-06
Completed 86 % :  mod = 3.523854274699618e-14,  Error =6.789384613625771e-06
Completed 86 % :  mod = 3.643850294670465e-14,  Error =6.80900954819208e-06
Completed 86 % :  mod = 3.7749307788729735e-14,  Error =6.828634305122705e-06
Completed 87 % :  mod = 3.917488446900477e-14,  Error =6.848257939395808e-06
Completed 87 % :  mod = 4.0719682914977925e-14,  Error =6.867882696326433e-06
Completed 87 % :  mod = 4.2388346634523227e-14,  Error =6.8875085190711616e-06
Completed 87 % :  mod = 4.4185875636917034e-14,  Error =6.907132373612512e-06
Completed 88 % :  mod = 4.611788034781777e-14,  Error =6.926757286862539e-06
Completed 88 % :  mod = 4.8190166688904936e-14,  Error =6.946383308559234e-06
Completed 88 % :  mod = 5.040894425509593e-14,  Error =6.9660057633313954e-06
Completed 88 % :  mod = 5.2781137651835255e-14,  Error =6.985630186306935e-06
Completed 89 % :  mod = 5.5313873808602544e-14,  Error =7.005255525882603e-06
Completed 89 % :  mod = 5.801474143786356e-14,  Error =7.024877334060875e-06
Completed 89 % :  mod = 6.089216855844064e-14,  Error =7.044502986275347e-06
Completed 89 % :  mod = 6.395479777826344e-14,  Error =7.064128091371913e-06
Completed 90 % :  mod = 6.721180400560182e-14,  Error =7.083752095127238e-06
Completed 90 % :  mod = 7.06733483901729e-14,  Error =7.103377001271838e-06
Completed 90 % :  mod = 7.434982477354545e-14,  Error =7.123001488196223e-06
Completed 90 % :  mod = 7.825224431013363e-14,  Error =7.142625129574753e-06
Completed 91 % :  mod = 8.239277778764108e-14,  Error =7.162250398096148e-06
Completed 91 % :  mod = 8.678385271428934e-14,  Error =7.181875538719851e-06
Completed 91 % :  mod = 9.143861558187894e-14,  Error =7.201498654296756e-06
Completed 91 % :  mod = 9.637157718185206e-14,  Error =7.221122487521825e-06
Completed 92 % :  mod = 1.0159753541301047e-13,  Error =7.240746995762493e-06
Completed 92 % :  mod = 1.0713212767531352e-13,  Error =7.260370523454185e-06
Completed 92 % :  mod = 1.1299259684905154e-13,  Error =7.2799965025183155e-06
Completed 92 % :  mod = 1.1919625451584553e-13,  Error =7.2996205986441964e-06
Completed 93 % :  mod = 1.257624174888085e-13,  Error =7.319245497683369e-06
Completed 93 % :  mod = 1.3271075615382287e-13,  Error =7.338868527995146e-06
Completed 93 % :  mod = 1.4006203083378666e-13,  Error =7.358491870945727e-06
Completed 93 % :  mod = 1.4783910731060023e-13,  Error =7.37811698314772e-06
Completed 94 % :  mod = 1.560652541794442e-13,  Error =7.3977413492798405e-06
Completed 94 % :  mod = 1.6476501548074358e-13,  Error =7.417365324613456e-06
Completed 94 % :  mod = 1.739654108583281e-13,  Error =7.436989868381261e-06
Completed 94 % :  mod = 1.836939195263054e-13,  Error =7.456613836609449e-06
Completed 95 % :  mod = 1.9397951178220682e-13,  Error =7.476236994818919e-06
Completed 95 % :  mod = 2.0485406561380853e-13,  Error =7.495861588324715e-06
Completed 95 % :  mod = 2.16349981721273e-13,  Error =7.515486061038246e-06
Completed 95 % :  mod = 2.285014009461166e-13,  Error =7.53510950346481e-06
Completed 96 % :  mod = 2.4134587418911705e-13,  Error =7.554734885673042e-06
Completed 96 % :  mod = 2.5492154189156687e-13,  Error =7.574358583894991e-06
Completed 96 % :  mod = 2.6926856886772693e-13,  Error =7.593982516596043e-06
Completed 96 % :  mod = 2.844311108589557e-13,  Error =7.6136081190725236e-06
Completed 97 % :  mod = 3.0045397884899687e-13,  Error =7.633233579440457e-06
Completed 97 % :  mod = 3.1738432707935766e-13,  Error =7.652856908180183e-06
Completed 97 % :  mod = 3.3527396619883576e-13,  Error =7.67248182143021e-06
Completed 97 % :  mod = 3.541754177936669e-13,  Error =7.692106343881733e-06
Completed 98 % :  mod = 3.7414389610532236e-13,  Error =7.711730184212229e-06
Completed 98 % :  mod = 3.952400238047186e-13,  Error =7.731354799034307e-06
Completed 98 % :  mod = 4.1752516393150327e-13,  Error =7.75097813487946e-06
Completed 98 % :  mod = 4.410637407026538e-13,  Error =7.770602351797606e-06
Completed 99 % :  mod = 4.659264201417705e-13,  Error =7.790225495796221e-06
Completed 99 % :  mod = 4.921845834979962e-13,  Error =7.809850380624539e-06
Completed 99 % :  mod = 5.199130365121756e-13,  Error =7.829472174591956e-06
Completed 99 % :  mod = 5.491937226298494e-13,  Error =7.849097080736556e-06
Completed 100 % :  mod = 5.801079001377906e-13,  Error =7.868720643955385e-06
Finished 4/4 frames
Finished all frames!
