/opt/local/miniconda_23_9/lib/python3.11/site-packages/conda/base/context.py:201: FutureWarning: Adding 'defaults' to channel list implicitly is deprecated and will be removed in 25.3. 

To remove this warning, please choose a default channel explicitly with conda's regular configuration system, e.g. by adding 'defaults' to the list of channels:

  conda config --add channels defaults

For more information see https://docs.conda.io/projects/conda/en/stable/user-guide/configuration/use-condarc.html

  deprecated.topic(
JOB 14511 ARRAY_ID 8  -> i=8 ; range=[1.95e-10, 2.05e-10] ; intervals=20 (frames=21)
Analytic t0 extension enabled (--extend-time-using-t0).
Completed 0 % :  mod = 1.5904761897325703e-16,  Error =-1.4210854715202004e-14
Completed 0 % :  mod = 1.5901817801259383e-16,  Error =1.9126460415463953e-09
Completed 0 % :  mod = 1.5892986526356674e-16,  Error =3.8249012845881225e-09
Completed 0 % :  mod = 1.5878271293452085e-16,  Error =5.737547326134518e-09
Completed 0 % :  mod = 1.5857678022056876e-16,  Error =7.650271527381847e-09
Completed 1 % :  mod = 1.583122531339507e-16,  Error =9.562164393628336e-09
Completed 1 % :  mod = 1.5798902253852462e-16,  Error =1.1474604377781361e-08
Completed 1 % :  mod = 1.5760730313935826e-16,  Error =1.3387108310780604e-08
Completed 1 % :  mod = 1.5716723198993935e-16,  Error =1.5299590927497775e-08
Completed 2 % :  mod = 1.566691864914224e-16,  Error =1.721132036891504e-08
Completed 2 % :  mod = 1.5611295411008872e-16,  Error =1.9123966410461435e-08
Completed 2 % :  mod = 1.5549892331063352e-16,  Error =2.1036861141965346e-08
Completed 2 % :  mod = 1.5482732389417072e-16,  Error =2.2949372180391947e-08
Completed 3 % :  mod = 1.5409871244985499e-16,  Error =2.4861336100912013e-08
Completed 3 % :  mod = 1.5331276539497044e-16,  Error =2.677386135019333e-08
Completed 3 % :  mod = 1.5247005963629556e-16,  Error =2.868630843977371e-08
Completed 3 % :  mod = 1.51570910019451e-16,  Error =3.059894027046539e-08
Completed 4 % :  mod = 1.5061564131622474e-16,  Error =3.2511977110516455e-08
Completed 4 % :  mod = 1.4960503117979018e-16,  Error =3.442376339535258e-08
Completed 4 % :  mod = 1.485386419282057e-16,  Error =3.633635969890747e-08
Completed 4 % :  mod = 1.4741725524715016e-16,  Error =3.824914074357366e-08
Completed 5 % :  mod = 1.4624129641085599e-16,  Error =4.0161971526231355e-08
Completed 5 % :  mod = 1.450117017360778e-16,  Error =4.2074070449871215e-08
Completed 5 % :  mod = 1.4372793407240533e-16,  Error =4.39865672774431e-08
Completed 5 % :  mod = 1.4239095977358919e-16,  Error =4.5899213318989496e-08
Completed 6 % :  mod = 1.4100127039170838e-16,  Error =4.7811724357416097e-08
Completed 6 % :  mod = 1.3955996411242365e-16,  Error =4.972337563913243e-08
Completed 6 % :  mod = 1.3806642685752776e-16,  Error =5.1635545617045864e-08
Completed 6 % :  mod = 1.3652177542424523e-16,  Error =5.354819165859226e-08
Completed 7 % :  mod = 1.3492657715507868e-16,  Error =5.546120718236125e-08
Completed 7 % :  mod = 1.3328209908393141e-16,  Error =5.737330610600111e-08
Completed 7 % :  mod = 1.3158762792262145e-16,  Error =5.928597346382958e-08
Completed 7 % :  mod = 1.298444350477503e-16,  Error =6.11988326681967e-08
Completed 8 % :  mod = 1.280531777060134e-16,  Error =6.311118028179408e-08
Completed 8 % :  mod = 1.2621451257541955e-16,  Error =6.502351368453674e-08
Completed 8 % :  mod = 1.2432987972571643e-16,  Error =6.693559839732188e-08
Completed 8 % :  mod = 1.223984787562638e-16,  Error =6.884802417062019e-08
Completed 9 % :  mod = 1.2042176250641006e-16,  Error =7.076061336874773e-08
Completed 9 % :  mod = 1.1840045796451604e-16,  Error =7.267323809401205e-08
Completed 9 % :  mod = 1.163361636571155e-16,  Error =7.458484674316423e-08
Completed 9 % :  mod = 1.142279787845214e-16,  Error =7.649729383274462e-08
Completed 10 % :  mod = 1.1207749871964137e-16,  Error =7.840984750373536e-08
Completed 10 % :  mod = 1.0988553332399392e-16,  Error =8.03223869638714e-08
Completed 10 % :  mod = 1.0765378622774938e-16,  Error =8.223411640528866e-08
Completed 10 % :  mod = 1.0538129066356683e-16,  Error =8.414689744995485e-08
Completed 11 % :  mod = 1.0306978929420176e-16,  Error =8.605974244346726e-08
Completed 11 % :  mod = 1.0072012661936081e-16,  Error =8.797194794851748e-08
Completed 11 % :  mod = 9.833413468900441e-17,  Error =8.98841889807045e-08
Completed 11 % :  mod = 9.591079746684641e-17,  Error =9.179688476024239e-08
Completed 12 % :  mod = 9.345194927759393e-17,  Error =9.370943132580578e-08
Completed 12 % :  mod = 9.095849836555956e-17,  Error =9.562180736111259e-08
Completed 12 % :  mod = 8.843138233996762e-17,  Error =9.75344676135137e-08
Completed 12 % :  mod = 8.587255500142497e-17,  Error =9.944612600065739e-08
Completed 13 % :  mod = 8.328091258080172e-17,  Error =1.0135874362049435e-07
Completed 13 % :  mod = 8.065844703241049e-17,  Error =1.0327143229460489e-07
Completed 13 % :  mod = 7.800611437024422e-17,  Error =1.0518397886016828e-07
Completed 13 % :  mod = 7.532597918541308e-17,  Error =1.070955661930384e-07
Completed 14 % :  mod = 7.261689588446745e-17,  Error =1.0900826907800365e-07
Completed 14 % :  mod = 6.988092176898833e-17,  Error =1.109208227489944e-07
Completed 14 % :  mod = 6.711907561529766e-17,  Error =1.1283350431767758e-07
Completed 14 % :  mod = 6.433351072962629e-17,  Error =1.1474499927999204e-07
Completed 15 % :  mod = 6.15230082613416e-17,  Error =1.1665756005641015e-07
Completed 15 % :  mod = 5.868973071905877e-17,  Error =1.1856996451342638e-07
Completed 15 % :  mod = 5.583473389543213e-17,  Error =1.204830084589048e-07
Completed 15 % :  mod = 5.296021447197589e-17,  Error =1.2239430446925326e-07
Completed 16 % :  mod = 5.006493963938463e-17,  Error =1.2430692919451758e-07
Completed 16 % :  mod = 4.715113828751765e-17,  Error =1.2621951839264511e-07
Completed 16 % :  mod = 4.421987101701662e-17,  Error =1.281323491753028e-07
Completed 16 % :  mod = 4.127223311841012e-17,  Error =1.3004483889744733e-07
Completed 17 % :  mod = 3.8310514848019174e-17,  Error =1.3195621306749672e-07
Completed 17 % :  mod = 3.533341784247479e-17,  Error =1.3386870278964125e-07
Completed 17 % :  mod = 3.234324057820532e-17,  Error =1.3578129198776878e-07
Completed 17 % :  mod = 2.934109783618254e-17,  Error =1.376937817099133e-07
Completed 18 % :  mod = 2.632929274572574e-17,  Error =1.396058237901343e-07
Completed 18 % :  mod = 2.3306536145850255e-17,  Error =1.4151830640685148e-07
Completed 18 % :  mod = 2.027516115117258e-17,  Error =1.4343036980335455e-07
Completed 18 % :  mod = 1.7236269566268636e-17,  Error =1.4534305137203773e-07
Completed 19 % :  mod = 1.4192222836690897e-17,  Error =1.4725546293448133e-07
Completed 19 % :  mod = 1.11417088471927e-17,  Error =1.4916812318688244e-07
Completed 19 % :  mod = 8.087058954631738e-18,  Error =1.5108084738812977e-07
Completed 19 % :  mod = 5.029419217746703e-18,  Error =1.5299379185762518e-07
Completed 20 % :  mod = 1.9699224603864864e-18,  Error =1.5490617499835935e-07
Completed 20 % :  mod = 1.0890876045808192e-18,  Error =1.5681711573733992e-07
Completed 20 % :  mod = 4.148918129318201e-18,  Error =1.5872962677576652e-07
Completed 20 % :  mod = 7.207206737694995e-18,  Error =1.606415551691498e-07
Completed 21 % :  mod = 1.0262837459667292e-17,  Error =1.625540804184311e-07
Completed 21 % :  mod = 1.3313440474478915e-17,  Error =1.6446549011561729e-07
Completed 21 % :  mod = 1.6360333429146873e-17,  Error =1.663781503680184e-07
Completed 21 % :  mod = 1.9401181037705563e-17,  Error =1.6829022086994883e-07
Completed 22 % :  mod = 2.2434837758404177e-17,  Error =1.7020311560145274e-07
Completed 22 % :  mod = 2.5458972803071693e-17,  Error =1.7211520741966524e-07
Completed 22 % :  mod = 2.847490986748335e-17,  Error =1.740277397743739e-07
Completed 22 % :  mod = 3.148029624318189e-17,  Error =1.7594011580968072e-07
Completed 23 % :  mod = 3.4474024180230747e-17,  Error =1.7785307449003085e-07
Completed 23 % :  mod = 3.7453809832958655e-17,  Error =1.7976454103063588e-07
Completed 23 % :  mod = 4.0420918787702824e-17,  Error =1.8167722970474642e-07
Completed 23 % :  mod = 4.337305970246769e-17,  Error =1.835900818036862e-07
Completed 24 % :  mod = 4.630915770774604e-17,  Error =1.8550271363437787e-07
Completed 24 % :  mod = 4.9228099263336996e-17,  Error =1.8741519625109504e-07
Completed 24 % :  mod = 5.212765449710428e-17,  Error =1.8932721701503397e-07
Completed 24 % :  mod = 5.500909147692693e-17,  Error =1.9123987726743508e-07
Completed 25 % :  mod = 5.78701496732872e-17,  Error =1.931528359477852e-07
Completed 25 % :  mod = 6.070978203062598e-17,  Error =1.9506515513967315e-07
Completed 25 % :  mod = 6.352582640221962e-17,  Error =1.9697670694540648e-07
Completed 25 % :  mod = 6.631947470363201e-17,  Error =1.9888962299319246e-07
Completed 26 % :  mod = 6.908856866554866e-17,  Error =2.008017574439691e-07
Completed 26 % :  mod = 7.183209845553799e-17,  Error =2.0271397715987405e-07
Completed 26 % :  mod = 7.454793827112453e-17,  Error =2.0462548633304323e-07
Completed 26 % :  mod = 7.723727320363212e-17,  Error =2.065385231730943e-07
Completed 27 % :  mod = 7.989802713312085e-17,  Error =2.0845130421776048e-07
Completed 27 % :  mod = 8.2529189038087e-17,  Error =2.1036363051507578e-07
Completed 27 % :  mod = 8.512876158754401e-17,  Error =2.1227508995025346e-07
Completed 27 % :  mod = 8.769787931140076e-17,  Error =2.141876933592357e-07
Completed 28 % :  mod = 9.023451551375894e-17,  Error =2.1610012623796138e-07
Completed 28 % :  mod = 9.273774819842827e-17,  Error =2.1801274385779834e-07
Completed 28 % :  mod = 9.520665924662761e-17,  Error =2.1992547516447303e-07
Completed 28 % :  mod = 9.763933802623833e-17,  Error =2.2183749592841195e-07
Completed 29 % :  mod = 1.0003685733881611e-16,  Error =2.2374992170171026e-07
Completed 29 % :  mod = 1.0239735070300753e-16,  Error =2.2566258195411137e-07
Completed 29 % :  mod = 1.0471991938707703e-16,  Error =2.2757548379104264e-07
Completed 29 % :  mod = 1.0700281659236608e-16,  Error =2.2948739086814385e-07
Completed 30 % :  mod = 1.0924703307445334e-16,  Error =2.313999090119978e-07
Completed 30 % :  mod = 1.1145078858556423e-16,  Error =2.3331269716209135e-07
Completed 30 % :  mod = 1.1361329079006952e-16,  Error =2.3522510872453495e-07
Completed 30 % :  mod = 1.1573289918201936e-16,  Error =2.3713638341860133e-07
Completed 31 % :  mod = 1.178105048417286e-16,  Error =2.390491644632675e-07
Completed 31 % :  mod = 1.1984450112595376e-16,  Error =2.409615902365658e-07
Completed 31 % :  mod = 1.2183413685130104e-16,  Error =2.4287406574785564e-07
Completed 31 % :  mod = 1.2377788147514327e-16,  Error =2.447860012466663e-07
Completed 32 % :  mod = 1.256765971264739e-16,  Error =2.466984909688108e-07
Completed 32 % :  mod = 1.2752879172656423e-16,  Error =2.486113857003147e-07
Completed 32 % :  mod = 1.2933375829448448e-16,  Error =2.505238825278866e-07
Completed 32 % :  mod = 1.310908492512126e-16,  Error =2.524362727740481e-07
Completed 33 % :  mod = 1.3279874136626246e-16,  Error =2.543481159023031e-07
Completed 33 % :  mod = 1.3445814761762326e-16,  Error =2.5626107458265324e-07
Completed 33 % :  mod = 1.3606778416928555e-16,  Error =2.581733227202676e-07
Completed 33 % :  mod = 1.3762705338325676e-16,  Error =2.600857200718565e-07
Completed 34 % :  mod = 1.3913476003525053e-16,  Error =2.619972718775898e-07
Completed 34 % :  mod = 1.405915817929837e-16,  Error =2.6390955554234097e-07
Completed 34 % :  mod = 1.4199636215456235e-16,  Error =2.6582212342418643e-07
Completed 34 % :  mod = 1.4334855450869794e-16,  Error =2.677348902579979e-07
Completed 35 % :  mod = 1.446471772504973e-16,  Error =2.69646577066851e-07
Completed 35 % :  mod = 1.4589278764119938e-16,  Error =2.7155895310215783e-07
Completed 35 % :  mod = 1.4708436633579554e-16,  Error =2.7347127939947313e-07
Completed 35 % :  mod = 1.482215030010032e-16,  Error =2.7538380464875445e-07
Completed 36 % :  mod = 1.4930377344826444e-16,  Error =2.7729581120183866e-07
Completed 36 % :  mod = 1.503303476535334e-16,  Error =2.792077253843672e-07
Completed 36 % :  mod = 1.51301703261915e-16,  Error =2.8111983141343444e-07
Completed 36 % :  mod = 1.5221705166009277e-16,  Error =2.830326693015195e-07
Completed 37 % :  mod = 1.5307602640705534e-16,  Error =2.849450808639631e-07
Completed 37 % :  mod = 1.5387803462109868e-16,  Error =2.868571513658935e-07
Completed 37 % :  mod = 1.5462341353341874e-16,  Error =2.887692147623966e-07
Completed 37 % :  mod = 1.5531152688702813e-16,  Error =2.906817258008232e-07
Completed 38 % :  mod = 1.559421585809918e-16,  Error =2.925941302578394e-07
Completed 38 % :  mod = 1.5651484224054066e-16,  Error =2.9450580285583783e-07
Completed 38 % :  mod = 1.5702980218671705e-16,  Error =2.9641809362601634e-07
Completed 38 % :  mod = 1.5748664421626031e-16,  Error =2.9833041992333165e-07
Completed 39 % :  mod = 1.5788518179994232e-16,  Error =3.0024328623312613e-07
Completed 39 % :  mod = 1.5822512521775352e-16,  Error =3.0215480961715e-07
Completed 39 % :  mod = 1.585066536576941e-16,  Error =3.040672211795936e-07
Completed 39 % :  mod = 1.587295031457511e-16,  Error =3.059796540583193e-07
Completed 40 % :  mod = 1.588935713183237e-16,  Error =3.0789220062388267e-07
Completed 40 % :  mod = 1.5899883098184925e-16,  Error =3.0980496745769415e-07
Completed 40 % :  mod = 1.590452206664685e-16,  Error =3.1171694558906893e-07
Completed 40 % :  mod = 1.5903274311221724e-16,  Error =3.1362970531745304e-07
Completed 41 % :  mod = 1.5896140638410642e-16,  Error =3.155420387201957e-07
Completed 41 % :  mod = 1.5883121937432763e-16,  Error =3.1745442896635723e-07
Completed 41 % :  mod = 1.5864229969762422e-16,  Error =3.1936609445892827e-07
Completed 41 % :  mod = 1.5839460201415887e-16,  Error =3.2127849181051715e-07
Completed 42 % :  mod = 1.5808826037888959e-16,  Error =3.2319080389697774e-07
Completed 42 % :  mod = 1.5772337472557414e-16,  Error =3.251030733508742e-07
Completed 42 % :  mod = 1.5730029712296073e-16,  Error =3.2701480279229145e-07
Completed 42 % :  mod = 1.5681882212006474e-16,  Error =3.2892688039964924e-07
Completed 43 % :  mod = 1.562792751090596e-16,  Error =3.3083965433888807e-07
Completed 43 % :  mod = 1.5568189142282961e-16,  Error =3.3275196642534866e-07
Completed 43 % :  mod = 1.5502714162374573e-16,  Error =3.346644064095017e-07
Completed 43 % :  mod = 1.5431473257967838e-16,  Error =3.3657692455335564e-07
Completed 44 % :  mod = 1.5354521338345792e-16,  Error =3.3848936453750866e-07
Completed 44 % :  mod = 1.527188438731943e-16,  Error =3.404013995123023e-07
Completed 44 % :  mod = 1.5183592131692012e-16,  Error =3.423134415925233e-07
Completed 44 % :  mod = 1.5089719250363217e-16,  Error =3.442253344587698e-07
Completed 45 % :  mod = 1.4990222673072525e-16,  Error =3.461376110180936e-07
Completed 45 % :  mod = 1.4885175264092144e-16,  Error =3.4805019311079377e-07
Completed 45 % :  mod = 1.4774618816722524e-16,  Error =3.499626117786647e-07
Completed 45 % :  mod = 1.4658639476654582e-16,  Error =3.5187488123256117e-07
Completed 46 % :  mod = 1.4537186651454105e-16,  Error =3.537870725267567e-07
Completed 46 % :  mod = 1.4410353755661642e-16,  Error =3.556997469900125e-07
Completed 46 % :  mod = 1.4278185193366452e-16,  Error =3.5761226513386646e-07
Completed 46 % :  mod = 1.4140785706313599e-16,  Error =3.595242645815233e-07
Completed 47 % :  mod = 1.3998098963503368e-16,  Error =3.614367258819584e-07
Completed 47 % :  mod = 1.385022906561585e-16,  Error =3.6334899533585485e-07
Completed 47 % :  mod = 1.3697230622081108e-16,  Error =3.652620677030427e-07
Completed 47 % :  mod = 1.3539227446327206e-16,  Error =3.671737118793317e-07
Completed 48 % :  mod = 1.3376148514558798e-16,  Error =3.690859671223734e-07
Completed 48 % :  mod = 1.3208116590718546e-16,  Error =3.7099862026934716e-07
Completed 48 % :  mod = 1.3035196458558048e-16,  Error =3.7291120236204733e-07
Completed 48 % :  mod = 1.2857449577596817e-16,  Error =3.748230668065844e-07
Completed 49 % :  mod = 1.2675015922304134e-16,  Error =3.7673457597975357e-07
Completed 49 % :  mod = 1.248781918009861e-16,  Error =3.7864786150976215e-07
Completed 49 % :  mod = 1.229599826045449e-16,  Error =3.805606496598557e-07
Completed 49 % :  mod = 1.2099624569738152e-16,  Error =3.8247331701768417e-07
Completed 50 % :  mod = 1.1898854357197426e-16,  Error =3.8438519567307594e-07
Completed 50 % :  mod = 1.169359845276228e-16,  Error =3.8629782039834026e-07
Completed 50 % :  mod = 1.1484012862696243e-16,  Error =3.882101538010829e-07
Completed 50 % :  mod = 1.127017716694412e-16,  Error =3.9012248009839823e-07
Completed 51 % :  mod = 1.1052256336339327e-16,  Error =3.9203435164836264e-07
Completed 51 % :  mod = 1.0830156646148584e-16,  Error =3.9394660689140437e-07
Completed 51 % :  mod = 1.0604048878149108e-16,  Error =3.958589331887197e-07
Completed 51 % :  mod = 1.0374014452762571e-16,  Error =3.9777175686595e-07
Completed 52 % :  mod = 1.0140138760877581e-16,  Error =3.9968434606407754e-07
Completed 52 % :  mod = 9.902606548114073e-17,  Error =4.0159572023412693e-07
Completed 52 % :  mod = 9.661312576418616e-17,  Error =4.035087357578959e-07
Completed 52 % :  mod = 9.416441250199141e-17,  Error =4.0542126100717724e-07
Completed 53 % :  mod = 9.168085301572195e-17,  Error =4.0733378625645855e-07
Completed 53 % :  mod = 8.91643574722073e-17,  Error =4.092455512250126e-07
Completed 53 % :  mod = 8.661384443619415e-17,  Error =4.1115841042937973e-07
Completed 53 % :  mod = 8.403128218395005e-17,  Error =4.130705733018658e-07
Completed 54 % :  mod = 8.141759777814653e-17,  Error =4.149828995991811e-07
Completed 54 % :  mod = 7.877483450999295e-17,  Error =4.16894621935171e-07
Completed 54 % :  mod = 7.610187030898839e-17,  Error =4.188072892929995e-07
Completed 54 % :  mod = 7.340071780896076e-17,  Error =4.2071984296399023e-07
Completed 55 % :  mod = 7.06723896340762e-17,  Error =4.226323397915621e-07
Completed 55 % :  mod = 6.791902208166421e-17,  Error =4.2454402660041524e-07
Completed 55 % :  mod = 6.513939433653822e-17,  Error =4.2645680053965407e-07
Completed 55 % :  mod = 6.23356507610387e-17,  Error =4.283694252649184e-07
Completed 56 % :  mod = 5.950884399419393e-17,  Error =4.3028169471881483e-07
Completed 56 % :  mod = 5.665998950360338e-17,  Error =4.321944118146348e-07
Completed 56 % :  mod = 5.379131473156029e-17,  Error =4.3410611993977e-07
Completed 56 % :  mod = 5.090159379639686e-17,  Error =4.360186665053334e-07
Completed 57 % :  mod = 4.7993012833074495e-17,  Error =4.3793123438717885e-07
Completed 57 % :  mod = 4.506666646003754e-17,  Error =4.3984411490782804e-07
Completed 57 % :  mod = 4.212483516253601e-17,  Error =4.4175578750582645e-07
Completed 57 % :  mod = 3.916621447674392e-17,  Error =4.436685046016464e-07
Completed 58 % :  mod = 3.61930967269338e-17,  Error =4.455811506431928e-07
Completed 58 % :  mod = 3.3206594936318634e-17,  Error =4.474935977327732e-07
Completed 58 % :  mod = 3.020898411007688e-17,  Error =4.4940554744243855e-07
Completed 58 % :  mod = 2.719899380218523e-17,  Error =4.51318015848301e-07
Completed 59 % :  mod = 2.4178947201092835e-17,  Error =4.5323076847125776e-07
Completed 59 % :  mod = 2.1149929050775477e-17,  Error =4.55142973976308e-07
Completed 59 % :  mod = 1.811430596666446e-17,  Error =4.570545755200328e-07
Completed 59 % :  mod = 1.5070772967945904e-17,  Error =4.5896746314610937e-07
Completed 60 % :  mod = 1.2021641042154919e-17,  Error =4.608798036542794e-07
Completed 60 % :  mod = 8.968068242149077e-18,  Error =4.627924923283899e-07
Completed 60 % :  mod = 5.911184961934222e-18,  Error =4.647051241590816e-07
Completed 60 % :  mod = 2.853323540645023e-18,  Error =4.666165480671225e-07
Completed 61 % :  mod = 2.068129892202151e-19,  Error =4.685295635908915e-07
Completed 61 % :  mod = 3.2668623549284053e-18,  Error =4.704420746293181e-07
Completed 61 % :  mod = 6.32571815071147e-18,  Error =4.723548343577022e-07
Completed 61 % :  mod = 9.381002284007107e-18,  Error =4.742666277479657e-07
Completed 62 % :  mod = 1.2434030799169888e-17,  Error =4.761792666840847e-07
Completed 62 % :  mod = 1.5482473476715464e-17,  Error =4.780916356139642e-07
Completed 62 % :  mod = 1.852517676158084e-17,  Error =4.800044166586304e-07
Completed 62 % :  mod = 2.1559797199391867e-17,  Error =4.819163024194495e-07
Completed 63 % :  mod = 2.4587672547994195e-17,  Error =4.838285434516365e-07
Completed 63 % :  mod = 2.7606436657245616e-17,  Error =4.857416300296791e-07
Completed 63 % :  mod = 3.0614970972162805e-17,  Error =4.876544394960547e-07
Completed 63 % :  mod = 3.361098849344842e-17,  Error =4.895659699855059e-07
Completed 64 % :  mod = 3.659575522102997e-17,  Error =4.914790423526938e-07
Completed 64 % :  mod = 3.956696554404633e-17,  Error =4.933918944516336e-07
Completed 64 % :  mod = 4.252354567866483e-17,  Error =4.95304561809462e-07
Completed 64 % :  mod = 4.5464369159987535e-17,  Error =4.972172504835726e-07
Completed 65 % :  mod = 4.8387189003579236e-17,  Error =4.991290296629813e-07
Completed 65 % :  mod = 5.12932886318591e-17,  Error =5.010414270145702e-07
Completed 65 % :  mod = 5.418038569842072e-17,  Error =5.029542506918006e-07
Completed 65 % :  mod = 5.704742249775459e-17,  Error =5.048672804264243e-07
Completed 66 % :  mod = 5.989221935724784e-17,  Error =5.067792230306623e-07
Completed 66 % :  mod = 6.271597398272866e-17,  Error =5.08691577749687e-07
Completed 66 % :  mod = 6.551650814915025e-17,  Error =5.106037477276004e-07
Completed 66 % :  mod = 6.829280344208221e-17,  Error =5.125165856156855e-07
Completed 67 % :  mod = 7.104269993784878e-17,  Error =5.144283932168037e-07
Completed 67 % :  mod = 7.376740392427701e-17,  Error =5.163411316289057e-07
Completed 67 % :  mod = 7.646481219126192e-17,  Error =5.182530813385711e-07
Completed 67 % :  mod = 7.913389376156752e-17,  Error =5.201659050158014e-07
Completed 68 % :  mod = 8.17736818161541e-17,  Error =5.220783094728176e-07
Completed 68 % :  mod = 8.438217137261443e-17,  Error =5.239897049591491e-07
Completed 68 % :  mod = 8.6960454567851e-17,  Error =5.259022159975757e-07
Completed 68 % :  mod = 8.950654952881494e-17,  Error =5.278150965182249e-07
Completed 69 % :  mod = 9.201952288558254e-17,  Error =5.297274086046855e-07
Completed 69 % :  mod = 9.449742393947426e-17,  Error =5.316392801546499e-07
Completed 69 % :  mod = 9.694134699874172e-17,  Error =5.33551641979102e-07
Completed 69 % :  mod = 9.934939301179485e-17,  Error =5.354640038035541e-07
Completed 70 % :  mod = 1.0172063848317853e-16,  Error =5.373767777427929e-07
Completed 70 % :  mod = 1.0405330481947942e-16,  Error =5.392889619315611e-07
Completed 70 % :  mod = 1.0634840185312906e-16,  Error =5.412012384908849e-07
Completed 70 % :  mod = 1.0860410590937073e-16,  Error =5.431138632161492e-07
Completed 71 % :  mod = 1.1081961224486598e-16,  Error =5.450265447848324e-07
Completed 71 % :  mod = 1.129932387361404e-16,  Error =5.469385158107798e-07
Completed 71 % :  mod = 1.1512589212824171e-16,  Error =5.488509771112149e-07
Completed 71 % :  mod = 1.1721593465525585e-16,  Error =5.507635023604962e-07
Completed 72 % :  mod = 1.1926259393728585e-16,  Error =5.526758357632389e-07
Completed 72 % :  mod = 1.2126507944816004e-16,  Error =5.545879915302976e-07
Completed 72 % :  mod = 1.2322190598508859e-16,  Error =5.564994722817573e-07
Completed 72 % :  mod = 1.2513391871986237e-16,  Error =5.584117630519358e-07
Completed 73 % :  mod = 1.269995832324451e-16,  Error =5.603243025120719e-07
Completed 73 % :  mod = 1.2881824124216554e-16,  Error =5.622369698699003e-07
Completed 73 % :  mod = 1.305885176646529e-16,  Error =5.641484790430695e-07
Completed 73 % :  mod = 1.3231114403776144e-16,  Error =5.660610540303423e-07
Completed 74 % :  mod = 1.3398479780308922e-16,  Error =5.679735934904784e-07
Completed 74 % :  mod = 1.3560885723100835e-16,  Error =5.698859624203578e-07
Completed 74 % :  mod = 1.3718206759192716e-16,  Error =5.717981039765618e-07
Completed 74 % :  mod = 1.387051466718222e-16,  Error =5.737108708103733e-07
Completed 75 % :  mod = 1.4017688373677062e-16,  Error =5.75623978704698e-07
Completed 75 % :  mod = 1.4159670239698184e-16,  Error =5.775365323756887e-07
Completed 75 % :  mod = 1.4296357932664056e-16,  Error =5.794480202325758e-07
Completed 75 % :  mod = 1.4427809334538042e-16,  Error =5.813607231175411e-07
Completed 76 % :  mod = 1.4553917206523602e-16,  Error =5.832734117916516e-07
Completed 76 % :  mod = 1.4674638669645734e-16,  Error =5.851859796734971e-07
Completed 76 % :  mod = 1.4789927743002136e-16,  Error =5.87098696769317e-07
Completed 76 % :  mod = 1.4899696228459996e-16,  Error =5.890104972650079e-07
Completed 77 % :  mod = 1.5003995276800443e-16,  Error =5.90923455945358e-07
Completed 77 % :  mod = 1.51027398797059e-16,  Error =5.928363009388704e-07
Completed 77 % :  mod = 1.5195891045950241e-16,  Error =5.947487480284508e-07
Completed 77 % :  mod = 1.528338412102884e-16,  Error =5.966605911567058e-07
Completed 78 % :  mod = 1.5365255469869376e-16,  Error =5.985732371982522e-07
Completed 78 % :  mod = 1.544143646750028e-16,  Error =6.004858192909523e-07
Completed 78 % :  mod = 1.5511902691413965e-16,  Error =6.023984653324987e-07
Completed 78 % :  mod = 1.55766015019042e-16,  Error =6.043101166142151e-07
Completed 79 % :  mod = 1.5635558763874766e-16,  Error =6.062234305659331e-07
Completed 79 % :  mod = 1.5688729530399126e-16,  Error =6.081359344989323e-07
Completed 79 % :  mod = 1.5736092113835596e-16,  Error =6.100485165916325e-07
Completed 79 % :  mod = 1.5777611457235839e-16,  Error =6.119605160392894e-07
Completed 80 % :  mod = 1.5813309542924634e-16,  Error =6.138731407645537e-07
Completed 80 % :  mod = 1.584315288559681e-16,  Error =6.157854457455869e-07
Completed 80 % :  mod = 1.586712889142754e-16,  Error =6.17698006522005e-07
Completed 80 % :  mod = 1.5885232752429512e-16,  Error =6.196103754518845e-07
Completed 81 % :  mod = 1.5897451430168324e-16,  Error =6.215227301709092e-07
Completed 81 % :  mod = 1.5903788812392853e-16,  Error =6.234353691070282e-07
Completed 81 % :  mod = 1.590424065980246e-16,  Error =6.253476101392152e-07
Completed 81 % :  mod = 1.589880399454694e-16,  Error =6.272601922319154e-07
Completed 82 % :  mod = 1.588748540305192e-16,  Error =6.291714527151271e-07
Completed 82 % :  mod = 1.5870284016777758e-16,  Error =6.310842906032121e-07
Completed 82 % :  mod = 1.5847206541057293e-16,  Error =6.329973487595453e-07
Completed 82 % :  mod = 1.581826058595216e-16,  Error =6.349094903157493e-07
Completed 83 % :  mod = 1.578347594547405e-16,  Error =6.368209923834911e-07
Completed 83 % :  mod = 1.5742834416479606e-16,  Error =6.387337947444394e-07
Completed 83 % :  mod = 1.5696362903018252e-16,  Error =6.406463199937207e-07
Completed 83 % :  mod = 1.5644082720500397e-16,  Error =6.425593568337717e-07
Completed 84 % :  mod = 1.5586009786982954e-16,  Error =6.444716689202323e-07
Completed 84 % :  mod = 1.5522191846296905e-16,  Error =6.463834409942137e-07
Completed 84 % :  mod = 1.545260528760564e-16,  Error =6.482957530806743e-07
Completed 84 % :  mod = 1.53772967897451e-16,  Error =6.502082001702547e-07
Completed 85 % :  mod = 1.529629404258629e-16,  Error =6.521208817389379e-07
Completed 85 % :  mod = 1.5209666699906667e-16,  Error =6.540325330206542e-07
Completed 85 % :  mod = 1.5117373769737e-16,  Error =6.559456124932694e-07
Completed 85 % :  mod = 1.5019483024018852e-16,  Error =6.578581164262687e-07
Completed 86 % :  mod = 1.4916034265649322e-16,  Error =6.597706772026868e-07
Completed 86 % :  mod = 1.4807106940156367e-16,  Error =6.616823142735484e-07
Completed 86 % :  mod = 1.469265407919083e-16,  Error =6.635947755739835e-07
Completed 86 % :  mod = 1.4572764206587893e-16,  Error =6.655070947658714e-07
Completed 87 % :  mod = 1.444747771461084e-16,  Error =6.674197408074178e-07
Completed 87 % :  mod = 1.4316894904078824e-16,  Error =6.693320102613143e-07
Completed 87 % :  mod = 1.4180962768224215e-16,  Error =6.712444999834588e-07
Completed 87 % :  mod = 1.4039779012586993e-16,  Error =6.731570607598769e-07
Completed 88 % :  mod = 1.3893396468158906e-16,  Error =6.750696925905686e-07
Completed 88 % :  mod = 1.3741872897996104e-16,  Error =6.769817346707896e-07
Completed 88 % :  mod = 1.3585324102214466e-16,  Error =6.788933220036597e-07
Completed 88 % :  mod = 1.3423683172242194e-16,  Error =6.808057904095222e-07
Completed 89 % :  mod = 1.3257075193297542e-16,  Error =6.827186851410261e-07
Completed 89 % :  mod = 1.3085557602734295e-16,  Error =6.846318001407781e-07
Completed 89 % :  mod = 1.29092665493114e-16,  Error =6.865434869496312e-07
Completed 89 % :  mod = 1.2728128992980768e-16,  Error =6.884561187803229e-07
Completed 90 % :  mod = 1.2542277287810287e-16,  Error =6.903688216652881e-07
Completed 90 % :  mod = 1.2351781780341176e-16,  Error =6.922815813936722e-07
Completed 90 % :  mod = 1.215679490962057e-16,  Error =6.941934032056452e-07
Completed 90 % :  mod = 1.1957227862300076e-16,  Error =6.961055944998407e-07
Completed 91 % :  mod = 1.1753233702982168e-16,  Error =6.980177005289079e-07
Completed 91 % :  mod = 1.1544890543366064e-16,  Error =6.999294228648978e-07
Completed 91 % :  mod = 1.133235708839204e-16,  Error =7.018408751946481e-07
Completed 91 % :  mod = 1.1115543935345517e-16,  Error =7.037533080733738e-07
Completed 92 % :  mod = 1.0894617859347621e-16,  Error =7.056660251691937e-07
Completed 92 % :  mod = 1.0669656165596475e-16,  Error =7.075788701627062e-07
Completed 92 % :  mod = 1.0440744803327601e-16,  Error =7.094915375205346e-07
Completed 92 % :  mod = 1.0208064263350658e-16,  Error =7.114033166999434e-07
Completed 93 % :  mod = 9.971509664333854e-17,  Error =7.133158064220879e-07
Completed 93 % :  mod = 9.731263782173289e-17,  Error =7.152282321953862e-07
Completed 93 % :  mod = 9.487417063899068e-17,  Error =7.17140409278727e-07
Completed 93 % :  mod = 9.240155294276771e-17,  Error =7.190528990008715e-07
Completed 94 % :  mod = 8.989374610440732e-17,  Error =7.209656232021189e-07
Completed 94 % :  mod = 8.735267792002587e-17,  Error =7.228784042467851e-07
Completed 94 % :  mod = 8.477924370923887e-17,  Error =7.247909294960664e-07
Completed 94 % :  mod = 8.217547885334109e-17,  Error =7.267024813017997e-07
Completed 95 % :  mod = 7.954027322425168e-17,  Error =7.286158520969366e-07
Completed 95 % :  mod = 7.687559483974427e-17,  Error =7.305280291802774e-07
Completed 95 % :  mod = 7.418246495768265e-17,  Error =7.324407107489606e-07
Completed 95 % :  mod = 7.146298606438876e-17,  Error =7.343525538772155e-07
Completed 96 % :  mod = 6.871594096359123e-17,  Error =7.362647949094026e-07
Completed 96 % :  mod = 6.594346378127046e-17,  Error =7.381774196346669e-07
Completed 96 % :  mod = 6.314659128492669e-17,  Error =7.400900443599312e-07
Completed 96 % :  mod = 6.032631366145195e-17,  Error =7.420028254045974e-07
Completed 97 % :  mod = 5.74848556131037e-17,  Error =7.439147111654165e-07
Completed 97 % :  mod = 5.4620994722032935e-17,  Error =7.458275206317921e-07
Completed 97 % :  mod = 5.173688615562689e-17,  Error =7.477401453570565e-07
Completed 97 % :  mod = 4.8833634613593627e-17,  Error =7.496526066574916e-07
Completed 98 % :  mod = 4.5913491888355665e-17,  Error =7.515644497857465e-07
Completed 98 % :  mod = 4.297515801388159e-17,  Error =7.534771029327203e-07
Completed 98 % :  mod = 4.0020927537491835e-17,  Error =7.553891023803772e-07
Completed 98 % :  mod = 3.705189425045014e-17,  Error =7.573019829010263e-07
Completed 99 % :  mod = 3.4070317027913016e-17,  Error =7.592140320866747e-07
Completed 99 % :  mod = 3.1074948326420374e-17,  Error =7.611264365436909e-07
Completed 99 % :  mod = 2.806808657070177e-17,  Error =7.630394591728873e-07
Completed 99 % :  mod = 2.5050807405746244e-17,  Error =7.649520625818695e-07
Completed 100 % :  mod = 2.2025486132381538e-17,  Error =7.668632377999529e-07
Finished 9/21 frames
Finished all frames!
