/opt/local/miniconda_23_9/lib/python3.11/site-packages/conda/base/context.py:201: FutureWarning: Adding 'defaults' to channel list implicitly is deprecated and will be removed in 25.3. 

To remove this warning, please choose a default channel explicitly with conda's regular configuration system, e.g. by adding 'defaults' to the list of channels:

  conda config --add channels defaults

For more information see https://docs.conda.io/projects/conda/en/stable/user-guide/configuration/use-condarc.html

  deprecated.topic(
JOB 14491 ARRAY_ID 19  -> i=19 ; range=[1.9e-10, 5.0e-10] ; intervals=30 (frames=31)
Analytic t0 extension enabled (--extend-time-using-t0).
THIS SHOULD ONLY BE REACHED ONCE
Completed 0 % :  mod = 3.0399999996869347e-16,  Error =-1.4210854715202004e-14
Completed 0 % :  mod = 3.0518650163548494e-16,  Error =9.529323108381504e-09
Completed 0 % :  mod = 3.087552673364072e-16,  Error =1.905861779505358e-08
Completed 0 % :  mod = 3.147264247539079e-16,  Error =2.857731828953547e-08
Completed 0 % :  mod = 3.231594380410671e-16,  Error =3.8106520605651895e-08
Completed 1 % :  mod = 3.3410186232828836e-16,  Error =4.762537741953565e-08
Completed 1 % :  mod = 3.476626586021457e-16,  Error =5.7154615262788866e-08
Completed 1 % :  mod = 3.6393728826161626e-16,  Error =6.668382468433265e-08
Completed 1 % :  mod = 3.830306782368242e-16,  Error =7.620273123620791e-08
Completed 2 % :  mod = 4.0513295774932363e-16,  Error =8.573187670890547e-08
Completed 2 % :  mod = 4.303687780577402e-16,  Error =9.525068378479773e-08
Completed 2 % :  mod = 4.589894285671565e-16,  Error =1.0477980083578586e-07
Completed 2 % :  mod = 4.911929233915208e-16,  Error =1.1430893209762871e-07
Completed 3 % :  mod = 5.271897748268488e-16,  Error =1.2382793812548698e-07
Completed 3 % :  mod = 5.673384299076644e-16,  Error =1.3335709780903926e-07
Completed 3 % :  mod = 6.118653140238125e-16,  Error =1.428759262012136e-07
Completed 3 % :  mod = 6.612138172835224e-16,  Error =1.5240498640878286e-07
Completed 4 % :  mod = 7.157237074321227e-16,  Error =1.619342882008823e-07
Completed 4 % :  mod = 7.757527784450435e-16,  Error =1.7145340081015092e-07
Completed 4 % :  mod = 8.4189878753226e-16,  Error =1.8098228338203626e-07
Completed 4 % :  mod = 9.145347756758434e-16,  Error =1.905012609881851e-07
Completed 5 % :  mod = 9.943840358072645e-16,  Error =2.0003040646088266e-07
Completed 5 % :  mod = 1.0819953874770988e-15,  Error =2.095597224638368e-07
Completed 5 % :  mod = 1.1779447581853662e-15,  Error =2.1907884928396015e-07
Completed 5 % :  mod = 1.2831875871378966e-15,  Error =2.2860805870550394e-07
Completed 6 % :  mod = 1.3983174002056394e-15,  Error =2.3812703631165277e-07
Completed 6 % :  mod = 1.524480649451668e-15,  Error =2.4765624573319656e-07
Completed 6 % :  mod = 1.6623888322119186e-15,  Error =2.5717504570366145e-07
Completed 6 % :  mod = 1.8134152230894012e-15,  Error =2.6670423380892316e-07
Completed 7 % :  mod = 1.9785970127906554e-15,  Error =2.7623355691730467e-07
Completed 7 % :  mod = 2.159020802105148e-15,  Error =2.8575266242114594e-07
Completed 7 % :  mod = 2.3564832320796324e-15,  Error =2.9528188605354444e-07
Completed 7 % :  mod = 2.572097897612288e-15,  Error =3.0480068602400934e-07
Completed 8 % :  mod = 2.808011855998018e-15,  Error =3.143300801866644e-07
Completed 8 % :  mod = 3.0658449679993494e-15,  Error =3.238594601384648e-07
Completed 8 % :  mod = 3.3472936017612307e-15,  Error =3.3337866511828906e-07
Completed 8 % :  mod = 3.6551603785818655e-15,  Error =3.4290792427782435e-07
Completed 9 % :  mod = 3.9911815437427624e-15,  Error =3.524268663568364e-07
Completed 9 % :  mod = 4.358703140635806e-15,  Error =3.619560402512434e-07
Completed 9 % :  mod = 4.760248473793422e-15,  Error =3.714849796665476e-07
Completed 9 % :  mod = 5.198459638225226e-15,  Error =3.810040638541068e-07
Completed 10 % :  mod = 5.677700276153437e-15,  Error =3.9053307432368456e-07
Completed 10 % :  mod = 6.20067308721602e-15,  Error =4.0005230772521827e-07
Completed 10 % :  mod = 6.7725857663540985e-15,  Error =4.095815384630441e-07
Completed 10 % :  mod = 7.397364784632302e-15,  Error =4.19110669724887e-07
Completed 11 % :  mod = 8.079121188542782e-15,  Error =4.2862942706278773e-07
Completed 11 % :  mod = 8.82464381677344e-15,  Error =4.3815858674634e-07
Completed 11 % :  mod = 9.638137060667012e-15,  Error =4.4767734408424076e-07
Completed 11 % :  mod = 1.0527701599637494e-14,  Error =4.572068661445883e-07
Completed 12 % :  mod = 1.1498354163952037e-14,  Error =4.6672566611505317e-07
Completed 12 % :  mod = 1.2559760362790634e-14,  Error =4.762550389614262e-07
Completed 12 % :  mod = 1.3719207207984012e-14,  Error =4.857842554883973e-07
Completed 12 % :  mod = 1.4984323943899652e-14,  Error =4.95303289937965e-07
Completed 13 % :  mod = 1.6367708416598826e-14,  Error =5.048325206757909e-07
Completed 13 % :  mod = 1.787716230100399e-14,  Error =5.143514698602303e-07
Completed 13 % :  mod = 1.952771654386984e-14,  Error =5.238808924445948e-07
Completed 13 % :  mod = 2.1330702803766926e-14,  Error =5.334101658149848e-07
Completed 14 % :  mod = 2.3297984922353105e-14,  Error =5.429290084180138e-07
Completed 14 % :  mod = 2.5449152836199132e-14,  Error =5.524578980953265e-07
Completed 14 % :  mod = 2.779633814046746e-14,  Error =5.619769467557489e-07
Completed 14 % :  mod = 3.036291380212723e-14,  Error =5.715059785416088e-07
Completed 15 % :  mod = 3.316650029819977e-14,  Error =5.810351382251611e-07
Completed 15 % :  mod = 3.622554554253814e-14,  Error =5.905539950390448e-07
Completed 15 % :  mod = 3.95705111016442e-14,  Error =6.000833252528537e-07
Completed 15 % :  mod = 4.3220261034838207e-14,  Error =6.096024876001138e-07
Completed 16 % :  mod = 4.721113908828897e-14,  Error =6.191314838588369e-07
Completed 16 % :  mod = 5.1570544080714384e-14,  Error =6.286607856509363e-07
Completed 16 % :  mod = 5.6327161361072464e-14,  Error =6.381794506182814e-07
Completed 16 % :  mod = 6.152835671874494e-14,  Error =6.47708517931278e-07
Completed 17 % :  mod = 6.720346250785532e-14,  Error =6.57227339218025e-07
Completed 17 % :  mod = 7.340899066622606e-14,  Error =6.667565557449961e-07
Completed 17 % :  mod = 8.017993753094711e-14,  Error =6.76275533351145e-07
Completed 17 % :  mod = 8.758372728640804e-14,  Error =6.858046575075605e-07
Completed 18 % :  mod = 9.567118959612335e-14,  Error =6.953337390314118e-07
Completed 18 % :  mod = 1.0449554086537711e-13,  Error =7.048524608421758e-07
Completed 18 % :  mod = 1.1414465278863265e-13,  Error =7.143815636823092e-07
Completed 18 % :  mod = 1.2467294191832243e-13,  Error =7.239002641767911e-07
Completed 19 % :  mod = 1.3618524752048626e-13,  Error =7.334294309657707e-07
Completed 19 % :  mod = 1.4876060562163194e-13,  Error =7.42958668809024e-07
Completed 19 % :  mod = 1.6248176347122004e-13,  Error =7.524774616740615e-07
Completed 19 % :  mod = 1.7748535444529812e-13,  Error =7.620065716196223e-07
Completed 20 % :  mod = 1.9385599176441317e-13,  Error =7.715256771234635e-07
Completed 20 % :  mod = 2.117566919229832e-13,  Error =7.810546662767592e-07
Completed 20 % :  mod = 2.313103494049703e-13,  Error =7.905840107014228e-07
Completed 20 % :  mod = 2.5264562920131217e-13,  Error =8.001029456750075e-07
Completed 21 % :  mod = 2.7597498483321144e-13,  Error =8.096320485151409e-07
Completed 21 % :  mod = 3.01429982642597e-13,  Error =8.191508200638964e-07
Completed 21 % :  mod = 3.292640994662218e-13,  Error =8.286798518497562e-07
Completed 21 % :  mod = 3.5966842558160907e-13,  Error =8.382091323255736e-07
Completed 22 % :  mod = 3.9284302377576007e-13,  Error =8.477283373053979e-07
Completed 22 % :  mod = 4.291182408233862e-13,  Error =8.572575183052322e-07
Completed 22 % :  mod = 4.686986503115202e-13,  Error =8.66776574071082e-07
Completed 22 % :  mod = 5.119783861290195e-13,  Error =8.763054850646768e-07
Completed 23 % :  mod = 5.592015227596843e-13,  Error =8.858244200382615e-07
Completed 23 % :  mod = 6.108382975551587e-13,  Error =8.953537005140788e-07
Completed 23 % :  mod = 6.672432096200791e-13,  Error =9.048826257185283e-07
Completed 23 % :  mod = 7.287874022690064e-13,  Error =9.144013475292923e-07
Completed 24 % :  mod = 7.960837146531145e-13,  Error =9.23930336682588e-07
Completed 24 % :  mod = 8.695116542600061e-13,  Error =9.334493498158736e-07
Completed 24 % :  mod = 9.498023901374702e-13,  Error =9.429786089754089e-07
Completed 24 % :  mod = 1.0375071250207684e-12,  Error =9.525078539240894e-07
Completed 25 % :  mod = 1.133202937826308e-12,  Error =9.620268031085288e-07
Completed 25 % :  mod = 1.2378427178019727e-12,  Error =9.715561262169103e-07
Completed 25 % :  mod = 1.352016537035976e-12,  Error =9.81075139350196e-07
Completed 25 % :  mod = 1.4768612604137194e-12,  Error =9.906041640306285e-07
Completed 26 % :  mod = 1.6132339091663153e-12,  Error =1.0001331460784968e-06
Completed 26 % :  mod = 1.7620317244539749e-12,  Error =1.00965165472644e-06
Completed 26 % :  mod = 1.9247362758533333e-12,  Error =1.0191804875603339e-06
Completed 26 % :  mod = 2.1022649608084734e-12,  Error =1.02869923068738e-06
Completed 27 % :  mod = 2.2963853495708777e-12,  Error =1.038227729566188e-06
Completed 27 % :  mod = 2.5084298378482608e-12,  Error =1.0477564416078167e-06
Completed 27 % :  mod = 2.7397933020969694e-12,  Error =1.0572747513037939e-06
Completed 27 % :  mod = 2.9927791044729525e-12,  Error =1.0668033567640123e-06
Completed 28 % :  mod = 3.268813285939211e-12,  Error =1.0763214817188782e-06
Completed 28 % :  mod = 3.5706436672652065e-12,  Error =1.085849518744908e-06
Completed 28 % :  mod = 3.900341255246912e-12,  Error =1.0953774349786727e-06
Completed 28 % :  mod = 4.260073991273992e-12,  Error =1.1048948849179396e-06
Completed 29 % :  mod = 4.653422073310435e-12,  Error =1.1144226448323025e-06
Completed 29 % :  mod = 5.082601236023469e-12,  Error =1.1239398745033213e-06
Completed 29 % :  mod = 5.551881837389562e-12,  Error =1.1334668315043928e-06
Completed 29 % :  mod = 6.063906042780485e-12,  Error =1.1429830095721627e-06
Completed 30 % :  mod = 6.623766828956041e-12,  Error =1.1525089220754126e-06
Completed 30 % :  mod = 7.235300388155659e-12,  Error =1.1620338966622512e-06
Completed 30 % :  mod = 7.902521057934536e-12,  Error =1.1715480212615148e-06
Completed 30 % :  mod = 8.632060329064106e-12,  Error =1.1810712692295056e-06
Completed 31 % :  mod = 9.428016063386468e-12,  Error =1.19058310588116e-06
Completed 31 % :  mod = 1.0298292870978768e-11,  Error =1.2001039593201313e-06
Completed 31 % :  mod = 1.124883748143908e-11,  Error =1.209623412989913e-06
Completed 31 % :  mod = 1.228586838539191e-11,  Error =1.2191308940145973e-06
Completed 32 % :  mod = 1.3419664776884571e-11,  Error =1.228645956530272e-06
Completed 32 % :  mod = 1.465655901902729e-11,  Error =1.2381480019030278e-06
Completed 32 % :  mod = 1.6008787358392424e-11,  Error =1.2476571384922863e-06
Completed 32 % :  mod = 1.7485527809468522e-11,  Error =1.2571624310453444e-06
Completed 33 % :  mod = 1.9096361191732534e-11,  Error =1.2666529940474902e-06
Completed 33 % :  mod = 2.0857149372413096e-11,  Error =1.276148445583658e-06
Completed 33 % :  mod = 2.2777589838266353e-11,  Error =1.285627369895792e-06
Completed 33 % :  mod = 2.4876502379177453e-11,  Error =1.2951086105772447e-06
Completed 34 % :  mod = 2.7167898925313685e-11,  Error =1.3045805573597136e-06
Completed 34 % :  mod = 2.966634290932583e-11,  Error =1.3140314010229304e-06
Completed 34 % :  mod = 3.239603928252706e-11,  Error =1.323479281722939e-06
Completed 34 % :  mod = 3.537150371854538e-11,  Error =1.3329014478813406e-06
Completed 35 % :  mod = 3.862121710568498e-11,  Error =1.3423153788494346e-06
Completed 35 % :  mod = 4.2162009131525546e-11,  Error =1.351697463292112e-06
Completed 35 % :  mod = 4.6027180334253703e-11,  Error =1.3610631199867385e-06
Completed 35 % :  mod = 5.024069685465796e-11,  Error =1.3703981736057358e-06
Completed 36 % :  mod = 5.482695620394348e-11,  Error =1.3796868429949427e-06
Completed 36 % :  mod = 5.982725451191573e-11,  Error =1.3889420316104406e-06
Completed 36 % :  mod = 6.526407791530759e-11,  Error =1.3981365185600225e-06
Completed 36 % :  mod = 7.118407617508318e-11,  Error =1.407280784349041e-06
Completed 37 % :  mod = 7.76180401174327e-11,  Error =1.4163544435064068e-06
Completed 37 % :  mod = 8.459551236306885e-11,  Error =1.4253357463189786e-06
Completed 37 % :  mod = 9.216911650255093e-11,  Error =1.4342298442215906e-06
Completed 37 % :  mod = 1.0035948391481734e-10,  Error =1.4430021622047207e-06
Completed 38 % :  mod = 1.0921916086999615e-10,  Error =1.4516537021336262e-06
Completed 38 % :  mod = 1.187707423938009e-10,  Error =1.4601550972770383e-06
Completed 38 % :  mod = 1.2902739867619392e-10,  Error =1.4684762916772343e-06
Completed 38 % :  mod = 1.4002586934942492e-10,  Error =1.4766115725706186e-06
Completed 39 % :  mod = 1.51742817673779e-10,  Error =1.4845191032009097e-06
Completed 39 % :  mod = 1.6418353426342604e-10,  Error =1.4921918420895963e-06
Completed 39 % :  mod = 1.7728836999241743e-10,  Error =1.4995968271591664e-06
Completed 39 % :  mod = 1.9095850647332478e-10,  Error =1.5067044429883936e-06
Completed 40 % :  mod = 2.050929194196101e-10,  Error =1.5135118189846253e-06
Completed 40 % :  mod = 2.1947325482010392e-10,  Error =1.5199914145114235e-06
Completed 40 % :  mod = 2.3387337505781163e-10,  Error =1.5261521397746947e-06
Completed 40 % :  mod = 2.4792812764056815e-10,  Error =1.5319845729777626e-06
Completed 41 % :  mod = 2.6125149914236577e-10,  Error =1.5375175905774086e-06
Completed 41 % :  mod = 2.7333445105568284e-10,  Error =1.5427729351813468e-06
Completed 41 % :  mod = 2.83613053081302e-10,  Error =1.5477867165714088e-06
Completed 41 % :  mod = 2.915274391333331e-10,  Error =1.5526229120155222e-06
Completed 42 % :  mod = 2.9649899952852106e-10,  Error =1.557336162250067e-06
Completed 42 % :  mod = 2.980573749953992e-10,  Error =1.5620086273315792e-06
Completed 42 % :  mod = 2.958648112365042e-10,  Error =1.5667130242036365e-06
Completed 42 % :  mod = 2.898161317133122e-10,  Error =1.5715213734779354e-06
Completed 43 % :  mod = 2.8005032676257535e-10,  Error =1.5765165741754572e-06
Completed 43 % :  mod = 2.670222492067623e-10,  Error =1.5817522225347602e-06
Completed 43 % :  mod = 2.5139440918663837e-10,  Error =1.5872897520807783e-06
Completed 43 % :  mod = 2.340546794668762e-10,  Error =1.5931584371742247e-06
Completed 44 % :  mod = 2.1597625599113637e-10,  Error =1.5993701794059234e-06
Completed 44 % :  mod = 1.9803302820249697e-10,  Error =1.6059406533486253e-06
Completed 44 % :  mod = 1.8103109604262948e-10,  Error =1.6128450468499977e-06
Completed 44 % :  mod = 1.6548845730529494e-10,  Error =1.6200773842456329e-06
Completed 45 % :  mod = 1.517368594395866e-10,  Error =1.6276034671136586e-06
Completed 45 % :  mod = 1.398690046175073e-10,  Error =1.635384791143224e-06
Completed 45 % :  mod = 1.2974635561616838e-10,  Error =1.6434071383741866e-06
Completed 45 % :  mod = 1.2113653539211052e-10,  Error =1.6516240535224824e-06
Completed 46 % :  mod = 1.1368157076220581e-10,  Error =1.6600258234689136e-06
Completed 46 % :  mod = 1.0702744467875416e-10,  Error =1.6685697943330524e-06
Completed 46 % :  mod = 1.0080625997177254e-10,  Error =1.6772537563269907e-06
Completed 46 % :  mod = 9.472962233606817e-11,  Error =1.6860515046346336e-06
Completed 47 % :  mod = 8.85985928096998e-11,  Error =1.6949378078834343e-06
Completed 47 % :  mod = 8.230501351153566e-11,  Error =1.7039198354495966e-06
Completed 47 % :  mod = 7.588201208682129e-11,  Error =1.7129680287553128e-06
Completed 47 % :  mod = 6.94351712839358e-11,  Error =1.7220921790794819e-06
Completed 48 % :  mod = 6.315784195480368e-11,  Error =1.7312746152242653e-06
Completed 48 % :  mod = 5.726509840019117e-11,  Error =1.7404973107204569e-06
Completed 48 % :  mod = 5.193005619895113e-11,  Error =1.749772671644223e-06
Completed 48 % :  mod = 4.7291682515527574e-11,  Error =1.759074734763999e-06
Completed 49 % :  mod = 4.339306922466957e-11,  Error =1.768417412506551e-06
Completed 49 % :  mod = 4.022166435535247e-11,  Error =1.7777853713596414e-06
Completed 49 % :  mod = 3.7709534485432307e-11,  Error =1.7871643791522729e-06
Completed 49 % :  mod = 3.5753000997415035e-11,  Error =1.7965702951983076e-06
Completed 50 % :  mod = 3.4250520661470694e-11,  Error =1.8059799060665682e-06
Completed 50 % :  mod = 3.309620749924068e-11,  Error =1.815410740846346e-06
Completed 50 % :  mod = 3.2194081071279386e-11,  Error =1.8248503650397652e-06
Completed 50 % :  mod = 3.1450081001263124e-11,  Error =1.8342872749599337e-06
Completed 51 % :  mod = 3.077270128465649e-11,  Error =1.8437397031334513e-06
Completed 51 % :  mod = 3.0088427739858825e-11,  Error =1.8531865677573478e-06
Completed 51 % :  mod = 2.935227136068118e-11,  Error =1.862647096118053e-06
Completed 51 % :  mod = 2.8569288654295096e-11,  Error =1.8721104169117098e-06
Completed 52 % :  mod = 2.7799258726953175e-11,  Error =1.881565381722794e-06
Completed 52 % :  mod = 2.7145246382375005e-11,  Error =1.891031033096624e-06
Completed 52 % :  mod = 2.6735505757683365e-11,  Error =1.900486886086128e-06
Completed 52 % :  mod = 2.668808213679898e-11,  Error =1.9099515782272647e-06
Completed 53 % :  mod = 2.7087431279881553e-11,  Error =1.91940350191544e-06
Completed 53 % :  mod = 2.797110539634702e-11,  Error =1.928862104705331e-06
Completed 53 % :  mod = 2.9330290308921136e-11,  Error =1.9383158402774825e-06
Completed 53 % :  mod = 3.1122748541457076e-11,  Error =1.947753027309318e-06
Completed 54 % :  mod = 3.329739351381199e-11,  Error =1.9571921043848306e-06
Completed 54 % :  mod = 3.579041889824345e-11,  Error =1.966610767567545e-06
Completed 54 % :  mod = 3.854465632186627e-11,  Error =1.9760271996460688e-06
Completed 54 % :  mod = 4.148628738833732e-11,  Error =1.9854294635024416e-06
Completed 55 % :  mod = 4.452885969788845e-11,  Error =1.994804968319386e-06
Completed 55 % :  mod = 4.759215498655131e-11,  Error =2.004170660541149e-06
Completed 55 % :  mod = 5.06023092871841e-11,  Error =2.013503873854461e-06
Completed 55 % :  mod = 5.3550546469130706e-11,  Error =2.0228201549343794e-06
Completed 56 % :  mod = 5.6500290189296055e-11,  Error =2.032105719251831e-06
Completed 56 % :  mod = 5.960915245134882e-11,  Error =2.041344373537868e-06
Completed 56 % :  mod = 6.312534655744814e-11,  Error =2.0505488080857504e-06
Completed 56 % :  mod = 6.732462150223851e-11,  Error =2.0596902459146804e-06
Completed 57 % :  mod = 7.249039484384198e-11,  Error =2.0687776824956927e-06
Completed 57 % :  mod = 7.883526976910807e-11,  Error =2.077788423093807e-06
Completed 57 % :  mod = 8.647653469010202e-11,  Error =2.0866973358124596e-06
Completed 57 % :  mod = 9.545475421589513e-11,  Error =2.0955067299155417e-06
Completed 58 % :  mod = 1.0567757846930369e-10,  Error =2.104178236095322e-06
Completed 58 % :  mod = 1.1700786995877271e-10,  Error =2.1127098577267134e-06
Completed 58 % :  mod = 1.2918654148282603e-10,  Error =2.1210612999311707e-06
Completed 58 % :  mod = 1.4193693675052482e-10,  Error =2.1292289176244594e-06
Completed 59 % :  mod = 1.5489050925523653e-10,  Error =2.1371828822225325e-06
Completed 59 % :  mod = 1.6765987111076838e-10,  Error =2.1448966407433545e-06
Completed 59 % :  mod = 1.7994194235842578e-10,  Error =2.152369987129532e-06
Completed 59 % :  mod = 1.9150082095034578e-10,  Error =2.1595728796341973e-06
Completed 60 % :  mod = 2.0233899816504388e-10,  Error =2.166509609935474e-06
Completed 60 % :  mod = 2.1262872589132002e-10,  Error =2.173163636598474e-06
Completed 60 % :  mod = 2.226994826479431e-10,  Error =2.1795233067223307e-06
Completed 60 % :  mod = 2.3294663089001665e-10,  Error =2.1856015095522707e-06
Completed 61 % :  mod = 2.436008651741492e-10,  Error =2.1913907417570044e-06
Completed 61 % :  mod = 2.546861098605625e-10,  Error =2.196915865226856e-06
Completed 61 % :  mod = 2.658795180161494e-10,  Error =2.202192938227654e-06
Completed 61 % :  mod = 2.7657074998141133e-10,  Error =2.2072493877089983e-06
Completed 62 % :  mod = 2.859809185255869e-10,  Error =2.212140088886372e-06
Completed 62 % :  mod = 2.931850707179285e-10,  Error =2.2169102820157605e-06
Completed 62 % :  mod = 2.9727550879593335e-10,  Error =2.221635689636514e-06
Completed 62 % :  mod = 2.9738997491936006e-10,  Error =2.226385817039045e-06
Completed 63 % :  mod = 2.9287731066234796e-10,  Error =2.231233551697187e-06
Completed 63 % :  mod = 2.8343330211627743e-10,  Error =2.2362673917086795e-06
Completed 63 % :  mod = 2.6931522399527167e-10,  Error =2.2415478682091816e-06
Completed 63 % :  mod = 2.513396747192033e-10,  Error =2.2471433140935915e-06
Completed 64 % :  mod = 2.3091256754941338e-10,  Error =2.253080353398218e-06
Completed 64 % :  mod = 2.096274372887039e-10,  Error =2.2593893547195876e-06
Completed 64 % :  mod = 1.8907680341180957e-10,  Error =2.2660612444269645e-06
Completed 64 % :  mod = 1.704939011845e-10,  Error =2.2730708337803662e-06
Completed 65 % :  mod = 1.5455010832756852e-10,  Error =2.280405055898882e-06
Completed 65 % :  mod = 1.4150485886447553e-10,  Error =2.288014442797248e-06
Completed 65 % :  mod = 1.3119337235315002e-10,  Error =2.295880442204634e-06
Completed 65 % :  mod = 1.232802439528532e-10,  Error =2.30395976075215e-06
Completed 66 % :  mod = 1.1731558733766023e-10,  Error =2.312212387778345e-06
Completed 66 % :  mod = 1.1277654317362317e-10,  Error =2.3206267769637634e-06
Completed 66 % :  mod = 1.0911541454557321e-10,  Error =2.32916225684221e-06
Completed 66 % :  mod = 1.0572388302457871e-10,  Error =2.337817086583982e-06
Completed 67 % :  mod = 1.0200986205121399e-10,  Error =2.346567207212047e-06
Completed 67 % :  mod = 9.748841505487073e-11,  Error =2.355391501396298e-06
Completed 67 % :  mod = 9.189194264216122e-11,  Error =2.364300726753754e-06
Completed 67 % :  mod = 8.529742606998822e-11,  Error =2.3732690905831078e-06
Completed 68 % :  mod = 7.807979453038942e-11,  Error =2.3823094466024486e-06
Completed 68 % :  mod = 7.085540103435615e-11,  Error =2.391405629964538e-06
Completed 68 % :  mod = 6.4285166002532e-11,  Error =2.4005402039506407e-06
Completed 68 % :  mod = 5.887295640395965e-11,  Error =2.409725198049273e-06
Completed 69 % :  mod = 5.489568740764069e-11,  Error =2.4189339029589974e-06
Completed 69 % :  mod = 5.234424584298466e-11,  Error =2.4281793358227333e-06
Completed 69 % :  mod = 5.103717735909056e-11,  Error =2.437435000501864e-06
Completed 69 % :  mod = 5.072095620060181e-11,  Error =2.446715285486789e-06
Completed 70 % :  mod = 5.1186003555003766e-11,  Error =2.4560040685628337e-06
Completed 70 % :  mod = 5.229463658213006e-11,  Error =2.4652871886132743e-06
Completed 70 % :  mod = 5.394933881740548e-11,  Error =2.4745804338976995e-06
Completed 70 % :  mod = 5.600186120495072e-11,  Error =2.4838608041477528e-06
Completed 71 % :  mod = 5.820348294645959e-11,  Error =2.4931452813348187e-06
Completed 71 % :  mod = 6.020079563881565e-11,  Error =2.502420464622901e-06
Completed 71 % :  mod = 6.164367692649697e-11,  Error =2.5116749142739536e-06
Completed 71 % :  mod = 6.234080893484056e-11,  Error =2.5209255340996606e-06
Completed 72 % :  mod = 6.23778985951697e-11,  Error =2.530150155166666e-06
Completed 72 % :  mod = 6.215701712001279e-11,  Error =2.5393641038817805e-06
Completed 72 % :  mod = 6.230760854963761e-11,  Error =2.548551513825714e-06
Completed 72 % :  mod = 6.350932983522917e-11,  Error =2.5576948985417403e-06
Completed 73 % :  mod = 6.630853358915955e-11,  Error =2.5668047527460658e-06
Completed 73 % :  mod = 7.098101835751574e-11,  Error =2.575850878372421e-06
Completed 73 % :  mod = 7.754195051466963e-11,  Error =2.5848399474170947e-06
Completed 73 % :  mod = 8.579535830593324e-11,  Error =2.593747190360318e-06
Completed 74 % :  mod = 9.545747649168191e-11,  Error =2.6025460186929195e-06
Completed 74 % :  mod = 1.0627698998989971e-10,  Error =2.611237519545284e-06
Completed 74 % :  mod = 1.179604157626273e-10,  Error =2.6197846594300245e-06
Completed 74 % :  mod = 1.3019172053913022e-10,  Error =2.628189115227997e-06
Completed 75 % :  mod = 1.424618575833035e-10,  Error =2.636426003732595e-06
Completed 75 % :  mod = 1.5409732322012714e-10,  Error =2.6444737670772156e-06
Completed 75 % :  mod = 1.644276262539784e-10,  Error =2.6523387859356262e-06
Completed 75 % :  mod = 1.7295255387856975e-10,  Error =2.659995551823613e-06
Completed 76 % :  mod = 1.7969031797853685e-10,  Error =2.6674515325453285e-06
Completed 76 % :  mod = 1.8522803905180756e-10,  Error =2.674678945879805e-06
Completed 76 % :  mod = 1.9067274943925227e-10,  Error =2.681678211047256e-06
Completed 76 % :  mod = 1.9727941212575628e-10,  Error =2.6884253401249225e-06
Completed 77 % :  mod = 2.0604671698203877e-10,  Error =2.694896316768336e-06
Completed 77 % :  mod = 2.1742741253525841e-10,  Error =2.7010912404534793e-06
Completed 77 % :  mod = 2.311684671739165e-10,  Error =2.706988304623792e-06
Completed 77 % :  mod = 2.4656524985028046e-10,  Error =2.7125978760977887e-06
Completed 78 % :  mod = 2.626273202238058e-10,  Error =2.7179226407270107e-06
Completed 78 % :  mod = 2.7828912035164056e-10,  Error =2.7229804118178436e-06
Completed 78 % :  mod = 2.9243259266683624e-10,  Error =2.7278218865944837e-06
Completed 78 % :  mod = 3.036311008327266e-10,  Error =2.732495190116424e-06
Completed 79 % :  mod = 3.1024225468849657e-10,  Error =2.7370854027708447e-06
Completed 79 % :  mod = 3.106072544150585e-10,  Error =2.7416782231171055e-06
Completed 79 % :  mod = 3.0368308200703495e-10,  Error =2.746368473083294e-06
Completed 79 % :  mod = 2.8954816656047074e-10,  Error =2.7512649154459723e-06
Completed 80 % :  mod = 2.696694895396689e-10,  Error =2.7564396489765386e-06
Completed 80 % :  mod = 2.464536888942804e-10,  Error =2.7619618521157463e-06
Completed 80 % :  mod = 2.2264651558839997e-10,  Error =2.7678553493615254e-06
Completed 80 % :  mod = 2.0050610180693403e-10,  Error =2.7741168224793e-06
Completed 81 % :  mod = 1.8129939371977358e-10,  Error =2.7807462785744974e-06
Completed 81 % :  mod = 1.6550092760818627e-10,  Error =2.787702513273871e-06
Completed 81 % :  mod = 1.529800184611196e-10,  Error =2.7949656598025285e-06
Completed 81 % :  mod = 1.4350831005455915e-10,  Error =2.8024822711358865e-06
Completed 82 % :  mod = 1.3682610168732027e-10,  Error =2.8102311731004193e-06
Completed 82 % :  mod = 1.3266122840704456e-10,  Error =2.8181707563135205e-06
Completed 82 % :  mod = 1.3050016227575481e-10,  Error =2.8262637101761356e-06
Completed 82 % :  mod = 1.2944799711210195e-10,  Error =2.834501955817359e-06
Completed 83 % :  mod = 1.2828250103485265e-10,  Error =2.842847990791597e-06
Completed 83 % :  mod = 1.2571432146309534e-10,  Error =2.851305985984709e-06
Completed 83 % :  mod = 1.2081734156159472e-10,  Error =2.859858064141463e-06
Completed 83 % :  mod = 1.1339517563002837e-10,  Error =2.868491094432102e-06
Completed 84 % :  mod = 1.0404465686860435e-10,  Error =2.8772200266757864e-06
Completed 84 % :  mod = 9.399112486385946e-11,  Error =2.8860208587389025e-06
Completed 84 % :  mod = 8.457794847423558e-11,  Error =2.894902550565348e-06
Completed 84 % :  mod = 7.689130449063071e-11,  Error =2.9038458890795482e-06
Completed 85 % :  mod = 7.144641169934261e-11,  Error =2.912829877743661e-06
Completed 85 % :  mod = 6.817422662280872e-11,  Error =2.921863874405517e-06
Completed 85 % :  mod = 6.668853368133627e-11,  Error =2.9309172617786317e-06
Completed 85 % :  mod = 6.65733444865504e-11,  Error =2.939999774298485e-06
Completed 86 % :  mod = 6.762470936720777e-11,  Error =2.949091097548262e-06
Completed 86 % :  mod = 6.986219382294718e-11,  Error =2.958172530043157e-06
Completed 86 % :  mod = 7.336647179391871e-11,  Error =2.967255966268567e-06
Completed 86 % :  mod = 7.799447675505437e-11,  Error =2.976314981140149e-06
Completed 87 % :  mod = 8.321602036413163e-11,  Error =2.9853630820753096e-06
Completed 87 % :  mod = 8.810067112090896e-11,  Error =2.994376309572999e-06
Completed 87 % :  mod = 9.1642683958982e-11,  Error =3.003370707688191e-06
Completed 87 % :  mod = 9.315748537820505e-11,  Error =3.0123339271881377e-06
Completed 88 % :  mod = 9.266528987643541e-11,  Error =3.0212537964757757e-06
Completed 88 % :  mod = 9.096687159317536e-11,  Error =3.0301433611157336e-06
Completed 88 % :  mod = 8.941233714643832e-11,  Error =3.03897261488828e-06
Completed 88 % :  mod = 8.944573028747994e-11,  Error =3.0477461478994883e-06
Completed 89 % :  mod = 9.216057131196643e-11,  Error =3.0564372224262115e-06
Completed 89 % :  mod = 9.801856436084866e-11,  Error =3.0650174167590194e-06
Completed 89 % :  mod = 1.0691235115980454e-10,  Error =3.0734829437051303e-06
Completed 89 % :  mod = 1.1838731391959776e-10,  Error =3.0817869713928303e-06
Completed 90 % :  mod = 1.3203967971460233e-10,  Error =3.08991538133796e-06
Completed 90 % :  mod = 1.475998782119097e-10,  Error =3.097827281806076e-06
Completed 90 % :  mod = 1.6485746482697767e-10,  Error =3.1054845379685503e-06
Completed 90 % :  mod = 1.8341701704881286e-10,  Error =3.112880001765461e-06
Completed 91 % :  mod = 2.0224647655723752e-10,  Error =3.119982125099341e-06
Completed 91 % :  mod = 2.1976173892337074e-10,  Error =3.1268012818941315e-06
Completed 91 % :  mod = 2.3405058841526296e-10,  Error =3.133338282168552e-06
Completed 91 % :  mod = 2.4367629674371676e-10,  Error =3.139608587332532e-06
Completed 92 % :  mod = 2.4840085817885197e-10,  Error =3.145656052083723e-06
Completed 92 % :  mod = 2.4934792213921584e-10,  Error =3.1514993068526564e-06
Completed 92 % :  mod = 2.486010850488072e-10,  Error =3.157177324908389e-06
Completed 92 % :  mod = 2.482857881221282e-10,  Error =3.1627012901935814e-06
Completed 93 % :  mod = 2.497030353932874e-10,  Error =3.1681066303690386e-06
Completed 93 % :  mod = 2.529570712974567e-10,  Error =3.1734117627024716e-06
Completed 93 % :  mod = 2.5724990531900097e-10,  Error =3.178638138479073e-06
Completed 93 % :  mod = 2.616277396172861e-10,  Error =3.183824787811318e-06
Completed 94 % :  mod = 2.655301265585444e-10,  Error =3.188993652258887e-06
Completed 94 % :  mod = 2.6880764807748316e-10,  Error =3.1941910663135786e-06
Completed 94 % :  mod = 2.711366330501442e-10,  Error =3.199452848434703e-06
Completed 94 % :  mod = 2.7149503019063704e-10,  Error =3.2048176805687945e-06
Completed 95 % :  mod = 2.6818435149244304e-10,  Error =3.210344189596981e-06
Completed 95 % :  mod = 2.5952089022725865e-10,  Error =3.216074496492638e-06
Completed 95 % :  mod = 2.447313380485541e-10,  Error =3.2220746817301915e-06
Completed 95 % :  mod = 2.2462460246774262e-10,  Error =3.2283833562019026e-06
Completed 96 % :  mod = 2.0150941421923615e-10,  Error =3.2350162797456505e-06
Completed 96 % :  mod = 1.783102257427976e-10,  Error =3.2419878621681164e-06
Completed 96 % :  mod = 1.576517211780245e-10,  Error =3.2492646653281554e-06
Completed 96 % :  mod = 1.4088320769925023e-10,  Error =3.256834759213234e-06
Completed 97 % :  mod = 1.2812599463649175e-10,  Error =3.2646576357819868e-06
Completed 97 % :  mod = 1.1866999249771376e-10,  Error =3.272689333755352e-06
Completed 97 % :  mod = 1.116412789682461e-10,  Error =3.2809111729648066e-06
Completed 97 % :  mod = 1.0655721771903283e-10,  Error =3.2892705945641865e-06
Completed 98 % :  mod = 1.0337001051731552e-10,  Error =3.297755981179762e-06
Completed 98 % :  mod = 1.0223762632428237e-10,  Error =3.3063259223808927e-06
Completed 98 % :  mod = 1.0301793695314685e-10,  Error =3.3149803684295875e-06
Completed 98 % :  mod = 1.0490473037092991e-10,  Error =3.3236958998372756e-06
Completed 99 % :  mod = 1.0644241067865638e-10,  Error =3.3324503689868834e-06
Completed 99 % :  mod = 1.0602590923010131e-10,  Error =3.3412557982615e-06
Completed 99 % :  mod = 1.0260263273249837e-10,  Error =3.350090906906189e-06
Completed 99 % :  mod = 9.619135320891646e-11,  Error =3.3589750572105004e-06
Completed 100 % :  mod = 8.796641037686141e-11,  Error =3.367897519979124e-06
Finished 20/31 frames
Finished all frames!
