/opt/local/miniconda_23_9/lib/python3.11/site-packages/conda/base/context.py:201: FutureWarning: Adding 'defaults' to channel list implicitly is deprecated and will be removed in 25.3. 

To remove this warning, please choose a default channel explicitly with conda's regular configuration system, e.g. by adding 'defaults' to the list of channels:

  conda config --add channels defaults

For more information see https://docs.conda.io/projects/conda/en/stable/user-guide/configuration/use-condarc.html

  deprecated.topic(
JOB 14487 ARRAY_ID 15  -> i=15 ; range=[1.9e-10, 5.0e-10] ; intervals=30 (frames=31)
Analytic t0 extension enabled (--extend-time-using-t0).
Completed 0 % :  mod = 2.7200000015701614e-16,  Error =-1.4210854715202004e-14
Completed 0 % :  mod = 2.7306028926177577e-16,  Error =6.920444661773217e-09
Completed 0 % :  mod = 2.762453865709121e-16,  Error =1.3834345224950084e-08
Completed 0 % :  mod = 2.8158007524275786e-16,  Error =2.0748331053255242e-08
Completed 0 % :  mod = 2.8910586919751037e-16,  Error =2.7662309776133043e-08
Completed 1 % :  mod = 2.988813310647796e-16,  Error =3.457608244161747e-08
Completed 1 % :  mod = 3.1098252206644374e-16,  Error =4.1490146429623564e-08
Completed 1 % :  mod = 3.2550361805941046e-16,  Error =4.8404004360236286e-08
Completed 1 % :  mod = 3.425576057114999e-16,  Error =5.5317840974566934e-08
Completed 2 % :  mod = 3.622972159612066e-16,  Error =6.223844195574202e-08
Completed 2 % :  mod = 3.848386064732289e-16,  Error =6.915245620575661e-08
Completed 2 % :  mod = 4.1037459739105117e-16,  Error =7.60663851906429e-08
Completed 2 % :  mod = 4.391039066559252e-16,  Error =8.298039944065749e-08
Completed 3 % :  mod = 4.712500816895498e-16,  Error =8.989425737127021e-08
Completed 3 % :  mod = 5.070632772120025e-16,  Error =9.680795187705371e-08
Completed 3 % :  mod = 5.468221683037006e-16,  Error =1.0372200165420509e-07
Completed 3 % :  mod = 5.908361312670872e-16,  Error =1.106361295910574e-07
Completed 4 % :  mod = 6.3944766747262e-16,  Error =1.1755007278679841e-07
Completed 4 % :  mod = 6.930883670902951e-16,  Error =1.2447033270746033e-07
Completed 4 % :  mod = 7.520738929952107e-16,  Error =1.313841337946542e-07
Completed 4 % :  mod = 8.169116510099966e-16,  Error =1.3829794909270277e-07
Completed 5 % :  mod = 8.881061741590152e-16,  Error =1.452119207101532e-07
Completed 5 % :  mod = 9.662114674847045e-16,  Error =1.5212599890901402e-07
Completed 5 % :  mod = 1.0518352930499463e-15,  Error =1.5903983552334466e-07
Completed 5 % :  mod = 1.1456439445279593e-15,  Error =1.6595402030361583e-07
Completed 6 % :  mod = 1.2483673758254947e-15,  Error =1.7286789244508327e-07
Completed 6 % :  mod = 1.3609164892966365e-15,  Error =1.7978847210997628e-07
Completed 6 % :  mod = 1.483953582298269e-15,  Error =1.8670238688400786e-07
Completed 6 % :  mod = 1.618537998674507e-15,  Error =1.9361616665491965e-07
Completed 7 % :  mod = 1.7657170190810019e-15,  Error =2.005301027452333e-07
Completed 7 % :  mod = 1.926635898340288e-15,  Error =2.0744404594097432e-07
Completed 7 % :  mod = 2.102546823187431e-15,  Error =2.1435796782043326e-07
Completed 7 % :  mod = 2.2948186318490213e-15,  Error =2.2127226628754215e-07
Completed 8 % :  mod = 2.504947477435244e-15,  Error =2.2818626632670203e-07
Completed 8 % :  mod = 2.7345684876709995e-15,  Error =2.3510017399530625e-07
Completed 8 % :  mod = 2.9857171896416343e-15,  Error =2.420205973407974e-07
Completed 8 % :  mod = 3.259871479547239e-15,  Error =2.4893436290085447e-07
Completed 9 % :  mod = 3.559392335790037e-15,  Error =2.5584852636484356e-07
Completed 9 % :  mod = 3.886610460927856e-15,  Error =2.627622635031912e-07
Completed 9 % :  mod = 4.24407210351876e-15,  Error =2.696762777532058e-07
Completed 9 % :  mod = 4.634558829495447e-15,  Error =2.7659036305749396e-07
Completed 10 % :  mod = 5.061109205981227e-15,  Error =2.8350425651524347e-07
Completed 10 % :  mod = 5.52704241243682e-15,  Error =2.9041817128927505e-07
Completed 10 % :  mod = 6.035984086745779e-15,  Error =2.9733232054240943e-07
Completed 10 % :  mod = 6.592445622234734e-15,  Error =3.04252871785593e-07
Completed 11 % :  mod = 7.199701503004175e-15,  Error =3.111667652433425e-07
Completed 11 % :  mod = 7.862981596881737e-15,  Error =3.180807155445109e-07
Completed 11 % :  mod = 8.587447180637892e-15,  Error =3.2499455215884154e-07
Completed 11 % :  mod = 9.378735660029406e-15,  Error =3.3190844561659105e-07
Completed 12 % :  mod = 1.0243004419367398e-14,  Error =3.388222964417764e-07
Completed 12 % :  mod = 1.1186978731404823e-14,  Error =3.4573658780345795e-07
Completed 12 % :  mod = 1.2218004104841158e-14,  Error =3.5265065179146404e-07
Completed 12 % :  mod = 1.3345219679312382e-14,  Error =3.595712385617844e-07
Completed 13 % :  mod = 1.4575258550079507e-14,  Error =3.6648501122726884e-07
Completed 13 % :  mod = 1.5918714248848294e-14,  Error =3.7339918890211266e-07
Completed 13 % :  mod = 1.738604081427434e-14,  Error =3.8031318183584517e-07
Completed 13 % :  mod = 1.8988656210988755e-14,  Error =3.8722693318504753e-07
Completed 14 % :  mod = 2.073903112195686e-14,  Error =3.941409829621989e-07
Completed 14 % :  mod = 2.2650786019984214e-14,  Error =4.0105494036879463e-07
Completed 14 % :  mod = 2.4738797157884022e-14,  Error =4.0796886935368093e-07
Completed 14 % :  mod = 2.701931230448652e-14,  Error =4.1488282676027666e-07
Completed 15 % :  mod = 2.9512546206307575e-14,  Error =4.2180339221431495e-07
Completed 15 % :  mod = 3.223317029197186e-14,  Error =4.28717534362022e-07
Completed 15 % :  mod = 3.5204615571505315e-14,  Error =4.356314278197715e-07
Completed 15 % :  mod = 3.845000424018366e-14,  Error =4.4254551312405965e-07
Completed 16 % :  mod = 4.199459015467838e-14,  Error =4.494594350035186e-07
Completed 16 % :  mod = 4.58659553860595e-14,  Error =4.5637352030780676e-07
Completed 16 % :  mod = 5.009422480595613e-14,  Error =4.6328739955470155e-07
Completed 16 % :  mod = 5.471230052732642e-14,  Error =4.702014351209982e-07
Completed 17 % :  mod = 5.976111764484043e-14,  Error =4.771219934696092e-07
Completed 17 % :  mod = 6.527038590643494e-14,  Error =4.840360787738973e-07
Completed 17 % :  mod = 7.128755317786756e-14,  Error =4.909500006533563e-07
Completed 17 % :  mod = 7.785944179912938e-14,  Error =4.978639722708067e-07
Completed 18 % :  mod = 8.503719065059827e-14,  Error =5.047780788913769e-07
Completed 18 % :  mod = 9.287665309463897e-14,  Error =5.116919865599812e-07
Completed 18 % :  mod = 1.0143883156016683e-13,  Error =5.186060789696967e-07
Completed 18 % :  mod = 1.1079035228786442e-13,  Error =5.255199582165915e-07
Completed 19 % :  mod = 1.2100398371755052e-13,  Error =5.324338161472042e-07
Completed 19 % :  mod = 1.3217026044177348e-13,  Error =5.393543176523963e-07
Completed 19 % :  mod = 1.443548903228034e-13,  Error =5.462682253210005e-07
Completed 19 % :  mod = 1.576628117829915e-13,  Error =5.531819908810576e-07
Completed 20 % :  mod = 1.7219757974675396e-13,  Error =5.600961188179099e-07
Completed 20 % :  mod = 1.8807229573356087e-13,  Error =5.670101259624971e-07
Completed 20 % :  mod = 2.0541048795008714e-13,  Error =5.739241046853749e-07
Completed 20 % :  mod = 2.2434707250985988e-13,  Error =5.808380976191074e-07
Completed 21 % :  mod = 2.450294032225461e-13,  Error =5.877520621311305e-07
Completed 21 % :  mod = 2.676184182258241e-13,  Error =5.946660124322989e-07
Completed 21 % :  mod = 2.9231434798116846e-13,  Error =6.015865068320636e-07
Completed 21 % :  mod = 3.192625145907707e-13,  Error =6.085003363409669e-07
Completed 22 % :  mod = 3.4869500424734653e-13,  Error =6.154140592684598e-07
Completed 22 % :  mod = 3.808408428633073e-13,  Error =6.223279740424914e-07
Completed 22 % :  mod = 4.159501696271737e-13,  Error =6.292421730336173e-07
Completed 22 % :  mod = 4.542961832455092e-13,  Error =6.361560878076489e-07
Completed 23 % :  mod = 4.961772676162523e-13,  Error =6.430697681025777e-07
Completed 23 % :  mod = 5.41919313390618e-13,  Error =6.499833915540876e-07
Completed 23 % :  mod = 5.919277755635881e-13,  Error =6.569037935832966e-07
Completed 23 % :  mod = 6.46496919737508e-13,  Error =6.638176586193367e-07
Completed 24 % :  mod = 7.06096703688659e-13,  Error =6.707316799747787e-07
Completed 24 % :  mod = 7.711908852313366e-13,  Error =6.776453886914169e-07
Completed 24 % :  mod = 8.422859718796414e-13,  Error =6.845592963600211e-07
Completed 24 % :  mod = 9.199351607736703e-13,  Error =6.91473019287514e-07
Completed 25 % :  mod = 1.0047426415146576e-12,  Error =6.983867777421437e-07
Completed 25 % :  mod = 1.0973682951774442e-12,  Error =7.053009269952781e-07
Completed 25 % :  mod = 1.1985328259884503e-12,  Error =7.122146570281984e-07
Completed 25 % :  mod = 1.3091328895446634e-12,  Error =7.191351443225358e-07
Completed 26 % :  mod = 1.429819212037663e-12,  Error =7.260490377802853e-07
Completed 26 % :  mod = 1.5616310592494063e-12,  Error =7.329628530783339e-07
Completed 26 % :  mod = 1.7055939505732338e-12,  Error =7.398766683763824e-07
Completed 26 % :  mod = 1.862827906966206e-12,  Error =7.46790384198448e-07
Completed 27 % :  mod = 2.0345561507506793e-12,  Error =7.537041639693598e-07
Completed 27 % :  mod = 2.22211460385331e-12,  Error =7.606178655805707e-07
Completed 27 % :  mod = 2.4269622568159562e-12,  Error =7.675317021949013e-07
Completed 27 % :  mod = 2.6506924874977023e-12,  Error =7.744451124835905e-07
Completed 28 % :  mod = 2.895287629831795e-12,  Error =7.813650242383119e-07
Completed 28 % :  mod = 3.1621859227504043e-12,  Error =7.882780579393511e-07
Completed 28 % :  mod = 3.4536845901557875e-12,  Error =7.951914042791941e-07
Completed 28 % :  mod = 3.772050083735297e-12,  Error =8.021043385042503e-07
Completed 29 % :  mod = 4.119757362877016e-12,  Error =8.090173935215716e-07
Completed 29 % :  mod = 4.499508985264687e-12,  Error =8.159297877341487e-07
Completed 29 % :  mod = 4.914255917495778e-12,  Error =8.228420753653154e-07
Completed 29 % :  mod = 5.367220212436707e-12,  Error =8.297541640445161e-07
Completed 30 % :  mod = 5.862410070504327e-12,  Error =8.366721928609877e-07
Completed 30 % :  mod = 6.40273045802434e-12,  Error =8.435832654640762e-07
Completed 30 % :  mod = 6.992823161579782e-12,  Error =8.504938406872498e-07
Completed 30 % :  mod = 7.637264735201188e-12,  Error =8.574036627351234e-07
Completed 31 % :  mod = 8.341050034374336e-12,  Error =8.643126534479961e-07
Completed 31 % :  mod = 9.109629686573706e-12,  Error =8.712205428196285e-07
Completed 31 % :  mod = 9.948950685531235e-12,  Error =8.781275155911317e-07
Completed 31 % :  mod = 1.0865500296916582e-11,  Error =8.850330814880181e-07
Completed 32 % :  mod = 1.1866353450299743e-11,  Error =8.919370415583217e-07
Completed 32 % :  mod = 1.2960306945694587e-11,  Error =8.988455562075615e-07
Completed 32 % :  mod = 1.4153701032924769e-11,  Error =9.057453169702967e-07
Completed 32 % :  mod = 1.5456687615702555e-11,  Error =9.126424131977728e-07
Completed 33 % :  mod = 1.687924110513033e-11,  Error =9.195362622449466e-07
Completed 33 % :  mod = 1.8432216440229032e-11,  Error =9.26426309888484e-07
Completed 33 % :  mod = 2.0127418456296202e-11,  Error =9.333115968956918e-07
Completed 33 % :  mod = 2.1977674075750615e-11,  Error =9.401916969409285e-07
Completed 34 % :  mod = 2.3996906502139608e-11,  Error =9.470648478782095e-07
Completed 34 % :  mod = 2.62023930933706e-11,  Error =9.539373024836095e-07
Completed 34 % :  mod = 2.8606306087993605e-11,  Error =9.607936846123266e-07
Completed 34 % :  mod = 3.122830300242117e-11,  Error =9.676392096480413e-07
Completed 35 % :  mod = 3.408742022827478e-11,  Error =9.744713196369048e-07
Completed 35 % :  mod = 3.720412591734548e-11,  Error =9.812883732251976e-07
Completed 35 % :  mod = 4.060035437545638e-11,  Error =9.880869953349247e-07
Completed 35 % :  mod = 4.429951425843191e-11,  Error =9.948638179935188e-07
Completed 36 % :  mod = 4.83264593949567e-11,  Error =1.001614911899651e-06
Completed 36 % :  mod = 5.2707407474515804e-11,  Error =1.00833584326665e-06
Completed 36 % :  mod = 5.7474495656542635e-11,  Error =1.0150270881581491e-06
Completed 36 % :  mod = 6.264709974248099e-11,  Error =1.0216696324505392e-06
Completed 37 % :  mod = 6.825852564254043e-11,  Error =1.0282626092816827e-06
Completed 37 % :  mod = 7.433777693133582e-11,  Error =1.0347973429247759e-06
Completed 37 % :  mod = 8.091311189603412e-11,  Error =1.0412640847334842e-06
Completed 37 % :  mod = 8.801097509468498e-11,  Error =1.0476518426116854e-06
Completed 38 % :  mod = 9.565455395728745e-11,  Error =1.0539482957483415e-06
Completed 38 % :  mod = 1.0386186125617323e-10,  Error =1.0601397590903616e-06
Completed 38 % :  mod = 1.1264322893334114e-10,  Error =1.0662109488634997e-06
Completed 38 % :  mod = 1.2200723315937204e-10,  Error =1.072151938785737e-06
Completed 39 % :  mod = 1.3192057862872706e-10,  Error =1.0779348897926866e-06
Completed 39 % :  mod = 1.4235638735677295e-10,  Error =1.0835482271431829e-06
Completed 39 % :  mod = 1.532532916841346e-10,  Error =1.0889759849419534e-06
Completed 39 % :  mod = 1.6451724989912896e-10,  Error =1.0942034549543678e-06
Completed 40 % :  mod = 1.7601424060886341e-10,  Error =1.0992190269121238e-06
Completed 40 % :  mod = 1.8756310950115304e-10,  Error =1.1040152472219233e-06
Completed 40 % :  mod = 1.9892968736095596e-10,  Error =1.1085895508244903e-06
Completed 40 % :  mod = 2.0983382555267935e-10,  Error =1.11295090476915e-06
Completed 41 % :  mod = 2.199104736552266e-10,  Error =1.1171041194302234e-06
Completed 41 % :  mod = 2.287816376180935e-10,  Error =1.1210751011958564e-06
Completed 41 % :  mod = 2.3603317589186897e-10,  Error =1.1248941191865924e-06
Completed 41 % :  mod = 2.4125491893569283e-10,  Error =1.1286002248311888e-06
Completed 42 % :  mod = 2.4407997207861794e-10,  Error =1.1322388147050333e-06
Completed 42 % :  mod = 2.44230421834815e-10,  Error =1.1358593781096715e-06
Completed 42 % :  mod = 2.4156314116344956e-10,  Error =1.1395144738912677e-06
Completed 42 % :  mod = 2.361069232427324e-10,  Error =1.1432548561174372e-06
Completed 43 % :  mod = 2.280724720306139e-10,  Error =1.1471302059362642e-06
Completed 43 % :  mod = 2.1787763312790766e-10,  Error =1.1511732722624402e-06
Completed 43 % :  mod = 2.0606345431101748e-10,  Error =1.1554170242789041e-06
Completed 43 % :  mod = 1.932592600530402e-10,  Error =1.1598816413993518e-06
Completed 44 % :  mod = 1.8009896528139265e-10,  Error =1.1645770001678102e-06
Completed 44 % :  mod = 1.6714587942917366e-10,  Error =1.1695030082137237e-06
Completed 44 % :  mod = 1.5483465548254318e-10,  Error =1.1746518993049904e-06
Completed 44 % :  mod = 1.4343992679876137e-10,  Error =1.180010812618093e-06
Completed 45 % :  mod = 1.330643300637171e-10,  Error =1.1855684718398152e-06
Completed 45 % :  mod = 1.2369851923750442e-10,  Error =1.1912957589288453e-06
Completed 45 % :  mod = 1.1520032911164007e-10,  Error =1.1971794009468795e-06
Completed 45 % :  mod = 1.073808389277505e-10,  Error =1.2032008740447964e-06
Completed 46 % :  mod = 1.0003960510493489e-10,  Error =1.2093442336436055e-06
Completed 46 % :  mod = 9.300398701735926e-11,  Error =1.215594082282223e-06
Completed 46 % :  mod = 8.615761375857443e-11,  Error =1.2219375307154223e-06
Completed 46 % :  mod = 7.945471552215423e-11,  Error =1.2283635228982348e-06
Completed 47 % :  mod = 7.291882141280185e-11,  Error =1.2348609459422732e-06
Completed 47 % :  mod = 6.662114140602262e-11,  Error =1.2414269789928767e-06
Completed 47 % :  mod = 6.067826937548111e-11,  Error =1.2480406894610496e-06
Completed 47 % :  mod = 5.518700712301373e-11,  Error =1.254700983110979e-06
Completed 48 % :  mod = 5.022379864825642e-11,  Error =1.2614010032052647e-06
Completed 48 % :  mod = 4.58239920071659e-11,  Error =1.268134596443815e-06
Completed 48 % :  mod = 4.197921889693111e-11,  Error =1.2748963982289752e-06
Completed 48 % :  mod = 3.864455451566208e-11,  Error =1.2816818681926634e-06
Completed 49 % :  mod = 3.575069175339602e-11,  Error =1.2884867501838926e-06
Completed 49 % :  mod = 3.321637200593488e-11,  Error =1.2953078396549245e-06
Completed 49 % :  mod = 3.0956378496633946e-11,  Error =1.3021488456388397e-06
Completed 49 % :  mod = 2.8897442960896047e-11,  Error =1.3089949462141703e-06
Completed 50 % :  mod = 2.6972112770220273e-11,  Error =1.315850902017246e-06
Completed 50 % :  mod = 2.5133968551640764e-11,  Error =1.3227145814198593e-06
Completed 50 % :  mod = 2.3360707255274385e-11,  Error =1.3295851246653e-06
Completed 50 % :  mod = 2.165582059822291e-11,  Error =1.3364615583100203e-06
Completed 51 % :  mod = 2.0044396570024682e-11,  Error =1.3433431291787201e-06
Completed 51 % :  mod = 1.8563149457587643e-11,  Error =1.3502286719813128e-06
Completed 51 % :  mod = 1.7246572184909018e-11,  Error =1.3571243613341721e-06
Completed 51 % :  mod = 1.6121029825602182e-11,  Error =1.3640159792771556e-06
Completed 52 % :  mod = 1.5192232073516527e-11,  Error =1.3709101835956972e-06
Completed 52 % :  mod = 1.4451967770305888e-11,  Error =1.377806675861848e-06
Completed 52 % :  mod = 1.3882462297138005e-11,  Error =1.3847049089577013e-06
Completed 52 % :  mod = 1.3462244839099666e-11,  Error =1.391603944966846e-06
Completed 53 % :  mod = 1.3169212043854171e-11,  Error =1.3985041320552227e-06
Completed 53 % :  mod = 1.2980643343524677e-11,  Error =1.4054053139034295e-06
Completed 53 % :  mod = 1.287251457042165e-11,  Error =1.412306708914457e-06
Completed 53 % :  mod = 1.2821069659387986e-11,  Error =1.4192150530334402e-06
Completed 54 % :  mod = 1.2808051188819922e-11,  Error =1.4261170164786563e-06
Completed 54 % :  mod = 1.282722317711333e-11,  Error =1.4330188875533167e-06
Completed 54 % :  mod = 1.2889255317666756e-11,  Error =1.4399201333503697e-06
Completed 54 % :  mod = 1.302085304514464e-11,  Error =1.4468209457163539e-06
Completed 55 % :  mod = 1.3257994169518498e-11,  Error =1.4537216017629362e-06
Completed 55 % :  mod = 1.363603221571821e-11,  Error =1.4606212630496884e-06
Completed 55 % :  mod = 1.4181145590696168e-11,  Error =1.4675197519409267e-06
Completed 55 % :  mod = 1.4906518635049533e-11,  Error =1.4744170755420782e-06
Completed 56 % :  mod = 1.581455878816884e-11,  Error =1.481318932405884e-06
Completed 56 % :  mod = 1.6897101348260268e-11,  Error =1.4882118790637833e-06
Completed 56 % :  mod = 1.814356507621059e-11,  Error =1.4951022180298423e-06
Completed 56 % :  mod = 1.953809398586841e-11,  Error =1.5019891961287613e-06
Completed 57 % :  mod = 2.105943117666315e-11,  Error =1.50887219518836e-06
Completed 57 % :  mod = 2.268202522295205e-11,  Error =1.5157510802055185e-06
Completed 57 % :  mod = 2.4381988845917554e-11,  Error =1.5226239398202779e-06
Completed 57 % :  mod = 2.614776163884229e-11,  Error =1.5294909871954587e-06
Completed 58 % :  mod = 2.7993477285907724e-11,  Error =1.5363568763859803e-06
Completed 58 % :  mod = 2.9958789475583885e-11,  Error =1.5432073610099906e-06
Completed 58 % :  mod = 3.211731479735659e-11,  Error =1.5500467540618956e-06
Completed 58 % :  mod = 3.455870258218473e-11,  Error =1.5568732223414372e-06
Completed 59 % :  mod = 3.7374195499772e-11,  Error =1.5636851458111778e-06
Completed 59 % :  mod = 4.064105812818989e-11,  Error =1.5704782754255575e-06
Completed 59 % :  mod = 4.441184809667646e-11,  Error =1.5772494279531202e-06
Completed 59 % :  mod = 4.8709460850741616e-11,  Error =1.5839940346040748e-06
Completed 60 % :  mod = 5.3526088832134686e-11,  Error =1.590707455534357e-06
Completed 60 % :  mod = 5.882915103697371e-11,  Error =1.5973897546928129e-06
Completed 60 % :  mod = 6.454316326494658e-11,  Error =1.6040221382240816e-06
Completed 60 % :  mod = 7.058709446675341e-11,  Error =1.6106034976814954e-06
Completed 61 % :  mod = 7.687007047291494e-11,  Error =1.617126578423722e-06
Completed 61 % :  mod = 8.332073464628448e-11,  Error =1.6235821576060516e-06
Completed 61 % :  mod = 8.991620085290351e-11,  Error =1.629960799220953e-06
Completed 61 % :  mod = 9.670551006256135e-11,  Error =1.6362506656264486e-06
Completed 62 % :  mod = 1.0381658394101561e-10,  Error =1.6424394857494917e-06
Completed 62 % :  mod = 1.1144767838232462e-10,  Error =1.6485179301639619e-06
Completed 62 % :  mod = 1.1980052145517529e-10,  Error =1.654458735345088e-06
Completed 62 % :  mod = 1.290738719042677e-10,  Error =1.660249445478712e-06
Completed 63 % :  mod = 1.393863233143111e-10,  Error =1.6658712738149006e-06
Completed 63 % :  mod = 1.50744831931741e-10,  Error =1.6713050428052156e-06
Completed 63 % :  mod = 1.6302119189548215e-10,  Error =1.6765336283697252e-06
Completed 63 % :  mod = 1.7594326555417242e-10,  Error =1.681542599385466e-06
Completed 64 % :  mod = 1.8910056252102845e-10,  Error =1.6863229461705487e-06
Completed 64 % :  mod = 2.0196693339362267e-10,  Error =1.6908719473462952e-06
Completed 64 % :  mod = 2.1395587302219656e-10,  Error =1.695201213181008e-06
Completed 64 % :  mod = 2.2444273077789126e-10,  Error =1.6993190428138405e-06
Completed 65 % :  mod = 2.329125137944216e-10,  Error =1.7032564514352089e-06
Completed 65 % :  mod = 2.389818832584024e-10,  Error =1.7070490159198926e-06
Completed 65 % :  mod = 2.4244761307209423e-10,  Error =1.7107406478089615e-06
Completed 65 % :  mod = 2.432811256390315e-10,  Error =1.7143791666285324e-06
Completed 66 % :  mod = 2.4159139662221244e-10,  Error =1.7180148006445961e-06
Completed 66 % :  mod = 2.375796004333771e-10,  Error =1.7216975862766049e-06
Completed 66 % :  mod = 2.3150546376636333e-10,  Error =1.7254740143357594e-06
Completed 66 % :  mod = 2.2366142905185983e-10,  Error =1.7293888987524042e-06
Completed 67 % :  mod = 2.1439269490979806e-10,  Error =1.7334685864511812e-06
Completed 67 % :  mod = 2.0403590992333662e-10,  Error =1.7377420036268632e-06
Completed 67 % :  mod = 1.929254742182532e-10,  Error =1.7422270985889554e-06
Completed 67 % :  mod = 1.8136737443200812e-10,  Error =1.7469325328534069e-06
Completed 68 % :  mod = 1.696308855627172e-10,  Error =1.751859230125774e-06
Completed 68 % :  mod = 1.579516824145157e-10,  Error =1.7570023516100264e-06
Completed 68 % :  mod = 1.4653801273366827e-10,  Error =1.7623523049792311e-06
Completed 68 % :  mod = 1.355601317910446e-10,  Error =1.7679006276694054e-06
Completed 69 % :  mod = 1.2518141209453293e-10,  Error =1.7736210793373175e-06
Completed 69 % :  mod = 1.1548186675517762e-10,  Error =1.7795017797084256e-06
Completed 69 % :  mod = 1.0649315900676311e-10,  Error =1.7855252210097206e-06
Completed 69 % :  mod = 9.819445067869737e-11,  Error =1.7916745989055016e-06
Completed 70 % :  mod = 9.053145300714351e-11,  Error =1.7979341890850264e-06
Completed 70 % :  mod = 8.343957791900266e-11,  Error =1.8042899867509732e-06
Completed 70 % :  mod = 7.686107804697584e-11,  Error =1.8107285058022171e-06
Completed 70 % :  mod = 7.075065952912737e-11,  Error =1.8172386830883624e-06
Completed 71 % :  mod = 6.50663124267477e-11,  Error =1.823816461410388e-06
Completed 71 % :  mod = 5.978411865705235e-11,  Error =1.8304400839497248e-06
Completed 71 % :  mod = 5.4864299810832356e-11,  Error =1.8371086554225258e-06
Completed 71 % :  mod = 5.027798537958385e-11,  Error =1.8438153048805361e-06
Completed 72 % :  mod = 4.600880726581177e-11,  Error =1.8505544687741349e-06
Completed 72 % :  mod = 4.205570782246697e-11,  Error =1.8573212940964368e-06
Completed 72 % :  mod = 3.84273247326813e-11,  Error =1.8641114678530357e-06
Completed 72 % :  mod = 3.512978760631907e-11,  Error =1.8709215225953812e-06
Completed 73 % :  mod = 3.215203580423132e-11,  Error =1.877754691292921e-06
Completed 73 % :  mod = 2.947224720745562e-11,  Error =1.8845953064783316e-06
Completed 73 % :  mod = 2.704668578946877e-11,  Error =1.891447602986318e-06
Completed 73 % :  mod = 2.4833685696757373e-11,  Error =1.8983098755143146e-06
Completed 74 % :  mod = 2.2802083031413588e-11,  Error =1.9051803974434733e-06
Completed 74 % :  mod = 2.09349449810844e-11,  Error =1.912057591368921e-06
Completed 74 % :  mod = 1.9224260004965994e-11,  Error =1.918940498057964e-06
Completed 74 % :  mod = 1.766126090832315e-11,  Error =1.9258283643353025e-06
Completed 75 % :  mod = 1.622973888057765e-11,  Error =1.9327204512364915e-06
Completed 75 % :  mod = 1.4906035622539666e-11,  Error =1.9396225141576906e-06
Completed 75 % :  mod = 1.367210752485641e-11,  Error =1.9465210385760656e-06
Completed 75 % :  mod = 1.2517074696343623e-11,  Error =1.9534219291017507e-06
Completed 76 % :  mod = 1.1445398569667594e-11,  Error =1.960324667038549e-06
Completed 76 % :  mod = 1.046989298537692e-11,  Error =1.9672294797601353e-06
Completed 76 % :  mod = 9.60053560245441e-12,  Error =1.9741358556757405e-06
Completed 76 % :  mod = 8.834956332943972e-12,  Error =1.981043432408569e-06
Completed 77 % :  mod = 8.156822234258779e-12,  Error =1.98795189021439e-06
Completed 77 % :  mod = 7.54312923553461e-12,  Error =1.9948610372466646e-06
Completed 77 % :  mod = 6.974974073907778e-12,  Error =2.001777509974545e-06
Completed 77 % :  mod = 6.4474557710367096e-12,  Error =2.008687957300026e-06
Completed 78 % :  mod = 5.965690657884309e-12,  Error =2.0155990227976872e-06
Completed 78 % :  mod = 5.538521006021597e-12,  Error =2.022510436461289e-06
Completed 78 % :  mod = 5.167860452543145e-12,  Error =2.02942225513425e-06
Completed 78 % :  mod = 4.844101727452579e-12,  Error =2.036334329602596e-06
Completed 79 % :  mod = 4.550267769073946e-12,  Error =2.043246659866327e-06
Completed 79 % :  mod = 4.272018354087938e-12,  Error =2.0501591109223227e-06
Completed 79 % :  mod = 4.00626158306607e-12,  Error =2.0570784897699923e-06
Completed 79 % :  mod = 3.763593041258213e-12,  Error =2.0639910403019712e-06
Completed 80 % :  mod = 3.559593165037941e-12,  Error =2.07090372583707e-06
Completed 80 % :  mod = 3.4048062261051203e-12,  Error =2.077816816381528e-06
Completed 80 % :  mod = 3.2969848218391404e-12,  Error =2.0847298713988494e-06
Completed 80 % :  mod = 3.2221722006059323e-12,  Error =2.0916430401030084e-06
Completed 81 % :  mod = 3.1635788565699804e-12,  Error =2.0985562301234495e-06
Completed 81 % :  mod = 3.112193458732107e-12,  Error =2.10546982515325e-06
Completed 81 % :  mod = 3.0719322015815106e-12,  Error =2.1123828872759987e-06
Completed 81 % :  mod = 3.0559074435987996e-12,  Error =2.119302337177942e-06
Completed 82 % :  mod = 3.0765385912280236e-12,  Error =2.1262154419332546e-06
Completed 82 % :  mod = 3.1362727375421207e-12,  Error =2.1331283264203194e-06
Completed 82 % :  mod = 3.2257039573025392e-12,  Error =2.140041431175632e-06
Completed 82 % :  mod = 3.3301880583145352e-12,  Error =2.1469543654006884e-06
Completed 83 % :  mod = 3.4405660839059123e-12,  Error =2.1538674417342918e-06
Completed 83 % :  mod = 3.560559966180771e-12,  Error =2.1607803830647754e-06
Completed 83 % :  mod = 3.7056752243092005e-12,  Error =2.1676932178138486e-06
Completed 83 % :  mod = 3.8942440183443e-12,  Error =2.17460589624352e-06
Completed 84 % :  mod = 4.136864605839486e-12,  Error =2.181524884292685e-06
Completed 84 % :  mod = 4.430011476065957e-12,  Error =2.188437477457228e-06
Completed 84 % :  mod = 4.760997801560107e-12,  Error =2.195349814826386e-06
Completed 84 % :  mod = 5.117141206483411e-12,  Error =2.202261910611014e-06
Completed 85 % :  mod = 5.495568950369682e-12,  Error =2.209173999290215e-06
Completed 85 % :  mod = 5.905891689332794e-12,  Error =2.2160856048003552e-06
Completed 85 % :  mod = 6.3642800849590034e-12,  Error =2.222996883460837e-06
Completed 85 % :  mod = 6.883245742053555e-12,  Error =2.2299074018405918e-06
Completed 86 % :  mod = 7.465011202410808e-12,  Error =2.236824109047575e-06
Completed 86 % :  mod = 8.100289771950909e-12,  Error =2.2437333129232684e-06
Completed 86 % :  mod = 8.780433713142733e-12,  Error =2.25064160730426e-06
Completed 86 % :  mod = 9.505926387813176e-12,  Error =2.2575489992959774e-06
Completed 87 % :  mod = 1.0292025112765394e-11,  Error =2.2644554320550014e-06
Completed 87 % :  mod = 1.1164664759662558e-11,  Error =2.271360166616887e-06
Completed 87 % :  mod = 1.214963892216252e-11,  Error =2.278263202981634e-06
Completed 87 % :  mod = 1.3262059747607848e-11,  Error =2.285164583781807e-06
Completed 88 % :  mod = 1.4502868011317772e-11,  Error =2.292063427944413e-06
Completed 88 % :  mod = 1.5865727825014163e-11,  Error =2.2989664287820233e-06
Completed 88 % :  mod = 1.7342273760792313e-11,  Error =2.305859162277102e-06
Completed 88 % :  mod = 1.8938135910478325e-11,  Error =2.3127477604134583e-06
Completed 89 % :  mod = 2.0668476461241458e-11,  Error =2.3196316476514767e-06
Completed 89 % :  mod = 2.2552330166870172e-11,  Error =2.3265099002856005e-06
Completed 89 % :  mod = 2.4603789578922702e-11,  Error =2.3333812677606147e-06
Completed 89 % :  mod = 2.6828342575424508e-11,  Error =2.340244790843826e-06
Completed 90 % :  mod = 2.922789260748073e-11,  Error =2.347099275823439e-06
Completed 90 % :  mod = 3.181432976809203e-11,  Error =2.353948943323303e-06
Completed 90 % :  mod = 3.460934940925971e-11,  Error =2.36077875825913e-06
Completed 90 % :  mod = 3.7660716888921246e-11,  Error =2.3675926712485307e-06
Completed 91 % :  mod = 4.1024155581466126e-11,  Error =2.374387698012015e-06
Completed 91 % :  mod = 4.47516363136197e-11,  Error =2.3811599234591085e-06
Completed 91 % :  mod = 4.8879725884968956e-11,  Error =2.3879058019815602e-06
Completed 91 % :  mod = 5.342660620967654e-11,  Error =2.394620146617399e-06
Completed 92 % :  mod = 5.839824297127116e-11,  Error =2.401297166443328e-06
Completed 92 % :  mod = 6.379835567954804e-11,  Error =2.407930253411905e-06
Completed 92 % :  mod = 6.964072890809794e-11,  Error =2.414518071702787e-06
Completed 92 % :  mod = 7.592591186763687e-11,  Error =2.421039326350183e-06
Completed 93 % :  mod = 8.266853549160634e-11,  Error =2.4274906991195166e-06
Completed 93 % :  mod = 8.987108157235503e-11,  Error =2.43386089238129e-06
Completed 93 % :  mod = 9.753199378232745e-11,  Error =2.440137713222157e-06
Completed 93 % :  mod = 1.056560297494923e-10,  Error =2.4463079455472325e-06
Completed 94 % :  mod = 1.1426555806508241e-10,  Error =2.4523568811218865e-06
Completed 94 % :  mod = 1.2340307031843314e-10,  Error =2.4582677795592645e-06
Completed 94 % :  mod = 1.3311863178264923e-10,  Error =2.4640243907469994e-06
Completed 94 % :  mod = 1.4345425339962284e-10,  Error =2.469615125733071e-06
Completed 95 % :  mod = 1.5437472986341215e-10,  Error =2.47501177597087e-06
Completed 95 % :  mod = 1.6580492568369518e-10,  Error =2.4802058220529943e-06
Completed 95 % :  mod = 1.7758377486136276e-10,  Error =2.4851846589513116e-06
Completed 95 % :  mod = 1.8947779296732385e-10,  Error =2.4899405914879935e-06
Completed 96 % :  mod = 2.0118808224496274e-10,  Error =2.4944728096443214e-06
Completed 96 % :  mod = 2.1235432040082423e-10,  Error =2.4987869409187624e-06
Completed 96 % :  mod = 2.2255875695925942e-10,  Error =2.502897913814195e-06
Completed 96 % :  mod = 2.313486332192261e-10,  Error =2.5068335389732965e-06
Completed 97 % :  mod = 2.3823958440308735e-10,  Error =2.5106193533019905e-06
Completed 97 % :  mod = 2.428204245256567e-10,  Error =2.514301158385024e-06
Completed 97 % :  mod = 2.4477548361350995e-10,  Error =2.5179263758445813e-06
Completed 97 % :  mod = 2.439358086138733e-10,  Error =2.5215468042460998e-06
Completed 98 % :  mod = 2.402967075647647e-10,  Error =2.5252142847875803e-06
Completed 98 % :  mod = 2.340156515728961e-10,  Error =2.5289788609939023e-06
Completed 98 % :  mod = 2.2540077029852688e-10,  Error =2.532884742834085e-06
Completed 98 % :  mod = 2.148930414518559e-10,  Error =2.536968743527268e-06
Completed 99 % :  mod = 2.030235223901495e-10,  Error =2.541262269062372e-06
Completed 99 % :  mod = 1.9040770720928524e-10,  Error =2.5457738956902176e-06
Completed 99 % :  mod = 1.7760741961673605e-10,  Error =2.5505150205162863e-06
Completed 99 % :  mod = 1.6510478089281881e-10,  Error =2.5554841585062604e-06
Completed 100 % :  mod = 1.532422243644524e-10,  Error =2.560672150764276e-06
Finished 16/31 frames
Finished all frames!
