/opt/local/miniconda_23_9/lib/python3.11/site-packages/conda/base/context.py:201: FutureWarning: Adding 'defaults' to channel list implicitly is deprecated and will be removed in 25.3. 

To remove this warning, please choose a default channel explicitly with conda's regular configuration system, e.g. by adding 'defaults' to the list of channels:

  conda config --add channels defaults

For more information see https://docs.conda.io/projects/conda/en/stable/user-guide/configuration/use-condarc.html

  deprecated.topic(
JOB 14484 ARRAY_ID 12  -> i=12 ; range=[1.9e-10, 5.0e-10] ; intervals=30 (frames=31)
Analytic t0 extension enabled (--extend-time-using-t0).
Completed 0 % :  mod = 2.48000000091463e-16,  Error =-1.4210854715202004e-14
Completed 0 % :  mod = 2.4896153861693724e-16,  Error =5.381195933296112e-09
Completed 0 % :  mod = 2.5185361039940154e-16,  Error =1.0762391866592225e-08
Completed 0 % :  mod = 2.566986434071895e-16,  Error =1.6143530956469476e-08
Completed 0 % :  mod = 2.635342041512178e-16,  Error =2.152440004010714e-08
Completed 1 % :  mod = 2.724133004330904e-16,  Error =2.690541833771931e-08
Completed 1 % :  mod = 2.8339461182507626e-16,  Error =3.228170442071132e-08
Completed 1 % :  mod = 2.965818205572729e-16,  Error =3.766255218806691e-08
Completed 1 % :  mod = 3.1206882827621485e-16,  Error =4.3043776543072454e-08
Completed 2 % :  mod = 3.299757245462447e-16,  Error =4.842485168410349e-08
Completed 2 % :  mod = 3.5044136600544265e-16,  Error =5.38058131382968e-08
Completed 2 % :  mod = 3.736244488052906e-16,  Error =5.91868598576184e-08
Completed 2 % :  mod = 3.9968149836854803e-16,  Error =6.45632809437302e-08
Completed 3 % :  mod = 4.2885854054326474e-16,  Error =6.994430634676974e-08
Completed 3 % :  mod = 4.613611029316878e-16,  Error =7.532544543664699e-08
Completed 3 % :  mod = 4.974412153689457e-16,  Error =8.070655610481481e-08
Completed 3 % :  mod = 5.373786576351641e-16,  Error =8.608751755900812e-08
Completed 4 % :  mod = 5.814831181900695e-16,  Error =9.146862822717594e-08
Completed 4 % :  mod = 6.300536438148077e-16,  Error =9.684529800324526e-08
Completed 4 % :  mod = 6.83548825198737e-16,  Error =1.0222611024346406e-07
Completed 4 % :  mod = 7.423444827541841e-16,  Error =1.0760734880932432e-07
Completed 5 % :  mod = 8.068965335159724e-16,  Error =1.1298864421860344e-07
Completed 5 % :  mod = 8.777055384905602e-16,  Error =1.1836930724484773e-07
Completed 5 % :  mod = 9.5532056951861e-16,  Error =1.237504250184429e-07
Completed 5 % :  mod = 1.0402685615366286e-15,  Error =1.291269668968198e-07
Completed 6 % :  mod = 1.1333515703732431e-15,  Error =1.3450810598669705e-07
Completed 6 % :  mod = 1.2352229818584063e-15,  Error =1.3988898217576207e-07
Completed 6 % :  mod = 1.3466727379674697e-15,  Error =1.452698583648271e-07
Completed 6 % :  mod = 1.468565058392865e-15,  Error =1.5065108271983263e-07
Completed 7 % :  mod = 1.6018451342964156e-15,  Error =1.5603229996941081e-07
Completed 7 % :  mod = 1.7474181811654945e-15,  Error =1.614087068446679e-07
Completed 7 % :  mod = 1.9066586713606387e-15,  Error =1.667897393531348e-07
Completed 7 % :  mod = 2.080684047824237e-15,  Error =1.7217094239185826e-07
Completed 8 % :  mod = 2.2708437713532472e-15,  Error =1.775518825297695e-07
Completed 8 % :  mod = 2.4786123967516757e-15,  Error =1.8293267345370623e-07
Completed 8 % :  mod = 2.705601039828614e-15,  Error =1.8831409676067778e-07
Completed 8 % :  mod = 2.953351578584148e-15,  Error =1.9369072390418296e-07
Completed 9 % :  mod = 3.224203225610248e-15,  Error =1.9907178483435928e-07
Completed 9 % :  mod = 3.520056452766082e-15,  Error =2.0445303761107425e-07
Completed 9 % :  mod = 3.843205412393342e-15,  Error =2.098342761769345e-07
Completed 9 % :  mod = 4.196155911879751e-15,  Error =2.1521528026369197e-07
Completed 10 % :  mod = 4.5816448472335815e-15,  Error =2.205965401458343e-07
Completed 10 % :  mod = 5.002290895154127e-15,  Error =2.2597300386451025e-07
Completed 10 % :  mod = 5.4620656990392684e-15,  Error =2.313540434784045e-07
Completed 10 % :  mod = 5.964195244873194e-15,  Error =2.3673539573110247e-07
Completed 11 % :  mod = 6.512573214694642e-15,  Error =2.4211637850157786e-07
Completed 11 % :  mod = 7.111451927621619e-15,  Error =2.4749747495889096e-07
Completed 11 % :  mod = 7.765475284904236e-15,  Error =2.5287865668133236e-07
Completed 11 % :  mod = 8.479086232741387e-15,  Error =2.5825544724966676e-07
Completed 12 % :  mod = 9.259022519630822e-15,  Error =2.6363643002014214e-07
Completed 12 % :  mod = 1.0110756456212004e-14,  Error =2.690175477937373e-07
Completed 12 % :  mod = 1.1040892677976584e-14,  Error =2.7439894267899945e-07
Completed 12 % :  mod = 1.2056643785448539e-14,  Error =2.7978012440144084e-07
Completed 13 % :  mod = 1.3165886265212491e-14,  Error =2.8516107164477944e-07
Completed 13 % :  mod = 1.4376155512205166e-14,  Error =2.9053750694174596e-07
Completed 13 % :  mod = 1.569887862189087e-14,  Error =2.9591855366106756e-07
Completed 13 % :  mod = 1.7143336234936683e-14,  Error =3.012995151152609e-07
Completed 14 % :  mod = 1.8720729188197356e-14,  Error =3.06680512096591e-07
Completed 14 % :  mod = 2.044328911874696e-14,  Error =3.1206148065621164e-07
Completed 14 % :  mod = 2.2324373358245556e-14,  Error =3.1744244211040495e-07
Completed 14 % :  mod = 2.4376760672043627e-14,  Error =3.2281894846164505e-07
Completed 15 % :  mod = 2.6619829234339213e-14,  Error =3.282000875515223e-07
Completed 15 % :  mod = 2.906931711560885e-14,  Error =3.335810134785788e-07
Completed 15 % :  mod = 3.174421848148077e-14,  Error =3.389620957250372e-07
Completed 15 % :  mod = 3.466527544809076e-14,  Error =3.443429790195296e-07
Completed 16 % :  mod = 3.785513888485587e-14,  Error =3.497240896876974e-07
Completed 16 % :  mod = 4.133547851941775e-14,  Error =3.5510077367462145e-07
Completed 16 % :  mod = 4.513915491845092e-14,  Error =3.6048173512881476e-07
Completed 16 % :  mod = 4.92928558489809e-14,  Error =3.658629097458288e-07
Completed 17 % :  mod = 5.3828790525062196e-14,  Error =3.7124387830544947e-07
Completed 17 % :  mod = 5.878213213830847e-14,  Error =3.7662479712707864e-07
Completed 17 % :  mod = 6.419129059836562e-14,  Error =3.8200594332238325e-07
Completed 17 % :  mod = 7.009301195937878e-14,  Error =3.873826202038799e-07
Completed 18 % :  mod = 7.654301892981113e-14,  Error =3.927637735046119e-07
Completed 18 % :  mod = 8.358656669642627e-14,  Error =3.9814470653709577e-07
Completed 18 % :  mod = 9.127827332712274e-14,  Error =4.0352560404244286e-07
Completed 18 % :  mod = 9.96777829003089e-14,  Error =4.089065654966362e-07
Completed 19 % :  mod = 1.0885022805654668e-13,  Error =4.1428763353223985e-07
Completed 19 % :  mod = 1.1885791994804063e-13,  Error =4.196644027842922e-07
Completed 19 % :  mod = 1.297953488404643e-13,  Error =4.2504564135015244e-07
Completed 19 % :  mod = 1.4173925494111142e-13,  Error =4.304267449128929e-07
Completed 20 % :  mod = 1.5478225521119945e-13,  Error =4.3580805453302673e-07
Completed 20 % :  mod = 1.6902548932252724e-13,  Error =4.4118900177636533e-07
Completed 20 % :  mod = 1.8457940387980672e-13,  Error =4.465700058631228e-07
Completed 20 % :  mod = 2.0154966101263464e-13,  Error =4.519465903740638e-07
Completed 21 % :  mod = 2.2009648949847788e-13,  Error =4.5732783604535143e-07
Completed 21 % :  mod = 2.403500188606476e-13,  Error =4.627090532949296e-07
Completed 21 % :  mod = 2.624673009824517e-13,  Error =4.680899223785673e-07
Completed 21 % :  mod = 2.8661983966256087e-13,  Error =4.734706493536578e-07
Completed 22 % :  mod = 3.129949203938701e-13,  Error =4.7885166765127e-07
Completed 22 % :  mod = 3.417717151624604e-13,  Error =4.842281811079374e-07
Completed 22 % :  mod = 3.7322192526653856e-13,  Error =4.896090572970024e-07
Completed 22 % :  mod = 4.0756621147146905e-13,  Error =4.94989983224059e-07
Completed 23 % :  mod = 4.450708865818933e-13,  Error =5.003709730999617e-07
Completed 23 % :  mod = 4.860267687458694e-13,  Error =5.057518706053088e-07
Completed 23 % :  mod = 5.307514361455289e-13,  Error =5.111329173246304e-07
Completed 23 % :  mod = 5.795487070855523e-13,  Error =5.165095302572809e-07
Completed 24 % :  mod = 6.32879301150395e-13,  Error =5.218902003889525e-07
Completed 24 % :  mod = 6.911173847824149e-13,  Error =5.27271403427676e-07
Completed 24 % :  mod = 7.547145336229935e-13,  Error =5.326521232973391e-07
Completed 24 % :  mod = 8.241638725033466e-13,  Error =5.380329781701221e-07
Completed 25 % :  mod = 9.000038973127071e-13,  Error =5.434139183080333e-07
Completed 25 % :  mod = 9.827497631874742e-13,  Error =5.487903251832904e-07
Completed 25 % :  mod = 1.073182673210316e-12,  Error =5.541714074297488e-07
Completed 25 % :  mod = 1.1719370477949427e-12,  Error =5.595524612544978e-07
Completed 26 % :  mod = 1.2797785524745342e-12,  Error =5.649335790280929e-07
Completed 26 % :  mod = 1.3975432843022349e-12,  Error =5.703145262714315e-07
Completed 26 % :  mod = 1.5261442451807188e-12,  Error =5.756953740387871e-07
Completed 26 % :  mod = 1.666454819535125e-12,  Error =5.810719017063093e-07
Completed 27 % :  mod = 1.819799472387642e-12,  Error =5.864528205279385e-07
Completed 27 % :  mod = 1.987253704222588e-12,  Error =5.918337038224308e-07
Completed 27 % :  mod = 2.1701154769109813e-12,  Error =5.972143739541025e-07
Completed 27 % :  mod = 2.3698020657650877e-12,  Error =6.025950085586373e-07
Completed 28 % :  mod = 2.5878610005449186e-12,  Error =6.079756360577449e-07
Completed 28 % :  mod = 2.8257724448602605e-12,  Error =6.133515739747963e-07
Completed 28 % :  mod = 3.085781165080745e-12,  Error =6.18732144630485e-07
Completed 28 % :  mod = 3.369709450073796e-12,  Error =6.241121681682671e-07
Completed 29 % :  mod = 3.679756364613997e-12,  Error =6.294923480254511e-07
Completed 29 % :  mod = 4.01832271661645e-12,  Error =6.348724923554983e-07
Completed 29 % :  mod = 4.388029435232443e-12,  Error =6.402524306281521e-07
Completed 29 % :  mod = 4.791382308762612e-12,  Error =6.456271179899886e-07
Completed 30 % :  mod = 5.232182196628971e-12,  Error =6.510063599307614e-07
Completed 30 % :  mod = 5.713512076762965e-12,  Error =6.563851897567474e-07
Completed 30 % :  mod = 6.239091608672577e-12,  Error =6.617633232508524e-07
Completed 30 % :  mod = 6.8129797298132805e-12,  Error =6.67141428323248e-07
Completed 31 % :  mod = 7.439604967243984e-12,  Error =6.725188725908993e-07
Completed 31 % :  mod = 8.123196184099156e-12,  Error =6.778910019988871e-07
Completed 31 % :  mod = 8.870171102998532e-12,  Error =6.832668333345282e-07
Completed 31 % :  mod = 9.685722923166076e-12,  Error =6.88641584645211e-07
Completed 32 % :  mod = 1.0576113640347553e-11,  Error =6.940152914580722e-07
Completed 32 % :  mod = 1.15481668297072e-11,  Error =6.993875558691798e-07
Completed 32 % :  mod = 1.2608381206316718e-11,  Error =7.04753553293358e-07
Completed 32 % :  mod = 1.3766630191747317e-11,  Error =7.101221939365132e-07
Completed 33 % :  mod = 1.5030861613443706e-11,  Error =7.154884400506489e-07
Completed 33 % :  mod = 1.6410646639798945e-11,  Error =7.208518582046963e-07
Completed 33 % :  mod = 1.791638245618325e-11,  Error =7.262116312745093e-07
Completed 33 % :  mod = 1.9559351796378916e-11,  Error =7.31567347145301e-07
Completed 34 % :  mod = 2.1350206411587972e-11,  Error =7.369139538582203e-07
Completed 34 % :  mod = 2.330518969268366e-11,  Error =7.422590115879757e-07
Completed 34 % :  mod = 2.5437149664163005e-11,  Error =7.475973902160149e-07
Completed 34 % :  mod = 2.776149129665445e-11,  Error =7.529277041840032e-07
Completed 35 % :  mod = 3.029477259812101e-11,  Error =7.582486745150163e-07
Completed 35 % :  mod = 3.3054731668761905e-11,  Error =7.635580203668724e-07
Completed 35 % :  mod = 3.605765187878076e-11,  Error =7.688492047464024e-07
Completed 35 % :  mod = 3.932866979120036e-11,  Error =7.741288783336131e-07
Completed 36 % :  mod = 4.2886544371142e-11,  Error =7.793896728003347e-07
Completed 36 % :  mod = 4.6753438798454905e-11,  Error =7.846280709600251e-07
Completed 36 % :  mod = 5.09522998201113e-11,  Error =7.898398450834065e-07
Completed 36 % :  mod = 5.5506563761392105e-11,  Error =7.950205684892353e-07
Completed 37 % :  mod = 6.043541061867606e-11,  Error =8.001606062180144e-07
Completed 37 % :  mod = 6.577011164055449e-11,  Error =8.05262224901071e-07
Completed 37 % :  mod = 7.152831546525487e-11,  Error =8.103135300530084e-07
Completed 37 % :  mod = 7.772924787646086e-11,  Error =8.153075512495889e-07
Completed 38 % :  mod = 8.438829663385698e-11,  Error =8.202342129948192e-07
Completed 38 % :  mod = 9.151517235909667e-11,  Error =8.250836174283904e-07
Completed 38 % :  mod = 9.910497592073488e-11,  Error =8.298417526475532e-07
Completed 38 % :  mod = 1.0716128839514598e-10,  Error =8.345046609292694e-07
Completed 39 % :  mod = 1.1565421909196981e-10,  Error =8.390560779503176e-07
Completed 39 % :  mod = 1.245414171298279e-10,  Error =8.434840879090189e-07
Completed 39 % :  mod = 1.3375709679952465e-10,  Error =8.477770876424984e-07
Completed 39 % :  mod = 1.4320689060299902e-10,  Error =8.519254421912592e-07
Completed 40 % :  mod = 1.527546846608119e-10,  Error =8.559169231148189e-07
Completed 40 % :  mod = 1.622505586508296e-10,  Error =8.597537117793763e-07
Completed 40 % :  mod = 1.7147960396619082e-10,  Error =8.634313530819782e-07
Completed 40 % :  mod = 1.8019456801552502e-10,  Error =8.669538829053636e-07
Completed 41 % :  mod = 1.881128381923306e-10,  Error =8.703317462277482e-07
Completed 41 % :  mod = 1.9492758448890853e-10,  Error =8.735814773785933e-07
Completed 41 % :  mod = 2.0032219766994478e-10,  Error =8.76722992870782e-07
Completed 41 % :  mod = 2.0401275148444742e-10,  Error =8.797903205959301e-07
Completed 42 % :  mod = 2.0575124129407866e-10,  Error =8.828144544281713e-07
Completed 42 % :  mod = 2.053780297288568e-10,  Error =8.858309072934389e-07
Completed 42 % :  mod = 2.0284571751135572e-10,  Error =8.888766132031378e-07
Completed 42 % :  mod = 1.9823789815638076e-10,  Error =8.919864598055938e-07
Completed 43 % :  mod = 1.9177762543721448e-10,  Error =8.951902685794266e-07
Completed 43 % :  mod = 1.837862813185318e-10,  Error =8.985193034050099e-07
Completed 43 % :  mod = 1.746798903344989e-10,  Error =9.019909725793696e-07
Completed 43 % :  mod = 1.6489867230097274e-10,  Error =9.056184140376899e-07
Completed 44 % :  mod = 1.5485856479470488e-10,  Error =9.094078379234816e-07
Completed 44 % :  mod = 1.4490580625237243e-10,  Error =9.133588037002482e-07
Completed 44 % :  mod = 1.3529588142232258e-10,  Error =9.174629909125542e-07
Completed 44 % :  mod = 1.2615294293207785e-10,  Error =9.217189713695007e-07
Completed 45 % :  mod = 1.1752947788736869e-10,  Error =9.261124347403893e-07
Completed 45 % :  mod = 1.093985642413947e-10,  Error =9.306310388979e-07
Completed 45 % :  mod = 1.0169439752826557e-10,  Error =9.352626406666786e-07
Completed 45 % :  mod = 9.434427465894188e-11,  Error =9.39995473459021e-07
Completed 46 % :  mod = 8.729989878494134e-11,  Error =9.448143103440998e-07
Completed 46 % :  mod = 8.052865009119202e-11,  Error =9.497165436300747e-07
Completed 46 % :  mod = 7.405173321781243e-11,  Error =9.54687870091675e-07
Completed 46 % :  mod = 6.791177494563911e-11,  Error =9.597205590239355e-07
Completed 47 % :  mod = 6.216331423778171e-11,  Error =9.648058778566337e-07
Completed 47 % :  mod = 5.685540550484865e-11,  Error =9.699364156290358e-07
Completed 47 % :  mod = 5.202139795102774e-11,  Error =9.751015781489514e-07
Completed 47 % :  mod = 4.7655574491271055e-11,  Error =9.803040583733491e-07
Completed 48 % :  mod = 4.373747432910236e-11,  Error =9.85534377662134e-07
Completed 48 % :  mod = 4.022081486340043e-11,  Error =9.907887132953874e-07
Completed 48 % :  mod = 3.7046560555205044e-11,  Error =9.96062603064729e-07
Completed 48 % :  mod = 3.4152440295318e-11,  Error =1.0013531621666516e-06
Completed 49 % :  mod = 3.14837487806989e-11,  Error =1.006653334911789e-06
Completed 49 % :  mod = 2.899131479313297e-11,  Error =1.011969672504165e-06
Completed 49 % :  mod = 2.6649080440154118e-11,  Error =1.0172960003274056e-06
Completed 49 % :  mod = 2.4445676257132986e-11,  Error =1.022631124669715e-06
Completed 50 % :  mod = 2.238371543150909e-11,  Error =1.0279733331231e-06
Completed 50 % :  mod = 2.047373269245263e-11,  Error =1.0333216664548672e-06
Completed 50 % :  mod = 1.8728414756566503e-11,  Error =1.038670745856507e-06
Completed 50 % :  mod = 1.715094160907871e-11,  Error =1.0440287354640532e-06
Completed 51 % :  mod = 1.5740834195192645e-11,  Error =1.0493898727759188e-06
Completed 51 % :  mod = 1.4488037616273277e-11,  Error =1.0547542146355227e-06
Completed 51 % :  mod = 1.3376561956888047e-11,  Error =1.0601210789218385e-06
Completed 51 % :  mod = 1.2387077552240234e-11,  Error =1.0654901174689257e-06
Completed 52 % :  mod = 1.1499864954554315e-11,  Error =1.070856534113318e-06
Completed 52 % :  mod = 1.0693854464862327e-11,  Error =1.076229025898101e-06
Completed 52 % :  mod = 9.953155955046961e-12,  Error =1.0816023774395944e-06
Completed 52 % :  mod = 9.266148385978123e-12,  Error =1.0869765461052339e-06
Completed 53 % :  mod = 8.627707503989671e-12,  Error =1.092352100329208e-06
Completed 53 % :  mod = 8.038951725774603e-12,  Error =1.0977281377222425e-06
Completed 53 % :  mod = 7.50544359091456e-12,  Error =1.103100437660487e-06
Completed 53 % :  mod = 7.032120359632135e-12,  Error =1.108477441391642e-06
Completed 54 % :  mod = 6.6231458540326256e-12,  Error =1.1138548927647207e-06
Completed 54 % :  mod = 6.278842832812672e-12,  Error =1.1192328628339965e-06
Completed 54 % :  mod = 5.99663149721e-12,  Error =1.1246112734397684e-06
Completed 54 % :  mod = 5.7722047814015705e-12,  Error =1.1299895703587026e-06
Completed 55 % :  mod = 5.600455681720407e-12,  Error =1.1353638740274619e-06
Completed 55 % :  mod = 5.4750730249554794e-12,  Error =1.1407425404286187e-06
Completed 55 % :  mod = 5.389479647400076e-12,  Error =1.1461219386887933e-06
Completed 55 % :  mod = 5.3370750631802645e-12,  Error =1.1515008750961897e-06
Completed 56 % :  mod = 5.313182655951583e-12,  Error =1.1568797759764493e-06
Completed 56 % :  mod = 5.316890140912119e-12,  Error =1.1622588829141023e-06
Completed 56 % :  mod = 5.3516645930395054e-12,  Error =1.1676335702759388e-06
Completed 56 % :  mod = 5.424369838420395e-12,  Error =1.1730126914244465e-06
Completed 57 % :  mod = 5.542766131670321e-12,  Error =1.1783915070395778e-06
Completed 57 % :  mod = 5.713377987878027e-12,  Error =1.1837702658112903e-06
Completed 57 % :  mod = 5.940439066672653e-12,  Error =1.1891488753690282e-06
Completed 57 % :  mod = 6.226075510811509e-12,  Error =1.194527243342236e-06
Completed 58 % :  mod = 6.570564034704775e-12,  Error =1.1999008933116784e-06
Completed 58 % :  mod = 6.973673929105882e-12,  Error =1.2052787070615523e-06
Completed 58 % :  mod = 7.432598877876503e-12,  Error =1.2106560731695026e-06
Completed 58 % :  mod = 7.94314161682584e-12,  Error =1.2160328211052729e-06
Completed 59 % :  mod = 8.500829197466369e-12,  Error =1.2214091142936923e-06
Completed 59 % :  mod = 9.103616559573435e-12,  Error =1.2267848035207862e-06
Completed 59 % :  mod = 9.75420007089257e-12,  Error =1.2321547302462932e-06
Completed 59 % :  mod = 1.0463728691564211e-11,  Error =1.2375285578514195e-06
Completed 60 % :  mod = 1.1247705862530124e-11,  Error =1.2429014120129978e-06
Completed 60 % :  mod = 1.2125422217930136e-11,  Error =1.2482728237728224e-06
Completed 60 % :  mod = 1.3116149496060338e-11,  Error =1.2536424733866625e-06
Completed 60 % :  mod = 1.4236532491332549e-11,  Error =1.2590098847908848e-06
Completed 61 % :  mod = 1.5497887181900403e-11,  Error =1.2643703257708694e-06
Completed 61 % :  mod = 1.6909620489151042e-11,  Error =1.2697325075805566e-06
Completed 61 % :  mod = 1.847215012343086e-11,  Error =1.275091236152548e-06
Completed 61 % :  mod = 2.0180963612786767e-11,  Error =1.2804457938386804e-06
Completed 62 % :  mod = 2.202726784039594e-11,  Error =1.2857949656108758e-06
Completed 62 % :  mod = 2.40021788302167e-11,  Error =1.2911387230474247e-06
Completed 62 % :  mod = 2.6101163375197725e-11,  Error =1.296471261014176e-06
Completed 62 % :  mod = 2.833758922580914e-11,  Error =1.3017998483633164e-06
Completed 63 % :  mod = 3.0736017997615035e-11,  Error =1.3071191560243278e-06
Completed 63 % :  mod = 3.3338817966631057e-11,  Error =1.3124266686759256e-06
Completed 63 % :  mod = 3.61997523123845e-11,  Error =1.317720425220159e-06
Completed 63 % :  mod = 3.93735745857422e-11,  Error =1.3229939952452696e-06
Completed 64 % :  mod = 4.291849943799574e-11,  Error =1.328252778876049e-06
Completed 64 % :  mod = 4.687234579172948e-11,  Error =1.3334883348647963e-06
Completed 64 % :  mod = 5.1256644382783813e-11,  Error =1.338696833386166e-06
Completed 64 % :  mod = 5.6070390738958154e-11,  Error =1.343873947234897e-06
Completed 65 % :  mod = 6.129034490146489e-11,  Error =1.349013466267479e-06
Completed 65 % :  mod = 6.68720724035502e-11,  Error =1.3541051728793718e-06
Completed 65 % :  mod = 7.278101677774845e-11,  Error =1.3591501613063883e-06
Completed 65 % :  mod = 7.898021128049324e-11,  Error =1.3641367857530895e-06
Completed 66 % :  mod = 8.54643371723439e-11,  Error =1.369056334965535e-06
Completed 66 % :  mod = 9.226431171299698e-11,  Error =1.3738988329237145e-06
Completed 66 % :  mod = 9.944542643333763e-11,  Error =1.3786548791472342e-06
Completed 66 % :  mod = 1.070863889680214e-10,  Error =1.3833079748337695e-06
Completed 67 % :  mod = 1.152810902868761e-10,  Error =1.3878538780431882e-06
Completed 67 % :  mod = 1.2407055818461078e-10,  Error =1.392275919442909e-06
Completed 67 % :  mod = 1.334395170906682e-10,  Error =1.3965617213784753e-06
Completed 67 % :  mod = 1.4328777293842266e-10,  Error =1.400700355702611e-06
Completed 68 % :  mod = 1.5341904088041065e-10,  Error =1.4046826706248794e-06
Completed 68 % :  mod = 1.635364951395208e-10,  Error =1.4085006796449306e-06
Completed 68 % :  mod = 1.7329810601752784e-10,  Error =1.4121596478844367e-06
Completed 68 % :  mod = 1.823014643946079e-10,  Error =1.4156628722616915e-06
Completed 69 % :  mod = 1.90163149266076e-10,  Error =1.4190220412046983e-06
Completed 69 % :  mod = 1.965527233993091e-10,  Error =1.422255650140869e-06
Completed 69 % :  mod = 2.0122250970809848e-10,  Error =1.425388767017921e-06
Completed 69 % :  mod = 2.0401785930537256e-10,  Error =1.4284492522165237e-06
Completed 70 % :  mod = 2.048810724336693e-10,  Error =1.4314754110955619e-06
Completed 70 % :  mod = 2.0382487530113523e-10,  Error =1.4345008096938727e-06
Completed 70 % :  mod = 2.0093012019148462e-10,  Error =1.4375601793403803e-06
Completed 70 % :  mod = 1.9633182964292202e-10,  Error =1.4406871642336228e-06
Completed 71 % :  mod = 1.9021111674500514e-10,  Error =1.4439109179420484e-06
Completed 71 % :  mod = 1.8279520303887375e-10,  Error =1.4472533749199101e-06
Completed 71 % :  mod = 1.7432462333156926e-10,  Error =1.450739077313301e-06
Completed 71 % :  mod = 1.650830386073818e-10,  Error =1.4543772124397947e-06
Completed 72 % :  mod = 1.553615473498578e-10,  Error =1.4581749212538853e-06
Completed 72 % :  mod = 1.4544765340012262e-10,  Error =1.4621330706177105e-06
Completed 72 % :  mod = 1.3560405976219076e-10,  Error =1.466247205428317e-06
Completed 72 % :  mod = 1.2605517374794943e-10,  Error =1.470506333589583e-06
Completed 73 % :  mod = 1.169397460623431e-10,  Error =1.4749073073971886e-06
Completed 73 % :  mod = 1.083546326369305e-10,  Error =1.4794349496582981e-06
Completed 73 % :  mod = 1.0032880266569037e-10,  Error =1.484076548763369e-06
Completed 73 % :  mod = 9.284628174348778e-11,  Error =1.488819670214525e-06
Completed 74 % :  mod = 8.5863931882007e-11,  Error =1.4936522845232503e-06
Completed 74 % :  mod = 7.933340427338712e-11,  Error =1.4985592642347e-06
Completed 74 % :  mod = 7.319284986702049e-11,  Error =1.503538612723787e-06
Completed 74 % :  mod = 6.74093936408381e-11,  Error =1.5085771210010535e-06
Completed 75 % :  mod = 6.196206247408691e-11,  Error =1.5136672715243549e-06
Completed 75 % :  mod = 5.684781548430117e-11,  Error =1.5188016604383847e-06
Completed 75 % :  mod = 5.2076675547828345e-11,  Error =1.523973928385658e-06
Completed 75 % :  mod = 4.766650688639774e-11,  Error =1.5291742556655663e-06
Completed 76 % :  mod = 4.361882643516233e-11,  Error =1.5344068273748235e-06
Completed 76 % :  mod = 3.993428972463361e-11,  Error =1.5396629251540617e-06
Completed 76 % :  mod = 3.659563494085726e-11,  Error =1.5449387049670804e-06
Completed 76 % :  mod = 3.3574289913286865e-11,  Error =1.550230955160714e-06
Completed 77 % :  mod = 3.083532976205462e-11,  Error =1.5555375725284648e-06
Completed 77 % :  mod = 2.834408792701864e-11,  Error =1.5608516150678042e-06
Completed 77 % :  mod = 2.606107755828532e-11,  Error =1.566179612666474e-06
Completed 77 % :  mod = 2.3956697857814975e-11,  Error =1.5715162078322464e-06
Completed 78 % :  mod = 2.200484780235815e-11,  Error =1.5768595673648633e-06
Completed 78 % :  mod = 2.018740789982839e-11,  Error =1.5822088883510332e-06
Completed 78 % :  mod = 1.8495406253558295e-11,  Error =1.5875634744588751e-06
Completed 78 % :  mod = 1.6928929265134556e-11,  Error =1.5929175347650926e-06
Completed 79 % :  mod = 1.5487952740468687e-11,  Error =1.5982796739422156e-06
Completed 79 % :  mod = 1.4175342194045259e-11,  Error =1.6036450887213505e-06
Completed 79 % :  mod = 1.2988052333917987e-11,  Error =1.6090127488155304e-06
Completed 79 % :  mod = 1.1918081816132963e-11,  Error =1.6143826258030458e-06
Completed 80 % :  mod = 1.0954500931037725e-11,  Error =1.6197543573071016e-06
Completed 80 % :  mod = 1.008661916849008e-11,  Error =1.6251229126851285e-06
Completed 80 % :  mod = 9.302274552795204e-12,  Error =1.6304971381941868e-06
Completed 80 % :  mod = 8.591814266195245e-12,  Error =1.635872493466195e-06
Completed 81 % :  mod = 7.944494519713336e-12,  Error =1.6412486516514946e-06
Completed 81 % :  mod = 7.349894299669735e-12,  Error =1.6466255843283761e-06
Completed 81 % :  mod = 6.799929731642773e-12,  Error =1.652003000174318e-06
Completed 81 % :  mod = 6.291218957468749e-12,  Error =1.6573766714600424e-06
Completed 82 % :  mod = 5.823531663140708e-12,  Error =1.6627552170689341e-06
Completed 82 % :  mod = 5.400191256788879e-12,  Error =1.668134082422057e-06
Completed 82 % :  mod = 5.0231732104238285e-12,  Error =1.6735133812062486e-06
Completed 82 % :  mod = 4.69154018463193e-12,  Error =1.6788929215749704e-06
Completed 83 % :  mod = 4.401772932956767e-12,  Error =1.6842724335219827e-06
Completed 83 % :  mod = 4.1499717699185654e-12,  Error =1.6896476822125805e-06
Completed 83 % :  mod = 3.9328139592935005e-12,  Error =1.6950274783766872e-06
Completed 83 % :  mod = 3.7488900510044015e-12,  Error =1.7004075445470335e-06
Completed 84 % :  mod = 3.5963681864719875e-12,  Error =1.7057873691328496e-06
Completed 84 % :  mod = 3.4718588028376324e-12,  Error =1.7111674850411873e-06
Completed 84 % :  mod = 3.370711857193272e-12,  Error =1.7165475085789694e-06
Completed 84 % :  mod = 3.2890995725120446e-12,  Error =1.7219234322851662e-06
Completed 85 % :  mod = 3.2259445832959047e-12,  Error =1.7273032852926917e-06
Completed 85 % :  mod = 3.1838355813001474e-12,  Error =1.7326835575204313e-06
Completed 85 % :  mod = 3.1670263147451467e-12,  Error =1.7380638581698804e-06
Completed 85 % :  mod = 3.178860751404532e-12,  Error =1.7434439598673634e-06
Completed 86 % :  mod = 3.2201998427775503e-12,  Error =1.7488243173602314e-06
Completed 86 % :  mod = 3.2899113705974415e-12,  Error =1.7541999639547612e-06
Completed 86 % :  mod = 3.3870601848945737e-12,  Error =1.75958002301968e-06
Completed 86 % :  mod = 3.5119990508607443e-12,  Error =1.7649603378799839e-06
Completed 87 % :  mod = 3.66624281784778e-12,  Error =1.770340659845715e-06
Completed 87 % :  mod = 3.850702873750102e-12,  Error =1.7757205483803773e-06
Completed 87 % :  mod = 4.0643347021958105e-12,  Error =1.7811003303336292e-06
Completed 87 % :  mod = 4.304466821988562e-12,  Error =1.7864756856056374e-06
Completed 88 % :  mod = 4.569980045205968e-12,  Error =1.791855382293761e-06
Completed 88 % :  mod = 4.862533253063557e-12,  Error =1.7972346739725253e-06
Completed 88 % :  mod = 5.187975309024994e-12,  Error =1.8026138661753066e-06
Completed 88 % :  mod = 5.554441809606767e-12,  Error =1.8079925681036002e-06
Completed 89 % :  mod = 5.969625368897133e-12,  Error =1.8133711705559108e-06
Completed 89 % :  mod = 6.438615016378655e-12,  Error =1.818744777892789e-06
Completed 89 % :  mod = 6.965778703490184e-12,  Error =1.8241221653170214e-06
Completed 89 % :  mod = 7.553881200088476e-12,  Error =1.8294994674761256e-06
Completed 90 % :  mod = 8.206594629391493e-12,  Error =1.8348760093545025e-06
Completed 90 % :  mod = 8.927521287847116e-12,  Error =1.840251947271554e-06
Completed 90 % :  mod = 9.718627528060738e-12,  Error =1.8456264285759971e-06
Completed 90 % :  mod = 1.057878495825224e-11,  Error =1.8509956305479136e-06
Completed 91 % :  mod = 1.150828405213064e-11,  Error =1.8563679802241495e-06
Completed 91 % :  mod = 1.2507917903908022e-11,  Error =1.8617384398567083e-06
Completed 91 % :  mod = 1.358512830795922e-11,  Error =1.8671073789278125e-06
Completed 91 % :  mod = 1.4754334316442087e-11,  Error =1.8724742929521199e-06
Completed 92 % :  mod = 1.6035072515423402e-11,  Error =1.8778381303263814e-06
Completed 92 % :  mod = 1.744731845838001e-11,  Error =1.8831942369956778e-06
Completed 92 % :  mod = 1.9013436007903776e-11,  Error =1.8885510399968553e-06
Completed 92 % :  mod = 2.0749775163538866e-11,  Error =1.8939033950005069e-06
Completed 93 % :  mod = 2.2671146315991744e-11,  Error =1.899250214876247e-06
Completed 93 % :  mod = 2.4789314315877403e-11,  Error =1.904590973822451e-06
Completed 93 % :  mod = 2.7111805061608204e-11,  Error =1.909924201015656e-06
Completed 93 % :  mod = 2.963869176402766e-11,  Error =1.9152433736735475e-06
Completed 94 % :  mod = 3.237243636740933e-11,  Error =1.9205561017088257e-06
Completed 94 % :  mod = 3.530951101472122e-11,  Error =1.925855954709732e-06
Completed 94 % :  mod = 3.84554138093483e-11,  Error =1.9311408436806232e-06
Completed 94 % :  mod = 4.1828686401711195e-11,  Error =1.9364079903994025e-06
Completed 95 % :  mod = 4.546022129103291e-11,  Error =1.941649472314566e-06
Completed 95 % :  mod = 4.9403449423190745e-11,  Error =1.9468708245540256e-06
Completed 95 % :  mod = 5.371010544005798e-11,  Error =1.952063009014182e-06
Completed 95 % :  mod = 5.84348946811209e-11,  Error =1.9572203981965686e-06
Completed 96 % :  mod = 6.362556488746478e-11,  Error =1.9623373219701534e-06
Completed 96 % :  mod = 6.931669663275174e-11,  Error =1.9674064475339037e-06
Completed 96 % :  mod = 7.551868034443064e-11,  Error =1.9724155535527643e-06
Completed 96 % :  mod = 8.223481062355145e-11,  Error =1.9773647679244277e-06
Completed 97 % :  mod = 8.942893805566534e-11,  Error =1.982239744791059e-06
Completed 97 % :  mod = 9.705047417387636e-11,  Error =1.9870303802349554e-06
Completed 97 % :  mod = 1.0503962116966797e-10,  Error =1.991725362415764e-06
Completed 97 % :  mod = 1.1334020119774988e-10,  Error =1.996313343965994e-06
Completed 98 % :  mod = 1.219020829792854e-10,  Error =2.0007789842679813e-06
Completed 98 % :  mod = 1.307114931760927e-10,  Error =2.0051188087677474e-06
Completed 98 % :  mod = 1.3973800418114432e-10,  Error =2.0093180594926707e-06
Completed 98 % :  mod = 1.4894452034470496e-10,  Error =2.0133683946710335e-06
Completed 99 % :  mod = 1.582571731710482e-10,  Error =2.017262666242914e-06
Completed 99 % :  mod = 1.675433697955913e-10,  Error =2.0209976625551462e-06
Completed 99 % :  mod = 1.7658805819204845e-10,  Error =2.024572459902174e-06
Completed 99 % :  mod = 1.8511779195253663e-10,  Error =2.028000203324609e-06
Completed 100 % :  mod = 1.927628747380424e-10,  Error =2.031291238324684e-06
Finished 13/31 frames
Finished all frames!
