/opt/local/miniconda_23_9/lib/python3.11/site-packages/conda/base/context.py:201: FutureWarning: Adding 'defaults' to channel list implicitly is deprecated and will be removed in 25.3. 

To remove this warning, please choose a default channel explicitly with conda's regular configuration system, e.g. by adding 'defaults' to the list of channels:

  conda config --add channels defaults

For more information see https://docs.conda.io/projects/conda/en/stable/user-guide/configuration/use-condarc.html

  deprecated.topic(
JOB 14517 ARRAY_ID 14  -> i=14 ; range=[1.95e-10, 2.05e-10] ; intervals=20 (frames=21)
Analytic t0 extension enabled (--extend-time-using-t0).
Extending simulation time for p0=2.017e-10 from 10000000000.0 to 3.410e+10
Completed 0 % :  mod = 1.613333332455197e-16,  Error =-1.4210854715202004e-14
Completed 0 % :  mod = 1.618198388507085e-16,  Error =6.905274574364739e-09
Completed 0 % :  mod = 1.632822940186059e-16,  Error =1.3810463883601187e-08
Completed 0 % :  mod = 1.6572951499527682e-16,  Error =2.0716242943308316e-08
Completed 0 % :  mod = 1.691762671097517e-16,  Error =2.762135409284383e-08
Completed 1 % :  mod = 1.7364333218924638e-16,  Error =3.452704078199531e-08
Completed 1 % :  mod = 1.7915764819758927e-16,  Error =4.143236509435155e-08
Completed 1 % :  mod = 1.8575164687034583e-16,  Error =4.8337362557049346e-08
Completed 1 % :  mod = 1.9346663409178935e-16,  Error =5.5242580287995224e-08
Completed 2 % :  mod = 2.023484324108316e-16,  Error =6.214771985924017e-08
Completed 2 % :  mod = 2.1245061118131489e-16,  Error =6.905227678544179e-08
Completed 2 % :  mod = 2.238341010441477e-16,  Error =7.595767215207161e-08
Completed 2 % :  mod = 2.3656753705216274e-16,  Error =8.28628046178892e-08
Completed 3 % :  mod = 2.507277427775702e-16,  Error =8.976773813174077e-08
Completed 3 % :  mod = 2.663981715934912e-16,  Error =9.667170530747171e-08
Completed 3 % :  mod = 2.836770169213698e-16,  Error =1.0357703672525531e-07
Completed 3 % :  mod = 3.026667437433332e-16,  Error =1.1048199866081632e-07
Completed 4 % :  mod = 3.234818771797433e-16,  Error =1.1738763561197629e-07
Completed 4 % :  mod = 3.46247953882674e-16,  Error =1.2429318729800798e-07
Completed 4 % :  mod = 3.711022706860641e-16,  Error =1.3119773001335489e-07
Completed 4 % :  mod = 3.981947488026624e-16,  Error =1.3810323196139507e-07
Completed 5 % :  mod = 4.276851454498816e-16,  Error =1.450074691433656e-07
Completed 5 % :  mod = 4.597582705092505e-16,  Error =1.5191302082939728e-07
Completed 5 % :  mod = 4.946042401742284e-16,  Error =1.5881824566577052e-07
Completed 5 % :  mod = 5.324332005066152e-16,  Error =1.6572288785710043e-07
Completed 6 % :  mod = 5.734733056003386e-16,  Error =1.7262836138343118e-07
Completed 6 % :  mod = 6.179720742610563e-16,  Error =1.7953366437950535e-07
Completed 6 % :  mod = 6.661978891159205e-16,  Error =1.8643920896010968e-07
Completed 6 % :  mod = 7.1843519524371145e-16,  Error =1.933436308831915e-07
Completed 7 % :  mod = 7.750113467869077e-16,  Error =2.0024896940640247e-07
Completed 7 % :  mod = 8.3626165577907075e-16,  Error =2.0715416582106627e-07
Completed 7 % :  mod = 9.02555518799589e-16,  Error =2.1405928407602914e-07
Completed 7 % :  mod = 9.74292770451345e-16,  Error =2.2096440233099202e-07
Completed 8 % :  mod = 1.0519060548358326e-15,  Error =2.2786993980616899e-07
Completed 8 % :  mod = 1.1358532105284381e-15,  Error =2.3477503674484979e-07
Completed 8 % :  mod = 1.2266602712006921e-15,  Error =2.4168029000293245e-07
Completed 8 % :  mod = 1.3248654267187084e-15,  Error =2.4858636038516124e-07
Completed 9 % :  mod = 1.4310609475517606e-15,  Error =2.554917131192269e-07
Completed 9 % :  mod = 1.5458873079125234e-15,  Error =2.6239682426876243e-07
Completed 9 % :  mod = 1.6700370404704265e-15,  Error =2.693020633159904e-07
Completed 9 % :  mod = 1.8042589016713273e-15,  Error =2.7620699682984196e-07
Completed 10 % :  mod = 1.9493446621801167e-15,  Error =2.83111681653736e-07
Completed 10 % :  mod = 2.1062034772420274e-15,  Error =2.9001697043895547e-07
Completed 10 % :  mod = 2.2757649895566077e-15,  Error =2.9692232317302114e-07
Completed 10 % :  mod = 2.459051807515077e-15,  Error =3.038278464373434e-07
Completed 11 % :  mod = 2.6571693727031122e-15,  Error =3.107330073248704e-07
Completed 11 % :  mod = 2.871312542345667e-15,  Error =3.1763893559855205e-07
Completed 11 % :  mod = 3.1027728272407302e-15,  Error =3.245444801791564e-07
Completed 11 % :  mod = 3.3529156153928583e-15,  Error =3.3144909394877686e-07
Completed 12 % :  mod = 3.6233083995871784e-15,  Error =3.383546527402359e-07
Completed 12 % :  mod = 3.915553656248272e-15,  Error =3.452598704711818e-07
Completed 12 % :  mod = 4.231413918509213e-15,  Error =3.5216525873238425e-07
Completed 12 % :  mod = 4.5727941996575286e-15,  Error =3.59070433830766e-07
Completed 13 % :  mod = 4.941753362732717e-15,  Error =3.659751754980789e-07
Completed 13 % :  mod = 5.340516642438061e-15,  Error =3.72880556653854e-07
Completed 13 % :  mod = 5.771436352872456e-15,  Error =3.797857743847999e-07
Completed 13 % :  mod = 6.237212794746695e-15,  Error =3.86691453968524e-07
Completed 14 % :  mod = 6.740606373110745e-15,  Error =3.9359697723284626e-07
Completed 14 % :  mod = 7.284653089432148e-15,  Error =4.0050232996691193e-07
Completed 14 % :  mod = 7.872634155012822e-15,  Error =4.0740777507153325e-07
Completed 14 % :  mod = 8.508095695982217e-15,  Error =4.143130851730348e-07
Completed 15 % :  mod = 9.194786334351683e-15,  Error =4.2121796894889485e-07
Completed 15 % :  mod = 9.93700912648175e-15,  Error =4.2812317957441337e-07
Completed 15 % :  mod = 1.073916281900246e-14,  Error =4.3502829782937624e-07
Completed 15 % :  mod = 1.1606085262460642e-14,  Error =4.41932797912159e-07
Completed 16 % :  mod = 1.2543004927420781e-14,  Error =4.4883724825695026e-07
Completed 16 % :  mod = 1.3555572452564891e-14,  Error =4.5574260099101593e-07
Completed 16 % :  mod = 1.464989468756912e-14,  Error =4.626478187219618e-07
Completed 16 % :  mod = 1.5832427073028646e-14,  Error =4.695527309195313e-07
Completed 17 % :  mod = 1.711057976465125e-14,  Error =4.7645846024124694e-07
Completed 17 % :  mod = 1.8491927669309974e-14,  Error =4.833635287582183e-07
Completed 17 % :  mod = 1.9984801781160203e-14,  Error =4.902681922658303e-07
Completed 17 % :  mod = 2.1598205694145335e-14,  Error =4.971732749936564e-07
Completed 18 % :  mod = 2.334186995065816e-14,  Error =5.040783648269098e-07
Completed 18 % :  mod = 2.5226310657006634e-14,  Error =5.109832486027699e-07
Completed 18 % :  mod = 2.7262644100244486e-14,  Error =5.178868178745688e-07
Completed 18 % :  mod = 2.9463630600680217e-14,  Error =5.247925258800024e-07
Completed 19 % :  mod = 3.184231409926053e-14,  Error =5.316965783208616e-07
Completed 19 % :  mod = 3.441304046524276e-14,  Error =5.386021655340301e-07
Completed 19 % :  mod = 3.719131374823101e-14,  Error =5.455074330029674e-07
Completed 19 % :  mod = 4.0193889699216245e-14,  Error =5.524128283695973e-07
Completed 20 % :  mod = 4.34388767544915e-14,  Error =5.593175629314828e-07
Completed 20 % :  mod = 4.694541674476263e-14,  Error =5.662220985414024e-07
Completed 20 % :  mod = 5.07354824390627e-14,  Error =5.731275791731605e-07
Completed 20 % :  mod = 5.483153485510631e-14,  Error =5.800324629490206e-07
Completed 21 % :  mod = 5.9258276749891e-14,  Error =5.869376735745391e-07
Completed 21 % :  mod = 6.404240509892706e-14,  Error =5.938431186791604e-07
Completed 21 % :  mod = 6.921277202768949e-14,  Error =6.007482369341233e-07
Completed 21 % :  mod = 7.479987587716564e-14,  Error =6.076523533238287e-07
Completed 22 % :  mod = 8.083872543160083e-14,  Error =6.14557677636185e-07
Completed 22 % :  mod = 8.736510689881945e-14,  Error =6.214632861656355e-07
Completed 22 % :  mod = 9.441837798111226e-14,  Error =6.283688662733766e-07
Completed 22 % :  mod = 1.0204107311874698e-13,  Error =6.352735937298348e-07
Completed 23 % :  mod = 1.1027915989998325e-13,  Error =6.421785130328317e-07
Completed 23 % :  mod = 1.191823158957796e-13,  Error =6.49083958137453e-07
Completed 23 % :  mod = 1.2880305211185285e-13,  Error =6.559882876899792e-07
Completed 23 % :  mod = 1.392016446378358e-13,  Error =6.628929369867365e-07
Completed 24 % :  mod = 1.5043970613792505e-13,  Error =6.697981902448191e-07
Completed 24 % :  mod = 1.6258499649225212e-13,  Error =6.767036353494404e-07
Completed 24 % :  mod = 1.7571074243746924e-13,  Error =6.836088743966684e-07
Completed 24 % :  mod = 1.8989607804621578e-13,  Error =6.905143621338539e-07
Completed 25 % :  mod = 2.0522652034873266e-13,  Error =6.974196722353554e-07
Completed 25 % :  mod = 2.2179245863026554e-13,  Error =7.043239804715995e-07
Completed 25 % :  mod = 2.3969764426054485e-13,  Error =7.112297808475887e-07
Completed 25 % :  mod = 2.5904811928800113e-13,  Error =7.181352685847742e-07
Completed 26 % :  mod = 2.799604969263239e-13,  Error =7.25041338967003e-07
Completed 26 % :  mod = 3.025607863755533e-13,  Error =7.31946897758462e-07
Completed 26 % :  mod = 3.2698514660364813e-13,  Error =7.388520515405617e-07
Completed 26 % :  mod = 3.533806995784552e-13,  Error =7.457574398017641e-07
Completed 27 % :  mod = 3.8190292180679394e-13,  Error =7.526614709263413e-07
Completed 27 % :  mod = 4.1273025232572103e-13,  Error =7.595668520821164e-07
Completed 27 % :  mod = 4.460450189694168e-13,  Error =7.664716932254123e-07
Completed 27 % :  mod = 4.820476803331838e-13,  Error =7.733775504448204e-07
Completed 28 % :  mod = 5.209547837517531e-13,  Error =7.802827468594842e-07
Completed 28 % :  mod = 5.630002394608475e-13,  Error =7.871881564369687e-07
Completed 28 % :  mod = 6.084311387003436e-13,  Error =7.940924220406487e-07
Completed 28 % :  mod = 6.575309873972609e-13,  Error =8.009978031964238e-07
Completed 29 % :  mod = 7.105892815800748e-13,  Error =8.079024667040358e-07
Completed 29 % :  mod = 7.679241379168621e-13,  Error =8.148076773295543e-07
Completed 29 % :  mod = 8.298789721168013e-13,  Error =8.217132432264407e-07
Completed 29 % :  mod = 8.968244408912409e-13,  Error =8.286179777883262e-07
Completed 30 % :  mod = 9.691605146281731e-13,  Error =8.355238421131617e-07
Completed 30 % :  mod = 1.047309134234847e-12,  Error =8.424292232689368e-07
Completed 30 % :  mod = 1.131753985615993e-12,  Error =8.493338938819761e-07
Completed 30 % :  mod = 1.2229879235023526e-12,  Error =8.562383655430494e-07
Completed 31 % :  mod = 1.3215515982023094e-12,  Error =8.631429722072426e-07
Completed 31 % :  mod = 1.4280273584408761e-12,  Error =8.700476996637008e-07
Completed 31 % :  mod = 1.5430421093376254e-12,  Error =8.769527681806721e-07
Completed 31 % :  mod = 1.6672702691371645e-12,  Error =8.838564795610182e-07
Completed 32 % :  mod = 1.801420409448925e-12,  Error =8.907598925134153e-07
Completed 32 % :  mod = 1.9463025697408367e-12,  Error =8.976650036629508e-07
Completed 32 % :  mod = 2.1027367961496045e-12,  Error =9.045692763720581e-07
Completed 32 % :  mod = 2.271617940121196e-12,  Error =9.114742809401832e-07
Completed 33 % :  mod = 2.4539032809577495e-12,  Error =9.183777507359991e-07
Completed 33 % :  mod = 2.650615036168354e-12,  Error =9.252807302573274e-07
Completed 33 % :  mod = 2.8628424320399005e-12,  Error =9.321837595166471e-07
Completed 33 % :  mod = 3.091715199277245e-12,  Error =9.390862629743424e-07
Completed 34 % :  mod = 3.338513714438919e-12,  Error =9.459887877483197e-07
Completed 34 % :  mod = 3.6045070992599317e-12,  Error =9.528910567269122e-07
Completed 34 % :  mod = 3.891056534126717e-12,  Error =9.59792835431017e-07
Completed 34 % :  mod = 4.199585064195531e-12,  Error =9.666945075537114e-07
Completed 35 % :  mod = 4.531570652347561e-12,  Error =9.735967694268766e-07
Completed 35 % :  mod = 4.888492339824411e-12,  Error =9.804954288483714e-07
Completed 35 % :  mod = 5.271986423784966e-12,  Error =9.873951469785425e-07
Completed 35 % :  mod = 5.683574971019755e-12,  Error =9.942939911411486e-07
Completed 36 % :  mod = 6.124804057241708e-12,  Error =1.0011918405439246e-06
Completed 36 % :  mod = 6.597168806843423e-12,  Error =1.008088801768281e-06
Completed 36 % :  mod = 7.10206929792986e-12,  Error =1.0149836029427206e-06
Completed 36 % :  mod = 7.640755090012801e-12,  Error =1.0218764572300643e-06
Completed 37 % :  mod = 8.214187003989062e-12,  Error =1.0287673148923204e-06
Completed 37 % :  mod = 8.823227170364578e-12,  Error =1.0356576893855163e-06
Completed 37 % :  mod = 9.468134102290385e-12,  Error =1.0425446532735805e-06
Completed 37 % :  mod = 1.0148709885565925e-11,  Error =1.0494293718465997e-06
Completed 38 % :  mod = 1.086409839674935e-11,  Error =1.0563108503447438e-06
Completed 38 % :  mod = 1.1612631906357565e-11,  Error =1.0631884634904054e-06
Completed 38 % :  mod = 1.239166385117948e-11,  Error =1.0700626162929439e-06
Completed 38 % :  mod = 1.3197297582965412e-11,  Error =1.0769313760761179e-06
Completed 39 % :  mod = 1.4024595111908403e-11,  Error =1.083796263401382e-06
Completed 39 % :  mod = 1.4866849560944422e-11,  Error =1.0906563261414703e-06
Completed 39 % :  mod = 1.5715836998459136e-11,  Error =1.0975111379707414e-06
Completed 39 % :  mod = 1.6561655084145695e-11,  Error =1.1043595264936812e-06
Completed 40 % :  mod = 1.739273751057501e-11,  Error =1.1112022590964443e-06
Completed 40 % :  mod = 1.8195977954147353e-11,  Error =1.1180380354858244e-06
Completed 40 % :  mod = 1.8956901143147424e-11,  Error =1.1248687528109258e-06
Completed 40 % :  mod = 1.9660423024296936e-11,  Error =1.1316939279026883e-06
Completed 41 % :  mod = 2.0290869298650916e-11,  Error =1.1385131699626072e-06
Completed 41 % :  mod = 2.0833032174518527e-11,  Error =1.1453257897642288e-06
Completed 41 % :  mod = 2.1272863268325164e-11,  Error =1.1521354252863603e-06
Completed 41 % :  mod = 2.1598289408838925e-11,  Error =1.1589410178203252e-06
Completed 42 % :  mod = 2.1799963565271685e-11,  Error =1.1657429652700557e-06
Completed 42 % :  mod = 2.1871978044688784e-11,  Error =1.1725449340360683e-06
Completed 42 % :  mod = 2.1812143006814575e-11,  Error =1.1793470946486195e-06
Completed 42 % :  mod = 2.162225326169875e-11,  Error =1.1861500794907442e-06
Completed 43 % :  mod = 2.1307927056638298e-11,  Error =1.192956084139496e-06
Completed 43 % :  mod = 2.0878206929005352e-11,  Error =1.1997654070228236e-06
Completed 43 % :  mod = 2.0344943187513542e-11,  Error =1.2065788865811555e-06
Completed 43 % :  mod = 1.9722113567911224e-11,  Error =1.2133958193771832e-06
Completed 44 % :  mod = 1.9024704570126305e-11,  Error =1.22021928916638e-06
Completed 44 % :  mod = 1.8268362702493788e-11,  Error =1.2270496299038314e-06
Completed 44 % :  mod = 1.74684075290593e-11,  Error =1.233885875251417e-06
Completed 44 % :  mod = 1.663932833322664e-11,  Error =1.2407287357518726e-06
Completed 45 % :  mod = 1.5794363065106012e-11,  Error =1.2475770319042567e-06
Completed 45 % :  mod = 1.4945227548355142e-11,  Error =1.2544308987116892e-06
Completed 45 % :  mod = 1.410207856183788e-11,  Error =1.2612903503850248e-06
Completed 45 % :  mod = 1.3273094457029527e-11,  Error =1.2681553656079814e-06
Completed 46 % :  mod = 1.2465133106727197e-11,  Error =1.2750245517167969e-06
Completed 46 % :  mod = 1.1683453700147179e-11,  Error =1.2818968215810855e-06
Completed 46 % :  mod = 1.093197238364467e-11,  Error =1.2887737739220029e-06
Completed 46 % :  mod = 1.0213435042363701e-11,  Error =1.2956547479348046e-06
Completed 47 % :  mod = 9.529592745327099e-12,  Error =1.3025385214859853e-06
Completed 47 % :  mod = 8.881444109234789e-12,  Error =1.3094243769273817e-06
Completed 47 % :  mod = 8.269089503684956e-12,  Error =1.3163138916638673e-06
Completed 47 % :  mod = 7.69232644466796e-12,  Error =1.3232048701183885e-06
Completed 48 % :  mod = 7.150460451341643e-12,  Error =1.3300991099640669e-06
Completed 48 % :  mod = 6.6424854604700395e-12,  Error =1.3369947851060715e-06
Completed 48 % :  mod = 6.167169090769841e-12,  Error =1.3438907586760251e-06
Completed 48 % :  mod = 5.723173101601661e-12,  Error =1.350787570686407e-06
Completed 49 % :  mod = 5.3089048811821614e-12,  Error =1.3576865498521329e-06
Completed 49 % :  mod = 4.922875512728943e-12,  Error =1.364585770602389e-06
Completed 49 % :  mod = 4.5635227617262104e-12,  Error =1.3714870803482881e-06
Completed 49 % :  mod = 4.229292269809332e-12,  Error =1.378387906925127e-06
Completed 50 % :  mod = 3.918658042870146e-12,  Error =1.385289429833847e-06
Completed 50 % :  mod = 3.6301375084481603e-12,  Error =1.3921916988124394e-06
Completed 50 % :  mod = 3.3623325405348236e-12,  Error =1.3990932785645782e-06
Completed 50 % :  mod = 3.1138131748042016e-12,  Error =1.4059964357215904e-06
Completed 51 % :  mod = 2.883310820366924e-12,  Error =1.4129004810570223e-06
Completed 51 % :  mod = 2.6695924406432216e-12,  Error =1.4198039366419835e-06
Completed 51 % :  mod = 2.4714939980024512e-12,  Error =1.4267073851215173e-06
Completed 51 % :  mod = 2.28791999375069e-12,  Error =1.4336113025592567e-06
Completed 52 % :  mod = 2.117842101546007e-12,  Error =1.440516072648279e-06
Completed 52 % :  mod = 1.9603149696384065e-12,  Error =1.4474191161184535e-06
Completed 52 % :  mod = 1.814401135203465e-12,  Error =1.4543240354214504e-06
Completed 52 % :  mod = 1.6792792319460368e-12,  Error =1.461228990251584e-06
Completed 53 % :  mod = 1.5541655913626426e-12,  Error =1.4681343927236412e-06
Completed 53 % :  mod = 1.4383304379513981e-12,  Error =1.475037699094628e-06
Completed 53 % :  mod = 1.3310948227379887e-12,  Error =1.4819418439060428e-06
Completed 53 % :  mod = 1.2318275887267305e-12,  Error =1.488846372410535e-06
Completed 54 % :  mod = 1.1399527977913314e-12,  Error =1.4957508724933177e-06
Completed 54 % :  mod = 1.054904523506479e-12,  Error =1.5026555146846476e-06
Completed 54 % :  mod = 9.761888249932136e-13,  Error =1.5095605547799096e-06
Completed 54 % :  mod = 9.033371161400083e-13,  Error =1.5164659146194026e-06
Completed 55 % :  mod = 8.359148998673775e-13,  Error =1.5233707983952627e-06
Completed 55 % :  mod = 7.735194125913919e-13,  Error =1.5302763785030038e-06
Completed 55 % :  mod = 7.157839343496421e-13,  Error =1.5371809141129233e-06
Completed 55 % :  mod = 6.623490992420859e-13,  Error =1.544085847626775e-06
Completed 56 % :  mod = 6.129016161907741e-13,  Error =1.5509916337919094e-06
Completed 56 % :  mod = 5.671447870319897e-13,  Error =1.557896766257727e-06
Completed 56 % :  mod = 5.248038557330024e-13,  Error =1.5648018631964078e-06
Completed 56 % :  mod = 4.856244170069471e-13,  Error =1.5717068038156867e-06
Completed 57 % :  mod = 4.4937093417411827e-13,  Error =1.5786128315653514e-06
Completed 57 % :  mod = 4.1582915277692425e-13,  Error =1.585517608759801e-06
Completed 57 % :  mod = 3.8478936261534773e-13,  Error =1.5924230183372856e-06
Completed 57 % :  mod = 3.5606883616008883e-13,  Error =1.5993280584325476e-06
Completed 58 % :  mod = 3.294946559271541e-13,  Error =1.6062330203681086e-06
Completed 58 % :  mod = 3.049067871716084e-13,  Error =1.6131390268014911e-06
Completed 58 % :  mod = 2.8215712562789636e-13,  Error =1.6200450687620105e-06
Completed 58 % :  mod = 2.611086145036373e-13,  Error =1.6269512386202223e-06
Completed 59 % :  mod = 2.4163662772501187e-13,  Error =1.6338555823836032e-06
Completed 59 % :  mod = 2.2361923937410306e-13,  Error =1.6407605869517283e-06
Completed 59 % :  mod = 2.0695023862671953e-13,  Error =1.64766576205011e-06
Completed 59 % :  mod = 1.9152915166167701e-13,  Error =1.654571597953236e-06
Completed 60 % :  mod = 1.7726301879692626e-13,  Error =1.661476439096532e-06
Completed 60 % :  mod = 1.6406583635000342e-13,  Error =1.6683816141949137e-06
Completed 60 % :  mod = 1.5185803995739305e-13,  Error =1.6752871232483812e-06
Completed 60 % :  mod = 1.4056730281322847e-13,  Error =1.6821913675357791e-06
Completed 61 % :  mod = 1.3012289099365134e-13,  Error =1.689096805534973e-06
Completed 61 % :  mod = 1.2046320781745567e-13,  Error =1.6960020730039105e-06
Completed 61 % :  mod = 1.1153000629014435e-13,  Error =1.7029080510155836e-06
Completed 61 % :  mod = 1.0326941849618368e-13,  Error =1.7098136453341795e-06
Completed 62 % :  mod = 9.563163122508926e-14,  Error =1.7167182591038e-06
Completed 62 % :  mod = 8.85713839606762e-14,  Error =1.7236232565664977e-06
Completed 62 % :  mod = 8.204443888784676e-14,  Error =1.7305283535051785e-06
Completed 62 % :  mod = 7.601229824742714e-14,  Error =1.7374330383290726e-06
Completed 63 % :  mod = 7.043858439802367e-14,  Error =1.7443377018366846e-06
Completed 63 % :  mod = 6.528968402640349e-14,  Error =1.751242713510237e-06
Completed 63 % :  mod = 6.053454537967702e-14,  Error =1.7581478957140462e-06
Completed 63 % :  mod = 5.6144491148564805e-14,  Error =1.765052793700761e-06
Completed 64 % :  mod = 5.2093503048495826e-14,  Error =1.7719569100904664e-06
Completed 64 % :  mod = 4.835619685778989e-14,  Error =1.7788622557191047e-06
Completed 64 % :  mod = 4.4910528991189226e-14,  Error =1.7857674521337685e-06
Completed 64 % :  mod = 4.17357188241469e-14,  Error =1.7926718172134315e-06
Completed 65 % :  mod = 3.881261925841922e-14,  Error =1.799576132555103e-06
Completed 65 % :  mod = 3.6123601100982757e-14,  Error =1.8064809594875442e-06
Completed 65 % :  mod = 3.3652446904863585e-14,  Error =1.8133855661517373e-06
Completed 65 % :  mod = 3.138450843144551e-14,  Error =1.8202901514996483e-06
Completed 66 % :  mod = 2.9305574030883064e-14,  Error =1.8271951489623461e-06
Completed 66 % :  mod = 2.740338393663638e-14,  Error =1.8341007361755146e-06
Completed 66 % :  mod = 2.5666465957887397e-14,  Error =1.8410059965390246e-06
Completed 66 % :  mod = 2.4084344681219898e-14,  Error =1.8479115269087742e-06
Completed 67 % :  mod = 2.2647478211206687e-14,  Error =1.8548169720133956e-06
Completed 67 % :  mod = 2.134720074649749e-14,  Error =1.8617229287087866e-06
Completed 67 % :  mod = 2.0175800672854903e-14,  Error =1.8686270095713553e-06
Completed 67 % :  mod = 1.9125937564397523e-14,  Error =1.8755318293983692e-06
Completed 68 % :  mod = 1.8191424797789036e-14,  Error =1.8824374379278197e-06
Completed 68 % :  mod = 1.7366626250746792e-14,  Error =1.8893423359145345e-06
Completed 68 % :  mod = 1.6646567523816392e-14,  Error =1.8962474896966341e-06
Completed 68 % :  mod = 1.602690584293981e-14,  Error =1.9031527926927083e-06
Completed 69 % :  mod = 1.550395995820883e-14,  Error =1.910057406462329e-06
Completed 69 % :  mod = 1.507445285740051e-14,  Error =1.916962730774685e-06
Completed 69 % :  mod = 1.473586126240051e-14,  Error =1.923867614550545e-06
Completed 69 % :  mod = 1.4486143114808762e-14,  Error =1.9307729672846108e-06
Completed 70 % :  mod = 1.4323792335657925e-14,  Error =1.9376786042357708e-06
Completed 70 % :  mod = 1.4247829787844798e-14,  Error =1.944584049340392e-06
Completed 70 % :  mod = 1.4257797312313206e-14,  Error =1.9514897786621077e-06
Completed 70 % :  mod = 1.4353738697161346e-14,  Error =1.9583943000611725e-06
Completed 71 % :  mod = 1.4536255108772388e-14,  Error =1.96529943252699e-06
Completed 71 % :  mod = 1.480644113446801e-14,  Error =1.972205005529304e-06
Completed 71 % :  mod = 1.5165926286760924e-14,  Error =1.979110564320763e-06
Completed 71 % :  mod = 1.56168786499806e-14,  Error =1.9860161160067946e-06
Completed 72 % :  mod = 1.6162017972164223e-14,  Error =1.992921163207484e-06
Completed 72 % :  mod = 1.6804632019761572e-14,  Error =1.9998267148935156e-06
Completed 72 % :  mod = 1.7548502862969443e-14,  Error =2.0067310444460418e-06
Completed 72 % :  mod = 1.8398291857582846e-14,  Error =2.013636802189467e-06
Completed 73 % :  mod = 1.9359042758324833e-14,  Error =2.0205420128149854e-06
Completed 73 % :  mod = 2.043654991022373e-14,  Error =2.027447088437384e-06
Completed 73 % :  mod = 2.1637311852362777e-14,  Error =2.0343516382581583e-06
Completed 73 % :  mod = 2.296857047562804e-14,  Error =2.041256891516241e-06
Completed 74 % :  mod = 2.443835467649316e-14,  Error =2.048162471623982e-06
Completed 74 % :  mod = 2.6055329644504957e-14,  Error =2.0550663037965933e-06
Completed 74 % :  mod = 2.7829627918754127e-14,  Error =2.061971919431471e-06
Completed 74 % :  mod = 2.9771769112380833e-14,  Error =2.0688774284849387e-06
Completed 75 % :  mod = 3.189346635090961e-14,  Error =2.0757827243755855e-06
Completed 75 % :  mod = 3.4207515682544177e-14,  Error =2.0826875442025994e-06
Completed 75 % :  mod = 3.6727873192958895e-14,  Error =2.0895931811537594e-06
Completed 75 % :  mod = 3.946940313836655e-14,  Error =2.0964981288784656e-06
Completed 76 % :  mod = 4.244928478483586e-14,  Error =2.1034029913380436e-06
Completed 76 % :  mod = 4.5685180670074725e-14,  Error =2.110308081171297e-06
Completed 76 % :  mod = 4.9196606387434455e-14,  Error =2.1172129862634392e-06
Completed 76 % :  mod = 5.300473910807363e-14,  Error =2.1241183745246417e-06
Completed 77 % :  mod = 5.713254536712783e-14,  Error =2.1310239901595196e-06
Completed 77 % :  mod = 6.160491943841165e-14,  Error =2.137930032120039e-06
Completed 77 % :  mod = 6.644824100537634e-14,  Error =2.1448349443176085e-06
Completed 77 % :  mod = 7.169285881494643e-14,  Error =2.151740055467144e-06
Completed 78 % :  mod = 7.736985466574457e-14,  Error =2.15864527319809e-06
Completed 78 % :  mod = 8.351346478804932e-14,  Error =2.165550235133651e-06
Completed 78 % :  mod = 9.016073892295999e-14,  Error =2.172455516813443e-06
Completed 78 % :  mod = 9.735176373922722e-14,  Error =2.1793609832343463e-06
Completed 79 % :  mod = 1.0512990426493993e-13,  Error =2.1862654762117018e-06
Completed 79 % :  mod = 1.1354103699240447e-13,  Error =2.1931697560262364e-06
Completed 79 % :  mod = 1.2263786190714005e-13,  Error =2.2000753006068408e-06
Completed 79 % :  mod = 1.3247428247876427e-13,  Error =2.2069810157177017e-06
Completed 80 % :  mod = 1.431096111429734e-13,  Error =2.2138858000175787e-06
Completed 80 % :  mod = 1.5460797538958503e-13,  Error =2.220791124329935e-06
Completed 80 % :  mod = 1.6703870383430295e-13,  Error =2.2276959938949403e-06
Completed 80 % :  mod = 1.8047674315631332e-13,  Error =2.234600728456826e-06
Completed 81 % :  mod = 1.9500133359202745e-13,  Error =2.2415053848590105e-06
Completed 81 % :  mod = 2.1070345337546142e-13,  Error =2.2484108797016233e-06
Completed 81 % :  mod = 2.276761123940299e-13,  Error =2.2553165237582107e-06
Completed 81 % :  mod = 2.460216128291867e-13,  Error =2.2622221322876612e-06
Completed 82 % :  mod = 2.6585052035203743e-13,  Error =2.269127307386043e-06
Completed 82 % :  mod = 2.872823268493308e-13,  Error =2.2760329514426303e-06
Completed 82 % :  mod = 3.104433348510877e-13,  Error =2.2829373236277206e-06
Completed 82 % :  mod = 3.3547852394432575e-13,  Error =2.289842669256359e-06
Completed 83 % :  mod = 3.625360670199337e-13,  Error =2.2967480575175614e-06
Completed 83 % :  mod = 3.9177890123511065e-13,  Error =2.3036526286546177e-06
Completed 83 % :  mod = 4.233830779626822e-13,  Error =2.310558116391803e-06
Completed 83 % :  mod = 4.575388073857456e-13,  Error =2.317463092538219e-06
Completed 84 % :  mod = 4.944515840813105e-13,  Error =2.3243682818474554e-06
Completed 84 % :  mod = 5.343385241734009e-13,  Error =2.3312732650992984e-06
Completed 84 % :  mod = 5.774487754240119e-13,  Error =2.33817833361627e-06
Completed 84 % :  mod = 6.240368196754707e-13,  Error =2.3450833310789676e-06
Completed 85 % :  mod = 6.743823597265979e-13,  Error =2.3519885488099135e-06
Completed 85 % :  mod = 7.287874261587063e-13,  Error =2.3588944841890225e-06
Completed 85 % :  mod = 7.875781113838396e-13,  Error =2.365799815606806e-06
Completed 85 % :  mod = 8.511064260129121e-13,  Error =2.372704400954717e-06
Completed 86 % :  mod = 9.197438946735313e-13,  Error =2.379608247338183e-06
Completed 86 % :  mod = 9.939165477978016e-13,  Error =2.386512733210111e-06
Completed 86 % :  mod = 1.0740588171307098e-12,  Error =2.3934186828000747e-06
Completed 86 % :  mod = 1.1606475525946908e-12,  Error =2.4003243552783715e-06
Completed 87 % :  mod = 1.2541967833494373e-12,  Error =2.40723056066372e-06
Completed 87 % :  mod = 1.3552603737706713e-12,  Error =2.4141359844520593e-06
Completed 87 % :  mod = 1.4644348042715623e-12,  Error =2.4210410032310392e-06
Completed 87 % :  mod = 1.5823476566906236e-12,  Error =2.4279444232888636e-06
Completed 88 % :  mod = 1.7097170719683819e-12,  Error =2.4348493425918605e-06
Completed 88 % :  mod = 1.847271723793615e-12,  Error =2.4417532742404546e-06
Completed 88 % :  mod = 1.9958082284258775e-12,  Error =2.448657824061229e-06
Completed 88 % :  mod = 2.1561808399693036e-12,  Error =2.4555628428402088e-06
Completed 89 % :  mod = 2.3293043755671324e-12,  Error =2.462467449504402e-06
Completed 89 % :  mod = 2.516134117773419e-12,  Error =2.469370627977696e-06
Completed 89 % :  mod = 2.717757667477817e-12,  Error =2.4762745098882988e-06
Completed 89 % :  mod = 2.935265198587394e-12,  Error =2.4831773615119346e-06
Completed 90 % :  mod = 3.169836765119044e-12,  Error =2.4900807318317675e-06
Completed 90 % :  mod = 3.4227213656097336e-12,  Error =2.496983654509677e-06
Completed 90 % :  mod = 3.695235840630227e-12,  Error =2.50388713141092e-06
Completed 90 % :  mod = 3.988762042642453e-12,  Error =2.510789151699555e-06
Completed 91 % :  mod = 4.304703228665144e-12,  Error =2.517689523529043e-06
Completed 91 % :  mod = 4.644627314109855e-12,  Error =2.524590627217549e-06
Completed 91 % :  mod = 5.010032603268698e-12,  Error =2.5314909919416095e-06
Completed 91 % :  mod = 5.40247734037066e-12,  Error =2.5383912287679777e-06
Completed 92 % :  mod = 5.82352198556088e-12,  Error =2.545289540023532e-06
Completed 92 % :  mod = 6.274700289277539e-12,  Error =2.552186735726991e-06
Completed 92 % :  mod = 6.757481870536894e-12,  Error =2.559083405628826e-06
Completed 92 % :  mod = 7.273162001689278e-12,  Error =2.565976807034076e-06
Completed 93 % :  mod = 7.8230484714266e-12,  Error =2.5728697181648386e-06
Completed 93 % :  mod = 8.408024554120146e-12,  Error =2.579760959520172e-06
Completed 93 % :  mod = 9.028698473021092e-12,  Error =2.5866501118798624e-06
Completed 93 % :  mod = 9.685238545016638e-12,  Error =2.593537359985021e-06
Completed 94 % :  mod = 1.0377248961942172e-11,  Error =2.6004200393003885e-06
Completed 94 % :  mod = 1.1103627653656937e-11,  Error =2.6072994074866074e-06
Completed 94 % :  mod = 1.1862316921224344e-11,  Error =2.6141745834706853e-06
Completed 94 % :  mod = 1.2650493656006025e-11,  Error =2.621047961781642e-06
Completed 95 % :  mod = 1.3463857678191395e-11,  Error =2.6279164515585762e-06
Completed 95 % :  mod = 1.4296814805815081e-11,  Error =2.6347806638682414e-06
Completed 95 % :  mod = 1.5142239947694642e-11,  Error =2.641638786826661e-06
Completed 95 % :  mod = 1.5991368177891888e-11,  Error =2.6484907635904165e-06
Completed 96 % :  mod = 1.6833652280334556e-11,  Error =2.6553363170478406e-06
Completed 96 % :  mod = 1.765720558984753e-11,  Error =2.6621765840673106e-06
Completed 96 % :  mod = 1.8448370514653477e-11,  Error =2.6690118204442115e-06
Completed 96 % :  mod = 1.9192421827325765e-11,  Error =2.675840590882217e-06
Completed 97 % :  mod = 1.9873923624169114e-11,  Error =2.682663073017011e-06
Completed 97 % :  mod = 2.047733387485475e-11,  Error =2.689480375295261e-06
Completed 97 % :  mod = 2.098773212681517e-11,  Error =2.696292220605301e-06
Completed 97 % :  mod = 2.139158170208259e-11,  Error =2.7031002147737127e-06
Completed 98 % :  mod = 2.1677716383866782e-11,  Error =2.7099038391042995e-06
Completed 98 % :  mod = 2.1837786282963237e-11,  Error =2.7167065113076205e-06
Completed 98 % :  mod = 2.1867034210699786e-11,  Error =2.7235083237542312e-06
Completed 98 % :  mod = 2.1764581856271998e-11,  Error =2.730310391996227e-06
Completed 99 % :  mod = 2.1533493542719193e-11,  Error =2.73711507503549e-06
Completed 99 % :  mod = 2.1180555072947574e-11,  Error =2.7439212360036436e-06
Completed 99 % :  mod = 2.0715857649635587e-11,  Error =2.7507303599350053e-06
Completed 99 % :  mod = 2.0151894126872805e-11,  Error =2.757544848464022e-06
Completed 100 % :  mod = 1.9503103157220847e-11,  Error =2.7643640052588125e-06
Finished 15/21 frames
Finished all frames!
