/opt/local/miniconda_23_9/lib/python3.11/site-packages/conda/base/context.py:201: FutureWarning: Adding 'defaults' to channel list implicitly is deprecated and will be removed in 25.3. 

To remove this warning, please choose a default channel explicitly with conda's regular configuration system, e.g. by adding 'defaults' to the list of channels:

  conda config --add channels defaults

For more information see https://docs.conda.io/projects/conda/en/stable/user-guide/configuration/use-condarc.html

  deprecated.topic(
JOB 14544 ARRAY_ID 2  -> i=2 ; range=[2.00001e-10, 2.0013e-10] ; intervals=3 (frames=4)
Analytic t0 extension enabled (--extend-time-using-t0).
Extending simulation time for p0=2.001e-10 from 10000000000.0 to 1.000e+11
Completed 0 % :  mod = 1.6005240001961371e-16,  Error =-1.4210854715202004e-14
Completed 0 % :  mod = 1.602155058192424e-16,  Error =1.961271323125402e-08
Completed 0 % :  mod = 1.6070516592939597e-16,  Error =3.9223600367677136e-08
Completed 0 % :  mod = 1.6152232385296063e-16,  Error =5.8835752270169905e-08
Completed 0 % :  mod = 1.62668723441764e-16,  Error =7.844739968732029e-08
Completed 1 % :  mod = 1.641466678251254e-16,  Error =9.805860656797449e-08
Completed 1 % :  mod = 1.659590905990872e-16,  Error =1.1767030372311638e-07
Completed 1 % :  mod = 1.681098342243899e-16,  Error =1.3728250536360065e-07
Completed 1 % :  mod = 1.7060321580834919e-16,  Error =1.5689499832660658e-07
Completed 2 % :  mod = 1.734441996754113e-16,  Error =1.7650540939939674e-07
Completed 2 % :  mod = 1.7663880682155622e-16,  Error =1.9611775314842816e-07
Completed 2 % :  mod = 1.8019342923326866e-16,  Error =2.157292726678861e-07
Completed 2 % :  mod = 1.841151603461928e-16,  Error =2.3534095561217327e-07
Completed 3 % :  mod = 1.8841230598425684e-16,  Error =2.5495298672240096e-07
Completed 3 % :  mod = 1.9309346158800098e-16,  Error =2.745643925550212e-07
Completed 3 % :  mod = 1.981679812776835e-16,  Error =2.941756136465301e-07
Completed 3 % :  mod = 2.0364659637758374e-16,  Error =3.1378743159393707e-07
Completed 4 % :  mod = 2.0954028026570788e-16,  Error =3.333992566467714e-07
Completed 4 % :  mod = 2.1586080149912462e-16,  Error =3.53011465392683e-07
Completed 4 % :  mod = 2.226215216813649e-16,  Error =3.726243846813304e-07
Completed 4 % :  mod = 2.2983600450652306e-16,  Error =3.922366502706609e-07
Completed 5 % :  mod = 2.3751862828650045e-16,  Error =4.118464715929804e-07
Completed 5 % :  mod = 2.4568564029609367e-16,  Error =4.3145635686414607e-07
Completed 5 % :  mod = 2.543534410970066e-16,  Error =4.5106818902240775e-07
Completed 5 % :  mod = 2.635392852632268e-16,  Error =4.70678045871864e-07
Completed 6 % :  mod = 2.7326262601480994e-16,  Error =4.902900201386728e-07
Completed 6 % :  mod = 2.835429536915418e-16,  Error =5.099025344179609e-07
Completed 6 % :  mod = 2.9440074788952184e-16,  Error =5.295146010553253e-07
Completed 6 % :  mod = 3.0585902987237806e-16,  Error =5.491277192959387e-07
Completed 7 % :  mod = 3.1794073477355714e-16,  Error =5.687392032882599e-07
Completed 7 % :  mod = 3.306699182977418e-16,  Error =5.883499056835717e-07
Completed 7 % :  mod = 3.4407361177677215e-16,  Error =6.079625194388427e-07
Completed 7 % :  mod = 3.5817803900741517e-16,  Error =6.275736410543686e-07
Completed 8 % :  mod = 3.7301304709601483e-16,  Error =6.471853737366473e-07
Completed 8 % :  mod = 3.886083578310523e-16,  Error =6.667981509167475e-07
Completed 8 % :  mod = 4.0499507454772807e-16,  Error =6.864090167368886e-07
Completed 8 % :  mod = 4.2220792032360316e-16,  Error =7.060210407416889e-07
Completed 9 % :  mod = 4.402813378737097e-16,  Error =7.256324678905912e-07
Completed 9 % :  mod = 4.592513598576148e-16,  Error =7.452430068610738e-07
Completed 9 % :  mod = 4.791582177553736e-16,  Error =7.648540432114714e-07
Completed 9 % :  mod = 5.000417366428666e-16,  Error =7.844660458999897e-07
Completed 10 % :  mod = 5.219435440742277e-16,  Error =8.040769401418402e-07
Completed 10 % :  mod = 5.449100794166117e-16,  Error =8.236894970536923e-07
Completed 10 % :  mod = 5.689872948794915e-16,  Error =8.433012652631078e-07
Completed 10 % :  mod = 5.942232213255204e-16,  Error =8.629120600289752e-07
Completed 11 % :  mod = 6.206713282781806e-16,  Error =8.825231319065097e-07
Completed 11 % :  mod = 6.483845214339689e-16,  Error =9.021364419936617e-07
Completed 11 % :  mod = 6.774181207710968e-16,  Error =9.217475493983329e-07
Completed 11 % :  mod = 7.078336391622262e-16,  Error =9.413576265160373e-07
Completed 12 % :  mod = 7.396918971815456e-16,  Error =9.609700200030602e-07
Completed 12 % :  mod = 7.730564907492946e-16,  Error =9.805807792417909e-07
Completed 12 % :  mod = 8.079981153735131e-16,  Error =1.0001938193227033e-06
Completed 12 % :  mod = 8.445866719518647e-16,  Error =1.0198044293474595e-06
Completed 13 % :  mod = 8.828951658425511e-16,  Error =1.0394163538762768e-06
Completed 13 % :  mod = 9.23004747237675e-16,  Error =1.0590296710688563e-06
Completed 13 % :  mod = 9.649956984617809e-16,  Error =1.0786410697960491e-06
Completed 13 % :  mod = 1.0089518152890643e-15,  Error =1.0982525537883703e-06
Completed 14 % :  mod = 1.054966178647796e-15,  Error =1.11786535939018e-06
Completed 14 % :  mod = 1.103130878865764e-15,  Error =1.1374766089033983e-06
Completed 14 % :  mod = 1.153542046841254e-15,  Error =1.1570874605126846e-06
Completed 14 % :  mod = 1.2063064632161428e-15,  Error =1.176699484517485e-06
Completed 15 % :  mod = 1.2615297037920463e-15,  Error =1.1963118495827985e-06
Completed 15 % :  mod = 1.3193219529039658e-15,  Error =1.2159215430074255e-06
Completed 15 % :  mod = 1.3798056728838307e-15,  Error =1.2355345262449191e-06
Completed 15 % :  mod = 1.4430992984177709e-15,  Error =1.255145448908479e-06
Completed 16 % :  mod = 1.5093368743825443e-15,  Error =1.2747571602744756e-06
Completed 16 % :  mod = 1.5786509665008776e-15,  Error =1.2943690705924382e-06
Completed 16 % :  mod = 1.6511799079089208e-15,  Error =1.3139794177163822e-06
Completed 16 % :  mod = 1.7270773307584457e-15,  Error =1.3335924720081493e-06
Completed 17 % :  mod = 1.806495109856013e-15,  Error =1.3532051141851298e-06
Completed 17 % :  mod = 1.8895917072092922e-15,  Error =1.3728160652703991e-06
Completed 17 % :  mod = 1.9765431770447273e-15,  Error =1.3924272721510533e-06
Completed 17 % :  mod = 2.0675235326239978e-15,  Error =1.4120405111839318e-06
Completed 18 % :  mod = 2.1627142793971817e-15,  Error =1.4316509719947135e-06
Completed 18 % :  mod = 2.2623171030744724e-15,  Error =1.4512638202290873e-06
Completed 18 % :  mod = 2.3665313235778124e-15,  Error =1.4708763984572215e-06
Completed 18 % :  mod = 2.4755648714691283e-15,  Error =1.4904879748200983e-06
Completed 19 % :  mod = 2.589648769091122e-15,  Error =1.5100995511829751e-06
Completed 19 % :  mod = 2.7090112729530203e-15,  Error =1.5297124917879046e-06
Completed 19 % :  mod = 2.8338905567875114e-15,  Error =1.5493227181195834e-06
Completed 19 % :  mod = 2.964551252888247e-15,  Error =1.5689360211013081e-06
Completed 20 % :  mod = 3.101254753637517e-15,  Error =1.588546624020637e-06
Completed 20 % :  mod = 3.24427382525443e-15,  Error =1.6081584135463345e-06
Completed 20 % :  mod = 3.3939115449059683e-15,  Error =1.6277700112254934e-06
Completed 20 % :  mod = 3.5504672854375354e-15,  Error =1.6473828026164483e-06
Completed 21 % :  mod = 3.714253461230868e-15,  Error =1.666994414506462e-06
Completed 21 % :  mod = 3.88561708142887e-15,  Error =1.686605898498783e-06
Completed 21 % :  mod = 4.06490100836294e-15,  Error =1.7062164943126845e-06
Completed 21 % :  mod = 4.25246306366736e-15,  Error =1.7258276159282104e-06
Completed 22 % :  mod = 4.448700579206671e-15,  Error =1.7454404854788663e-06
Completed 22 % :  mod = 4.654006188562933e-15,  Error =1.7650523247425554e-06
Completed 22 % :  mod = 4.868789654419234e-15,  Error =1.7846641853225265e-06
Completed 22 % :  mod = 5.093505987220447e-15,  Error =1.8042753353597618e-06
Completed 23 % :  mod = 5.328595181550085e-15,  Error =1.823886641716399e-06
Completed 23 % :  mod = 5.574555339878729e-15,  Error =1.8434990209925672e-06
Completed 23 % :  mod = 5.8318785740798686e-15,  Error =1.863110774991128e-06
Completed 23 % :  mod = 6.101078424916243e-15,  Error =1.8827210794825078e-06
Completed 24 % :  mod = 6.3827252166181016e-15,  Error =1.9023339632440184e-06
Completed 24 % :  mod = 6.6773824687177815e-15,  Error =1.921944942750997e-06
Completed 24 % :  mod = 6.985638241180142e-15,  Error =1.9415561496316514e-06
Completed 24 % :  mod = 7.30814558642965e-15,  Error =1.961168791808632e-06
Completed 25 % :  mod = 7.64554982130448e-15,  Error =1.9807794515713795e-06
Completed 25 % :  mod = 7.998524272115718e-15,  Error =2.000391184253658e-06
Completed 25 % :  mod = 8.367816712308463e-15,  Error =2.0200028885142274e-06
Completed 25 % :  mod = 8.75416613340974e-15,  Error =2.039614720672489e-06
Completed 26 % :  mod = 9.158343505283772e-15,  Error =2.0592260909779725e-06
Completed 26 % :  mod = 9.581205064192704e-15,  Error =2.078837482599738e-06
Completed 26 % :  mod = 1.0023596996309337e-14,  Error =2.0984491513331704e-06
Completed 26 % :  mod = 1.0486402084965108e-14,  Error =2.118060884015449e-06
Completed 27 % :  mod = 1.0970600830146675e-14,  Error =2.1376719132604194e-06
Completed 27 % :  mod = 1.1477162106592664e-14,  Error =2.157285138082443e-06
Completed 27 % :  mod = 1.2007096700422185e-14,  Error =2.17689633785767e-06
Completed 27 % :  mod = 1.2561527398733072e-14,  Error =2.1965084826547354e-06
Completed 28 % :  mod = 1.3141563591192365e-14,  Error =2.216121899323298e-06
Completed 28 % :  mod = 1.3748362629466974e-14,  Error =2.235733127520234e-06
Completed 28 % :  mod = 1.438321014491019e-14,  Error =2.2553442562411874e-06
Completed 28 % :  mod = 1.50473764178507e-14,  Error =2.274955946290902e-06
Completed 29 % :  mod = 1.5742186719584316e-14,  Error =2.2945676221297617e-06
Completed 29 % :  mod = 1.6469113071777817e-14,  Error =2.314178651374732e-06
Completed 29 % :  mod = 1.722960992331795e-14,  Error =2.3337898227282494e-06
Completed 29 % :  mod = 1.8025194825184877e-14,  Error =2.3534001485359113e-06
Completed 30 % :  mod = 1.8857553251296387e-14,  Error =2.3730130891408407e-06
Completed 30 % :  mod = 1.9728350518936497e-14,  Error =2.3926248857719656e-06
Completed 30 % :  mod = 2.063932424919487e-14,  Error =2.412235993176637e-06
Completed 30 % :  mod = 2.159240433002422e-14,  Error =2.4318479816543004e-06
Completed 31 % :  mod = 2.2589456693426663e-14,  Error =2.451458762209313e-06
Completed 31 % :  mod = 2.3632593547888085e-14,  Error =2.4710707862141135e-06
Completed 31 % :  mod = 2.472390188570699e-14,  Error =2.4906810907054933e-06
Completed 31 % :  mod = 2.5865559131167644e-14,  Error =2.510293221291704e-06
Completed 32 % :  mod = 2.7059983726754325e-14,  Error =2.529905025028256e-06
Completed 32 % :  mod = 2.8309565169988826e-14,  Error =2.549517020611347e-06
Completed 32 % :  mod = 2.9616796563850336e-14,  Error =2.5691288882967456e-06
Completed 32 % :  mod = 3.0984446934316865e-14,  Error =2.5887410473046657e-06
Completed 33 % :  mod = 3.241525216823634e-14,  Error =2.608352232869038e-06
Completed 33 % :  mod = 3.3912066715304105e-14,  Error =2.627963340273709e-06
Completed 33 % :  mod = 3.5478060872293396e-14,  Error =2.6475755703359027e-06
Completed 33 % :  mod = 3.711636709246442e-14,  Error =2.6671879851392077e-06
Completed 34 % :  mod = 3.883025348023549e-14,  Error =2.6867974298738773e-06
Completed 34 % :  mod = 4.062334966685967e-14,  Error =2.7064076064675646e-06
Completed 34 % :  mod = 4.2499241952767597e-14,  Error =2.7260205115453573e-06
Completed 34 % :  mod = 4.446167192200778e-14,  Error =2.745631846323704e-06
Completed 35 % :  mod = 4.651479503110699e-14,  Error =2.7652447727177787e-06
Completed 35 % :  mod = 4.866271698074758e-14,  Error =2.7848570027799724e-06
Completed 35 % :  mod = 5.0909721122400315e-14,  Error =2.804467463590754e-06
Completed 35 % :  mod = 5.326056474588951e-14,  Error =2.824079160745896e-06
Completed 36 % :  mod = 5.571994796879708e-14,  Error =2.8436916110763377e-06
Completed 36 % :  mod = 5.829277404441104e-14,  Error =2.863301347133529e-06
Completed 36 % :  mod = 6.098448882517179e-14,  Error =2.8829138116748254e-06
Completed 36 % :  mod = 6.380047251820781e-14,  Error =2.9025258143633437e-06
Completed 37 % :  mod = 6.674633766712179e-14,  Error =2.9221361188547235e-06
Completed 37 % :  mod = 6.982831776159748e-14,  Error =2.941747169415976e-06
Completed 37 % :  mod = 7.305257081289721e-14,  Error =2.961360699771376e-06
Completed 37 % :  mod = 7.642552066952062e-14,  Error =2.9809705779371143e-06
Completed 38 % :  mod = 7.995430163867462e-14,  Error =3.0005819979805892e-06
Completed 38 % :  mod = 8.364596105976106e-14,  Error =3.0201944198893216e-06
Completed 38 % :  mod = 8.750785024854583e-14,  Error =3.03980642257784e-06
Completed 38 % :  mod = 9.154813338601287e-14,  Error =3.0594186668508883e-06
Completed 39 % :  mod = 9.577470100706533e-14,  Error =3.0790299732075255e-06
Completed 39 % :  mod = 1.0019648420786711e-13,  Error =3.098640490861726e-06
Completed 39 % :  mod = 1.0482230384203429e-13,  Error =3.1182524438122527e-06
Completed 39 % :  mod = 1.0966135989107693e-13,  Error =3.137864922564404e-06
Completed 40 % :  mod = 1.1472386912045913e-13,  Error =3.1574769536746317e-06
Completed 40 % :  mod = 1.2001992062347107e-13,  Error =3.1770885087212264e-06
Completed 40 % :  mod = 1.2556003610695045e-13,  Error =3.1967001064003853e-06
Completed 40 % :  mod = 1.3135589962288441e-13,  Error =3.2163097998250123e-06
Completed 41 % :  mod = 1.374190469958031e-13,  Error =3.235920658539726e-06
Completed 41 % :  mod = 1.4376150699637343e-13,  Error =3.2555316309412774e-06
Completed 41 % :  mod = 1.5039663637495432e-13,  Error =3.275142425707145e-06
Completed 41 % :  mod = 1.5733761924326203e-13,  Error =3.294754584715065e-06
Completed 42 % :  mod = 1.645982005744003e-13,  Error =3.3143645055133675e-06
Completed 42 % :  mod = 1.7219364144928132e-13,  Error =3.333976529518168e-06
Completed 42 % :  mod = 1.8013900076834972e-13,  Error =3.3535899106595934e-06
Completed 42 % :  mod = 1.8844997436148367e-13,  Error =3.373200186729264e-06
Completed 43 % :  mod = 1.971439875172395e-13,  Error =3.3928146976336393e-06
Completed 43 % :  mod = 2.062382271283429e-13,  Error =3.4124256487189086e-06
Completed 43 % :  mod = 2.1575060132190864e-13,  Error =3.432036599804178e-06
Completed 43 % :  mod = 2.257009888543377e-13,  Error =3.451648694863252e-06
Completed 44 % :  mod = 2.3610898535842506e-13,  Error =3.4712600864850174e-06
Completed 44 % :  mod = 2.469950000427319e-13,  Error =3.490871058886569e-06
Completed 44 % :  mod = 2.5838168393652785e-13,  Error =3.510483438162737e-06
Completed 44 % :  mod = 2.7029134881982453e-13,  Error =3.530095611381512e-06
Completed 45 % :  mod = 2.8274721989406267e-13,  Error =3.5497063279876784e-06
Completed 45 % :  mod = 2.9577506722567815e-13,  Error =3.569318657525855e-06
Completed 45 % :  mod = 3.094002497240557e-13,  Error =3.5889310368020233e-06
Completed 45 % :  mod = 3.23649145249127e-13,  Error =3.6085413839259672e-06
Completed 46 % :  mod = 3.3855101277132553e-13,  Error =3.628153301349357e-06
Completed 46 % :  mod = 3.541339672957336e-13,  Error =3.647763371361634e-06
Completed 46 % :  mod = 3.7042980610283875e-13,  Error =3.66737637591541e-06
Completed 46 % :  mod = 3.8746974275374235e-13,  Error =3.686988712559014e-06
Completed 47 % :  mod = 4.0528618697366433e-13,  Error =3.706600296027318e-06
Completed 47 % :  mod = 4.239150610214773e-13,  Error =3.7262130589965636e-06
Completed 47 % :  mod = 4.4339155258156796e-13,  Error =3.7458247206245687e-06
Completed 47 % :  mod = 4.637521404396149e-13,  Error =3.765435728553257e-06
Completed 48 % :  mod = 4.850372300142301e-13,  Error =3.7850476815037837e-06
Completed 48 % :  mod = 5.072862870177951e-13,  Error =3.8046605297381575e-06
Completed 48 % :  mod = 5.305401388072386e-13,  Error =3.824272212682445e-06
Completed 48 % :  mod = 5.548439673714394e-13,  Error =3.843883952470151e-06
Completed 49 % :  mod = 5.8024173258521e-13,  Error =3.863496154110635e-06
Completed 49 % :  mod = 6.06778780578187e-13,  Error =3.883107034141631e-06
Completed 49 % :  mod = 6.345052341980295e-13,  Error =3.902717885750917e-06
Completed 49 % :  mod = 6.634696012489785e-13,  Error =3.922328517091955e-06
Completed 50 % :  mod = 6.937217220931017e-13,  Error =3.941938608420514e-06
Completed 50 % :  mod = 7.253165978148712e-13,  Error =3.961551051645529e-06
Completed 50 % :  mod = 7.583070635281344e-13,  Error =3.981161626143148e-06
Completed 50 % :  mod = 7.927471067482983e-13,  Error =4.000772385381879e-06
Completed 51 % :  mod = 8.286961719723571e-13,  Error =4.020383983061038e-06
Completed 51 % :  mod = 8.662107620496412e-13,  Error =4.03999551679135e-06
Completed 51 % :  mod = 9.053481558339285e-13,  Error =4.059605920758713e-06
Completed 51 % :  mod = 9.461712235482234e-13,  Error =4.079218072661206e-06
Completed 52 % :  mod = 9.887388010557638e-13,  Error =4.098829329279852e-06
Completed 52 % :  mod = 1.0331098298221622e-12,  Error =4.118439875355762e-06
Completed 52 % :  mod = 1.0793487087509116e-12,  Error =4.1380513735589375e-06
Completed 52 % :  mod = 1.1275142681116994e-12,  Error =4.1576636107265585e-06
Completed 53 % :  mod = 1.1776643467928723e-12,  Error =4.177274114169904e-06
Completed 53 % :  mod = 1.2298616933887973e-12,  Error =4.196884951568336e-06
Completed 53 % :  mod = 1.2841613506068994e-12,  Error =4.216496783726598e-06
Completed 53 % :  mod = 1.3406156747516644e-12,  Error =4.236106406096951e-06
Completed 54 % :  mod = 1.399280782122444e-12,  Error =4.255718039303247e-06
Completed 54 % :  mod = 1.4601996585000607e-12,  Error =4.275327668779028e-06
Completed 54 % :  mod = 1.5234200594103815e-12,  Error =4.29493783116186e-06
Completed 54 % :  mod = 1.5889765922096405e-12,  Error =4.3145493577867455e-06
Completed 55 % :  mod = 1.6568964590019424e-12,  Error =4.334158660412868e-06
Completed 55 % :  mod = 1.7272067548892207e-12,  Error =4.353769433862453e-06
Completed 55 % :  mod = 1.7999166991561239e-12,  Error =4.373379042021952e-06
Completed 55 % :  mod = 1.8750238071854603e-12,  Error =4.392987740686749e-06
Completed 56 % :  mod = 1.952521651992113e-12,  Error =4.412597398584239e-06
Completed 56 % :  mod = 2.032379948787745e-12,  Error =4.432206424098695e-06
Completed 56 % :  mod = 2.1145511906420766e-12,  Error =4.451814142214516e-06
Completed 56 % :  mod = 2.1989788641865737e-12,  Error =4.471423615370895e-06
Completed 57 % :  mod = 2.2855754784858153e-12,  Error =4.491032022713171e-06
Completed 57 % :  mod = 2.3742297868998045e-12,  Error =4.510640216892625e-06
Completed 57 % :  mod = 2.4648155265943493e-12,  Error =4.530248716605456e-06
Completed 57 % :  mod = 2.5571677649807292e-12,  Error =4.549857266056279e-06
Completed 58 % :  mod = 2.651090988578938e-12,  Error =4.56946538918146e-06
Completed 58 % :  mod = 2.746368582829069e-12,  Error =4.5890727164987766e-06
Completed 58 % :  mod = 2.8427382844960317e-12,  Error =4.608680292506051e-06
Completed 58 % :  mod = 2.939901641694827e-12,  Error =4.628286177421614e-06
Completed 59 % :  mod = 3.037534648632186e-12,  Error =4.647892140496879e-06
Completed 59 % :  mod = 3.1352636035871408e-12,  Error =4.667498558319494e-06
Completed 59 % :  mod = 3.2326766635008708e-12,  Error =4.687103029255013e-06
Completed 59 % :  mod = 3.3293362064638747e-12,  Error =4.7067078412510455e-06
Completed 60 % :  mod = 3.4247568605246816e-12,  Error =4.7263123477137015e-06
Completed 60 % :  mod = 3.5184199190757803e-12,  Error =4.74591574572969e-06
Completed 60 % :  mod = 3.6097879265209853e-12,  Error =4.765520600358286e-06
Completed 60 % :  mod = 3.698286792594695e-12,  Error =4.785123572048633e-06
Completed 61 % :  mod = 3.783323437094641e-12,  Error =4.8047255063465855e-06
Completed 61 % :  mod = 3.864302525712973e-12,  Error =4.824329444375053e-06
Completed 61 % :  mod = 3.940611145356997e-12,  Error =4.843931144193903e-06
Completed 61 % :  mod = 4.0116537864761e-12,  Error =4.863533412446941e-06
Completed 62 % :  mod = 4.076840389859411e-12,  Error =4.8831371941560064e-06
Completed 62 % :  mod = 4.1356070779223284e-12,  Error =4.902737401835111e-06
Completed 62 % :  mod = 4.187432939037072e-12,  Error =4.922339520874175e-06
Completed 62 % :  mod = 4.231836557989876e-12,  Error =4.941939714342425e-06
Completed 63 % :  mod = 4.268394683147031e-12,  Error =4.961539659120717e-06
Completed 63 % :  mod = 4.2967547227682414e-12,  Error =4.981141437099268e-06
Completed 63 % :  mod = 4.316634158040249e-12,  Error =5.000741872152048e-06
Completed 63 % :  mod = 4.32783314926992e-12,  Error =5.020341653505511e-06
Completed 64 % :  mod = 4.330239198999559e-12,  Error =5.0399418540791885e-06
Completed 64 % :  mod = 4.323827236926044e-12,  Error =5.059542871777012e-06
Completed 64 % :  mod = 4.3086631582550765e-12,  Error =5.07914301550727e-06
Completed 64 % :  mod = 4.284898806423065e-12,  Error =5.0987437916205636e-06
Completed 65 % :  mod = 4.252771888227978e-12,  Error =5.11834429062219e-06
Completed 65 % :  mod = 4.212599944509396e-12,  Error =5.137945088051765e-06
Completed 65 % :  mod = 4.164766585953226e-12,  Error =5.157545480471981e-06
Completed 65 % :  mod = 4.109722358711713e-12,  Error =5.177145446566556e-06
Completed 66 % :  mod = 4.047971352159221e-12,  Error =5.196744872648651e-06
Completed 66 % :  mod = 3.98005196221121e-12,  Error =5.2163462100907054e-06
Completed 66 % :  mod = 3.906541004354411e-12,  Error =5.235948563608872e-06
Completed 66 % :  mod = 3.828036607931898e-12,  Error =5.255550362903705e-06
Completed 67 % :  mod = 3.745137493217908e-12,  Error =5.2751545069895656e-06
Completed 67 % :  mod = 3.658452311381519e-12,  Error =5.29475710919769e-06
Completed 67 % :  mod = 3.568582196376079e-12,  Error =5.314360237207438e-06
Completed 67 % :  mod = 3.4761016315237714e-12,  Error =5.333962626252742e-06
Completed 68 % :  mod = 3.3815736096357714e-12,  Error =5.353568184318647e-06
Completed 68 % :  mod = 3.285533869723929e-12,  Error =5.373174147393911e-06
Completed 68 % :  mod = 3.1884748147870708e-12,  Error =5.392779428348149e-06
Completed 68 % :  mod = 3.0908656046822248e-12,  Error =5.4123860735444396e-06
Completed 69 % :  mod = 2.993138689003241e-12,  Error =5.431991176862994e-06
Completed 69 % :  mod = 2.895676863782136e-12,  Error =5.451598610761721e-06
Completed 69 % :  mod = 2.798840402200787e-12,  Error =5.471204417517583e-06
Completed 69 % :  mod = 2.702936273319696e-12,  Error =5.490811183506139e-06
Completed 70 % :  mod = 2.608246368132014e-12,  Error =5.510418482401747e-06
Completed 70 % :  mod = 2.515017074544141e-12,  Error =5.530026577105218e-06
Completed 70 % :  mod = 2.4234500677584394e-12,  Error =5.5496341104799285e-06
Completed 70 % :  mod = 2.3337267922042874e-12,  Error =5.569243278102931e-06
Completed 71 % :  mod = 2.245999115563842e-12,  Error =5.588850406468282e-06
Completed 71 % :  mod = 2.1603813983056652e-12,  Error =5.60846041963714e-06
Completed 71 % :  mod = 2.0769739305688687e-12,  Error =5.628069779106681e-06
Completed 71 % :  mod = 1.9958542816968654e-12,  Error =5.647677333797674e-06
Completed 72 % :  mod = 1.9170701812586466e-12,  Error =5.667287950927857e-06
Completed 72 % :  mod = 1.8406611930601847e-12,  Error =5.686897594614493e-06
Completed 72 % :  mod = 1.766650570436057e-12,  Error =5.70650779962989e-06
Completed 72 % :  mod = 1.6950386967851497e-12,  Error =5.726117123572294e-06
Completed 73 % :  mod = 1.6258226748590287e-12,  Error =5.7457271438465796e-06
Completed 73 % :  mod = 1.5589886342177833e-12,  Error =5.765336865692916e-06
Completed 73 % :  mod = 1.4945056262221191e-12,  Error =5.784946637277244e-06
Completed 73 % :  mod = 1.432343069564885e-12,  Error =5.804557964950163e-06
Completed 74 % :  mod = 1.3724635261062026e-12,  Error =5.82416666361496e-06
Completed 74 % :  mod = 1.3148170237521311e-12,  Error =5.843778396297239e-06
Completed 74 % :  mod = 1.259356450618963e-12,  Error =5.863388231830413e-06
Completed 74 % :  mod = 1.2060308362897168e-12,  Error =5.883000127937521e-06
Completed 75 % :  mod = 1.1547801069904716e-12,  Error =5.902609920838131e-06
Completed 75 % :  mod = 1.1055485950582217e-12,  Error =5.922221106402503e-06
Completed 75 % :  mod = 1.0582788561090269e-12,  Error =5.941830949041105e-06
Completed 75 % :  mod = 1.012906865181124e-12,  Error =5.961441956969793e-06
Completed 76 % :  mod = 9.69373835087132e-13,  Error =5.981054165715705e-06
Completed 76 % :  mod = 9.276205831315836e-13,  Error =6.00066620393136e-06
Completed 76 % :  mod = 8.875831688605374e-13,  Error =6.020276977380945e-06
Completed 76 % :  mod = 8.492032156759073e-13,  Error =6.039888233999591e-06
Completed 77 % :  mod = 8.124228227790656e-13,  Error =6.059500016419861e-06
Completed 77 % :  mod = 7.771806343735199e-13,  Error =6.079111621204447e-06
Completed 77 % :  mod = 7.434221713683129e-13,  Error =6.098722138858648e-06
Completed 77 % :  mod = 7.110886451180543e-13,  Error =6.118334241023149e-06
Completed 78 % :  mod = 6.801266867386048e-13,  Error =6.137945902651154e-06
Completed 78 % :  mod = 6.504841189439585e-13,  Error =6.1575576708605695e-06
Completed 78 % :  mod = 6.221066980761311e-13,  Error =6.177170320142977e-06
Completed 78 % :  mod = 5.949452867741087e-13,  Error =6.196781257017392e-06
Completed 79 % :  mod = 5.689520966862405e-13,  Error =6.216392620217448e-06
Completed 79 % :  mod = 5.440777966230357e-13,  Error =6.23600407578806e-06
Completed 79 % :  mod = 5.202777692052684e-13,  Error =6.255616185057988e-06
Completed 79 % :  mod = 4.975087855227961e-13,  Error =6.275227413254925e-06
Completed 80 % :  mod = 4.757264479554822e-13,  Error =6.294838577503015e-06
Completed 80 % :  mod = 4.548906479580787e-13,  Error =6.314449805699951e-06
Completed 80 % :  mod = 4.34962632225904e-13,  Error =6.334060266510733e-06
Completed 80 % :  mod = 4.159027483999405e-13,  Error =6.3536732355373715e-06
Completed 81 % :  mod = 3.9767520620775344e-13,  Error =6.373284008986957e-06
Completed 81 % :  mod = 3.802454954323918e-13,  Error =6.39289500270479e-06
Completed 81 % :  mod = 3.6357840327156095e-13,  Error =6.412506806441343e-06
Completed 81 % :  mod = 3.4764216799896056e-13,  Error =6.432118517807339e-06
Completed 82 % :  mod = 3.3240621103718726e-13,  Error =6.45172927704607e-06
Completed 82 % :  mod = 3.178393964139574e-13,  Error =6.471340540770143e-06
Completed 82 % :  mod = 3.0391365441170696e-13,  Error =6.4909524297718235e-06
Completed 82 % :  mod = 2.9060199273753995e-13,  Error =6.510564737993718e-06
Completed 83 % :  mod = 2.778769708244677e-13,  Error =6.530175738816979e-06
Completed 83 % :  mod = 2.6571386092140324e-13,  Error =6.549788139409429e-06
Completed 83 % :  mod = 2.5408890609178854e-13,  Error =6.5693992468141005e-06
Completed 83 % :  mod = 2.4297798454934284e-13,  Error =6.5890106881738575e-06
Completed 84 % :  mod = 2.323593670997382e-13,  Error =6.608622918236051e-06
Completed 84 % :  mod = 2.222121927813541e-13,  Error =6.628234828554014e-06
Completed 84 % :  mod = 2.125153006705653e-13,  Error =6.647846376495181e-06
Completed 84 % :  mod = 2.0324999812308717e-13,  Error =6.667457746800665e-06
Completed 85 % :  mod = 1.9439691229171315e-13,  Error =6.687069678434909e-06
Completed 85 % :  mod = 1.8593860090783346e-13,  Error =6.706682597723557e-06
Completed 85 % :  mod = 1.7785833442579745e-13,  Error =6.726293037218056e-06
Completed 85 % :  mod = 1.7013916428837765e-13,  Error =6.745905679395037e-06
Completed 86 % :  mod = 1.6276583565760073e-13,  Error =6.765518037354923e-06
Completed 86 % :  mod = 1.5572372410410705e-13,  Error =6.785130196362843e-06
Completed 86 % :  mod = 1.489980229069551e-13,  Error =6.804742035626532e-06
Completed 86 % :  mod = 1.425754096076957e-13,  Error =6.824353249612614e-06
Completed 87 % :  mod = 1.36443118323179e-13,  Error =6.843963852531942e-06
Completed 87 % :  mod = 1.3058823157276093e-13,  Error =6.863576338389521e-06
Completed 87 % :  mod = 1.24999131271281e-13,  Error =6.883187381845346e-06
Completed 87 % :  mod = 1.1966469017257633e-13,  Error =6.9027996687509585e-06
Completed 88 % :  mod = 1.1457365574255486e-13,  Error =6.9224128793621276e-06
Completed 88 % :  mod = 1.097159120641652e-13,  Error =6.942024889156073e-06
Completed 88 % :  mod = 1.0508177581467153e-13,  Error =6.961634888114077e-06
Completed 88 % :  mod = 1.0066146127651115e-13,  Error =6.981247651083322e-06
Completed 89 % :  mod = 9.644617638836396e-14,  Error =7.000859753247823e-06
Completed 89 % :  mod = 9.242751037579697e-14,  Error =7.020471585406085e-06
Completed 89 % :  mod = 8.859697026997296e-14,  Error =7.040082266485115e-06
Completed 89 % :  mod = 8.494693127830711e-14,  Error =7.059694645761283e-06
Completed 90 % :  mod = 8.147010502763619e-14,  Error =7.079304658930141e-06
Completed 90 % :  mod = 7.815913914805604e-14,  Error =7.0989169600466084e-06
Completed 90 % :  mod = 7.500743930273214e-14,  Error =7.1185291972142295e-06
Completed 90 % :  mod = 7.200870847378589e-14,  Error =7.138139210383088e-06
Completed 91 % :  mod = 6.915660238651031e-14,  Error =7.1577503106823315e-06
Completed 91 % :  mod = 6.644543824190647e-14,  Error =7.177361680987815e-06
Completed 91 % :  mod = 6.386979665255727e-14,  Error =7.196973399459239e-06
Completed 91 % :  mod = 6.142422648101031e-14,  Error =7.216585267144637e-06
Completed 92 % :  mod = 5.910385351442771e-14,  Error =7.236197518523113e-06
Completed 92 % :  mod = 5.690403785449314e-14,  Error =7.255809933326418e-06
Completed 92 % :  mod = 5.482012243336078e-14,  Error =7.275422348129723e-06
Completed 92 % :  mod = 5.2848029846594383e-14,  Error =7.29503430108025e-06
Completed 93 % :  mod = 5.0983584634682206e-14,  Error =7.314646467193597e-06
Completed 93 % :  mod = 4.922306979810733e-14,  Error =7.334258974367458e-06
Completed 93 % :  mod = 4.7562962962145914e-14,  Error =7.3538698686093085e-06
Completed 93 % :  mod = 4.5999748616949435e-14,  Error =7.373481288652783e-06
Completed 94 % :  mod = 4.453031027198235e-14,  Error =7.3930929715970706e-06
Completed 94 % :  mod = 4.315170708416949e-14,  Error =7.412704597697939e-06
Completed 94 % :  mod = 4.186101920438304e-14,  Error =7.432316238009662e-06
Completed 94 % :  mod = 4.065567355161834e-14,  Error =7.451927537260872e-06
Completed 95 % :  mod = 3.953325719520571e-14,  Error =7.471537557535157e-06
Completed 95 % :  mod = 3.84913926509225e-14,  Error =7.491149233374017e-06
Completed 95 % :  mod = 3.752800314091e-14,  Error =7.510762095819246e-06
Completed 95 % :  mod = 3.6641159372216844e-14,  Error =7.530373068220797e-06
Completed 96 % :  mod = 3.5828982792598015e-14,  Error =7.5499838629866645e-06
Completed 96 % :  mod = 3.5089855040452446e-14,  Error =7.569596206735696e-06
Completed 96 % :  mod = 3.442229503907059e-14,  Error =7.589207797309427e-06
Completed 96 % :  mod = 3.382488866927346e-14,  Error =7.608819579729698e-06
Completed 97 % :  mod = 3.329644645748941e-14,  Error =7.628432229012105e-06
Completed 97 % :  mod = 3.283590846166765e-14,  Error =7.648043172991947e-06
Completed 97 % :  mod = 3.2442299024343624e-14,  Error =7.66765545989756e-06
Completed 97 % :  mod = 3.2114835719873715e-14,  Error =7.687268620770737e-06
Completed 98 % :  mod = 3.185286035604332e-14,  Error =7.706878911051263e-06
Completed 98 % :  mod = 3.165581791203221e-14,  Error =7.726491325854568e-06
Completed 98 % :  mod = 3.152331865016595e-14,  Error =7.746103413808214e-06
Completed 98 % :  mod = 3.145509400180515e-14,  Error =7.765715452023869e-06
Completed 99 % :  mod = 3.1450999448001944e-14,  Error =7.78532809420085e-06
Completed 99 % :  mod = 3.151103083755042e-14,  Error =7.804939691880008e-06
Completed 99 % :  mod = 3.163530429683752e-14,  Error =7.824549236090661e-06
Completed 99 % :  mod = 3.182408311719372e-14,  Error =7.844161494574564e-06
Completed 100 % :  mod = 3.207773713794683e-14,  Error =7.863772168548167e-06
Finished 3/4 frames
Finished all frames!
