/opt/local/miniconda_23_9/lib/python3.11/site-packages/conda/base/context.py:201: FutureWarning: Adding 'defaults' to channel list implicitly is deprecated and will be removed in 25.3. 

To remove this warning, please choose a default channel explicitly with conda's regular configuration system, e.g. by adding 'defaults' to the list of channels:

  conda config --add channels defaults

For more information see https://docs.conda.io/projects/conda/en/stable/user-guide/configuration/use-condarc.html

  deprecated.topic(
JOB 14488 ARRAY_ID 16  -> i=16 ; range=[1.9e-10, 5.0e-10] ; intervals=30 (frames=31)
Analytic t0 extension enabled (--extend-time-using-t0).
THIS SHOULD ONLY BE REACHED ONCE
Completed 0 % :  mod = 2.800000000065379e-16,  Error =-1.4210854715202004e-14
Completed 0 % :  mod = 2.8109098857556394e-16,  Error =7.506216093133844e-09
Completed 0 % :  mod = 2.843724538736288e-16,  Error =1.5012389553703542e-08
Completed 0 % :  mod = 2.898699703607186e-16,  Error =2.2518641173974174e-08
Completed 0 % :  mod = 2.9762637668678176e-16,  Error =3.0024835950825945e-08
Completed 1 % :  mod = 3.076910703202411e-16,  Error =3.752343502583244e-08
Completed 1 % :  mod = 3.2016226572394756e-16,  Error =4.5029622697256855e-08
Completed 1 % :  mod = 3.351284132174038e-16,  Error =5.253556167872375e-08
Completed 1 % :  mod = 3.5270614278543795e-16,  Error =6.004142960591707e-08
Completed 2 % :  mod = 3.7301108321414426e-16,  Error =6.754009262976979e-08
Completed 2 % :  mod = 3.9624138903137983e-16,  Error =7.504615240350176e-08
Completed 2 % :  mod = 4.2255951499393247e-16,  Error =8.255229744236203e-08
Completed 2 % :  mod = 4.521705499881319e-16,  Error =9.005823642382893e-08
Completed 3 % :  mod = 4.85305249177342e-16,  Error =9.756447383324485e-08
Completed 3 % :  mod = 5.221836440520679e-16,  Error =1.0506311554081549e-07
Completed 3 % :  mod = 5.631656264211708e-16,  Error =1.1256911136570125e-07
Completed 3 % :  mod = 6.085362303160273e-16,  Error =1.2007504324174079e-07
Completed 4 % :  mod = 6.58649016511885e-16,  Error =1.275809609069256e-07
Completed 4 % :  mod = 7.138376389587677e-16,  Error =1.3507968787962454e-07
Completed 4 % :  mod = 7.746406604778479e-16,  Error =1.4258596081617725e-07
Completed 4 % :  mod = 8.414802827391692e-16,  Error =1.5009215559302902e-07
Completed 5 % :  mod = 9.14877372378867e-16,  Error =1.5759844274043644e-07
Completed 5 % :  mod = 9.953211683687654e-16,  Error =1.650970986588618e-07
Completed 5 % :  mod = 1.0835967008857388e-15,  Error =1.7260299500776455e-07
Completed 5 % :  mod = 1.1803164585026892e-15,  Error =1.8010919689004368e-07
Completed 6 % :  mod = 1.2862341520637529e-15,  Error =1.8761527798005773e-07
Completed 6 % :  mod = 1.4021751782630943e-15,  Error =1.95121423018918e-07
Completed 6 % :  mod = 1.5289128621549322e-15,  Error =2.0262014999161693e-07
Completed 6 % :  mod = 1.6676839981940966e-15,  Error =2.1012627371419512e-07
Completed 7 % :  mod = 1.819451018054328e-15,  Error =2.176320990088243e-07
Completed 7 % :  mod = 1.985396600173627e-15,  Error =2.2513832931281286e-07
Completed 7 % :  mod = 2.1666278598342412e-15,  Error =2.3263709181264858e-07
Completed 7 % :  mod = 2.3649133717413436e-15,  Error =2.4014311605924377e-07
Completed 8 % :  mod = 2.5816281137662228e-15,  Error =2.476495311043436e-07
Completed 8 % :  mod = 2.818460902308425e-15,  Error =2.5515561929978503e-07
Completed 8 % :  mod = 3.076991929133239e-15,  Error =2.6265446706474904e-07
Completed 8 % :  mod = 3.359744127472393e-15,  Error =2.7016051973305366e-07
Completed 9 % :  mod = 3.668678049070704e-15,  Error =2.7766665766648657e-07
Completed 9 % :  mod = 4.006201139201306e-15,  Error =2.8517256822624404e-07
Completed 9 % :  mod = 4.374943648267828e-15,  Error =2.92678528523993e-07
Completed 9 % :  mod = 4.777366053436643e-15,  Error =3.001771275989995e-07
Completed 10 % :  mod = 5.217395478521281e-15,  Error =3.076834858006805e-07
Completed 10 % :  mod = 5.6980828837751806e-15,  Error =3.1518958110154927e-07
Completed 10 % :  mod = 6.223174148640675e-15,  Error =3.226957971946831e-07
Completed 10 % :  mod = 6.796173111241058e-15,  Error =3.301946662759292e-07
Completed 11 % :  mod = 7.422671472088735e-15,  Error =3.377009534233366e-07
Completed 11 % :  mod = 8.107013027378476e-15,  Error =3.452070771459148e-07
Completed 11 % :  mod = 8.854530693547663e-15,  Error =3.527132648173392e-07
Completed 11 % :  mod = 9.67021254815421e-15,  Error =3.602121054768759e-07
Completed 12 % :  mod = 1.0562018586835455e-14,  Error =3.6771811551261635e-07
Completed 12 % :  mod = 1.153613203130254e-14,  Error =3.7522430318404076e-07
Completed 12 % :  mod = 1.2600143933856693e-14,  Error =3.8273036295777274e-07
Completed 12 % :  mod = 1.376234589639967e-14,  Error =3.902365932617613e-07
Completed 13 % :  mod = 1.5030493174339112e-14,  Error =3.9773541971044324e-07
Completed 13 % :  mod = 1.641696123263925e-14,  Error =4.052415647493035e-07
Completed 13 % :  mod = 1.7931362934584542e-14,  Error =4.127478376858562e-07
Completed 13 % :  mod = 1.9585499669386398e-14,  Error =4.20254032462708e-07
Completed 14 % :  mod = 2.1390409370604095e-14,  Error =4.277525604834409e-07
Completed 14 % :  mod = 2.336370557076752e-14,  Error =4.3525864157345495e-07
Completed 14 % :  mod = 2.551906982376661e-14,  Error =4.427646729254775e-07
Completed 14 % :  mod = 2.7873298384628393e-14,  Error =4.5027087480775663e-07
Completed 15 % :  mod = 3.044210084937759e-14,  Error =4.577694241447716e-07
Completed 15 % :  mod = 3.3250545362505195e-14,  Error =4.6527576103017054e-07
Completed 15 % :  mod = 3.6318103808777066e-14,  Error =4.727822613403987e-07
Completed 15 % :  mod = 3.9668680979977045e-14,  Error =4.802884774335325e-07
Completed 16 % :  mod = 4.332838716011748e-14,  Error =4.877946935266664e-07
Completed 16 % :  mod = 4.7321643314195556e-14,  Error =4.95293335234237e-07
Completed 16 % :  mod = 5.16874183794369e-14,  Error =5.02799693435918e-07
Completed 16 % :  mod = 5.645598172330912e-14,  Error =5.103060018996075e-07
Completed 17 % :  mod = 6.166449367547936e-14,  Error =5.178121256221857e-07
Completed 17 % :  mod = 6.734771029061472e-14,  Error =5.253108099623205e-07
Completed 17 % :  mod = 7.356109227030431e-14,  Error =5.328168128926336e-07
Completed 17 % :  mod = 8.034771906700915e-14,  Error =5.403229508260665e-07
Completed 18 % :  mod = 8.776047729561714e-14,  Error =5.478289040183881e-07
Completed 18 % :  mod = 9.584883178827907e-14,  Error =5.553275954639503e-07
Completed 18 % :  mod = 1.0469171422256506e-13,  Error =5.628338044516568e-07
Completed 18 % :  mod = 1.1435043520231648e-13,  Error =5.703398429091067e-07
Completed 19 % :  mod = 1.2490026289485894e-13,  Error =5.778460305805311e-07
Completed 19 % :  mod = 1.3642340963428476e-13,  Error =5.853520406162716e-07
Completed 19 % :  mod = 1.4899676854256368e-13,  Error =5.928508670649535e-07
Completed 19 % :  mod = 1.6274303895303636e-13,  Error =6.003568273627025e-07
Completed 20 % :  mod = 1.7775752816765264e-13,  Error =6.078628231875882e-07
Completed 20 % :  mod = 1.9415724048297896e-13,  Error =6.153687266419183e-07
Completed 20 % :  mod = 2.120516098497826e-13,  Error =6.228675601960276e-07
Completed 20 % :  mod = 2.3161526140982146e-13,  Error =6.303736910240332e-07
Completed 21 % :  mod = 2.5298383601546585e-13,  Error =6.378796939543463e-07
Completed 21 % :  mod = 2.7632385347627214e-13,  Error =6.453857892552151e-07
Completed 21 % :  mod = 3.017910594414523e-13,  Error =6.52884516227914e-07
Completed 21 % :  mod = 3.296339792935197e-13,  Error =6.603906328450648e-07
Completed 22 % :  mod = 3.6004565588286144e-13,  Error =6.678965718265317e-07
Completed 22 % :  mod = 3.9326307869725383e-13,  Error =6.754027310762467e-07
Completed 22 % :  mod = 4.295451011965599e-13,  Error =6.829090040127994e-07
Completed 22 % :  mod = 4.691338279579391e-13,  Error =6.904078091451993e-07
Completed 23 % :  mod = 5.12415588919029e-13,  Error =6.979138902352133e-07
Completed 23 % :  mod = 5.596904657071419e-13,  Error =7.054195592104406e-07
Completed 23 % :  mod = 6.113268539231692e-13,  Error =7.129257326710103e-07
Completed 23 % :  mod = 6.676693110731354e-13,  Error =7.204243175351621e-07
Completed 24 % :  mod = 7.292676539349523e-13,  Error =7.279302352003469e-07
Completed 24 % :  mod = 7.965489492782458e-13,  Error =7.354360604949761e-07
Completed 24 % :  mod = 8.70037485324399e-13,  Error =7.429417081539214e-07
Completed 24 % :  mod = 9.50223621016663e-13,  Error =7.504404138103382e-07
Completed 25 % :  mod = 1.03788983435433e-12,  Error =7.579465233220617e-07
Completed 25 % :  mod = 1.1336439009023509e-12,  Error =7.654526186229305e-07
Completed 25 % :  mod = 1.2382319538440981e-12,  Error =7.729582875981578e-07
Completed 25 % :  mod = 1.3524689504354387e-12,  Error =7.804641697362058e-07
Completed 26 % :  mod = 1.4771170914386524e-12,  Error =7.879626977569387e-07
Completed 26 % :  mod = 1.6133926538842594e-12,  Error =7.95468466208149e-07
Completed 26 % :  mod = 1.7622403181992721e-12,  Error =8.029743483461971e-07
Completed 26 % :  mod = 1.9248198080904744e-12,  Error =8.104799960051423e-07
Completed 27 % :  mod = 2.1022157309218796e-12,  Error =8.179784032336102e-07
Completed 27 % :  mod = 2.29615887746456e-12,  Error =8.254842072119573e-07
Completed 27 % :  mod = 2.50799344895972e-12,  Error =8.329900182957317e-07
Completed 27 % :  mod = 2.7393696119307164e-12,  Error =8.404956233221128e-07
Completed 28 % :  mod = 2.9918305314206245e-12,  Error =8.479937605443411e-07
Completed 28 % :  mod = 3.267838855622014e-12,  Error =8.554992518838844e-07
Completed 28 % :  mod = 3.5693068837321274e-12,  Error =8.630041818946665e-07
Completed 28 % :  mod = 3.898582122953396e-12,  Error =8.705090692728845e-07
Completed 29 % :  mod = 4.258228240855276e-12,  Error =8.780138358588374e-07
Completed 29 % :  mod = 4.650642152647523e-12,  Error =8.855110138483724e-07
Completed 29 % :  mod = 5.079649401148057e-12,  Error =8.930150343644527e-07
Completed 29 % :  mod = 5.548219333218991e-12,  Error =9.005191259348067e-07
Completed 30 % :  mod = 6.059996778882881e-12,  Error =9.080227201252455e-07
Completed 30 % :  mod = 6.618388204363861e-12,  Error =9.155184699238816e-07
Completed 30 % :  mod = 7.228831529960338e-12,  Error =9.230207709265414e-07
Completed 30 % :  mod = 7.89554445062598e-12,  Error =9.305224679678759e-07
Completed 31 % :  mod = 8.623703398409258e-12,  Error =9.380232128819443e-07
Completed 31 % :  mod = 9.41814256200391e-12,  Error =9.45515814976261e-07
Completed 31 % :  mod = 1.0286582202546678e-11,  Error =9.530144211566949e-07
Completed 31 % :  mod = 1.1235001087941146e-11,  Error =9.605114286159733e-07
Completed 32 % :  mod = 1.2270734937327696e-11,  Error =9.680064465555915e-07
Completed 32 % :  mod = 1.340178319417742e-11,  Error =9.754994962918317e-07
Completed 32 % :  mod = 1.4635600212391554e-11,  Error =9.829829963337033e-07
Completed 32 % :  mod = 1.5984104616906154e-11,  Error =9.904706530505791e-07
Completed 33 % :  mod = 1.745648668174278e-11,  Error =9.979547073157846e-07
Completed 33 % :  mod = 1.9064013339861262e-11,  Error =1.005434349110601e-06
Completed 33 % :  mod = 2.0817143187460683e-11,  Error =1.0129020111548925e-06
Completed 33 % :  mod = 2.2732633233591304e-11,  Error =1.0203709095435443e-06
Completed 34 % :  mod = 2.4823304678649805e-11,  Error =1.0278323472334705e-06
Completed 34 % :  mod = 2.710485268141942e-11,  Error =1.0352854928896704e-06
Completed 34 % :  mod = 2.95917280105187e-11,  Error =1.0427211805108527e-06
Completed 34 % :  mod = 3.230718627253521e-11,  Error =1.0501524698725007e-06
Completed 35 % :  mod = 3.526872917336962e-11,  Error =1.057569164686356e-06
Completed 35 % :  mod = 3.849771331862748e-11,  Error =1.0649689059505363e-06
Completed 35 % :  mod = 4.201705700930684e-11,  Error =1.0723486383312775e-06
Completed 35 % :  mod = 4.584733488945767e-11,  Error =1.0796970499882264e-06
Completed 36 % :  mod = 5.0022116237584734e-11,  Error =1.0870246214267354e-06
Completed 36 % :  mod = 5.4565362106835594e-11,  Error =1.0943188328838005e-06
Completed 36 % :  mod = 5.95060021560016e-11,  Error =1.1015735879027488e-06
Completed 36 % :  mod = 6.486861252577627e-11,  Error =1.1087749030025407e-06
Completed 37 % :  mod = 7.069454235002152e-11,  Error =1.1159286898987375e-06
Completed 37 % :  mod = 7.70098229903015e-11,  Error =1.1230184071564508e-06
Completed 37 % :  mod = 8.384502890039424e-11,  Error =1.1300333753183622e-06
Completed 37 % :  mod = 9.122164805152709e-11,  Error =1.1369552836981711e-06
Completed 38 % :  mod = 9.918016818231785e-11,  Error =1.1437830238492097e-06
Completed 38 % :  mod = 1.0773471390774772e-10,  Error =1.1504957342367561e-06
Completed 38 % :  mod = 1.1689891972226638e-10,  Error =1.1570762339374596e-06
Completed 38 % :  mod = 1.2667566024926873e-10,  Error =1.1635071359705762e-06
Completed 39 % :  mod = 1.3704238228958385e-10,  Error =1.1697638342411665e-06
Completed 39 % :  mod = 1.4798722447550004e-10,  Error =1.1758402536088397e-06
Completed 39 % :  mod = 1.5944156121032213e-10,  Error =1.1817120437740414e-06
Completed 39 % :  mod = 1.7131283436745004e-10,  Error =1.187362983046114e-06
Completed 40 % :  mod = 1.834545870996193e-10,  Error =1.1927749881124328e-06
Completed 40 % :  mod = 1.9570637057352185e-10,  Error =1.1979494942693236e-06
Completed 40 % :  mod = 2.0781482619336739e-10,  Error =1.2028782379047698e-06
Completed 40 % :  mod = 2.194769840805365e-10,  Error =1.2075664841404432e-06
Completed 41 % :  mod = 2.303191002131442e-10,  Error =1.2120228518597287e-06
Completed 41 % :  mod = 2.3994706251337146e-10,  Error =1.2162807081494975e-06
Completed 41 % :  mod = 2.479005817273822e-10,  Error =1.2203676433841792e-06
Completed 41 % :  mod = 2.537274920213703e-10,  Error =1.2243264890798855e-06
Completed 42 % :  mod = 2.57014446542828e-10,  Error =1.2282078003522656e-06
Completed 42 % :  mod = 2.5743794712979325e-10,  Error =1.2320624378503453e-06
Completed 42 % :  mod = 2.548148113841094e-10,  Error =1.2359560841446182e-06
Completed 42 % :  mod = 2.491434403496428e-10,  Error =1.239941624930907e-06
Completed 43 % :  mod = 2.4063413002760345e-10,  Error =1.2440707735095202e-06
Completed 43 % :  mod = 2.2971610513255738e-10,  Error =1.2483842297683623e-06
Completed 43 % :  mod = 2.1695585401801428e-10,  Error =1.2529249460158098e-06
Completed 43 % :  mod = 2.0305587472608932e-10,  Error =1.2577117161072238e-06
Completed 44 % :  mod = 1.887286346475629e-10,  Error =1.262755944253513e-06
Completed 44 % :  mod = 1.746340533669205e-10,  Error =1.2680524861252707e-06
Completed 44 % :  mod = 1.6125548614661405e-10,  Error =1.2736038783600634e-06
Completed 44 % :  mod = 1.4894326554856537e-10,  Error =1.2793894867968447e-06
Completed 45 % :  mod = 1.378499415848691e-10,  Error =1.2853907520593566e-06
Completed 45 % :  mod = 1.27963488786279e-10,  Error =1.2915862868112526e-06
Completed 45 % :  mod = 1.191537795620655e-10,  Error =1.297948195144727e-06
Completed 45 % :  mod = 1.1118704610651907e-10,  Error =1.3044689239904983e-06
Completed 46 % :  mod = 1.0382698523873648e-10,  Error =1.311123561720251e-06
Completed 46 % :  mod = 9.68443169438418e-11,  Error =1.317895318209139e-06
Completed 46 % :  mod = 9.006850964892362e-11,  Error =1.3247624579548756e-06
Completed 46 % :  mod = 8.338465594174526e-11,  Error =1.331725684394769e-06
Completed 47 % :  mod = 7.678121791447788e-11,  Error =1.3387671629061515e-06
Completed 47 % :  mod = 7.031494492107016e-11,  Error =1.3458768961527312e-06
Completed 47 % :  mod = 6.410066884830165e-11,  Error =1.3530394866734241e-06
Completed 47 % :  mod = 5.825530247537667e-11,  Error =1.3602603914364408e-06
Completed 48 % :  mod = 5.2902064925664266e-11,  Error =1.3675252645839464e-06
Completed 48 % :  mod = 4.812049775179908e-11,  Error =1.3748279670267038e-06
Completed 48 % :  mod = 4.394039627155109e-11,  Error =1.3821617699250055e-06
Completed 48 % :  mod = 4.0346353544635545e-11,  Error =1.3895153117005066e-06
Completed 49 % :  mod = 3.727534201934477e-11,  Error =1.3968977654599257e-06
Completed 49 % :  mod = 3.465263681670962e-11,  Error =1.4042983593753888e-06
Completed 49 % :  mod = 3.239034552826775e-11,  Error =1.4117140594294142e-06
Completed 49 % :  mod = 3.040219358035032e-11,  Error =1.419135152502804e-06
Completed 50 % :  mod = 2.8602023715637292e-11,  Error =1.426574151253135e-06
Completed 50 % :  mod = 2.6920997359650708e-11,  Error =1.434021896784543e-06
Completed 50 % :  mod = 2.530655654034642e-11,  Error =1.4414767761650182e-06
Completed 50 % :  mod = 2.3733345549996206e-11,  Error =1.4489304902554068e-06
Completed 51 % :  mod = 2.2201337242896858e-11,  Error =1.4563970580638852e-06
Completed 51 % :  mod = 2.0742743499841267e-11,  Error =1.4638680951861716e-06
Completed 51 % :  mod = 1.9405683418662432e-11,  Error =1.4713429408175216e-06
Completed 51 % :  mod = 1.824061670360089e-11,  Error =1.4788210265237467e-06
Completed 52 % :  mod = 1.7286594693213682e-11,  Error =1.4862941455362488e-06
Completed 52 % :  mod = 1.6559157918106933e-11,  Error =1.493776643712863e-06
Completed 52 % :  mod = 1.6055818832405444e-11,  Error =1.501260868508325e-06
Completed 52 % :  mod = 1.575851218558813e-11,  Error =1.5087461164853266e-06
Completed 53 % :  mod = 1.564299762555446e-11,  Error =1.5162248985234328e-06
Completed 53 % :  mod = 1.5684077954326996e-11,  Error =1.523711311790521e-06
Completed 53 % :  mod = 1.5856991991137593e-11,  Error =1.5311983432297893e-06
Completed 53 % :  mod = 1.6134712766373434e-11,  Error =1.538684706758886e-06
Completed 54 % :  mod = 1.6487055274871212e-11,  Error =1.54616346748071e-06
Completed 54 % :  mod = 1.6886304081903668e-11,  Error =1.553648722563139e-06
Completed 54 % :  mod = 1.731421097724457e-11,  Error =1.5611328194609086e-06
Completed 54 % :  mod = 1.7773531145873698e-11,  Error =1.568615537905771e-06
Completed 55 % :  mod = 1.8293272045039077e-11,  Error =1.5760967926325975e-06
Completed 55 % :  mod = 1.892494110139673e-11,  Error =1.583568291607662e-06
Completed 55 % :  mod = 1.9733763687717884e-11,  Error =1.5910441959476884e-06
Completed 55 % :  mod = 2.0779983186103593e-11,  Error =1.5985166044174548e-06
Completed 56 % :  mod = 2.2108582939433995e-11,  Error =1.6059845719951227e-06
Completed 56 % :  mod = 2.37412217729502e-11,  Error =1.6134401974454704e-06
Completed 56 % :  mod = 2.5684253430303595e-11,  Error =1.6208967821285114e-06
Completed 56 % :  mod = 2.7923990828066143e-11,  Error =1.6283453021515015e-06
Completed 57 % :  mod = 3.0436869853866205e-11,  Error =1.6357844998537985e-06
Completed 57 % :  mod = 3.3186280116203614e-11,  Error =1.6432055005566326e-06
Completed 57 % :  mod = 3.613348816160752e-11,  Error =1.6506206961253156e-06
Completed 57 % :  mod = 3.9224618727898374e-11,  Error =1.6580209347694108e-06
Completed 58 % :  mod = 4.2412001639083693e-11,  Error =1.665403189576864e-06
Completed 58 % :  mod = 4.566984813706163e-11,  Error =1.6727646325875867e-06
Completed 58 % :  mod = 4.901133705798139e-11,  Error =1.6800946909256709e-06
Completed 58 % :  mod = 5.251564573347778e-11,  Error =1.687403447192537e-06
Completed 59 % :  mod = 5.630807457497991e-11,  Error =1.6946786161042837e-06
Completed 59 % :  mod = 6.055638412969068e-11,  Error =1.7019137033003062e-06
Completed 59 % :  mod = 6.543388326068204e-11,  Error =1.7090938442265724e-06
Completed 59 % :  mod = 7.110772853769894e-11,  Error =1.7162240339985146e-06
Completed 60 % :  mod = 7.768461121750765e-11,  Error =1.723286310095773e-06
Completed 60 % :  mod = 8.521337510607402e-11,  Error =1.7302688135600874e-06
Completed 60 % :  mod = 9.366549131443458e-11,  Error =1.737150498115625e-06
Completed 60 % :  mod = 1.0296895680942358e-10,  Error =1.7439298289900762e-06
Completed 61 % :  mod = 1.1296224581749594e-10,  Error =1.7505842393461535e-06
Completed 61 % :  mod = 1.2343705308309087e-10,  Error =1.7570972303815324e-06
Completed 61 % :  mod = 1.3415273517070845e-10,  Error =1.7634523814535896e-06
Completed 61 % :  mod = 1.4486362740839526e-10,  Error =1.7696286249702098e-06
Completed 62 % :  mod = 1.5541005036095494e-10,  Error =1.7756227563836546e-06
Completed 62 % :  mod = 1.6570024082738574e-10,  Error =1.7814160315765548e-06
Completed 62 % :  mod = 1.757735924906561e-10,  Error =1.7869959094696242e-06
Completed 62 % :  mod = 1.8575998813055428e-10,  Error =1.7923478736747711e-06
Completed 63 % :  mod = 1.9585559192297136e-10,  Error =1.7974758321770423e-06
Completed 63 % :  mod = 2.0617484501925552e-10,  Error =1.8023711945147625e-06
Completed 63 % :  mod = 2.1670330040658006e-10,  Error =1.8070388421165262e-06
Completed 63 % :  mod = 2.2722212326529578e-10,  Error =1.8114840401040055e-06
Completed 64 % :  mod = 2.373378888395063e-10,  Error =1.815735231502913e-06
Completed 64 % :  mod = 2.4644736026092724e-10,  Error =1.819816965564769e-06
Completed 64 % :  mod = 2.5383336688224063e-10,  Error =1.8237690397882034e-06
Completed 64 % :  mod = 2.5872929309024475e-10,  Error =1.8276394797567264e-06
Completed 65 % :  mod = 2.6041906084032706e-10,  Error =1.8314811640607331e-06
Completed 65 % :  mod = 2.5836817616883975e-10,  Error =1.835362233748583e-06
Completed 65 % :  mod = 2.5235074782278183e-10,  Error =1.8393402783090096e-06
Completed 65 % :  mod = 2.4256449655608214e-10,  Error =1.8434728801253186e-06
Completed 66 % :  mod = 2.2966078597407547e-10,  Error =1.8478045902270424e-06
Completed 66 % :  mod = 2.1459808081632975e-10,  Error =1.85237948358008e-06
Completed 66 % :  mod = 1.9853601257837938e-10,  Error =1.857215451650518e-06
Completed 66 % :  mod = 1.8257450551458868e-10,  Error =1.862319919609945e-06
Completed 67 % :  mod = 1.6760867035517396e-10,  Error =1.8676829185437782e-06
Completed 67 % :  mod = 1.5418418920936746e-10,  Error =1.8733007536297919e-06
Completed 67 % :  mod = 1.4258061749416636e-10,  Error =1.879148989303303e-06
Completed 67 % :  mod = 1.3279448015546613e-10,  Error =1.8852038508043734e-06
Completed 68 % :  mod = 1.24614134470599e-10,  Error =1.8914414852133632e-06
Completed 68 % :  mod = 1.176844841991906e-10,  Error =1.8978330800223375e-06
Completed 68 % :  mod = 1.1153968709758802e-10,  Error =1.9043708618937671e-06
Completed 68 % :  mod = 1.0571151931501152e-10,  Error =1.911030949486303e-06
Completed 69 % :  mod = 9.978263746499667e-11,  Error =1.9177985137730502e-06
Completed 69 % :  mod = 9.348250317328066e-11,  Error =1.9246539082473646e-06
Completed 69 % :  mod = 8.671959741854898e-11,  Error =1.9316009698400194e-06
Completed 69 % :  mod = 7.962605375452032e-11,  Error =1.9386235408092034e-06
Completed 70 % :  mod = 7.248332353760751e-11,  Error =1.9457134357026007e-06
Completed 70 % :  mod = 6.564327263904507e-11,  Error =1.9528558183878886e-06
Completed 70 % :  mod = 5.940348869461848e-11,  Error =1.960056309258107e-06
Completed 70 % :  mod = 5.397861871654957e-11,  Error =1.9673008964105065e-06
Completed 71 % :  mod = 4.945135035109638e-11,  Error =1.974582971797645e-06
Completed 71 % :  mod = 4.580127524209858e-11,  Error =1.981895209723916e-06
Completed 71 % :  mod = 4.294926658873517e-11,  Error =1.989225282272855e-06
Completed 71 % :  mod = 4.0781959681999494e-11,  Error =1.9965833217838735e-06
Completed 72 % :  mod = 3.918093379272544e-11,  Error =2.0039580235220456e-06
Completed 72 % :  mod = 3.8004556243845753e-11,  Error =2.0113461332016414e-06
Completed 72 % :  mod = 3.7084953476659105e-11,  Error =2.018737561115813e-06
Completed 72 % :  mod = 3.6236512607047403e-11,  Error =2.026145047295813e-06
Completed 73 % :  mod = 3.529835899894024e-11,  Error =2.033559127312401e-06
Completed 73 % :  mod = 3.418043255352261e-11,  Error =2.04097938905079e-06
Completed 73 % :  mod = 3.290165545306594e-11,  Error =2.0483970999407575e-06
Completed 73 % :  mod = 3.158393662271274e-11,  Error =2.0558256537128727e-06
Completed 74 % :  mod = 3.0418628868422694e-11,  Error =2.0632570141287943e-06
Completed 74 % :  mod = 2.959791061903527e-11,  Error =2.0706898240518967e-06
Completed 74 % :  mod = 2.925983030874002e-11,  Error =2.0781232379363246e-06
Completed 74 % :  mod = 2.946343367281468e-11,  Error =2.0855477558257007e-06
Completed 75 % :  mod = 3.0202310181159287e-11,  Error =2.092977425149911e-06
Completed 75 % :  mod = 3.143615328135214e-11,  Error =2.100403563076725e-06
Completed 75 % :  mod = 3.3118878836779394e-11,  Error =2.1078242511407552e-06
Completed 75 % :  mod = 3.520087683961981e-11,  Error =2.1152301385995997e-06
Completed 76 % :  mod = 3.761868849598958e-11,  Error =2.1226346191838275e-06
Completed 76 % :  mod = 4.02593635477134e-11,  Error =2.1300284984704376e-06
Completed 76 % :  mod = 4.296668590164995e-11,  Error =2.1374099716808814e-06
Completed 76 % :  mod = 4.557236739228447e-11,  Error =2.144769581491346e-06
Completed 77 % :  mod = 4.797086350130529e-11,  Error =2.1521197339779974e-06
Completed 77 % :  mod = 5.0168081297525406e-11,  Error =2.1594505312805268e-06
Completed 77 % :  mod = 5.232110212811302e-11,  Error =2.1667580867301695e-06
Completed 77 % :  mod = 5.471117191314256e-11,  Error =2.174038257862776e-06
Completed 78 % :  mod = 5.767143271822016e-11,  Error =2.1812779991137177e-06
Completed 78 % :  mod = 6.151658158116006e-11,  Error =2.1884847427600107e-06
Completed 78 % :  mod = 6.646445683260127e-11,  Error =2.19564277159634e-06
Completed 78 % :  mod = 7.262459044812807e-11,  Error =2.202741441692524e-06
Completed 79 % :  mod = 7.999794557449325e-11,  Error =2.2097624707839714e-06
Completed 79 % :  mod = 8.852487715636176e-11,  Error =2.2167063207234605e-06
Completed 79 % :  mod = 9.804399944308167e-11,  Error =2.2235518741808846e-06
Completed 79 % :  mod = 1.083039485356694e-10,  Error =2.230284373183622e-06
Completed 80 % :  mod = 1.1893333750799062e-10,  Error =2.236882586714728e-06
Completed 80 % :  mod = 1.2950779706978105e-10,  Error =2.243346457930784e-06
Completed 80 % :  mod = 1.3957192568325693e-10,  Error =2.2496571858710013e-06
Completed 80 % :  mod = 1.4881402419511466e-10,  Error =2.2558029257879753e-06
Completed 81 % :  mod = 1.57183152422631e-10,  Error =2.2617728632212675e-06
Completed 81 % :  mod = 1.6493551512199407e-10,  Error =2.267550648582528e-06
Completed 81 % :  mod = 1.72602721130527e-10,  Error =2.2731352800064997e-06
Completed 81 % :  mod = 1.8078362004459244e-10,  Error =2.278509462882994e-06
Completed 82 % :  mod = 1.8997428085211282e-10,  Error =2.2836633846168297e-06
Completed 82 % :  mod = 2.003923311503999e-10,  Error =2.288584916243508e-06
Completed 82 % :  mod = 2.1195598854072496e-10,  Error =2.2932804810693597e-06
Completed 82 % :  mod = 2.2424314093436024e-10,  Error =2.2977499511966926e-06
Completed 83 % :  mod = 2.365814206306906e-10,  Error =2.3020086459268896e-06
Completed 83 % :  mod = 2.4806219683462324e-10,  Error =2.306077867331169e-06
Completed 83 % :  mod = 2.576133472563014e-10,  Error =2.3100050512425696e-06
Completed 83 % :  mod = 2.640165175936071e-10,  Error =2.3138373848041738e-06
Completed 84 % :  mod = 2.6615604622907924e-10,  Error =2.317636493387454e-06
Completed 84 % :  mod = 2.633012610844855e-10,  Error =2.321470937260983e-06
Completed 84 % :  mod = 2.553853767181126e-10,  Error =2.325406704528632e-06
Completed 84 % :  mod = 2.430673498767065e-10,  Error =2.3295139968126932e-06
Completed 85 % :  mod = 2.2763625028810473e-10,  Error =2.3338398804639837e-06
Completed 85 % :  mod = 2.1065581074689428e-10,  Error =2.338418049419033e-06
Completed 85 % :  mod = 1.9362236421573692e-10,  Error =2.343261165549393e-06
Completed 85 % :  mod = 1.7764785649183746e-10,  Error =2.3483800148937917e-06
Completed 86 % :  mod = 1.634826633428662e-10,  Error =2.353759363415975e-06
Completed 86 % :  mod = 1.5149007860736834e-10,  Error =2.3593811135924625e-06
Completed 86 % :  mod = 1.41743923426211e-10,  Error =2.3652167655541234e-06
Completed 86 % :  mod = 1.3403385883118256e-10,  Error =2.3712530818897903e-06
Completed 87 % :  mod = 1.2793766081704123e-10,  Error =2.3774612714078103e-06
Completed 87 % :  mod = 1.2281626781024977e-10,  Error =2.383819989404401e-06
Completed 87 % :  mod = 1.1792256005089122e-10,  Error =2.390310370969928e-06
Completed 87 % :  mod = 1.125704268199303e-10,  Error =2.396911227720011e-06
Completed 88 % :  mod = 1.0629431060114288e-10,  Error =2.403623589941617e-06
Completed 88 % :  mod = 9.900210737238247e-11,  Error =2.410431989119388e-06
Completed 88 % :  mod = 9.09583148729096e-11,  Error =2.417328225590154e-06
Completed 88 % :  mod = 8.267842368447251e-11,  Error =2.4242972571641985e-06
Completed 89 % :  mod = 7.471346827879048e-11,  Error =2.431344356068621e-06
Completed 89 % :  mod = 6.753514604991785e-11,  Error =2.4384538477306705e-06
Completed 89 % :  mod = 6.141798125383859e-11,  Error =2.445617184321236e-06
Completed 89 % :  mod = 5.646023570920454e-11,  Error =2.452818208098506e-06
Completed 90 % :  mod = 5.263234872079618e-11,  Error =2.4600632286819746e-06
Completed 90 % :  mod = 4.987301497650253e-11,  Error =2.4673378860029516e-06
Completed 90 % :  mod = 4.809199365516509e-11,  Error =2.4746362470295935e-06
Completed 90 % :  mod = 4.715107288463067e-11,  Error =2.4819530679565105e-06
Completed 91 % :  mod = 4.682477165929629e-11,  Error =2.4892770795759134e-06
Completed 91 % :  mod = 4.6792073362944366e-11,  Error =2.4966194374087536e-06
Completed 91 % :  mod = 4.669145614874091e-11,  Error =2.5039699167450635e-06
Completed 91 % :  mod = 4.622461069121428e-11,  Error =2.511326883336551e-06
Completed 92 % :  mod = 4.526666756814819e-11,  Error =2.51868164014013e-06
Completed 92 % :  mod = 4.3913790080814755e-11,  Error =2.526047651940644e-06
Completed 92 % :  mod = 4.2452798063843214e-11,  Error =2.533415418781715e-06
Completed 92 % :  mod = 4.1250952665987636e-11,  Error =2.5407836545809914e-06
Completed 93 % :  mod = 4.063407246033027e-11,  Error =2.548143385183721e-06
Completed 93 % :  mod = 4.080484253585747e-11,  Error =2.5555059792736756e-06
Completed 93 % :  mod = 4.1838847103297224e-11,  Error =2.562861020294349e-06
Completed 93 % :  mod = 4.3730124455171856e-11,  Error =2.5702059787136022e-06
Completed 94 % :  mod = 4.645046058831542e-11,  Error =2.5775370531277986e-06
Completed 94 % :  mod = 4.996600986965277e-11,  Error =2.5848427611663283e-06
Completed 94 % :  mod = 5.4218462468436205e-11,  Error =2.59213440045869e-06
Completed 94 % :  mod = 5.904265146849886e-11,  Error =2.5993997070372643e-06
Completed 95 % :  mod = 6.414223581569012e-11,  Error =2.6066343892239274e-06
Completed 95 % :  mod = 6.911625534573868e-11,  Error =2.613827469133412e-06
Completed 95 % :  mod = 7.359448888186284e-11,  Error =2.6209884040895304e-06
Completed 95 % :  mod = 7.736259026140778e-11,  Error =2.6281056406673997e-06
Completed 96 % :  mod = 8.050041012983173e-11,  Error =2.63517342347086e-06
Completed 96 % :  mod = 8.339126944452592e-11,  Error =2.6421775771723333e-06
Completed 96 % :  mod = 8.663749486182323e-11,  Error =2.649121576325797e-06
Completed 96 % :  mod = 9.088224184768869e-11,  Error =2.6559856749486244e-06
Completed 97 % :  mod = 9.666568529029402e-11,  Error =2.6627540137269534e-06
Completed 97 % :  mod = 1.0433448699765195e-10,  Error =2.669408175393073e-06
Completed 97 % :  mod = 1.1402313951006642e-10,  Error =2.6759199016623825e-06
Completed 97 % :  mod = 1.2572560408051927e-10,  Error =2.682278257282178e-06
Completed 98 % :  mod = 1.3924905689633134e-10,  Error =2.688452610755121e-06
Completed 98 % :  mod = 1.5420902001178433e-10,  Error =2.6944202886625135e-06
Completed 98 % :  mod = 1.6994018025357223e-10,  Error =2.7001565570117236e-06
Completed 98 % :  mod = 1.8554495276574785e-10,  Error =2.705660790525144e-06
Completed 99 % :  mod = 1.9991136825969707e-10,  Error =2.7109230771316106e-06
Completed 99 % :  mod = 2.1202760762857063e-10,  Error =2.7159499467188652e-06
Completed 99 % :  mod = 2.2127248842339047e-10,  Error =2.720757116492223e-06
Completed 99 % :  mod = 2.2761038404730782e-10,  Error =2.7253624281797784e-06
Completed 100 % :  mod = 2.3158064845641247e-10,  Error =2.729802069723064e-06
Finished 17/31 frames
Finished all frames!
