/opt/local/miniconda_23_9/lib/python3.11/site-packages/conda/base/context.py:201: FutureWarning: Adding 'defaults' to channel list implicitly is deprecated and will be removed in 25.3. 

To remove this warning, please choose a default channel explicitly with conda's regular configuration system, e.g. by adding 'defaults' to the list of channels:

  conda config --add channels defaults

For more information see https://docs.conda.io/projects/conda/en/stable/user-guide/configuration/use-condarc.html

  deprecated.topic(
JOB 14542 ARRAY_ID 0  -> i=0 ; range=[2.00001e-10, 2.0013e-10] ; intervals=3 (frames=4)
Analytic t0 extension enabled (--extend-time-using-t0).
Extending simulation time for p0=2.000e-10 from 10000000000.0 to 1.000e+11
Completed 0 % :  mod = 1.6000080002771356e-16,  Error =-1.4210854715202004e-14
Completed 0 % :  mod = 1.6000337204243072e-16,  Error =1.958851925110139e-08
Completed 0 % :  mod = 1.6001109630668953e-16,  Error =3.917338631254097e-08
Completed 0 % :  mod = 1.6002396904647844e-16,  Error =5.875958919432378e-08
Completed 0 % :  mod = 1.600419888142314e-16,  Error =7.834643156456877e-08
Completed 1 % :  mod = 1.600651651742242e-16,  Error =9.793320998596755e-08
Completed 1 % :  mod = 1.600934909920241e-16,  Error =1.1751951234373337e-07
Completed 1 % :  mod = 1.601269627004147e-16,  Error =1.371065820876538e-07
Completed 1 % :  mod = 1.6016560992280168e-16,  Error =1.5669325392764222e-07
Completed 2 % :  mod = 1.6020940045083993e-16,  Error =1.762790944326298e-07
Completed 2 % :  mod = 1.6025834658884107e-16,  Error =1.9586519073300224e-07
Completed 2 % :  mod = 1.6031247118766952e-16,  Error =2.1545176309700764e-07
Completed 2 % :  mod = 1.603717375411856e-16,  Error =2.3503823598503004e-07
Completed 3 % :  mod = 1.6043617284295195e-16,  Error =2.546254691537797e-07
Completed 3 % :  mod = 1.6050579048295473e-16,  Error =2.7421096149282675e-07
Completed 3 % :  mod = 1.6058056316423374e-16,  Error =2.937966385729851e-07
Completed 3 % :  mod = 1.6066051611579764e-16,  Error =3.1338375805489704e-07
Completed 4 % :  mod = 1.607456349653833e-16,  Error =3.3297045121116753e-07
Completed 4 % :  mod = 1.6083593594641024e-16,  Error =3.52556646987523e-07
Completed 4 % :  mod = 1.6093143979009256e-16,  Error =3.721436385717425e-07
Completed 4 % :  mod = 1.610320964520032e-16,  Error =3.917293724953197e-07
Completed 5 % :  mod = 1.6113794966931707e-16,  Error =4.113152556328714e-07
Completed 5 % :  mod = 1.612490212589228e-16,  Error =4.309023040605098e-07
Completed 5 % :  mod = 1.6136526624287458e-16,  Error =4.5048891905707933e-07
Completed 5 % :  mod = 1.6148671832878238e-16,  Error =4.70074979830315e-07
Completed 6 % :  mod = 1.6161337327734557e-16,  Error =4.896623408967571e-07
Completed 6 % :  mod = 1.6174524370306848e-16,  Error =5.092493182701219e-07
Completed 6 % :  mod = 1.618823375675645e-16,  Error =5.288361109023754e-07
Completed 6 % :  mod = 1.6202462767727102e-16,  Error =5.484239267161684e-07
Completed 7 % :  mod = 1.6217215104852043e-16,  Error =5.680117070028246e-07
Completed 7 % :  mod = 1.6232491564292612e-16,  Error =5.875986275327705e-07
Completed 7 % :  mod = 1.6248290362440614e-16,  Error =6.071859743883579e-07
Completed 7 % :  mod = 1.626461343800061e-16,  Error =6.267730014997142e-07
Completed 8 % :  mod = 1.6281461220072544e-16,  Error =6.463593109629073e-07
Completed 8 % :  mod = 1.6298834349721388e-16,  Error =6.659460964897335e-07
Completed 8 % :  mod = 1.6316734315872245e-16,  Error =6.855315319853617e-07
Completed 8 % :  mod = 1.6335159443484377e-16,  Error =7.051185235695812e-07
Completed 9 % :  mod = 1.6354111293861188e-16,  Error =7.24705522259228e-07
Completed 9 % :  mod = 1.6373592875872156e-16,  Error =7.442902472121204e-07
Completed 9 % :  mod = 1.6393601806203143e-16,  Error =7.638766206241598e-07
Completed 9 % :  mod = 1.6414139010262458e-16,  Error =7.834632924641483e-07
Completed 10 % :  mod = 1.6435205909766779e-16,  Error =8.030491613908453e-07
Completed 10 % :  mod = 1.645680469157485e-16,  Error =8.226362524510478e-07
Completed 10 % :  mod = 1.6478935169571034e-16,  Error =8.422216026815477e-07
Completed 10 % :  mod = 1.650159483119422e-16,  Error =8.618083882083738e-07
Completed 11 % :  mod = 1.6524788287976322e-16,  Error =8.813944845087462e-07
Completed 11 % :  mod = 1.6548518269613363e-16,  Error =9.009813695115554e-07
Completed 11 % :  mod = 1.657277949765906e-16,  Error =9.20568879791972e-07
Completed 11 % :  mod = 1.6597575844352651e-16,  Error =9.401554308396953e-07
Completed 12 % :  mod = 1.6622910478829863e-16,  Error =9.597431258612232e-07
Completed 12 % :  mod = 1.6648780138897153e-16,  Error =9.793284263537316e-07
Completed 12 % :  mod = 1.6675188541697398e-16,  Error =9.989150697720106e-07
Completed 12 % :  mod = 1.6702136452372666e-16,  Error =1.0185026582121282e-06
Completed 13 % :  mod = 1.6729621637535302e-16,  Error =1.0380876176441234e-06
Completed 13 % :  mod = 1.6757649489368925e-16,  Error =1.0576750852919758e-06
Completed 13 % :  mod = 1.678621888600983e-16,  Error =1.0772603857844842e-06
Completed 13 % :  mod = 1.6815327966301635e-16,  Error =1.0968468515670793e-06
Completed 14 % :  mod = 1.6844983228782032e-16,  Error =1.1164330970814262e-06
Completed 14 % :  mod = 1.6875181721450207e-16,  Error =1.1360200318222269e-06
Completed 14 % :  mod = 1.690592424563738e-16,  Error =1.1556060712791805e-06
Completed 14 % :  mod = 1.6937216141828379e-16,  Error =1.1751932049719471e-06
Completed 15 % :  mod = 1.6969053672200812e-16,  Error =1.194780679725227e-06
Completed 15 % :  mod = 1.7001438491115905e-16,  Error =1.2143663212782485e-06
Completed 15 % :  mod = 1.7034376197552428e-16,  Error =1.2339534549710152e-06
Completed 15 % :  mod = 1.7067861177021975e-16,  Error =1.2535406952451922e-06
Completed 16 % :  mod = 1.7101899674738168e-16,  Error =1.2731277152511211e-06
Completed 16 % :  mod = 1.713649132880949e-16,  Error =1.2927151402664094e-06
Completed 16 % :  mod = 1.7171636185764853e-16,  Error =1.312301058931098e-06
Completed 16 % :  mod = 1.7207338655510895e-16,  Error =1.331889073696857e-06
Completed 17 % :  mod = 1.7243594343650612e-16,  Error =1.3514757810639821e-06
Completed 17 % :  mod = 1.7280409024938656e-16,  Error =1.3710628223861931e-06
Completed 17 % :  mod = 1.7317785785792688e-16,  Error =1.3906493805393438e-06
Completed 17 % :  mod = 1.735571927538812e-16,  Error =1.4102356473699729e-06
Completed 18 % :  mod = 1.7394212518104065e-16,  Error =1.4298223263153886e-06
Completed 18 % :  mod = 1.7433273366986467e-16,  Error =1.4494087920979837e-06
Completed 18 % :  mod = 1.7472897836058746e-16,  Error =1.4689943128587402e-06
Completed 18 % :  mod = 1.751308351615737e-16,  Error =1.4885795067698382e-06
Completed 19 % :  mod = 1.7553837443487423e-16,  Error =1.5081665694083313e-06
Completed 19 % :  mod = 1.7595163019829176e-16,  Error =1.5277542644298592e-06
Completed 19 % :  mod = 1.7637055323457982e-16,  Error =1.5473396999254874e-06
Completed 19 % :  mod = 1.7679516551572345e-16,  Error =1.56692740915787e-06
Completed 20 % :  mod = 1.7722553114822012e-16,  Error =1.5865145641669187e-06
Completed 20 % :  mod = 1.776616334333612e-16,  Error =1.606099246487247e-06
Completed 20 % :  mod = 1.7810347469759218e-16,  Error =1.6256856412155685e-06
Completed 20 % :  mod = 1.7855108596018603e-16,  Error =1.6452732438665407e-06
Completed 21 % :  mod = 1.7900446308523967e-16,  Error =1.664860050709649e-06
Completed 21 % :  mod = 1.7946366247613113e-16,  Error =1.6844447614516866e-06
Completed 21 % :  mod = 1.7992868092753554e-16,  Error =1.7040326127926164e-06
Completed 21 % :  mod = 1.8039948028574714e-16,  Error =1.7236186948821342e-06
Completed 22 % :  mod = 1.8087616508571584e-16,  Error =1.7432061412137045e-06
Completed 22 % :  mod = 1.8135871418263724e-16,  Error =1.7627929693730948e-06
Completed 22 % :  mod = 1.8184709045678135e-16,  Error =1.782379101200604e-06
Completed 22 % :  mod = 1.8234140883455451e-16,  Error =1.801965524350635e-06
Completed 23 % :  mod = 1.8284160231432713e-16,  Error =1.8215529706822053e-06
Completed 23 % :  mod = 1.8334772978101904e-16,  Error =1.8411382498584317e-06
Completed 23 % :  mod = 1.8385982209880687e-16,  Error =1.8607245166890607e-06
Completed 23 % :  mod = 1.8437783904603331e-16,  Error =1.8803102079800738e-06
Completed 24 % :  mod = 1.8490184390201524e-16,  Error =1.899896417967284e-06
Completed 24 % :  mod = 1.8543185119411216e-16,  Error =1.9194832105995374e-06
Completed 24 % :  mod = 1.8596785032407248e-16,  Error =1.93906742396166e-06
Completed 24 % :  mod = 1.865099056051888e-16,  Error =1.958654245015623e-06
Completed 25 % :  mod = 1.8705798410533302e-16,  Error =1.9782406184276624e-06
Completed 25 % :  mod = 1.8761211260447745e-16,  Error =1.9978274607979074e-06
Completed 25 % :  mod = 1.8817237583693609e-16,  Error =2.0174143031681524e-06
Completed 25 % :  mod = 1.8873871600346363e-16,  Error =2.0370005557879267e-06
Completed 26 % :  mod = 1.8931112891645824e-16,  Error =2.056586588139453e-06
Completed 26 % :  mod = 1.8988974552895062e-16,  Error =2.076174091314442e-06
Completed 26 % :  mod = 1.9047452587777745e-16,  Error =2.095760891052123e-06
Completed 26 % :  mod = 1.9106543051676326e-16,  Error =2.115346617870273e-06
Completed 27 % :  mod = 1.9166255472677485e-16,  Error =2.134934511843767e-06
Completed 27 % :  mod = 1.9226591691258085e-16,  Error =2.154520402086746e-06
Completed 27 % :  mod = 1.9287550497666482e-16,  Error =2.1741070810321617e-06
Completed 27 % :  mod = 1.9349134668127604e-16,  Error =2.1936939234024067e-06
Completed 28 % :  mod = 1.9411345360694311e-16,  Error =2.2132810215680365e-06
Completed 28 % :  mod = 1.947418787966228e-16,  Error =2.232868155260803e-06
Completed 28 % :  mod = 1.9537664494608318e-16,  Error =2.2524549194713472e-06
Completed 28 % :  mod = 1.9601771591787121e-16,  Error =2.272041534467917e-06
Completed 29 % :  mod = 1.9666514775347342e-16,  Error =2.2916275312923062e-06
Completed 29 % :  mod = 1.9731900125066481e-16,  Error =2.3112151907866973e-06
Completed 29 % :  mod = 1.9797924652754577e-16,  Error =2.3308014149847622e-06
Completed 29 % :  mod = 1.9864588653094722e-16,  Error =2.3503877457642375e-06
Completed 30 % :  mod = 1.993190071842553e-16,  Error =2.3699720443914885e-06
Completed 30 % :  mod = 1.999986089527591e-16,  Error =2.3895586309663486e-06
Completed 30 % :  mod = 2.0068467007126874e-16,  Error =2.4091430290695826e-06
Completed 30 % :  mod = 2.013772727408576e-16,  Error =2.4287295730118785e-06
Completed 31 % :  mod = 2.0207639731598614e-16,  Error =2.448316905656611e-06
Completed 31 % :  mod = 2.027821049046221e-16,  Error =2.467904558045575e-06
Completed 31 % :  mod = 2.034944025378007e-16,  Error =2.4874911375150077e-06
Completed 31 % :  mod = 2.0421328628641404e-16,  Error =2.507076949598286e-06
Completed 32 % :  mod = 2.0493882242830866e-16,  Error =2.526664530932976e-06
Completed 32 % :  mod = 2.0567101396201432e-16,  Error =2.5462516433094606e-06
Completed 32 % :  mod = 2.0640987463940868e-16,  Error =2.565836986434533e-06
Completed 32 % :  mod = 2.0715546567185708e-16,  Error =2.5854241911815734e-06
Completed 33 % :  mod = 2.0790777516863821e-16,  Error =2.6050112325037844e-06
Completed 33 % :  mod = 2.0866681786390674e-16,  Error =2.6245964264148824e-06
Completed 33 % :  mod = 2.0943269131327615e-16,  Error =2.644183219047136e-06
Completed 33 % :  mod = 2.1020537204549657e-16,  Error =2.663768555066781e-06
Completed 34 % :  mod = 2.109848242850065e-16,  Error =2.6833548290028375e-06
Completed 34 % :  mod = 2.1177117903653545e-16,  Error =2.7029412734691505e-06
Completed 34 % :  mod = 2.1256445485994843e-16,  Error =2.72252651711824e-06
Completed 34 % :  mod = 2.1336458754535037e-16,  Error =2.742111988141005e-06
Completed 35 % :  mod = 2.1417165991420012e-16,  Error =2.7616971465249662e-06
Completed 35 % :  mod = 2.1498572573323748e-16,  Error =2.781284401009998e-06
Completed 35 % :  mod = 2.1580677269815085e-16,  Error =2.8008692822822923e-06
Completed 35 % :  mod = 2.166348512152588e-16,  Error =2.8204550730492883e-06
Completed 36 % :  mod = 2.174699446892503e-16,  Error =2.8400406435480363e-06
Completed 36 % :  mod = 2.18312109368407e-16,  Error =2.859627421969435e-06
Completed 36 % :  mod = 2.191614308142235e-16,  Error =2.8792142359179707e-06
Completed 36 % :  mod = 2.200178509172618e-16,  Error =2.8988006803842836e-06
Completed 37 % :  mod = 2.2088137769083403e-16,  Error =2.9183865706272627e-06
Completed 37 % :  mod = 2.2175215728741472e-16,  Error =2.937974272754218e-06
Completed 37 % :  mod = 2.2263016721803094e-16,  Error =2.957562365679678e-06
Completed 37 % :  mod = 2.2351535376764167e-16,  Error =2.977148831462273e-06
Completed 38 % :  mod = 2.244078448907479e-16,  Error =2.9967348140758077e-06
Completed 38 % :  mod = 2.253076704692493e-16,  Error =3.0163215924972064e-06
Completed 38 % :  mod = 2.262147877999467e-16,  Error =3.0359074045804846e-06
Completed 38 % :  mod = 2.271292977988749e-16,  Error =3.055493721149105e-06
Completed 39 % :  mod = 2.280511597273886e-16,  Error =3.0750785811051173e-06
Completed 39 % :  mod = 2.289804845310876e-16,  Error =3.094664684510917e-06
Completed 39 % :  mod = 2.2991727882741673e-16,  Error =3.114249857105733e-06
Completed 39 % :  mod = 2.3086152204025826e-16,  Error =3.13383586103555e-06
Completed 40 % :  mod = 2.3181329745636013e-16,  Error =3.1534234921082316e-06
Completed 40 % :  mod = 2.327726386799347e-16,  Error =3.1730108531746737e-06
Completed 40 % :  mod = 2.337395249797679e-16,  Error =3.192596054191199e-06
Completed 40 % :  mod = 2.347140666810739e-16,  Error =3.2121839765864024e-06
Completed 41 % :  mod = 2.356962507557581e-16,  Error =3.231771010803186e-06
Completed 41 % :  mod = 2.366860477355111e-16,  Error =3.2513569721004387e-06
Completed 41 % :  mod = 2.376836299840931e-16,  Error =3.270942450228631e-06
Completed 41 % :  mod = 2.386889718589051e-16,  Error =3.2905295412888336e-06
Completed 42 % :  mod = 2.397019930200301e-16,  Error =3.3101160497039928e-06
Completed 42 % :  mod = 2.407228850114787e-16,  Error =3.329702622067998e-06
Completed 42 % :  mod = 2.4175166551423646e-16,  Error =3.349289698917346e-06
Completed 42 % :  mod = 2.4278825015588095e-16,  Error =3.36887608654024e-06
Completed 43 % :  mod = 2.4383278410660965e-16,  Error =3.388463063913605e-06
Completed 43 % :  mod = 2.448852596633031e-16,  Error =3.408049494169063e-06
Completed 43 % :  mod = 2.4594570443311427e-16,  Error =3.4276358107376836e-06
Completed 43 % :  mod = 2.470142208830415e-16,  Error =3.4472227881110484e-06
Completed 44 % :  mod = 2.4809073332605877e-16,  Error =3.4668079678112917e-06
Completed 44 % :  mod = 2.491753201892279e-16,  Error =3.4863940143736727e-06
Completed 44 % :  mod = 2.5026810968554384e-16,  Error =3.505981482021525e-06
Completed 44 % :  mod = 2.513690188384514e-16,  Error =3.5255653116905705e-06
Completed 45 % :  mod = 2.524780795461029e-16,  Error =3.5451519977414137e-06
Completed 45 % :  mod = 2.5359543372167225e-16,  Error =3.5647387548465304e-06
Completed 45 % :  mod = 2.547210606339453e-16,  Error =3.5843255972167753e-06
Completed 45 % :  mod = 2.5585496452222274e-16,  Error =3.6039121482644987e-06
Completed 46 % :  mod = 2.5699722645020456e-16,  Error =3.6234988129990597e-06
Completed 46 % :  mod = 2.5814783452716945e-16,  Error =3.6430858543212707e-06
Completed 46 % :  mod = 2.5930694850237323e-16,  Error =3.6626723769472846e-06
Completed 46 % :  mod = 2.60474492895585e-16,  Error =3.6822583169282552e-06
Completed 47 % :  mod = 2.616504829579473e-16,  Error =3.7018436174207636e-06
Completed 47 % :  mod = 2.6283507249335527e-16,  Error =3.721430012149085e-06
Completed 47 % :  mod = 2.640282383407518e-16,  Error =3.741017572167493e-06
Completed 47 % :  mod = 2.652299905814005e-16,  Error =3.760603654257011e-06
Completed 48 % :  mod = 2.664404271845053e-16,  Error =3.7801895160782806e-06
Completed 48 % :  mod = 2.676595478398734e-16,  Error =3.7997760244934398e-06
Completed 48 % :  mod = 2.688873972669567e-16,  Error =3.819362149215522e-06
Completed 48 % :  mod = 2.7012406836847767e-16,  Error =3.8389478973499536e-06
Completed 49 % :  mod = 2.7136953663921075e-16,  Error =3.858535386314088e-06
Completed 49 % :  mod = 2.7262382167299667e-16,  Error =3.878122299738607e-06
Completed 49 % :  mod = 2.7388706755435837e-16,  Error =3.8977109682036826e-06
Completed 49 % :  mod = 2.751592775403195e-16,  Error =3.917298037947603e-06
Completed 50 % :  mod = 2.764403942969239e-16,  Error =3.93688503663725e-06
Completed 50 % :  mod = 2.7773057405790974e-16,  Error =3.9564721490137345e-06
Completed 50 % :  mod = 2.790298746225223e-16,  Error =3.976059382182484e-06
Completed 50 % :  mod = 2.80338236071866e-16,  Error =3.995645627696831e-06
Completed 51 % :  mod = 2.8165577167798593e-16,  Error =4.01523202953058e-06
Completed 51 % :  mod = 2.829825217142382e-16,  Error =4.03481861610544e-06
Completed 51 % :  mod = 2.8431848483645427e-16,  Error =4.054405223996582e-06
Completed 51 % :  mod = 2.85663799545688e-16,  Error =4.073992577957597e-06
Completed 52 % :  mod = 2.8701841967492143e-16,  Error =4.093580493247373e-06
Completed 52 % :  mod = 2.8838235985491165e-16,  Error =4.1131654384685135e-06
Completed 52 % :  mod = 2.8975582357208935e-16,  Error =4.13275071764474e-06
Completed 52 % :  mod = 2.9113875550875105e-16,  Error =4.152335982610111e-06
Completed 53 % :  mod = 2.9253110453479516e-16,  Error =4.171921567319714e-06
Completed 53 % :  mod = 2.939331022090944e-16,  Error =4.191508210737993e-06
Completed 53 % :  mod = 2.95344721855074e-16,  Error =4.211095294692768e-06
Completed 53 % :  mod = 2.967659288345458e-16,  Error =4.230679927275105e-06
Completed 54 % :  mod = 2.981968975792215e-16,  Error =4.250267082284154e-06
Completed 54 % :  mod = 2.9963754278610045e-16,  Error =4.269853000948842e-06
Completed 54 % :  mod = 3.0108807967723823e-16,  Error =4.289440099114472e-06
Completed 54 % :  mod = 3.0254846012106297e-16,  Error =4.309026856219589e-06
Completed 55 % :  mod = 3.0401864053549614e-16,  Error =4.328613620430133e-06
Completed 55 % :  mod = 3.05498863336156e-16,  Error =4.348200626225207e-06
Completed 55 % :  mod = 3.0698907217136336e-16,  Error =4.367787759917974e-06
Completed 55 % :  mod = 3.084892564428666e-16,  Error =4.387372939618217e-06
Completed 56 % :  mod = 3.0999961663856663e-16,  Error =4.406959916991582e-06
Completed 56 % :  mod = 3.1152008591193027e-16,  Error =4.426546325930758e-06
Completed 56 % :  mod = 3.1305071223943303e-16,  Error =4.44613156247442e-06
Completed 56 % :  mod = 3.1459166224626954e-16,  Error =4.465718070889579e-06
Completed 57 % :  mod = 3.161428627269556e-16,  Error =4.485305069579226e-06
Completed 57 % :  mod = 3.177043835265542e-16,  Error =4.504890746659385e-06
Completed 57 % :  mod = 3.192763613883603e-16,  Error =4.524476210576722e-06
Completed 57 % :  mod = 3.208587801306532e-16,  Error =4.544063621381156e-06
Completed 58 % :  mod = 3.2245166472394763e-16,  Error =4.563649333988451e-06
Completed 58 % :  mod = 3.240551375392755e-16,  Error =4.583236332678098e-06
Completed 58 % :  mod = 3.2566923037139154e-16,  Error =4.602823018728941e-06
Completed 58 % :  mod = 3.2729396415830505e-16,  Error =4.62240928555957e-06
Completed 59 % :  mod = 3.2892943588694285e-16,  Error =4.641995197118831e-06
Completed 59 % :  mod = 3.305756752324094e-16,  Error =4.661580661036169e-06
Completed 59 % :  mod = 3.3223271455814617e-16,  Error =4.681165556519318e-06
Completed 59 % :  mod = 3.3390068316282266e-16,  Error =4.700752256781016e-06
Completed 60 % :  mod = 3.3557959619418385e-16,  Error =4.7203394544226285e-06
Completed 60 % :  mod = 3.372694202548125e-16,  Error =4.7399233977785116e-06
Completed 60 % :  mod = 3.389703617262714e-16,  Error =4.759510979113202e-06
Completed 60 % :  mod = 3.4068245447126696e-16,  Error =4.77909891571926e-06
Completed 61 % :  mod = 3.4240558847477765e-16,  Error =4.798684194895486e-06
Completed 61 % :  mod = 3.4414001390724e-16,  Error =4.818270390671842e-06
Completed 61 % :  mod = 3.4588568646279244e-16,  Error =4.837856401707086e-06
Completed 61 % :  mod = 3.47642737508056e-16,  Error =4.857443535399852e-06
Completed 62 % :  mod = 3.4941118942860603e-16,  Error =4.877030178818131e-06
Completed 62 % :  mod = 3.5119102035585506e-16,  Error =4.89661496771987e-06
Completed 62 % :  mod = 3.5298242772747556e-16,  Error =4.916201277183063e-06
Completed 62 % :  mod = 3.54785446595246e-16,  Error =4.935788957993736e-06
Completed 63 % :  mod = 3.5659998514211834e-16,  Error =4.955375118242955e-06
Completed 63 % :  mod = 3.5842628252668723e-16,  Error =4.974960631898284e-06
Completed 63 % :  mod = 3.6026437855701964e-16,  Error =4.994547666115068e-06
Completed 63 % :  mod = 3.621141800202003e-16,  Error =5.014134146108518e-06
Completed 64 % :  mod = 3.6397593548400323e-16,  Error =5.033720420044574e-06
Completed 64 % :  mod = 3.6584964742997034e-16,  Error =5.053306864510887e-06
Completed 64 % :  mod = 3.6773525914453084e-16,  Error =5.072892697910447e-06
Completed 64 % :  mod = 3.6963303703154077e-16,  Error =5.09248013713659e-06
Completed 65 % :  mod = 3.7154293161525974e-16,  Error =5.1120678392635455e-06
Completed 65 % :  mod = 3.734649240773288e-16,  Error =5.131653800560798e-06
Completed 65 % :  mod = 3.753992839752301e-16,  Error =5.15123979027976e-06
Completed 65 % :  mod = 3.7734593308869697e-16,  Error =5.170825097877696e-06
Completed 66 % :  mod = 3.793048929761241e-16,  Error =5.190410178101956e-06
Completed 66 % :  mod = 3.8127639788472117e-16,  Error =5.209997574695535e-06
Completed 66 % :  mod = 3.832603813815453e-16,  Error =5.22958441706578e-06
Completed 66 % :  mod = 3.8525690033526356e-16,  Error =5.249171145749187e-06
Completed 67 % :  mod = 3.87266142515875e-16,  Error =5.268757320209261e-06
Completed 67 % :  mod = 3.892880584993381e-16,  Error =5.288344183895788e-06
Completed 67 % :  mod = 3.9132271347782477e-16,  Error =5.307930202036459e-06
Completed 67 % :  mod = 3.933702927397923e-16,  Error =5.327517612840893e-06
Completed 68 % :  mod = 3.9543077632950836e-16,  Error =5.347103389397034e-06
Completed 68 % :  mod = 3.975041731391646e-16,  Error =5.366689869390484e-06
Completed 68 % :  mod = 3.9959068872314316e-16,  Error =5.386275262253548e-06
Completed 68 % :  mod = 4.01690357047548e-16,  Error =5.405861401186485e-06
Completed 69 % :  mod = 4.038031406307576e-16,  Error =5.4254469290526686e-06
Completed 69 % :  mod = 4.0592922010833823e-16,  Error =5.445033906426033e-06
Completed 69 % :  mod = 4.080685997712893e-16,  Error =5.46461918560226e-06
Completed 69 % :  mod = 4.1022148336453546e-16,  Error =5.484205672701137e-06
Completed 70 % :  mod = 4.1238779732070097e-16,  Error =5.5037921313783045e-06
Completed 70 % :  mod = 4.145676044538136e-16,  Error =5.523377936356155e-06
Completed 70 % :  mod = 4.167611154364356e-16,  Error =5.542964480298451e-06
Completed 70 % :  mod = 4.189683266496518e-16,  Error =5.562551052662457e-06
Completed 71 % :  mod = 4.211892280638973e-16,  Error =5.582136935800008e-06
Completed 71 % :  mod = 4.2342402792189124e-16,  Error =5.601722719461577e-06
Completed 71 % :  mod = 4.256727795250844e-16,  Error =5.621308176273487e-06
Completed 71 % :  mod = 4.2793544575374677e-16,  Error =5.640893668612534e-06
Completed 72 % :  mod = 4.3021222213269565e-16,  Error =5.660481811275986e-06
Completed 72 % :  mod = 4.325031825911983e-16,  Error =5.680068049684905e-06
Completed 72 % :  mod = 4.348082682443348e-16,  Error =5.6996549133714325e-06
Completed 72 % :  mod = 4.3712772078394047e-16,  Error =5.719243084456593e-06
Completed 73 % :  mod = 4.3946158125885315e-16,  Error =5.738829436552351e-06
Completed 73 % :  mod = 4.41809767829891e-16,  Error =5.758416101286912e-06
Completed 73 % :  mod = 4.441725905346874e-16,  Error =5.7780031781362595e-06
Completed 73 % :  mod = 4.465500404293519e-16,  Error =5.797590446832146e-06
Completed 74 % :  mod = 4.48942046324653e-16,  Error =5.81717608127974e-06
Completed 74 % :  mod = 4.513489490707021e-16,  Error =5.836761651778488e-06
Completed 74 % :  mod = 4.537706954694457e-16,  Error =5.856347421229202e-06
Completed 74 % :  mod = 4.562072453509256e-16,  Error =5.87593248013718e-06
Completed 75 % :  mod = 4.586589499567093e-16,  Error =5.895517979581655e-06
Completed 75 % :  mod = 4.611257243456876e-16,  Error =5.915104154041728e-06
Completed 75 % :  mod = 4.636075539388023e-16,  Error =5.934689639275348e-06
Completed 75 % :  mod = 4.661047791725742e-16,  Error =5.954276538489012e-06
Completed 76 % :  mod = 4.686173275136033e-16,  Error =5.973863231645282e-06
Completed 76 % :  mod = 4.711452010298412e-16,  Error =5.993447125263174e-06
Completed 76 % :  mod = 4.736886865461653e-16,  Error =6.013033122087563e-06
Completed 76 % :  mod = 4.762477451850867e-16,  Error =6.0326192752313545e-06
Completed 77 % :  mod = 4.78822435676429e-16,  Error =6.052205378637154e-06
Completed 77 % :  mod = 4.814129584563944e-16,  Error =6.071792924444708e-06
Completed 77 % :  mod = 4.840191956000467e-16,  Error =6.091379916028927e-06
Completed 77 % :  mod = 4.866415495824528e-16,  Error =6.110966467076651e-06
Completed 78 % :  mod = 4.892799001522312e-16,  Error =6.130553160232921e-06
Completed 78 % :  mod = 4.91934231851444e-16,  Error =6.15014117499868e-06
Completed 78 % :  mod = 4.946048990235863e-16,  Error =6.169727228666488e-06
Completed 78 % :  mod = 4.97291849918171e-16,  Error =6.1893139360336136e-06
Completed 79 % :  mod = 4.999951005618223e-16,  Error =6.208901105253517e-06
Completed 79 % :  mod = 5.027149023657478e-16,  Error =6.228488125259446e-06
Completed 79 % :  mod = 5.054512453520814e-16,  Error =6.248075457904179e-06
Completed 79 % :  mod = 5.082041987455004e-16,  Error =6.267660850767243e-06
Completed 80 % :  mod = 5.109739724430854e-16,  Error =6.28724757945065e-06
Completed 80 % :  mod = 5.137605653591618e-16,  Error =6.306834023916963e-06
Completed 80 % :  mod = 5.165640226784706e-16,  Error =6.326421079450029e-06
Completed 80 % :  mod = 5.193845842833894e-16,  Error =6.346008596835873e-06
Completed 81 % :  mod = 5.222222729730838e-16,  Error =6.365595105251032e-06
Completed 81 % :  mod = 5.25077078717989e-16,  Error =6.385180341794694e-06
Completed 81 % :  mod = 5.279492782100197e-16,  Error =6.4047665802036136e-06
Completed 81 % :  mod = 5.308389121878213e-16,  Error =6.424352982037362e-06
Completed 82 % :  mod = 5.337459214045822e-16,  Error =6.443939149392008e-06
Completed 82 % :  mod = 5.366706399378725e-16,  Error =6.463525657807168e-06
Completed 82 % :  mod = 5.396130821599551e-16,  Error =6.483110851718266e-06
Completed 82 % :  mod = 5.42573165352769e-16,  Error =6.502697289079151e-06
Completed 83 % :  mod = 5.455512822720087e-16,  Error =6.522284110133114e-06
Completed 83 % :  mod = 5.485474267655183e-16,  Error =6.541869574050452e-06
Completed 83 % :  mod = 5.515614842687831e-16,  Error =6.5614557556159525e-06
Completed 83 % :  mod = 5.545938793839512e-16,  Error =6.581042143238847e-06
Completed 84 % :  mod = 5.576446040977104e-16,  Error =6.600627244779389e-06
Completed 84 % :  mod = 5.607135784837341e-16,  Error =6.6202125879044615e-06
Completed 84 % :  mod = 5.638011723951537e-16,  Error =6.639799622121245e-06
Completed 84 % :  mod = 5.669072445391807e-16,  Error =6.659385448415378e-06
Completed 85 % :  mod = 5.700321705592108e-16,  Error =6.678972177098785e-06
Completed 85 % :  mod = 5.731759248126451e-16,  Error =6.698558941309329e-06
Completed 85 % :  mod = 5.763384064351475e-16,  Error =6.718144589967778e-06
Completed 85 % :  mod = 5.795200696522721e-16,  Error =6.7377302315208e-06
Completed 86 % :  mod = 5.827209134300429e-16,  Error =6.7573166688816855e-06
Completed 86 % :  mod = 5.859408034033093e-16,  Error =6.776903042293725e-06
Completed 86 % :  mod = 5.891801718256401e-16,  Error =6.79648964307944e-06
Completed 86 % :  mod = 5.924390228329383e-16,  Error =6.8160754693735726e-06
Completed 87 % :  mod = 5.957172968165012e-16,  Error =6.835661878312749e-06
Completed 87 % :  mod = 5.990153745379043e-16,  Error =6.8552480598782495e-06
Completed 87 % :  mod = 6.023332136558401e-16,  Error =6.874834980408195e-06
Completed 87 % :  mod = 6.056708320063905e-16,  Error =6.894421083813995e-06
Completed 88 % :  mod = 6.09028614331938e-16,  Error =6.914006320357657e-06
Completed 88 % :  mod = 6.124064697460127e-16,  Error =6.933592217706064e-06
Completed 88 % :  mod = 6.158044334037907e-16,  Error =6.9531772268760506e-06
Completed 88 % :  mod = 6.192229097965915e-16,  Error =6.9727635718663805e-06
Completed 89 % :  mod = 6.226618115017642e-16,  Error =6.992351039514233e-06
Completed 89 % :  mod = 6.261211606980888e-16,  Error =7.011937320555717e-06
Completed 89 % :  mod = 6.296013450747789e-16,  Error =7.031525434797459e-06
Completed 89 % :  mod = 6.331023203776714e-16,  Error =7.0511124121708235e-06
Completed 90 % :  mod = 6.366240911045612e-16,  Error =7.070698920585983e-06
Completed 90 % :  mod = 6.401670359490723e-16,  Error =7.090287617472768e-06
Completed 90 % :  mod = 6.437311486039526e-16,  Error =7.109874438526731e-06
Completed 90 % :  mod = 6.473163970676521e-16,  Error =7.129461522481506e-06
Completed 91 % :  mod = 6.509231682022035e-16,  Error =7.149048386168033e-06
Completed 91 % :  mod = 6.545514949397351e-16,  Error =7.16863664962375e-06
Completed 91 % :  mod = 6.58201310537111e-16,  Error =7.188223214882328e-06
Completed 91 % :  mod = 6.618729919301968e-16,  Error =7.2078102917316755e-06
Completed 92 % :  mod = 6.655666116006935e-16,  Error =7.227397276210468e-06
Completed 92 % :  mod = 6.69282093913274e-16,  Error =7.246982178799044e-06
Completed 92 % :  mod = 6.730198265054528e-16,  Error =7.266569390651512e-06
Completed 92 % :  mod = 6.767796800785603e-16,  Error =7.28615555090073e-06
Completed 93 % :  mod = 6.805620821298769e-16,  Error =7.305741625884821e-06
Completed 93 % :  mod = 6.843670104289237e-16,  Error =7.3253274308626715e-06
Completed 93 % :  mod = 6.881944012310946e-16,  Error =7.34491273135518e-06
Completed 93 % :  mod = 6.920446959406441e-16,  Error =7.364499708728545e-06
Completed 94 % :  mod = 6.959179437748186e-16,  Error =7.384085030537335e-06
Completed 94 % :  mod = 6.998140558117023e-16,  Error =7.403670714722921e-06
Completed 94 % :  mod = 7.037334253756763e-16,  Error =7.423257201821798e-06
Completed 94 % :  mod = 7.076761337889348e-16,  Error =7.4428434402307175e-06
Completed 95 % :  mod = 7.116421219080639e-16,  Error =7.4624268648904035e-06
Completed 95 % :  mod = 7.156317910190582e-16,  Error =7.482014460435948e-06
Completed 95 % :  mod = 7.196451499624106e-16,  Error =7.501601565707006e-06
Completed 95 % :  mod = 7.236821766627385e-16,  Error =7.521186489611864e-06
Completed 96 % :  mod = 7.277433546071099e-16,  Error =7.540773879100016e-06
Completed 96 % :  mod = 7.318286064541374e-16,  Error =7.560360543834577e-06
Completed 96 % :  mod = 7.359378937399228e-16,  Error =7.579947130409437e-06
Completed 96 % :  mod = 7.400717742426926e-16,  Error =7.599533830671135e-06
Completed 97 % :  mod = 7.442301536638572e-16,  Error =7.619119607227276e-06
Completed 97 % :  mod = 7.484129789087609e-16,  Error =7.638706108537008e-06
Completed 97 % :  mod = 7.526207889372717e-16,  Error =7.658293640133707e-06
Completed 97 % :  mod = 7.568535354110224e-16,  Error =7.677878890888223e-06
Completed 98 % :  mod = 7.611111708705254e-16,  Error =7.697466244849238e-06
Completed 98 % :  mod = 7.653941941056901e-16,  Error =7.717052284306192e-06
Completed 98 % :  mod = 7.69702576682183e-16,  Error =7.736638615085667e-06
Completed 98 % :  mod = 7.740363013326087e-16,  Error =7.756224775334886e-06
Completed 99 % :  mod = 7.783958403253982e-16,  Error =7.775810637156155e-06
Completed 99 % :  mod = 7.827811651228204e-16,  Error =7.795397770848922e-06
Completed 99 % :  mod = 7.87192288235982e-16,  Error =7.814984385845491e-06
Completed 99 % :  mod = 7.91629649001186e-16,  Error =7.834571007947488e-06
Completed 100 % :  mod = 7.960930632156496e-16,  Error =7.85415465998085e-06
Finished 1/4 frames
Finished all frames!
