/opt/local/miniconda_23_9/lib/python3.11/site-packages/conda/base/context.py:201: FutureWarning: Adding 'defaults' to channel list implicitly is deprecated and will be removed in 25.3. 

To remove this warning, please choose a default channel explicitly with conda's regular configuration system, e.g. by adding 'defaults' to the list of channels:

  conda config --add channels defaults

For more information see https://docs.conda.io/projects/conda/en/stable/user-guide/configuration/use-condarc.html

  deprecated.topic(
JOB 14497 ARRAY_ID 25  -> i=25 ; range=[1.9e-10, 5.0e-10] ; intervals=30 (frames=31)
Analytic t0 extension enabled (--extend-time-using-t0).
THIS SHOULD ONLY BE REACHED ONCE
Completed 0 % :  mod = 3.519999999964022e-16,  Error =-1.4210854715202004e-14
Completed 0 % :  mod = 3.5337292521900113e-16,  Error =1.4829076633304794e-08
Completed 0 % :  mod = 3.5750240894662255e-16,  Error =2.9658515643404826e-08
Completed 0 % :  mod = 3.6442066789957145e-16,  Error =4.4487634909273766e-08
Completed 0 % :  mod = 3.741816646526738e-16,  Error =5.931683233484364e-08
Completed 1 % :  mod = 3.8684396504086444e-16,  Error =7.412796776407049e-08
Completed 1 % :  mod = 4.0253782478161177e-16,  Error =8.895726466562337e-08
Completed 1 % :  mod = 4.2137176469800635e-16,  Error =1.0378620629580837e-07
Completed 1 % :  mod = 4.434927017862098e-16,  Error =1.1861538951052353e-07
Completed 2 % :  mod = 4.690392369820954e-16,  Error =1.3342587124043348e-07
Completed 2 % :  mod = 4.982741621541513e-16,  Error =1.4825494787373827e-07
Completed 2 % :  mod = 5.31395978212116e-16,  Error =1.6308404582332514e-07
Completed 2 % :  mod = 5.686630636023194e-16,  Error =1.7791313666748465e-07
Completed 3 % :  mod = 6.103115012550532e-16,  Error =1.927239523524804e-07
Completed 3 % :  mod = 6.56769726266662e-16,  Error =2.0755313556719557e-07
Completed 3 % :  mod = 7.083512217879323e-16,  Error =2.2238241115246637e-07
Completed 3 % :  mod = 7.654583573167337e-16,  Error =2.3721153041833531e-07
Completed 4 % :  mod = 8.284544514644101e-16,  Error =2.5202216846764713e-07
Completed 4 % :  mod = 8.979875377887604e-16,  Error =2.6685123799552457e-07
Completed 4 % :  mod = 9.745255603239194e-16,  Error =2.81680307523402e-07
Completed 4 % :  mod = 1.058665575554486e-15,  Error =2.9650954047610867e-07
Completed 5 % :  mod = 1.150943889856319e-15,  Error =3.1132033484482236e-07
Completed 5 % :  mod = 1.2523097480932318e-15,  Error =3.261492551587253e-07
Completed 5 % :  mod = 1.3634445122740713e-15,  Error =3.4097823231604707e-07
Completed 5 % :  mod = 1.4852151141063052e-15,  Error =3.5580719526251414e-07
Completed 6 % :  mod = 1.618398392093804e-15,  Error =3.7061800384208254e-07
Completed 6 % :  mod = 1.7643643797391428e-15,  Error =3.854472367947892e-07
Completed 6 % :  mod = 1.924093663779544e-15,  Error =4.002764626420685e-07
Completed 6 % :  mod = 2.0988322423983208e-15,  Error =4.151055748025101e-07
Completed 7 % :  mod = 2.289695347587482e-15,  Error =4.2991603521613797e-07
Completed 7 % :  mod = 2.49864634640106e-15,  Error =4.4474513316572484e-07
Completed 7 % :  mod = 2.7270885659476943e-15,  Error =4.5957427374787585e-07
Completed 7 % :  mod = 2.9768040070044773e-15,  Error =4.7440326511605235e-07
Completed 8 % :  mod = 3.249740633385062e-15,  Error =4.89232299116793e-07
Completed 8 % :  mod = 3.5476408210200666e-15,  Error =5.040428732172586e-07
Completed 8 % :  mod = 3.873568994905544e-15,  Error =5.188719356397087e-07
Completed 8 % :  mod = 4.229713761928758e-15,  Error =5.337010478001503e-07
Completed 9 % :  mod = 4.6188532997872205e-15,  Error =5.485301954877286e-07
Completed 9 % :  mod = 5.0434720008863794e-15,  Error =5.633409330130235e-07
Completed 9 % :  mod = 5.507937835464213e-15,  Error =5.781703364959867e-07
Completed 9 % :  mod = 6.01536949694163e-15,  Error =5.929993918130094e-07
Completed 10 % :  mod = 6.569725311212048e-15,  Error =6.078284897625963e-07
Completed 10 % :  mod = 7.174544614958145e-15,  Error =6.226391420227628e-07
Completed 10 % :  mod = 7.836049067733357e-15,  Error =6.374682612886318e-07
Completed 10 % :  mod = 8.558680270017118e-15,  Error =6.522974373979196e-07
Completed 11 % :  mod = 9.348075245925739e-15,  Error =6.671267414048998e-07
Completed 11 % :  mod = 1.0209274085410266e-14,  Error =6.819375428790408e-07
Completed 11 % :  mod = 1.115113576286039e-14,  Error =6.967665342472174e-07
Completed 11 % :  mod = 1.2179984208475927e-14,  Error =7.115955753533854e-07
Completed 12 % :  mod = 1.3303845180510673e-14,  Error =7.264247017246817e-07
Completed 12 % :  mod = 1.4529894301620092e-14,  Error =7.412353255631388e-07
Completed 12 % :  mod = 1.5870743683835888e-14,  Error =7.560643027204605e-07
Completed 12 % :  mod = 1.733539613336702e-14,  Error =7.70893194612654e-07
Completed 13 % :  mod = 1.8935276988746177e-14,  Error =7.857224488816428e-07
Completed 13 % :  mod = 2.0680601201688868e-14,  Error =8.005335487837328e-07
Completed 13 % :  mod = 2.25893225677447e-14,  Error =8.153626112061829e-07
Completed 13 % :  mod = 2.467425669406146e-14,  Error =8.301917020503424e-07
Completed 14 % :  mod = 2.6951667536876983e-14,  Error =8.450207431565104e-07
Completed 14 % :  mod = 2.9436096010087544e-14,  Error =8.598316298957798e-07
Completed 14 % :  mod = 3.215309892578096e-14,  Error =8.746606994236572e-07
Completed 14 % :  mod = 3.5120918843192196e-14,  Error =8.894900318523469e-07
Completed 15 % :  mod = 3.836270686321669e-14,  Error =9.043189521662498e-07
Completed 15 % :  mod = 4.190375122759681e-14,  Error =9.191479435344263e-07
Completed 15 % :  mod = 4.5766660995285166e-14,  Error =9.339585673728834e-07
Completed 15 % :  mod = 4.9991173122818354e-14,  Error =9.487878145364448e-07
Completed 16 % :  mod = 5.4605651883622955e-14,  Error =9.636172251248354e-07
Completed 16 % :  mod = 5.964609351236775e-14,  Error =9.784464225504053e-07
Completed 16 % :  mod = 6.514468046722657e-14,  Error =9.932571742865548e-07
Completed 16 % :  mod = 7.115797560777733e-14,  Error =1.0080864427663982e-06
Completed 17 % :  mod = 7.772635347837427e-14,  Error =1.022915576243122e-06
Completed 17 % :  mod = 8.490105206855735e-14,  Error =1.0377448305121106e-06
Completed 17 % :  mod = 9.272788080608587e-14,  Error =1.0525555609319781e-06
Completed 17 % :  mod = 1.0128735268732881e-13,  Error =1.0673845523001546e-06
Completed 18 % :  mod = 1.1063693780163968e-13,  Error =1.0822137639365792e-06
Completed 18 % :  mod = 1.2084956953537224e-13,  Error =1.0970430253109953e-06
Completed 18 % :  mod = 1.3199045406668564e-13,  Error =1.1118538267851363e-06
Completed 18 % :  mod = 1.4417419541646114e-13,  Error =1.1266828039424581e-06
Completed 19 % :  mod = 1.5748259773679844e-13,  Error =1.141512100844011e-06
Completed 19 % :  mod = 1.720194759809922e-13,  Error =1.1563411348447517e-06
Completed 19 % :  mod = 1.87877646019073e-13,  Error =1.1711519292134653e-06
Completed 19 % :  mod = 2.0522023755598246e-13,  Error =1.185980984530488e-06
Completed 20 % :  mod = 2.2416369231975387e-13,  Error =1.2008102387994768e-06
Completed 20 % :  mod = 2.4485578260633913e-13,  Error =1.2156393296436363e-06
Completed 20 % :  mod = 2.674286243254025e-13,  Error =1.2304500600635038e-06
Completed 20 % :  mod = 2.92114419561179e-13,  Error =1.2452788240580048e-06
Completed 21 % :  mod = 3.190789136813735e-13,  Error =1.2601079717455832e-06
Completed 21 % :  mod = 3.485324485776259e-13,  Error =1.2749373397014097e-06
Completed 21 % :  mod = 3.806630804816018e-13,  Error =1.2897480559104224e-06
Completed 21 % :  mod = 4.158013301828252e-13,  Error =1.3045770614894536e-06
Completed 22 % :  mod = 4.5418312258317795e-13,  Error =1.3194059818033566e-06
Completed 22 % :  mod = 4.96107861993704e-13,  Error =1.3342351934397811e-06
Completed 22 % :  mod = 5.419025899907642e-13,  Error =1.3490643411273595e-06
Completed 22 % :  mod = 5.918596979256432e-13,  Error =1.3638746239053035e-06
Completed 23 % :  mod = 6.464930824554352e-13,  Error =1.3787035015866422e-06
Completed 23 % :  mod = 7.06169560982358e-13,  Error =1.3935326137470838e-06
Completed 23 % :  mod = 7.713546490458013e-13,  Error =1.40836149853385e-06
Completed 23 % :  mod = 8.424645397943327e-13,  Error =1.4231720939505976e-06
Completed 24 % :  mod = 9.202307205849736e-13,  Error =1.4380011919001845e-06
Completed 24 % :  mod = 1.005175322324049e-12,  Error =1.4528301477412242e-06
Completed 24 % :  mod = 1.0979609634790265e-12,  Error =1.4676591604256828e-06
Completed 24 % :  mod = 1.1991800545765736e-12,  Error =1.4824694432036267e-06
Completed 25 % :  mod = 1.3098737993987606e-12,  Error =1.497298391939239e-06
Completed 25 % :  mod = 1.4307853972793864e-12,  Error =1.5121275183105354e-06
Completed 25 % :  mod = 1.5628580163635722e-12,  Error =1.5269562254616176e-06
Completed 25 % :  mod = 1.7069348851745948e-12,  Error =1.5417666503481087e-06
Completed 26 % :  mod = 1.864498045611391e-12,  Error =1.5565953077611994e-06
Completed 26 % :  mod = 2.036605347145161e-12,  Error =1.5714239367525806e-06
Completed 26 % :  mod = 2.2245992677655943e-12,  Error =1.5862525231113977e-06
Completed 26 % :  mod = 2.429680016876534e-12,  Error =1.6010629408924615e-06
Completed 27 % :  mod = 2.653957080910893e-12,  Error =1.6158915698838427e-06
Completed 27 % :  mod = 2.898936122615377e-12,  Error =1.6307196446518901e-06
Completed 27 % :  mod = 3.1665279182056534e-12,  Error =1.6455479396881856e-06
Completed 27 % :  mod = 3.4584407001100424e-12,  Error =1.6603576682427956e-06
Completed 28 % :  mod = 3.777676918655713e-12,  Error =1.6751856293240053e-06
Completed 28 % :  mod = 4.126379472069003e-12,  Error =1.6900130717090178e-06
Completed 28 % :  mod = 4.507267812091828e-12,  Error =1.7048404359343294e-06
Completed 28 % :  mod = 4.922772981808837e-12,  Error =1.7196489849879981e-06
Completed 29 % :  mod = 5.377168052196808e-12,  Error =1.734475617354292e-06
Completed 29 % :  mod = 5.8735024248224564e-12,  Error =1.7493015249669952e-06
Completed 29 % :  mod = 6.415645910088307e-12,  Error =1.7641268570400825e-06
Completed 29 % :  mod = 7.007825070184196e-12,  Error =1.778951556730135e-06
Completed 30 % :  mod = 7.653817593826442e-12,  Error =1.793756773338373e-06
Completed 30 % :  mod = 8.36026436103255e-12,  Error =1.808579533246757e-06
Completed 30 % :  mod = 9.131902950845792e-12,  Error =1.823401262868174e-06
Completed 30 % :  mod = 9.97474535243639e-12,  Error =1.8382211095513412e-06
Completed 31 % :  mod = 1.089416348977768e-11,  Error =1.853021316833292e-06
Completed 31 % :  mod = 1.1899602767748198e-11,  Error =1.8678378452818833e-06
Completed 31 % :  mod = 1.2997797582309659e-11,  Error =1.8826516026138052e-06
Completed 31 % :  mod = 1.4197293415474283e-11,  Error =1.8974623543499547e-06
Completed 32 % :  mod = 1.5505721388420737e-11,  Error =1.912251661906339e-06
Completed 32 % :  mod = 1.6936504971024988e-11,  Error =1.927054512407267e-06
Completed 32 % :  mod = 1.8499203451527988e-11,  Error =1.941852502795882e-06
Completed 32 % :  mod = 2.02059455098122e-11,  Error =1.956644425149534e-06
Completed 33 % :  mod = 2.2067548728762625e-11,  Error =1.9714113221880325e-06
Completed 33 % :  mod = 2.4103058344518393e-11,  Error =1.9861881312976948e-06
Completed 33 % :  mod = 2.6326003728358845e-11,  Error =2.000954907543928e-06
Completed 33 % :  mod = 2.875354646599266e-11,  Error =2.0157097182504913e-06
Completed 34 % :  mod = 3.140095358278704e-11,  Error =2.0304319221509104e-06
Completed 34 % :  mod = 3.429515246632438e-11,  Error =2.0451550355460313e-06
Completed 34 % :  mod = 3.7455172700512866e-11,  Error =2.0598582679554056e-06
Completed 34 % :  mod = 4.090513893308743e-11,  Error =2.0745371145380886e-06
Completed 35 % :  mod = 4.4666393396734115e-11,  Error =2.089169335306451e-06
Completed 35 % :  mod = 4.8776721985092415e-11,  Error =2.1037859028183448e-06
Completed 35 % :  mod = 5.3262525335445684e-11,  Error =2.118362068870283e-06
Completed 35 % :  mod = 5.815722470727927e-11,  Error =2.132890315920122e-06
Completed 36 % :  mod = 6.349001139566183e-11,  Error =2.147344218883518e-06
Completed 36 % :  mod = 6.931300149435644e-11,  Error =2.1617488101810522e-06
Completed 36 % :  mod = 7.566163924350444e-11,  Error =2.176074048065857e-06
Completed 36 % :  mod = 8.258061083969913e-11,  Error =2.1903060769545846e-06
Completed 37 % :  mod = 9.011743865023973e-11,  Error =2.2044284548883297e-06
Completed 37 % :  mod = 9.831167294609726e-11,  Error =2.2184043260153885e-06
Completed 37 % :  mod = 1.0723604489110642e-10,  Error =2.2322472474911592e-06
Completed 37 % :  mod = 1.1693484087644003e-10,  Error =2.245914721754616e-06
Completed 38 % :  mod = 1.2746268525492493e-10,  Error =2.2593790447444917e-06
Completed 38 % :  mod = 1.3885849159716993e-10,  Error =2.272592588781208e-06
Completed 38 % :  mod = 1.5120085899656308e-10,  Error =2.285554110414978e-06
Completed 38 % :  mod = 1.6451988841950569e-10,  Error =2.2982096155033105e-06
Completed 39 % :  mod = 1.7884791583962738e-10,  Error =2.3105204505213806e-06
Completed 39 % :  mod = 1.9417970824825728e-10,  Error =2.3224315626180214e-06
Completed 39 % :  mod = 2.1054113393272026e-10,  Error =2.333932755504975e-06
Completed 39 % :  mod = 2.2786331649800016e-10,  Error =2.344971250067829e-06
Completed 40 % :  mod = 2.4604292287484687e-10,  Error =2.3555146100306956e-06
Completed 40 % :  mod = 2.648824250576656e-10,  Error =2.3655251197851612e-06
Completed 40 % :  mod = 2.8416493985934875e-10,  Error =2.375013636424228e-06
Completed 40 % :  mod = 3.0349341490101354e-10,  Error =2.3839663185754034e-06
Completed 41 % :  mod = 3.2236719882159305e-10,  Error =2.3923998639929778e-06
Completed 41 % :  mod = 3.401301956005657e-10,  Error =2.4003399730077035e-06
Completed 41 % :  mod = 3.5606567326853805e-10,  Error =2.4078628442225636e-06
Completed 41 % :  mod = 3.69292055541038e-10,  Error =2.4150362634145495e-06
Completed 42 % :  mod = 3.789097126633998e-10,  Error =2.4219570917694e-06
Completed 42 % :  mod = 3.8405781142576374e-10,  Error =2.4287310438353416e-06
Completed 42 % :  mod = 3.840387909869781e-10,  Error =2.4355025445288447e-06
Completed 42 % :  mod = 3.783927566183691e-10,  Error =2.4423955196084535e-06
Completed 43 % :  mod = 3.6703574855871347e-10,  Error =2.44954234318584e-06
Completed 43 % :  mod = 3.5034814524455413e-10,  Error =2.457053874138637e-06
Completed 43 % :  mod = 3.2910017014786553e-10,  Error =2.4650513381629935e-06
Completed 43 % :  mod = 3.0451507481211997e-10,  Error =2.4736008370496165e-06
Completed 44 % :  mod = 2.780505287560041e-10,  Error =2.482746175758166e-06
Completed 44 % :  mod = 2.512233028793875e-10,  Error =2.492500136952458e-06
Completed 44 % :  mod = 2.254445047052249e-10,  Error =2.502836217388449e-06
Completed 44 % :  mod = 2.017427590664678e-10,  Error =2.513745222643138e-06
Completed 45 % :  mod = 1.8088124479974801e-10,  Error =2.525166813427404e-06
Completed 45 % :  mod = 1.6322119359547827e-10,  Error =2.5370463276885857e-06
Completed 45 % :  mod = 1.4881689015690614e-10,  Error =2.5493117163932766e-06
Completed 45 % :  mod = 1.374201645598011e-10,  Error =2.5619397092668805e-06
Completed 46 % :  mod = 1.286639595800582e-10,  Error =2.5748643608380917e-06
Completed 46 % :  mod = 1.2205520120713756e-10,  Error =2.5880404592726336e-06
Completed 46 % :  mod = 1.170538894182452e-10,  Error =2.6014108840399786e-06
Completed 46 % :  mod = 1.1308958875872833e-10,  Error =2.614974114578672e-06
Completed 47 % :  mod = 1.096281686874334e-10,  Error =2.628685699335165e-06
Completed 47 % :  mod = 1.0617623506227958e-10,  Error =2.6425227588333655e-06
Completed 47 % :  mod = 1.0232994162873387e-10,  Error =2.656449346716272e-06
Completed 47 % :  mod = 9.779696520231435e-11,  Error =2.6704860331960845e-06
Completed 48 % :  mod = 9.246255788312553e-11,  Error =2.684605576064314e-06
Completed 48 % :  mod = 8.639284391522811e-11,  Error =2.6987990366933445e-06
Completed 48 % :  mod = 7.984093835221357e-11,  Error =2.7130416029308435e-06
Completed 48 % :  mod = 7.317379340369974e-11,  Error =2.7273605169853e-06
Completed 49 % :  mod = 6.685317276905606e-11,  Error =2.741730050104252e-06
Completed 49 % :  mod = 6.13201617196041e-11,  Error =2.756141313398075e-06
Completed 49 % :  mod = 5.693073761285686e-11,  Error =2.7705691536539234e-06
Completed 49 % :  mod = 5.388402237878661e-11,  Error =2.785040770447722e-06
Completed 50 % :  mod = 5.224048285214107e-11,  Error =2.79953236770325e-06
Completed 50 % :  mod = 5.191905865641292e-11,  Error =2.8140366055140476e-06
Completed 50 % :  mod = 5.274705841484358e-11,  Error =2.828529318321671e-06
Completed 50 % :  mod = 5.4518631415645515e-11,  Error =2.843040050493073e-06
Completed 51 % :  mod = 5.7031121591596294e-11,  Error =2.8575447430512213e-06
Completed 51 % :  mod = 6.010822510484573e-11,  Error =2.8720381237690162e-06
Completed 51 % :  mod = 6.359339141218165e-11,  Error =2.886514607780555e-06
Completed 51 % :  mod = 6.73205879664908e-11,  Error =2.9009511592903436e-06
Completed 52 % :  mod = 7.110847618976325e-11,  Error =2.915378537693414e-06
Completed 52 % :  mod = 7.472806413738542e-11,  Error =2.9297742685230332e-06
Completed 52 % :  mod = 7.795071062044583e-11,  Error =2.944133285609496e-06
Completed 52 % :  mod = 8.060225135648222e-11,  Error =2.9584325531573086e-06
Completed 53 % :  mod = 8.265115089999667e-11,  Error =2.972700301029363e-06
Completed 53 % :  mod = 8.425123618591893e-11,  Error =2.986910722313496e-06
Completed 53 % :  mod = 8.577837825055375e-11,  Error =3.0010511906652937e-06
Completed 53 % :  mod = 8.779096729059631e-11,  Error =3.015088132940491e-06
Completed 54 % :  mod = 9.095560155157008e-11,  Error =3.0290368400187617e-06
Completed 54 % :  mod = 9.591891941905416e-11,  Error =3.042856008050876e-06
Completed 54 % :  mod = 1.0320436395659088e-10,  Error =3.0565183877229174e-06
Completed 54 % :  mod = 1.131169172101496e-10,  Error =3.0699757473939826e-06
Completed 55 % :  mod = 1.2576512889674464e-10,  Error =3.0832248683054786e-06
Completed 55 % :  mod = 1.4100334206041056e-10,  Error =3.096207805697304e-06
Completed 55 % :  mod = 1.5852332240133043e-10,  Error =3.1088781256016773e-06
Completed 55 % :  mod = 1.7787017290616752e-10,  Error =3.1211737265834927e-06
Completed 56 % :  mod = 1.9857450821009675e-10,  Error =3.133079701456154e-06
Completed 56 % :  mod = 2.2001075398695108e-10,  Error =3.144540528410289e-06
Completed 56 % :  mod = 2.4147434133671466e-10,  Error =3.1555261870153117e-06
Completed 56 % :  mod = 2.621291162752973e-10,  Error =3.1660066568406364e-06
Completed 57 % :  mod = 2.8116016895631605e-10,  Error =3.1760051371065856e-06
Completed 57 % :  mod = 2.9774840701199293e-10,  Error =3.185521762816279e-06
Completed 57 % :  mod = 3.1136084262618343e-10,  Error =3.194584451193805e-06
Completed 57 % :  mod = 3.2187937272111207e-10,  Error =3.203223720049664e-06
Completed 58 % :  mod = 3.297026915228672e-10,  Error =3.211510957612518e-06
Completed 58 % :  mod = 3.3554836194456584e-10,  Error =3.219492128891943e-06
Completed 58 % :  mod = 3.4022725151939505e-10,  Error =3.2272293495339e-06
Completed 58 % :  mod = 3.4428634423824215e-10,  Error =3.2347897231943534e-06
Completed 59 % :  mod = 3.477551040970402e-10,  Error =3.242235209199862e-06
Completed 59 % :  mod = 3.501318811275539e-10,  Error =3.249661133963855e-06
Completed 59 % :  mod = 3.5056307558671717e-10,  Error =3.2571375001566594e-06
Completed 59 % :  mod = 3.4818833432981655e-10,  Error =3.2647476402303255e-06
Completed 60 % :  mod = 3.4241323522770865e-10,  Error =3.272564370604414e-06
Completed 60 % :  mod = 3.3296569754888767e-10,  Error =3.280688503082274e-06
Completed 60 % :  mod = 3.19869447321539e-10,  Error =3.289185286803331e-06
Completed 60 % :  mod = 3.0331496027145434e-10,  Error =3.2981188553549146e-06
Completed 61 % :  mod = 2.8365959910504115e-10,  Error =3.307529198082193e-06
Completed 61 % :  mod = 2.61382240350591e-10,  Error =3.3174721920659067e-06
Completed 61 % :  mod = 2.373052573427483e-10,  Error =3.327950366838195e-06
Completed 61 % :  mod = 2.1251424441077186e-10,  Error =3.3389542224426805e-06
Completed 62 % :  mod = 1.8832494272863073e-10,  Error =3.3504394139072247e-06
Completed 62 % :  mod = 1.6598570237751502e-10,  Error =3.3623898261225804e-06
Completed 62 % :  mod = 1.4663152802125538e-10,  Error =3.374739279138339e-06
Completed 62 % :  mod = 1.309526984310254e-10,  Error =3.3874342477702157e-06
Completed 63 % :  mod = 1.1912564389369755e-10,  Error =3.4004096534090422e-06
Completed 63 % :  mod = 1.1078410741752167e-10,  Error =3.413652727601857e-06
Completed 63 % :  mod = 1.0525099472204354e-10,  Error =3.4271069964120215e-06
Completed 63 % :  mod = 1.016789180629542e-10,  Error =3.440735042659071e-06
Completed 64 % :  mod = 9.926587848324478e-11,  Error =3.4544867162367154e-06
Completed 64 % :  mod = 9.738374033009908e-11,  Error =3.4683695631088085e-06
Completed 64 % :  mod = 9.56501724434172e-11,  Error =3.482343934990695e-06
Completed 64 % :  mod = 9.38811423791313e-11,  Error =3.4963935817700076e-06
Completed 65 % :  mod = 9.199419744459714e-11,  Error =3.510488504332443e-06
Completed 65 % :  mod = 8.988511023588536e-11,  Error =3.524653521935761e-06
Completed 65 % :  mod = 8.738401451405286e-11,  Error =3.5388639290090396e-06
Completed 65 % :  mod = 8.428100391093956e-11,  Error =3.553113735677016e-06
Completed 66 % :  mod = 8.043646379117092e-11,  Error =3.5673982807793436e-06
Completed 66 % :  mod = 7.590880300030374e-11,  Error =3.581695018795017e-06
Completed 66 % :  mod = 7.10046270475121e-11,  Error =3.596033714359237e-06
Completed 66 % :  mod = 6.630271898854339e-11,  Error =3.6103883758187294e-06
Completed 67 % :  mod = 6.253237577161902e-11,  Error =3.6247506756126313e-06
Completed 67 % :  mod = 6.041474153294778e-11,  Error =3.639093343110744e-06
Completed 67 % :  mod = 6.047394228020905e-11,  Error =3.653442803397411e-06
Completed 67 % :  mod = 6.292018557937128e-11,  Error =3.667773157189913e-06
Completed 68 % :  mod = 6.759632355159808e-11,  Error =3.682075984556832e-06
Completed 68 % :  mod = 7.403673674994507e-11,  Error =3.696322167456856e-06
Completed 68 % :  mod = 8.163959694839394e-11,  Error =3.7105350045862906e-06
Completed 68 % :  mod = 8.977744542527285e-11,  Error =3.724683061534506e-06
Completed 69 % :  mod = 9.795848498525945e-11,  Error =3.7387534490562757e-06
Completed 69 % :  mod = 1.0587379912723991e-10,  Error =3.7527178804452888e-06
Completed 69 % :  mod = 1.1341556832895932e-10,  Error =3.7666002867808857e-06
Completed 69 % :  mod = 1.2052667461348473e-10,  Error =3.7803730350560727e-06
Completed 70 % :  mod = 1.271334300189341e-10,  Error =3.7940254458135314e-06
Completed 70 % :  mod = 1.3308102074494326e-10,  Error =3.8075284223282324e-06
Completed 70 % :  mod = 1.3822220108731665e-10,  Error =3.820900552398143e-06
Completed 70 % :  mod = 1.4252180906068724e-10,  Error =3.834105505973184e-06
Completed 71 % :  mod = 1.4625142267670373e-10,  Error =3.84711850642816e-06
Completed 71 % :  mod = 1.5007215872100195e-10,  Error =3.859890163937507e-06
Completed 71 % :  mod = 1.5502898593032658e-10,  Error =3.872411156180533e-06
Completed 71 % :  mod = 1.6236659498266742e-10,  Error =3.884617512994737e-06
Completed 72 % :  mod = 1.7327924432330897e-10,  Error =3.896458629526478e-06
Completed 72 % :  mod = 1.8857272936223016e-10,  Error =3.907867878183424e-06
Completed 72 % :  mod = 2.084941920123981e-10,  Error =3.918820020487601e-06
Completed 72 % :  mod = 2.3252519627626226e-10,  Error =3.929247164080607e-06
Completed 73 % :  mod = 2.5955455786162505e-10,  Error =3.9390982564668775e-06
Completed 73 % :  mod = 2.8810757341916604e-10,  Error =3.948334075687399e-06
Completed 73 % :  mod = 3.1657743435735987e-10,  Error =3.9569271450545784e-06
Completed 73 % :  mod = 3.4353178175044655e-10,  Error =3.964913524612257e-06
Completed 74 % :  mod = 3.6750393293884187e-10,  Error =3.972331938939533e-06
Completed 74 % :  mod = 3.870288123579852e-10,  Error =3.979270637444188e-06
Completed 74 % :  mod = 4.005198404930936e-10,  Error =3.9858433140693705e-06
Completed 74 % :  mod = 4.0646501250548814e-10,  Error =3.992218040593798e-06
Completed 75 % :  mod = 4.0373705492233405e-10,  Error =3.998557950524173e-06
Completed 75 % :  mod = 3.9220631864882175e-10,  Error =4.005038938714733e-06
Completed 75 % :  mod = 3.730835760079803e-10,  Error =4.011812976045803e-06
Completed 75 % :  mod = 3.4867313150820894e-10,  Error =4.019026327739539e-06
Completed 76 % :  mod = 3.2188754600892743e-10,  Error =4.026759725661577e-06
Completed 76 % :  mod = 2.9533040866257625e-10,  Error =4.035065153118467e-06
Completed 76 % :  mod = 2.7073340393903956e-10,  Error =4.04395257902479e-06
Completed 76 % :  mod = 2.486970869836456e-10,  Error =4.053441756468601e-06
Completed 77 % :  mod = 2.2916851832231804e-10,  Error =4.063500711026791e-06
Completed 77 % :  mod = 2.1179610493315156e-10,  Error =4.07409270763992e-06
Completed 77 % :  mod = 1.9637325027784389e-10,  Error =4.085159069688871e-06
Completed 77 % :  mod = 1.8290662920950477e-10,  Error =4.096677962195372e-06
Completed 78 % :  mod = 1.7161966279160647e-10,  Error =4.108587681628251e-06
Completed 78 % :  mod = 1.626217744926728e-10,  Error =4.1208421990290844e-06
Completed 78 % :  mod = 1.5569534900626032e-10,  Error =4.133384180704525e-06
Completed 78 % :  mod = 1.50157432059659e-10,  Error =4.146207864152984e-06
Completed 79 % :  mod = 1.4499782904796326e-10,  Error =4.159263966130311e-06
Completed 79 % :  mod = 1.391082918369272e-10,  Error =4.1725250170543404e-06
Completed 79 % :  mod = 1.3165120642271462e-10,  Error =4.185952555246786e-06
Completed 79 % :  mod = 1.223087112031887e-10,  Error =4.199564592965999e-06
Completed 80 % :  mod = 1.1144066829526086e-10,  Error =4.213330456082076e-06
Completed 80 % :  mod = 9.992432691945652e-11,  Error =4.22723648085821e-06
Completed 80 % :  mod = 8.886374709958568e-11,  Error =4.241265706639297e-06
Completed 80 % :  mod = 7.924901883750269e-11,  Error =4.25538330262043e-06
Completed 81 % :  mod = 7.163133549039076e-11,  Error =4.269609206630776e-06
Completed 81 % :  mod = 6.607627696870888e-11,  Error =4.2839126734861566e-06
Completed 81 % :  mod = 6.218072282184052e-11,  Error =4.2982818087011765e-06
Completed 81 % :  mod = 5.930684422409164e-11,  Error =4.312686961327472e-06
Completed 82 % :  mod = 5.6848277491940877e-11,  Error =4.3271532490507525e-06
Completed 82 % :  mod = 5.44828994284579e-11,  Error =4.341653337291973e-06
Completed 82 % :  mod = 5.2258139176479114e-11,  Error =4.356178841646852e-06
Completed 82 % :  mod = 5.0531905792809746e-11,  Error =4.370704871803355e-06
Completed 83 % :  mod = 4.976661426698836e-11,  Error =4.3852614339812135e-06
Completed 83 % :  mod = 5.029145562350735e-11,  Error =4.3998265866207475e-06
Completed 83 % :  mod = 5.2087058826295755e-11,  Error =4.414396563845457e-06
Completed 83 % :  mod = 5.471314089546214e-11,  Error =4.428949530677073e-06
Completed 84 % :  mod = 5.742693411394809e-11,  Error =4.443517582330969e-06
Completed 84 % :  mod = 5.941279621751189e-11,  Error =4.458079622793321e-06
Completed 84 % :  mod = 6.009815658458449e-11,  Error =4.472633492014211e-06
Completed 84 % :  mod = 5.938464504209726e-11,  Error =4.487159500854432e-06
Completed 85 % :  mod = 5.7708837035334126e-11,  Error =4.5016905687589315e-06
Completed 85 % :  mod = 5.5924268630001596e-11,  Error =4.516203063076318e-06
Completed 85 % :  mod = 5.5034329552136416e-11,  Error =4.530689615478423e-06
Completed 85 % :  mod = 5.5882265332856626e-11,  Error =4.54512450431821e-06
Completed 86 % :  mod = 5.891719301284318e-11,  Error =4.559535526027503e-06
Completed 86 % :  mod = 6.409873116872281e-11,  Error =4.573897129489524e-06
Completed 86 % :  mod = 7.098636403680258e-11,  Error =4.5881963828264816e-06
Completed 86 % :  mod = 7.89551461233643e-11,  Error =4.602401126874156e-06
Completed 87 % :  mod = 8.750516586145578e-11,  Error =4.6165284786070515e-06
Completed 87 % :  mod = 9.640211793037356e-11,  Error =4.630541170058677e-06
Completed 87 % :  mod = 1.0576977141510238e-10,  Error =4.64441855996256e-06
Completed 87 % :  mod = 1.1596519216681982e-10,  Error =4.658139587832011e-06
Completed 88 % :  mod = 1.2732227596564086e-10,  Error =4.671665038813444e-06
Completed 88 % :  mod = 1.399364088189091e-10,  Error =4.68500609684952e-06
Completed 88 % :  mod = 1.53397794703016e-10,  Error =4.698122502588831e-06
Completed 88 % :  mod = 1.668653441369302e-10,  Error =4.7109912344467375e-06
Completed 89 % :  mod = 1.7929692582061822e-10,  Error =4.7235740652240565e-06
Completed 89 % :  mod = 1.899261817515464e-10,  Error =4.7358813617393025e-06
Completed 89 % :  mod = 1.9856565693795746e-10,  Error =4.747876182875643e-06
Completed 89 % :  mod = 2.0586185574653282e-10,  Error =4.759532984621728e-06
Completed 90 % :  mod = 2.131500812792743e-10,  Error =4.77080674698982e-06
Completed 90 % :  mod = 2.2208727830325175e-10,  Error =4.781690648769654e-06
Completed 90 % :  mod = 2.340506783697337e-10,  Error =4.79213664306144e-06
Completed 90 % :  mod = 2.4967638661516924e-10,  Error =4.802115228130788e-06
Completed 91 % :  mod = 2.68593819314555e-10,  Error =4.811590578412961e-06
Completed 91 % :  mod = 2.8968014010690005e-10,  Error =4.820571355423908e-06
Completed 91 % :  mod = 3.1140252027358134e-10,  Error =4.829041429843528e-06
Completed 91 % :  mod = 3.324640087627722e-10,  Error =4.837015545433587e-06
Completed 92 % :  mod = 3.520363400321951e-10,  Error =4.844523090241637e-06
Completed 92 % :  mod = 3.696548911833767e-10,  Error =4.851646970394086e-06
Completed 92 % :  mod = 3.84520127467186e-10,  Error =4.858464485835157e-06
Completed 92 % :  mod = 3.951173749759007e-10,  Error =4.8650891812940245e-06
Completed 93 % :  mod = 3.992333702576014e-10,  Error =4.8716486702460315e-06
Completed 93 % :  mod = 3.946601331024862e-10,  Error =4.878319217027638e-06
Completed 93 % :  mod = 3.801730260634662e-10,  Error =4.885264011988966e-06
Completed 93 % :  mod = 3.5634086633491354e-10,  Error =4.892643829634835e-06
Completed 94 % :  mod = 3.256667869630049e-10,  Error =4.9005709357174965e-06
Completed 94 % :  mod = 2.9177566879760586e-10,  Error =4.909135292052724e-06
Completed 94 % :  mod = 2.5852617819064847e-10,  Error =4.918345226201382e-06
Completed 94 % :  mod = 2.2878937926149886e-10,  Error =4.928184274888281e-06
Completed 95 % :  mod = 2.0393452336919143e-10,  Error =4.938613628269195e-06
Completed 95 % :  mod = 1.839821565069378e-10,  Error =4.949568499057477e-06
Completed 95 % :  mod = 1.681204946002392e-10,  Error =4.961016188076428e-06
Completed 95 % :  mod = 1.555480558401606e-10,  Error =4.972877789555241e-06
Completed 96 % :  mod = 1.4581116565996787e-10,  Error =4.9850874930257305e-06
Completed 96 % :  mod = 1.3890098030487637e-10,  Error =4.997570570708376e-06
Completed 96 % :  mod = 1.3498919330412764e-10,  Error =5.010307503994227e-06
Completed 96 % :  mod = 1.3411502990812602e-10,  Error =5.023242628965363e-06
Completed 97 % :  mod = 1.3580367227954691e-10,  Error =5.036341882203033e-06
Completed 97 % :  mod = 1.3889107141549e-10,  Error =5.049557920244752e-06
Completed 97 % :  mod = 1.4164708547415333e-10,  Error =5.0628965908572354e-06
Completed 97 % :  mod = 1.4217888690422345e-10,  Error =5.0763229921813036e-06
Completed 98 % :  mod = 1.390648190256409e-10,  Error =5.089830807492035e-06
Completed 98 % :  mod = 1.3188492233877642e-10,  Error =5.103406124362664e-06
Completed 98 % :  mod = 1.2135445988966612e-10,  Error =5.1170855783766456e-06
Completed 98 % :  mod = 1.0915198272513486e-10,  Error =5.130847213763445e-06
Completed 99 % :  mod = 9.738363458215922e-11,  Error =5.144674879886679e-06
Completed 99 % :  mod = 8.800109659862427e-11,  Error =5.158531550364387e-06
Completed 99 % :  mod = 8.24254811992198e-11,  Error =5.172436033262784e-06
Completed 99 % :  mod = 8.12451065266674e-11,  Error =5.186358933428892e-06
Completed 100 % :  mod = 8.217563975364021e-11,  Error =5.200287368722911e-06
Finished 26/31 frames
Finished all frames!
