/opt/local/miniconda_23_9/lib/python3.11/site-packages/conda/base/context.py:201: FutureWarning: Adding 'defaults' to channel list implicitly is deprecated and will be removed in 25.3. 

To remove this warning, please choose a default channel explicitly with conda's regular configuration system, e.g. by adding 'defaults' to the list of channels:

  conda config --add channels defaults

For more information see https://docs.conda.io/projects/conda/en/stable/user-guide/configuration/use-condarc.html

  deprecated.topic(
JOB 14543 ARRAY_ID 1  -> i=1 ; range=[2.00001e-10, 2.0013e-10] ; intervals=3 (frames=4)
Analytic t0 extension enabled (--extend-time-using-t0).
Extending simulation time for p0=2.000e-10 from 10000000000.0 to 1.000e+11
Completed 0 % :  mod = 1.6002660004951303e-16,  Error =-1.4210854715202004e-14
Completed 0 % :  mod = 1.6010942254232067e-16,  Error =1.9598537903675606e-08
Completed 0 % :  mod = 1.6035797092934725e-16,  Error =3.9197594503548316e-08
Completed 0 % :  mod = 1.6077248328351282e-16,  Error =5.879595477153998e-08
Completed 0 % :  mod = 1.61353429029815e-16,  Error =7.839518190166928e-08
Completed 1 % :  mod = 1.6210137845758737e-16,  Error =9.799400402243919e-08
Completed 1 % :  mod = 1.6301708771330736e-16,  Error =1.1759302509517511e-07
Completed 1 % :  mod = 1.6410156714639444e-16,  Error =1.3719165536940636e-07
Completed 1 % :  mod = 1.6535591049641354e-16,  Error =1.5679032827620176e-07
Completed 2 % :  mod = 1.6678135569085014e-16,  Error =1.7638845406509063e-07
Completed 2 % :  mod = 1.68379478301976e-16,  Error =1.959879867285963e-07
Completed 2 % :  mod = 1.7015190710011602e-16,  Error =2.155867591113747e-07
Completed 2 % :  mod = 1.7210038666088087e-16,  Error =2.3518591518723042e-07
Completed 3 % :  mod = 1.7422705953715343e-16,  Error =2.547849646816758e-07
Completed 3 % :  mod = 1.765340906156931e-16,  Error =2.74383971543557e-07
Completed 3 % :  mod = 1.7902376100213538e-16,  Error =2.939819552238987e-07
Completed 3 % :  mod = 1.8169883316953345e-16,  Error =3.1358045049501015e-07
Completed 4 % :  mod = 1.8456198490832531e-16,  Error =3.331802176376186e-07
Completed 4 % :  mod = 1.8761604657207317e-16,  Error =3.5278029741903083e-07
Completed 4 % :  mod = 1.9086445556151129e-16,  Error =3.723779684605688e-07
Completed 4 % :  mod = 1.9431043116018613e-16,  Error =3.9197782086830557e-07
Completed 5 % :  mod = 1.9795737638913775e-16,  Error =4.1157641561540004e-07
Completed 5 % :  mod = 2.0180938894602437e-16,  Error =4.311759838060425e-07
Completed 5 % :  mod = 2.0587031475540527e-16,  Error =4.507757083160868e-07
Completed 5 % :  mod = 2.1014415582048155e-16,  Error =4.703747862322416e-07
Completed 6 % :  mod = 2.146356904534592e-16,  Error =4.899744467934397e-07
Completed 6 % :  mod = 2.193494119511244e-16,  Error =5.095751021144679e-07
Completed 6 % :  mod = 2.2428999703756416e-16,  Error =5.2917418713605e-07
Completed 6 % :  mod = 2.294629532363932e-16,  Error =5.487730945219482e-07
Completed 7 % :  mod = 2.348734276789732e-16,  Error =5.68372350073787e-07
Completed 7 % :  mod = 2.4052679460944263e-16,  Error =5.879702982269919e-07
Completed 7 % :  mod = 2.464293905414864e-16,  Error =6.075698379959249e-07
Completed 7 % :  mod = 2.525868164184297e-16,  Error =6.271685322190024e-07
Completed 8 % :  mod = 2.590059391318264e-16,  Error =6.467675106591741e-07
Completed 8 % :  mod = 2.6569318871846943e-16,  Error =6.663662190931063e-07
Completed 8 % :  mod = 2.726551882067283e-16,  Error =6.859650270030215e-07
Completed 8 % :  mod = 2.798997176955532e-16,  Error =7.055637567532358e-07
Completed 9 % :  mod = 2.874339818246819e-16,  Error =7.251629057236642e-07
Completed 9 % :  mod = 2.952654598061167e-16,  Error =7.447617846878529e-07
Completed 9 % :  mod = 3.0340293236885505e-16,  Error =7.64362397376317e-07
Completed 9 % :  mod = 3.1185447176169967e-16,  Error =7.839605089543511e-07
Completed 10 % :  mod = 3.2062845639367753e-16,  Error =8.035591747557191e-07
Completed 10 % :  mod = 3.2973471022363484e-16,  Error =8.23159645335636e-07
Completed 10 % :  mod = 3.39182313109758e-16,  Error =8.427599951232878e-07
Completed 10 % :  mod = 3.489806356642188e-16,  Error =8.623600251667085e-07
Completed 11 % :  mod = 3.591405893815737e-16,  Error =8.819601760023943e-07
Completed 11 % :  mod = 3.696723142553618e-16,  Error =9.015603907869263e-07
Completed 11 % :  mod = 3.805863210628315e-16,  Error =9.211595326519273e-07
Completed 11 % :  mod = 3.9189472494972834e-16,  Error =9.407607066691526e-07
Completed 12 % :  mod = 4.0360878968615217e-16,  Error =9.603604240737695e-07
Completed 12 % :  mod = 4.1574019904315895e-16,  Error =9.79960169900096e-07
Completed 12 % :  mod = 4.283024792849203e-16,  Error =9.99558814385182e-07
Completed 12 % :  mod = 4.4130813459056345e-16,  Error =1.0191589012720215e-06
Completed 13 % :  mod = 4.547700766807637e-16,  Error =1.0387572046965943e-06
Completed 13 % :  mod = 4.687033276207341e-16,  Error =1.058357433691981e-06
Completed 13 % :  mod = 4.831218150640385e-16,  Error =1.0779558934359557e-06
Completed 13 % :  mod = 4.980398267463011e-16,  Error =1.0975551703040765e-06
Completed 14 % :  mod = 5.134739825354858e-16,  Error =1.1171554277211726e-06
Completed 14 % :  mod = 5.294397173116301e-16,  Error =1.1367533119255313e-06
Completed 14 % :  mod = 5.459528762880541e-16,  Error =1.1563523187874125e-06
Completed 14 % :  mod = 5.630318730738798e-16,  Error =1.1759516382880975e-06
Completed 15 % :  mod = 5.806937326487761e-16,  Error =1.195551327271005e-06
Completed 15 % :  mod = 5.989559922757049e-16,  Error =1.2151497443824155e-06
Completed 15 % :  mod = 6.178390606717269e-16,  Error =1.2347492415187844e-06
Completed 15 % :  mod = 6.373609462825604e-16,  Error =1.2543492999839145e-06
Completed 16 % :  mod = 6.575433932049677e-16,  Error =1.2739475820922053e-06
Completed 16 % :  mod = 6.784065715144028e-16,  Error =1.2935463118424195e-06
Completed 16 % :  mod = 6.999712026021981e-16,  Error =1.3131453471260102e-06
Completed 16 % :  mod = 7.2226132547432765e-16,  Error =1.3327450645306271e-06
Completed 17 % :  mod = 7.452991632685259e-16,  Error =1.3523437161211405e-06
Completed 17 % :  mod = 7.691075937325845e-16,  Error =1.3719425027147736e-06
Completed 17 % :  mod = 7.937132117571729e-16,  Error =1.3915413674681076e-06
Completed 17 % :  mod = 8.19140534510358e-16,  Error =1.411140495122254e-06
Completed 18 % :  mod = 8.454147826773178e-16,  Error =1.4307380311606721e-06
Completed 18 % :  mod = 8.725653051431735e-16,  Error =1.45033720855281e-06
Completed 18 % :  mod = 9.006191879370832e-16,  Error =1.46993627225811e-06
Completed 18 % :  mod = 9.296042538476367e-16,  Error =1.4895342985710158e-06
Completed 19 % :  mod = 9.595528515821456e-16,  Error =1.5091328506855461e-06
Completed 19 % :  mod = 9.90494854820131e-16,  Error =1.5287322838730688e-06
Completed 19 % :  mod = 1.022461001903348e-15,  Error =1.5483306299302058e-06
Completed 19 % :  mod = 1.0554869387844275e-15,  Error =1.5679286775593937e-06
Completed 20 % :  mod = 1.089605588234026e-15,  Error =1.587526909929693e-06
Completed 20 % :  mod = 1.124850854162404e-15,  Error =1.6071255402039242e-06
Completed 20 % :  mod = 1.1612620778481814e-15,  Error =1.6267269131731155e-06
Completed 20 % :  mod = 1.198875524957364e-15,  Error =1.6463261687249542e-06
Completed 21 % :  mod = 1.2377285628571358e-15,  Error =1.66592457162551e-06
Completed 21 % :  mod = 1.2778645677097473e-15,  Error =1.6855242250812807e-06
Completed 21 % :  mod = 1.3193235330774297e-15,  Error =1.7051245322363684e-06
Completed 21 % :  mod = 1.3621466415945451e-15,  Error =1.7247228001338044e-06
Completed 22 % :  mod = 1.4063816810877432e-15,  Error =1.7443225459601308e-06
Completed 22 % :  mod = 1.4520727421448294e-15,  Error =1.7639219791476535e-06
Completed 22 % :  mod = 1.499265232070048e-15,  Error =1.7835212418049196e-06
Completed 22 % :  mod = 1.5480117881397873e-15,  Error =1.8031205186730404e-06
Completed 23 % :  mod = 1.5983589471734179e-15,  Error =1.8227179197083387e-06
Completed 23 % :  mod = 1.6503629127848404e-15,  Error =1.8423154486413296e-06
Completed 23 % :  mod = 1.7040755251068266e-15,  Error =1.861914718404023e-06
Completed 23 % :  mod = 1.7595501350658383e-15,  Error =1.881511337842312e-06
Completed 24 % :  mod = 1.816848635882523e-15,  Error =1.901111311042314e-06
Completed 24 % :  mod = 1.8760281436543944e-15,  Error =1.9207109005492384e-06
Completed 24 % :  mod = 1.937147477281956e-15,  Error =1.9403086568559047e-06
Completed 24 % :  mod = 2.00027481531774e-15,  Error =1.95990746476582e-06
Completed 25 % :  mod = 2.065473063658259e-15,  Error =1.979507622706933e-06
Completed 25 % :  mod = 2.132807033713964e-15,  Error =1.999105649019839e-06
Completed 25 % :  mod = 2.202351845116702e-15,  Error =2.018704101658386e-06
Completed 25 % :  mod = 2.2741768195309133e-15,  Error =2.0383019432301808e-06
Completed 26 % :  mod = 2.348353315760091e-15,  Error =2.057899344265479e-06
Completed 26 % :  mod = 2.424964083194956e-15,  Error =2.0774977826931718e-06
Completed 26 % :  mod = 2.50408553362687e-15,  Error =2.0970989496049697e-06
Completed 26 % :  mod = 2.5857962625006143e-15,  Error =2.1166970114450123e-06
Completed 27 % :  mod = 2.6701873922909615e-15,  Error =2.1362949880199267e-06
Completed 27 % :  mod = 2.757343103049201e-15,  Error =2.155895046485057e-06
Completed 27 % :  mod = 2.847349987764167e-15,  Error =2.1754928951622787e-06
Completed 27 % :  mod = 2.9403084391754567e-15,  Error =2.1950933088987767e-06
Completed 28 % :  mod = 3.0363111584837403e-15,  Error =2.2146928984057013e-06
Completed 28 % :  mod = 3.135453502604744e-15,  Error =2.234291059721727e-06
Completed 28 % :  mod = 3.237846096088651e-15,  Error =2.2538909121294637e-06
Completed 28 % :  mod = 3.3435910678237664e-15,  Error =2.273489343451729e-06
Completed 29 % :  mod = 3.4527934050727e-15,  Error =2.293087511873182e-06
Completed 29 % :  mod = 3.565574953555933e-15,  Error =2.312687428229765e-06
Completed 29 % :  mod = 3.6820482292238195e-15,  Error =2.332286847206433e-06
Completed 29 % :  mod = 3.802328895397243e-15,  Error =2.351884617723954e-06
Completed 30 % :  mod = 3.926551141968064e-15,  Error =2.3714830419407917e-06
Completed 30 % :  mod = 4.0548388484870946e-15,  Error =2.3910831714601954e-06
Completed 30 % :  mod = 4.187319463634395e-15,  Error =2.410680991715708e-06
Completed 30 % :  mod = 4.3241408100138e-15,  Error =2.4302803467435297e-06
Completed 31 % :  mod = 4.46543351707332e-15,  Error =2.4498774351400243e-06
Completed 31 % :  mod = 4.61135524833284e-15,  Error =2.46947546145293e-06
Completed 31 % :  mod = 4.7620515653496885e-15,  Error =2.489074759637333e-06
Completed 31 % :  mod = 4.91767209946151e-15,  Error =2.5086735107038294e-06
Completed 32 % :  mod = 5.078390496093105e-15,  Error =2.5282732138975916e-06
Completed 32 % :  mod = 5.2443670579875e-15,  Error =2.5478726470851143e-06
Completed 32 % :  mod = 5.415766620837479e-15,  Error =2.5674704602351994e-06
Completed 32 % :  mod = 5.592780435831699e-15,  Error =2.5870708100228512e-06
Completed 33 % :  mod = 5.775585023674771e-15,  Error =2.606670321370075e-06
Completed 33 % :  mod = 5.964361971914448e-15,  Error =2.6262676868782364e-06
Completed 33 % :  mod = 6.1593219228175e-15,  Error =2.6458681361418712e-06
Completed 33 % :  mod = 6.360659251626963e-15,  Error =2.6654669014192223e-06
Completed 34 % :  mod = 6.568574002823297e-15,  Error =2.6850651693166583e-06
Completed 34 % :  mod = 6.783298163707088e-15,  Error =2.704664758823583e-06
Completed 34 % :  mod = 7.00504578913042e-15,  Error =2.7242634743629424e-06
Completed 34 % :  mod = 7.23403723566578e-15,  Error =2.7438624172759774e-06
Completed 35 % :  mod = 7.470527983060138e-15,  Error =2.763461672827816e-06
Completed 35 % :  mod = 7.714753801207622e-15,  Error =2.7830608786416633e-06
Completed 35 % :  mod = 7.966957378851196e-15,  Error =2.8026582157281155e-06
Completed 35 % :  mod = 8.227420063743537e-15,  Error =2.822257606283074e-06
Completed 36 % :  mod = 8.496401603366586e-15,  Error =2.8418595547918812e-06
Completed 36 % :  mod = 8.774169212937158e-15,  Error =2.861458654024318e-06
Completed 36 % :  mod = 9.061032749608125e-15,  Error =2.8810580872118408e-06
Completed 36 % :  mod = 9.357278354178524e-15,  Error =2.900657051441158e-06
Completed 37 % :  mod = 9.663200295944474e-15,  Error =2.9202564491015437e-06
Completed 37 % :  mod = 9.979139820047577e-15,  Error =2.9398547098935524e-06
Completed 37 % :  mod = 1.0305412084214071e-14,  Error =2.9594533401677836e-06
Completed 37 % :  mod = 1.0642341166847812e-14,  Error =2.9790531499429562e-06
Completed 38 % :  mod = 1.0990302943420335e-14,  Error =2.9986533860437703e-06
Completed 38 % :  mod = 1.1349644460918059e-14,  Error =3.0182523076405232e-06
Completed 38 % :  mod = 1.1720722647361709e-14,  Error =3.0378522097862515e-06
Completed 38 % :  mod = 1.2103951521899011e-14,  Error =3.057451202437278e-06
Completed 39 % :  mod = 1.2499697131493162e-14,  Error =3.077048575050867e-06
Completed 39 % :  mod = 1.2908400948744333e-14,  Error =3.09664773823215e-06
Completed 39 % :  mod = 1.3330470610481439e-14,  Error =3.1162467664103133e-06
Completed 39 % :  mod = 1.3766325343677944e-14,  Error =3.135845467738818e-06
Completed 40 % :  mod = 1.4216451378332796e-14,  Error =3.155444886715486e-06
Completed 40 % :  mod = 1.4681297664293615e-14,  Error =3.175044284375872e-06
Completed 40 % :  mod = 1.5161325884457685e-14,  Error =3.194644165205318e-06
Completed 40 % :  mod = 1.565707156977074e-14,  Error =3.21424376181767e-06
Completed 41 % :  mod = 1.616902913673485e-14,  Error =3.233843898442501e-06
Completed 41 % :  mod = 1.6697707058597532e-14,  Error =3.2534424150298946e-06
Completed 41 % :  mod = 1.724369515577078e-14,  Error =3.273041109252972e-06
Completed 41 % :  mod = 1.7807537869744982e-14,  Error =3.292640386121093e-06
Completed 42 % :  mod = 1.8389795228471413e-14,  Error =3.312237900843229e-06
Completed 42 % :  mod = 1.8991116854159937e-14,  Error =3.331835927156135e-06
Completed 42 % :  mod = 1.9612102276823678e-14,  Error =3.3514341097884426e-06
Completed 42 % :  mod = 2.0253368286012832e-14,  Error =3.371033521659683e-06
Completed 43 % :  mod = 2.091563031949328e-14,  Error =3.3906320169307946e-06
Completed 43 % :  mod = 2.1599548632519765e-14,  Error =3.4102314359074626e-06
Completed 43 % :  mod = 2.2305802512377067e-14,  Error =3.4298291708978468e-06
Completed 43 % :  mod = 2.3035179817734463e-14,  Error =3.449428717772207e-06
Completed 44 % :  mod = 2.378840770647314e-14,  Error =3.469027376468148e-06
Completed 44 % :  mod = 2.45662343100523e-14,  Error =3.4886243795995142e-06
Completed 44 % :  mod = 2.5369527198039062e-14,  Error =3.508223855419601e-06
Completed 44 % :  mod = 2.6199087211960916e-14,  Error =3.5278223933232766e-06
Completed 45 % :  mod = 2.7055738253538163e-14,  Error =3.54742080332926e-06
Completed 45 % :  mod = 2.7940435720048918e-14,  Error =3.567019788874859e-06
Completed 45 % :  mod = 2.885406156614474e-14,  Error =3.586620358930759e-06
Completed 45 % :  mod = 2.979752309625424e-14,  Error =3.606218093921143e-06
Completed 46 % :  mod = 3.0771872422750125e-14,  Error =3.625817392105546e-06
Completed 46 % :  mod = 3.1778039825312714e-14,  Error =3.6454152194664857e-06
Completed 46 % :  mod = 3.281714737645919e-14,  Error =3.6650145389671707e-06
Completed 46 % :  mod = 3.389023072771976e-14,  Error =3.6846130768708463e-06
Completed 47 % :  mod = 3.4998355319931743e-14,  Error =3.704211977151317e-06
Completed 47 % :  mod = 3.6142756724977025e-14,  Error =3.723812682210337e-06
Completed 47 % :  mod = 3.732457543306611e-14,  Error =3.7434125133017915e-06
Completed 47 % :  mod = 3.854498465839832e-14,  Error =3.7630102056596115e-06
Completed 48 % :  mod = 3.9805344941958323e-14,  Error =3.782608445135338e-06
Completed 48 % :  mod = 4.110691219387961e-14,  Error =3.8022061588094402e-06
Completed 48 % :  mod = 4.2450978216903224e-14,  Error =3.821803723269568e-06
Completed 48 % :  mod = 4.383904115433591e-14,  Error =3.841403511728458e-06
Completed 49 % :  mod = 4.527248390730185e-14,  Error =3.861002888072562e-06
Completed 49 % :  mod = 4.675272881281263e-14,  Error =3.880601752825896e-06
Completed 49 % :  mod = 4.8281425509977736e-14,  Error =3.900199679662819e-06
Completed 49 % :  mod = 4.986009657789808e-14,  Error =3.919799056006923e-06
Completed 50 % :  mod = 5.1490308015108704e-14,  Error =3.93939839682389e-06
Completed 50 % :  mod = 5.3173876190241896e-14,  Error =3.958997119468677e-06
Completed 50 % :  mod = 5.4912477378243246e-14,  Error =3.978595174203292e-06
Completed 50 % :  mod = 5.670783562497949e-14,  Error =3.998195175825003e-06
Completed 51 % :  mod = 5.856195073506914e-14,  Error =4.0177952342901335e-06
Completed 51 % :  mod = 6.047666806842908e-14,  Error =4.037394525369109e-06
Completed 51 % :  mod = 6.24538855528728e-14,  Error =4.056993475387571e-06
Completed 51 % :  mod = 6.44958047217941e-14,  Error =4.0765924609331705e-06
Completed 52 % :  mod = 6.66044569002008e-14,  Error =4.096190977520564e-06
Completed 52 % :  mod = 6.878193127815861e-14,  Error =4.115788065917059e-06
Completed 52 % :  mod = 7.103065121026048e-14,  Error =4.135387769110821e-06
Completed 52 % :  mod = 7.335285248541391e-14,  Error =4.154987422566592e-06
Completed 53 % :  mod = 7.575083454893424e-14,  Error =4.174586443639328e-06
Completed 53 % :  mod = 7.822726461363569e-14,  Error =4.194184661798772e-06
Completed 53 % :  mod = 8.078460321401857e-14,  Error =4.213784237094842e-06
Completed 53 % :  mod = 8.342538081298463e-14,  Error =4.2333813823347555e-06
Completed 54 % :  mod = 8.615253262392119e-14,  Error =4.2529805241997565e-06
Completed 54 % :  mod = 8.896865133635612e-14,  Error =4.272579005260013e-06
Completed 54 % :  mod = 9.187686541566021e-14,  Error =4.292178097387023e-06
Completed 54 % :  mod = 9.488006018620026e-14,  Error =4.3117781487467255e-06
Completed 55 % :  mod = 9.7981202578777e-14,  Error =4.3313765161201445e-06
Completed 55 % :  mod = 1.0118373442626179e-13,  Error =4.350976368527881e-06
Completed 55 % :  mod = 1.0449082941216378e-13,  Error =4.370574487211343e-06
Completed 55 % :  mod = 1.0790575073235985e-13,  Error =4.390173359070104e-06
Completed 56 % :  mod = 1.1143228406029722e-13,  Error =4.409772749625063e-06
Completed 56 % :  mod = 1.1507391935240587e-13,  Error =4.429371621483824e-06
Completed 56 % :  mod = 1.1883424460132116e-13,  Error =4.448968553560917e-06
Completed 56 % :  mod = 1.227174224516143e-13,  Error =4.468567631477072e-06
Completed 57 % :  mod = 1.2672728937663396e-13,  Error =4.488167192562287e-06
Completed 57 % :  mod = 1.3086778910941172e-13,  Error =4.507767229711135e-06
Completed 57 % :  mod = 1.3514349725601267e-13,  Error =4.52736727396541e-06
Completed 57 % :  mod = 1.3955862946741374e-13,  Error =4.546966522411822e-06
Completed 58 % :  mod = 1.4411751855267984e-13,  Error =4.566564420827035e-06
Completed 58 % :  mod = 1.4882519202561815e-13,  Error =4.586165225362038e-06
Completed 58 % :  mod = 1.536862799208815e-13,  Error =4.605764750920116e-06
Completed 58 % :  mod = 1.5870553993273383e-13,  Error =4.625363693833151e-06
Completed 59 % :  mod = 1.6388849328791558e-13,  Error =4.644963482292042e-06
Completed 59 % :  mod = 1.6924022213639233e-13,  Error =4.664563448386616e-06
Completed 59 % :  mod = 1.747659473685488e-13,  Error =4.68416032362029e-06
Completed 59 % :  mod = 1.8047172863151648e-13,  Error =4.703758989421658e-06
Completed 60 % :  mod = 1.863631401869276e-13,  Error =4.7233574633764874e-06
Completed 60 % :  mod = 1.9244590679158713e-13,  Error =4.742956242864693e-06
Completed 60 % :  mod = 1.9872667405449944e-13,  Error =4.762555910531319e-06
Completed 60 % :  mod = 2.0521155046321001e-13,  Error =4.782155066607174e-06
Completed 61 % :  mod = 2.1190680721861843e-13,  Error =4.801753341610038e-06
Completed 61 % :  mod = 2.1881972593370265e-13,  Error =4.8213537979791e-06
Completed 61 % :  mod = 2.2595670241440217e-13,  Error =4.840952584572733e-06
Completed 61 % :  mod = 2.333254708071475e-13,  Error =4.860550653518203e-06
Completed 62 % :  mod = 2.4093312817337386e-13,  Error =4.880150832775598e-06
Completed 62 % :  mod = 2.487869550152074e-13,  Error =4.899748525133418e-06
Completed 62 % :  mod = 2.5689540857374524e-13,  Error =4.919348938869916e-06
Completed 62 % :  mod = 2.652662390649522e-13,  Error =4.938948649169106e-06
Completed 63 % :  mod = 2.739073921974538e-13,  Error =4.958546668376584e-06
Completed 63 % :  mod = 2.828281014186782e-13,  Error =4.978146570522313e-06
Completed 63 % :  mod = 2.9203681436884396e-13,  Error =4.997745712387314e-06
Completed 63 % :  mod = 3.0154218524959254e-13,  Error =5.017343504221117e-06
Completed 64 % :  mod = 3.1135427547514814e-13,  Error =5.036943299785435e-06
Completed 64 % :  mod = 3.2148227161170227e-13,  Error =5.0565414255743235e-06
Completed 64 % :  mod = 3.319355762515733e-13,  Error =5.076139352411246e-06
Completed 64 % :  mod = 3.427251269494362e-13,  Error =5.095737947158341e-06
Completed 65 % :  mod = 3.5386088533971643e-13,  Error =5.1153369824419315e-06
Completed 65 % :  mod = 3.6535303582753853e-13,  Error =5.1349352503393675e-06
Completed 65 % :  mod = 3.772134336393709e-13,  Error =5.154533702977915e-06
Completed 65 % :  mod = 3.8945284277059387e-13,  Error =5.174133562491079e-06
Completed 66 % :  mod = 4.020822523799068e-13,  Error =5.193732746988644e-06
Completed 66 % :  mod = 4.1511446578756834e-13,  Error =5.213331263576038e-06
Completed 66 % :  mod = 4.2856106291753693e-13,  Error =5.232930547549586e-06
Completed 66 % :  mod = 4.424338449100943e-13,  Error =5.252529540200612e-06
Completed 67 % :  mod = 4.567465765531973e-13,  Error =5.2721300392022385e-06
Completed 67 % :  mod = 4.715116469349061e-13,  Error =5.291729543444035e-06
Completed 67 % :  mod = 4.867416535269828e-13,  Error =5.311327910817454e-06
Completed 67 % :  mod = 5.024513110892363e-13,  Error =5.330927073998737e-06
Completed 68 % :  mod = 5.18653782089375e-13,  Error =5.350526599556815e-06
Completed 68 % :  mod = 5.353624122116323e-13,  Error =5.370123226100532e-06
Completed 68 % :  mod = 5.525928194953915e-13,  Error =5.389723376936217e-06
Completed 68 % :  mod = 5.703588636762259e-13,  Error =5.409322149318996e-06
Completed 69 % :  mod = 5.88674545623937e-13,  Error =5.428920857752928e-06
Completed 69 % :  mod = 6.075562910928414e-13,  Error =5.4485205467358355e-06
Completed 69 % :  mod = 6.270177336478423e-13,  Error =5.4681194896488705e-06
Completed 69 % :  mod = 6.470757524315484e-13,  Error =5.487718247820794e-06
Completed 70 % :  mod = 6.677450421166697e-13,  Error =5.507317055730709e-06
Completed 70 % :  mod = 6.890403151307795e-13,  Error =5.526914435449726e-06
Completed 70 % :  mod = 7.109789407606006e-13,  Error =5.546513378362761e-06
Completed 70 % :  mod = 7.335757855904974e-13,  Error =5.5661127547068645e-06
Completed 71 % :  mod = 7.568456149247364e-13,  Error =5.585711015498873e-06
Completed 71 % :  mod = 7.808059640630182e-13,  Error =5.605309624456822e-06
Completed 71 % :  mod = 8.054714883939531e-13,  Error =5.6249071604952405e-06
Completed 71 % :  mod = 8.308565772015796e-13,  Error =5.644506167357122e-06
Completed 72 % :  mod = 8.569784703349847e-13,  Error =5.664105572122935e-06
Completed 72 % :  mod = 8.838510799559835e-13,  Error =5.68370440845456e-06
Completed 72 % :  mod = 9.114878296859735e-13,  Error =5.703302029758106e-06
Completed 72 % :  mod = 9.399050282037462e-13,  Error =5.722900120019858e-06
Completed 73 % :  mod = 9.691151251674554e-13,  Error =5.742499311622851e-06
Completed 73 % :  mod = 9.99129788134073e-13,  Error =5.762096812134132e-06
Completed 73 % :  mod = 1.02996354263085e-12,  Error =5.7816941350097295e-06
Completed 73 % :  mod = 1.0616264266888558e-12,  Error =5.801293710305799e-06
Completed 74 % :  mod = 1.0941273170527491e-12,  Error =5.820890208951823e-06
Completed 74 % :  mod = 1.127477842601829e-12,  Error =5.840487908415071e-06
Completed 74 % :  mod = 1.1616844066063576e-12,  Error =5.860085856568276e-06
Completed 74 % :  mod = 1.1967517722091859e-12,  Error =5.879682163367761e-06
Completed 75 % :  mod = 1.2326872528583199e-12,  Error =5.89928042415977e-06
Completed 75 % :  mod = 1.2694920792070188e-12,  Error =5.918879338651095e-06
Completed 75 % :  mod = 1.3071652526377142e-12,  Error =5.938476348887889e-06
Completed 75 % :  mod = 1.3457080124288843e-12,  Error =5.958072975431605e-06
Completed 76 % :  mod = 1.3851145362894621e-12,  Error =5.9776691401225435e-06
Completed 76 % :  mod = 1.4253760697399931e-12,  Error =5.997266001145363e-06
Completed 76 % :  mod = 1.4664856656012222e-12,  Error =6.016863181912413e-06
Completed 76 % :  mod = 1.5084282250572076e-12,  Error =6.036461165592755e-06
Completed 77 % :  mod = 1.5511849100352836e-12,  Error =6.056058488468352e-06
Completed 77 % :  mod = 1.5947381463729433e-12,  Error =6.075654489734461e-06
Completed 77 % :  mod = 1.63905924524371e-12,  Error =6.095251357862708e-06
Completed 77 % :  mod = 1.6841220675044284e-12,  Error =6.114849306015913e-06
Completed 78 % :  mod = 1.7298903542896034e-12,  Error =6.134446721262066e-06
Completed 78 % :  mod = 1.7763226280307301e-12,  Error =6.154042033301721e-06
Completed 78 % :  mod = 1.8233776051977296e-12,  Error =6.173639960138644e-06
Completed 78 % :  mod = 1.871002730200729e-12,  Error =6.193237034324284e-06
Completed 79 % :  mod = 1.919139381110832e-12,  Error =6.212832651897315e-06
Completed 79 % :  mod = 1.9677285036408335e-12,  Error =6.232431154273854e-06
Completed 79 % :  mod = 2.016698790797335e-12,  Error =6.25202842741146e-06
Completed 79 % :  mod = 2.0659722022078165e-12,  Error =6.271623490761158e-06
Completed 80 % :  mod = 2.1154697948840983e-12,  Error =6.291219200704745e-06
Completed 80 % :  mod = 2.165099743531093e-12,  Error =6.3108148111723494e-06
Completed 80 % :  mod = 2.214763178804474e-12,  Error =6.330409277666149e-06
Completed 80 % :  mod = 2.264360181017863e-12,  Error =6.350005776312173e-06
Completed 81 % :  mod = 2.3137778905876437e-12,  Error =6.3696022820636244e-06
Completed 81 % :  mod = 2.3628966586530027e-12,  Error =6.389198446754563e-06
Completed 81 % :  mod = 2.411596152534598e-12,  Error =6.408794718026911e-06
Completed 81 % :  mod = 2.4597438524390095e-12,  Error =6.428391564838876e-06
Completed 82 % :  mod = 2.5072014814548463e-12,  Error =6.447985583690752e-06
Completed 82 % :  mod = 2.5538311409130107e-12,  Error =6.467579467539508e-06
Completed 82 % :  mod = 2.599484517541844e-12,  Error =6.4871744243077956e-06
Completed 82 % :  mod = 2.6440095132758428e-12,  Error =6.50676879843104e-06
Completed 83 % :  mod = 2.6872562805196788e-12,  Error =6.5263639257295836e-06
Completed 83 % :  mod = 2.7290674625062628e-12,  Error =6.5459583780125286e-06
Completed 83 % :  mod = 2.7692848744360006e-12,  Error =6.5655533276753886e-06
Completed 83 % :  mod = 2.8077552438813735e-12,  Error =6.585147872328889e-06
Completed 84 % :  mod = 2.8443217699532785e-12,  Error =6.604740491411576e-06
Completed 84 % :  mod = 2.8788306213105096e-12,  Error =6.6243341194649474e-06
Completed 84 % :  mod = 2.9111361152045226e-12,  Error =6.643926390381694e-06
Completed 84 % :  mod = 2.9410926587011652e-12,  Error =6.663521070038314e-06
Completed 85 % :  mod = 2.9685665050757613e-12,  Error =6.683114960992498e-06
Completed 85 % :  mod = 2.993428521442453e-12,  Error =6.702709306694032e-06
Completed 85 % :  mod = 3.0155596378540486e-12,  Error =6.7223024302620615e-06
Completed 85 % :  mod = 3.0348543530241536e-12,  Error =6.7418949143416285e-06
Completed 86 % :  mod = 3.0512166301719198e-12,  Error =6.761488386075598e-06
Completed 86 % :  mod = 3.064564203431693e-12,  Error =6.7810815025382e-06
Completed 86 % :  mod = 3.074830635272725e-12,  Error =6.80067483926905e-06
Completed 86 % :  mod = 3.081962923650279e-12,  Error =6.820268701801524e-06
Completed 87 % :  mod = 3.0859243203523544e-12,  Error =6.8398600632235684e-06
Completed 87 % :  mod = 3.0866947005124327e-12,  Error =6.8594539399668975e-06
Completed 87 % :  mod = 3.0842698646357703e-12,  Error =6.879047759866808e-06
Completed 87 % :  mod = 3.0786626412953644e-12,  Error =6.898640293684366e-06
Completed 88 % :  mod = 3.069901479077662e-12,  Error =6.9182350941332516e-06
Completed 88 % :  mod = 3.058031435381857e-12,  Error =6.937828288755554e-06
Completed 88 % :  mod = 3.0431135045712335e-12,  Error =6.957420943365378e-06
Completed 88 % :  mod = 3.025221522118563e-12,  Error =6.977013676134902e-06
Completed 89 % :  mod = 3.004444851739601e-12,  Error =6.996606572329256e-06
Completed 89 % :  mod = 2.9808860576545727e-12,  Error =7.016199873532969e-06
Completed 89 % :  mod = 2.954656373587722e-12,  Error =7.035793281318092e-06
Completed 89 % :  mod = 2.9258801028425994e-12,  Error =7.055386653576079e-06
Completed 90 % :  mod = 2.8946908945806674e-12,  Error =7.074978718435432e-06
Completed 90 % :  mod = 2.861226136403169e-12,  Error =7.094572964660983e-06
Completed 90 % :  mod = 2.8256330495486204e-12,  Error =7.114168518285169e-06
Completed 90 % :  mod = 2.7880639052157174e-12,  Error =7.13376152816636e-06
Completed 91 % :  mod = 2.7486697307664995e-12,  Error =7.153354026456782e-06
Completed 91 % :  mod = 2.7076080138371274e-12,  Error =7.1729485497940004e-06
Completed 91 % :  mod = 2.6650372019245586e-12,  Error =7.192542319955919e-06
Completed 91 % :  mod = 2.6211100771082976e-12,  Error =7.2121371985645055e-06
Completed 92 % :  mod = 2.5759828956677806e-12,  Error =7.2317346919703596e-06
Completed 92 % :  mod = 2.5298094700133584e-12,  Error =7.251330103485998e-06
Completed 92 % :  mod = 2.4827344902931252e-12,  Error =7.27092644581262e-06
Completed 92 % :  mod = 2.4349057763946626e-12,  Error =7.290521516267745e-06
Completed 93 % :  mod = 2.3864585161073894e-12,  Error =7.310117908332359e-06
Completed 93 % :  mod = 2.337528035713093e-12,  Error =7.329713099579749e-06
Completed 93 % :  mod = 2.288243662366633e-12,  Error =7.349308269510857e-06
Completed 93 % :  mod = 2.2387223382801215e-12,  Error =7.3689039865598716e-06
Completed 94 % :  mod = 2.189080213273431e-12,  Error =7.388499064120424e-06
Completed 94 % :  mod = 2.139426553949437e-12,  Error =7.408095129335379e-06
Completed 94 % :  mod = 2.089857646012708e-12,  Error =7.42769190509307e-06
Completed 94 % :  mod = 2.0404687189297207e-12,  Error =7.44728747292811e-06
Completed 95 % :  mod = 1.991347977406066e-12,  Error =7.4668835807756295e-06
Completed 95 % :  mod = 1.942570819037038e-12,  Error =7.486481472085416e-06
Completed 95 % :  mod = 1.8942118018465653e-12,  Error =7.506078375740799e-06
Completed 95 % :  mod = 1.846338845558179e-12,  Error =7.5256746683294296e-06
Completed 96 % :  mod = 1.7990077681367043e-12,  Error =7.545271905939899e-06
Completed 96 % :  mod = 1.7522740559882639e-12,  Error =7.564869825671394e-06
Completed 96 % :  mod = 1.7061872668174874e-12,  Error =7.584467574872633e-06
Completed 96 % :  mod = 1.6607858785043824e-12,  Error =7.604063014809981e-06
Completed 97 % :  mod = 1.616108676710041e-12,  Error =7.623660167155322e-06
Completed 97 % :  mod = 1.5721893828252017e-12,  Error =7.643258285838783e-06
Completed 97 % :  mod = 1.52905180592067e-12,  Error =7.662855551870962e-06
Completed 97 % :  mod = 1.486720715734497e-12,  Error =7.68245386950639e-06
Completed 98 % :  mod = 1.4452167142036737e-12,  Error =7.702051583180491e-06
Completed 98 % :  mod = 1.4045516817472293e-12,  Error =7.721649183167756e-06
Completed 98 % :  mod = 1.364739050145354e-12,  Error =7.741247813441987e-06
Completed 98 % :  mod = 1.3257889322620786e-12,  Error =7.760845377902115e-06
Completed 99 % :  mod = 1.28770385493074e-12,  Error =7.780443247895619e-06
Completed 99 % :  mod = 1.2504883843192726e-12,  Error =7.800042673977714e-06
Completed 99 % :  mod = 1.2141445243701622e-12,  Error =7.819640863715449e-06
Completed 99 % :  mod = 1.17866772922736e-12,  Error =7.839239785312202e-06
Completed 100 % :  mod = 1.144057233392181e-12,  Error =7.858838301899596e-06
Finished 2/4 frames
Finished all frames!
