/opt/local/miniconda_23_9/lib/python3.11/site-packages/conda/base/context.py:201: FutureWarning: Adding 'defaults' to channel list implicitly is deprecated and will be removed in 25.3. 

To remove this warning, please choose a default channel explicitly with conda's regular configuration system, e.g. by adding 'defaults' to the list of channels:

  conda config --add channels defaults

For more information see https://docs.conda.io/projects/conda/en/stable/user-guide/configuration/use-condarc.html

  deprecated.topic(
JOB 14494 ARRAY_ID 22  -> i=22 ; range=[1.9e-10, 5.0e-10] ; intervals=30 (frames=31)
Analytic t0 extension enabled (--extend-time-using-t0).
THIS SHOULD ONLY BE REACHED ONCE
Completed 0 % :  mod = 3.280000001376442e-16,  Error =-1.4210854715202004e-14
Completed 0 % :  mod = 3.2928035578468747e-16,  Error =1.1956828416259668e-08
Completed 0 % :  mod = 3.3313141754915875e-16,  Error =2.3913628410809906e-08
Completed 0 % :  mod = 3.395742452426585e-16,  Error =3.585634544833738e-08
Completed 0 % :  mod = 3.486741104465523e-16,  Error =4.78131312320329e-08
Completed 1 % :  mod = 3.604960914921353e-16,  Error =5.976984596145485e-08
Completed 1 % :  mod = 3.751138305115842e-16,  Error =7.171267668582004e-08
Completed 1 % :  mod = 3.9267542602516807e-16,  Error =8.366946957494292e-08
Completed 1 % :  mod = 4.13302655562667e-16,  Error =9.562605640667243e-08
Completed 2 % :  mod = 4.371269475768629e-16,  Error =1.0756894397445649e-07
Completed 2 % :  mod = 4.643896763690284e-16,  Error =1.1952580791785294e-07
Completed 2 % :  mod = 4.952398915103418e-16,  Error =1.3146846811196156e-07
Completed 2 % :  mod = 5.299901548791825e-16,  Error =1.4342530363364858e-07
Completed 3 % :  mod = 5.688780720385549e-16,  Error =1.5538179809482244e-07
Completed 3 % :  mod = 6.121542856417e-16,  Error =1.6732474961145272e-07
Completed 3 % :  mod = 6.602572418417235e-16,  Error =1.7928175566339632e-07
Completed 3 % :  mod = 7.135148519906439e-16,  Error =1.9123834249512583e-07
Completed 4 % :  mod = 7.722712639619285e-16,  Error =2.0318093874038823e-07
Completed 4 % :  mod = 8.371217605581476e-16,  Error =2.1513751846669038e-07
Completed 4 % :  mod = 9.084208915523691e-16,  Error =2.2708026392592728e-07
Completed 4 % :  mod = 9.86891027776476e-16,  Error =2.390368294413747e-07
Completed 5 % :  mod = 1.0730658686432293e-15,  Error =2.509934589056684e-07
Completed 5 % :  mod = 1.1675033615378665e-15,  Error =2.6293621857576e-07
Completed 5 % :  mod = 1.2711603003812658e-15,  Error =2.7489283382919893e-07
Completed 5 % :  mod = 1.384741246599927e-15,  Error =2.868494490826379e-07
Completed 6 % :  mod = 1.508981995856882e-15,  Error =2.9879241481012286e-07
Completed 6 % :  mod = 1.6451412867780336e-15,  Error =3.107491508558269e-07
Completed 6 % :  mod = 1.7939635383843e-15,  Error =3.226917471010893e-07
Completed 6 % :  mod = 1.9569565271210387e-15,  Error =3.3464862525534045e-07
Completed 7 % :  mod = 2.135227569068592e-15,  Error =3.466053755118992e-07
Completed 7 % :  mod = 2.329932055010528e-15,  Error =3.585482701851106e-07
Completed 7 % :  mod = 2.543042614769378e-15,  Error =3.7050498491453254e-07
Completed 7 % :  mod = 2.776006831684505e-15,  Error =3.824619128067752e-07
Completed 8 % :  mod = 3.030334756224168e-15,  Error =3.9440488563968756e-07
Completed 8 % :  mod = 3.3086030960113327e-15,  Error =4.063615151039812e-07
Completed 8 % :  mod = 3.612333211554773e-15,  Error =4.1830427477407284e-07
Completed 8 % :  mod = 3.944602326505968e-15,  Error =4.3026096108178535e-07
Completed 9 % :  mod = 4.307667140226229e-15,  Error =4.4221781791975445e-07
Completed 9 % :  mod = 4.703881252253127e-15,  Error =4.5416061311698286e-07
Completed 9 % :  mod = 5.137258889552669e-15,  Error =4.6611750548208875e-07
Completed 9 % :  mod = 5.610743354924967e-15,  Error =4.780743694254852e-07
Completed 10 % :  mod = 6.127404146568168e-15,  Error =4.900172001498504e-07
Completed 10 % :  mod = 6.692475795333815e-15,  Error =5.019738580358535e-07
Completed 10 % :  mod = 7.309047685875957e-15,  Error =5.139167100765007e-07
Completed 10 % :  mod = 7.983366563654465e-15,  Error =5.258734532276321e-07
Completed 11 % :  mod = 8.720011965755217e-15,  Error =5.378304308578663e-07
Completed 11 % :  mod = 9.523759550788798e-15,  Error =5.4977321184424e-07
Completed 11 % :  mod = 1.040275242167788e-14,  Error =5.617299194682346e-07
Completed 11 % :  mod = 1.13629600746545e-14,  Error =5.736864991945367e-07
Completed 12 % :  mod = 1.2410607571672748e-14,  Error =5.856294151840302e-07
Completed 12 % :  mod = 1.3556309072048115e-14,  Error =5.975862293894352e-07
Completed 12 % :  mod = 1.4806328418133155e-14,  Error =6.095291951169202e-07
Completed 12 % :  mod = 1.6173330112374248e-14,  Error =6.214856966835214e-07
Completed 13 % :  mod = 1.7666597749300442e-14,  Error =6.334422550935415e-07
Completed 13 % :  mod = 1.929581230173084e-14,  Error =6.453851639776076e-07
Completed 13 % :  mod = 2.1077480064180154e-14,  Error =6.573418147581833e-07
Completed 13 % :  mod = 2.3023700696125146e-14,  Error =6.692984797496138e-07
Completed 14 % :  mod = 2.5147091724632e-14,  Error =6.812414667933808e-07
Completed 14 % :  mod = 2.7469166160634087e-14,  Error =6.931982738933584e-07
Completed 14 % :  mod = 3.000261933911473e-14,  Error =7.05141133039433e-07
Completed 14 % :  mod = 3.277311879566341e-14,  Error =7.170980822479578e-07
Completed 15 % :  mod = 3.579947954875021e-14,  Error =7.290548182936618e-07
Completed 15 % :  mod = 3.9101321759194877e-14,  Error =7.409974642769157e-07
Completed 15 % :  mod = 4.271209785360114e-14,  Error =7.529541292683462e-07
Completed 15 % :  mod = 4.6656329316781395e-14,  Error =7.649108439977681e-07
Completed 16 % :  mod = 5.095958696674899e-14,  Error =7.76853688932988e-07
Completed 16 % :  mod = 5.5665469007190075e-14,  Error =7.888105102438203e-07
Completed 16 % :  mod = 6.079970364304936e-14,  Error =8.007533764953223e-07
Completed 16 % :  mod = 6.641430804422238e-14,  Error =8.127102617550008e-07
Completed 17 % :  mod = 7.254741207804847e-14,  Error =8.246670759604058e-07
Completed 17 % :  mod = 7.92387772614008e-14,  Error =8.366100843204549e-07
Completed 17 % :  mod = 8.65561967355501e-14,  Error =8.48566742206458e-07
Completed 17 % :  mod = 9.454936449507429e-14,  Error =8.60523556411863e-07
Completed 18 % :  mod = 1.0327010102875649e-13,  Error =8.724665221393479e-07
Completed 18 % :  mod = 1.1280675992859714e-13,  Error =8.84423258185052e-07
Completed 18 % :  mod = 1.2321148041437076e-13,  Error =8.963659539062974e-07
Completed 18 % :  mod = 1.3458967725423958e-13,  Error =9.083227254791382e-07
Completed 19 % :  mod = 1.4701862190490454e-13,  Error =9.202794259977054e-07
Completed 19 % :  mod = 1.605788924252461e-13,  Error =9.322222354057885e-07
Completed 19 % :  mod = 1.754078738033919e-13,  Error =9.441789501352105e-07
Completed 19 % :  mod = 1.9160627238347798e-13,  Error =9.561356293374956e-07
Completed 20 % :  mod = 2.0927910391052783e-13,  Error =9.680787300681004e-07
Completed 20 % :  mod = 2.286054194516028e-13,  Error =9.800354305866676e-07
Completed 20 % :  mod = 2.4969088048861723e-13,  Error =9.91978225783896e-07
Completed 20 % :  mod = 2.727491128540538e-13,  Error =1.0039353668389595e-06
Completed 21 % :  mod = 2.9793670904509353e-13,  Error =1.015892330258339e-06
Completed 21 % :  mod = 3.2541696236801047e-13,  Error =1.027834663602789e-06
Completed 21 % :  mod = 3.554682867975614e-13,  Error =1.0397913925430657e-06
Completed 21 % :  mod = 3.882947658463548e-13,  Error =1.0517484412275735e-06
Completed 22 % :  mod = 4.2410921595147113e-13,  Error =1.0636911724759557e-06
Completed 22 % :  mod = 4.63274487815582e-13,  Error =1.0756476811479843e-06
Completed 22 % :  mod = 5.060565586032147e-13,  Error =1.087604431404543e-06
Completed 22 % :  mod = 5.527327867117455e-13,  Error =1.09954741844831e-06
Completed 23 % :  mod = 6.037760667876857e-13,  Error =1.1115041971265782e-06
Completed 23 % :  mod = 6.594654612901632e-13,  Error =1.1234468644261142e-06
Completed 23 % :  mod = 7.203651792987867e-13,  Error =1.1354034654686984e-06
Completed 23 % :  mod = 7.868887962593263e-13,  Error =1.1473599670352996e-06
Completed 24 % :  mod = 8.594675836075813e-13,  Error =1.1593026982836818e-06
Completed 24 % :  mod = 9.388368586138108e-13,  Error =1.1712592353774198e-06
Completed 24 % :  mod = 1.0255356195681109e-12,  Error =1.1832157582603031e-06
Completed 24 % :  mod = 1.1201259258241038e-12,  Error =1.1951585321412495e-06
Completed 25 % :  mod = 1.2235660904825216e-12,  Error =1.2071151900272525e-06
Completed 25 % :  mod = 1.3364216163447215e-12,  Error =1.219057807588797e-06
Completed 25 % :  mod = 1.4598358534754458e-12,  Error =1.2310145791616378e-06
Completed 25 % :  mod = 1.5946468805131322e-12,  Error =1.2429711944150768e-06
Completed 26 % :  mod = 1.7417286252888836e-12,  Error =1.2549140109285872e-06
Completed 26 % :  mod = 1.902571151546292e-12,  Error =1.2668704130192054e-06
Completed 26 % :  mod = 2.07826665875488e-12,  Error =1.2788269074803793e-06
Completed 26 % :  mod = 2.2699540532249316e-12,  Error =1.290769290562821e-06
Completed 27 % :  mod = 2.47957521367393e-12,  Error =1.3027254581743364e-06
Completed 27 % :  mod = 2.7082759421601158e-12,  Error =1.3146676849373762e-06
Completed 27 % :  mod = 2.958372982661538e-12,  Error =1.326623383590686e-06
Completed 27 % :  mod = 3.2315643679243493e-12,  Error =1.3385792811959618e-06
Completed 28 % :  mod = 3.5296206785413747e-12,  Error =1.3505210745279328e-06
Completed 28 % :  mod = 3.855560937537359e-12,  Error =1.362476282906755e-06
Completed 28 % :  mod = 4.211597728929019e-12,  Error =1.374431292333611e-06
Completed 28 % :  mod = 4.600038064643284e-12,  Error =1.386372410649983e-06
Completed 29 % :  mod = 5.024815818189566e-12,  Error =1.3983267521666676e-06
Completed 29 % :  mod = 5.488251288885129e-12,  Error =1.4102673731031246e-06
Completed 29 % :  mod = 5.995037050759295e-12,  Error =1.4222209046010903e-06
Completed 29 % :  mod = 6.548611253613058e-12,  Error =1.434174315306791e-06
Completed 30 % :  mod = 7.152558221628013e-12,  Error =1.4461130035670067e-06
Completed 30 % :  mod = 7.81299084033876e-12,  Error =1.4580649292383896e-06
Completed 30 % :  mod = 8.534386418856248e-12,  Error =1.4700154977731472e-06
Completed 30 % :  mod = 9.321411753164744e-12,  Error =1.4819510951724624e-06
Completed 31 % :  mod = 1.018202732702407e-11,  Error =1.4938992265456363e-06
Completed 31 % :  mod = 1.1120921134473994e-11,  Error =1.5058313849181104e-06
Completed 31 % :  mod = 1.2147583062870184e-11,  Error =1.5177755514628188e-06
Completed 31 % :  mod = 1.3268955949389511e-11,  Error =1.5297176005901747e-06
Completed 32 % :  mod = 1.4492271791619128e-11,  Error =1.5416431438097788e-06
Completed 32 % :  mod = 1.582987475629677e-11,  Error =1.55357894016106e-06
Completed 32 % :  mod = 1.7290783529317778e-11,  Error =1.5655109208978502e-06
Completed 32 % :  mod = 1.8884385099841975e-11,  Error =1.5774240509358606e-06
Completed 33 % :  mod = 2.0626714486502517e-11,  Error =1.589345011154819e-06
Completed 33 % :  mod = 2.2527153545011292e-11,  Error =1.601245294580167e-06
Completed 33 % :  mod = 2.4604768415768645e-11,  Error =1.6131513334016745e-06
Completed 33 % :  mod = 2.6873421974677266e-11,  Error =1.6250475809442833e-06
Completed 34 % :  mod = 2.9347503361973274e-11,  Error =1.6369184976383622e-06
Completed 34 % :  mod = 3.2051660035677706e-11,  Error =1.6487894853867147e-06
Completed 34 % :  mod = 3.500370699759925e-11,  Error =1.6606442088118456e-06
Completed 34 % :  mod = 3.8222071566217186e-11,  Error =1.6724654940958317e-06
Completed 35 % :  mod = 4.173842542749409e-11,  Error =1.6842773007397227e-06
Completed 35 % :  mod = 4.557077166611649e-11,  Error =1.696047881694085e-06
Completed 35 % :  mod = 4.975633503409075e-11,  Error =1.7077993419434279e-06
Completed 35 % :  mod = 5.43214302065459e-11,  Error =1.7195121628788002e-06
Completed 36 % :  mod = 5.929291157224974e-11,  Error =1.7311651774321035e-06
Completed 36 % :  mod = 6.471752729280217e-11,  Error =1.7427776697331865e-06
Completed 36 % :  mod = 7.062733387731254e-11,  Error =1.7543259076546747e-06
Completed 36 % :  mod = 7.705440755751149e-11,  Error =1.76578546984274e-06
Completed 37 % :  mod = 8.405559361404031e-11,  Error =1.7771688476386771e-06
Completed 37 % :  mod = 9.165826094274144e-11,  Error =1.7884347940366752e-06
Completed 37 % :  mod = 9.992497857156192e-11,  Error =1.7995918568658453e-06
Completed 37 % :  mod = 1.088926366257239e-10,  Error =1.810606939045556e-06
Completed 38 % :  mod = 1.185940598562758e-10,  Error =1.8214453021414556e-06
Completed 38 % :  mod = 1.2909371024500593e-10,  Error =1.8321064487736294e-06
Completed 38 % :  mod = 1.4041767213963333e-10,  Error =1.842550275910071e-06
Completed 38 % :  mod = 1.5257972872009025e-10,  Error =1.8527361902442863e-06
Completed 39 % :  mod = 1.656233518949216e-10,  Error =1.862655857109985e-06
Completed 39 % :  mod = 1.795141071119986e-10,  Error =1.8722550052530096e-06
Completed 39 % :  mod = 1.9425256097390824e-10,  Error =1.8815246249914708e-06
Completed 39 % :  mod = 2.0975351745197155e-10,  Error =1.8904239666994727e-06
Completed 40 % :  mod = 2.2587802726792342e-10,  Error =1.8989189314311261e-06
Completed 40 % :  mod = 2.424791229582551e-10,  Error =1.9070112884378432e-06
Completed 40 % :  mod = 2.592739110775622e-10,  Error =1.9146813201587065e-06
Completed 40 % :  mod = 2.758848217314627e-10,  Error =1.9219235127820866e-06
Completed 41 % :  mod = 2.918886762682516e-10,  Error =1.928772469739215e-06
Completed 41 % :  mod = 3.066829883530467e-10,  Error =1.93524373770515e-06
Completed 41 % :  mod = 3.196444092512495e-10,  Error =1.9414014715835037e-06
Completed 41 % :  mod = 3.300365658174076e-10,  Error =1.947303992722027e-06
Completed 42 % :  mod = 3.3712769746582977e-10,  Error =1.953025076772974e-06
Completed 42 % :  mod = 3.402746748400783e-10,  Error =1.958670182489186e-06
Completed 42 % :  mod = 3.389593298960459e-10,  Error =1.9643325614993046e-06
Completed 42 % :  mod = 3.3292570678675934e-10,  Error =1.9701085705037258e-06
Completed 43 % :  mod = 3.2221213658352175e-10,  Error =1.976110773682649e-06
Completed 43 % :  mod = 3.072361556716876e-10,  Error =1.982421458990302e-06
Completed 43 % :  mod = 2.887860398321408e-10,  Error =1.98910477422487e-06
Completed 43 % :  mod = 2.678639477434465e-10,  Error =1.996228519374199e-06
Completed 44 % :  mod = 2.457169494010399e-10,  Error =2.003804993933045e-06
Completed 44 % :  mod = 2.234958320511659e-10,  Error =2.011858569517244e-06
Completed 44 % :  mod = 2.0228551401112213e-10,  Error =2.0203678730013053e-06
Completed 44 % :  mod = 1.8291740385314825e-10,  Error =2.029295089300831e-06
Completed 45 % :  mod = 1.6585660129372592e-10,  Error =2.038624614897344e-06
Completed 45 % :  mod = 1.5133987885596734e-10,  Error =2.0483051201836133e-06
Completed 45 % :  mod = 1.3933495994359253e-10,  Error =2.0582820212666775e-06
Completed 45 % :  mod = 1.2957091991730217e-10,  Error =2.0685384285457076e-06
Completed 46 % :  mod = 1.216937156733969e-10,  Error =2.0790121908476067e-06
Completed 46 % :  mod = 1.1523263814281543e-10,  Error =2.089693616369459e-06
Completed 46 % :  mod = 1.0972028902443286e-10,  Error =2.1005417849551122e-06
Completed 46 % :  mod = 1.0470299788338304e-10,  Error =2.1115183557185446e-06
Completed 47 % :  mod = 9.976680821590709e-11,  Error =2.1226286150977103e-06
Completed 47 % :  mod = 9.460777841489352e-11,  Error =2.1338431466233487e-06
Completed 47 % :  mod = 8.904671179540704e-11,  Error =2.1451361078561604e-06
Completed 47 % :  mod = 8.302874954778665e-11,  Error =2.1565223846664594e-06
Completed 48 % :  mod = 7.667036057561292e-11,  Error =2.1679669757190823e-06
Completed 48 % :  mod = 7.01805809460336e-11,  Error =2.179488340914304e-06
Completed 48 % :  mod = 6.386531368945745e-11,  Error =2.191064794487829e-06
Completed 48 % :  mod = 5.804343739001889e-11,  Error =2.2026757662274576e-06
Completed 49 % :  mod = 5.29670039783159e-11,  Error =2.214340582895602e-06
Completed 49 % :  mod = 4.8817569057716765e-11,  Error =2.2260394842987807e-06
Completed 49 % :  mod = 4.566276786966805e-11,  Error =2.2377523549721445e-06
Completed 49 % :  mod = 4.345937839750176e-11,  Error =2.249501378059904e-06
Completed 50 % :  mod = 4.2106328274611424e-11,  Error =2.2612537904365126e-06
Completed 50 % :  mod = 4.146114285260099e-11,  Error =2.2730331821207983e-06
Completed 50 % :  mod = 4.138465565420047e-11,  Error =2.284822095077743e-06
Completed 50 % :  mod = 4.1748788084129215e-11,  Error =2.296603497597971e-06
Completed 51 % :  mod = 4.243884587403712e-11,  Error =2.3084019389330024e-06
Completed 51 % :  mod = 4.3338393856153414e-11,  Error =2.3202013466061544e-06
Completed 51 % :  mod = 4.431933553754812e-11,  Error =2.3319857973547187e-06
Completed 51 % :  mod = 4.525069876811428e-11,  Error =2.3437811691451316e-06
Completed 52 % :  mod = 4.601450677317821e-11,  Error =2.35555842920121e-06
Completed 52 % :  mod = 4.655123182800733e-11,  Error =2.367342560205543e-06
Completed 52 % :  mod = 4.6890039142610134e-11,  Error =2.379118065221064e-06
Completed 52 % :  mod = 4.7171403005816546e-11,  Error =2.3908680262252346e-06
Completed 53 % :  mod = 4.763699672306458e-11,  Error =2.402616516405942e-06
Completed 53 % :  mod = 4.858813268085853e-11,  Error =2.4143462056258613e-06
Completed 53 % :  mod = 5.0325898526371645e-11,  Error =2.4260373052698014e-06
Completed 53 % :  mod = 5.3101678444647425e-11,  Error =2.4377114300477842e-06
Completed 54 % :  mod = 5.705991944782919e-11,  Error =2.4493338628417405e-06
Completed 54 % :  mod = 6.225183391978357e-11,  Error =2.460923134606219e-06
Completed 54 % :  mod = 6.861906576095011e-11,  Error =2.472455356894443e-06
Completed 54 % :  mod = 7.602853173497469e-11,  Error =2.4839052059633104e-06
Completed 55 % :  mod = 8.433079192962983e-11,  Error =2.495287183990058e-06
Completed 55 % :  mod = 9.332229405093953e-11,  Error =2.5065733808560253e-06
Completed 55 % :  mod = 1.0276689991136697e-10,  Error =2.517736774620971e-06
Completed 55 % :  mod = 1.124260276426525e-10,  Error =2.5287883147484536e-06
Completed 56 % :  mod = 1.2198733568835244e-10,  Error =2.53968735108856e-06
Completed 56 % :  mod = 1.3118775517703523e-10,  Error =2.550443547022496e-06
Completed 56 % :  mod = 1.3980418505947243e-10,  Error =2.5610277845089513e-06
Completed 56 % :  mod = 1.4777676513795537e-10,  Error =2.5714094320505865e-06
Completed 57 % :  mod = 1.5530796609875071e-10,  Error =2.581591495243174e-06
Completed 57 % :  mod = 1.6283224815210895e-10,  Error =2.5915359955774875e-06
Completed 57 % :  mod = 1.7099482084218723e-10,  Error =2.6012024321175886e-06
Completed 57 % :  mod = 1.8055871149753976e-10,  Error =2.610580125406159e-06
Completed 58 % :  mod = 1.9216884574995358e-10,  Error =2.6196125446631413e-06
Completed 58 % :  mod = 2.0628350416639533e-10,  Error =2.628285528771812e-06
Completed 58 % :  mod = 2.2297573949158867e-10,  Error =2.6365561183183672e-06
Completed 58 % :  mod = 2.419287325105655e-10,  Error =2.6443876848247783e-06
Completed 59 % :  mod = 2.6255191120523143e-10,  Error =2.651780981466345e-06
Completed 59 % :  mod = 2.8391764734695515e-10,  Error =2.6587229342567298e-06
Completed 59 % :  mod = 3.0488219797468577e-10,  Error =2.665221565223419e-06
Completed 59 % :  mod = 3.2418952498900134e-10,  Error =2.6713299448033467e-06
Completed 60 % :  mod = 3.403300766195905e-10,  Error =2.6770980383616916e-06
Completed 60 % :  mod = 3.5179826112726713e-10,  Error =2.6826278940461634e-06
Completed 60 % :  mod = 3.571581776673614e-10,  Error =2.688023705843534e-06
Completed 60 % :  mod = 3.554412323764241e-10,  Error =2.6934051504667877e-06
Completed 61 % :  mod = 3.4641937302285153e-10,  Error =2.6989160915036337e-06
Completed 61 % :  mod = 3.3078258824850846e-10,  Error =2.7046751824855164e-06
Completed 61 % :  mod = 3.100842806721537e-10,  Error =2.7107783608926184e-06
Completed 61 % :  mod = 2.8630876494470876e-10,  Error =2.71731455114832e-06
Completed 62 % :  mod = 2.6159409632803813e-10,  Error =2.724312807345086e-06
Completed 62 % :  mod = 2.3762308549369886e-10,  Error =2.731805331279702e-06
Completed 62 % :  mod = 2.1561462290470257e-10,  Error =2.7397764696956983e-06
Completed 62 % :  mod = 1.962439101234511e-10,  Error =2.7481921662797504e-06
Completed 63 % :  mod = 1.797344491979261e-10,  Error =2.7570359790729526e-06
Completed 63 % :  mod = 1.661506542248109e-10,  Error =2.766256031350167e-06
Completed 63 % :  mod = 1.5539585277121007e-10,  Error =2.775797163678817e-06
Completed 63 % :  mod = 1.4718804366193316e-10,  Error =2.785639090063796e-06
Completed 64 % :  mod = 1.41096478385172e-10,  Error =2.7957323496252684e-06
Completed 64 % :  mod = 1.364748656800834e-10,  Error =2.806029939961263e-06
Completed 64 % :  mod = 1.3249711469157628e-10,  Error =2.816525153548355e-06
Completed 64 % :  mod = 1.2831113487038125e-10,  Error =2.827168742669528e-06
Completed 65 % :  mod = 1.2317415136788095e-10,  Error =2.8379661927147026e-06
Completed 65 % :  mod = 1.1666592616724967e-10,  Error =2.84889098622898e-06
Completed 65 % :  mod = 1.0878633560807526e-10,  Error =2.859919206343875e-06
Completed 65 % :  mod = 9.990444170380146e-11,  Error =2.871067323440002e-06
Completed 66 % :  mod = 9.068204589708756e-11,  Error =2.8823119819776366e-06
Completed 66 % :  mod = 8.185455658901562e-11,  Error =2.893629236666584e-06
Completed 66 % :  mod = 7.401168926684151e-11,  Error =2.9050346412873296e-06
Completed 66 % :  mod = 6.754353440822081e-11,  Error =2.916489911797271e-06
Completed 67 % :  mod = 6.254243757946241e-11,  Error =2.9280116535801426e-06
Completed 67 % :  mod = 5.892317892834537e-11,  Error =2.939576326355109e-06
Completed 67 % :  mod = 5.650869785146892e-11,  Error =2.9511609938026595e-06
Completed 67 % :  mod = 5.513635276638164e-11,  Error =2.9627849542634976e-06
Completed 68 % :  mod = 5.472666753834413e-11,  Error =2.974426699609012e-06
Completed 68 % :  mod = 5.5250951576820263e-11,  Error =2.9860660077929424e-06
Completed 68 % :  mod = 5.6665819207086443e-11,  Error =2.9977246427392856e-06
Completed 68 % :  mod = 5.881979073999423e-11,  Error =3.00937074371177e-06
Completed 69 % :  mod = 6.141210401209123e-11,  Error =3.0210271546593503e-06
Completed 69 % :  mod = 6.399655945335063e-11,  Error =3.032675962799658e-06
Completed 69 % :  mod = 6.609244466508673e-11,  Error =3.0443010032854545e-06
Completed 69 % :  mod = 6.734686512916143e-11,  Error =3.0559268111574056e-06
Completed 70 % :  mod = 6.766153360460945e-11,  Error =3.0675363831278446e-06
Completed 70 % :  mod = 6.726967525429385e-11,  Error =3.0791133482921396e-06
Completed 70 % :  mod = 6.669013072752506e-11,  Error =3.090678497130739e-06
Completed 70 % :  mod = 6.660056784373785e-11,  Error =3.102197922544292e-06
Completed 71 % :  mod = 6.766380679597573e-11,  Error =3.1136888480887137e-06
Completed 71 % :  mod = 7.037699386856589e-11,  Error =3.1251269163590223e-06
Completed 71 % :  mod = 7.498377579787438e-11,  Error =3.1364859793825417e-06
Completed 71 % :  mod = 8.151482090452389e-11,  Error =3.147777107415095e-06
Completed 72 % :  mod = 8.984419053743302e-11,  Error =3.1589681555033167e-06
Completed 72 % :  mod = 9.979928102477628e-11,  Error =3.1700250104904626e-06
Completed 72 % :  mod = 1.112641244043382e-10,  Error =3.180949640579911e-06
Completed 72 % :  mod = 1.2407934617963734e-10,  Error =3.1916915190777218e-06
Completed 73 % :  mod = 1.3806677601624342e-10,  Error =3.2022507312490234e-06
Completed 73 % :  mod = 1.5282219615534896e-10,  Error =3.212591515477925e-06
Completed 73 % :  mod = 1.6768960973043485e-10,  Error =3.2226803057255893e-06
Completed 73 % :  mod = 1.8186240858566313e-10,  Error =3.2325240226782626e-06
Completed 74 % :  mod = 1.9447120456587436e-10,  Error =3.2420964970469868e-06
Completed 74 % :  mod = 2.0493405316459624e-10,  Error =3.251378537072469e-06
Completed 74 % :  mod = 2.1324602011819182e-10,  Error =3.2603835791178426e-06
Completed 74 % :  mod = 2.1999431588075428e-10,  Error =3.269081730650214e-06
Completed 75 % :  mod = 2.263043284330369e-10,  Error =3.2774821150383104e-06
Completed 75 % :  mod = 2.334515005938794e-10,  Error =3.285561589905228e-06
Completed 75 % :  mod = 2.4247145322874746e-10,  Error =3.293300537166033e-06
Completed 75 % :  mod = 2.5386353004100045e-10,  Error =3.3007109720983863e-06
Completed 76 % :  mod = 2.6741523350377303e-10,  Error =3.3077845316142884e-06
Completed 76 % :  mod = 2.823697631751886e-10,  Error =3.3145229636488693e-06
Completed 76 % :  mod = 2.9778417796181424e-10,  Error =3.3209627829933197e-06
Completed 76 % :  mod = 3.126389874705888e-10,  Error =3.3271239558985144e-06
Completed 77 % :  mod = 3.2598455224756796e-10,  Error =3.3330725273117423e-06
Completed 77 % :  mod = 3.3663857586933265e-10,  Error =3.3388697815439627e-06
Completed 77 % :  mod = 3.431035223495463e-10,  Error =3.3445948517396573e-06
Completed 77 % :  mod = 3.436977827055656e-10,  Error =3.3503615952668042e-06
Completed 78 % :  mod = 3.369668213618096e-10,  Error =3.356277638033589e-06
Completed 78 % :  mod = 3.223574460727087e-10,  Error =3.3624517215002925e-06
Completed 78 % :  mod = 3.005844618213225e-10,  Error =3.3690032807953685e-06
Completed 78 % :  mod = 2.73788542374063e-10,  Error =3.3759930033738783e-06
Completed 79 % :  mod = 2.44857243096081e-10,  Error =3.383475174700834e-06
Completed 79 % :  mod = 2.168172719811466e-10,  Error =3.39144497019106e-06
Completed 79 % :  mod = 1.9197556309496602e-10,  Error =3.399869328291061e-06
Completed 79 % :  mod = 1.714555373880661e-10,  Error =3.408729867260263e-06
Completed 80 % :  mod = 1.5546256287409697e-10,  Error =3.417971690566901e-06
Completed 80 % :  mod = 1.4357123049864107e-10,  Error =3.4275339970690766e-06
Completed 80 % :  mod = 1.3514239002252796e-10,  Error =3.437387888993726e-06
Completed 80 % :  mod = 1.2968441134553087e-10,  Error =3.4474632570891117e-06
Completed 81 % :  mod = 1.2682094094893222e-10,  Error =3.457741506451839e-06
Completed 81 % :  mod = 1.2620808151722124e-10,  Error =3.468176103638143e-06
Completed 81 % :  mod = 1.2728228072972035e-10,  Error =3.478725503214264e-06
Completed 81 % :  mod = 1.291066037806316e-10,  Error =3.4893899680810136e-06
Completed 82 % :  mod = 1.303862730109872e-10,  Error =3.5001386606836604e-06
Completed 82 % :  mod = 1.2975386422420162e-10,  Error =3.510946918083846e-06
Completed 82 % :  mod = 1.2620499073492571e-10,  Error =3.5218349694332574e-06
Completed 82 % :  mod = 1.195039473503316e-10,  Error =3.532777903103579e-06
Completed 83 % :  mod = 1.1029975140458002e-10,  Error =3.5438009930999215e-06
Completed 83 % :  mod = 1.0001048724691675e-10,  Error =3.5548856232026083e-06
Completed 83 % :  mod = 9.039291112432444e-11,  Error =3.5660066401987933e-06
Completed 83 % :  mod = 8.299393646496829e-11,  Error =3.577175576197078e-06
Completed 84 % :  mod = 7.880193431948452e-11,  Error =3.5883656082091875e-06
Completed 84 % :  mod = 7.802804373715532e-11,  Error =3.599552400146422e-06
Completed 84 % :  mod = 8.024506464418293e-11,  Error =3.6107488483594352e-06
Completed 84 % :  mod = 8.472441890501908e-11,  Error =3.6219253516378558e-06
Completed 85 % :  mod = 9.078655747049744e-11,  Error =3.6330507171555837e-06
Completed 85 % :  mod = 9.806902388750789e-11,  Error =3.6441328674641227e-06
Completed 85 % :  mod = 1.0649146252117165e-10,  Error =3.655128054447232e-06
Completed 85 % :  mod = 1.1612486333845189e-10,  Error =3.666046858086247e-06
Completed 86 % :  mod = 1.2679613187598632e-10,  Error =3.6768637556860995e-06
Completed 86 % :  mod = 1.378207002476964e-10,  Error =3.687554261944115e-06
Completed 86 % :  mod = 1.480004062535228e-10,  Error =3.698134307228429e-06
Completed 86 % :  mod = 1.5586290215231156e-10,  Error =3.70858563769616e-06
Completed 87 % :  mod = 1.6029723266441888e-10,  Error =3.7188944617128072e-06
Completed 87 % :  mod = 1.6112958091976935e-10,  Error =3.729081022640912e-06
Completed 87 % :  mod = 1.5936412608740318e-10,  Error =3.739109857292533e-06
Completed 87 % :  mod = 1.5702642904229436e-10,  Error =3.7489784503463852e-06
Completed 88 % :  mod = 1.5661020385081475e-10,  Error =3.7586396430810964e-06
Completed 88 % :  mod = 1.6030387840387877e-10,  Error =3.7680438325082832e-06
Completed 88 % :  mod = 1.6935642517135297e-10,  Error =3.777176821984085e-06
Completed 88 % :  mod = 1.8378922178831794e-10,  Error =3.785988972992982e-06
Completed 89 % :  mod = 2.026277920964649e-10,  Error =3.79442807485475e-06
Completed 89 % :  mod = 2.2458883570283864e-10,  Error =3.8024674253733792e-06
Completed 89 % :  mod = 2.4849290178590603e-10,  Error =3.8100464294643643e-06
Completed 89 % :  mod = 2.736601389597857e-10,  Error =3.817157391949877e-06
Completed 90 % :  mod = 2.9941372316796085e-10,  Error =3.823789590740034e-06
Completed 90 % :  mod = 3.245172729709611e-10,  Error =3.829962388124386e-06
Completed 90 % :  mod = 3.467280555529355e-10,  Error =3.835747349967278e-06
Completed 90 % :  mod = 3.6272427102560435e-10,  Error =3.841228796375162e-06
Completed 91 % :  mod = 3.6920847965893654e-10,  Error =3.846529864404147e-06
Completed 91 % :  mod = 3.6434771051708603e-10,  Error =3.851819485589658e-06
Completed 91 % :  mod = 3.487966005432816e-10,  Error =3.8572447564888535e-06
Completed 91 % :  mod = 3.256098641654428e-10,  Error =3.862949995436793e-06
Completed 92 % :  mod = 2.991686970847191e-10,  Error =3.869020929414546e-06
Completed 92 % :  mod = 2.734832473689103e-10,  Error =3.8755010649538235e-06
Completed 92 % :  mod = 2.508378071276139e-10,  Error =3.882430512192059e-06
Completed 92 % :  mod = 2.3172412676292783e-10,  Error =3.889806158952069e-06
Completed 93 % :  mod = 2.1544244507567965e-10,  Error =3.897604180735925e-06
Completed 93 % :  mod = 2.011673883997551e-10,  Error =3.905813485971521e-06
Completed 93 % :  mod = 1.8886145678199444e-10,  Error =3.914376875968628e-06
Completed 93 % :  mod = 1.7917008544804132e-10,  Error =3.923273865780175e-06
Completed 94 % :  mod = 1.7289887191637143e-10,  Error =3.932458142230644e-06
Completed 94 % :  mod = 1.7016832944416363e-10,  Error =3.941886951963625e-06
Completed 94 % :  mod = 1.699705411675522e-10,  Error =3.95155254295787e-06
Completed 94 % :  mod = 1.7028625770920252e-10,  Error =3.961415188769024e-06
Completed 95 % :  mod = 1.6867433778870044e-10,  Error =3.9714402007007266e-06
Completed 95 % :  mod = 1.6315110016425805e-10,  Error =3.9816399350911524e-06
Completed 95 % :  mod = 1.5302263462339109e-10,  Error =3.9919911003494235e-06
Completed 95 % :  mod = 1.3915463141963593e-10,  Error =4.002520114454455e-06
Completed 96 % :  mod = 1.2367035442422013e-10,  Error =4.013207991704348e-06
Completed 96 % :  mod = 1.0904566863094277e-10,  Error =4.024026146964843e-06
Completed 96 % :  mod = 9.714064265255501e-11,  Error =4.034980101152996e-06
Completed 96 % :  mod = 8.876402874137291e-11,  Error =4.0460408570197615e-06
Completed 97 % :  mod = 8.357736985804103e-11,  Error =4.05718017759682e-06
Completed 97 % :  mod = 8.050037674897828e-11,  Error =4.06840747757542e-06
Completed 97 % :  mod = 7.838733374239853e-11,  Error =4.079678873836201e-06
Completed 97 % :  mod = 7.659553052548827e-11,  Error =4.091002843154001e-06
Completed 98 % :  mod = 7.530111307028063e-11,  Error =4.102350288803791e-06
Completed 98 % :  mod = 7.53231705312229e-11,  Error =4.11369429542674e-06
Completed 98 % :  mod = 7.758906102695185e-11,  Error =4.125050629966154e-06
Completed 98 % :  mod = 8.250211259905925e-11,  Error =4.136397969034533e-06
Completed 99 % :  mod = 8.950875485838985e-11,  Error =4.147716126112755e-06
Completed 99 % :  mod = 9.713207533693475e-11,  Error =4.159022381600153e-06
Completed 99 % :  mod = 1.0336984836307345e-10,  Error =4.170282416282589e-06
Completed 99 % :  mod = 1.06522068301662e-10,  Error =4.181519166479575e-06
Completed 100 % :  mod = 1.0590080384364884e-10,  Error =4.1927211498205e-06
Finished 23/31 frames
Finished all frames!
