/opt/local/miniconda_23_9/lib/python3.11/site-packages/conda/base/context.py:201: FutureWarning: Adding 'defaults' to channel list implicitly is deprecated and will be removed in 25.3. 

To remove this warning, please choose a default channel explicitly with conda's regular configuration system, e.g. by adding 'defaults' to the list of channels:

  conda config --add channels defaults

For more information see https://docs.conda.io/projects/conda/en/stable/user-guide/configuration/use-condarc.html

  deprecated.topic(
JOB 14481 ARRAY_ID 9  -> i=9 ; range=[1.9e-10, 5.0e-10] ; intervals=30 (frames=31)
Analytic t0 extension enabled (--extend-time-using-t0).
Completed 0 % :  mod = 2.2400000002590983e-16,  Error =-1.4210854715202004e-14
Completed 0 % :  mod = 2.248624022991381e-16,  Error =4.184926183370408e-09
Completed 0 % :  mod = 2.274537526733063e-16,  Error =8.366711767848756e-09
Completed 0 % :  mod = 2.31793974000263e-16,  Error =1.2548404981771455e-08
Completed 0 % :  mod = 2.3791644250073677e-16,  Error =1.6730069773984724e-08
Completed 1 % :  mod = 2.4586822712972616e-16,  Error =2.0911642195642344e-08
Completed 1 % :  mod = 2.55710474318882e-16,  Error =2.5093363831274473e-08
Completed 1 % :  mod = 2.6751885413705033e-16,  Error =2.927548337083863e-08
Completed 1 % :  mod = 2.8138416785443233e-16,  Error =3.3457631332112214e-08
Completed 2 % :  mod = 2.974130160977241e-16,  Error =3.763957323599243e-08
Completed 2 % :  mod = 3.157286523971112e-16,  Error =4.182144408559907e-08
Completed 2 % :  mod = 3.3647189463590616e-16,  Error =4.60036346794368e-08
Completed 2 % :  mod = 3.598022431919415e-16,  Error =5.01855623724623e-08
Completed 3 % :  mod = 3.858990783849039e-16,  Error =5.43674900654878e-08
Completed 3 % :  mod = 4.1496306120330415e-16,  Error =5.8549289860820863e-08
Completed 3 % :  mod = 4.472176589357192e-16,  Error =6.273102570730771e-08
Completed 3 % :  mod = 4.829108734612846e-16,  Error =6.691301024375207e-08
Completed 4 % :  mod = 5.223171518301146e-16,  Error =7.109485977707664e-08
Completed 4 % :  mod = 5.657394768589023e-16,  Error =7.527702194920494e-08
Completed 4 % :  mod = 6.135117318334962e-16,  Error =7.945911306705966e-08
Completed 4 % :  mod = 6.6600121782629925e-16,  Error =8.364116155235024e-08
Completed 5 % :  mod = 7.23611542624558e-16,  Error =8.782307503452103e-08
Completed 5 % :  mod = 7.8678564159396e-16,  Error =9.200476114301637e-08
Completed 5 % :  mod = 8.560092821326961e-16,  Error =9.618657514920415e-08
Completed 5 % :  mod = 9.31814689824471e-16,  Error =1.0036848863137493e-07
Completed 6 % :  mod = 1.0147847549621104e-15,  Error =1.0455028132128064e-07
Completed 6 % :  mod = 1.1055574023359428e-15,  Error =1.0873220901430614e-07
Completed 6 % :  mod = 1.2048305951595165e-15,  Error =1.129137743305364e-07
Completed 6 % :  mod = 1.3133676206503171e-15,  Error =1.1709568070727983e-07
Completed 7 % :  mod = 1.43200302215553e-15,  Error =1.2127753734603175e-07
Completed 7 % :  mod = 1.5616489724752623e-15,  Error =1.2545959293674969e-07
Completed 7 % :  mod = 1.7033023045875578e-15,  Error =1.2964152773520254e-07
Completed 7 % :  mod = 1.8580521912966e-15,  Error =1.3382318542198846e-07
Completed 8 % :  mod = 2.027088473493916e-15,  Error =1.3800504206074038e-07
Completed 8 % :  mod = 2.2117108807406635e-15,  Error =1.4218663579868007e-07
Completed 8 % :  mod = 2.413338929517636e-15,  Error =1.4636859901884236e-07
Completed 8 % :  mod = 2.63352295119719e-15,  Error =1.5055041302503014e-07
Completed 9 % :  mod = 2.873955890533911e-15,  Error =1.5473218439865377e-07
Completed 9 % :  mod = 3.13648644480826e-15,  Error =1.5891389892885854e-07
Completed 9 % :  mod = 3.4231331640506906e-15,  Error =1.630958337273114e-07
Completed 9 % :  mod = 3.736100072967905e-15,  Error =1.672775269412341e-07
Completed 10 % :  mod = 4.077793530021108e-15,  Error =1.714595541102426e-07
Completed 10 % :  mod = 4.450840797217173e-15,  Error =1.7564140364356717e-07
Completed 10 % :  mod = 4.858110200981706e-15,  Error =1.7982360844825962e-07
Completed 10 % :  mod = 5.302733197305289e-15,  Error =1.8400537982188325e-07
Completed 11 % :  mod = 5.788128466170551e-15,  Error =1.881873501474729e-07
Completed 11 % :  mod = 6.318028149721199e-15,  Error =1.9236898651797674e-07
Completed 11 % :  mod = 6.896942587042173e-15,  Error =1.9655381322536414e-07
Completed 11 % :  mod = 7.528487661903242e-15,  Error =2.007355277555689e-07
Completed 12 % :  mod = 8.217918656946169e-15,  Error =2.0491739860517555e-07
Completed 12 % :  mod = 8.970536510012652e-15,  Error =2.0909911313538032e-07
Completed 12 % :  mod = 9.792128075338486e-15,  Error =2.1328096977413225e-07
Completed 12 % :  mod = 1.068901045867664e-14,  Error =2.1746262746091816e-07
Completed 13 % :  mod = 1.1668079748471695e-14,  Error =2.216445125213795e-07
Completed 13 % :  mod = 1.2736863894517875e-14,  Error =2.2582628389500314e-07
Completed 13 % :  mod = 1.3903580715447069e-14,  Error =2.300080836903362e-07
Completed 13 % :  mod = 1.5177200975903427e-14,  Error =2.3418986927481455e-07
Completed 14 % :  mod = 1.6567517443199813e-14,  Error =2.3837198170895135e-07
Completed 14 % :  mod = 1.8085220142555576e-14,  Error =2.42554051510524e-07
Completed 14 % :  mod = 1.974197854948452e-14,  Error =2.467359152547033e-07
Completed 14 % :  mod = 2.1550531360398065e-14,  Error =2.509178429477288e-07
Completed 15 % :  mod = 2.3524784355516342e-14,  Error =2.5509955747793356e-07
Completed 15 % :  mod = 2.5679917425492898e-14,  Error =2.5928139990583077e-07
Completed 15 % :  mod = 2.8032501169036085e-14,  Error =2.634628373243686e-07
Completed 15 % :  mod = 3.0600624434853735e-14,  Error =2.676448644933771e-07
Completed 16 % :  mod = 3.340403326907431e-14,  Error =2.718266571832828e-07
Completed 16 % :  mod = 3.6464282873185115e-14,  Error =2.7600832908092343e-07
Completed 16 % :  mod = 3.980490321045062e-14,  Error =2.801899299242905e-07
Completed 16 % :  mod = 4.3451580040696766e-14,  Error =2.843718007738971e-07
Completed 17 % :  mod = 4.743235232572338e-14,  Error =2.885535295149566e-07
Completed 17 % :  mod = 5.1777827883561676e-14,  Error =2.9273509483118687e-07
Completed 17 % :  mod = 5.65214186924072e-14,  Error =2.96916617514853e-07
Completed 17 % :  mod = 6.169959779378955e-14,  Error =3.0109823256907475e-07
Completed 18 % :  mod = 6.735217974888283e-14,  Error =3.0528006078611725e-07
Completed 18 % :  mod = 7.352262673079766e-14,  Error =3.0946173268375787e-07
Completed 18 % :  mod = 8.02583827550761e-14,  Error =3.136434685302447e-07
Completed 18 % :  mod = 8.761123840544064e-14,  Error =3.1782520437673156e-07
Completed 19 % :  mod = 9.563772910926494e-14,  Error =3.2200691890693633e-07
Completed 19 % :  mod = 1.0439956975481138e-13,  Error =3.2618861212085903e-07
Completed 19 % :  mod = 1.1396412928124775e-13,  Error =3.3037019875337137e-07
Completed 19 % :  mod = 1.244049485943166e-13,  Error =3.345518848618667e-07
Completed 20 % :  mod = 1.3580230607229007e-13,  Error =3.3873385518745636e-07
Completed 20 % :  mod = 1.4824383473959043e-13,  Error =3.429155910339432e-07
Completed 20 % :  mod = 1.6182519610497087e-13,  Error =3.47097405040131e-07
Completed 20 % :  mod = 1.766508156313727e-13,  Error =3.5127920483546404e-07
Completed 21 % :  mod = 1.928346856410618e-13,  Error =3.554608198896858e-07
Completed 21 % :  mod = 2.105012417543295e-13,  Error =3.596426481067283e-07
Completed 21 % :  mod = 2.297863195857029e-13,  Error =3.638247747517198e-07
Completed 21 % :  mod = 2.508381991460119e-13,  Error =3.6800668112846324e-07
Completed 22 % :  mod = 2.738187447990165e-13,  Error =3.721884525020869e-07
Completed 22 % :  mod = 2.989046497755248e-13,  Error =3.76369975185753e-07
Completed 22 % :  mod = 3.2628879451800623e-13,  Error =3.8055168971595776e-07
Completed 22 % :  mod = 3.561817295946761e-13,  Error =3.8473309871278616e-07
Completed 23 % :  mod = 3.888132942732684e-13,  Error =3.88914635607307e-07
Completed 23 % :  mod = 4.244612278272996e-13,  Error =3.930992420464463e-07
Completed 23 % :  mod = 4.633481799664399e-13,  Error =3.9728121237203595e-07
Completed 23 % :  mod = 5.057977297028611e-13,  Error =4.0146315427591617e-07
Completed 24 % :  mod = 5.521362538230652e-13,  Error =4.0564506775808695e-07
Completed 24 % :  mod = 6.027200268434549e-13,  Error =4.0982711624337753e-07
Completed 24 % :  mod = 6.579379590928293e-13,  Error =4.1400865313789836e-07
Completed 24 % :  mod = 7.182145853256562e-13,  Error =4.181906092526333e-07
Completed 25 % :  mod = 7.840133267807828e-13,  Error =4.223722669394192e-07
Completed 25 % :  mod = 8.558400515339856e-13,  Error =4.265539317316325e-07
Completed 25 % :  mod = 9.342469604434923e-13,  Error =4.3073551125871745e-07
Completed 25 % :  mod = 1.0198368281431365e-12,  Error =4.349167568307166e-07
Completed 26 % :  mod = 1.1132676315600124e-12,  Error =4.3909859215318647e-07
Completed 26 % :  mod = 1.2152576008950862e-12,  Error =4.4328020720740824e-07
Completed 26 % :  mod = 1.3265907315656095e-12,  Error =4.4746153093910834e-07
Completed 26 % :  mod = 1.4481227985482925e-12,  Error =4.51643302312732e-07
Completed 27 % :  mod = 1.5807879185942853e-12,  Error =4.558251234243471e-07
Completed 27 % :  mod = 1.7256057093842185e-12,  Error =4.6000677400570567e-07
Completed 27 % :  mod = 1.883689099172494e-12,  Error =4.6418846721962836e-07
Completed 27 % :  mod = 2.0562528448059947e-12,  Error =4.6836994727073034e-07
Completed 28 % :  mod = 2.244622820911594e-12,  Error =4.7255134916213137e-07
Completed 28 % :  mod = 2.450246148159759e-12,  Error =4.767327368426777e-07
Completed 28 % :  mod = 2.67470223378191e-12,  Error =4.809142737371985e-07
Completed 28 % :  mod = 2.9197148033738934e-12,  Error =4.850953416735138e-07
Completed 29 % :  mod = 3.1871650085236333e-12,  Error =4.89276807513761e-07
Completed 29 % :  mod = 3.4791057011222333e-12,  Error =4.934573212267424e-07
Completed 29 % :  mod = 3.79777697070667e-12,  Error =4.976384104793397e-07
Completed 29 % :  mod = 4.145623047346778e-12,  Error =5.018189384031757e-07
Completed 30 % :  mod = 4.525310677581254e-12,  Error =5.059994947487212e-07
Completed 30 % :  mod = 4.939749085843009e-12,  Error =5.10179859247728e-07
Completed 30 % :  mod = 5.392111637063234e-12,  Error =5.143600319001962e-07
Completed 30 % :  mod = 5.88585931809591e-12,  Error =5.185393661122362e-07
Completed 31 % :  mod = 6.424766154789727e-12,  Error =5.227189845413704e-07
Completed 31 % :  mod = 7.012946677354724e-12,  Error =5.268975584726832e-07
Completed 31 % :  mod = 7.6548855377248e-12,  Error =5.310756137077988e-07
Completed 31 % :  mod = 8.355469366825753e-12,  Error =5.35253164457572e-07
Completed 32 % :  mod = 9.120020935345284e-12,  Error =5.394296991312331e-07
Completed 32 % :  mod = 9.954335644912531e-12,  Error =5.436053882590386e-07
Completed 32 % :  mod = 1.0864720324567202e-11,  Error =5.477802957898348e-07
Completed 32 % :  mod = 1.185803423384405e-11,  Error =5.519535406506293e-07
Completed 33 % :  mod = 1.2941732073353033e-11,  Error =5.56124703621208e-07
Completed 33 % :  mod = 1.4123908666440504e-11,  Error =5.602941399729389e-07
Completed 33 % :  mod = 1.5413344792021113e-11,  Error =5.644609899491115e-07
Completed 33 % :  mod = 1.6819553403177595e-11,  Error =5.686250830194695e-07
Completed 34 % :  mod = 1.835282514248901e-11,  Error =5.727856020598665e-07
Completed 34 % :  mod = 2.0024271638885602e-11,  Error =5.769423125911999e-07
Completed 34 % :  mod = 2.1845864515080118e-11,  Error =5.810938787931264e-07
Completed 34 % :  mod = 2.3830467312108585e-11,  Error =5.85240023553979e-07
Completed 35 % :  mod = 2.599348335423054e-11,  Error =5.893822745406396e-07
Completed 35 % :  mod = 2.8346497817641254e-11,  Error =5.935136400125884e-07
Completed 35 % :  mod = 3.090660196605219e-11,  Error =5.97635462895596e-07
Completed 35 % :  mod = 3.369024729766731e-11,  Error =6.017461799956436e-07
Completed 36 % :  mod = 3.671465082568342e-11,  Error =6.05843737844225e-07
Completed 36 % :  mod = 3.999765121892088e-11,  Error =6.099256637526196e-07
Completed 36 % :  mod = 4.3557492363826167e-11,  Error =6.139893216072778e-07
Completed 36 % :  mod = 4.741251252750202e-11,  Error =6.180313150139227e-07
Completed 37 % :  mod = 5.158071218496512e-11,  Error =6.220480202046019e-07
Completed 37 % :  mod = 5.607916781128579e-11,  Error =6.260352307663197e-07
Completed 37 % :  mod = 6.092325279840747e-11,  Error =6.299874897308655e-07
Completed 37 % :  mod = 6.612562070770191e-11,  Error =6.33899965407636e-07
Completed 38 % :  mod = 7.169490134949709e-11,  Error =6.377659858003426e-07
Completed 38 % :  mod = 7.763405844063898e-11,  Error =6.415788362801322e-07
Completed 38 % :  mod = 8.393836158246171e-11,  Error =6.453318590615709e-07
Completed 38 % :  mod = 9.059293911425899e-11,  Error =6.490161155170426e-07
Completed 39 % :  mod = 9.756990771282753e-11,  Error =6.526236333570523e-07
Completed 39 % :  mod = 1.0482512668948221e-10,  Error =6.56147122413131e-07
Completed 39 % :  mod = 1.1229470795850442e-10,  Error =6.595785251306552e-07
Completed 39 % :  mod = 1.1989153381796252e-10,  Error =6.629105016031644e-07
Completed 40 % :  mod = 1.2750219642209106e-10,  Error =6.661382414563377e-07
Completed 40 % :  mod = 1.3498496653672857e-10,  Error =6.692582985579065e-07
Completed 40 % :  mod = 1.421695969478695e-10,  Error =6.722704810613322e-07
Completed 40 % :  mod = 1.4885991241497112e-10,  Error =6.75178924325337e-07
Completed 41 % :  mod = 1.5484014789914395e-10,  Error =6.779897390174483e-07
Completed 41 % :  mod = 1.5988576484079028e-10,  Error =6.807152104215675e-07
Completed 41 % :  mod = 1.6377890756994543e-10,  Error =6.833707857367699e-07
Completed 41 % :  mod = 1.6632772785779702e-10,  Error =6.859763530542295e-07
Completed 42 % :  mod = 1.6738759897531268e-10,  Error =6.885545147383709e-07
Completed 42 % :  mod = 1.6688102276998876e-10,  Error =6.911292800282354e-07
Completed 42 % :  mod = 1.6481222174830985e-10,  Error =6.937251271210698e-07
Completed 42 % :  mod = 1.61272478058093e-10,  Error =6.963648431224101e-07
Completed 43 % :  mod = 1.5643357038596643e-10,  Error =6.990699361608677e-07
Completed 43 % :  mod = 1.505291254161914e-10,  Error =7.018573171535536e-07
Completed 43 % :  mod = 1.43826760000942e-10,  Error =7.047404366744559e-07
Completed 43 % :  mod = 1.3659651804892157e-10,  Error =7.077270112176848e-07
Completed 44 % :  mod = 1.2908224915123683e-10,  Error =7.108218156304247e-07
Completed 44 % :  mod = 1.2148169706680018e-10,  Error =7.140244306924615e-07
Completed 44 % :  mod = 1.1393845728647679e-10,  Error =7.173323339770832e-07
Completed 44 % :  mod = 1.0654559783175567e-10,  Error =7.207406724774046e-07
Completed 45 % :  mod = 9.935778019011195e-11,  Error =7.242422910280766e-07
Completed 45 % :  mod = 9.240702675005307e-11,  Error =7.278301410451604e-07
Completed 45 % :  mod = 8.571717402659373e-11,  Error =7.314962147120241e-07
Completed 45 % :  mod = 7.931333662132226e-11,  Error =7.352323905251978e-07
Completed 46 % :  mod = 7.322484779565463e-11,  Error =7.390311154154006e-07
Completed 46 % :  mod = 6.74824251719326e-11,  Error =7.42884694204804e-07
Completed 46 % :  mod = 6.211202168049021e-11,  Error =7.467861280474608e-07
Completed 46 % :  mod = 5.7125009952623944e-11,  Error =7.507323402933253e-07
Completed 47 % :  mod = 5.2528299039498035e-11,  Error =7.547113014538809e-07
Completed 47 % :  mod = 4.8302465158049036e-11,  Error =7.587210149040402e-07
Completed 47 % :  mod = 4.4419650784325863e-11,  Error =7.627570823842689e-07
Completed 47 % :  mod = 4.084535952087872e-11,  Error =7.668156882800758e-07
Completed 48 % :  mod = 3.7544609785255556e-11,  Error =7.708934077754748e-07
Completed 48 % :  mod = 3.448712152230013e-11,  Error =7.74987526597215e-07
Completed 48 % :  mod = 3.165038799329847e-11,  Error =7.79095330472046e-07
Completed 48 % :  mod = 2.902013793178426e-11,  Error =7.832149648834275e-07
Completed 49 % :  mod = 2.6588446551222358e-11,  Error =7.873441774108869e-07
Completed 49 % :  mod = 2.435042583100824e-11,  Error =7.914817743426283e-07
Completed 49 % :  mod = 2.230076475238277e-11,  Error =7.956264198583085e-07
Completed 49 % :  mod = 2.0431239446957013e-11,  Error =7.997770765655332e-07
Completed 50 % :  mod = 1.8729765555964513e-11,  Error =8.039325578579337e-07
Completed 50 % :  mod = 1.7180933338319534e-11,  Error =8.080922313524752e-07
Completed 50 % :  mod = 1.5767551715936222e-11,  Error =8.122553296630031e-07
Completed 50 % :  mod = 1.4472611546204462e-11,  Error =8.164214264638758e-07
Completed 51 % :  mod = 1.3281133789967081e-11,  Error =8.20589974637187e-07
Completed 51 % :  mod = 1.2181456428083096e-11,  Error =8.247609812883638e-07
Completed 51 % :  mod = 1.1165636214389201e-11,  Error =8.289336577149697e-07
Completed 51 % :  mod = 1.0228880452197979e-11,  Error =8.331078262813207e-07
Completed 52 % :  mod = 9.368265752523493e-12,  Error =8.372831459269037e-07
Completed 52 % :  mod = 8.581269065302097e-12,  Error =8.414595242811629e-07
Completed 52 % :  mod = 7.864641544612455e-12,  Error =8.456366060727305e-07
Completed 52 % :  mod = 7.213896667424992e-12,  Error =8.498149526303678e-07
Completed 53 % :  mod = 6.623366657391106e-12,  Error =8.539934057694154e-07
Completed 53 % :  mod = 6.0866225110962406e-12,  Error =8.581725552403441e-07
Completed 53 % :  mod = 5.597080131398448e-12,  Error =8.623519889283671e-07
Completed 53 % :  mod = 5.148679106688408e-12,  Error =8.66532097631989e-07
Completed 54 % :  mod = 4.736495755410106e-12,  Error =8.707123413387308e-07
Completed 54 % :  mod = 4.3570860927989724e-12,  Error =8.748927697865838e-07
Completed 54 % :  mod = 4.008397030114279e-12,  Error =8.790735108732406e-07
Completed 54 % :  mod = 3.689283152229611e-12,  Error =8.832540601133587e-07
Completed 55 % :  mod = 3.398880325326085e-12,  Error =8.874347585674514e-07
Completed 55 % :  mod = 3.1361265020271853e-12,  Error =8.916158193983392e-07
Completed 55 % :  mod = 2.899556784050782e-12,  Error =8.957970933920478e-07
Completed 55 % :  mod = 2.687302316562821e-12,  Error =8.9997843844003e-07
Completed 56 % :  mod = 2.4971706382508537e-12,  Error =9.041596911174565e-07
Completed 56 % :  mod = 2.3267784244954107e-12,  Error =9.083408727406095e-07
Completed 56 % :  mod = 2.1737847745161595e-12,  Error =9.125223598971388e-07
Completed 56 % :  mod = 2.0362134947603297e-12,  Error =9.167036409962748e-07
Completed 57 % :  mod = 1.912722204706888e-12,  Error =9.208850642039579e-07
Completed 57 % :  mod = 1.8026471894528133e-12,  Error =9.250664589899316e-07
Completed 57 % :  mod = 1.7057938177981947e-12,  Error =9.292480740441533e-07
Completed 57 % :  mod = 1.6221251707804286e-12,  Error =9.334295540952553e-07
Completed 58 % :  mod = 1.5515423211003295e-12,  Error =9.376110838843488e-07
Completed 58 % :  mod = 1.493817661335022e-12,  Error =9.417927131494253e-07
Completed 58 % :  mod = 1.4485653658656532e-12,  Error =9.459773693265561e-07
Completed 58 % :  mod = 1.4153341054497483e-12,  Error =9.501593112304363e-07
Completed 59 % :  mod = 1.3933852820499938e-12,  Error =9.54341025760641e-07
Completed 59 % :  mod = 1.3819179384050635e-12,  Error =9.585226692365723e-07
Completed 59 % :  mod = 1.3802635997063602e-12,  Error =9.627047461435723e-07
Completed 59 % :  mod = 1.3881419284331684e-12,  Error =9.668865459389053e-07
Completed 60 % :  mod = 1.405762833105831e-12,  Error =9.710683741559478e-07
Completed 60 % :  mod = 1.4337174040561793e-12,  Error =9.752497547310668e-07
Completed 60 % :  mod = 1.4727701235483478e-12,  Error =9.794313342581518e-07
Completed 60 % :  mod = 1.5237062180596134e-12,  Error =9.836128924689547e-07
Completed 61 % :  mod = 1.587272596709088e-12,  Error =9.877945359448859e-07
Completed 61 % :  mod = 1.6641292686609439e-12,  Error =9.91976477848766e-07
Completed 61 % :  mod = 1.7547486781860437e-12,  Error =9.961579223727313e-07
Completed 61 % :  mod = 1.8593328784045308e-12,  Error =1.0003393029478502e-06
Completed 62 % :  mod = 1.9778906619624903e-12,  Error =1.0045210814269012e-06
Completed 62 % :  mod = 2.110519591529059e-12,  Error =1.0087029522765079e-06
Completed 62 % :  mod = 2.2577586983981154e-12,  Error =1.0128841694267976e-06
Completed 62 % :  mod = 2.4208049773479134e-12,  Error =1.017065599739908e-06
Completed 63 % :  mod = 2.6014962104812318e-12,  Error =1.021246802679343e-06
Completed 63 % :  mod = 2.802132682457812e-12,  Error =1.025428282730445e-06
Completed 63 % :  mod = 3.025266098627002e-12,  Error =1.0296096988327008e-06
Completed 63 % :  mod = 3.2734981750508776e-12,  Error =1.0337908094015802e-06
Completed 64 % :  mod = 3.5492463170512406e-12,  Error =1.0379717423347756e-06
Completed 64 % :  mod = 3.854481481824422e-12,  Error =1.0421527179005352e-06
Completed 64 % :  mod = 4.1905789012563665e-12,  Error =1.046333636622876e-06
Completed 64 % :  mod = 4.5584702457462e-12,  Error =1.0505139229621818e-06
Completed 65 % :  mod = 4.959145801444819e-12,  Error =1.0546940458766585e-06
Completed 65 % :  mod = 5.394328436343341e-12,  Error =1.058873827730622e-06
Completed 65 % :  mod = 5.867028158201825e-12,  Error =1.0630532898403544e-06
Completed 65 % :  mod = 6.381772965273398e-12,  Error =1.0672323753624369e-06
Completed 66 % :  mod = 6.944488331514276e-12,  Error =1.0714111482457156e-06
Completed 66 % :  mod = 7.562097408064468e-12,  Error =1.0755894450653614e-06
Completed 66 % :  mod = 8.241904962001672e-12,  Error =1.0797669389717157e-06
Completed 66 % :  mod = 8.990829540577646e-12,  Error =1.0839433883802485e-06
Completed 67 % :  mod = 9.814658416682492e-12,  Error =1.0881191414569003e-06
Completed 67 % :  mod = 1.0717646352746352e-11,  Error =1.0922938500357304e-06
Completed 67 % :  mod = 1.1702778922102855e-11,  Error =1.0964670238422514e-06
Completed 67 % :  mod = 1.2772785489283378e-11,  Error =1.1006387055090272e-06
Completed 68 % :  mod = 1.393163906478602e-11,  Error =1.1048081063336213e-06
Completed 68 % :  mod = 1.5186048023333235e-11,  Error =1.108975077102059e-06
Completed 68 % :  mod = 1.6546449059574655e-11,  Error =1.113139369124383e-06
Completed 68 % :  mod = 1.8027181904963697e-11,  Error =1.1173010463494393e-06
Completed 69 % :  mod = 1.9645725434624797e-11,  Error =1.1214585455832093e-06
Completed 69 % :  mod = 2.1421059740123097e-11,  Error =1.1256112912860772e-06
Completed 69 % :  mod = 2.337145091907918e-11,  Error =1.1297588002889825e-06
Completed 69 % :  mod = 2.5512248340900314e-11,  Error =1.1338994951870518e-06
Completed 70 % :  mod = 2.7854494587533758e-11,  Error =1.138032736491823e-06
Completed 70 % :  mod = 3.0406980256702465e-11,  Error =1.1421602010841525e-06
Completed 70 % :  mod = 3.317066036752218e-11,  Error =1.1462732345535187e-06
Completed 70 % :  mod = 3.615301106150381e-11,  Error =1.1503736629947525e-06
Completed 71 % :  mod = 3.936456157493576e-11,  Error =1.1544589781919967e-06
Completed 71 % :  mod = 4.282358194961785e-11,  Error =1.15852662929683e-06
Completed 71 % :  mod = 4.655704645118267e-11,  Error =1.1625733691289497e-06
Completed 71 % :  mod = 5.05988912067518e-11,  Error =1.166595779977797e-06
Completed 72 % :  mod = 5.498548103572387e-11,  Error =1.1705893427915726e-06
Completed 72 % :  mod = 5.974904898603832e-11,  Error =1.1745497303650154e-06
Completed 72 % :  mod = 6.491069651309721e-11,  Error =1.1784709172957264e-06
Completed 72 % :  mod = 7.047498662216078e-11,  Error =1.1823472618743835e-06
Completed 73 % :  mod = 7.642790568198414e-11,  Error =1.186171772360467e-06
Completed 73 % :  mod = 8.273895919591984e-11,  Error =1.1899375707002946e-06
Completed 73 % :  mod = 8.936669503421802e-11,  Error =1.1936362014353108e-06
Completed 73 % :  mod = 9.626551643310747e-11,  Error =1.1972604738730297e-06
Completed 74 % :  mod = 1.033907603327829e-10,  Error =1.2008017051812203e-06
Completed 74 % :  mod = 1.1069905308999371e-10,  Error =1.2042531949418844e-06
Completed 74 % :  mod = 1.1814210855293877e-10,  Error =1.207606956654672e-06
Completed 74 % :  mod = 1.256543013199286e-10,  Error =1.2108575262459453e-06
Completed 75 % :  mod = 1.3313698638282764e-10,  Error =1.214001642324547e-06
Completed 75 % :  mod = 1.4044468281448156e-10,  Error =1.217037315370817e-06
Completed 75 % :  mod = 1.4737888237096892e-10,  Error =1.2199678565139038e-06
Completed 75 % :  mod = 1.536938815364511e-10,  Error =1.2227979979684278e-06
Completed 76 % :  mod = 1.5911599717318256e-10,  Error =1.2255395205329478e-06
Completed 76 % :  mod = 1.633737908547145e-10,  Error =1.228207253234359e-06
Completed 76 % :  mod = 1.6623362974132883e-10,  Error =1.2308199544008858e-06
Completed 76 % :  mod = 1.6753297114756735e-10,  Error =1.2334000842884052e-06
Completed 77 % :  mod = 1.6720378074310968e-10,  Error =1.2359725758415152e-06
Completed 77 % :  mod = 1.6528068660517668e-10,  Error =1.238561814886907e-06
Completed 77 % :  mod = 1.6189236743290241e-10,  Error =1.2411917253984939e-06
Completed 77 % :  mod = 1.5723901383951464e-10,  Error =1.2438831831218522e-06
Completed 78 % :  mod = 1.5156191297987894e-10,  Error =1.24665351108888e-06
Completed 78 % :  mod = 1.4511228501922137e-10,  Error =1.249516799362027e-06
Completed 78 % :  mod = 1.3812550348271238e-10,  Error =1.2524819226200634e-06
Completed 78 % :  mod = 1.3080454569621257e-10,  Error =1.2555539754544043e-06
Completed 79 % :  mod = 1.233137776060069e-10,  Error =1.2587337252512043e-06
Completed 79 % :  mod = 1.1578157476488867e-10,  Error =1.2620187277434525e-06
Completed 79 % :  mod = 1.0830834245507119e-10,  Error =1.2654053662686238e-06
Completed 79 % :  mod = 1.00975756249623e-10,  Error =1.268887338312652e-06
Completed 80 % :  mod = 9.385374670576851e-11,  Error =1.2724569558031362e-06
Completed 80 % :  mod = 8.700352761480911e-11,  Error =1.2761069498878896e-06
Completed 80 % :  mod = 8.047693942661198e-11,  Error =1.279829049849468e-06
Completed 80 % :  mod = 7.43137072979435e-11,  Error =1.2836152336603845e-06
Completed 81 % :  mod = 6.853857585934586e-11,  Error =1.2874580264110591e-06
Completed 81 % :  mod = 6.3159899174342e-11,  Error =1.291349981613621e-06
Completed 81 % :  mod = 5.817053740057773e-11,  Error =1.2952852515013547e-06
Completed 81 % :  mod = 5.3547907478009425e-11,  Error =1.299260212306308e-06
Completed 82 % :  mod = 4.9271968546021586e-11,  Error =1.3032638364052218e-06
Completed 82 % :  mod = 4.5310621572090454e-11,  Error =1.3072952498305312e-06
Completed 82 % :  mod = 4.1637728007060405e-11,  Error =1.3113493579908209e-06
Completed 82 % :  mod = 3.8232183171333306e-11,  Error =1.3154233187151476e-06
Completed 83 % :  mod = 3.507830246546095e-11,  Error =1.3195140056154742e-06
Completed 83 % :  mod = 3.2164516885873954e-11,  Error =1.3236193510124394e-06
Completed 83 % :  mod = 2.9481206171325464e-11,  Error =1.327736462997109e-06
Completed 83 % :  mod = 2.7018486091981856e-11,  Error =1.3318641407522591e-06
Completed 84 % :  mod = 2.4764554537650136e-11,  Error =1.3359999044837423e-06
Completed 84 % :  mod = 2.2704963790617923e-11,  Error =1.340143569450447e-06
Completed 84 % :  mod = 2.0822948068603938e-11,  Error =1.3442930466567304e-06
Completed 84 % :  mod = 1.9100645963694722e-11,  Error =1.3484476397707112e-06
Completed 85 % :  mod = 1.7520758030659287e-11,  Error =1.3526065671953802e-06
Completed 85 % :  mod = 1.606803232638513e-11,  Error =1.3567693528671043e-06
Completed 85 % :  mod = 1.4730100851121226e-11,  Error =1.3609351015020366e-06
Completed 85 % :  mod = 1.3497528636481851e-11,  Error =1.365103358352826e-06
Completed 86 % :  mod = 1.2363257697189757e-11,  Error =1.3692736189341304e-06
Completed 86 % :  mod = 1.1321750623913444e-11,  Error =1.373445634555992e-06
Completed 86 % :  mod = 1.0368082316103197e-11,  Error =1.3776190357361884e-06
Completed 86 % :  mod = 9.497146514463599e-12,  Error =1.3817945330174553e-06
Completed 87 % :  mod = 8.703129916688298e-12,  Error =1.3859706982088937e-06
Completed 87 % :  mod = 7.979399814254135e-12,  Error =1.3901477800004614e-06
Completed 87 % :  mod = 7.318842397917325e-12,  Error =1.3943254089099355e-06
Completed 87 % :  mod = 6.7144891510910225e-12,  Error =1.398503542304752e-06
Completed 88 % :  mod = 6.160128661216727e-12,  Error =1.4026826917756807e-06
Completed 88 % :  mod = 5.650651658540738e-12,  Error =1.4068624381025074e-06
Completed 88 % :  mod = 5.182076464129967e-12,  Error =1.4110424473301464e-06
Completed 88 % :  mod = 4.751371861469271e-12,  Error =1.4152227905128711e-06
Completed 89 % :  mod = 4.356207923211124e-12,  Error =1.419402977376194e-06
Completed 89 % :  mod = 3.994673690975974e-12,  Error =1.4235836971465687e-06
Completed 89 % :  mod = 3.664954558658212e-12,  Error =1.427764942718568e-06
Completed 89 % :  mod = 3.365025999489599e-12,  Error =1.4319462167122765e-06
Completed 90 % :  mod = 3.092498477718847e-12,  Error =1.4361273201757285e-06
Completed 90 % :  mod = 2.844709152160815e-12,  Error =1.440308551536873e-06
Completed 90 % :  mod = 2.6190005965506936e-12,  Error =1.4444895199972052e-06
Completed 90 % :  mod = 2.413001390596923e-12,  Error =1.4486710995242902e-06
Completed 91 % :  mod = 2.224756008843852e-12,  Error =1.4528523664125714e-06
Completed 91 % :  mod = 2.0527037896064228e-12,  Error =1.4570344220032894e-06
Completed 91 % :  mod = 1.8956162218631952e-12,  Error =1.4612158665272545e-06
Completed 91 % :  mod = 1.7525654209599375e-12,  Error =1.4653974247380575e-06
Completed 92 % :  mod = 1.622884054691968e-12,  Error =1.4695791819008264e-06
Completed 92 % :  mod = 1.5060407661336154e-12,  Error =1.4737607401116293e-06
Completed 92 % :  mod = 1.401446649064106e-12,  Error =1.477942610961236e-06
Completed 92 % :  mod = 1.3083165537840337e-12,  Error =1.4821240696960558e-06
Completed 93 % :  mod = 1.2256942103756182e-12,  Error =1.4863058410696794e-06
Completed 93 % :  mod = 1.15261308221805e-12,  Error =1.4904876621812946e-06
Completed 93 % :  mod = 1.0882074449958711e-12,  Error =1.4946724178344084e-06
Completed 93 % :  mod = 1.0319303333059764e-12,  Error =1.4988541323646132e-06
Completed 94 % :  mod = 9.832252327377343e-13,  Error =1.503035989003365e-06
Completed 94 % :  mod = 9.416890783674382e-13,  Error =1.5072177177444246e-06
Completed 94 % :  mod = 9.070671820745439e-13,  Error =1.5113997093862963e-06
Completed 94 % :  mod = 8.792992136040293e-13,  Error =1.515581303124236e-06
Completed 95 % :  mod = 8.584649803634787e-13,  Error =1.5197631455521332e-06
Completed 95 % :  mod = 8.446322524084825e-13,  Error =1.5239449524528936e-06
Completed 95 % :  mod = 8.377274724553288e-13,  Error =1.5281270009381842e-06
Completed 95 % :  mod = 8.375418492348143e-13,  Error =1.5323089641583465e-06
Completed 96 % :  mod = 8.438542830778871e-13,  Error =1.5364908776405173e-06
Completed 96 % :  mod = 8.565452820609891e-13,  Error =1.5406722226884995e-06
Completed 96 % :  mod = 8.756108688859089e-13,  Error =1.544854249857508e-06
Completed 96 % :  mod = 9.011153618726694e-13,  Error =1.5490361420233967e-06
Completed 97 % :  mod = 9.33190850633519e-13,  Error =1.5532178423427467e-06
Completed 97 % :  mod = 9.721185076329796e-13,  Error =1.557399428975259e-06
Completed 97 % :  mod = 1.0184023868689169e-12,  Error =1.5615812287705921e-06
Completed 97 % :  mod = 1.0727239512339529e-12,  Error =1.5657630001442158e-06
Completed 98 % :  mod = 1.1357803373152346e-12,  Error =1.5699445157224545e-06
Completed 98 % :  mod = 1.2081341625105498e-12,  Error =1.5741263297286423e-06
Completed 98 % :  mod = 1.2901957024718057e-12,  Error =1.578308342686796e-06
Completed 98 % :  mod = 1.3823281125002847e-12,  Error =1.5824899577410179e-06
Completed 99 % :  mod = 1.4849610209413102e-12,  Error =1.5866717077983594e-06
Completed 99 % :  mod = 1.5986312870509217e-12,  Error =1.5908533512742906e-06
Completed 99 % :  mod = 1.723990140394636e-12,  Error =1.59503521501847e-06
Completed 99 % :  mod = 1.861869713805112e-12,  Error =1.5992168016509822e-06
Completed 100 % :  mod = 2.0134182128395915e-12,  Error =1.6033980614338361e-06
Finished 10/31 frames
Finished all frames!
