/opt/local/miniconda_23_9/lib/python3.11/site-packages/conda/base/context.py:201: FutureWarning: Adding 'defaults' to channel list implicitly is deprecated and will be removed in 25.3. 

To remove this warning, please choose a default channel explicitly with conda's regular configuration system, e.g. by adding 'defaults' to the list of channels:

  conda config --add channels defaults

For more information see https://docs.conda.io/projects/conda/en/stable/user-guide/configuration/use-condarc.html

  deprecated.topic(
JOB 14509 ARRAY_ID 6  -> i=6 ; range=[1.95e-10, 2.05e-10] ; intervals=20 (frames=21)
Analytic t0 extension enabled (--extend-time-using-t0).
Completed 0 % :  mod = 1.5828571428476786e-16,  Error =-1.4210854715202004e-14
Completed 0 % :  mod = 1.5823297511006786e-16,  Error =1.8765291542877094e-09
Completed 0 % :  mod = 1.5807479036299962e-16,  Error =3.75317199541314e-09
Completed 0 % :  mod = 1.5781126809403066e-16,  Error =5.629352983760327e-09
Completed 0 % :  mod = 1.5744258139070417e-16,  Error =7.505711607791454e-09
Completed 1 % :  mod = 1.5696918902806737e-16,  Error =9.381039944855729e-09
Completed 1 % :  mod = 1.563910277785022e-16,  Error =1.1257199616920843e-08
Completed 1 % :  mod = 1.557086476654172e-16,  Error =1.3132954279626574e-08
Completed 1 % :  mod = 1.5492250699857053e-16,  Error =1.5009305798230343e-08
Completed 2 % :  mod = 1.5403350631915531e-16,  Error =1.6884698084140837e-08
Completed 2 % :  mod = 1.530415223255615e-16,  Error =1.8760985653898388e-08
Completed 2 % :  mod = 1.5194755337308964e-16,  Error =2.063753612446817e-08
Completed 2 % :  mod = 1.5075233012071456e-16,  Error =2.2513390263156907e-08
Completed 3 % :  mod = 1.494571855699934e-16,  Error =2.4388569386246672e-08
Completed 3 % :  mod = 1.4806194554770842e-16,  Error =2.6264942221132515e-08
Completed 3 % :  mod = 1.4656804009404237e-16,  Error =2.8141428742856078e-08
Completed 3 % :  mod = 1.4497646260121212e-16,  Error =3.001741077923725e-08
Completed 4 % :  mod = 1.4328827821935272e-16,  Error =3.18934141319005e-08
Completed 4 % :  mod = 1.415053427798672e-16,  Error =3.376919721631566e-08
Completed 4 % :  mod = 1.396274129365591e-16,  Error =3.56451010929959e-08
Completed 4 % :  mod = 1.3765644006019226e-16,  Error =3.752064969830826e-08
Completed 5 % :  mod = 1.3559373223350782e-16,  Error =3.939706516575825e-08
Completed 5 % :  mod = 1.3344154734938532e-16,  Error =4.1272123496582935e-08
Completed 5 % :  mod = 1.3119959532592372e-16,  Error =4.314829027407541e-08
Completed 5 % :  mod = 1.288702132068474e-16,  Error =4.502424388874715e-08
Completed 6 % :  mod = 1.2645495211090127e-16,  Error =4.6900254346837755e-08
Completed 6 % :  mod = 1.2395644500567388e-16,  Error =4.877542636450016e-08
Completed 6 % :  mod = 1.213743460262716e-16,  Error =5.065148656058227e-08
Completed 6 % :  mod = 1.1871136553336903e-16,  Error =5.25274757023908e-08
Completed 7 % :  mod = 1.1596928108640378e-16,  Error =5.440356432018234e-08
Completed 7 % :  mod = 1.131510587482573e-16,  Error =5.6278686599853245e-08
Completed 7 % :  mod = 1.1025632101437752e-16,  Error =5.815474679593535e-08
Completed 7 % :  mod = 1.0728811325358715e-16,  Error =6.003075725402596e-08
Completed 8 % :  mod = 1.0424840612029801e-16,  Error =6.190681745010806e-08
Completed 8 % :  mod = 1.0113923215237152e-16,  Error =6.378297001674582e-08
Completed 8 % :  mod = 9.796394913440797e-17,  Error =6.565857546547704e-08
Completed 8 % :  mod = 9.472211871238149e-17,  Error =6.753448644758464e-08
Completed 9 % :  mod = 9.141716758537717e-17,  Error =6.94109729693082e-08
Completed 9 % :  mod = 8.805130241277534e-17,  Error =7.128691947855259e-08
Completed 9 % :  mod = 8.462813926632257e-17,  Error =7.316253203271117e-08
Completed 9 % :  mod = 8.114722014645346e-17,  Error =7.503854959622913e-08
Completed 10 % :  mod = 7.761223117677269e-17,  Error =7.69150361179527e-08
Completed 10 % :  mod = 7.402551756941321e-17,  Error =7.879147290168476e-08
Completed 10 % :  mod = 7.039094272312475e-17,  Error =8.066680834417639e-08
Completed 10 % :  mod = 6.670801715377981e-17,  Error =8.254291117282264e-08
Completed 11 % :  mod = 6.298063238426895e-17,  Error =8.441908505574247e-08
Completed 11 % :  mod = 5.921128029618749e-17,  Error =8.629567105344904e-08
Completed 11 % :  mod = 5.540401076581447e-17,  Error =8.817155361384721e-08
Completed 11 % :  mod = 5.155829460435303e-17,  Error =9.00479690812972e-08
Completed 12 % :  mod = 4.767822263352254e-17,  Error =9.19236953222935e-08
Completed 12 % :  mod = 4.3766383204857257e-17,  Error =9.380006815717934e-08
Completed 12 % :  mod = 3.9825370460155724e-17,  Error =9.567590808501336e-08
Completed 12 % :  mod = 3.585941672072086e-17,  Error =9.755138563605215e-08
Completed 13 % :  mod = 3.186798576672057e-17,  Error =9.94276234678182e-08
Completed 13 % :  mod = 2.785531188401173e-17,  Error =1.0130366234761823e-07
Completed 13 % :  mod = 2.38240769472366e-17,  Error =1.0318032650502573e-07
Completed 13 % :  mod = 1.9778596874638755e-17,  Error =1.0505539194127778e-07
Completed 14 % :  mod = 1.571831026907621e-17,  Error =1.0693155161334289e-07
Completed 14 % :  mod = 1.1647552642633298e-17,  Error =1.0880702916438167e-07
Completed 14 % :  mod = 7.56903694092404e-18,  Error =1.1068304672789964e-07
Completed 14 % :  mod = 3.487107878417081e-18,  Error =1.1255863086034879e-07
Completed 15 % :  mod = 5.9877665838153e-19,  Error =1.1443463421301203e-07
Completed 15 % :  mod = 4.6842600125830526e-18,  Error =1.1631065177653e-07
Completed 15 % :  mod = 8.7666282045977e-18,  Error =1.1818683987030454e-07
Completed 15 % :  mod = 1.284151744310395e-17,  Error =1.2006223215621503e-07
Completed 16 % :  mod = 1.6909482507798883e-17,  Error =1.2193827103601507e-07
Completed 16 % :  mod = 2.0966185973743e-17,  Error =1.238141607018406e-07
Completed 16 % :  mod = 2.5008913913045306e-17,  Error =1.256901214219397e-07
Completed 16 % :  mod = 2.903497493848649e-17,  Error =1.2756660794366326e-07
Completed 17 % :  mod = 3.3040091130432376e-17,  Error =1.2944188654273603e-07
Completed 17 % :  mod = 3.70247958135829e-17,  Error =1.3131827358847659e-07
Completed 17 % :  mod = 4.0984826474542794e-17,  Error =1.3319454694737942e-07
Completed 17 % :  mod = 4.491755128309685e-17,  Error =1.3507101925824827e-07
Completed 18 % :  mod = 4.8818779587165516e-17,  Error =1.3694679523723607e-07
Completed 18 % :  mod = 5.2689045176737826e-17,  Error =1.388232391263955e-07
Completed 18 % :  mod = 5.65242073407637e-17,  Error =1.4069941300931532e-07
Completed 18 % :  mod = 6.03216962358751e-17,  Error =1.4257543767826064e-07
Completed 19 % :  mod = 6.407748990313864e-17,  Error =1.4445069496105134e-07
Completed 19 % :  mod = 6.779210388287108e-17,  Error =1.4632701805794568e-07
Completed 19 % :  mod = 7.146153632696768e-17,  Error =1.4820321325714758e-07
Completed 19 % :  mod = 7.50833484484887e-17,  Error =1.5007956477575135e-07
Completed 20 % :  mod = 7.865513154918917e-17,  Error =1.519553833873033e-07
Completed 20 % :  mod = 8.217309522900844e-17,  Error =1.5383076856778644e-07
Completed 20 % :  mod = 8.563772054517148e-17,  Error =1.557066866553214e-07
Completed 20 % :  mod = 8.904528446113878e-17,  Error =1.5758292448708744e-07
Completed 21 % :  mod = 9.239350447540757e-17,  Error =1.5945923337312706e-07
Completed 21 % :  mod = 9.567884790637678e-17,  Error =1.6133434144194325e-07
Completed 21 % :  mod = 9.890176970338334e-17,  Error =1.6321043716516215e-07
Completed 21 % :  mod = 1.0205877782007375e-16,  Error =1.6508648315038954e-07
Completed 22 % :  mod = 1.0514777721475159e-16,  Error =1.6696261440074522e-07
Completed 22 % :  mod = 1.081655171710071e-16,  Error =1.688380280029378e-07
Completed 22 % :  mod = 1.111123959763052e-16,  Error =1.707139389850454e-07
Completed 22 % :  mod = 1.1398523219061248e-16,  Error =1.7258994233770864e-07
Completed 23 % :  mod = 1.167821158538945e-16,  Error =1.7446570410584172e-07
Completed 23 % :  mod = 1.1950009713668937e-16,  Error =1.7634123850029937e-07
Completed 23 % :  mod = 1.2213955214768183e-16,  Error =1.782174123832192e-07
Completed 23 % :  mod = 1.2469762023781974e-16,  Error =1.8009355073900224e-07
Completed 24 % :  mod = 1.27172585265826e-16,  Error =1.8196976725448621e-07
Completed 24 % :  mod = 1.2956280589857013e-16,  Error =1.838460974568079e-07
Completed 24 % :  mod = 1.318657850328792e-16,  Error =1.8572116289305995e-07
Completed 24 % :  mod = 1.3408182676102594e-16,  Error =1.87597301248843e-07
Completed 25 % :  mod = 1.3620851954133198e-16,  Error =1.8947365276744677e-07
Completed 25 % :  mod = 1.3824444956703413e-16,  Error =1.913502458705807e-07
Completed 25 % :  mod = 1.401874879337296e-16,  Error =1.9322555999679025e-07
Completed 25 % :  mod = 1.420379078178157e-16,  Error =1.9510189019911195e-07
Completed 26 % :  mod = 1.437936798867559e-16,  Error =1.9697811382002328e-07
Completed 26 % :  mod = 1.4545362442590033e-16,  Error =1.9885415269982332e-07
Completed 26 % :  mod = 1.4701603671940408e-16,  Error =2.0072997131137527e-07
Completed 26 % :  mod = 1.484811293009858e-16,  Error =2.0260578281749986e-07
Completed 27 % :  mod = 1.4984727045348967e-16,  Error =2.0448199933298383e-07
Completed 27 % :  mod = 1.5111355880854191e-16,  Error =2.0635827269188667e-07
Completed 27 % :  mod = 1.522787025168209e-16,  Error =2.0823378577006224e-07
Completed 27 % :  mod = 1.5334285134971628e-16,  Error =2.1011015860494808e-07
Completed 28 % :  mod = 1.5430481747586843e-16,  Error =2.119865669669707e-07
Completed 28 % :  mod = 1.551639599337002e-16,  Error =2.1386242110565945e-07
Completed 28 % :  mod = 1.5591969721524097e-16,  Error =2.1573898578708395e-07
Completed 28 % :  mod = 1.5657129524939587e-16,  Error =2.1761471202808025e-07
Completed 29 % :  mod = 1.5711884089012924e-16,  Error =2.1949097117612837e-07
Completed 29 % :  mod = 1.5756168014776926e-16,  Error =2.2136731558930478e-07
Completed 29 % :  mod = 1.57899526817824e-16,  Error =2.2324369552961798e-07
Completed 29 % :  mod = 1.5813208047863474e-16,  Error =2.2511924413493034e-07
Completed 30 % :  mod = 1.5825936692789682e-16,  Error =2.2699583723806427e-07
Completed 30 % :  mod = 1.5828119777522574e-16,  Error =2.2887196848841995e-07
Completed 30 % :  mod = 1.581975518758171e-16,  Error =2.307481707930492e-07
Completed 30 % :  mod = 1.5800857941465085e-16,  Error =2.326235986060965e-07
Completed 31 % :  mod = 1.5771426038429593e-16,  Error =2.3450014907666628e-07
Completed 31 % :  mod = 1.5731484247364702e-16,  Error =2.3637621637817574e-07
Completed 31 % :  mod = 1.5681058769216314e-16,  Error =2.382522694688305e-07
Completed 31 % :  mod = 1.562021048964739e-16,  Error =2.401275551733306e-07
Completed 32 % :  mod = 1.5548930614694047e-16,  Error =2.4200350878800236e-07
Completed 32 % :  mod = 1.5467289149685497e-16,  Error =2.4387982477946935e-07
Completed 32 % :  mod = 1.5375340657522897e-16,  Error =2.4575601997867125e-07
Completed 32 % :  mod = 1.5273146354741456e-16,  Error =2.4763198069877035e-07
Completed 33 % :  mod = 1.5160821286654741e-16,  Error =2.4950706745130447e-07
Completed 33 % :  mod = 1.503835046578403e-16,  Error =2.5138308501482243e-07
Completed 33 % :  mod = 1.4905858387981392e-16,  Error =2.5325910968376775e-07
Completed 33 % :  mod = 1.476343324620976e-16,  Error =2.5513466539450746e-07
Completed 34 % :  mod = 1.461123291305892e-16,  Error =2.5700978767417837e-07
Completed 34 % :  mod = 1.444923682275089e-16,  Error =2.5888595445167084e-07
Completed 34 % :  mod = 1.427761192618268e-16,  Error =2.6076201464775295e-07
Completed 34 % :  mod = 1.4096472472506518e-16,  Error =2.626381174763992e-07
Completed 35 % :  mod = 1.3906017610624756e-16,  Error =2.6451382240111343e-07
Completed 35 % :  mod = 1.3706221336046887e-16,  Error =2.6638969785608424e-07
Completed 35 % :  mod = 1.349729158129939e-16,  Error =2.6826545962421733e-07
Completed 35 % :  mod = 1.327936734374445e-16,  Error =2.7014183245910317e-07
Completed 36 % :  mod = 1.3052593990034963e-16,  Error =2.7201814845057015e-07
Completed 36 % :  mod = 1.2817218909212628e-16,  Error =2.7389355494733536e-07
Completed 36 % :  mod = 1.2573210042858832e-16,  Error =2.7576958672170804e-07
Completed 36 % :  mod = 1.2320822498644363e-16,  Error =2.776457392883458e-07
Completed 37 % :  mod = 1.206022468020218e-16,  Error =2.7952197712011184e-07
Completed 37 % :  mod = 1.1791699478131898e-16,  Error =2.813974546711506e-07
Completed 37 % :  mod = 1.1515210093236015e-16,  Error =2.8327396250915626e-07
Completed 37 % :  mod = 1.1231047243310692e-16,  Error =2.8515062666656377e-07
Completed 38 % :  mod = 1.0939400197619839e-16,  Error =2.8702660870294494e-07
Completed 38 % :  mod = 1.0640584303262355e-16,  Error =2.889022567842403e-07
Completed 38 % :  mod = 1.0334559421299015e-16,  Error =2.907785727757073e-07
Completed 38 % :  mod = 1.0021647676539865e-16,  Error =2.9265459033922525e-07
Completed 39 % :  mod = 9.702057570198054e-17,  Error =2.94530842381846e-07
Completed 39 % :  mod = 9.37613437780102e-17,  Error =2.96406383881731e-07
Completed 39 % :  mod = 9.043833767637811e-17,  Error =2.982828704034546e-07
Completed 39 % :  mod = 8.705506257492993e-17,  Error =3.001592787654772e-07
Completed 40 % :  mod = 8.361377926167737e-17,  Error =3.0203531764527725e-07
Completed 40 % :  mod = 8.01167768038693e-17,  Error =3.0391136363050464e-07
Completed 40 % :  mod = 7.656781701213645e-17,  Error =3.057873811940226e-07
Completed 40 % :  mod = 7.29664233787472e-17,  Error =3.0766381797775466e-07
Completed 41 % :  mod = 6.931640558741025e-17,  Error =3.0954026897234144e-07
Completed 41 % :  mod = 6.562019286078951e-17,  Error =3.114166204909452e-07
Completed 41 % :  mod = 6.188176186967983e-17,  Error =3.13291998566001e-07
Completed 41 % :  mod = 5.810060131306508e-17,  Error =3.1516788112639915e-07
Completed 42 % :  mod = 5.4280721827844e-17,  Error =3.1704424685585764e-07
Completed 42 % :  mod = 5.0424672784664486e-17,  Error =3.189202004705294e-07
Completed 42 % :  mod = 4.6536588225432925e-17,  Error =3.20796111452637e-07
Completed 42 % :  mod = 4.261593637641302e-17,  Error =3.2267239191696717e-07
Completed 43 % :  mod = 3.866688917472297e-17,  Error =3.2454833842621156e-07
Completed 43 % :  mod = 3.469207674451797e-17,  Error =3.264246259959691e-07
Completed 43 % :  mod = 3.069574898468894e-17,  Error =3.2830014617957204e-07
Completed 43 % :  mod = 2.6677371278066243e-17,  Error =3.301761495322353e-07
Completed 44 % :  mod = 2.264121652950159e-17,  Error =3.320524228911381e-07
Completed 44 % :  mod = 1.858997012915485e-17,  Error =3.3392846177093816e-07
Completed 44 % :  mod = 1.4526338456893928e-17,  Error =3.3580465697014006e-07
Completed 44 % :  mod = 1.0454660540320763e-17,  Error =3.376801274157515e-07
Completed 45 % :  mod = 6.374380772557658e-18,  Error =3.3955657841033826e-07
Completed 45 % :  mod = 2.2898557587945666e-18,  Error =3.4143252491958265e-07
Completed 45 % :  mod = 1.796193542042307e-18,  Error =3.4330865616993833e-07
Completed 45 % :  mod = 5.87941295460606e-18,  Error =3.451840555612762e-07
Completed 46 % :  mod = 9.960348418100978e-18,  Error =3.4706000207052057e-07
Completed 46 % :  mod = 1.4034645912276523e-17,  Error =3.489360764774574e-07
Completed 46 % :  mod = 1.8099595490048394e-17,  Error =3.5081217930610364e-07
Completed 46 % :  mod = 2.2150856417754643e-17,  Error =3.526875786974415e-07
Completed 47 % :  mod = 2.6188983113200833e-17,  Error =3.5456363178809625e-07
Completed 47 % :  mod = 3.020966307026342e-17,  Error =3.564400685718283e-07
Completed 47 % :  mod = 3.4210207693457665e-17,  Error =3.583158942888076e-07
Completed 47 % :  mod = 3.818636398196534e-17,  Error =3.6019173421664163e-07
Completed 48 % :  mod = 4.2138680201436196e-17,  Error =3.6206755993362094e-07
Completed 48 % :  mod = 4.606291022699085e-17,  Error =3.63943698289404e-07
Completed 48 % :  mod = 4.9956445389471255e-17,  Error =3.6581980111805024e-07
Completed 48 % :  mod = 5.381669594147587e-17,  Error =3.67695854208705e-07
Completed 49 % :  mod = 5.763955141574576e-17,  Error =3.695713743923079e-07
Completed 49 % :  mod = 6.142553913992143e-17,  Error =3.7144744879924474e-07
Completed 49 % :  mod = 6.51705965715207e-17,  Error =3.733237861069938e-07
Completed 49 % :  mod = 6.887222061031118e-17,  Error =3.7520003814961456e-07
Completed 50 % :  mod = 7.252649347041789e-17,  Error =3.77074833579627e-07
Completed 50 % :  mod = 7.613391471723202e-17,  Error =3.7895137694476944e-07
Completed 50 % :  mod = 7.969059670527215e-17,  Error =3.808278279393562e-07
Completed 50 % :  mod = 8.319417504215487e-17,  Error =3.827042078796694e-07
Completed 51 % :  mod = 8.664094644027778e-17,  Error =3.8457905304767337e-07
Completed 51 % :  mod = 9.003137350039845e-17,  Error =3.864554969368328e-07
Completed 51 % :  mod = 9.336180422011246e-17,  Error =3.8833146476235925e-07
Completed 51 % :  mod = 9.663002490900425e-17,  Error =3.9020742548245835e-07
Completed 52 % :  mod = 9.98338486566306e-17,  Error =3.9208370594678854e-07
Completed 52 % :  mod = 1.0296990165176685e-16,  Error =3.939597590374433e-07
Completed 52 % :  mod = 1.0603861133999453e-16,  Error =3.958356984412603e-07
Completed 52 % :  mod = 1.0903665472999786e-16,  Error =3.9771193627302637e-07
Completed 53 % :  mod = 1.119620370240309e-16,  Error =3.995882948970575e-07
Completed 53 % :  mod = 1.1481168550461192e-16,  Error =4.0146370849925006e-07
Completed 53 % :  mod = 1.1758597783138936e-16,  Error =4.0333970474648595e-07
Completed 53 % :  mod = 1.2028191438896817e-16,  Error =4.0521598521081614e-07
Completed 54 % :  mod = 1.2289770143619001e-16,  Error =4.070919885634794e-07
Completed 54 % :  mod = 1.2543058539219328e-16,  Error =4.0896742348195403e-07
Completed 54 % :  mod = 1.2788092039367773e-16,  Error =4.1084371815713894e-07
Completed 54 % :  mod = 1.3024604116131213e-16,  Error =4.127197215098022e-07
Completed 55 % :  mod = 1.3252436193816344e-16,  Error =4.1459632882379083e-07
Completed 55 % :  mod = 1.3471351502312578e-16,  Error =4.164714582088891e-07
Completed 55 % :  mod = 1.3681379406531663e-16,  Error =4.1834707076304767e-07
Completed 55 % :  mod = 1.3882289583201912e-16,  Error =4.202233654382326e-07
Completed 56 % :  mod = 1.4073949362892828e-16,  Error =4.220992764203402e-07
Completed 56 % :  mod = 1.4256230491250435e-16,  Error =4.239755853063798e-07
Completed 56 % :  mod = 1.4428943512895186e-16,  Error =4.258508070620337e-07
Completed 56 % :  mod = 1.4592112943392486e-16,  Error =4.2772741437602235e-07
Completed 57 % :  mod = 1.4745558679673587e-16,  Error =4.2960374457834405e-07
Completed 57 % :  mod = 1.4889177298312526e-16,  Error =4.314797337201526e-07
Completed 57 % :  mod = 1.5022823158652826e-16,  Error =4.3335519706033665e-07
Completed 57 % :  mod = 1.5146513698695776e-16,  Error =4.3523149173552156e-07
Completed 58 % :  mod = 1.5260110086515318e-16,  Error =4.371080493115187e-07
Completed 58 % :  mod = 1.536353809816111e-16,  Error =4.3898406687503666e-07
Completed 58 % :  mod = 1.5456692924679662e-16,  Error =4.408594804772292e-07
Completed 58 % :  mod = 1.5539586296526038e-16,  Error =4.427359669989528e-07
Completed 59 % :  mod = 1.5612125150711445e-16,  Error =4.446115084988378e-07
Completed 59 % :  mod = 1.5674260202781013e-16,  Error =4.464879026500057e-07
Completed 59 % :  mod = 1.5725930815225962e-16,  Error =4.4836325230335206e-07
Completed 59 % :  mod = 1.576714538909939e-16,  Error =4.502395043459728e-07
Completed 60 % :  mod = 1.5797852990755075e-16,  Error =4.5211525900867855e-07
Completed 60 % :  mod = 1.5818032475388613e-16,  Error =4.539916460544191e-07
Completed 60 % :  mod = 1.5827671693784754e-16,  Error =4.55868040205587e-07
Completed 60 % :  mod = 1.582676606026098e-16,  Error =4.5774359591632674e-07
Completed 61 % :  mod = 1.581531472695716e-16,  Error =4.596201463868965e-07
Completed 61 % :  mod = 1.5793325262575901e-16,  Error =4.6149608579071355e-07
Completed 61 % :  mod = 1.576081135695634e-16,  Error =4.6337284942410406e-07
Completed 61 % :  mod = 1.5717813262775037e-16,  Error =4.6524836250227963e-07
Completed 62 % :  mod = 1.5664326932016867e-16,  Error =4.671243658549429e-07
Completed 62 % :  mod = 1.5600401871441492e-16,  Error =4.6900014893935804e-07
Completed 62 % :  mod = 1.5526080225901121e-16,  Error =4.708764009819788e-07
Completed 62 % :  mod = 1.544144922159135e-16,  Error =4.727518927438723e-07
Completed 63 % :  mod = 1.5346495902795832e-16,  Error =4.7462832952760436e-07
Completed 63 % :  mod = 1.5241315333246467e-16,  Error =4.765041978771478e-07
Completed 63 % :  mod = 1.512597919848309e-16,  Error =4.783797677987423e-07
Completed 63 % :  mod = 1.5000615210022398e-16,  Error =4.802553874583282e-07
Completed 64 % :  mod = 1.486520607978959e-16,  Error =4.821315116032565e-07
Completed 64 % :  mod = 1.4719892232033407e-16,  Error =4.840075717993386e-07
Completed 64 % :  mod = 1.4564768890751988e-16,  Error =4.858839872667886e-07
Completed 64 % :  mod = 1.4399939112309899e-16,  Error =4.877601043062896e-07
Completed 65 % :  mod = 1.4225586504953733e-16,  Error =4.896358447581406e-07
Completed 65 % :  mod = 1.4041685736277232e-16,  Error =4.915120044302057e-07
Completed 65 % :  mod = 1.3848427130199585e-16,  Error =4.933883843705189e-07
Completed 65 % :  mod = 1.364594123650097e-16,  Error =4.952648708922425e-07
Completed 66 % :  mod = 1.3434447997336383e-16,  Error =4.971402134401615e-07
Completed 66 % :  mod = 1.321391853893257e-16,  Error =4.990165223262011e-07
Completed 66 % :  mod = 1.2984584678656198e-16,  Error =5.008924901517275e-07
Completed 66 % :  mod = 1.2746597418328088e-16,  Error =5.027681879710144e-07
Completed 67 % :  mod = 1.2500215944653427e-16,  Error =5.046436299949164e-07
Completed 67 % :  mod = 1.2245408648993057e-16,  Error =5.065198962483919e-07
Completed 67 % :  mod = 1.1982440565185119e-16,  Error =5.083959067064825e-07
Completed 67 % :  mod = 1.1711487014160443e-16,  Error =5.102714339955128e-07
Completed 68 % :  mod = 1.1432730440942887e-16,  Error =5.121476078784326e-07
Completed 68 % :  mod = 1.114647082258159e-16,  Error =5.140227514743856e-07
Completed 68 % :  mod = 1.0852669721027467e-16,  Error =5.15898818775895e-07
Completed 68 % :  mod = 1.0551637773619802e-16,  Error =5.177753834573195e-07
Completed 69 % :  mod = 1.0243573555404396e-16,  Error =5.196510457494696e-07
Completed 69 % :  mod = 9.928810368469319e-17,  Error =5.215261111857217e-07
Completed 69 % :  mod = 9.60730687446346e-17,  Error =5.234023916500519e-07
Completed 69 % :  mod = 9.279400516547831e-17,  Error =5.252783310538689e-07
Completed 70 % :  mod = 8.945309970257118e-17,  Error =5.271543486173869e-07
Completed 70 % :  mod = 8.605397251186404e-17,  Error =5.290298688009898e-07
Completed 70 % :  mod = 8.259614026138522e-17,  Error =5.30906447693269e-07
Completed 70 % :  mod = 7.908326244986345e-17,  Error =5.327830194801209e-07
Completed 71 % :  mod = 7.551769855829725e-17,  Error =5.346586320342794e-07
Completed 71 % :  mod = 7.190326328517776e-17,  Error =5.365338111573692e-07
Completed 71 % :  mod = 6.823946962791935e-17,  Error =5.384096795069127e-07
Completed 71 % :  mod = 6.453021474458049e-17,  Error =5.402862583991919e-07
Completed 72 % :  mod = 6.077794843394283e-17,  Error =5.421624251766843e-07
Completed 72 % :  mod = 5.698517829403331e-17,  Error =5.440387198518692e-07
Completed 72 % :  mod = 5.3155988477427645e-17,  Error =5.459140552943609e-07
Completed 72 % :  mod = 4.928983738761975e-17,  Error =5.477896607430921e-07
Completed 73 % :  mod = 4.5390838335301917e-17,  Error =5.496658985748581e-07
Completed 73 % :  mod = 4.146160252287282e-17,  Error =5.515420582469233e-07
Completed 73 % :  mod = 3.750631719029199e-17,  Error =5.534171947374489e-07
Completed 73 % :  mod = 3.352445857713532e-17,  Error =5.552934112529329e-07
Completed 74 % :  mod = 2.952027291167977e-17,  Error =5.571693435513225e-07
Completed 74 % :  mod = 2.5496400916332128e-17,  Error =5.590455884885159e-07
Completed 74 % :  mod = 2.1457165540371175e-17,  Error =5.609210731449821e-07
Completed 74 % :  mod = 1.7402025859375088e-17,  Error =5.627976520372613e-07
Completed 75 % :  mod = 1.3335275095819383e-17,  Error =5.646737903930443e-07
Completed 75 % :  mod = 9.259642997424272e-18,  Error =5.665497724294255e-07
Completed 75 % :  mod = 5.179484876910001e-18,  Error =5.68425264191319e-07
Completed 75 % :  mod = 1.0942257920520572e-18,  Error =5.703015872882133e-07
Completed 76 % :  mod = 2.991756920745506e-18,  Error =5.721778038036973e-07
Completed 76 % :  mod = 7.075739821014646e-18,  Error =5.740536863640955e-07
Completed 76 % :  mod = 1.1155021181778399e-17,  Error =5.759298460361606e-07
Completed 76 % :  mod = 1.5225231369752166e-17,  Error =5.77805316481772e-07
Completed 77 % :  mod = 1.928692418235605e-17,  Error =5.796813979941362e-07
Completed 77 % :  mod = 2.3335775998227027e-17,  Error =5.81557671353039e-07
Completed 77 % :  mod = 2.7369070614727413e-17,  Error =5.83433589440574e-07
Completed 77 % :  mod = 3.1382512948225314e-17,  Error =5.853082853946034e-07
Completed 78 % :  mod = 3.537667023782579e-17,  Error =5.871846013860704e-07
Completed 78 % :  mod = 3.934724383268055e-17,  Error =5.890612300163411e-07
Completed 78 % :  mod = 4.329159394096101e-17,  Error =5.909372475798591e-07
Completed 78 % :  mod = 4.720554273188709e-17,  Error =5.928131159294026e-07
Completed 79 % :  mod = 5.108960398801677e-17,  Error =5.946896948216818e-07
Completed 79 % :  mod = 5.4939615543302835e-17,  Error =5.965661244999865e-07
Completed 79 % :  mod = 5.875302973315741e-17,  Error =5.98441914689829e-07
Completed 79 % :  mod = 6.252577889691827e-17,  Error =6.003169019663801e-07
Completed 80 % :  mod = 6.625837728243247e-17,  Error =6.021929834787443e-07
Completed 80 % :  mod = 6.994683560440083e-17,  Error =6.040691147291e-07
Completed 80 % :  mod = 7.358867299306994e-17,  Error =6.059454165097122e-07
Completed 80 % :  mod = 7.718146668812441e-17,  Error =6.078215548654953e-07
Completed 81 % :  mod = 8.07214310974909e-17,  Error =6.096968263591407e-07
Completed 81 % :  mod = 8.420902422073482e-17,  Error =6.115727941846671e-07
Completed 81 % :  mod = 8.764049753381402e-17,  Error =6.13448790431903e-07
Completed 81 % :  mod = 9.101358363127192e-17,  Error =6.153251419505068e-07
Completed 82 % :  mod = 9.432469347982822e-17,  Error =6.172007189775286e-07
Completed 82 % :  mod = 9.757428445866288e-17,  Error =6.190768786495937e-07
Completed 82 % :  mod = 1.0075886901921702e-16,  Error =6.209526972611457e-07
Completed 82 % :  mod = 1.0387629783606648e-16,  Error =6.228293116805617e-07
Completed 83 % :  mod = 1.069232946536001e-16,  Error =6.247051302921136e-07
Completed 83 % :  mod = 1.0990029208727825e-16,  Error =6.265810910122127e-07
Completed 83 % :  mod = 1.1280403843841418e-16,  Error =6.284573075276967e-07
Completed 83 % :  mod = 1.15632611907951e-16,  Error =6.303338366819844e-07
Completed 84 % :  mod = 1.183841450839571e-16,  Error =6.322102734657165e-07
Completed 84 % :  mod = 1.2105571796717134e-16,  Error =6.340854739050883e-07
Completed 84 % :  mod = 1.236477084757361e-16,  Error =6.359620243756581e-07
Completed 84 % :  mod = 1.261573170168682e-16,  Error =6.378376369298167e-07
Completed 85 % :  mod = 1.2858284120116822e-16,  Error =6.397137255476082e-07
Completed 85 % :  mod = 1.3092176097120122e-16,  Error =6.415887483512961e-07
Completed 85 % :  mod = 1.3317440797469404e-16,  Error =6.434649506559253e-07
Completed 85 % :  mod = 1.3533829317348473e-16,  Error =6.453406768969217e-07
Completed 86 % :  mod = 1.3741199459240152e-16,  Error =6.472166802495849e-07
Completed 86 % :  mod = 1.3939336600794756e-16,  Error =6.490920938517775e-07
Completed 86 % :  mod = 1.412826420292241e-16,  Error =6.509682108912784e-07
Completed 86 % :  mod = 1.4307777393664898e-16,  Error =6.528444842501813e-07
Completed 87 % :  mod = 1.4477757327847713e-16,  Error =6.547208641904945e-07
Completed 87 % :  mod = 1.463802530343927e-16,  Error =6.565968817540124e-07
Completed 87 % :  mod = 1.4788605510302607e-16,  Error =6.584730201097955e-07
Completed 87 % :  mod = 1.4929332010836967e-16,  Error =6.603493574175445e-07
Completed 88 % :  mod = 1.5060108009401045e-16,  Error =6.62225900782687e-07
Completed 88 % :  mod = 1.5180848585565205e-16,  Error =6.641021030873162e-07
Completed 88 % :  mod = 1.5291432040381826e-16,  Error =6.659778293283125e-07
Completed 88 % :  mod = 1.5391870119815604e-16,  Error =6.678537545212748e-07
Completed 89 % :  mod = 1.5482051862757246e-16,  Error =6.697299710367588e-07
Completed 89 % :  mod = 1.556191796035683e-16,  Error =6.716062017630975e-07
Completed 89 % :  mod = 1.5631386340787957e-16,  Error =6.734817006304183e-07
Completed 89 % :  mod = 1.5690468734505686e-16,  Error =6.753577039830816e-07
Completed 90 % :  mod = 1.573909659925651e-16,  Error =6.772341336613863e-07
Completed 90 % :  mod = 1.5777234092270513e-16,  Error =6.79110286228024e-07
Completed 90 % :  mod = 1.5804849480831444e-16,  Error =6.8098552929996e-07
Completed 90 % :  mod = 1.5821947180015823e-16,  Error =6.828621295085213e-07
Completed 91 % :  mod = 1.5828499143231006e-16,  Error =6.847387012953732e-07
Completed 91 % :  mod = 1.5824504171065105e-16,  Error =6.866148254403015e-07
Completed 91 % :  mod = 1.5809973006526325e-16,  Error =6.884904664161695e-07
Completed 91 % :  mod = 1.5784900655511717e-16,  Error =6.903669742541751e-07
Completed 92 % :  mod = 1.5749310547912133e-16,  Error =6.922433115619242e-07
Completed 92 % :  mod = 1.5703226444490668e-16,  Error =6.941198407162119e-07
Completed 92 % :  mod = 1.564667598341954e-16,  Error =6.959959080177214e-07
Completed 92 % :  mod = 1.5579728968402687e-16,  Error =6.978716342587177e-07
Completed 93 % :  mod = 1.5502376072978707e-16,  Error =6.997476091896715e-07
Completed 93 % :  mod = 1.541469058534987e-16,  Error =7.016239109702838e-07
Completed 93 % :  mod = 1.5316734166660964e-16,  Error =7.035001274857677e-07
Completed 93 % :  mod = 1.5208617157635824e-16,  Error =7.05375455822832e-07
Completed 94 % :  mod = 1.5090321887628614e-16,  Error =7.072519849771197e-07
Completed 94 % :  mod = 1.4961971828855394e-16,  Error =7.091280664894839e-07
Completed 94 % :  mod = 1.4823652062012046e-16,  Error =7.11004503273216e-07
Completed 94 % :  mod = 1.4675513335595326e-16,  Error =7.128798316102802e-07
Completed 95 % :  mod = 1.4517539074973712e-16,  Error =7.14755685748969e-07
Completed 95 % :  mod = 1.434989124728102e-16,  Error =7.166313764628285e-07
Completed 95 % :  mod = 1.4172678905941257e-16,  Error =7.185078771954068e-07
Completed 95 % :  mod = 1.398610046573398e-16,  Error =7.203837597558049e-07
Completed 96 % :  mod = 1.3790129513748258e-16,  Error =7.222606015488964e-07
Completed 96 % :  mod = 1.358496708072233e-16,  Error =7.241369743837822e-07
Completed 96 % :  mod = 1.3370753399619423e-16,  Error =7.260135319597794e-07
Completed 96 % :  mod = 1.3147629990702583e-16,  Error =7.278893718876134e-07
Completed 97 % :  mod = 1.29158379461011e-16,  Error =7.297646504866862e-07
Completed 97 % :  mod = 1.2675349229562083e-16,  Error =7.316409309510163e-07
Completed 97 % :  mod = 1.2426414114919621e-16,  Error =7.335172966804748e-07
Completed 97 % :  mod = 1.216919624434827e-16,  Error =7.353936197773692e-07
Completed 98 % :  mod = 1.1903978585995827e-16,  Error =7.372693247020834e-07
Completed 98 % :  mod = 1.1630723885715454e-16,  Error =7.391457188532513e-07
Completed 98 % :  mod = 1.134971664710896e-16,  Error =7.410217577330513e-07
Completed 98 % :  mod = 1.1061148000596632e-16,  Error =7.428981092516551e-07
Completed 99 % :  mod = 1.0765328878200851e-16,  Error =7.447734660104288e-07
Completed 99 % :  mod = 1.0462216607741766e-16,  Error =7.466498530561694e-07
Completed 99 % :  mod = 1.015213437902446e-16,  Error =7.485259345685336e-07
Completed 99 % :  mod = 9.835287079516784e-17,  Error =7.504020373971798e-07
Completed 100 % :  mod = 9.51201479418783e-17,  Error =7.522773159962526e-07
Finished 7/21 frames
Finished all frames!
