/opt/local/miniconda_23_9/lib/python3.11/site-packages/conda/base/context.py:201: FutureWarning: Adding 'defaults' to channel list implicitly is deprecated and will be removed in 25.3. 

To remove this warning, please choose a default channel explicitly with conda's regular configuration system, e.g. by adding 'defaults' to the list of channels:

  conda config --add channels defaults

For more information see https://docs.conda.io/projects/conda/en/stable/user-guide/configuration/use-condarc.html

  deprecated.topic(
JOB 14527 ARRAY_ID 3  -> i=3 ; range=[2.0015e-10, 2.1e-10] ; intervals=6 (frames=7)
Analytic t0 extension enabled (--extend-time-using-t0).
Extending simulation time for p0=2.044e-10 from 10000000000.0 to 2.185e+10
Completed 0 % :  mod = 1.6349714286068191e-16,  Error =-1.4210854715202004e-14
Completed 0 % :  mod = 1.6402815672818674e-16,  Error =4.667349173814728e-09
Completed 0 % :  mod = 1.6562425502155852e-16,  Error =9.333668060662603e-09
Completed 0 % :  mod = 1.6829579843646345e-16,  Error =1.4000590908835875e-08
Completed 0 % :  mod = 1.7206013982628558e-16,  Error =1.8666689527435665e-08
Completed 1 % :  mod = 1.7694171901770464e-16,  Error =2.3332546561505296e-08
Completed 1 % :  mod = 1.8297223186573363e-16,  Error =2.799866649638716e-08
Completed 1 % :  mod = 1.9019227654993303e-16,  Error =3.2665489868577424e-08
Completed 1 % :  mod = 1.9864608551958333e-16,  Error =3.733154585461307e-08
Completed 2 % :  mod = 2.083897639023934e-16,  Error =4.199831238338447e-08
Completed 2 % :  mod = 2.1948657648786401e-16,  Error =4.666409836318053e-08
Completed 2 % :  mod = 2.3200858094370864e-16,  Error =5.133068725626799e-08
Completed 2 % :  mod = 2.460370875731776e-16,  Error =5.5996572712047055e-08
Completed 3 % :  mod = 2.616631862291082e-16,  Error =6.066261448722798e-08
Completed 3 % :  mod = 2.789916873642547e-16,  Error =6.532992813390592e-08
Completed 3 % :  mod = 2.981287478746133e-16,  Error =6.999555068887275e-08
Completed 3 % :  mod = 3.1920164619613386e-16,  Error =7.46617914160197e-08
Completed 4 % :  mod = 3.4234721666539526e-16,  Error =7.932806056487607e-08
Completed 4 % :  mod = 3.6771575241622925e-16,  Error =8.399405970749285e-08
Completed 4 % :  mod = 3.954719748870972e-16,  Error =8.865998779583606e-08
Completed 4 % :  mod = 4.257961159284276e-16,  Error =9.332625694469243e-08
Completed 5 % :  mod = 4.588914162465679e-16,  Error =9.799374822705431e-08
Completed 5 % :  mod = 4.949606268052438e-16,  Error =1.0265992500535503e-07
Completed 5 % :  mod = 5.342437710163904e-16,  Error =1.073268833806651e-07
Completed 5 % :  mod = 5.769959231016816e-16,  Error =1.1199306015896582e-07
Completed 6 % :  mod = 6.234946806353897e-16,  Error =1.1665979116060043e-07
Completed 6 % :  mod = 6.740419754495409e-16,  Error =1.2132563398381535e-07
Completed 6 % :  mod = 7.28966024797884e-16,  Error =1.2599210208463774e-07
Completed 6 % :  mod = 7.8863487829957745e-16,  Error =1.3065945125845246e-07
Completed 7 % :  mod = 8.534140746670303e-16,  Error =1.3532539355765039e-07
Completed 7 % :  mod = 9.23734749792986e-16,  Error =1.3999174797163505e-07
Completed 7 % :  mod = 1.0000535112529828e-15,  Error =1.4465808106933764e-07
Completed 7 % :  mod = 1.0828659232104952e-15,  Error =1.4932492575780998e-07
Completed 8 % :  mod = 1.1727097167565898e-15,  Error =1.5399130148807672e-07
Completed 8 % :  mod = 1.270186889229062e-15,  Error =1.586587075053103e-07
Completed 8 % :  mod = 1.3758945912043054e-15,  Error =1.6332521823869683e-07
Completed 8 % :  mod = 1.490536390871699e-15,  Error =1.6799057078742408e-07
Completed 9 % :  mod = 1.6148567018237882e-15,  Error =1.726569465176908e-07
Completed 9 % :  mod = 1.7496627672422192e-15,  Error =1.773238835767188e-07
Completed 9 % :  mod = 1.8958299214385193e-15,  Error =1.8199039431010533e-07
Completed 9 % :  mod = 2.0543072742909653e-15,  Error =1.8665600265421745e-07
Completed 10 % :  mod = 2.2261566890290223e-15,  Error =1.9132312445435673e-07
Completed 10 % :  mod = 2.4124309366162603e-15,  Error =1.9598926570552067e-07
Completed 10 % :  mod = 2.6143698256502635e-15,  Error =2.006555916977959e-07
Completed 10 % :  mod = 2.8332846069222554e-15,  Error =2.0532228006686637e-07
Completed 11 % :  mod = 3.070596758882045e-15,  Error =2.0998853500486803e-07
Completed 11 % :  mod = 3.3278472239884456e-15,  Error =2.1465492494598948e-07
Completed 11 % :  mod = 3.606706413768977e-15,  Error =2.1932097382659776e-07
Completed 11 % :  mod = 3.9090427907780405e-15,  Error =2.239879037801984e-07
Completed 12 % :  mod = 4.2367084953836984e-15,  Error =2.2865398818794347e-07
Completed 12 % :  mod = 4.591884422306472e-15,  Error =2.3332020759880834e-07
Completed 12 % :  mod = 4.976876841153449e-15,  Error =2.3798622095227984e-07
Completed 12 % :  mod = 5.3941856295647336e-15,  Error =2.4265265352596543e-07
Completed 13 % :  mod = 5.846520497637381e-15,  Error =2.473192424190529e-07
Completed 13 % :  mod = 6.336818587692192e-15,  Error =2.5198551867333663e-07
Completed 13 % :  mod = 6.8683650730194244e-15,  Error =2.5665205072300523e-07
Completed 13 % :  mod = 7.444416282966279e-15,  Error =2.6131849750754554e-07
Completed 14 % :  mod = 8.068806344118353e-15,  Error =2.659846316532821e-07
Completed 14 % :  mod = 8.745589601080979e-15,  Error =2.706511850192328e-07
Completed 14 % :  mod = 9.479160609004936e-15,  Error =2.753177312797561e-07
Completed 14 % :  mod = 1.0274282664389953e-14,  Error =2.7998393647976627e-07
Completed 15 % :  mod = 1.1136118736469733e-14,  Error =2.8464953771845103e-07
Completed 15 % :  mod = 1.2070443429348789e-14,  Error =2.8931717110936006e-07
Completed 15 % :  mod = 1.308298054143992e-14,  Error =2.939836321047551e-07
Completed 15 % :  mod = 1.4180469387765859e-14,  Error =2.986499296753209e-07
Completed 16 % :  mod = 1.5370036284038225e-14,  Error =3.033160282939207e-07
Completed 16 % :  mod = 1.6659405450882047e-14,  Error =3.0798288719324773e-07
Completed 16 % :  mod = 1.8056949148167024e-14,  Error =3.1264951871889934e-07
Completed 16 % :  mod = 1.957203137134377e-14,  Error =3.173169105252782e-07
Completed 17 % :  mod = 2.1213933693208514e-14,  Error =3.2198322230669874e-07
Completed 17 % :  mod = 2.2993584424382678e-14,  Error =3.266494630338457e-07
Completed 17 % :  mod = 2.4922539361723964e-14,  Error =3.3131569665556526e-07
Completed 17 % :  mod = 2.7013323755803435e-14,  Error =3.359817526416009e-07
Completed 18 % :  mod = 2.9279513649643094e-14,  Error =3.406481710044318e-07
Completed 18 % :  mod = 3.173582404634642e-14,  Error =3.4531436199358723e-07
Completed 18 % :  mod = 3.4398713001788034e-14,  Error =3.499814056340256e-07
Completed 18 % :  mod = 3.72844936351168e-14,  Error =3.5464802294882247e-07
Completed 19 % :  mod = 4.0412373264824263e-14,  Error =3.5931409314571283e-07
Completed 19 % :  mod = 4.380266202561979e-14,  Error =3.639804759814069e-07
Completed 19 % :  mod = 4.7477373911667214e-14,  Error =3.686470506636397e-07
Completed 19 % :  mod = 5.146036970145226e-14,  Error =3.7331351876446206e-07
Completed 20 % :  mod = 5.577751189817215e-14,  Error =3.779801431846863e-07
Completed 20 % :  mod = 6.045772644970776e-14,  Error =3.8264757762362933e-07
Completed 20 % :  mod = 6.552968448056079e-14,  Error =3.8731261753355284e-07
Completed 20 % :  mod = 7.102714375006838e-14,  Error =3.9197859535988755e-07
Completed 21 % :  mod = 7.698580015442393e-14,  Error =3.9664495687929957e-07
Completed 21 % :  mod = 8.344434407147456e-14,  Error =4.0131136103127574e-07
Completed 21 % :  mod = 9.044471150335324e-14,  Error =4.059771328002171e-07
Completed 21 % :  mod = 9.803235632121234e-14,  Error =4.106435085304838e-07
Completed 22 % :  mod = 1.0625811626381367e-13,  Error =4.153108008608797e-07
Completed 22 % :  mod = 1.15172380796395e-13,  Error =4.1997689947947947e-07
Completed 22 % :  mod = 1.2483447890896653e-13,  Error =4.246427565135491e-07
Completed 22 % :  mod = 1.3530714524239248e-13,  Error =4.293095585694573e-07
Completed 23 % :  mod = 1.4665837655098463e-13,  Error =4.3397517401899677e-07
Completed 23 % :  mod = 1.5896187288729532e-13,  Error =4.3864134369187013e-07
Completed 23 % :  mod = 1.7229751573753379e-13,  Error =4.4330748494303407e-07
Completed 23 % :  mod = 1.867546471753079e-13,  Error =4.4797487674941294e-07
Completed 24 % :  mod = 2.024218191585423e-13,  Error =4.5264035009040526e-07
Completed 24 % :  mod = 2.1940329238091848e-13,  Error =4.573062710733211e-07
Completed 24 % :  mod = 2.37809309416743e-13,  Error =4.619723199539294e-07
Completed 24 % :  mod = 2.5775935648544005e-13,  Error =4.6663839015081976e-07
Completed 25 % :  mod = 2.793829375680106e-13,  Error =4.7130468772138556e-07
Completed 25 % :  mod = 3.028248899086814e-13,  Error =4.7597194452464464e-07
Completed 25 % :  mod = 3.282287607819186e-13,  Error =4.806387181588434e-07
Completed 25 % :  mod = 3.557635576598392e-13,  Error =4.853055628473157e-07
Completed 26 % :  mod = 3.856079730909189e-13,  Error =4.899718391015995e-07
Completed 26 % :  mod = 4.179556695042446e-13,  Error =4.946373479697286e-07
Completed 26 % :  mod = 4.5301652933476047e-13,  Error =4.993040789713632e-07
Completed 26 % :  mod = 4.9101800843866e-13,  Error =5.039697867914583e-07
Completed 27 % :  mod = 5.322144684136099e-13,  Error =5.086369441187344e-07
Completed 27 % :  mod = 5.768579518262371e-13,  Error =5.133027869419493e-07
Completed 27 % :  mod = 6.252451778453733e-13,  Error =5.179690560908057e-07
Completed 27 % :  mod = 6.776898005477701e-13,  Error =5.226356876164573e-07
Completed 28 % :  mod = 7.345316726113866e-13,  Error =5.27302340458391e-07
Completed 28 % :  mod = 7.961390118317464e-13,  Error =5.319683751281445e-07
Completed 28 % :  mod = 8.629107408711629e-13,  Error =5.366350777080697e-07
Completed 28 % :  mod = 9.352928350687572e-13,  Error =5.413015742306015e-07
Completed 29 % :  mod = 1.013726912858556e-12,  Error =5.459679996988598e-07
Completed 29 % :  mod = 1.0987327279135039e-12,  Error =5.506346099082293e-07
Completed 29 % :  mod = 1.1908593250512033e-12,  Error =5.55300566418282e-07
Completed 29 % :  mod = 1.2907011878719623e-12,  Error =5.599662458166677e-07
Completed 30 % :  mod = 1.3989018809138728e-12,  Error =5.646322591701392e-07
Completed 30 % :  mod = 1.5161579511443126e-12,  Error =5.692983151561748e-07
Completed 30 % :  mod = 1.6432473660489025e-12,  Error =5.739647903624245e-07
Completed 30 % :  mod = 1.7809389145830278e-12,  Error =5.786305337096564e-07
Completed 31 % :  mod = 1.9301366210620295e-12,  Error =5.832962841623157e-07
Completed 31 % :  mod = 2.091793433702722e-12,  Error =5.879621269855306e-07
Completed 31 % :  mod = 2.266938883600339e-12,  Error =5.92627998230455e-07
Completed 31 % :  mod = 2.456684595179698e-12,  Error =5.972938055265331e-07
Completed 32 % :  mod = 2.662230011580763e-12,  Error =6.019586678007727e-07
Completed 32 % :  mod = 2.8849107975199818e-12,  Error =6.06625114585313e-07
Completed 32 % :  mod = 3.1260383106717904e-12,  Error =6.112902397603648e-07
Completed 32 % :  mod = 3.387150359261856e-12,  Error =6.159553578299892e-07
Completed 33 % :  mod = 3.669857041353667e-12,  Error =6.206202698422203e-07
Completed 33 % :  mod = 3.975885531805109e-12,  Error =6.252845281551345e-07
Completed 33 % :  mod = 4.3070850678711515e-12,  Error =6.299482393501421e-07
Completed 33 % :  mod = 4.665499454134682e-12,  Error =6.346130163592534e-07
Completed 34 % :  mod = 5.053101962909679e-12,  Error =6.392758820084055e-07
Completed 34 % :  mod = 5.4721904167706274e-12,  Error =6.439384279133264e-07
Completed 34 % :  mod = 5.9251281868149975e-12,  Error =6.485997090521778e-07
Completed 34 % :  mod = 6.414402772316697e-12,  Error =6.532607272902169e-07
Completed 35 % :  mod = 6.94261686083279e-12,  Error =6.579203528644939e-07
Completed 35 % :  mod = 7.512473788981859e-12,  Error =6.625799429116341e-07
Completed 35 % :  mod = 8.126872800904347e-12,  Error =6.672382752981321e-07
Completed 35 % :  mod = 8.788419213167728e-12,  Error =6.718940781524907e-07
Completed 36 % :  mod = 9.500057772378185e-12,  Error =6.765473443692827e-07
Completed 36 % :  mod = 1.0264574066124756e-11,  Error =6.811996797750908e-07
Completed 36 % :  mod = 1.1084629388501846e-11,  Error =6.858499048689737e-07
Completed 36 % :  mod = 1.1962666192271313e-11,  Error =6.904968543608447e-07
Completed 37 % :  mod = 1.2900788850012909e-11,  Error =6.951411748445935e-07
Completed 37 % :  mod = 1.3900804978657801e-11,  Error =6.997818289278257e-07
Completed 37 % :  mod = 1.496329977134064e-11,  Error =7.044179710646858e-07
Completed 37 % :  mod = 1.608852084602758e-11,  Error =7.09049444935772e-07
Completed 38 % :  mod = 1.72754030436594e-11,  Error =7.136759521131353e-07
Completed 38 % :  mod = 1.8521457187827293e-11,  Error =7.182962846741248e-07
Completed 38 % :  mod = 1.9822449635419158e-11,  Error =7.229097249705774e-07
Completed 38 % :  mod = 2.117206062415597e-11,  Error =7.27516528797878e-07
Completed 39 % :  mod = 2.2561796915046064e-11,  Error =7.321161064055559e-07
Completed 39 % :  mod = 2.3979641214635633e-11,  Error =7.367054664086936e-07
Completed 39 % :  mod = 2.5411322199876505e-11,  Error =7.412855325128476e-07
Completed 39 % :  mod = 2.683914291990773e-11,  Error =7.458544075689133e-07
Completed 40 % :  mod = 2.82422367748916e-11,  Error =7.50412432637404e-07
Completed 40 % :  mod = 2.9596790953101026e-11,  Error =7.549596645617385e-07
Completed 40 % :  mod = 3.0876541591358956e-11,  Error =7.59495293323198e-07
Completed 40 % :  mod = 3.2053781006949287e-11,  Error =7.640217773996483e-07
Completed 41 % :  mod = 3.309962600733466e-11,  Error =7.685374825427971e-07
Completed 41 % :  mod = 3.398670928246076e-11,  Error =7.730431121899528e-07
Completed 41 % :  mod = 3.468986048820645e-11,  Error =7.775417856237254e-07
Completed 41 % :  mod = 3.51879455263523e-11,  Error =7.82034874191595e-07
Completed 42 % :  mod = 3.5465347660808655e-11,  Error =7.865238131898877e-07
Completed 42 % :  mod = 3.551312111483578e-11,  Error =7.910121766485645e-07
Completed 42 % :  mod = 3.532969278424128e-11,  Error =7.955003482607026e-07
Completed 42 % :  mod = 3.492103802528144e-11,  Error =7.999915396794677e-07
Completed 43 % :  mod = 3.430013611798822e-11,  Error =8.044875485779812e-07
Completed 43 % :  mod = 3.3486012468341757e-11,  Error =8.089906629038524e-07
Completed 43 % :  mod = 3.250236581067167e-11,  Error =8.135017210975093e-07
Completed 43 % :  mod = 3.1375987211120884e-11,  Error =8.180234019050658e-07
Completed 44 % :  mod = 3.013491644914351e-11,  Error =8.225560250707531e-07
Completed 44 % :  mod = 2.8807898081622554e-11,  Error =8.270976294966204e-07
Completed 44 % :  mod = 2.742177274884879e-11,  Error =8.316510005101918e-07
Completed 44 % :  mod = 2.6001440530373596e-11,  Error =8.362153920415949e-07
Completed 45 % :  mod = 2.4569023917490858e-11,  Error =8.40790335132624e-07
Completed 45 % :  mod = 2.3143538071075543e-11,  Error =8.453756379367405e-07
Completed 45 % :  mod = 2.1740803124968947e-11,  Error =8.49969900684755e-07
Completed 45 % :  mod = 2.037329452776331e-11,  Error =8.545740755039333e-07
Completed 46 % :  mod = 1.9051365665790264e-11,  Error =8.591852065364947e-07
Completed 46 % :  mod = 1.7782042763678362e-11,  Error =8.638027466645326e-07
Completed 46 % :  mod = 1.6570377251511275e-11,  Error =8.684265964120641e-07
Completed 46 % :  mod = 1.5419537023089113e-11,  Error =8.730564431402854e-07
Completed 47 % :  mod = 1.4331137236692583e-11,  Error =8.776916260444523e-07
Completed 47 % :  mod = 1.3305543141173102e-11,  Error =8.823305037708451e-07
Completed 47 % :  mod = 1.2341966968609928e-11,  Error =8.86974589775491e-07
Completed 47 % :  mod = 1.1439394613481203e-11,  Error =8.916209139897546e-07
Completed 48 % :  mod = 1.0595719855371456e-11,  Error =8.962700803749613e-07
Completed 48 % :  mod = 9.80862360569507e-12,  Error =9.009218544520081e-07
Completed 48 % :  mod = 9.075522003344727e-12,  Error =9.055751348796548e-07
Completed 48 % :  mod = 8.393670661402886e-12,  Error =9.102308737851672e-07
Completed 49 % :  mod = 7.760246513953869e-12,  Error =9.148877282427748e-07
Completed 49 % :  mod = 7.172307080940974e-12,  Error =9.195463377409396e-07
Completed 49 % :  mod = 6.62726127609143e-12,  Error =9.242055085678658e-07
Completed 49 % :  mod = 6.122258154287407e-12,  Error =9.288656883654767e-07
Completed 50 % :  mod = 5.654651412561194e-12,  Error =9.335268345012082e-07
Completed 50 % :  mod = 5.221904705146886e-12,  Error =9.381887124959576e-07
Completed 50 % :  mod = 4.821602719237236e-12,  Error =9.428511233977588e-07
Completed 50 % :  mod = 4.451392147429794e-12,  Error =9.475148488036211e-07
Completed 51 % :  mod = 4.109250415308172e-12,  Error =9.521782757815345e-07
Completed 51 % :  mod = 3.793078543810791e-12,  Error =9.568424701456024e-07
Completed 51 % :  mod = 3.500975725487999e-12,  Error =9.615070624136024e-07
Completed 51 % :  mod = 3.2311650402387876e-12,  Error =9.661711359854053e-07
Completed 52 % :  mod = 2.9819887828638518e-12,  Error =9.70836040892209e-07
Completed 52 % :  mod = 2.7519031205261963e-12,  Error =9.755013721246542e-07
Completed 52 % :  mod = 2.5394348975327838e-12,  Error =9.80167413899835e-07
Completed 52 % :  mod = 2.343328356583316e-12,  Error =9.848327309214255e-07
Completed 53 % :  mod = 2.162305593611744e-12,  Error =9.894984813740848e-07
Completed 53 % :  mod = 1.9952194984358816e-12,  Error =9.941640470856328e-07
Completed 53 % :  mod = 1.8410073910708666e-12,  Error =9.988300675445316e-07
Completed 53 % :  mod = 1.6986854180235176e-12,  Error =1.0034962301119776e-06
Completed 54 % :  mod = 1.5673431839515768e-12,  Error =1.008161426341303e-06
Completed 54 % :  mod = 1.446117280788714e-12,  Error =1.0128281928700744e-06
Completed 54 % :  mod = 1.3342735470887412e-12,  Error =1.017494405175512e-06
Completed 54 % :  mod = 1.2310692627196664e-12,  Error =1.0221603261584278e-06
Completed 55 % :  mod = 1.1358395256671699e-12,  Error =1.026826154770788e-06
Completed 55 % :  mod = 1.0479700921956544e-12,  Error =1.0314919265397293e-06
Completed 55 % :  mod = 9.668936290589464e-13,  Error =1.0361578333117905e-06
Completed 55 % :  mod = 8.92086218861455e-13,  Error =1.040823889297826e-06
Completed 56 % :  mod = 8.230519429197113e-13,  Error =1.0454903360823664e-06
Completed 56 % :  mod = 7.593694530993443e-13,  Error =1.0501561078513078e-06
Completed 56 % :  mod = 7.006132850339473e-13,  Error =1.054822355683882e-06
Completed 56 % :  mod = 6.464028822017424e-13,  Error =1.0594891008963714e-06
Completed 57 % :  mod = 5.963869979807406e-13,  Error =1.0641549508250137e-06
Completed 57 % :  mod = 5.502414592945078e-13,  Error =1.0688211702358785e-06
Completed 57 % :  mod = 5.076595938555599e-13,  Error =1.0734890238950356e-06
Completed 57 % :  mod = 4.683809066682957e-13,  Error =1.07815551331214e-06
Completed 58 % :  mod = 4.3214250550715975e-13,  Error =1.0828217895664238e-06
Completed 58 % :  mod = 3.9870930979084055e-13,  Error =1.0874884210920754e-06
Completed 58 % :  mod = 3.6786440535151215e-13,  Error =1.0921551378828553e-06
Completed 58 % :  mod = 3.394076464460907e-13,  Error =1.0968212222906004e-06
Completed 59 % :  mod = 3.131543643287233e-13,  Error =1.101487534072021e-06
Completed 59 % :  mod = 2.889299064141257e-13,  Error =1.1061540021728433e-06
Completed 59 % :  mod = 2.6658593802604815e-13,  Error =1.1108201434240073e-06
Completed 59 % :  mod = 2.4597279967163597e-13,  Error =1.1154867110008126e-06
Completed 60 % :  mod = 2.269566856576961e-13,  Error =1.120152660405438e-06
Completed 60 % :  mod = 2.094141512617909e-13,  Error =1.1248186027046359e-06
Completed 60 % :  mod = 1.9323131314368255e-13,  Error =1.129485085016313e-06
Completed 60 % :  mod = 1.7830311139863844e-13,  Error =1.1341517307528193e-06
Completed 61 % :  mod = 1.645302020077358e-13,  Error =1.138819357038301e-06
Completed 61 % :  mod = 1.5182822268445525e-13,  Error =1.143485462762328e-06
Completed 61 % :  mod = 1.4011207484978905e-13,  Error =1.1481510640010129e-06
Completed 61 % :  mod = 1.2930568968720359e-13,  Error =1.152816871297091e-06
Completed 62 % :  mod = 1.1933890405563902e-13,  Error =1.157483012548255e-06
Completed 62 % :  mod = 1.1014700526451444e-13,  Error =1.1621494238056584e-06
Completed 62 % :  mod = 1.0167031121220347e-13,  Error =1.1668162258615666e-06
Completed 62 % :  mod = 9.385240599484671e-14,  Error =1.1714833618725606e-06
Completed 63 % :  mod = 8.66453983491854e-14,  Error =1.1761499365547934e-06
Completed 63 % :  mod = 8.000099930135089e-14,  Error =1.1808165965021544e-06
Completed 63 % :  mod = 7.387606615384158e-14,  Error =1.1854833772417805e-06
Completed 63 % :  mod = 6.82308289684653e-14,  Error =1.1901500798217057e-06
Completed 64 % :  mod = 6.302863235524194e-14,  Error =1.194816128702314e-06
Completed 64 % :  mod = 5.823569753059153e-14,  Error =1.1994825968031364e-06
Completed 64 % :  mod = 5.382012575960054e-14,  Error =1.2041496333381474e-06
Completed 64 % :  mod = 4.9754867066967e-14,  Error =1.2088161014389698e-06
Completed 65 % :  mod = 4.601268079695489e-14,  Error =1.2134824629583818e-06
Completed 65 % :  mod = 4.256926804452729e-14,  Error =1.2181489523754863e-06
Completed 65 % :  mod = 3.940226990907059e-14,  Error =1.222815804169386e-06
Completed 65 % :  mod = 3.6491122267638484e-14,  Error =1.227482044896533e-06
Completed 66 % :  mod = 3.381645213736677e-14,  Error =1.232149045904407e-06
Completed 66 % :  mod = 3.136187422387583e-14,  Error =1.2368152155772805e-06
Completed 66 % :  mod = 2.9110938350031275e-14,  Error =1.241482124214599e-06
Completed 66 % :  mod = 2.7049028554011202e-14,  Error =1.2461484502068743e-06
Completed 67 % :  mod = 2.516275623145512e-14,  Error =1.2508146127743203e-06
Completed 67 % :  mod = 2.3439873270229304e-14,  Error =1.2554808321851851e-06
Completed 67 % :  mod = 2.1869192518716946e-14,  Error =1.2601470658069047e-06
Completed 67 % :  mod = 2.044026535422751e-14,  Error =1.2648140810256336e-06
Completed 68 % :  mod = 1.9144337982987384e-14,  Error =1.2694803217527806e-06
Completed 68 % :  mod = 1.797272065170108e-14,  Error =1.2741461645759955e-06
Completed 68 % :  mod = 1.6917805710481582e-14,  Error =1.278812554517117e-06
Completed 68 % :  mod = 1.5972743254497558e-14,  Error =1.2834786531357167e-06
Completed 69 % :  mod = 1.5131396691604865e-14,  Error =1.2881449364954278e-06
Completed 69 % :  mod = 1.4388302932573507e-14,  Error =1.2928111132737286e-06
Completed 69 % :  mod = 1.3738525936123547e-14,  Error =1.2974776169016877e-06
Completed 69 % :  mod = 1.3178085053393474e-14,  Error =1.3021437013094328e-06
Completed 70 % :  mod = 1.2703213511496055e-14,  Error =1.3068094233403826e-06
Completed 70 % :  mod = 1.2310827873205846e-14,  Error =1.3114756640675296e-06
Completed 70 % :  mod = 1.1998380261401254e-14,  Error =1.316141855056685e-06
Completed 70 % :  mod = 1.1763841809817116e-14,  Error =1.3208082094706697e-06
Completed 71 % :  mod = 1.1605689576685519e-14,  Error =1.325474677571492e-06
Completed 71 % :  mod = 1.1522888347175913e-14,  Error =1.3301416785793663e-06
Completed 71 % :  mod = 1.1514930871751104e-14,  Error =1.3348082887887358e-06
Completed 71 % :  mod = 1.1581743377480982e-14,  Error =1.3394748492601138e-06
Completed 72 % :  mod = 1.172375971129105e-14,  Error =1.3441408199810212e-06
Completed 72 % :  mod = 1.1941902048404476e-14,  Error =1.3488070322864587e-06
Completed 72 % :  mod = 1.2237586843182826e-14,  Error =1.3534737917098028e-06
Completed 72 % :  mod = 1.2612734050121934e-14,  Error =1.358139741114428e-06
Completed 73 % :  mod = 1.3069871193512723e-14,  Error =1.3628063229020881e-06
Completed 73 % :  mod = 1.361179875649491e-14,  Error =1.3674726773160728e-06
Completed 73 % :  mod = 1.424211189270984e-14,  Error =1.372138385136168e-06
Completed 73 % :  mod = 1.4964903420742587e-14,  Error =1.3768041782213913e-06
Completed 74 % :  mod = 1.5784866694991283e-14,  Error =1.3814704757919571e-06
Completed 74 % :  mod = 1.6707325989665368e-14,  Error =1.386136020187223e-06
Completed 74 % :  mod = 1.77384706225903e-14,  Error =1.3908030638276614e-06
Completed 74 % :  mod = 1.8884617512059243e-14,  Error =1.3954697593021592e-06
Completed 75 % :  mod = 2.0153388016875202e-14,  Error =1.4001358437099043e-06
Completed 75 % :  mod = 2.1553020637873716e-14,  Error =1.4048022549673078e-06
Completed 75 % :  mod = 2.3092603575461078e-14,  Error =1.4094687301735576e-06
Completed 75 % :  mod = 2.4782133800339637e-14,  Error =1.4141356601271582e-06
Completed 76 % :  mod = 2.6632581961698378e-14,  Error =1.41880215664969e-06
Completed 76 % :  mod = 2.865635154524479e-14,  Error =1.4234694063475217e-06
Completed 76 % :  mod = 3.0865840382079683e-14,  Error =1.4281362723522761e-06
Completed 76 % :  mod = 3.327575039515121e-14,  Error =1.4328021364917731e-06
Completed 77 % :  mod = 3.590172979665161e-14,  Error =1.4374676453599022e-06
Completed 77 % :  mod = 3.8760829766264975e-14,  Error =1.442133999773887e-06
Completed 77 % :  mod = 4.1871615201552316e-14,  Error =1.4468000202327858e-06
Completed 77 % :  mod = 4.52542852761137e-14,  Error =1.4514662396436506e-06
Completed 78 % :  mod = 4.8931507647823897e-14,  Error =1.4561342354113549e-06
Completed 78 % :  mod = 5.2925809213387934e-14,  Error =1.4608005827199122e-06
Completed 78 % :  mod = 5.726377294121759e-14,  Error =1.4654671360858629e-06
Completed 78 % :  mod = 6.197356620566496e-14,  Error =1.4701331778610438e-06
Completed 79 % :  mod = 6.70857706391182e-14,  Error =1.4747998449138322e-06
Completed 79 % :  mod = 7.263358067644164e-14,  Error =1.4794661566952527e-06
Completed 79 % :  mod = 7.865301912604992e-14,  Error =1.4841324116332544e-06
Completed 79 % :  mod = 8.51844188719661e-14,  Error =1.488799561855103e-06
Completed 80 % :  mod = 9.226779084364731e-14,  Error =1.4934658665310963e-06
Completed 80 % :  mod = 9.995027815991673e-14,  Error =1.4981325122676026e-06
Completed 80 % :  mod = 1.0828176341542704e-13,  Error =1.5027987458893222e-06
Completed 80 % :  mod = 1.1731634275306304e-13,  Error =1.5074650008273238e-06
Completed 81 % :  mod = 1.2711267693841878e-13,  Error =1.512131625247548e-06
Completed 81 % :  mod = 1.3773437209185325e-13,  Error =1.5167980720320884e-06
Completed 81 % :  mod = 1.4925259243926777e-13,  Error =1.5214652506756465e-06
Completed 81 % :  mod = 1.6173789290977056e-13,  Error =1.5261311219205709e-06
Completed 82 % :  mod = 1.7527336428734125e-13,  Error =1.530797703708231e-06
Completed 82 % :  mod = 1.899468847500399e-13,  Error =1.5354641291764892e-06
Completed 82 % :  mod = 2.0585371898383312e-13,  Error =1.5401303699036362e-06
Completed 82 % :  mod = 2.2309713580599398e-13,  Error =1.5447967243176208e-06
Completed 83 % :  mod = 2.4179264814149625e-13,  Error =1.5494636826929309e-06
Completed 83 % :  mod = 2.620547561593674e-13,  Error =1.5541298239440948e-06
Completed 83 % :  mod = 2.840182823071827e-13,  Error =1.5587958657192758e-06
Completed 83 % :  mod = 3.0782579212511325e-13,  Error =1.563462468823218e-06
Completed 84 % :  mod = 3.336318108827467e-13,  Error =1.5681287806046385e-06
Completed 84 % :  mod = 3.616038232542064e-13,  Error =1.5727953766031533e-06
Completed 84 % :  mod = 3.919233560337253e-13,  Error =1.5774612904806418e-06
Completed 84 % :  mod = 4.247934281256318e-13,  Error =1.5821287249195848e-06
Completed 85 % :  mod = 4.604152371934248e-13,  Error =1.5867946601133553e-06
Completed 85 % :  mod = 4.990256630719575e-13,  Error =1.5914609079459296e-06
Completed 85 % :  mod = 5.408751413358017e-13,  Error =1.5961267294528625e-06
Completed 85 % :  mod = 5.862350648277207e-13,  Error =1.6007927925443255e-06
Completed 86 % :  mod = 6.3539952550174e-13,  Error =1.60545928196143e-06
Completed 86 % :  mod = 6.886871980094589e-13,  Error =1.6101251389954996e-06
Completed 86 % :  mod = 7.464544076591682e-13,  Error =1.6147922394793568e-06
Completed 86 % :  mod = 8.090541274112032e-13,  Error =1.6194583167816745e-06
Completed 87 % :  mod = 8.769018477107077e-13,  Error =1.6241243159242913e-06
Completed 87 % :  mod = 9.504366384844817e-13,  Error =1.6287904358591732e-06
Completed 87 % :  mod = 1.0301340914193115e-12,  Error =1.6334571242282436e-06
Completed 87 % :  mod = 1.1165092971929784e-12,  Error =1.638123571012784e-06
Completed 88 % :  mod = 1.2101200490205387e-12,  Error =1.6427893854142894e-06
Completed 88 % :  mod = 1.3115896617058447e-12,  Error =1.6474563224733174e-06
Completed 88 % :  mod = 1.4215347790330142e-12,  Error =1.6521223216159342e-06
Completed 88 % :  mod = 1.5406808582072335e-12,  Error =1.6567887541896198e-06
Completed 89 % :  mod = 1.6697934934438241e-12,  Error =1.6614540712112102e-06
Completed 89 % :  mod = 1.8097007957600789e-12,  Error =1.6661202835166478e-06
Completed 89 % :  mod = 1.9612981708357235e-12,  Error =1.6707860694964438e-06
Completed 89 % :  mod = 2.1255533710144236e-12,  Error =1.6754517062622654e-06
Completed 90 % :  mod = 2.3035457944068432e-12,  Error =1.6801185651615924e-06
Completed 90 % :  mod = 2.496338934757762e-12,  Error =1.6847841948219866e-06
Completed 90 % :  mod = 2.7051817894476442e-12,  Error =1.6894488226171234e-06
Completed 90 % :  mod = 2.931386886472785e-12,  Error =1.6941139406867478e-06
Completed 91 % :  mod = 3.1763676499251248e-12,  Error =1.698778675063295e-06
Completed 91 % :  mod = 3.4416443720513983e-12,  Error =1.7034438926089024e-06
Completed 91 % :  mod = 3.728904844414801e-12,  Error =1.7081091385762193e-06
Completed 91 % :  mod = 4.039795017327609e-12,  Error =1.7127731553046033e-06
Completed 92 % :  mod = 4.3762396098623736e-12,  Error =1.717436212800294e-06
Completed 92 % :  mod = 4.740239567692623e-12,  Error =1.7220990287114546e-06
Completed 92 % :  mod = 5.1339252563952e-12,  Error =1.7267619369931708e-06
Completed 92 % :  mod = 5.559557110479691e-12,  Error =1.731424646322921e-06
Completed 93 % :  mod = 6.019523693109122e-12,  Error =1.7360859843051912e-06
Completed 93 % :  mod = 6.516431013358768e-12,  Error =1.7407480115139151e-06
Completed 93 % :  mod = 7.0527212118850584e-12,  Error =1.745407693931611e-06
Completed 93 % :  mod = 7.631203056987995e-12,  Error =1.7500662536917844e-06
Completed 94 % :  mod = 8.254671178472397e-12,  Error =1.7547240531712305e-06
Completed 94 % :  mod = 8.925960869090218e-12,  Error =1.7593803178783674e-06
Completed 94 % :  mod = 9.647903239003962e-12,  Error =1.7640339891045187e-06
Completed 94 % :  mod = 1.0423265629404797e-11,  Error =1.7686864168808825e-06
Completed 95 % :  mod = 1.125483192734256e-11,  Error =1.7733363861793805e-06
Completed 95 % :  mod = 1.214468284238039e-11,  Error =1.777983143824713e-06
Completed 95 % :  mod = 1.3094986088322287e-11,  Error =1.782626398494358e-06
Completed 95 % :  mod = 1.4107242820485272e-11,  Error =1.7872662638751535e-06
Completed 96 % :  mod = 1.518224782185068e-11,  Error =1.791901539149876e-06
Completed 96 % :  mod = 1.6319866393739434e-11,  Error =1.7965322456348076e-06
Completed 96 % :  mod = 1.7518774123314985e-11,  Error =1.8011579285825974e-06
Completed 96 % :  mod = 1.8776396945902407e-11,  Error =1.805777252172902e-06
Completed 97 % :  mod = 2.008765130586616e-11,  Error =1.8103895413901228e-06
Completed 97 % :  mod = 2.1445985869100436e-11,  Error =1.8149944835954557e-06
Completed 97 % :  mod = 2.284212523406916e-11,  Error =1.8195909916585151e-06
Completed 97 % :  mod = 2.426398145993834e-11,  Error =1.8241782839822918e-06
Completed 98 % :  mod = 2.5696408098847534e-11,  Error =1.8287558205543064e-06
Completed 98 % :  mod = 2.7121070889742366e-11,  Error =1.833322528455028e-06
Completed 98 % :  mod = 2.8516743053759097e-11,  Error =1.837879267441167e-06
Completed 98 % :  mod = 2.985855893428111e-11,  Error =1.8424251706505856e-06
Completed 99 % :  mod = 3.112011158187923e-11,  Error =1.8469598686010613e-06
Completed 99 % :  mod = 3.227328354254595e-11,  Error =1.851483638404261e-06
Completed 99 % :  mod = 3.328967970319676e-11,  Error =1.8559971550757837e-06
Completed 99 % :  mod = 3.4142059867353496e-11,  Error =1.8605022091833234e-06
Completed 100 % :  mod = 3.48060331086316e-11,  Error =1.8650004776077367e-06
Finished 4/7 frames
Finished all frames!
