/opt/local/miniconda_23_9/lib/python3.11/site-packages/conda/base/context.py:201: FutureWarning: Adding 'defaults' to channel list implicitly is deprecated and will be removed in 25.3. 

To remove this warning, please choose a default channel explicitly with conda's regular configuration system, e.g. by adding 'defaults' to the list of channels:

  conda config --add channels defaults

For more information see https://docs.conda.io/projects/conda/en/stable/user-guide/configuration/use-condarc.html

  deprecated.topic(
JOB 14510 ARRAY_ID 7  -> i=7 ; range=[1.95e-10, 2.05e-10] ; intervals=20 (frames=21)
Analytic t0 extension enabled (--extend-time-using-t0).
Completed 0 % :  mod = 1.5866666668071123e-16,  Error =-1.4210854715202004e-14
Completed 0 % :  mod = 1.586255484630394e-16,  Error =1.8944561475109367e-09
Completed 0 % :  mod = 1.5850221397255138e-16,  Error =3.7891965121161775e-09
Completed 0 % :  mod = 1.5829672659196156e-16,  Error =5.683475023943174e-09
Completed 0 % :  mod = 1.5800919447513507e-16,  Error =7.577973804018256e-09
Completed 1 % :  mod = 1.5763992895217494e-16,  Error =9.470952022638812e-09
Completed 1 % :  mod = 1.5718882647040824e-16,  Error =1.1365358432158246e-08
Completed 1 % :  mod = 1.5665625305725603e-16,  Error =1.3259132458642853e-08
Completed 1 % :  mod = 1.560424853529344e-16,  Error =1.5153474919316068e-08
Completed 2 % :  mod = 1.5534813257596454e-16,  Error =1.7047398159775184e-08
Completed 2 % :  mod = 1.5457300168307095e-16,  Error =1.8941790358439903e-08
Completed 2 % :  mod = 1.5371775457384005e-16,  Error =2.083642414163478e-08
Completed 2 % :  mod = 1.5278283337630926e-16,  Error =2.2730390014658042e-08
Completed 3 % :  mod = 1.517691514529712e-16,  Error =2.462359560695404e-08
Completed 3 % :  mod = 1.5067641236297385e-16,  Error =2.6517753326515958e-08
Completed 3 % :  mod = 1.4950557713509261e-16,  Error =2.8411854202659015e-08
Completed 3 % :  mod = 1.4825725643541472e-16,  Error =3.0306743781238765e-08
Completed 4 % :  mod = 1.4693208900246943e-16,  Error =3.220093702793747e-08
Completed 4 % :  mod = 1.4553134393811155e-16,  Error =3.4094959744379594e-08
Completed 4 % :  mod = 1.4405462460923736e-16,  Error =3.598974984697634e-08
Completed 4 % :  mod = 1.4250323811631105e-16,  Error =3.788407809679484e-08
Completed 5 % :  mod = 1.408779934419717e-16,  Error =3.977895346451987e-08
Completed 5 % :  mod = 1.391804276945926e-16,  Error =4.167258538245733e-08
Completed 5 % :  mod = 1.3741005718031056e-16,  Error =4.3566835472574894e-08
Completed 5 % :  mod = 1.3556846486432404e-16,  Error =4.546111398440189e-08
Completed 6 % :  mod = 1.3365661110332424e-16,  Error =4.73554067070836e-08
Completed 6 % :  mod = 1.3167628751881914e-16,  Error =4.9248924938183336e-08
Completed 6 % :  mod = 1.2962693519520862e-16,  Error =5.1143402401976346e-08
Completed 6 % :  mod = 1.275103993656441e-16,  Error =5.303729722072603e-08
Completed 7 % :  mod = 1.25327773666293e-16,  Error =5.4932122850459564e-08
Completed 7 % :  mod = 1.2308110262913556e-16,  Error =5.6825527394721576e-08
Completed 7 % :  mod = 1.2076975284061775e-16,  Error =5.872005459650609e-08
Completed 7 % :  mod = 1.1839580569395589e-16,  Error =6.061423363235008e-08
Completed 8 % :  mod = 1.1596049162031115e-16,  Error =6.250871109614309e-08
Completed 8 % :  mod = 1.1346507718829773e-16,  Error =6.440321698164553e-08
Completed 8 % :  mod = 1.1091188842979812e-16,  Error =6.62965788933434e-08
Completed 8 % :  mod = 1.0830020032100542e-16,  Error =6.819107767341848e-08
Completed 9 % :  mod = 1.0563238211398913e-16,  Error =7.008522828755304e-08
Completed 9 % :  mod = 1.0290981370110735e-16,  Error =7.197935047997817e-08
Completed 9 % :  mod = 1.0013502946035938e-16,  Error =7.387289002735997e-08
Completed 9 % :  mod = 9.730724631019906e-17,  Error =7.576737459658034e-08
Completed 10 % :  mod = 9.442902551199559e-17,  Error =7.766151810528754e-08
Completed 10 % :  mod = 9.150186147092313e-17,  Error =7.955604530707205e-08
Completed 10 % :  mod = 8.852847654177515e-17,  Error =8.1449528011035e-08
Completed 10 % :  mod = 8.550802027948439e-17,  Error =8.334355072747712e-08
Completed 11 % :  mod = 8.244324373167182e-17,  Error =8.523787897729562e-08
Completed 11 % :  mod = 7.933573963460693e-17,  Error =8.713213617284055e-08
Completed 11 % :  mod = 7.618838238921953e-17,  Error =8.902600967530816e-08
Completed 11 % :  mod = 7.300028344843539e-17,  Error =9.092055108794739e-08
Completed 12 % :  mod = 6.977435009361368e-17,  Error =9.28147940726376e-08
Completed 12 % :  mod = 6.651224893859234e-17,  Error =9.470869599681464e-08
Completed 12 % :  mod = 6.321567684100045e-17,  Error =9.660288213808599e-08
Completed 12 % :  mod = 5.988768459803346e-17,  Error =9.849620141721971e-08
Completed 13 % :  mod = 5.65273192976257e-17,  Error =1.0039044440190992e-07
Completed 13 % :  mod = 5.313765903393287e-17,  Error =1.0228485081142935e-07
Completed 13 % :  mod = 4.9720458980817214e-17,  Error =1.0417915774496578e-07
Completed 13 % :  mod = 4.627886950734043e-17,  Error =1.0607279676833059e-07
Completed 14 % :  mod = 4.28119198653549e-17,  Error =1.0796706106930287e-07
Completed 14 % :  mod = 3.932278115513643e-17,  Error =1.0986127563228365e-07
Completed 14 % :  mod = 3.581325766439614e-17,  Error =1.117553267704352e-07
Completed 14 % :  mod = 3.228659214793039e-17,  Error =1.1364888763409908e-07
Completed 15 % :  mod = 2.874178226963193e-17,  Error =1.1554327272733644e-07
Completed 15 % :  mod = 2.5182071508080153e-17,  Error =1.1743757255544551e-07
Completed 15 % :  mod = 2.1609312075762927e-17,  Error =1.193317373804348e-07
Completed 15 % :  mod = 1.8026793101289705e-17,  Error =1.2122511350298737e-07
Completed 16 % :  mod = 1.4433492758110044e-17,  Error =1.2311929253883136e-07
Completed 16 % :  mod = 1.0832714288602598e-17,  Error =1.2501375579176965e-07
Completed 16 % :  mod = 7.226323140145037e-18,  Error =1.269078069299212e-07
Completed 16 % :  mod = 3.616184553319882e-18,  Error =1.288021707068765e-07
Completed 17 % :  mod = 5.6210024550275304e-21,  Error =1.306957599922498e-07
Completed 17 % :  mod = 3.60639326810788e-18,  Error =1.3259034403745318e-07
Completed 17 % :  mod = 7.216541212413715e-18,  Error =1.3448467228727168e-07
Completed 17 % :  mod = 1.0822946836531995e-17,  Error =1.363788300068336e-07
Completed 18 % :  mod = 1.442230193500039e-17,  Error =1.3827247613562577e-07
Completed 18 % :  mod = 1.8015629523441478e-17,  Error =1.401664633249311e-07
Completed 18 % :  mod = 2.1599616278212887e-17,  Error =1.4206071341504867e-07
Completed 18 % :  mod = 2.517240926304371e-17,  Error =1.4395519087884168e-07
Completed 19 % :  mod = 2.873073222232278e-17,  Error =1.4584895779989893e-07
Completed 19 % :  mod = 3.2275590697482225e-17,  Error =1.477430373597599e-07
Completed 19 % :  mod = 3.5803721667800684e-17,  Error =1.4963740824214256e-07
Completed 19 % :  mod = 3.931329499617288e-17,  Error =1.5153213439589308e-07
Completed 20 % :  mod = 4.280249078185362e-17,  Error =1.5342612158519842e-07
Completed 20 % :  mod = 4.626811626277482e-17,  Error =1.5531948349689628e-07
Completed 20 % :  mod = 4.971115593896177e-17,  Error =1.5721334278850918e-07
Completed 20 % :  mod = 5.312843059342892e-17,  Error =1.5910787709572105e-07
Completed 21 % :  mod = 5.651816892229207e-17,  Error =1.6100204192071033e-07
Completed 21 % :  mod = 5.987727561569903e-17,  Error =1.6289532567270726e-07
Completed 21 % :  mod = 6.320669805394513e-17,  Error =1.6478967523880783e-07
Completed 21 % :  mod = 6.6503362950862e-17,  Error =1.6668446534140458e-07
Completed 22 % :  mod = 6.976556021393075e-17,  Error =1.685791062300268e-07
Completed 22 % :  mod = 7.299030780534436e-17,  Error =1.7047285894022934e-07
Completed 22 % :  mod = 7.617852797978703e-17,  Error =1.7236706639778276e-07
Completed 22 % :  mod = 7.932726346317131e-17,  Error =1.7426174281354179e-07
Completed 23 % :  mod = 8.243488036699224e-17,  Error =1.7615619896105272e-07
Completed 23 % :  mod = 8.549855226679553e-17,  Error =1.780497953518534e-07
Completed 23 % :  mod = 8.85191462029595e-17,  Error =1.7994354095662857e-07
Completed 23 % :  mod = 9.14938588603882e-17,  Error =1.818376276219169e-07
Completed 24 % :  mod = 9.442115235522652e-17,  Error =1.837317711306241e-07
Completed 24 % :  mod = 9.729950777707469e-17,  Error =1.856263338595454e-07
Completed 24 % :  mod = 1.001263081849685e-16,  Error =1.875195749789782e-07
Completed 24 % :  mod = 1.029023597181137e-16,  Error =1.894137184876854e-07
Completed 25 % :  mod = 1.0562507655821663e-16,  Error =1.9130722250793042e-07
Completed 25 % :  mod = 1.0829304660457412e-16,  Error =1.932016218120225e-07
Completed 25 % :  mod = 1.1090385361091809e-16,  Error =1.9509533899508824e-07
Completed 25 % :  mod = 1.1345823485366827e-16,  Error =1.969900580434114e-07
Completed 26 % :  mod = 1.1595380965532295e-16,  Error =1.9888420865754597e-07
Completed 26 % :  mod = 1.1838928668354836e-16,  Error =2.007786008562107e-07
Completed 26 % :  mod = 1.207624598476508e-16,  Error =2.0267231803927643e-07
Completed 26 % :  mod = 1.2307400572967259e-16,  Error =2.0456681681935152e-07
Completed 27 % :  mod = 1.2532176352705855e-16,  Error =2.0646132270485396e-07
Completed 27 % :  mod = 1.2750456531248256e-16,  Error =2.0835557279497152e-07
Completed 27 % :  mod = 1.2962044679048375e-16,  Error =2.1024933971602877e-07
Completed 27 % :  mod = 1.3167000937306623e-16,  Error =2.1214358980614634e-07
Completed 28 % :  mod = 1.3365132603959548e-16,  Error =2.1403773331485354e-07
Completed 28 % :  mod = 1.3556337377444893e-16,  Error =2.1593189813984281e-07
Completed 28 % :  mod = 1.374051577895424e-16,  Error =2.178260629648321e-07
Completed 28 % :  mod = 1.3917502935881872e-16,  Error =2.197194177711026e-07
Completed 29 % :  mod = 1.408734896503315e-16,  Error =2.2161440682566536e-07
Completed 29 % :  mod = 1.4249893372689726e-16,  Error =2.235083087498424e-07
Completed 29 % :  mod = 1.4405051982884514e-16,  Error =2.254031912229948e-07
Completed 29 % :  mod = 1.455268651169861e-16,  Error =2.2729658866182945e-07
Completed 30 % :  mod = 1.469283907296495e-16,  Error =2.2919105191476774e-07
Completed 30 % :  mod = 1.4825376319998912e-16,  Error =2.3108531621574002e-07
Completed 30 % :  mod = 1.495022949341208e-16,  Error =2.3297977236325096e-07
Completed 30 % :  mod = 1.5067288505804677e-16,  Error =2.3487326217264126e-07
Completed 31 % :  mod = 1.5176586842481877e-16,  Error =2.367675833170324e-07
Completed 31 % :  mod = 1.5278019027575822e-16,  Error =2.386619826211245e-07
Completed 31 % :  mod = 1.5371532669534463e-16,  Error =2.405562611329515e-07
Completed 31 % :  mod = 1.545704662710959e-16,  Error =2.4244994278888043e-07
Completed 32 % :  mod = 1.55345849040486e-16,  Error =2.443448465783149e-07
Completed 32 % :  mod = 1.5604071606530295e-16,  Error =2.462390256141589e-07
Completed 32 % :  mod = 1.5665470747028147e-16,  Error =2.4813316201743874e-07
Completed 32 % :  mod = 1.5718750070668147e-16,  Error =2.5002758974324024e-07
Completed 33 % :  mod = 1.5763865835105527e-16,  Error =2.5192136376972485e-07
Completed 33 % :  mod = 1.580083100122651e-16,  Error =2.538158980769367e-07
Completed 33 % :  mod = 1.582960631931103e-16,  Error =2.557100486910713e-07
Completed 33 % :  mod = 1.5850177106903214e-16,  Error =2.576047251068303e-07
Completed 34 % :  mod = 1.586252961212538e-16,  Error =2.5949857729301584e-07
Completed 34 % :  mod = 1.5866666983433732e-16,  Error =2.6139257158774853e-07
Completed 34 % :  mod = 1.5862580809435418e-16,  Error =2.6328682878329346e-07
Completed 34 % :  mod = 1.585027324080003e-16,  Error =2.651811996656761e-07
Completed 35 % :  mod = 1.5829760118036297e-16,  Error =2.6707461842079283e-07
Completed 35 % :  mod = 1.5801035940393149e-16,  Error =2.6896829297129443e-07
Completed 35 % :  mod = 1.576412212150869e-16,  Error =2.7086203147064225e-07
Completed 35 % :  mod = 1.5719037350494887e-16,  Error =2.7275629577161453e-07
Completed 36 % :  mod = 1.5665805522531684e-16,  Error =2.7465048901831324e-07
Completed 36 % :  mod = 1.5604480120015562e-16,  Error =2.765437372431734e-07
Completed 36 % :  mod = 1.55350437618139e-16,  Error =2.7843820760153903e-07
Completed 36 % :  mod = 1.5457555617189888e-16,  Error =2.803324576916566e-07
Completed 37 % :  mod = 1.5372055866441782e-16,  Error =2.8222684278489396e-07
Completed 37 % :  mod = 1.5278627579182598e-16,  Error =2.8412085129048137e-07
Completed 37 % :  mod = 1.5177244714732677e-16,  Error =2.8601528612171023e-07
Completed 37 % :  mod = 1.506799560564168e-16,  Error =2.8790924488930614e-07
Completed 38 % :  mod = 1.4950936500191265e-16,  Error =2.898032960274577e-07
Completed 38 % :  mod = 1.4826180122419403e-16,  Error =2.916965797794546e-07
Completed 38 % :  mod = 1.4693690851860968e-16,  Error =2.935912490897863e-07
Completed 38 % :  mod = 1.4553585605325666e-16,  Error =2.9548536417678406e-07
Completed 39 % :  mod = 1.4405937241915826e-16,  Error =2.9737944373664504e-07
Completed 39 % :  mod = 1.4250885886027214e-16,  Error =2.992728767026165e-07
Completed 39 % :  mod = 1.408838745410306e-16,  Error =3.0116741100982836e-07
Completed 39 % :  mod = 1.3918586904375835e-16,  Error =3.030615971510997e-07
Completed 40 % :  mod = 1.3741572331580776e-16,  Error =3.04955960928055e-07
Completed 40 % :  mod = 1.3557435154685206e-16,  Error =3.068500831204801e-07
Completed 40 % :  mod = 1.336634940215025e-16,  Error =3.087435942461525e-07
Completed 40 % :  mod = 1.3168260681680753e-16,  Error =3.1063816408050116e-07
Completed 41 % :  mod = 1.2963346521745805e-16,  Error =3.1253299681566205e-07
Completed 41 % :  mod = 1.2751713902648004e-16,  Error =3.1442723980035225e-07
Completed 41 % :  mod = 1.2533560877275389e-16,  Error =3.1632074382059727e-07
Completed 41 % :  mod = 1.2308825272665168e-16,  Error =3.182149868052875e-07
Completed 42 % :  mod = 1.2077710306414332e-16,  Error =3.201093932148069e-07
Completed 42 % :  mod = 1.1840335221778057e-16,  Error =3.220034017203943e-07
Completed 42 % :  mod = 1.159692178587857e-16,  Error =3.2389678494837426e-07
Completed 42 % :  mod = 1.1347401358234666e-16,  Error =3.257907366105428e-07
Completed 43 % :  mod = 1.1091999526509024e-16,  Error =3.276847451161302e-07
Completed 43 % :  mod = 1.0830848277708133e-16,  Error =3.295794073210345e-07
Completed 43 % :  mod = 1.056419171283076e-16,  Error =3.314730179226899e-07
Completed 43 % :  mod = 1.0291954000094248e-16,  Error =3.3336763749503007e-07
Completed 44 % :  mod = 1.0014381644491016e-16,  Error =3.352619799557033e-07
Completed 44 % :  mod = 9.73161927855117e-17,  Error =3.3715611635898313e-07
Completed 44 % :  mod = 9.443813111617858e-17,  Error =3.390506648770497e-07
Completed 44 % :  mod = 9.151230188612083e-17,  Error =3.4094414758101266e-07
Completed 45 % :  mod = 8.853788174043625e-17,  Error =3.428387032045066e-07
Completed 45 % :  mod = 8.551757137212602e-17,  Error =3.4473328724971e-07
Completed 45 % :  mod = 8.245293286007818e-17,  Error =3.4662766523752e-07
Completed 45 % :  mod = 7.934681578980417e-17,  Error =3.48520970305799e-07
Completed 46 % :  mod = 7.619833543994007e-17,  Error =3.5041534118818163e-07
Completed 46 % :  mod = 7.301035468258595e-17,  Error =3.5230925021778603e-07
Completed 46 % :  mod = 6.978453558208636e-17,  Error =3.542035500458951e-07
Completed 46 % :  mod = 6.652386229589865e-17,  Error =3.5609706827699483e-07
Completed 47 % :  mod = 6.322740538320705e-17,  Error =3.57991787325318e-07
Completed 47 % :  mod = 5.989818301927161e-17,  Error =3.598859166231705e-07
Completed 47 % :  mod = 5.653791723903131e-17,  Error =3.617799606558947e-07
Completed 47 % :  mod = 5.314970702295228e-17,  Error =3.636737631040887e-07
Completed 48 % :  mod = 4.9732602819390105e-17,  Error =3.655682832004459e-07
Completed 48 % :  mod = 4.628972149659167e-17,  Error =3.6746251907970873e-07
Completed 48 % :  mod = 4.28228426302473e-17,  Error =3.693572381280319e-07
Completed 48 % :  mod = 3.933377526435666e-17,  Error =3.712518505949447e-07
Completed 49 % :  mod = 3.582572937668433e-17,  Error =3.7314529777177086e-07
Completed 49 % :  mod = 3.22977041820867e-17,  Error =3.750391286416743e-07
Completed 49 % :  mod = 2.875294672635956e-17,  Error =3.769333574155098e-07
Completed 49 % :  mod = 2.519328213182572e-17,  Error =3.788275222404991e-07
Completed 50 % :  mod = 2.1621989807722433e-17,  Error =3.8072121810728277e-07
Completed 50 % :  mod = 1.8038069589291546e-17,  Error =3.826155037245371e-07
Completed 50 % :  mod = 1.4444795405698757e-17,  Error =3.845101232968773e-07
Completed 50 % :  mod = 1.0844033479803562e-17,  Error =3.8640437338699485e-07
Completed 51 % :  mod = 7.239105458753243e-18,  Error =3.8829792714523137e-07
Completed 51 % :  mod = 3.628978297360298e-18,  Error =3.9019246145244324e-07
Completed 51 % :  mod = 1.6968627989547956e-20,  Error =3.9208642022003914e-07
Completed 51 % :  mod = 3.595045125585477e-18,  Error =3.9398009477054075e-07
Completed 52 % :  mod = 7.205199480541059e-18,  Error =3.958744798637781e-07
Completed 52 % :  mod = 1.0810176925632978e-17,  Error =3.977678062483392e-07
Completed 52 % :  mod = 1.4410995513400133e-17,  Error =3.9966240450439727e-07
Completed 52 % :  mod = 1.800434755536808e-17,  Error =4.0155643432626675e-07
Completed 53 % :  mod = 2.158836982720704e-17,  Error =4.0345106810946163e-07
Completed 53 % :  mod = 2.5159770408572994e-17,  Error =4.053446502894076e-07
Completed 53 % :  mod = 2.871956616293271e-17,  Error =4.072391419640553e-07
Completed 53 % :  mod = 3.226447675047075e-17,  Error =4.0913315757507007e-07
Completed 54 % :  mod = 3.5792660867143567e-17,  Error =4.110272087132216e-07
Completed 54 % :  mod = 3.930089069910461e-17,  Error =4.12921394854493e-07
Completed 54 % :  mod = 4.279016289559444e-17,  Error =4.1481549573063603e-07
Completed 54 % :  mod = 4.625725408886229e-17,  Error =4.167101792518224e-07
Completed 55 % :  mod = 4.9700370589448634e-17,  Error =4.1860467092647013e-07
Completed 55 % :  mod = 5.311636326906269e-17,  Error =4.2049800441645857e-07
Completed 55 % :  mod = 5.650620070450298e-17,  Error =4.2239210529260163e-07
Completed 55 % :  mod = 5.986675196545219e-17,  Error =4.242864690695569e-07
Completed 56 % :  mod = 6.319627568162454e-17,  Error =4.2618092521706785e-07
Completed 56 % :  mod = 6.649304449310585e-17,  Error =4.2807552347312594e-07
Completed 56 % :  mod = 6.975405009910465e-17,  Error =4.2996891380653324e-07
Completed 56 % :  mod = 7.298021687395546e-17,  Error =4.3186315679122345e-07
Completed 57 % :  mod = 7.616855538692452e-17,  Error =4.337573784596316e-07
Completed 57 % :  mod = 7.931741722214736e-17,  Error =4.3565184881799723e-07
Completed 57 % :  mod = 8.242392978815175e-17,  Error =4.3754516809713095e-07
Completed 57 % :  mod = 8.548897372209732e-17,  Error =4.394398231966079e-07
Completed 58 % :  mod = 8.850971034691695e-17,  Error =4.413341514464264e-07
Completed 58 % :  mod = 9.148457050098863e-17,  Error =4.432281954791506e-07
Completed 58 % :  mod = 9.441084806293837e-17,  Error =4.451214650202928e-07
Completed 58 % :  mod = 9.728937988105216e-17,  Error =4.4701578616468396e-07
Completed 59 % :  mod = 1.0011748459767561e-16,  Error =4.489098373028355e-07
Completed 59 % :  mod = 1.0289369691405237e-16,  Error =4.508043218720559e-07
Completed 59 % :  mod = 1.056155043207706e-16,  Error =4.5269816695281406e-07
Completed 59 % :  mod = 1.0828367190819811e-16,  Error =4.54592722576308e-07
Completed 60 % :  mod = 1.1089571218913661e-16,  Error =4.5648697977185293e-07
Completed 60 % :  mod = 1.1345028239095797e-16,  Error =4.583808106417564e-07
Completed 60 % :  mod = 1.1594604635847899e-16,  Error =4.6027513178614754e-07
Completed 60 % :  mod = 1.1838074599202496e-16,  Error =4.6216820237532374e-07
Completed 61 % :  mod = 1.2075508449851413e-16,  Error =4.6406204035065457e-07
Completed 61 % :  mod = 1.230668294208708e-16,  Error =4.6595624070278063e-07
Completed 61 % :  mod = 1.2531478584500136e-16,  Error =4.6785088159140287e-07
Completed 61 % :  mod = 1.274969371045724e-16,  Error =4.6974425771395545e-07
Completed 62 % :  mod = 1.2961388673123832e-16,  Error =4.7163833727381643e-07
Completed 62 % :  mod = 1.3166365946939518e-16,  Error =4.735323173576944e-07
Completed 62 % :  mod = 1.3364519756183465e-16,  Error =4.754264466555469e-07
Completed 62 % :  mod = 1.355567077843863e-16,  Error =4.773198156726721e-07
Completed 63 % :  mod = 1.3739874114273568e-16,  Error =4.792140586573623e-07
Completed 63 % :  mod = 1.391695676403304e-16,  Error =4.811081453226507e-07
Completed 63 % :  mod = 1.40868253855548e-16,  Error =4.830020827739645e-07
Completed 63 % :  mod = 1.4249329204492692e-16,  Error =4.848954873182265e-07
Completed 64 % :  mod = 1.4404514723906782e-16,  Error =4.867899647820195e-07
Completed 64 % :  mod = 1.4552233418348205e-16,  Error =4.886838809170513e-07
Completed 64 % :  mod = 1.469240987479449e-16,  Error =4.905778467900745e-07
Completed 64 % :  mod = 1.4824971730451676e-16,  Error =4.924719192445082e-07
Completed 65 % :  mod = 1.4949800331430771e-16,  Error =4.943660485423607e-07
Completed 65 % :  mod = 1.506693241489073e-16,  Error =4.962603128433329e-07
Completed 65 % :  mod = 1.5176255670383884e-16,  Error =4.981544989846043e-07
Completed 65 % :  mod = 1.527771234002396e-16,  Error =5.000487419692945e-07
Completed 66 % :  mod = 1.5371215145916577e-16,  Error =5.019423596763772e-07
Completed 66 % :  mod = 1.54567905423317e-16,  Error =5.038366879261957e-07
Completed 66 % :  mod = 1.5534353913862545e-16,  Error =5.057308456457577e-07
Completed 66 % :  mod = 1.560386629513238e-16,  Error =5.07625230738995e-07
Completed 67 % :  mod = 1.5665268335932255e-16,  Error =5.09518834235223e-07
Completed 67 % :  mod = 1.5718576533345512e-16,  Error =5.114134893347e-07
Completed 67 % :  mod = 1.5763738180457495e-16,  Error =5.133075617891336e-07
Completed 67 % :  mod = 1.580072954752438e-16,  Error =5.152014352916012e-07
Completed 68 % :  mod = 1.5829530487528374e-16,  Error =5.170958772282575e-07
Completed 68 % :  mod = 1.585012090515047e-16,  Error =5.189896086221779e-07
Completed 68 % :  mod = 1.586250617706465e-16,  Error =5.208839155557143e-07
Completed 68 % :  mod = 1.5866669046215384e-16,  Error =5.227780377481395e-07
Completed 69 % :  mod = 1.586260908350273e-16,  Error =5.246728278507362e-07
Completed 69 % :  mod = 1.5850334157482265e-16,  Error =5.265666018772208e-07
Completed 69 % :  mod = 1.5829839915116015e-16,  Error =5.284605606448167e-07
Completed 69 % :  mod = 1.5801141990117557e-16,  Error =5.303548178403616e-07
Completed 70 % :  mod = 1.576425424810191e-16,  Error =5.322485350234274e-07
Completed 70 % :  mod = 1.5719214842774825e-16,  Error =5.341419679893988e-07
Completed 70 % :  mod = 1.5666012524479975e-16,  Error =5.360366372997305e-07
Completed 70 % :  mod = 1.5604690203211635e-16,  Error =5.379307808084377e-07
Completed 71 % :  mod = 1.5535279115377686e-16,  Error =5.398250522148373e-07
Completed 71 % :  mod = 1.5457849442083224e-16,  Error =5.417187125544842e-07
Completed 71 % :  mod = 1.5372378208386736e-16,  Error =5.436126429003707e-07
Completed 71 % :  mod = 1.5278938790378435e-16,  Error =5.455068503579241e-07
Completed 72 % :  mod = 1.517758109289865e-16,  Error =5.474013065054351e-07
Completed 72 % :  mod = 1.5068356700998333e-16,  Error =5.492955565955526e-07
Completed 72 % :  mod = 1.49513702220057e-16,  Error =5.511892737786184e-07
Completed 72 % :  mod = 1.4826590119659894e-16,  Error =5.530831614919407e-07
Completed 73 % :  mod = 1.4694125183721105e-16,  Error =5.54977248157229e-07
Completed 73 % :  mod = 1.4554043527342897e-16,  Error =5.568712992953806e-07
Completed 73 % :  mod = 1.440648035836627e-16,  Error =5.587652367466944e-07
Completed 73 % :  mod = 1.4251392120562096e-16,  Error =5.606590676165979e-07
Completed 74 % :  mod = 1.4088916539502364e-16,  Error =5.625531400710315e-07
Completed 74 % :  mod = 1.3919139652310537e-16,  Error =5.644475180588415e-07
Completed 74 % :  mod = 1.3742220174266648e-16,  Error =5.663411783984884e-07
Completed 74 % :  mod = 1.3558107905847275e-16,  Error =5.682354569103154e-07
Completed 75 % :  mod = 1.336696950326633e-16,  Error =5.701292593585094e-07
Completed 75 % :  mod = 1.3168902222284334e-16,  Error =5.720237581385845e-07
Completed 75 % :  mod = 1.2964092623148692e-16,  Error =5.73917390056522e-07
Completed 75 % :  mod = 1.2752484240442838e-16,  Error =5.758112138209981e-07
Completed 76 % :  mod = 1.2534265598968132e-16,  Error =5.777057623390647e-07
Completed 76 % :  mod = 1.2309550012128735e-16,  Error =5.79599948480336e-07
Completed 76 % :  mod = 1.2078455684034182e-16,  Error =5.814941772541715e-07
Completed 76 % :  mod = 1.184119664766797e-16,  Error =5.833878731209552e-07
Completed 77 % :  mod = 1.1597706072006484e-16,  Error =5.852816755691492e-07
Completed 77 % :  mod = 1.1348205465678008e-16,  Error =5.87176288036062e-07
Completed 77 % :  mod = 1.1092822007701721e-16,  Error =5.890704528610513e-07
Completed 77 % :  mod = 1.0831794598178288e-16,  Error =5.909640776735614e-07
Completed 78 % :  mod = 1.0565050569290895e-16,  Error =5.928585693482091e-07
Completed 78 % :  mod = 1.0292829560432878e-16,  Error =5.947527341731984e-07
Completed 78 % :  mod = 1.001527356232626e-16,  Error =5.966465934648113e-07
Completed 78 % :  mod = 9.7326422321352e-17,  Error =5.985403532804412e-07
Completed 79 % :  mod = 9.44485321885984e-17,  Error =6.004347739008153e-07
Completed 79 % :  mod = 9.152168930039875e-17,  Error =6.023288534606763e-07
Completed 79 % :  mod = 8.854742233822386e-17,  Error =6.04223046707375e-07
Completed 79 % :  mod = 8.552847154464794e-17,  Error =6.061164938842012e-07
Completed 80 % :  mod = 8.246399030031406e-17,  Error =6.080105023897886e-07
Completed 80 % :  mod = 7.935677711233083e-17,  Error =6.099047666907609e-07
Completed 80 % :  mod = 7.620842223542591e-17,  Error =6.117989670428869e-07
Completed 80 % :  mod = 7.302056969106673e-17,  Error =6.136931318678762e-07
Completed 81 % :  mod = 6.979617814920804e-17,  Error =6.155866429935486e-07
Completed 81 % :  mod = 6.653431356784189e-17,  Error =6.174811133519142e-07
Completed 81 % :  mod = 6.32379642920275e-17,  Error =6.19375327914895e-07
Completed 81 % :  mod = 5.99088477038129e-17,  Error =6.21269407474756e-07
Completed 82 % :  mod = 5.65500217865251e-17,  Error =6.231627907027359e-07
Completed 82 % :  mod = 5.316054877584344e-17,  Error =6.250573107990931e-07
Completed 82 % :  mod = 4.974353235682377e-17,  Error =6.269514827295097e-07
Completed 82 % :  mod = 4.630072279194347e-17,  Error =6.288456901870632e-07
Completed 83 % :  mod = 4.283531351535488e-17,  Error =6.307394855298298e-07
Completed 83 % :  mod = 3.9346328453935186e-17,  Error =6.326339843099049e-07
Completed 83 % :  mod = 3.583693751888806e-17,  Error =6.345285186171168e-07
Completed 83 % :  mod = 3.230897431113758e-17,  Error =6.36423060029756e-07
Completed 84 % :  mod = 2.876427424106544e-17,  Error =6.38317438017566e-07
Completed 84 % :  mod = 2.5206080683853446e-17,  Error =6.40211020197512e-07
Completed 84 % :  mod = 2.1633400867670178e-17,  Error =6.421051921279286e-07
Completed 84 % :  mod = 1.8049517872366857e-17,  Error =6.439995914320207e-07
Completed 85 % :  mod = 1.4456264006397864e-17,  Error =6.45893678097309e-07
Completed 85 % :  mod = 1.0856968103042053e-17,  Error =6.477874663346483e-07
Completed 85 % :  mod = 7.250611437676279e-18,  Error =6.496817803736121e-07
Completed 85 % :  mod = 3.64048319060878e-18,  Error =6.515758670389005e-07
Completed 86 % :  mod = 2.84766231653271e-20,  Error =6.534700887073086e-07
Completed 86 % :  mod = 3.582088892253482e-18,  Error =6.553638840500753e-07
Completed 86 % :  mod = 7.19225906703828e-18,  Error =6.572581270347655e-07
Completed 86 % :  mod = 1.0798692556803445e-17,  Error =6.591525263388576e-07
Completed 87 % :  mod = 1.4399523759074942e-17,  Error =6.610467977452572e-07
Completed 87 % :  mod = 1.7991467577748804e-17,  Error =6.629402946600749e-07
Completed 87 % :  mod = 2.157552009337891e-17,  Error =6.648343031656623e-07
Completed 87 % :  mod = 2.5148386025200003e-17,  Error =6.667286172046261e-07
Completed 88 % :  mod = 2.8708233219854065e-17,  Error =6.686228530838889e-07
Completed 88 % :  mod = 3.22531923525543e-17,  Error =6.705170818577244e-07
Completed 88 % :  mod = 3.578001937603465e-17,  Error =6.72410955360192e-07
Completed 88 % :  mod = 3.928973270472552e-17,  Error =6.743055394053954e-07
Completed 89 % :  mod = 4.277907169604981e-17,  Error =6.761999387094875e-07
Completed 89 % :  mod = 4.624623340646488e-17,  Error =6.780942598538786e-07
Completed 89 % :  mod = 4.968806224533142e-17,  Error =6.799878136121151e-07
Completed 89 % :  mod = 5.3105511590004186e-17,  Error =6.818820992293695e-07
Completed 90 % :  mod = 5.649543339786695e-17,  Error =6.837764701117521e-07
Completed 90 % :  mod = 5.985608536805574e-17,  Error =6.85670705991015e-07
Completed 90 % :  mod = 6.318437643001902e-17,  Error =6.875637765801912e-07
Completed 90 % :  mod = 6.648125908223214e-17,  Error =6.894584387850955e-07
Completed 91 % :  mod = 6.974369633107612e-17,  Error =6.913531507279913e-07
Completed 91 % :  mod = 7.296997787723692e-17,  Error =6.932470384413136e-07
Completed 91 % :  mod = 7.615716779822665e-17,  Error =6.951406774646784e-07
Completed 91 % :  mod = 7.930618090410402e-17,  Error =6.970347357082574e-07
Completed 92 % :  mod = 8.241408184106779e-17,  Error =6.98929603970555e-07
Completed 92 % :  mod = 8.547926479305506e-17,  Error =7.008241951211858e-07
Completed 92 % :  mod = 8.850015253343284e-17,  Error =7.027188502206627e-07
Completed 92 % :  mod = 9.147397741926912e-17,  Error =7.046125318765917e-07
Completed 93 % :  mod = 9.440159191188391e-17,  Error =7.065068317047007e-07
Completed 93 % :  mod = 9.728028616759048e-17,  Error =7.084012523250749e-07
Completed 93 % :  mod = 1.0010854949609639e-16,  Error =7.102959713733981e-07
Completed 93 % :  mod = 1.0288382637459793e-16,  Error =7.121895393424893e-07
Completed 94 % :  mod = 1.0560690986250738e-16,  Error =7.140839386465814e-07
Completed 94 % :  mod = 1.082752508476708e-16,  Error =7.159777695164848e-07
Completed 94 % :  mod = 1.1088747398722347e-16,  Error =7.178720480283118e-07
Completed 94 % :  mod = 1.1344121881788987e-16,  Error =7.197656586299672e-07
Completed 95 % :  mod = 1.1593719531912952e-16,  Error =7.216601289883329e-07
Completed 95 % :  mod = 1.1837308180175814e-16,  Error =7.235543932893052e-07
Completed 95 % :  mod = 1.2074762058935313e-16,  Error =7.254486362739954e-07
Completed 95 % :  mod = 1.2305865253372057e-16,  Error =7.273417921282999e-07
Completed 96 % :  mod = 1.2530684299826568e-16,  Error =7.292362695920929e-07
Completed 96 % :  mod = 1.2749009301218412e-16,  Error =7.31130491260501e-07
Completed 96 % :  mod = 1.296072551725687e-16,  Error =7.330247058234818e-07
Completed 96 % :  mod = 1.3165724380486543e-16,  Error =7.349193182903946e-07
Completed 97 % :  mod = 1.3363821982807867e-16,  Error =7.368130141571783e-07
Completed 97 % :  mod = 1.3555073171465334e-16,  Error =7.387076479403731e-07
Completed 97 % :  mod = 1.3739299073821357e-16,  Error =7.406015214428407e-07
Completed 97 % :  mod = 1.3916404434858523e-16,  Error =7.424960983826168e-07
Completed 98 % :  mod = 1.4086229567359577e-16,  Error =7.443896876679901e-07
Completed 98 % :  mod = 1.424882358517339e-16,  Error =7.46284342767467e-07
Completed 98 % :  mod = 1.4404032901539727e-16,  Error =7.481780812668148e-07
Completed 98 % :  mod = 1.4551775796183946e-16,  Error =7.500721395103938e-07
Completed 99 % :  mod = 1.4691921879592114e-16,  Error =7.519661977539727e-07
Completed 99 % :  mod = 1.4824511301043214e-16,  Error =7.538607320611845e-07
Completed 99 % :  mod = 1.4949416359360303e-16,  Error =7.557550745218578e-07
Completed 99 % :  mod = 1.5066573258238638e-16,  Error =7.576491469762914e-07
Completed 100 % :  mod = 1.5175879349734081e-16,  Error =7.59542743367092e-07
Finished 8/21 frames
Finished all frames!
