/opt/local/miniconda_23_9/lib/python3.11/site-packages/conda/base/context.py:201: FutureWarning: Adding 'defaults' to channel list implicitly is deprecated and will be removed in 25.3. 

To remove this warning, please choose a default channel explicitly with conda's regular configuration system, e.g. by adding 'defaults' to the list of channels:

  conda config --add channels defaults

For more information see https://docs.conda.io/projects/conda/en/stable/user-guide/configuration/use-condarc.html

  deprecated.topic(
JOB 14483 ARRAY_ID 11  -> i=11 ; range=[1.9e-10, 5.0e-10] ; intervals=30 (frames=31)
Analytic t0 extension enabled (--extend-time-using-t0).
Completed 0 % :  mod = 2.400000000351461e-16,  Error =-1.4210854715202004e-14
Completed 0 % :  mod = 2.409291211456192e-16,  Error =4.94625851388264e-09
Completed 0 % :  mod = 2.4372067931672006e-16,  Error =9.888225349641289e-09
Completed 0 % :  mod = 2.484007832637129e-16,  Error =1.483474676433616e-08
Completed 0 % :  mod = 2.5499808166333053e-16,  Error =1.9776983606334397e-08
Completed 1 % :  mod = 2.6357427722618567e-16,  Error =2.4723306069063256e-08
Completed 1 % :  mod = 2.7418186738344433e-16,  Error =2.9665599754480354e-08
Completed 1 % :  mod = 2.8692006283360762e-16,  Error =3.4611645105542266e-08
Completed 1 % :  mod = 3.0186684272020154e-16,  Error =3.955386063125843e-08
Completed 2 % :  mod = 3.191619989123863e-16,  Error =4.4500225726551434e-08
Completed 2 % :  mod = 3.389114036009311e-16,  Error =4.944246256854967e-08
Completed 2 % :  mod = 3.612806697182024e-16,  Error =5.43845501965734e-08
Completed 2 % :  mod = 3.8646413590449413e-16,  Error =5.9330730550755106e-08
Completed 3 % :  mod = 4.1461596060524284e-16,  Error =6.42729247601892e-08
Completed 3 % :  mod = 4.459994448186037e-16,  Error =6.921922590663598e-08
Completed 3 % :  mod = 4.80806697105939e-16,  Error =7.416130642923235e-08
Completed 3 % :  mod = 5.193632655642572e-16,  Error =7.910765020824329e-08
Completed 4 % :  mod = 5.619051681901722e-16,  Error =8.405014995105375e-08
Completed 4 % :  mod = 6.088302885776941e-16,  Error =8.899647241378261e-08
Completed 4 % :  mod = 6.60425880290578e-16,  Error =9.393884425890064e-08
Completed 4 % :  mod = 7.171267112165407e-16,  Error =9.888088214893287e-08
Completed 5 % :  mod = 7.794235338611323e-16,  Error =1.0382726145508059e-07
Completed 5 % :  mod = 8.476976899638705e-16,  Error =1.0876946276994204e-07
Completed 5 % :  mod = 9.225877358674814e-16,  Error =1.1371603392262841e-07
Completed 5 % :  mod = 1.0045520997203328e-15,  Error =1.186583133971908e-07
Completed 6 % :  mod = 1.0943573809778779e-15,  Error =1.236043587482527e-07
Completed 6 % :  mod = 1.1925533111573175e-15,  Error =1.2854699349418297e-07
Completed 6 % :  mod = 1.30005830289571e-15,  Error =1.334934864871684e-07
Completed 6 % :  mod = 1.4175304341016348e-15,  Error =1.3843612123309867e-07
Completed 7 % :  mod = 1.546068400289283e-15,  Error =1.433824650121096e-07
Completed 7 % :  mod = 1.686459030236373e-15,  Error =1.483245739564154e-07
Completed 7 % :  mod = 1.8398863788094447e-15,  Error =1.53266618951875e-07
Completed 7 % :  mod = 2.00767740552824e-15,  Error =1.5821258614323597e-07
Completed 8 % :  mod = 2.190859251475242e-15,  Error =1.6315503614805493e-07
Completed 8 % :  mod = 2.391145158245919e-15,  Error =1.6810119518595457e-07
Completed 8 % :  mod = 2.609761176769908e-15,  Error =1.730434817659443e-07
Completed 8 % :  mod = 2.848751957624518e-15,  Error =1.7798971185811752e-07
Completed 9 % :  mod = 3.109580477153132e-15,  Error =1.8293169290473088e-07
Completed 9 % :  mod = 3.3946861987224436e-15,  Error =1.8787787325891259e-07
Completed 9 % :  mod = 3.705814387708348e-15,  Error =1.9282006036291932e-07
Completed 9 % :  mod = 4.045589376657579e-15,  Error =1.9776240378632792e-07
Completed 10 % :  mod = 4.4169495442674584e-15,  Error =2.027085557188002e-07
Completed 10 % :  mod = 4.822168175387571e-15,  Error =2.0765067176853336e-07
Completed 10 % :  mod = 5.2650351530906925e-15,  Error =2.1259720028865559e-07
Completed 10 % :  mod = 5.748261497107583e-15,  Error =2.1753962897719248e-07
Completed 11 % :  mod = 6.276366676219e-15,  Error =2.2248594433449398e-07
Completed 11 % :  mod = 6.8525834927909686e-15,  Error =2.2742818117649222e-07
Completed 11 % :  mod = 7.482301127879344e-15,  Error =2.3237431889810978e-07
Completed 11 % :  mod = 8.169374397924795e-15,  Error =2.3731663389980895e-07
Completed 12 % :  mod = 8.920229296254584e-15,  Error =2.422631268927944e-07
Completed 12 % :  mod = 9.739462179948563e-15,  Error =2.472054561053483e-07
Completed 12 % :  mod = 1.063398332990607e-14,  Error =2.521479771644408e-07
Completed 12 % :  mod = 1.1611528465389832e-14,  Error =2.570944488411442e-07
Completed 13 % :  mod = 1.2678081599134646e-14,  Error =2.620364725203217e-07
Completed 13 % :  mod = 1.3843617913388537e-14,  Error =2.669828162993326e-07
Completed 13 % :  mod = 1.5115272212959257e-14,  Error =2.719248612947922e-07
Completed 13 % :  mod = 1.650493793034011e-14,  Error =2.7687124060093993e-07
Completed 14 % :  mod = 1.8021121884422003e-14,  Error =2.8181334243981837e-07
Completed 14 % :  mod = 1.967800451981688e-14,  Error =2.867596222699831e-07
Completed 14 % :  mod = 2.1485728422551164e-14,  Error =2.917018591119813e-07
Completed 14 % :  mod = 2.3459541908279056e-14,  Error =2.9664377620974847e-07
Completed 15 % :  mod = 2.5616514244539716e-14,  Error =3.0158991393136603e-07
Completed 15 % :  mod = 2.7969849266395654e-14,  Error =3.065322786710567e-07
Completed 15 % :  mod = 3.054155710016585e-14,  Error =3.114785087632299e-07
Completed 15 % :  mod = 3.334738037398863e-14,  Error =3.164206390238178e-07
Completed 16 % :  mod = 3.641356121360922e-14,  Error =3.213667980617174e-07
Completed 16 % :  mod = 3.975886914473537e-14,  Error =3.263092622773911e-07
Completed 16 % :  mod = 4.3414591942440866e-14,  Error =3.3125538578815394e-07
Completed 16 % :  mod = 4.740310800274559e-14,  Error =3.3619749473245975e-07
Completed 17 % :  mod = 5.1758060912452053e-14,  Error =3.411397244690306e-07
Completed 17 % :  mod = 5.6517111608866163e-14,  Error =3.460859474557765e-07
Completed 17 % :  mod = 6.170939252203746e-14,  Error =3.5102792850238984e-07
Completed 17 % :  mod = 6.738346560675875e-14,  Error =3.559741799108451e-07
Completed 18 % :  mod = 7.35740645673804e-14,  Error =3.6091635280399714e-07
Completed 18 % :  mod = 8.033908834494108e-14,  Error =3.6586271789929015e-07
Completed 18 % :  mod = 8.771994885813565e-14,  Error =3.7080504711184403e-07
Completed 18 % :  mod = 9.578567723217542e-14,  Error =3.757510285140597e-07
Completed 19 % :  mod = 1.0458564757910809e-13,  Error =3.806934927297334e-07
Completed 19 % :  mod = 1.142021635408409e-13,  Error =3.856397583490434e-07
Completed 19 % :  mod = 1.246940922826253e-13,  Error =3.905820733507426e-07
Completed 19 % :  mod = 1.3614993423415195e-13,  Error =3.955241965059031e-07
Completed 20 % :  mod = 1.4866875755539955e-13,  Error =4.0047033422752065e-07
Completed 20 % :  mod = 1.62327195699283e-13,  Error =4.054127700214849e-07
Completed 20 % :  mod = 1.772529919779802e-13,  Error =4.1035915643306e-07
Completed 20 % :  mod = 1.9353751389856469e-13,  Error =4.1530180538984496e-07
Completed 21 % :  mod = 2.113330655746451e-13,  Error =4.202480496928729e-07
Completed 21 % :  mod = 2.3074858135623555e-13,  Error =4.251903220620079e-07
Completed 21 % :  mod = 2.519656482903353e-13,  Error =4.301363674130698e-07
Completed 21 % :  mod = 2.751141449455484e-13,  Error =4.350784124085294e-07
Completed 22 % :  mod = 3.0038932977791084e-13,  Error =4.400206918830918e-07
Completed 22 % :  mod = 3.280097765881991e-13,  Error =4.449669077644103e-07
Completed 22 % :  mod = 3.5814456049897955e-13,  Error =4.4990910907927173e-07
Completed 22 % :  mod = 3.9107552034485796e-13,  Error =4.5485557365054774e-07
Completed 23 % :  mod = 4.2700423749267343e-13,  Error =4.597978389142554e-07
Completed 23 % :  mod = 4.662667373364443e-13,  Error =4.6474414716612955e-07
Completed 23 % :  mod = 5.091033563348151e-13,  Error =4.696865190112476e-07
Completed 23 % :  mod = 5.559147233103048e-13,  Error =4.7463257146773685e-07
Completed 24 % :  mod = 6.069873793560512e-13,  Error =4.795745383034955e-07
Completed 24 % :  mod = 6.627989754268367e-13,  Error =4.845208749770791e-07
Completed 24 % :  mod = 7.236911378643476e-13,  Error =4.894632112950603e-07
Completed 24 % :  mod = 7.901774688543432e-13,  Error =4.944054268207765e-07
Completed 25 % :  mod = 8.628328927248701e-13,  Error =4.993515148044025e-07
Completed 25 % :  mod = 9.421021171073041e-13,  Error =5.042938937549479e-07
Completed 25 % :  mod = 1.0287264591533757e-12,  Error =5.092400030548561e-07
Completed 25 % :  mod = 1.1232361015086827e-12,  Error =5.141822683185637e-07
Completed 26 % :  mod = 1.2265148547039578e-12,  Error =5.19128320775053e-07
Completed 26 % :  mod = 1.3391947910024261e-12,  Error =5.240703231379484e-07
Completed 26 % :  mod = 1.4623295845985316e-12,  Error =5.290166242843952e-07
Completed 26 % :  mod = 1.5966727543923548e-12,  Error =5.339586479635727e-07
Completed 27 % :  mod = 1.7433571781504873e-12,  Error =5.389008634892889e-07
Completed 27 % :  mod = 1.9036509384553153e-12,  Error =5.43847050948898e-07
Completed 27 % :  mod = 2.078534722947895e-12,  Error =5.48789245158332e-07
Completed 27 % :  mod = 2.269643459178417e-12,  Error =5.537351626117015e-07
Completed 28 % :  mod = 2.4781460878779396e-12,  Error =5.586765539078442e-07
Completed 28 % :  mod = 2.705991469147222e-12,  Error =5.636224074123675e-07
Completed 28 % :  mod = 2.954572782082987e-12,  Error =5.685644097752629e-07
Completed 28 % :  mod = 3.2262128923178374e-12,  Error =5.735100501169654e-07
Completed 29 % :  mod = 3.5225719756862307e-12,  Error =5.784516616813562e-07
Completed 29 % :  mod = 3.846418327625592e-12,  Error =5.833968117485711e-07
Completed 29 % :  mod = 4.199729853227122e-12,  Error =5.883379330384741e-07
Completed 29 % :  mod = 4.585480918517491e-12,  Error =5.932788766926933e-07
Completed 30 % :  mod = 5.006999763575487e-12,  Error =5.982235151691384e-07
Completed 30 % :  mod = 5.466856751167344e-12,  Error =6.031633716929719e-07
Completed 30 % :  mod = 5.969339825286724e-12,  Error =6.081075412112114e-07
Completed 30 % :  mod = 6.5175080546944e-12,  Error =6.130471348342326e-07
Completed 31 % :  mod = 7.116466324014077e-12,  Error =6.179900395864024e-07
Completed 31 % :  mod = 7.769852557013196e-12,  Error =6.229285389736106e-07
Completed 31 % :  mod = 8.483740448075123e-12,  Error =6.278700581674457e-07
Completed 31 % :  mod = 9.262451612402057e-12,  Error =6.328068380412333e-07
Completed 32 % :  mod = 1.0112491733081943e-11,  Error =6.377424028869427e-07
Completed 32 % :  mod = 1.104112947815808e-11,  Error =6.426809875392792e-07
Completed 32 % :  mod = 1.2053942704243312e-11,  Error =6.47613639159772e-07
Completed 32 % :  mod = 1.3160264864119895e-11,  Error =6.525483513541985e-07
Completed 33 % :  mod = 1.4366687442820315e-11,  Error =6.574771376222088e-07
Completed 33 % :  mod = 1.568425821011417e-11,  Error =6.624075936656482e-07
Completed 33 % :  mod = 1.7120736463651845e-11,  Error =6.67330667170063e-07
Completed 33 % :  mod = 1.8689158424245485e-11,  Error =6.722542735815296e-07
Completed 34 % :  mod = 2.0398606978104457e-11,  Error =6.771700142849113e-07
Completed 34 % :  mod = 2.226282980499742e-11,  Error =6.820805964480314e-07
Completed 34 % :  mod = 2.4297068839010533e-11,  Error =6.869888480309783e-07
Completed 34 % :  mod = 2.6512637334400672e-11,  Error =6.918861075178029e-07
Completed 35 % :  mod = 2.8928774492755937e-11,  Error =6.967784216271866e-07
Completed 35 % :  mod = 3.155834653998625e-11,  Error =7.016564396167269e-07
Completed 35 % :  mod = 3.442344531384371e-11,  Error =7.065263858407889e-07
Completed 35 % :  mod = 3.7538364887723376e-11,  Error =7.113782913847899e-07
Completed 36 % :  mod = 4.092802372251299e-11,  Error =7.162168955687775e-07
Completed 36 % :  mod = 4.460771244736175e-11,  Error =7.210313697214588e-07
Completed 36 % :  mod = 4.860476548352062e-11,  Error =7.258260481535217e-07
Completed 36 % :  mod = 5.293449533082221e-11,  Error =7.305895692866216e-07
Completed 37 % :  mod = 5.762162698103414e-11,  Error =7.353201283422095e-07
Completed 37 % :  mod = 6.269135667053142e-11,  Error =7.40016382394515e-07
Completed 37 % :  mod = 6.815502729054311e-11,  Error =7.446644332276264e-07
Completed 37 % :  mod = 7.403838948894957e-11,  Error =7.492648350648778e-07
Completed 38 % :  mod = 8.034498057652411e-11,  Error =7.538017214869797e-07
Completed 38 % :  mod = 8.70922205080466e-11,  Error =7.58273664303033e-07
Completed 38 % :  mod = 9.426854716814374e-11,  Error =7.626642570812692e-07
Completed 38 % :  mod = 1.0187402865285639e-10,  Error =7.669695065715132e-07
Completed 39 % :  mod = 1.0987088378384708e-10,  Error =7.711723810643889e-07
Completed 39 % :  mod = 1.1822155709325512e-10,  Error =7.752658675030943e-07
Completed 39 % :  mod = 1.2686728703381286e-10,  Error =7.792427254571521e-07
Completed 39 % :  mod = 1.3570141400260356e-10,  Error =7.830874864112047e-07
Completed 40 % :  mod = 1.4461394737410305e-10,  Error =7.867995606147815e-07
Completed 40 % :  mod = 1.5343162435545565e-10,  Error =7.903686380927866e-07
Completed 40 % :  mod = 1.619728782645116e-10,  Error =7.937998205420627e-07
Completed 40 % :  mod = 1.6999309100095147e-10,  Error =7.970913173949157e-07
Completed 41 % :  mod = 1.772443050623002e-10,  Error =8.002582205790532e-07
Completed 41 % :  mod = 1.8343584248805663e-10,  Error =8.033096889903391e-07
Completed 41 % :  mod = 1.8829749552977151e-10,  Error =8.062711742695683e-07
Completed 41 % :  mod = 1.9156431572936257e-10,  Error =8.091635734785996e-07
Completed 42 % :  mod = 1.9303428459976035e-10,  Error =8.120175323256262e-07
Completed 42 % :  mod = 1.9257850213696425e-10,  Error =8.148683363629061e-07
Completed 42 % :  mod = 1.9017254777209383e-10,  Error =8.177430359523896e-07
Completed 42 % :  mod = 1.8590375841145004e-10,  Error =8.206781103581307e-07
Completed 43 % :  mod = 1.7998479838964728e-10,  Error =8.236962969476735e-07
Completed 43 % :  mod = 1.7270795442083802e-10,  Error =8.268254205745507e-07
Completed 43 % :  mod = 1.6444745429851043e-10,  Error =8.300778233660822e-07
Completed 43 % :  mod = 1.5556977418897654e-10,  Error =8.334699614920282e-07
Completed 44 % :  mod = 1.4644060523864333e-10,  Error =8.37001181253072e-07
Completed 44 % :  mod = 1.3734019696940568e-10,  Error =8.406745237721225e-07
Completed 44 % :  mod = 1.284641106213424e-10,  Error =8.444893069281534e-07
Completed 44 % :  mod = 1.19941784317741e-10,  Error =8.484320588308947e-07
Completed 45 % :  mod = 1.1180021901952557e-10,  Error =8.524994186132062e-07
Completed 45 % :  mod = 1.0404228848009063e-10,  Error =8.56674894578191e-07
Completed 45 % :  mod = 9.662178880985226e-11,  Error =8.609548345361873e-07
Completed 45 % :  mod = 8.9518155050565e-11,  Error =8.653213683373906e-07
Completed 46 % :  mod = 8.270555668145715e-11,  Error =8.697716964434221e-07
Completed 46 % :  mod = 7.620527950689381e-11,  Error =8.742893626845216e-07
Completed 46 % :  mod = 7.003847839696952e-11,  Error =8.788726688635506e-07
Completed 46 % :  mod = 6.425712885256512e-11,  Error =8.835064875256649e-07
Completed 47 % :  mod = 5.889499417369518e-11,  Error =8.881869533183817e-07
Completed 47 % :  mod = 5.397203628142058e-11,  Error =8.929111672273393e-07
Completed 47 % :  mod = 4.9497790061598655e-11,  Error =8.976662542181657e-07
Completed 47 % :  mod = 4.5443641594323094e-11,  Error =9.02453706430606e-07
Completed 48 % :  mod = 4.1776075012659404e-11,  Error =9.072624678196917e-07
Completed 48 % :  mod = 3.8438043708328316e-11,  Error =9.120958068820073e-07
Completed 48 % :  mod = 3.538136863450083e-11,  Error =9.169431720579269e-07
Completed 48 % :  mod = 3.255293473393736e-11,  Error =9.218091250318139e-07
Completed 49 % :  mod = 2.9920382598414366e-11,  Error =9.266834410937008e-07
Completed 49 % :  mod = 2.7458615461647493e-11,  Error =9.315685787214534e-07
Completed 49 % :  mod = 2.5156767421569492e-11,  Error =9.364662929556289e-07
Completed 49 % :  mod = 2.3019492316509474e-11,  Error =9.413680075454067e-07
Completed 50 % :  mod = 2.1048771603232308e-11,  Error =9.462801529025455e-07
Completed 50 % :  mod = 1.9251981971435003e-11,  Error =9.511937193451558e-07
Completed 50 % :  mod = 1.7625219862236043e-11,  Error =9.561158975657236e-07
Completed 50 % :  mod = 1.6163360462094678e-11,  Error =9.61037372348983e-07
Completed 51 % :  mod = 1.48502792215605e-11,  Error =9.659668762651563e-07
Completed 51 % :  mod = 1.3670279568177621e-11,  Error =9.70894518559362e-07
Completed 51 % :  mod = 1.2602722738047502e-11,  Error =9.758248182833995e-07
Completed 51 % :  mod = 1.1627858076070819e-11,  Error =9.807604968159467e-07
Completed 52 % :  mod = 1.0730885317089695e-11,  Error =9.856940295094319e-07
Completed 52 % :  mod = 9.898422797175275e-12,  Error =9.906327704811702e-07
Completed 52 % :  mod = 9.12528841303358e-12,  Error =9.955687687579484e-07
Completed 52 % :  mod = 8.408711573005445e-12,  Error =1.0005097479393044e-06
Completed 53 % :  mod = 7.751506263321603e-12,  Error =1.0054472809883919e-06
Completed 53 % :  mod = 7.1549766354970144e-12,  Error =1.0103897238877835e-06
Completed 53 % :  mod = 6.6210557179167426e-12,  Error =1.0153288130254623e-06
Completed 53 % :  mod = 6.147544692149068e-12,  Error =1.0202722648955387e-06
Completed 54 % :  mod = 5.731744807773729e-12,  Error =1.0252120148379618e-06
Completed 54 % :  mod = 5.368348555589668e-12,  Error =1.030151906888932e-06
Completed 54 % :  mod = 5.0513322705270585e-12,  Error =1.0350963748351205e-06
Completed 54 % :  mod = 4.774899451703213e-12,  Error =1.0400367926877152e-06
Completed 55 % :  mod = 4.532304717233079e-12,  Error =1.0449819782820668e-06
Completed 55 % :  mod = 4.31860810444413e-12,  Error =1.0499230072014143e-06
Completed 55 % :  mod = 4.130209432783611e-12,  Error =1.0548678233135433e-06
Completed 55 % :  mod = 3.96684152190761e-12,  Error =1.0598089446034464e-06
Completed 56 % :  mod = 3.8299527368548155e-12,  Error =1.0647541941466443e-06
Completed 56 % :  mod = 3.722496856440945e-12,  Error =1.0696952514877012e-06
Completed 56 % :  mod = 3.646742325013042e-12,  Error =1.0746366569946986e-06
Completed 56 % :  mod = 3.6039702932091317e-12,  Error =1.0795822120712728e-06
Completed 57 % :  mod = 3.594495966447688e-12,  Error =1.0845236815271164e-06
Completed 57 % :  mod = 3.617853966646163e-12,  Error =1.0894688600160407e-06
Completed 57 % :  mod = 3.673006762594391e-12,  Error =1.0944097823539778e-06
Completed 57 % :  mod = 3.75833909978807e-12,  Error =1.0993549324211926e-06
Completed 58 % :  mod = 3.871303000925658e-12,  Error =1.1042963024010533e-06
Completed 58 % :  mod = 4.0095829272449084e-12,  Error =1.1092412606217295e-06
Completed 58 % :  mod = 4.171597889356633e-12,  Error =1.1141823250682137e-06
Completed 58 % :  mod = 4.358554260377022e-12,  Error =1.1191274111865823e-06
Completed 59 % :  mod = 4.5737515019462405e-12,  Error =1.124068383262511e-06
Completed 59 % :  mod = 4.822876439554079e-12,  Error =1.1290091705973282e-06
Completed 59 % :  mod = 5.11238244320062e-12,  Error =1.13395360301638e-06
Completed 59 % :  mod = 5.447538238099938e-12,  Error =1.1388939213929916e-06
Completed 60 % :  mod = 5.833592578680383e-12,  Error =1.1438378137995642e-06
Completed 60 % :  mod = 6.273436410419168e-12,  Error =1.1487775637419873e-06
Completed 60 % :  mod = 6.7699073429811846e-12,  Error =1.1537205821809948e-06
Completed 60 % :  mod = 7.322636006057576e-12,  Error =1.1586591099899124e-06
Completed 61 % :  mod = 7.931244342863585e-12,  Error =1.1636015599947314e-06
Completed 61 % :  mod = 8.59271227361918e-12,  Error =1.1685388443538614e-06
Completed 61 % :  mod = 9.306634235580522e-12,  Error =1.1734756100167942e-06
Completed 61 % :  mod = 1.0076241528589066e-11,  Error =1.1784152462723796e-06
Completed 62 % :  mod = 1.09079169170853e-11,  Error =1.183349695565994e-06
Completed 62 % :  mod = 1.1815727671728909e-11,  Error =1.188286525177773e-06
Completed 62 % :  mod = 1.2814628254413086e-11,  Error =1.1932179617701877e-06
Completed 62 % :  mod = 1.3924175128322055e-11,  Error =1.1981514944636729e-06
Completed 63 % :  mod = 1.5159790743495135e-11,  Error =1.203078547007408e-06
Completed 63 % :  mod = 1.6537997734395223e-11,  Error =1.2080070561637513e-06
Completed 63 % :  mod = 1.8066759071817907e-11,  Error =1.2129281330430786e-06
Completed 63 % :  mod = 1.9753232528166674e-11,  Error =1.2178491246572776e-06
Completed 64 % :  mod = 2.159391543829415e-11,  Error =1.2227611563275786e-06
Completed 64 % :  mod = 2.358576225796893e-11,  Error =1.2276677026079597e-06
Completed 64 % :  mod = 2.572675576809799e-11,  Error =1.232571634091073e-06
Completed 64 % :  mod = 2.8015582513226815e-11,  Error =1.2374640689927219e-06
Completed 65 % :  mod = 3.046891124716637e-11,  Error =1.2423511108750063e-06
Completed 65 % :  mod = 3.310919792353074e-11,  Error =1.2472228902993265e-06
Completed 65 % :  mod = 3.597976168368786e-11,  Error =1.2520851981889791e-06
Completed 65 % :  mod = 3.912356497963649e-11,  Error =1.2569285843255784e-06
Completed 66 % :  mod = 4.259543906769641e-11,  Error =1.261757532233787e-06
Completed 66 % :  mod = 4.643419970578014e-11,  Error =1.2665608011275253e-06
Completed 66 % :  mod = 5.067433802137435e-11,  Error =1.2713377586237584e-06
Completed 66 % :  mod = 5.533356381872096e-11,  Error =1.2760879499751354e-06
Completed 67 % :  mod = 6.039799425848426e-11,  Error =1.2807991751628833e-06
Completed 67 % :  mod = 6.585193747718836e-11,  Error =1.2854719173560625e-06
Completed 67 % :  mod = 7.165356982221535e-11,  Error =1.2900925199232915e-06
Completed 67 % :  mod = 7.778205437997723e-11,  Error =1.2946611391839724e-06
Completed 68 % :  mod = 8.421294932168922e-11,  Error =1.299162732948389e-06
Completed 68 % :  mod = 9.096610493140301e-11,  Error =1.3035950061635049e-06
Completed 68 % :  mod = 9.806465874708467e-11,  Error =1.3079413108130211e-06
Completed 68 % :  mod = 1.0556279789539088e-10,  Error =1.3121947830541103e-06
Completed 69 % :  mod = 1.1351226249103817e-10,  Error =1.3163477348143715e-06
Completed 69 % :  mod = 1.2191740729196677e-10,  Error =1.320382587266522e-06
Completed 69 % :  mod = 1.3075583148171116e-10,  Error =1.3242959084891481e-06
Completed 69 % :  mod = 1.3990452589386533e-10,  Error =1.3280724289188583e-06
Completed 70 % :  mod = 1.4918688353901164e-10,  Error =1.3317115232780452e-06
Completed 70 % :  mod = 1.5831956436926987e-10,  Error =1.3352052405934955e-06
Completed 70 % :  mod = 1.6699171964051368e-10,  Error =1.3385607360305585e-06
Completed 70 % :  mod = 1.7484041088641807e-10,  Error =1.3417794733072697e-06
Completed 71 % :  mod = 1.8154360237242708e-10,  Error =1.344880665499204e-06
Completed 71 % :  mod = 1.8680608587886692e-10,  Error =1.3478765268359894e-06
Completed 71 % :  mod = 1.9042389793151437e-10,  Error =1.3507949461200042e-06
Completed 71 % :  mod = 1.9227315264973565e-10,  Error =1.3536669243308097e-06
Completed 72 % :  mod = 1.9231033602774242e-10,  Error =1.3565178420549273e-06
Completed 72 % :  mod = 1.905706587775644e-10,  Error =1.359383901444744e-06
Completed 72 % :  mod = 1.8715642656611015e-10,  Error =1.3622912220512262e-06
Completed 72 % :  mod = 1.822152216890071e-10,  Error =1.3652736328140236e-06
Completed 73 % :  mod = 1.7595155738734437e-10,  Error =1.3683498067962319e-06
Completed 73 % :  mod = 1.6858679355294091e-10,  Error =1.3715449327378337e-06
Completed 73 % :  mod = 1.6038880763681445e-10,  Error =1.3748669474011876e-06
Completed 73 % :  mod = 1.5162059143731842e-10,  Error =1.3783275889522884e-06
Completed 74 % :  mod = 1.4254042966301588e-10,  Error =1.3819328117392615e-06
Completed 74 % :  mod = 1.3340798899572105e-10,  Error =1.3856750982199628e-06
Completed 74 % :  mod = 1.2441591059478748e-10,  Error =1.3895562815946505e-06
Completed 74 % :  mod = 1.1573528889347673e-10,  Error =1.3935613409898906e-06
Completed 75 % :  mod = 1.0745368990378232e-10,  Error =1.397688009774356e-06
Completed 75 % :  mod = 9.96344077635343e-11,  Error =1.4019176362012331e-06
Completed 75 % :  mod = 9.227390054332535e-11,  Error =1.4062470370390656e-06
Completed 75 % :  mod = 8.536609281985523e-11,  Error =1.410658001077536e-06
Completed 76 % :  mod = 7.886927365778834e-11,  Error =1.4151483895830097e-06
Completed 76 % :  mod = 7.276277077019893e-11,  Error =1.4197007303096143e-06
Completed 76 % :  mod = 6.701790867115703e-11,  Error =1.424310376307858e-06
Completed 76 % :  mod = 6.16187880613968e-11,  Error =1.4289730358996167e-06
Completed 77 % :  mod = 5.657310630519063e-11,  Error =1.433675208772911e-06
Completed 77 % :  mod = 5.1877838250035643e-11,  Error =1.4384176267867588e-06
Completed 77 % :  mod = 4.754519960089789e-11,  Error =1.4431880472898229e-06
Completed 77 % :  mod = 4.3566563493930324e-11,  Error =1.4479893195584737e-06
Completed 78 % :  mod = 3.993699135843664e-11,  Error =1.4528097125321437e-06
Completed 78 % :  mod = 3.662944029377143e-11,  Error =1.4576525586562639e-06
Completed 78 % :  mod = 3.3620550052823344e-11,  Error =1.4625083295527475e-06
Completed 78 % :  mod = 3.087490381252893e-11,  Error =1.4673776149720652e-06
Completed 79 % :  mod = 2.8357534292131064e-11,  Error =1.472262617596698e-06
Completed 79 % :  mod = 2.6042159220234363e-11,  Error =1.477153070084114e-06
Completed 79 % :  mod = 2.3899917829130083e-11,  Error =1.4820559499639785e-06
Completed 79 % :  mod = 2.191598223695419e-11,  Error =1.4869614446411106e-06
Completed 80 % :  mod = 2.007595169165337e-11,  Error =1.4918767377025688e-06
Completed 80 % :  mod = 1.8377210597455157e-11,  Error =1.4967931960541137e-06
Completed 80 % :  mod = 1.6814287683199194e-11,  Error =1.5017175982734443e-06
Completed 80 % :  mod = 1.538675953285257e-11,  Error =1.5066412615283298e-06
Completed 81 % :  mod = 1.4087098743201842e-11,  Error =1.511572072843137e-06
Completed 81 % :  mod = 1.2909335274850347e-11,  Error =1.5165017543949944e-06
Completed 81 % :  mod = 1.1842155267184732e-11,  Error =1.5214331057222807e-06
Completed 81 % :  mod = 1.0873482942605153e-11,  Error =1.526369977966624e-06
Completed 82 % :  mod = 9.99322673237943e-12,  Error =1.5313043775222468e-06
Completed 82 % :  mod = 9.188570150362912e-12,  Error =1.5362440564103963e-06
Completed 82 % :  mod = 8.45037639129734e-12,  Error =1.5411807154919188e-06
Completed 82 % :  mod = 7.768948781702174e-12,  Error =1.5461223128454549e-06
Completed 83 % :  mod = 7.1396690843533685e-12,  Error =1.5510603645907395e-06
Completed 83 % :  mod = 6.558682763723894e-12,  Error =1.5560032480266273e-06
Completed 83 % :  mod = 6.026009035627801e-12,  Error =1.5609425858542636e-06
Completed 83 % :  mod = 5.540635630243384e-12,  Error =1.5658823997455329e-06
Completed 84 % :  mod = 5.1008555471669436e-12,  Error =1.5708267113723196e-06
Completed 84 % :  mod = 4.704838443162176e-12,  Error =1.5757673779148718e-06
Completed 84 % :  mod = 4.348717035734557e-12,  Error =1.580711938231616e-06
Completed 84 % :  mod = 4.029745998194349e-12,  Error =1.585652881885835e-06
Completed 85 % :  mod = 3.744150397291549e-12,  Error =1.590598152745315e-06
Completed 85 % :  mod = 3.488933424570693e-12,  Error =1.5955395653577398e-06
Completed 85 % :  mod = 3.259899087437925e-12,  Error =1.6004849285877754e-06
Completed 85 % :  mod = 3.0537502297584737e-12,  Error =1.6054264406761831e-06
Completed 86 % :  mod = 2.8675971960013132e-12,  Error =1.6103678035506164e-06
Completed 86 % :  mod = 2.700187729325339e-12,  Error =1.6153129536178312e-06
Completed 86 % :  mod = 2.552038158718027e-12,  Error =1.6202545580767946e-06
Completed 86 % :  mod = 2.4236208687050524e-12,  Error =1.6252001060479415e-06
Completed 87 % :  mod = 2.3153759661906124e-12,  Error =1.6301415257657936e-06
Completed 87 % :  mod = 2.2265894626923326e-12,  Error =1.6350871732129235e-06
Completed 87 % :  mod = 2.1565088026380565e-12,  Error =1.6400291826812463e-06
Completed 87 % :  mod = 2.1043460868881753e-12,  Error =1.6449750575020516e-06
Completed 88 % :  mod = 2.069847188812138e-12,  Error =1.649916740120716e-06
Completed 88 % :  mod = 2.0525197403653404e-12,  Error =1.6548624728329742e-06
Completed 88 % :  mod = 2.0513886601440073e-12,  Error =1.659804524933861e-06
Completed 88 % :  mod = 2.0649661834794402e-12,  Error =1.6647464988750471e-06
Completed 89 % :  mod = 2.0920952296874447e-12,  Error =1.6696922955361515e-06
Completed 89 % :  mod = 2.132663147495159e-12,  Error =1.6746341060525083e-06
Completed 89 % :  mod = 2.1880032494769345e-12,  Error =1.6795799595570315e-06
Completed 89 % :  mod = 2.2600472695292886e-12,  Error =1.6845222958750128e-06
Completed 90 % :  mod = 2.350799353641942e-12,  Error =1.6894683980694936e-06
Completed 90 % :  mod = 2.46138540845804e-12,  Error =1.6944099527904655e-06
Completed 90 % :  mod = 2.5928494266431364e-12,  Error =1.6993558062949887e-06
Completed 90 % :  mod = 2.7459501115871477e-12,  Error =1.7042976523384823e-06
Completed 91 % :  mod = 2.922039414332464e-12,  Error =1.7092394344331296e-06
Completed 91 % :  mod = 3.1224382510824127e-12,  Error =1.7141850889856869e-06
Completed 91 % :  mod = 3.347319710652271e-12,  Error =1.7191264944926843e-06
Completed 91 % :  mod = 3.5968507490380976e-12,  Error =1.7240716445598991e-06
Completed 92 % :  mod = 3.870502757682294e-12,  Error =1.7290124887381353e-06
Completed 92 % :  mod = 4.1697720088722305e-12,  Error =1.7339577382813331e-06
Completed 92 % :  mod = 4.497092837335998e-12,  Error =1.7388989377309372e-06
Completed 92 % :  mod = 4.857550292129552e-12,  Error =1.7438434767313993e-06
Completed 93 % :  mod = 5.255884541784139e-12,  Error =1.7487841859065156e-06
Completed 93 % :  mod = 5.698004089169296e-12,  Error =1.7537283625301825e-06
Completed 93 % :  mod = 6.188113759738764e-12,  Error =1.758667842466366e-06
Completed 93 % :  mod = 6.731232233038104e-12,  Error =1.7636073366134042e-06
Completed 94 % :  mod = 7.332307728460364e-12,  Error =1.768549942937625e-06
Completed 94 % :  mod = 7.99413604983241e-12,  Error =1.7734881154751747e-06
Completed 94 % :  mod = 8.720311715126722e-12,  Error =1.7784292580813599e-06
Completed 94 % :  mod = 9.51100585765646e-12,  Error =1.783365888741173e-06
Completed 95 % :  mod = 1.0368730137518947e-11,  Error =1.7883050844602622e-06
Completed 95 % :  mod = 1.1295051769132666e-11,  Error =1.7932389368979784e-06
Completed 95 % :  mod = 1.2297735028542685e-11,  Error =1.7981751909701416e-06
Completed 95 % :  mod = 1.3385340312324183e-11,  Error =1.8031060236012308e-06
Completed 96 % :  mod = 1.4572114390154884e-11,  Error =1.8080344048598818e-06
Completed 96 % :  mod = 1.587467321938662e-11,  Error =1.812964320890842e-06
Completed 96 % :  mod = 1.7307208770039293e-11,  Error =1.8178869964913247e-06
Completed 96 % :  mod = 1.8887980975984947e-11,  Error =1.8228096578809527e-06
Completed 97 % :  mod = 2.0628916291759868e-11,  Error =1.8277241125019827e-06
Completed 97 % :  mod = 2.254456982388528e-11,  Error =1.8326372313026695e-06
Completed 97 % :  mod = 2.4639911184218485e-11,  Error =1.837540132498816e-06
Completed 97 % :  mod = 2.692286553100486e-11,  Error =1.8424400565208998e-06
Completed 98 % :  mod = 2.939280196101869e-11,  Error =1.847326856818654e-06
Completed 98 % :  mod = 3.205877962823229e-11,  Error =1.8522075748705902e-06
Completed 98 % :  mod = 3.492754829067722e-11,  Error =1.8570715027976803e-06
Completed 98 % :  mod = 3.8020926815409903e-11,  Error =1.8619210067072345e-06
Completed 99 % :  mod = 4.13708282512429e-11,  Error =1.866757045831946e-06
Completed 99 % :  mod = 4.500872484261466e-11,  Error =1.8715688980819323e-06
Completed 99 % :  mod = 4.8981695425824486e-11,  Error =1.8763606348670692e-06
Completed 99 % :  mod = 5.3324274001968226e-11,  Error =1.881120319069396e-06
Completed 100 % :  mod = 5.8078882189933835e-11,  Error =1.8858505157481886e-06
Finished 12/31 frames
Finished all frames!
