/opt/local/miniconda_23_9/lib/python3.11/site-packages/conda/base/context.py:201: FutureWarning: Adding 'defaults' to channel list implicitly is deprecated and will be removed in 25.3. 

To remove this warning, please choose a default channel explicitly with conda's regular configuration system, e.g. by adding 'defaults' to the list of channels:

  conda config --add channels defaults

For more information see https://docs.conda.io/projects/conda/en/stable/user-guide/configuration/use-condarc.html

  deprecated.topic(
JOB 14482 ARRAY_ID 10  -> i=10 ; range=[1.9e-10, 5.0e-10] ; intervals=30 (frames=31)
Analytic t0 extension enabled (--extend-time-using-t0).
Completed 0 % :  mod = 2.3199999997882917e-16,  Error =-1.4210854715202004e-14
Completed 0 % :  mod = 2.32895012710334e-16,  Error =4.544567389075382e-09
Completed 0 % :  mod = 2.3558695837995117e-16,  Error =9.08920583242434e-09
Completed 0 % :  mod = 2.4009660387394673e-16,  Error =1.3634029016884597e-08
Completed 0 % :  mod = 2.4645874712972712e-16,  Error =1.817868167108827e-08
Completed 1 % :  mod = 2.5472247170067276e-16,  Error =2.2723504855548526e-08
Completed 1 % :  mod = 2.649515442164223e-16,  Error =2.7267986979495618e-08
Completed 1 % :  mod = 2.772248839112679e-16,  Error =3.181273200425494e-08
Completed 1 % :  mod = 2.9163718838628863e-16,  Error =3.635734202589447e-08
Completed 2 % :  mod = 3.0829965542783236e-16,  Error =4.090164651415762e-08
Completed 2 % :  mod = 3.2734084885882213e-16,  Error =4.544645548776316e-08
Completed 2 % :  mod = 3.4890768215990195e-16,  Error =4.999118630166777e-08
Completed 2 % :  mod = 3.731665605990676e-16,  Error =5.45358460612988e-08
Completed 3 % :  mod = 4.0030465260826817e-16,  Error =5.908058398063076e-08
Completed 3 % :  mod = 4.3053134696545254e-16,  Error =6.362513005342407e-08
Completed 3 % :  mod = 4.640798619710536e-16,  Error =6.81700242921579e-08
Completed 3 % :  mod = 5.012090437386401e-16,  Error =7.271464852465215e-08
Completed 4 % :  mod = 5.42205370556938e-16,  Error =7.725902406718888e-08
Completed 4 % :  mod = 5.873851529834652e-16,  Error =8.180356303455483e-08
Completed 4 % :  mod = 6.370969815753613e-16,  Error =8.634828674303208e-08
Completed 4 % :  mod = 6.917244138822102e-16,  Error =9.089312413834705e-08
Completed 5 % :  mod = 7.51688936683211e-16,  Error =9.543767731656772e-08
Completed 5 % :  mod = 8.174532094657575e-16,  Error =9.998226602192517e-08
Completed 5 % :  mod = 8.89524651804357e-16,  Error =1.0452707499553071e-07
Completed 5 % :  mod = 9.684593355556059e-16,  Error =1.0907172054430703e-07
Completed 6 % :  mod = 1.0548662931250113e-15,  Error =1.136166076776135e-07
Completed 6 % :  mod = 1.1494122073742704e-15,  Error =1.1816127454267189e-07
Completed 6 % :  mod = 1.252826558545836e-15,  Error =1.227058703534567e-07
Completed 6 % :  mod = 1.365907258190069e-15,  Error =1.2725054432394245e-07
Completed 7 % :  mod = 1.489428093134765e-15,  Error =1.317917650567324e-07
Completed 7 % :  mod = 1.6245310996426951e-15,  Error =1.3633642481636343e-07
Completed 7 % :  mod = 1.7721683833818207e-15,  Error =1.408808927294558e-07
Completed 7 % :  mod = 1.9334790621149165e-15,  Error =1.4542554538365948e-07
Completed 8 % :  mod = 2.109707746946806e-15,  Error =1.49970155405299e-07
Completed 8 % :  mod = 2.302214157471801e-15,  Error =1.5451469437266496e-07
Completed 8 % :  mod = 2.5124836002909077e-15,  Error =1.590593043943045e-07
Completed 8 % :  mod = 2.742138434872489e-15,  Error =1.636039357322261e-07
Completed 9 % :  mod = 2.9929505940682083e-15,  Error =1.681486310189939e-07
Completed 9 % :  mod = 3.2668552494469435e-15,  Error =1.7269308472123157e-07
Completed 9 % :  mod = 3.565965749866455e-15,  Error =1.7723758105603338e-07
Completed 9 % :  mod = 3.892589922411526e-15,  Error =1.8178224792109177e-07
Completed 10 % :  mod = 4.249247877870237e-15,  Error =1.8632684373187658e-07
Completed 10 % :  mod = 4.6386914525802885e-15,  Error =1.908716242837727e-07
Completed 10 % :  mod = 5.0639254547698296e-15,  Error =1.954162200945575e-07
Completed 10 % :  mod = 5.5282308254078144e-15,  Error =1.9996100775188097e-07
Completed 11 % :  mod = 6.035189981983995e-15,  Error =2.0450566040608464e-07
Completed 11 % :  mod = 6.588714425455069e-15,  Error =2.0905019226802324e-07
Completed 11 % :  mod = 7.193074952499568e-15,  Error =2.1359465307568826e-07
Completed 11 % :  mod = 7.852934575031487e-15,  Error =2.181391778321995e-07
Completed 12 % :  mod = 8.57338453554076e-15,  Error =2.2268389443524939e-07
Completed 12 % :  mod = 9.359983549885687e-15,  Error =2.2722854708945306e-07
Completed 12 % :  mod = 1.021880073517499e-14,  Error =2.317732707979303e-07
Completed 12 % :  mod = 1.1156462397894997e-14,  Error =2.363179376629887e-07
Completed 13 % :  mod = 1.2180203194927125e-14,  Error =2.4086282479629517e-07
Completed 13 % :  mod = 1.329792192408847e-14,  Error =2.454073850799432e-07
Completed 13 % :  mod = 1.4518242492719617e-14,  Error =2.499521514209846e-07
Completed 13 % :  mod = 1.5850580436447582e-14,  Error =2.5449659091236754e-07
Completed 14 % :  mod = 1.7305215591138524e-14,  Error =2.590412933045627e-07
Completed 14 % :  mod = 1.8892104105717972e-14,  Error =2.635824074559423e-07
Completed 14 % :  mod = 2.0625917826330012e-14,  Error =2.681273088001035e-07
Completed 14 % :  mod = 2.2518873478463812e-14,  Error =2.7267218172255525e-07
Completed 15 % :  mod = 2.458557641576351e-14,  Error =2.7721704753957965e-07
Completed 15 % :  mod = 2.6841972541763657e-14,  Error =2.817616717720739e-07
Completed 15 % :  mod = 2.930547138660954e-14,  Error =2.863062888991408e-07
Completed 15 % :  mod = 3.1995080376875374e-14,  Error =2.9085119734872933e-07
Completed 16 % :  mod = 3.493155154897064e-14,  Error =2.953958997409245e-07
Completed 16 % :  mod = 3.813754160817501e-14,  Error =2.9994046002457253e-07
Completed 16 % :  mod = 4.163778679389608e-14,  Error =3.044850132027932e-07
Completed 16 % :  mod = 4.5459293686662003e-14,  Error =3.090294811158856e-07
Completed 17 % :  mod = 4.963154762072296e-14,  Error =3.135738069204308e-07
Completed 17 % :  mod = 5.418674013793666e-14,  Error =3.1811863010489105e-07
Completed 17 % :  mod = 5.916001741109603e-14,  Error =3.2266272853576083e-07
Completed 17 % :  mod = 6.458975137656999e-14,  Error =3.272075161930843e-07
Completed 18 % :  mod = 7.051783583642503e-14,  Error =3.317519130519031e-07
Completed 18 % :  mod = 7.699000965381375e-14,  Error =3.3629646623012377e-07
Completed 18 % :  mod = 8.405620969171029e-14,  Error =3.4084111888432744e-07
Completed 18 % :  mod = 9.177095606628358e-14,  Error =3.4538548021600946e-07
Completed 19 % :  mod = 1.0019377284144428e-13,  Error =3.4992986286397354e-07
Completed 19 % :  mod = 1.0938964724726086e-13,  Error =3.5447454393988664e-07
Completed 19 % :  mod = 1.1942953113638904e-13,  Error =3.590189692204149e-07
Completed 19 % :  mod = 1.3039088836360435e-13,  Error =3.6356367161261005e-07
Completed 20 % :  mod = 1.4235829250992483e-13,  Error =3.6810818215826657e-07
Completed 20 % :  mod = 1.5542407935047736e-13,  Error =3.726527779690514e-07
Completed 20 % :  mod = 1.696890593218062e-13,  Error =3.77197608258939e-07
Completed 20 % :  mod = 1.8526329526065964e-13,  Error =3.817418843254927e-07
Completed 21 % :  mod = 2.0226695162431288e-13,  Error =3.8628672882623505e-07
Completed 21 % :  mod = 2.2083122155282605e-13,  Error =3.908312820044557e-07
Completed 21 % :  mod = 2.4108316619927633e-13,  Error =3.953725169481004e-07
Completed 21 % :  mod = 2.6321002694953067e-13,  Error =3.9991698486119276e-07
Completed 22 % :  mod = 2.873677114740118e-13,  Error =4.0446146698513985e-07
Completed 22 % :  mod = 3.1374260931258565e-13,  Error =4.0900613385019824e-07
Completed 22 % :  mod = 3.425382165443817e-13,  Error =4.1355092861294906e-07
Completed 22 % :  mod = 3.739767056785748e-13,  Error =4.180955741617254e-07
Completed 23 % :  mod = 4.083006395976365e-13,  Error =4.226401486562281e-07
Completed 23 % :  mod = 4.4577484274534613e-13,  Error =4.27184666307312e-07
Completed 23 % :  mod = 4.866884439647054e-13,  Error =4.3172942554292604e-07
Completed 23 % :  mod = 5.313571067487164e-13,  Error =4.362737442420439e-07
Completed 24 % :  mod = 5.801254640268693e-13,  Error =4.408185603210768e-07
Completed 24 % :  mod = 6.333697762580315e-13,  Error =4.453631916589984e-07
Completed 24 % :  mod = 6.915008332400074e-13,  Error =4.4990791536747565e-07
Completed 24 % :  mod = 7.549671219778128e-13,  Error =4.54452660392235e-07
Completed 25 % :  mod = 8.242582848899655e-13,  Error =4.5899729883558393e-07
Completed 25 % :  mod = 8.999088949326921e-13,  Error =4.635419230680782e-07
Completed 25 % :  mod = 9.82502576520268e-13,  Error =4.680862630834781e-07
Completed 25 % :  mod = 1.072676503848994e-12,  Error =4.72630581782596e-07
Completed 26 % :  mod = 1.1711263109319172e-12,  Error =4.771751989096629e-07
Completed 26 % :  mod = 1.2786114508731723e-12,  Error =4.817198728801486e-07
Completed 26 % :  mod = 1.3959610450931867e-12,  Error =4.862645823777711e-07
Completed 26 % :  mod = 1.5240802669985873e-12,  Error =4.908086239652221e-07
Completed 27 % :  mod = 1.6639573083225781e-12,  Error =4.953530421403229e-07
Completed 27 % :  mod = 1.8166709807046656e-12,  Error =4.998975953185436e-07
Completed 27 % :  mod = 1.983399009538769e-12,  Error =5.044418713850973e-07
Completed 27 % :  mod = 2.1654270820165934e-12,  Error =5.089860906082322e-07
Completed 28 % :  mod = 2.364158716444511e-12,  Error =5.135306224701708e-07
Completed 28 % :  mod = 2.5811260254741607e-12,  Error =5.18074649846767e-07
Completed 28 % :  mod = 2.8180014516840666e-12,  Error =5.22618535114816e-07
Completed 28 % :  mod = 3.0764042068101676e-12,  Error =5.271588250366221e-07
Completed 29 % :  mod = 3.3587206938380247e-12,  Error =5.317025255635599e-07
Completed 29 % :  mod = 3.666936632081057e-12,  Error =5.362462900393439e-07
Completed 29 % :  mod = 4.003425522837438e-12,  Error =5.407898839848713e-07
Completed 29 % :  mod = 4.37077763134631e-12,  Error =5.453337408312109e-07
Completed 30 % :  mod = 4.77181955664465e-12,  Error =5.498765887068657e-07
Completed 30 % :  mod = 5.2096354996911775e-12,  Error =5.544198344864526e-07
Completed 30 % :  mod = 5.6875903561967155e-12,  Error =5.589623768287311e-07
Completed 30 % :  mod = 6.209354763273878e-12,  Error =5.635046775864794e-07
Completed 31 % :  mod = 6.77893222947141e-12,  Error =5.680463388557655e-07
Completed 31 % :  mod = 7.400688474559183e-12,  Error =5.7258770880253e-07
Completed 31 % :  mod = 8.079383097695096e-12,  Error =5.771281550437379e-07
Completed 31 % :  mod = 8.820203678182607e-12,  Error =5.816677415282356e-07
Completed 32 % :  mod = 9.628802389843518e-12,  Error =5.862066032591429e-07
Completed 32 % :  mod = 1.0511335174830981e-11,  Error =5.907441291697069e-07
Completed 32 % :  mod = 1.1474503471789372e-11,  Error =5.952807811127059e-07
Completed 32 % :  mod = 1.2525598421162433e-11,  Error =5.998153653763438e-07
Completed 33 % :  mod = 1.3672547370653603e-11,  Error =6.043478748551934e-07
Completed 33 % :  mod = 1.492396236752083e-11,  Error =6.088783095492545e-07
Completed 33 % :  mod = 1.6289190140476426e-11,  Error =6.134063568197234e-07
Completed 33 % :  mod = 1.777836282793049e-11,  Error =6.179310716447617e-07
Completed 34 % :  mod = 1.9402448382695236e-11,  Error =6.224518216413344e-07
Completed 34 % :  mod = 2.117329915267884e-11,  Error =6.269683225923472e-07
Completed 34 % :  mod = 2.3103696572572266e-11,  Error =6.31479117885192e-07
Completed 34 % :  mod = 2.520738916587367e-11,  Error =6.359835467151242e-07
Completed 35 % :  mod = 2.749912010293091e-11,  Error =6.40480095626117e-07
Completed 35 % :  mod = 2.9994639331270804e-11,  Error =6.449676916986391e-07
Completed 35 % :  mod = 3.271069372037318e-11,  Error =6.494447077898258e-07
Completed 35 % :  mod = 3.5664986660554467e-11,  Error =6.53908898584632e-07
Completed 36 % :  mod = 3.887354003417315e-11,  Error =6.583546294791631e-07
Completed 36 % :  mod = 4.236056182083366e-11,  Error =6.627862205732526e-07
Completed 36 % :  mod = 4.614353833956857e-11,  Error =6.671967227589448e-07
Completed 36 % :  mod = 5.024252460543444e-11,  Error =6.715825193737146e-07
Completed 37 % :  mod = 5.467735784501727e-11,  Error =6.759397308542248e-07
Completed 37 % :  mod = 5.946706333285186e-11,  Error =6.802631986602137e-07
Completed 37 % :  mod = 6.462905803168813e-11,  Error =6.845467979132991e-07
Completed 37 % :  mod = 7.017810277561941e-11,  Error =6.887847590064666e-07
Completed 38 % :  mod = 7.612494728318697e-11,  Error =6.929701044100511e-07
Completed 38 % :  mod = 8.247460833923959e-11,  Error =6.970948192019932e-07
Completed 38 % :  mod = 8.922422282259379e-11,  Error =7.011507676679685e-07
Completed 38 % :  mod = 9.636042816320597e-11,  Error =7.051285422221554e-07
Completed 39 % :  mod = 1.0385624946585384e-10,  Error =7.090189555469806e-07
Completed 39 % :  mod = 1.1166752319289421e-10,  Error =7.128126497946141e-07
Completed 39 % :  mod = 1.1972897183838577e-10,  Error =7.165004163312005e-07
Completed 39 % :  mod = 1.2795017224116635e-10,  Error =7.200751284131002e-07
Completed 40 % :  mod = 1.3621183790008426e-10,  Error =7.235300927277422e-07
Completed 40 % :  mod = 1.4436305790738948e-10,  Error =7.268616073474732e-07
Completed 40 % :  mod = 1.5222037639296753e-10,  Error =7.300694377931904e-07
Completed 40 % :  mod = 1.5956980003879533e-10,  Error =7.331570586188718e-07
Completed 41 % :  mod = 1.6617289361152526e-10,  Error =7.361331171296115e-07
Completed 41 % :  mod = 1.7177794163801771e-10,  Error =7.390105807303371e-07
Completed 41 % :  mod = 1.7613659687466486e-10,  Error =7.418072627274341e-07
Completed 41 % :  mod = 1.7902543980609998e-10,  Error =7.445461491784044e-07
Completed 42 % :  mod = 1.8027050417268343e-10,  Error =7.47252613564342e-07
Completed 42 % :  mod = 1.7977133532843407e-10,  Error =7.499546086364717e-07
Completed 42 % :  mod = 1.7751999037288824e-10,  Error =7.52680819005036e-07
Completed 42 % :  mod = 1.7361012550115774e-10,  Error =7.554579539714723e-07
Completed 43 % :  mod = 1.682324310657482e-10,  Error =7.583101719887964e-07
Completed 43 % :  mod = 1.6166068926389602e-10,  Error =7.612548102997607e-07
Completed 43 % :  mod = 1.5419905289564805e-10,  Error =7.643120341072063e-07
Completed 43 % :  mod = 1.46174532572877e-10,  Error =7.674885083019944e-07
Completed 44 % :  mod = 1.3788102173096346e-10,  Error =7.707895051112246e-07
Completed 44 % :  mod = 1.295563937077078e-10,  Error =7.742150813783155e-07
Completed 44 % :  mod = 1.2136890108028705e-10,  Error =7.777614143833489e-07
Completed 44 % :  mod = 1.1341849070820712e-10,  Error =7.814227700464471e-07
Completed 45 % :  mod = 1.0575030337519496e-10,  Error =7.851908776501659e-07
Completed 45 % :  mod = 9.837510288749708e-11,  Error =7.890576085856082e-07
Completed 45 % :  mod = 9.129054746845145e-11,  Error =7.930137684297733e-07
Completed 45 % :  mod = 8.449799455420334e-11,  Error =7.970498856479935e-07
Completed 46 % :  mod = 7.801150016765295e-11,  Error =8.011566094978662e-07
Completed 46 % :  mod = 7.185824876576056e-11,  Error =8.053263371721187e-07
Completed 46 % :  mod = 6.607214336883861e-11,  Error =8.095509329564265e-07
Completed 46 % :  mod = 6.068400461525844e-11,  Error =8.138236538002275e-07
Completed 47 % :  mod = 5.571227673294246e-11,  Error =8.18137337432745e-07
Completed 47 % :  mod = 5.1157274617074434e-11,  Error =8.2248620003611e-07
Completed 47 % :  mod = 4.700031271233689e-11,  Error =8.268650688592061e-07
Completed 47 % :  mod = 4.320730859475994e-11,  Error =8.312697019619009e-07
Completed 48 % :  mod = 3.9735292830648677e-11,  Error =8.356961842537203e-07
Completed 48 % :  mod = 3.6539877969842395e-11,  Error =8.401408067015836e-07
Completed 48 % :  mod = 3.3581927280554315e-11,  Error =8.446008052942489e-07
Completed 48 % :  mod = 3.0832097896317816e-11,  Error =8.490746097322699e-07
Completed 49 % :  mod = 2.8272470935299103e-11,  Error =8.535591504710283e-07
Completed 49 % :  mod = 2.5895159878979063e-11,  Error =8.58053375907275e-07
Completed 49 % :  mod = 2.3698590139044776e-11,  Error =8.625554173136152e-07
Completed 49 % :  mod = 2.168281908623614e-11,  Error =8.670645073038941e-07
Completed 50 % :  mod = 1.9845456340607284e-11,  Error =8.7157898320811e-07
Completed 50 % :  mod = 1.8179297773169218e-11,  Error =8.76098269486647e-07
Completed 50 % :  mod = 1.6673049522055813e-11,  Error =8.806183444676208e-07
Completed 50 % :  mod = 1.5308025840104806e-11,  Error =8.851450630231739e-07
Completed 51 % :  mod = 1.4067046971861788e-11,  Error =8.896747516473624e-07
Completed 51 % :  mod = 1.2931965652808501e-11,  Error =8.942068134842884e-07
Completed 51 % :  mod = 1.1886956756696938e-11,  Error =8.987410069494217e-07
Completed 51 % :  mod = 1.0920082105511574e-11,  Error =9.032768204519925e-07
Completed 52 % :  mod = 1.0023947306657791e-11,  Error =9.078139271423424e-07
Completed 52 % :  mod = 9.195191877829864e-12,  Error =9.12352099646796e-07
Completed 52 % :  mod = 8.432967143985162e-12,  Error =9.168914516521909e-07
Completed 52 % :  mod = 7.737019560208724e-12,  Error =9.21432040001946e-07
Completed 53 % :  mod = 7.1061431501859024e-12,  Error =9.259729480959322e-07
Completed 53 % :  mod = 6.537456524995549e-12,  Error =9.305145098892353e-07
Completed 53 % :  mod = 6.026446445380571e-12,  Error =9.350564482701884e-07
Completed 53 % :  mod = 5.567408333441122e-12,  Error =9.395991824590055e-07
Completed 54 % :  mod = 5.1539860670208e-12,  Error =9.441417390121387e-07
Completed 54 % :  mod = 4.779773428530015e-12,  Error =9.486847645234775e-07
Completed 54 % :  mod = 4.439044869932076e-12,  Error =9.532283655744322e-07
Completed 54 % :  mod = 4.1275110300042e-12,  Error =9.577716824082927e-07
Completed 55 % :  mod = 3.842765461864848e-12,  Error =9.623152976701022e-07
Completed 55 % :  mod = 3.584119270085645e-12,  Error =9.668590905675956e-07
Completed 55 % :  mod = 3.3518648059729264e-12,  Error =9.714033168961578e-07
Completed 55 % :  mod = 3.1463804785553536e-12,  Error =9.75947223480489e-07
Completed 56 % :  mod = 2.9675424807244205e-12,  Error =9.80491307700504e-07
Completed 56 % :  mod = 2.8146016758426215e-12,  Error =9.850351361251342e-07
Completed 56 % :  mod = 2.6863185175666765e-12,  Error =9.895789645497644e-07
Completed 56 % :  mod = 2.5810663610698568e-12,  Error =9.941228498178134e-07
Completed 57 % :  mod = 2.4968477667958463e-12,  Error =9.98667402996034e-07
Completed 57 % :  mod = 2.4314249683137095e-12,  Error =1.0032118993308359e-06
Completed 57 % :  mod = 2.3827405969801263e-12,  Error =1.007756083026834e-06
Completed 57 % :  mod = 2.349528508164537e-12,  Error =1.0122971900727862e-06
Completed 58 % :  mod = 2.3316149736401208e-12,  Error =1.0168413950850663e-06
Completed 58 % :  mod = 2.329974050837775e-12,  Error =1.0213857848384578e-06
Completed 58 % :  mod = 2.3461012152000724e-12,  Error =1.0259300537995841e-06
Completed 58 % :  mod = 2.381481864599127e-12,  Error =1.0304742374955822e-06
Completed 59 % :  mod = 2.4373004598988873e-12,  Error =1.0350183003993152e-06
Completed 59 % :  mod = 2.514424352085855e-12,  Error =1.0395625622550142e-06
Completed 59 % :  mod = 2.6134199879902564e-12,  Error =1.0441071296440896e-06
Completed 59 % :  mod = 2.734436407772333e-12,  Error =1.0486512707075235e-06
Completed 60 % :  mod = 2.8770857875124794e-12,  Error =1.0531956320392055e-06
Completed 60 % :  mod = 3.0406188347381527e-12,  Error =1.0577394604638357e-06
Completed 60 % :  mod = 3.224517643769603e-12,  Error =1.062283509156714e-06
Completed 60 % :  mod = 3.429257214250363e-12,  Error =1.0668274370573272e-06
Completed 61 % :  mod = 3.656785333474984e-12,  Error =1.0713715923316158e-06
Completed 61 % :  mod = 3.9104470267216e-12,  Error =1.0759152146988527e-06
Completed 61 % :  mod = 4.194468501824765e-12,  Error =1.0804582188939094e-06
Completed 61 % :  mod = 4.513349916628829e-12,  Error =1.085001599676616e-06
Completed 62 % :  mod = 4.871408537204374e-12,  Error =1.0895448241399208e-06
Completed 62 % :  mod = 5.272439113271829e-12,  Error =1.0940874943798917e-06
Completed 62 % :  mod = 5.719352522075814e-12,  Error =1.0986298804027683e-06
Completed 62 % :  mod = 6.2138448357138526e-12,  Error =1.1031721811605166e-06
Completed 63 % :  mod = 6.756413981657059e-12,  Error =1.1077137216375377e-06
Completed 63 % :  mod = 7.347039838733103e-12,  Error =1.1122547149966522e-06
Completed 63 % :  mod = 7.98648440557224e-12,  Error =1.1167954028223903e-06
Completed 63 % :  mod = 8.677725380090953e-12,  Error =1.1213353232619738e-06
Completed 64 % :  mod = 9.426890025298428e-12,  Error =1.1258744336828386e-06
Completed 64 % :  mod = 1.0243323671321064e-11,  Error =1.1304125777655827e-06
Completed 64 % :  mod = 1.1138858641427409e-11,  Error =1.1349494855039666e-06
Completed 64 % :  mod = 1.2125801173615789e-11,  Error =1.1394812347020888e-06
Completed 65 % :  mod = 1.3218579238317579e-11,  Error =1.144014888154743e-06
Completed 65 % :  mod = 1.4427729604840871e-11,  Error =1.1485463886629077e-06
Completed 65 % :  mod = 1.576150511387324e-11,  Error =1.1530753312172237e-06
Completed 65 % :  mod = 1.7224480581682578e-11,  Error =1.157601062118374e-06
Completed 66 % :  mod = 1.8818116796403565e-11,  Error =1.1621232971492645e-06
Completed 66 % :  mod = 2.0542847316083558e-11,  Error =1.1666414323485697e-06
Completed 66 % :  mod = 2.2401311309171713e-11,  Error =1.1711544161130405e-06
Completed 66 % :  mod = 2.4401738518503636e-11,  Error =1.1756613389479753e-06
Completed 67 % :  mod = 2.656031551583874e-11,  Error =1.1801614334672195e-06
Completed 67 % :  mod = 2.8901697606074268e-11,  Error =1.1846528948922241e-06
Completed 67 % :  mod = 3.145741063411568e-11,  Error =1.1891346005654668e-06
Completed 67 % :  mod = 3.426239648455155e-11,  Error =1.1936041843796374e-06
Completed 68 % :  mod = 3.735030878745198e-11,  Error =1.1980601470895635e-06
Completed 68 % :  mod = 4.074848233911327e-11,  Error =1.202499227304088e-06
Completed 68 % :  mod = 4.447384263114582e-11,  Error =1.2069189807561997e-06
Completed 68 % :  mod = 4.853119689170931e-11,  Error =1.2113156984128182e-06
Completed 69 % :  mod = 5.2915018430161025e-11,  Error =1.215685280442358e-06
Completed 69 % :  mod = 5.7614853183801495e-11,  Error =1.22002293778678e-06
Completed 69 % :  mod = 6.262310934427732e-11,  Error =1.224323717963216e-06
Completed 69 % :  mod = 6.794281928409495e-11,  Error =1.2285821355817461e-06
Completed 70 % :  mod = 7.359252739486947e-11,  Error =1.2327909715281749e-06
Completed 70 % :  mod = 7.96059508247744e-11,  Error =1.2369431843239909e-06
Completed 70 % :  mod = 8.602530011932774e-11,  Error =1.2410301124532452e-06
Completed 70 % :  mod = 9.288877241794093e-11,  Error =1.2450433644062286e-06
Completed 71 % :  mod = 1.002143839857891e-10,  Error =1.2489735681242564e-06
Completed 71 % :  mod = 1.0798365192773035e-10,  Error =1.2528106410059081e-06
Completed 71 % :  mod = 1.1612927207619619e-10,  Error =1.2565456231072858e-06
Completed 71 % :  mod = 1.245304624853397e-10,  Error =1.2601690784208586e-06
Completed 72 % :  mod = 1.3301139675709835e-10,  Error =1.2636720825298653e-06
Completed 72 % :  mod = 1.4138083013651805e-10,  Error =1.2670549907056738e-06
Completed 72 % :  mod = 1.4941151972753576e-10,  Error =1.2703139162795196e-06
Completed 72 % :  mod = 1.5688439542436704e-10,  Error =1.2734505858702505e-06
Completed 73 % :  mod = 1.6359470203864783e-10,  Error =1.2764725028091561e-06
Completed 73 % :  mod = 1.6935652219970313e-10,  Error =1.2793910784125728e-06
Completed 73 % :  mod = 1.7400041424429928e-10,  Error =1.2822226054254315e-06
Completed 73 % :  mod = 1.7736884267082825e-10,  Error =1.2849864248209997e-06
Completed 74 % :  mod = 1.7931561612195425e-10,  Error =1.2877072066430628e-06
Completed 74 % :  mod = 1.797142913055139e-10,  Error =1.2904109638611772e-06
Completed 74 % :  mod = 1.784767661341448e-10,  Error =1.2931256705428495e-06
Completed 74 % :  mod = 1.7557843362043323e-10,  Error =1.2958780217786625e-06
Completed 75 % :  mod = 1.710821435527969e-10,  Error =1.29869452081266e-06
Completed 75 % :  mod = 1.6515151188087667e-10,  Error =1.3015966970897352e-06
Completed 75 % :  mod = 1.580458632594547e-10,  Error =1.304602442075975e-06
Completed 75 % :  mod = 1.5009421923799608e-10,  Error =1.3077242826398106e-06
Completed 76 % :  mod = 1.4165271572693255e-10,  Error =1.31096967237454e-06
Completed 76 % :  mod = 1.330558759731457e-10,  Error =1.3143405510618322e-06
Completed 76 % :  mod = 1.245745106850948e-10,  Error =1.3178355402487796e-06
Completed 76 % :  mod = 1.1639057607401847e-10,  Error =1.3214494174462743e-06
Completed 77 % :  mod = 1.085934256268297e-10,  Error =1.3251740398345646e-06
Completed 77 % :  mod = 1.0119536342742032e-10,  Error =1.32900069615971e-06
Completed 77 % :  mod = 9.41597368028123e-11,  Error =1.3329200854172996e-06
Completed 77 % :  mod = 8.743294944917225e-11,  Error =1.3369230629223239e-06
Completed 78 % :  mod = 8.097230046969361e-11,  Error =1.3410002566160983e-06
Completed 78 % :  mod = 7.476361471552342e-11,  Error =1.3451433105160504e-06
Completed 78 % :  mod = 6.882568643350831e-11,  Error =1.3493444441792235e-06
Completed 78 % :  mod = 6.320225099940493e-11,  Error =1.3535964029642855e-06
Completed 79 % :  mod = 5.7945769717495763e-11,  Error =1.3578921169710156e-06
Completed 79 % :  mod = 5.310302331218251e-11,  Error =1.3622223420384216e-06
Completed 79 % :  mod = 4.868712495410293e-11,  Error =1.3665885276736844e-06
Completed 79 % :  mod = 4.469425479242772e-11,  Error =1.3709824884244881e-06
Completed 80 % :  mod = 4.1091060706479634e-11,  Error =1.3753998260312983e-06
Completed 80 % :  mod = 3.782666783684444e-11,  Error =1.3798368954098805e-06
Completed 80 % :  mod = 3.484323586738789e-11,  Error =1.3842906767536078e-06
Completed 80 % :  mod = 3.20863632844643e-11,  Error =1.388758462894657e-06
Completed 81 % :  mod = 2.9513544839695197e-11,  Error =1.3932384348436244e-06
Completed 81 % :  mod = 2.7099208353516467e-11,  Error =1.3977284893940123e-06
Completed 81 % :  mod = 2.483515317816977e-11,  Error =1.4022270704572293e-06
Completed 81 % :  mod = 2.272623393989294e-11,  Error =1.4067330127431887e-06
Completed 82 % :  mod = 2.0782853082682923e-11,  Error =1.4112450372749663e-06
Completed 82 % :  mod = 1.9013192409845816e-11,  Error =1.4157620853438857e-06
Completed 82 % :  mod = 1.7417994700502085e-11,  Error =1.4202833327203734e-06
Completed 82 % :  mod = 1.598906670867239e-11,  Error =1.4248083672896428e-06
Completed 83 % :  mod = 1.4710730060805208e-11,  Error =1.4293364571926759e-06
Completed 83 % :  mod = 1.356258035492895e-11,  Error =1.4338672471581049e-06
Completed 83 % :  mod = 1.2522429921505878e-11,  Error =1.438400126119177e-06
Completed 83 % :  mod = 1.156925412449372e-11,  Error =1.4429350372324734e-06
Completed 84 % :  mod = 1.0686182730107372e-11,  Error =1.4474709928435914e-06
Completed 84 % :  mod = 9.862924565722637e-12,  Error =1.4520084761215912e-06
Completed 84 % :  mod = 9.0964441109444e-12,  Error =1.4565470465299768e-06
Completed 84 % :  mod = 8.389198406132109e-12,  Error =1.461086284848534e-06
Completed 85 % :  mod = 7.745645944667594e-12,  Error =1.4656264042400835e-06
Completed 85 % :  mod = 7.168844833921997e-12,  Error =1.4701672128580867e-06
Completed 85 % :  mod = 6.658713916141541e-12,  Error =1.4747085899102785e-06
Completed 85 % :  mod = 6.212149061461526e-12,  Error =1.4792500522275986e-06
Completed 86 % :  mod = 5.8239512521604766e-12,  Error =1.4837925235156035e-06
Completed 86 % :  mod = 5.487501742805628e-12,  Error =1.4883347105865141e-06
Completed 86 % :  mod = 5.195324369162288e-12,  Error =1.4928742828601571e-06
Completed 86 % :  mod = 4.938999666923605e-12,  Error =1.4974169033621365e-06
Completed 87 % :  mod = 4.712124003537529e-12,  Error =1.5019599857168942e-06
Completed 87 % :  mod = 4.51121912038221e-12,  Error =1.5065029757010961e-06
Completed 87 % :  mod = 4.336699229655164e-12,  Error =1.511046320956666e-06
Completed 87 % :  mod = 4.191807711497468e-12,  Error =1.5155899575347576e-06
Completed 88 % :  mod = 4.0804434028803635e-12,  Error =1.5201336296399859e-06
Completed 88 % :  mod = 4.005357956072564e-12,  Error =1.5246772946397869e-06
Completed 88 % :  mod = 3.967667156088016e-12,  Error =1.5292210306938614e-06
Completed 88 % :  mod = 3.967329124076358e-12,  Error =1.533764312000585e-06
Completed 89 % :  mod = 4.0035220021374765e-12,  Error =1.5383080693709417e-06
Completed 89 % :  mod = 4.074380228007308e-12,  Error =1.5428515567350587e-06
Completed 89 % :  mod = 4.1766693629103864e-12,  Error =1.5473949233069106e-06
Completed 89 % :  mod = 4.306417284867046e-12,  Error =1.5519385030415833e-06
Completed 90 % :  mod = 4.460726254977463e-12,  Error =1.5564820898816834e-06
Completed 90 % :  mod = 4.639742366901611e-12,  Error =1.5610252432907146e-06
Completed 90 % :  mod = 4.8473621284026814e-12,  Error =1.5655684251214552e-06
Completed 90 % :  mod = 5.090175045314075e-12,  Error =1.570111251680828e-06
Completed 91 % :  mod = 5.375496899657218e-12,  Error =1.574654120872765e-06
Completed 91 % :  mod = 5.7098297238432105e-12,  Error =1.5791966490041887e-06
Completed 91 % :  mod = 6.098311389826827e-12,  Error =1.5837384239603125e-06
Completed 91 % :  mod = 6.544608942277245e-12,  Error =1.5882801420730175e-06
Completed 92 % :  mod = 7.050480031236573e-12,  Error =1.5928215475469187e-06
Completed 92 % :  mod = 7.615092968242571e-12,  Error =1.5973623490594946e-06
Completed 92 % :  mod = 8.235150925864675e-12,  Error =1.6019026531921554e-06
Completed 92 % :  mod = 8.906744741400593e-12,  Error =1.6064422396766531e-06
Completed 93 % :  mod = 9.628586860086628e-12,  Error =1.6109812364106801e-06
Completed 93 % :  mod = 1.0405003507862695e-11,  Error =1.6155191246980394e-06
Completed 93 % :  mod = 1.1247011897841482e-11,  Error =1.6200554426859526e-06
Completed 93 % :  mod = 1.2170304793501272e-11,  Error =1.624587135040656e-06
Completed 94 % :  mod = 1.3195444010755672e-11,  Error =1.629120347956814e-06
Completed 94 % :  mod = 1.4340804535985221e-11,  Error =1.6336519763626711e-06
Completed 94 % :  mod = 1.5622857218185412e-11,  Error =1.6381809828658334e-06
Completed 94 % :  mod = 1.705324534657517e-11,  Error =1.6427072182523261e-06
Completed 95 % :  mod = 1.8636813685823448e-11,  Error =1.6472301069825335e-06
Completed 95 % :  mod = 2.037092846400161e-11,  Error =1.6517485121880782e-06
Completed 95 % :  mod = 2.2247539374808417e-11,  Error =1.6562616025339594e-06
Completed 95 % :  mod = 2.4258489838205924e-11,  Error =1.6607693140713309e-06
Completed 96 % :  mod = 2.640268391430425e-11,  Error =1.6652701475550202e-06
Completed 96 % :  mod = 2.869231014351003e-11,  Error =1.6697627458484021e-06
Completed 96 % :  mod = 3.1155526373018947e-11,  Error =1.674245609706304e-06
Completed 96 % :  mod = 3.3834598741814855e-11,  Error =1.678717048037015e-06
Completed 97 % :  mod = 3.6780189528069855e-11,  Error =1.6831749860557466e-06
Completed 97 % :  mod = 4.0043269554875177e-11,  Error =1.6876170150226244e-06
Completed 97 % :  mod = 4.366611006210323e-11,  Error =1.6920399872333292e-06
Completed 97 % :  mod = 4.7673876009915456e-11,  Error =1.6964408189323876e-06
Completed 98 % :  mod = 5.206896249900954e-11,  Error =1.700814962646291e-06
Completed 98 % :  mod = 5.683073697358053e-11,  Error =1.7051580343263595e-06
Completed 98 % :  mod = 6.192257879861781e-11,  Error =1.7094647333237845e-06
Completed 98 % :  mod = 6.730559738065948e-11,  Error =1.7137296666192015e-06
Completed 99 % :  mod = 7.295517345182668e-11,  Error =1.717946368273715e-06
Completed 99 % :  mod = 7.887437034104035e-11,  Error =1.722108137869327e-06
Completed 99 % :  mod = 8.509860343978096e-11,  Error =1.7262063352063706e-06
Completed 99 % :  mod = 9.16885377309031e-11,  Error =1.7302332224744532e-06
Completed 100 % :  mod = 9.871165904254321e-11,  Error =1.7341789018132658e-06
Finished 11/31 frames
Finished all frames!
