/opt/local/miniconda_23_9/lib/python3.11/site-packages/conda/base/context.py:201: FutureWarning: Adding 'defaults' to channel list implicitly is deprecated and will be removed in 25.3. 

To remove this warning, please choose a default channel explicitly with conda's regular configuration system, e.g. by adding 'defaults' to the list of channels:

  conda config --add channels defaults

For more information see https://docs.conda.io/projects/conda/en/stable/user-guide/configuration/use-condarc.html

  deprecated.topic(
JOB 14479 ARRAY_ID 7  -> i=7 ; range=[1.9e-10, 5.0e-10] ; intervals=30 (frames=31)
Analytic t0 extension enabled (--extend-time-using-t0).
Completed 0 % :  mod = 2.0800000012007117e-16,  Error =-1.4210854715202004e-14
Completed 0 % :  mod = 2.0879224951574154e-16,  Error =3.573298101855471e-09
Completed 0 % :  mod = 2.1117503498385095e-16,  Error =7.1465890982835845e-09
Completed 0 % :  mod = 2.1516349103447698e-16,  Error =1.0717656095948769e-08
Completed 0 % :  mod = 2.207930134498138e-16,  Error =1.4291018146650458e-08
Completed 1 % :  mod = 2.2809936362588636e-16,  Error =1.7861722767520405e-08
Completed 1 % :  mod = 2.371473806319975e-16,  Error =2.143504218565795e-08
Completed 1 % :  mod = 2.479945413198056e-16,  Error =2.5005952863921266e-08
Completed 1 % :  mod = 2.607371090398917e-16,  Error =2.85793575471871e-08
Completed 2 % :  mod = 2.7545602496615774e-16,  Error =3.21506234968183e-08
Completed 2 % :  mod = 2.9228191632356477e-16,  Error =3.5723729752135114e-08
Completed 2 % :  mod = 3.113216619816874e-16,  Error =3.929476122266351e-08
Completed 2 % :  mod = 3.3274424005041924e-16,  Error =4.286823696020292e-08
Completed 3 % :  mod = 3.566857191555858e-16,  Error =4.64392542198766e-08
Completed 3 % :  mod = 3.833585775947239e-16,  Error =5.0013312602459337e-08
Completed 3 % :  mod = 4.1293224325718516e-16,  Error =5.35842659132868e-08
Completed 3 % :  mod = 4.456691742440805e-16,  Error =5.71578269159545e-08
Completed 4 % :  mod = 4.817773198322978e-16,  Error =6.07289578624659e-08
Completed 4 % :  mod = 5.215771295843451e-16,  Error =6.43023199131676e-08
Completed 4 % :  mod = 5.653214059220427e-16,  Error =6.787403350472232e-08
Completed 4 % :  mod = 6.133983855489048e-16,  Error =7.14473813445693e-08
Completed 5 % :  mod = 6.661134370773061e-16,  Error =7.501899546014101e-08
Completed 5 % :  mod = 7.239344065204788e-16,  Error =7.859251383024457e-08
Completed 5 % :  mod = 7.872285689980341e-16,  Error =8.216348135192675e-08
Completed 5 % :  mod = 8.565576455965614e-16,  Error =8.573690735147466e-08
Completed 6 % :  mod = 9.323620212771244e-16,  Error =8.93079814545672e-08
Completed 6 % :  mod = 1.0153144378960097e-15,  Error =9.288116586958495e-08
Completed 6 % :  mod = 1.105941807849052e-15,  Error =9.645221865639542e-08
Completed 6 % :  mod = 1.2050484446509634e-15,  Error =1.0002557360166975e-07
Completed 7 % :  mod = 1.3132638540477972e-15,  Error =1.03596661915617e-07
Completed 7 % :  mod = 1.4315484419479741e-15,  Error =1.0717010923144699e-07
Completed 7 % :  mod = 1.5606535421887427e-15,  Error =1.107411051748386e-07
Completed 7 % :  mod = 1.7017249422969518e-15,  Error =1.1431463775579687e-07
Completed 8 % :  mod = 1.8556587257894093e-15,  Error =1.178858468620092e-07
Completed 8 % :  mod = 2.0238210265290897e-15,  Error =1.2145936523211276e-07
Completed 8 % :  mod = 2.207280000935559e-15,  Error =1.2503056723289774e-07
Completed 8 % :  mod = 2.40766382934715e-15,  Error =1.2860397191616357e-07
Completed 9 % :  mod = 2.6262453304513575e-15,  Error =1.3217506023011083e-07
Completed 9 % :  mod = 2.864964390126165e-15,  Error =1.3574826596141065e-07
Completed 9 % :  mod = 3.125337331453814e-15,  Error =1.3931936138078527e-07
Completed 9 % :  mod = 3.4096749272126467e-15,  Error =1.428930360702907e-07
Completed 10 % :  mod = 3.7197832801548535e-15,  Error =1.4646400359197287e-07
Completed 10 % :  mod = 4.058414556249609e-15,  Error =1.500377422303245e-07
Completed 10 % :  mod = 4.427719717601295e-15,  Error =1.536090579179472e-07
Completed 10 % :  mod = 4.830976298849103e-15,  Error =1.5718230628181118e-07
Completed 11 % :  mod = 5.270745752440949e-15,  Error =1.607535509151603e-07
Completed 11 % :  mod = 5.750930986167738e-15,  Error =1.6432648664022054e-07
Completed 11 % :  mod = 6.2745820989810945e-15,  Error =1.678977099572876e-07
Completed 11 % :  mod = 6.84634642079477e-15,  Error =1.714708020017497e-07
Completed 12 % :  mod = 7.469855763465011e-15,  Error =1.750419329482611e-07
Completed 12 % :  mod = 8.150643686426534e-15,  Error =1.7861518841755242e-07
Completed 12 % :  mod = 8.893034517247813e-15,  Error =1.821860706741063e-07
Completed 12 % :  mod = 9.703616868725238e-15,  Error =1.8575924087826934e-07
Completed 13 % :  mod = 1.058753950000847e-14,  Error =1.893302297162336e-07
Completed 13 % :  mod = 1.1552647117402996e-14,  Error =1.9290341413125134e-07
Completed 13 % :  mod = 1.2605070013607308e-14,  Error =1.9647499271968627e-07
Completed 13 % :  mod = 1.3754148304711903e-14,  Error =2.000484471409436e-07
Completed 14 % :  mod = 1.5007180855632093e-14,  Error =2.0361974151228424e-07
Completed 14 % :  mod = 1.6375288159583322e-14,  Error =2.071932740932425e-07
Completed 14 % :  mod = 1.786716035263891e-14,  Error =2.107647745219765e-07
Completed 14 % :  mod = 1.9496037591982446e-14,  Error =2.1433809394011405e-07
Completed 15 % :  mod = 2.12722663955078e-14,  Error =2.1790864224158213e-07
Completed 15 % :  mod = 2.3211610559111954e-14,  Error =2.2148192613258288e-07
Completed 15 % :  mod = 2.5326388660066878e-14,  Error =2.2505303576281221e-07
Completed 15 % :  mod = 2.763536907822836e-14,  Error =2.2862631965381297e-07
Completed 16 % :  mod = 3.015321829795576e-14,  Error =2.3219782008254697e-07
Completed 16 % :  mod = 3.290228187743941e-14,  Error =2.3577118213324866e-07
Completed 16 % :  mod = 3.590002169060697e-14,  Error =2.393423699231789e-07
Completed 16 % :  mod = 3.917304227222655e-14,  Error =2.4291571065759854e-07
Completed 17 % :  mod = 4.2742133621127863e-14,  Error =2.4648704055607595e-07
Completed 17 % :  mod = 4.66389709302828e-14,  Error =2.500601894439569e-07
Completed 17 % :  mod = 5.0888306625162385e-14,  Error =2.5363116407106645e-07
Completed 17 % :  mod = 5.5527852987827503e-14,  Error =2.572043626969389e-07
Completed 18 % :  mod = 6.058708007977569e-14,  Error =2.607758489148182e-07
Completed 18 % :  mod = 6.611088782321004e-14,  Error =2.643491257003916e-07
Completed 18 % :  mod = 7.213436302903058e-14,  Error =2.6792004348408227e-07
Completed 18 % :  mod = 7.871096317055906e-14,  Error =2.7149330605880095e-07
Completed 19 % :  mod = 8.588246231174597e-14,  Error =2.7506455779757744e-07
Completed 19 % :  mod = 9.371250645013858e-14,  Error =2.786381543273819e-07
Completed 19 % :  mod = 1.0225083135603762e-13,  Error =2.8220936343359426e-07
Completed 19 % :  mod = 1.1157321335718685e-13,  Error =2.857826828517318e-07
Completed 20 % :  mod = 1.2173886738149046e-13,  Error =2.8935369300597813e-07
Completed 20 % :  mod = 1.3283801197687787e-13,  Error =2.929270124241157e-07
Completed 20 % :  mod = 1.4494114779348586e-13,  Error =2.964979088915243e-07
Completed 20 % :  mod = 1.581556880425042e-13,  Error =3.0007107199025995e-07
Completed 21 % :  mod = 1.7256556997930753e-13,  Error =3.0364195424681384e-07
Completed 21 % :  mod = 1.8829867857685413e-13,  Error =3.072154726169174e-07
Completed 21 % :  mod = 2.0545494842318062e-13,  Error =3.1078649698201843e-07
Completed 21 % :  mod = 2.2418663774001865e-13,  Error =3.143601503552418e-07
Completed 22 % :  mod = 2.446127271594229e-13,  Error =3.1793096866294945e-07
Completed 22 % :  mod = 2.669144931801821e-13,  Error =3.215043733462153e-07
Completed 22 % :  mod = 2.912335921103976e-13,  Error =3.2507549718729933e-07
Completed 22 % :  mod = 3.1778584876280117e-13,  Error =3.2864870291859916e-07
Completed 23 % :  mod = 3.4673991618433085e-13,  Error =3.322199120248115e-07
Completed 23 % :  mod = 3.7835275120896674e-13,  Error =3.357932030212396e-07
Completed 23 % :  mod = 4.128251478388606e-13,  Error =3.3936405685608406e-07
Completed 23 % :  mod = 4.5046303278979955e-13,  Error =3.429373123253754e-07
Completed 24 % :  mod = 4.915054648123794e-13,  Error =3.4650854985329715e-07
Completed 24 % :  mod = 5.363166710957135e-13,  Error =3.5008181242801584e-07
Completed 24 % :  mod = 5.851812648505901e-13,  Error =3.53652680473715e-07
Completed 24 % :  mod = 6.385328808929293e-13,  Error =3.5722598568099784e-07
Completed 25 % :  mod = 6.967103636560321e-13,  Error =3.6079721610349225e-07
Completed 25 % :  mod = 7.602299766103271e-13,  Error =3.6437072736816845e-07
Completed 25 % :  mod = 8.294951221036566e-13,  Error =3.679414177781837e-07
Completed 25 % :  mod = 9.051204280787112e-13,  Error =3.7151438192495334e-07
Completed 26 % :  mod = 9.875861433028926e-13,  Error =3.7508541339548174e-07
Completed 26 % :  mod = 1.0776239864408387e-12,  Error =3.786586759702004e-07
Completed 26 % :  mod = 1.175805672493099e-12,  Error =3.822296079647458e-07
Completed 26 % :  mod = 1.2830022916594723e-12,  Error =3.8580299133172957e-07
Completed 27 % :  mod = 1.399894413289025e-12,  Error =3.8937407964567683e-07
Completed 27 % :  mod = 1.527519001966896e-12,  Error =3.9294728537697665e-07
Completed 27 % :  mod = 1.6666861527993026e-12,  Error =3.965181250009664e-07
Completed 27 % :  mod = 1.8186302175250273e-12,  Error =4.000915012625228e-07
Completed 28 % :  mod = 1.9843153765286006e-12,  Error =4.0366250431134176e-07
Completed 28 % :  mod = 2.1652108177910445e-12,  Error =4.0723578109691516e-07
Completed 28 % :  mod = 2.3624639601025518e-12,  Error =4.108064999286398e-07
Completed 28 % :  mod = 2.577823296551225e-12,  Error =4.143793574939991e-07
Completed 29 % :  mod = 2.8126540465908527e-12,  Error =4.1795013316914265e-07
Completed 29 % :  mod = 3.0690367542203435e-12,  Error =4.215232038973227e-07
Completed 29 % :  mod = 3.3485953407158397e-12,  Error =4.2509356745767946e-07
Completed 29 % :  mod = 3.653804864897703e-12,  Error =4.286663823904746e-07
Completed 30 % :  mod = 3.986596227534927e-12,  Error =4.3223618462207014e-07
Completed 30 % :  mod = 4.3499128065331415e-12,  Error =4.3580842401524933e-07
Completed 30 % :  mod = 4.746049254758546e-12,  Error =4.3937824756312693e-07
Completed 30 % :  mod = 5.178504187734628e-12,  Error =4.4295014589579296e-07
Completed 31 % :  mod = 5.650002412549987e-12,  Error =4.465191594249518e-07
Completed 31 % :  mod = 6.164699661784414e-12,  Error =4.500896721992831e-07
Completed 31 % :  mod = 6.7258279477045894e-12,  Error =4.5365802492369767e-07
Completed 31 % :  mod = 7.338318712878698e-12,  Error =4.572280971615328e-07
Completed 32 % :  mod = 8.00599953139197e-12,  Error =4.607954195989805e-07
Completed 32 % :  mod = 8.734714199600025e-12,  Error =4.6436408496219883e-07
Completed 32 % :  mod = 9.528985363715032e-12,  Error =4.67929289982294e-07
Completed 32 % :  mod = 1.0395724205638365e-11,  Error =4.714957313467494e-07
Completed 33 % :  mod = 1.134025736462925e-11,  Error =4.7505916001000514e-07
Completed 33 % :  mod = 1.2370735132987995e-11,  Error =4.786227947306543e-07
Completed 33 % :  mod = 1.3493401795597528e-11,  Error =4.821825285716841e-07
Completed 33 % :  mod = 1.4717829669181602e-11,  Error =4.85742106093312e-07
Completed 34 % :  mod = 1.6051289183344764e-11,  Error =4.892974345693801e-07
Completed 34 % :  mod = 1.7504956470341703e-11,  Error =4.928519103941653e-07
Completed 34 % :  mod = 1.908721258777526e-11,  Error =4.96400474503389e-07
Completed 34 % :  mod = 2.081099406646706e-11,  Error =4.999473901534657e-07
Completed 35 % :  mod = 2.2685819076661857e-11,  Error =5.03486987213364e-07
Completed 35 % :  mod = 2.4726472034347906e-11,  Error =5.070226833936431e-07
Completed 35 % :  mod = 2.694351785016987e-11,  Error =5.105487659307073e-07
Completed 35 % :  mod = 2.935353092369286e-11,  Error =5.14068837276227e-07
Completed 36 % :  mod = 3.1967817017253973e-11,  Error =5.175764599130162e-07
Completed 36 % :  mod = 3.4804409646026176e-11,  Error =5.210746607531291e-07
Completed 36 % :  mod = 3.7874674056335954e-11,  Error =5.245570307010894e-07
Completed 36 % :  mod = 4.119729397361462e-11,  Error =5.280257653339504e-07
Completed 37 % :  mod = 4.478238826924515e-11,  Error =5.314731765793113e-07
Completed 37 % :  mod = 4.864769012780042e-11,  Error =5.349003160404209e-07
Completed 37 % :  mod = 5.279977596849097e-11,  Error =5.382999646030839e-07
Completed 37 % :  mod = 5.7252589202218154e-11,  Error =5.416719375261891e-07
Completed 38 % :  mod = 6.200538951476542e-11,  Error =5.450073885526763e-07
Completed 38 % :  mod = 6.706369255303017e-11,  Error =5.483055502963907e-07
Completed 38 % :  mod = 7.241365173581668e-11,  Error =5.515569938552289e-07
Completed 38 % :  mod = 7.804539110342512e-11,  Error =5.547596018118384e-07
Completed 39 % :  mod = 8.392383711575541e-11,  Error =5.579043573789022e-07
Completed 39 % :  mod = 9.001437098713533e-11,  Error =5.609884681234689e-07
Completed 39 % :  mod = 9.625080168608443e-11,  Error =5.640027680442472e-07
Completed 39 % :  mod = 1.0256335310931085e-10,  Error =5.669460492185863e-07
Completed 40 % :  mod = 1.0884568531996111e-10,  Error =5.698110356888719e-07
Completed 40 % :  mod = 1.1498550459521567e-10,  Error =5.725989069560455e-07
Completed 40 % :  mod = 1.2083423019571927e-10,  Error =5.753065437374971e-07
Completed 40 % :  mod = 1.2624065705807468e-10,  Error =5.779396872185316e-07
Completed 41 % :  mod = 1.3102820522450026e-10,  Error =5.80499985858296e-07
Completed 41 % :  mod = 1.3503099312497303e-10,  Error =5.829998457329566e-07
Completed 41 % :  mod = 1.380827034058157e-10,  Error =5.854472746591455e-07
Completed 41 % :  mod = 1.4005068826472414e-10,  Error =5.878602706843594e-07
Completed 42 % :  mod = 1.408357407883022e-10,  Error =5.902517301592525e-07
Completed 42 % :  mod = 1.4039418006957476e-10,  Error =5.92642642516239e-07
Completed 42 % :  mod = 1.3874157992466896e-10,  Error =5.950472825588804e-07
Completed 42 % :  mod = 1.3595101817622534e-10,  Error =5.974855028512138e-07
Completed 43 % :  mod = 1.321535806348167e-10,  Error =5.999693470926104e-07
Completed 43 % :  mod = 1.2751009912951518e-10,  Error =6.025144259069748e-07
Completed 43 % :  mod = 1.222109288313661e-10,  Error =6.051273828688863e-07
Completed 43 % :  mod = 1.1643406322291132e-10,  Error =6.078170571299779e-07
Completed 44 % :  mod = 1.1035573524013689e-10,  Error =6.105839247538825e-07
Completed 44 % :  mod = 1.0411257842449709e-10,  Error =6.134309842309449e-07
Completed 44 % :  mod = 9.782915596285718e-11,  Error =6.163539580938959e-07
Completed 44 % :  mod = 9.158966212351649e-11,  Error =6.193522921194017e-07
Completed 45 % :  mod = 8.547461366159623e-11,  Error =6.224181774427961e-07
Completed 45 % :  mod = 7.953506009050848e-11,  Error =6.25549283483906e-07
Completed 45 % :  mod = 7.382653367042857e-11,  Error =6.287364939794315e-07
Completed 45 % :  mod = 6.838030288195135e-11,  Error =6.319778762531314e-07
Completed 46 % :  mod = 6.323115575017907e-11,  Error =6.352632127004654e-07
Completed 46 % :  mod = 5.83889944053804e-11,  Error =6.385913664530563e-07
Completed 46 % :  mod = 5.386448851124623e-11,  Error =6.419532141421769e-07
Completed 46 % :  mod = 4.964623024994078e-11,  Error =6.453479741708179e-07
Completed 47 % :  mod = 4.572642459152736e-11,  Error =6.487673829269625e-07
Completed 47 % :  mod = 4.2083304596674346e-11,  Error =6.522117530494143e-07
Completed 47 % :  mod = 3.870419471176039e-11,  Error =6.556735527851743e-07
Completed 47 % :  mod = 3.5569336884899716e-11,  Error =6.591542174305687e-07
Completed 48 % :  mod = 3.266958547069582e-11,  Error =6.626472028870012e-07
Completed 48 % :  mod = 2.9989990069672465e-11,  Error =6.661543991981489e-07
Completed 48 % :  mod = 2.75230722861731e-11,  Error =6.696696601693475e-07
Completed 48 % :  mod = 2.5254053607611177e-11,  Error =6.731958066552579e-07
Completed 49 % :  mod = 2.31726148376931e-11,  Error =6.767272751062592e-07
Completed 49 % :  mod = 2.1261613042865902e-11,  Error =6.802669858529953e-07
Completed 49 % :  mod = 1.950840728742643e-11,  Error =6.838099650963159e-07
Completed 49 % :  mod = 1.7896336866035007e-11,  Error =6.873600355561393e-07
Completed 50 % :  mod = 1.641455333473392e-11,  Error =6.909116336828447e-07
Completed 50 % :  mod = 1.5050398275797422e-11,  Error =6.944682127141277e-07
Completed 50 % :  mod = 1.379680091901204e-11,  Error =6.980252393873343e-07
Completed 50 % :  mod = 1.2644842391524034e-11,  Error =7.01586500895246e-07
Completed 51 % :  mod = 1.1589318247907829e-11,  Error =7.051473858155077e-07
Completed 51 % :  mod = 1.0622284243122042e-11,  Error =7.08712533992184e-07
Completed 51 % :  mod = 9.738048732384597e-12,  Error =7.122765879330473e-07
Completed 51 % :  mod = 8.928331705780937e-12,  Error =7.158440169519054e-07
Completed 52 % :  mod = 8.187043080039785e-12,  Error =7.194106359520447e-07
Completed 52 % :  mod = 7.506622872182375e-12,  Error =7.22979777378896e-07
Completed 52 % :  mod = 6.882146181204322e-12,  Error =7.265474195605748e-07
Completed 52 % :  mod = 6.308046234138201e-12,  Error =7.301178897023419e-07
Completed 53 % :  mod = 5.781173757801695e-12,  Error =7.336866403306885e-07
Completed 53 % :  mod = 5.29762144353493e-12,  Error =7.37257693117499e-07
Completed 53 % :  mod = 4.855043347733273e-12,  Error =7.40826848755205e-07
Completed 53 % :  mod = 4.449951684821639e-12,  Error =7.443987328770163e-07
Completed 54 % :  mod = 4.079826383542392e-12,  Error =7.479685564248939e-07
Completed 54 % :  mod = 3.7410970778226365e-12,  Error =7.515410374026033e-07
Completed 54 % :  mod = 3.4311464096916333e-12,  Error =7.551112517489855e-07
Completed 54 % :  mod = 3.1467787711112843e-12,  Error =7.586839458895156e-07
Completed 55 % :  mod = 2.8857756144855676e-12,  Error =7.622564197617976e-07
Completed 55 % :  mod = 2.6462970332092466e-12,  Error =7.658268970089921e-07
Completed 55 % :  mod = 2.4264378082210026e-12,  Error =7.69399626676659e-07
Completed 55 % :  mod = 2.2251177465357183e-12,  Error =7.729704023518025e-07
Completed 56 % :  mod = 2.0408330470368335e-12,  Error =7.765435867668202e-07
Completed 56 % :  mod = 1.8725704993327333e-12,  Error =7.801143695473911e-07
Completed 56 % :  mod = 1.7188343996358798e-12,  Error =7.836876889655287e-07
Completed 56 % :  mod = 1.5785082605080236e-12,  Error =7.872581946344326e-07
Completed 57 % :  mod = 1.4501375133777569e-12,  Error =7.908309243020994e-07
Completed 57 % :  mod = 1.332718579024531e-12,  Error =7.94401898929209e-07
Completed 57 % :  mod = 1.2251138725547471e-12,  Error =7.979754030884578e-07
Completed 57 % :  mod = 1.1266587648867748e-12,  Error =8.01546867990055e-07
Completed 58 % :  mod = 1.0365827475038698e-12,  Error =8.051203792547312e-07
Completed 58 % :  mod = 9.544469471367697e-13,  Error =8.086916523097898e-07
Completed 58 % :  mod = 8.796362146834296e-13,  Error =8.122651706798933e-07
Completed 58 % :  mod = 8.117359766209182e-13,  Error =8.158363300481142e-07
Completed 59 % :  mod = 7.501356085389965e-13,  Error =8.194097986802262e-07
Completed 59 % :  mod = 6.943744733596158e-13,  Error =8.229810433135754e-07
Completed 59 % :  mod = 6.43859903473337e-13,  Error =8.265542419394478e-07
Completed 59 % :  mod = 5.981902186816144e-13,  Error =8.301256713139082e-07
Completed 60 % :  mod = 5.569276672965126e-13,  Error =8.336991825785844e-07
Completed 60 % :  mod = 5.198282973332695e-13,  Error =8.372701856274034e-07
Completed 60 % :  mod = 4.866126026527221e-13,  Error =8.408437750517805e-07
Completed 60 % :  mod = 4.571289448022453e-13,  Error =8.444145933594882e-07
Completed 61 % :  mod = 4.3116729439665644e-13,  Error =8.479879340939078e-07
Completed 61 % :  mod = 4.0859046929815664e-13,  Error =8.515591574109749e-07
Completed 61 % :  mod = 3.89189371735486e-13,  Error =8.551325265671039e-07
Completed 61 % :  mod = 3.727980673561224e-13,  Error =8.587036575136153e-07
Completed 62 % :  mod = 3.592163500507885e-13,  Error =8.622769129829067e-07
Completed 62 % :  mod = 3.483187936644714e-13,  Error =8.658480723511275e-07
Completed 62 % :  mod = 3.3999878717126384e-13,  Error =8.694214272964018e-07
Completed 62 % :  mod = 3.342189731783322e-13,  Error =8.729926577188962e-07
Completed 63 % :  mod = 3.309590928176569e-13,  Error =8.765665313603677e-07
Completed 63 % :  mod = 3.302371869435825e-13,  Error =8.801376552014517e-07
Completed 63 % :  mod = 3.320830573750382e-13,  Error =8.837108538273242e-07
Completed 63 % :  mod = 3.3652532844907063e-13,  Error =8.872818284544337e-07
Completed 64 % :  mod = 3.4358794677692364e-13,  Error =8.908552118214175e-07
Completed 64 % :  mod = 3.532729404438488e-13,  Error =8.944263498733562e-07
Completed 64 % :  mod = 3.656182246255594e-13,  Error =8.979996408697843e-07
Completed 64 % :  mod = 3.806713617013529e-13,  Error =9.015707789217231e-07
Completed 65 % :  mod = 3.9856128583542363e-13,  Error =9.051435938545183e-07
Completed 65 % :  mod = 4.1942186509787917e-13,  Error =9.087143055808156e-07
Completed 65 % :  mod = 4.4347968107549323e-13,  Error =9.12287980270321e-07
Completed 65 % :  mod = 4.70941713335428e-13,  Error =9.15858905159439e-07
Completed 66 % :  mod = 5.020982381303131e-13,  Error =9.194319616767643e-07
Completed 66 % :  mod = 5.371592236376881e-13,  Error =9.230030642015663e-07
Completed 66 % :  mod = 5.763998733790198e-13,  Error =9.265762059840199e-07
Completed 66 % :  mod = 6.199983849900768e-13,  Error =9.301474932499332e-07
Completed 67 % :  mod = 6.682663549569819e-13,  Error =9.337206421378141e-07
Completed 67 % :  mod = 7.214607013831543e-13,  Error =9.372915883432142e-07
Completed 67 % :  mod = 7.800480993700323e-13,  Error =9.408651067133178e-07
Completed 67 % :  mod = 8.4444767242309e-13,  Error =9.444363513466669e-07
Completed 68 % :  mod = 9.153250570088656e-13,  Error =9.480099123493346e-07
Completed 68 % :  mod = 9.932434086998134e-13,  Error =9.515810788229828e-07
Completed 68 % :  mod = 1.0789766448530367e-12,  Error =9.551546966690694e-07
Completed 68 % :  mod = 1.1730735809293231e-12,  Error =9.58725713928743e-07
Completed 69 % :  mod = 1.276280361496325e-12,  Error =9.622989693980344e-07
Completed 69 % :  mod = 1.3890988831267316e-12,  Error =9.658702779802297e-07
Completed 69 % :  mod = 1.5123688902332302e-12,  Error =9.694434197626833e-07
Completed 69 % :  mod = 1.6467671858500516e-12,  Error =9.730147283448787e-07
Completed 70 % :  mod = 1.7934866146586913e-12,  Error =9.765881543444266e-07
Completed 70 % :  mod = 1.9535881226499537e-12,  Error =9.801592000258097e-07
Completed 70 % :  mod = 2.128724789260931e-12,  Error =9.83732178383434e-07
Completed 70 % :  mod = 2.3202617458758025e-12,  Error =9.873030535345606e-07
Completed 71 % :  mod = 2.5300588052913047e-12,  Error =9.908760958410312e-07
Completed 71 % :  mod = 2.759424401953299e-12,  Error =9.944466157207899e-07
Completed 71 % :  mod = 3.0101655650596742e-12,  Error =9.98019253017901e-07
Completed 71 % :  mod = 3.2835074627855314e-12,  Error =1.0015898439519333e-06
Completed 72 % :  mod = 3.581498409224422e-12,  Error =1.0051624954598992e-06
Completed 72 % :  mod = 3.905797506448167e-12,  Error =1.008733057972222e-06
Completed 72 % :  mod = 4.259317707768593e-12,  Error =1.0123054252630936e-06
Completed 72 % :  mod = 4.644645745908472e-12,  Error =1.01587530565439e-06
Completed 73 % :  mod = 5.06575693363216e-12,  Error =1.019447360306458e-06
Completed 73 % :  mod = 5.525881677416331e-12,  Error =1.0230169635860875e-06
Completed 73 % :  mod = 6.029401838260168e-12,  Error =1.0265882508520008e-06
Completed 73 % :  mod = 6.579366804264712e-12,  Error =1.030156596470988e-06
Completed 74 % :  mod = 7.1800319325782535e-12,  Error =1.0337267184468146e-06
Completed 74 % :  mod = 7.834274418810681e-12,  Error =1.0372938987757152e-06
Completed 74 % :  mod = 8.546964720917286e-12,  Error =1.0408628057234637e-06
Completed 74 % :  mod = 9.322066523288379e-12,  Error =1.0444285081234739e-06
Completed 75 % :  mod = 1.0166542224538445e-11,  Error =1.0479954468678443e-06
Completed 75 % :  mod = 1.1086519689816697e-11,  Error =1.0515590034287925e-06
Completed 75 % :  mod = 1.2091326453546603e-11,  Error =1.0551231710564934e-06
Completed 75 % :  mod = 1.3188366072845798e-11,  Error =1.058683515964276e-06
Completed 76 % :  mod = 1.4387650664596055e-11,  Error =1.0622441024565887e-06
Completed 76 % :  mod = 1.5695905093354792e-11,  Error =1.0658003759544954e-06
Completed 76 % :  mod = 1.712263232504637e-11,  Error =1.0693557399577003e-06
Completed 76 % :  mod = 1.8673978791818597e-11,  Error =1.0729056043601304e-06
Completed 77 % :  mod = 2.0360728826604664e-11,  Error =1.0764536355623022e-06
Completed 77 % :  mod = 2.2191363654866065e-11,  Error =1.0799944192285693e-06
Completed 77 % :  mod = 2.4181151559296633e-11,  Error =1.0835315720214567e-06
Completed 77 % :  mod = 2.634287724696109e-11,  Error =1.0870592959122405e-06
Completed 78 % :  mod = 2.8696102665422756e-11,  Error =1.0905814562534033e-06
Completed 78 % :  mod = 3.125492104292448e-11,  Error =1.094092247910794e-06
Completed 78 % :  mod = 3.403838085996999e-11,  Error =1.0975939801483037e-06
Completed 78 % :  mod = 3.705657352153441e-11,  Error =1.101080108867336e-06
Completed 79 % :  mod = 4.0324495518287163e-11,  Error =1.1045534193954154e-06
Completed 79 % :  mod = 4.384763924309628e-11,  Error =1.1080055628553964e-06
Completed 79 % :  mod = 4.763983528131983e-11,  Error =1.11143874192976e-06
Completed 79 % :  mod = 5.170680372776929e-11,  Error =1.114845503025208e-06
Completed 80 % :  mod = 5.606549462001937e-11,  Error =1.118225597451783e-06
Completed 80 % :  mod = 6.07221642993379e-11,  Error =1.1215706905431944e-06
Completed 80 % :  mod = 6.56909893490567e-11,  Error =1.1248798585938857e-06
Completed 80 % :  mod = 7.096605795192669e-11,  Error =1.1281431966381206e-06
Completed 81 % :  mod = 7.654158899264381e-11,  Error =1.1313597951811971e-06
Completed 81 % :  mod = 8.238184633055975e-11,  Error =1.1345195360945581e-06
Completed 81 % :  mod = 8.844743654633039e-11,  Error =1.1376201456414492e-06
Completed 81 % :  mod = 9.466656806729826e-11,  Error =1.1406522659740403e-06
Completed 82 % :  mod = 1.0096706341486239e-10,  Error =1.143614554166561e-06
Completed 82 % :  mod = 1.0724693082771517e-10,  Error =1.1464995850474224e-06
Completed 82 % :  mod = 1.1340588286447101e-10,  Error =1.1493083391656e-06
Completed 82 % :  mod = 1.1931251067727118e-10,  Error =1.152036269047585e-06
Completed 83 % :  mod = 1.2483272588029213e-10,  Error =1.1546889453484255e-06
Completed 83 % :  mod = 1.2980032909386606e-10,  Error =1.1572672988791055e-06
Completed 83 % :  mod = 1.3404889819643538e-10,  Error =1.1597827835885255e-06
Completed 83 % :  mod = 1.3739858099223907e-10,  Error =1.1622424409551968e-06
Completed 84 % :  mod = 1.3969448184258836e-10,  Error =1.164662954522555e-06
Completed 84 % :  mod = 1.4081121623372198e-10,  Error =1.1670574622257845e-06
Completed 84 % :  mod = 1.4068345625054862e-10,  Error =1.1694465129608034e-06
Completed 84 % :  mod = 1.393128744433202e-10,  Error =1.1718449144382248e-06
Completed 85 % :  mod = 1.3676893568229636e-10,  Error =1.1742732652919585e-06
Completed 85 % :  mod = 1.331852251730815e-10,  Error =1.1767437229082134e-06
Completed 85 % :  mod = 1.2872759161524483e-10,  Error =1.1792726581916213e-06
Completed 85 % :  mod = 1.2358838276641323e-10,  Error =1.181866899457873e-06
Completed 86 % :  mod = 1.1794341745751113e-10,  Error =1.1845369627394575e-06
Completed 86 % :  mod = 1.1196276668016937e-10,  Error =1.1872829617232128e-06
Completed 86 % :  mod = 1.0577682010421154e-10,  Error =1.1901098204702976e-06
Completed 86 % :  mod = 9.950713871949616e-11,  Error =1.193013311251434e-06
Completed 87 % :  mod = 9.324092506978909e-11,  Error =1.1959928656324337e-06
Completed 87 % :  mod = 8.70676974345173e-11,  Error =1.1990409305440153e-06
Completed 87 % :  mod = 8.10510711935585e-11,  Error =1.2021564046449384e-06
Completed 87 % :  mod = 7.52593517561671e-11,  Error =1.2053291342795092e-06
Completed 88 % :  mod = 6.973306514324352e-11,  Error =1.208557598886273e-06
Completed 88 % :  mod = 6.451127564869066e-11,  Error =1.2118317869180828e-06
Completed 88 % :  mod = 5.960295947054861e-11,  Error =1.2151499362289542e-06
Completed 88 % :  mod = 5.501487801409437e-11,  Error =1.21850316503469e-06
Completed 89 % :  mod = 5.0730998474973114e-11,  Error =1.2218904501537509e-06
Completed 89 % :  mod = 4.674080583552868e-11,  Error =1.2253028032205293e-06
Completed 89 % :  mod = 4.302255808270386e-11,  Error =1.2287414463685309e-06
Completed 89 % :  mod = 3.9566505730590155e-11,  Error =1.2321985494168075e-06
Completed 90 % :  mod = 3.635707105232247e-11,  Error =1.235675163968608e-06
Completed 90 % :  mod = 3.338922127231955e-11,  Error =1.2391647530307637e-06
Completed 90 % :  mod = 3.0650292531801685e-11,  Error =1.2426697111322937e-06
Completed 90 % :  mod = 2.813299933345322e-11,  Error =1.246182797842721e-06
Completed 91 % :  mod = 2.5820663127206105e-11,  Error =1.2497072248152108e-06
Completed 91 % :  mod = 2.3700179302724904e-11,  Error =1.2532371584939028e-06
Completed 91 % :  mod = 2.175166104939028e-11,  Error =1.2567758744808089e-06
Completed 91 % :  mod = 1.9960876715542162e-11,  Error =1.2603178092263079e-06
Completed 92 % :  mod = 1.831091089317508e-11,  Error =1.2638663946518136e-06
Completed 92 % :  mod = 1.679197548884545e-11,  Error =1.2674170477566804e-06
Completed 92 % :  mod = 1.5392968816439665e-11,  Error =1.270973122302621e-06
Completed 92 % :  mod = 1.4108303178897117e-11,  Error =1.2745291684268523e-06
Completed 93 % :  mod = 1.2929727252292547e-11,  Error =1.2780900249254046e-06
Completed 93 % :  mod = 1.1851840001778482e-11,  Error =1.2816508387913927e-06
Completed 93 % :  mod = 1.086568070688619e-11,  Error =1.2852160153897785e-06
Completed 93 % :  mod = 9.964263717127356e-12,  Error =1.2887796856375644e-06
Completed 94 % :  mod = 9.13811701649336e-12,  Error =1.292346944126166e-06
Completed 94 % :  mod = 8.38050339114922e-12,  Error =1.295913321541775e-06
Completed 94 % :  mod = 7.683797912479846e-12,  Error =1.2994823421763613e-06
Completed 94 % :  mod = 7.04355346054918e-12,  Error =1.3030499914634674e-06
Completed 95 % :  mod = 6.454855393021561e-12,  Error =1.3066204971323714e-06
Completed 95 % :  mod = 5.9151371372567105e-12,  Error =1.3101889067002048e-06
Completed 95 % :  mod = 5.420707670990295e-12,  Error =1.3137604852886398e-06
Completed 95 % :  mod = 4.969075212435025e-12,  Error =1.3173298398783118e-06
Completed 96 % :  mod = 4.55628512934016e-12,  Error =1.3209013403070458e-06
Completed 96 % :  mod = 4.179262743201908e-12,  Error =1.3244709720083847e-06
Completed 96 % :  mod = 3.833951423802718e-12,  Error =1.3280434458806667e-06
Completed 96 % :  mod = 3.5174907642708287e-12,  Error =1.3316136673324763e-06
Completed 97 % :  mod = 3.2266920546336524e-12,  Error =1.3351860417287753e-06
Completed 97 % :  mod = 2.959720264263683e-12,  Error =1.3387563129185764e-06
Completed 97 % :  mod = 2.7145482690919842e-12,  Error =1.3423291278513716e-06
Completed 97 % :  mod = 2.4901081682177696e-12,  Error =1.3458995695714293e-06
Completed 98 % :  mod = 2.2848389238244455e-12,  Error =1.3494725266127716e-06
Completed 98 % :  mod = 2.09766503321633e-12,  Error =1.3530433449204793e-06
Completed 98 % :  mod = 1.926907776947244e-12,  Error =1.356616586178916e-06
Completed 98 % :  mod = 1.7712641748383648e-12,  Error =1.3601872694835038e-06
Completed 99 % :  mod = 1.629038096771652e-12,  Error =1.3637602904736923e-06
Completed 99 % :  mod = 1.4990431746996582e-12,  Error =1.3673312153628103e-06
Completed 99 % :  mod = 1.379979572373538e-12,  Error =1.370904357145264e-06
Completed 99 % :  mod = 1.2711207217952817e-12,  Error =1.3744753104560914e-06
Completed 100 % :  mod = 1.1716654986971415e-12,  Error =1.3780488217207676e-06
Finished 8/31 frames
Finished all frames!
