/opt/local/miniconda_23_9/lib/python3.11/site-packages/conda/base/context.py:201: FutureWarning: Adding 'defaults' to channel list implicitly is deprecated and will be removed in 25.3. 

To remove this warning, please choose a default channel explicitly with conda's regular configuration system, e.g. by adding 'defaults' to the list of channels:

  conda config --add channels defaults

For more information see https://docs.conda.io/projects/conda/en/stable/user-guide/configuration/use-condarc.html

  deprecated.topic(
JOB 14521 ARRAY_ID 18  -> i=18 ; range=[1.95e-10, 2.05e-10] ; intervals=20 (frames=21)
Analytic t0 extension enabled (--extend-time-using-t0).
Extending simulation time for p0=2.036e-10 from 10000000000.0 to 2.399e+10
Completed 0 % :  mod = 1.628571428292932e-16,  Error =-1.4210854715202004e-14
Completed 0 % :  mod = 1.6337810624556034e-16,  Error =5.0449742161617905e-09
Completed 0 % :  mod = 1.6494398194428886e-16,  Error =1.008849892514263e-08
Completed 0 % :  mod = 1.6756478537663674e-16,  Error =1.5132357589209278e-08
Completed 0 % :  mod = 1.712579844774908e-16,  Error =2.017673494947303e-08
Completed 1 % :  mod = 1.7604596601125037e-16,  Error =2.5220089128197287e-08
Completed 1 % :  mod = 1.8195987710198962e-16,  Error =3.0263741734870564e-08
Completed 1 % :  mod = 1.890388262286846e-16,  Error =3.530813330598903e-08
Completed 1 % :  mod = 1.9732572090406968e-16,  Error =4.035194933749153e-08
Completed 2 % :  mod = 2.0687464266188264e-16,  Error =4.539596432096005e-08
Completed 2 % :  mod = 2.1774859950374288e-16,  Error =5.0440675636309606e-08
Completed 2 % :  mod = 2.3001349937140104e-16,  Error =5.5483972971615e-08
Completed 2 % :  mod = 2.4374948619174495e-16,  Error =6.052727741234776e-08
Completed 3 % :  mod = 2.59047107704118e-16,  Error =6.557203846568882e-08
Completed 3 % :  mod = 2.7599908423774256e-16,  Error =7.061591134061018e-08
Completed 3 % :  mod = 2.9471625484107457e-16,  Error =7.565954973642874e-08
Completed 3 % :  mod = 3.1532194759395236e-16,  Error =8.070437473861602e-08
Completed 4 % :  mod = 3.379410487259943e-16,  Error =8.574870236088827e-08
Completed 4 % :  mod = 3.627215058487065e-16,  Error =9.079261786837378e-08
Completed 4 % :  mod = 3.898265446512076e-16,  Error =9.583781945821102e-08
Completed 4 % :  mod = 4.194204502858847e-16,  Error =1.00881287323773e-07
Completed 5 % :  mod = 4.516968326469119e-16,  Error =1.0592514598783964e-07
Completed 5 % :  mod = 4.868682493377673e-16,  Error =1.1096908991703458e-07
Completed 5 % :  mod = 5.251478800017495e-16,  Error =1.160126004151607e-07
Completed 5 % :  mod = 5.667861794187032e-16,  Error =1.2105643776294528e-07
Completed 6 % :  mod = 6.120494574562615e-16,  Error =1.2610080801778167e-07
Completed 6 % :  mod = 6.612357657455947e-16,  Error =1.3114532748659258e-07
Completed 6 % :  mod = 7.146432331558628e-16,  Error =1.3618908667467622e-07
Completed 6 % :  mod = 7.726213192491378e-16,  Error =1.4123231295570804e-07
Completed 7 % :  mod = 8.355517873685561e-16,  Error =1.462770740090491e-07
Completed 7 % :  mod = 9.038160688993344e-16,  Error =1.5132108188709026e-07
Completed 7 % :  mod = 9.77860860294008e-16,  Error =1.563648410751739e-07
Completed 7 % :  mod = 1.058173705114338e-15,  Error =1.6140942449283102e-07
Completed 8 % :  mod = 1.1452413774373209e-15,  Error =1.66452693406427e-07
Completed 8 % :  mod = 1.2396336383900036e-15,  Error =1.7149682918216058e-07
Completed 8 % :  mod = 1.3419719849557493e-15,  Error =1.7654123496413376e-07
Completed 8 % :  mod = 1.452876710880322e-15,  Error =1.8158548442670508e-07
Completed 9 % :  mod = 1.5730735669589857e-15,  Error =1.8662880307829255e-07
Completed 9 % :  mod = 1.7033539225189374e-15,  Error =1.9167375597817227e-07
Completed 9 % :  mod = 1.8445074561819015e-15,  Error =1.9671763595852099e-07
Completed 9 % :  mod = 1.997457851896787e-15,  Error =2.0176103987523675e-07
Completed 10 % :  mod = 2.1632121419853857e-15,  Error =2.0680538881379107e-07
Completed 10 % :  mod = 2.3427750208468847e-15,  Error =2.1184953880037938e-07
Completed 10 % :  mod = 2.537321507950595e-15,  Error =2.1689314166906115e-07
Completed 10 % :  mod = 2.7481325146021367e-15,  Error =2.219380732526588e-07
Completed 11 % :  mod = 2.976485829707112e-15,  Error =2.269817898081783e-07
Completed 11 % :  mod = 3.223875757316845e-15,  Error =2.3202530030630442e-07
Completed 11 % :  mod = 3.4918845272662556e-15,  Error =2.3706878948814847e-07
Completed 11 % :  mod = 3.782276722597073e-15,  Error =2.4211344396007917e-07
Completed 12 % :  mod = 4.096812487131172e-15,  Error =2.471568549822223e-07
Completed 12 % :  mod = 4.437550109534514e-15,  Error =2.5220029442607483e-07
Completed 12 % :  mod = 4.806733017882664e-15,  Error =2.5724533259108284e-07
Completed 12 % :  mod = 5.206598931050601e-15,  Error =2.622894754722438e-07
Completed 13 % :  mod = 5.639764535902956e-15,  Error =2.673327870184039e-07
Completed 13 % :  mod = 6.109081788392328e-15,  Error =2.723777967617025e-07
Completed 13 % :  mod = 6.6173953663676e-15,  Error =2.774216483203418e-07
Completed 13 % :  mod = 7.16803161593062e-15,  Error =2.82465379086716e-07
Completed 14 % :  mod = 7.764615930739867e-15,  Error =2.8750916669650906e-07
Completed 14 % :  mod = 8.410764400429683e-15,  Error =2.9255294720087477e-07
Completed 14 % :  mod = 9.110705316279042e-15,  Error =2.975967277052405e-07
Completed 14 % :  mod = 9.869047119080675e-15,  Error =3.0264128980661553e-07
Completed 15 % :  mod = 1.0690386348152663e-14,  Error =3.076847931993143e-07
Completed 15 % :  mod = 1.158009772031557e-14,  Error =3.1272857370368e-07
Completed 15 % :  mod = 1.2544039151961042e-14,  Error =3.177734839709956e-07
Completed 15 % :  mod = 1.3588053344940916e-14,  Error =3.2281775474984897e-07
Completed 16 % :  mod = 1.4718972179820977e-14,  Error =3.2786157788677883e-07
Completed 16 % :  mod = 1.5944241696024364e-14,  Error =3.329065236812312e-07
Completed 16 % :  mod = 1.7271288568572678e-14,  Error =3.379502899747422e-07
Completed 16 % :  mod = 1.87087968125061e-14,  Error =3.429943546962022e-07
Completed 17 % :  mod = 2.0265960240583587e-14,  Error =3.4803775861291797e-07
Completed 17 % :  mod = 2.1953031271511397e-14,  Error =3.5308164569869405e-07
Completed 17 % :  mod = 2.3780235682214322e-14,  Error =3.581250709316919e-07
Completed 17 % :  mod = 2.5759530430743858e-14,  Error =3.6316921381285283e-07
Completed 18 % :  mod = 2.7903947264267105e-14,  Error =3.682138753902109e-07
Completed 18 % :  mod = 3.022648401942346e-14,  Error =3.7325811774735485e-07
Completed 18 % :  mod = 3.274233898889507e-14,  Error =3.783023743153535e-07
Completed 18 % :  mod = 3.5468076642654023e-14,  Error =3.8334636798253996e-07
Completed 19 % :  mod = 3.842021828538953e-14,  Error =3.883903616497264e-07
Completed 19 % :  mod = 4.161808219949417e-14,  Error =3.934344263711864e-07
Completed 19 % :  mod = 4.50827231490606e-14,  Error =3.9847934374392935e-07
Completed 19 % :  mod = 4.883514098222928e-14,  Error =4.0352347951966294e-07
Completed 20 % :  mod = 5.2899890743615745e-14,  Error =4.0856719607518244e-07
Completed 20 % :  mod = 5.730373462949173e-14,  Error =4.1361226976732723e-07
Completed 20 % :  mod = 6.207336498470705e-14,  Error =4.186560218499835e-07
Completed 20 % :  mod = 6.72399930633563e-14,  Error =4.237002073637086e-07
Completed 21 % :  mod = 7.283763545269221e-14,  Error =4.287452952667081e-07
Completed 21 % :  mod = 7.890021991126457e-14,  Error =4.33789217879621e-07
Completed 21 % :  mod = 8.546741797358514e-14,  Error =4.388327354831745e-07
Completed 21 % :  mod = 9.258246680185355e-14,  Error =4.4387739706053253e-07
Completed 22 % :  mod = 1.002884904998437e-13,  Error =4.489207867663936e-07
Completed 22 % :  mod = 1.0863591368243761e-13,  Error =4.539650504398196e-07
Completed 22 % :  mod = 1.1767969287011367e-13,  Error =4.590093851675192e-07
Completed 22 % :  mod = 1.2747464051857624e-13,  Error =4.640533006750047e-07
Completed 23 % :  mod = 1.380848480855003e-13,  Error =4.690967188025752e-07
Completed 23 % :  mod = 1.495781680079784e-13,  Error =4.741405987829239e-07
Completed 23 % :  mod = 1.6203026408917028e-13,  Error =4.791854948393848e-07
Completed 23 % :  mod = 1.7551660051509734e-13,  Error =4.842289200723826e-07
Completed 24 % :  mod = 1.9012541598061516e-13,  Error =4.892722103022606e-07
Completed 24 % :  mod = 2.0595287754358926e-13,  Error =4.943169074067555e-07
Completed 24 % :  mod = 2.2309489651904305e-13,  Error =4.99360524486292e-07
Completed 24 % :  mod = 2.4166361887221096e-13,  Error =5.044043334123671e-07
Completed 25 % :  mod = 2.6178126470862196e-13,  Error =5.094491015711355e-07
Completed 25 % :  mod = 2.8356972493577356e-13,  Error =5.144927683886635e-07
Completed 25 % :  mod = 3.0717152031193274e-13,  Error =5.195369539023886e-07
Completed 25 % :  mod = 3.327419695747267e-13,  Error =5.245816936394476e-07
Completed 26 % :  mod = 3.604359644668078e-13,  Error =5.296252112430011e-07
Completed 26 % :  mod = 3.904346072769375e-13,  Error =5.346684517348876e-07
Completed 26 % :  mod = 4.2293525302568764e-13,  Error =5.397123601369458e-07
Completed 26 % :  mod = 4.581346964426872e-13,  Error =5.447561477467389e-07
Completed 27 % :  mod = 4.96263024025945e-13,  Error =5.497993313952065e-07
Completed 27 % :  mod = 5.375709509032173e-13,  Error =5.548439148128637e-07
Completed 27 % :  mod = 5.8230844403699e-13,  Error =5.598881287482982e-07
Completed 27 % :  mod = 6.307677377252804e-13,  Error =5.649322574186044e-07
Completed 28 % :  mod = 6.832672255564851e-13,  Error =5.699763505617739e-07
Completed 28 % :  mod = 7.401242762175617e-13,  Error =5.7501948447225e-07
Completed 28 % :  mod = 8.017098826246267e-13,  Error =5.800633147146073e-07
Completed 28 % :  mod = 8.684165616570667e-13,  Error =5.851061715134165e-07
Completed 29 % :  mod = 9.40681778247216e-13,  Error =5.90150484924834e-07
Completed 29 % :  mod = 1.0189413472100342e-12,  Error =5.951941233206526e-07
Completed 29 % :  mod = 1.103704590922676e-12,  Error =6.002373922342485e-07
Completed 29 % :  mod = 1.1955260328596678e-12,  Error =6.052817198565208e-07
Completed 30 % :  mod = 1.2949577038829718e-12,  Error =6.103254790446044e-07
Completed 30 % :  mod = 1.402644529163895e-12,  Error =6.153686697984995e-07
Completed 30 % :  mod = 1.5192882148563006e-12,  Error =6.204131750564557e-07
Completed 30 % :  mod = 1.6455864891273155e-12,  Error =6.254566073948808e-07
Completed 31 % :  mod = 1.7823540507577357e-12,  Error =6.304996205130919e-07
Completed 31 % :  mod = 1.9304763933132694e-12,  Error =6.355442607741679e-07
Completed 31 % :  mod = 2.0908322976404754e-12,  Error =6.405879560134053e-07
Completed 31 % :  mod = 2.2644469627817212e-12,  Error =6.456312817704202e-07
Completed 32 % :  mod = 2.452432757096013e-12,  Error =6.506749414825208e-07
Completed 32 % :  mod = 2.6558901358864e-12,  Error =6.557172795851329e-07
Completed 32 % :  mod = 2.8761010522333396e-12,  Error =6.607596461094545e-07
Completed 32 % :  mod = 3.114452521296008e-12,  Error =6.658030926587344e-07
Completed 33 % :  mod = 3.372309542153217e-12,  Error =6.708444146852344e-07
Completed 33 % :  mod = 3.651258445934901e-12,  Error =6.758860564559654e-07
Completed 33 % :  mod = 3.953007478773903e-12,  Error =6.809292116827237e-07
Completed 33 % :  mod = 4.27922301345211e-12,  Error =6.859706687123435e-07
Completed 34 % :  mod = 4.631833860564103e-12,  Error =6.910116709946124e-07
Completed 34 % :  mod = 5.012834253624366e-12,  Error =6.960511598208541e-07
Completed 34 % :  mod = 5.424402096258504e-12,  Error =7.010908333882071e-07
Completed 34 % :  mod = 5.868614170756848e-12,  Error =7.06129014815815e-07
Completed 35 % :  mod = 6.347849690488889e-12,  Error =7.111668764991919e-07
Completed 35 % :  mod = 6.864596712644693e-12,  Error =7.162051645082101e-07
Completed 35 % :  mod = 7.421146640971388e-12,  Error =7.212407311385505e-07
Completed 35 % :  mod = 8.020083509718327e-12,  Error =7.262748482617098e-07
Completed 36 % :  mod = 8.664018380739583e-12,  Error =7.313091217042711e-07
Completed 36 % :  mod = 9.355183638053286e-12,  Error =7.363412066752062e-07
Completed 36 % :  mod = 1.0096011723006831e-11,  Error =7.413707834302841e-07
Completed 36 % :  mod = 1.0888764910291363e-11,  Error =7.463983422439924e-07
Completed 37 % :  mod = 1.1734994147107863e-11,  Error =7.514222843951757e-07
Completed 37 % :  mod = 1.2636201984735299e-11,  Error =7.564431356854584e-07
Completed 37 % :  mod = 1.3593326611888372e-11,  Error =7.61460626108601e-07
Completed 37 % :  mod = 1.4606030271633664e-11,  Error =7.664727732503707e-07
Completed 38 % :  mod = 1.5673436522857403e-11,  Error =7.714813534676068e-07
Completed 38 % :  mod = 1.6793437920858805e-11,  Error =7.764844980329144e-07
Completed 38 % :  mod = 1.7961813783388832e-11,  Error =7.814808213879587e-07
Completed 38 % :  mod = 1.9173057002884273e-11,  Error =7.864715527716726e-07
Completed 39 % :  mod = 2.0419545286212927e-11,  Error =7.914545179232846e-07
Completed 39 % :  mod = 2.169060666686981e-11,  Error =7.964297239482221e-07
Completed 39 % :  mod = 2.2973547195558407e-11,  Error =8.013955721253296e-07
Completed 39 % :  mod = 2.425290300846301e-11,  Error =8.063533414315316e-07
Completed 40 % :  mod = 2.5509799523559152e-11,  Error =8.11301006820031e-07
Completed 40 % :  mod = 2.6723437417868044e-11,  Error =8.162392433064269e-07
Completed 40 % :  mod = 2.787066622948884e-11,  Error =8.21166970865761e-07
Completed 40 % :  mod = 2.89270631822651e-11,  Error =8.260865058673517e-07
Completed 41 % :  mod = 2.986720595872614e-11,  Error =8.309962851171804e-07
Completed 41 % :  mod = 3.066693729205265e-11,  Error =8.358980139178129e-07
Completed 41 % :  mod = 3.130408760762514e-11,  Error =8.407936391563453e-07
Completed 41 % :  mod = 3.175965823918568e-11,  Error =8.456835942638463e-07
Completed 42 % :  mod = 3.2019754290424725e-11,  Error =8.505700535010874e-07
Completed 42 % :  mod = 3.207614492285088e-11,  Error =8.554570030128161e-07
Completed 42 % :  mod = 3.1927007140531987e-11,  Error =8.603423538033894e-07
Completed 42 % :  mod = 3.1577122544690874e-11,  Error =8.652302696532388e-07
Completed 43 % :  mod = 3.1037332782931686e-11,  Error =8.701232658836489e-07
Completed 43 % :  mod = 3.032413877016471e-11,  Error =8.750209872232517e-07
Completed 43 % :  mod = 2.945799191539193e-11,  Error =8.799254942459811e-07
Completed 43 % :  mod = 2.8462092533465647e-11,  Error =8.848403822980799e-07
Completed 44 % :  mod = 2.7361607265449807e-11,  Error =8.897640952909569e-07
Completed 44 % :  mod = 2.6181366282498756e-11,  Error =8.946965621703384e-07
Completed 44 % :  mod = 2.4945202464480588e-11,  Error =8.996395592930639e-07
Completed 44 % :  mod = 2.3675786116741085e-11,  Error =9.045918432093458e-07
Completed 45 % :  mod = 2.239280485040433e-11,  Error =9.095528668012776e-07
Completed 45 % :  mod = 2.1113250518458036e-11,  Error =9.145241293140316e-07
Completed 45 % :  mod = 1.9851964665180144e-11,  Error =9.195025754138442e-07
Completed 45 % :  mod = 1.8620412562614792e-11,  Error =9.244883543146898e-07
Completed 46 % :  mod = 1.7427721305812893e-11,  Error =9.29481338118876e-07
Completed 46 % :  mod = 1.6280530803904942e-11,  Error =9.344814912992661e-07
Completed 46 % :  mod = 1.5184043654388974e-11,  Error =9.394862345857291e-07
Completed 46 % :  mod = 1.4141174228058847e-11,  Error =9.44496974852882e-07
Completed 47 % :  mod = 1.3153454678623516e-11,  Error =9.495115804725174e-07
Completed 47 % :  mod = 1.2221758777215108e-11,  Error =9.545300088120712e-07
Completed 47 % :  mod = 1.1345551081286563e-11,  Error =9.595522243444066e-07
Completed 47 % :  mod = 1.0523631683220181e-11,  Error =9.64579108142516e-07
Completed 48 % :  mod = 9.754683039560107e-12,  Error =9.696069298570364e-07
Completed 48 % :  mod = 9.036592851360445e-12,  Error =9.746369826757473e-07
Completed 48 % :  mod = 8.36702406298415e-12,  Error =9.796698705599738e-07
Completed 48 % :  mod = 7.743808517809213e-12,  Error =9.847037176768936e-07
Completed 49 % :  mod = 7.164352180431236e-12,  Error =9.897386377133444e-07
Completed 49 % :  mod = 6.62606274899149e-12,  Error =9.947757888539854e-07
Completed 49 % :  mod = 6.126631600634024e-12,  Error =9.998133236877038e-07
Completed 49 % :  mod = 5.663528220393774e-12,  Error =1.0048514980098844e-06
Completed 50 % :  mod = 5.234321714849431e-12,  Error =1.0098918892254005e-06
Completed 50 % :  mod = 4.8368856083140875e-12,  Error =1.0149317617447196e-06
Completed 50 % :  mod = 4.468979227963478e-12,  Error =1.0199724655990394e-06
Completed 50 % :  mod = 4.128491782244237e-12,  Error =1.0250136028844281e-06
Completed 51 % :  mod = 3.813594032627575e-12,  Error =1.030055358341997e-06
Completed 51 % :  mod = 3.522397969144773e-12,  Error =1.0350964672056762e-06
Completed 51 % :  mod = 3.2531872460097953e-12,  Error =1.0401384713532025e-06
Completed 51 % :  mod = 3.0043152884920912e-12,  Error =1.0451814276279947e-06
Completed 52 % :  mod = 2.774364431332858e-12,  Error =1.0502234033538116e-06
Completed 52 % :  mod = 2.5618922965886803e-12,  Error =1.0552658338269794e-06
Completed 52 % :  mod = 2.3655648414006863e-12,  Error =1.0603098345995932e-06
Completed 52 % :  mod = 2.184236494346116e-12,  Error =1.0653529685100693e-06
Completed 53 % :  mod = 2.0167483943615817e-12,  Error =1.07039563346234e-06
Completed 53 % :  mod = 1.8620320485924317e-12,  Error =1.0754397052892273e-06
Completed 53 % :  mod = 1.7191713713571408e-12,  Error =1.0804826402477374e-06
Completed 53 % :  mod = 1.5872428507882329e-12,  Error =1.0855258878450513e-06
Completed 54 % :  mod = 1.4653965948714877e-12,  Error =1.0905703362595887e-06
Completed 54 % :  mod = 1.3529046416405599e-12,  Error =1.0956139604445525e-06
Completed 54 % :  mod = 1.2490346721536471e-12,  Error =1.1006570375116098e-06
Completed 54 % :  mod = 1.153113522791354e-12,  Error =1.1057012372361896e-06
Completed 55 % :  mod = 1.0645649475254836e-12,  Error =1.1107461688197873e-06
Completed 55 % :  mod = 9.828099994761228e-13,  Error =1.1157905959180425e-06
Completed 55 % :  mod = 9.073168755386008e-13,  Error =1.1208352574954006e-06
Completed 55 % :  mod = 8.376305048309216e-13,  Error =1.1258785264089965e-06
Completed 56 % :  mod = 7.732940472076525e-13,  Error =1.1309223495459264e-06
Completed 56 % :  mod = 7.138880474513826e-13,  Error =1.1359670466504213e-06
Completed 56 % :  mod = 6.590536541145408e-13,  Error =1.141011146899018e-06
Completed 56 % :  mod = 6.084307982090737e-13,  Error =1.1460551476716319e-06
Completed 57 % :  mod = 5.616889672447157e-13,  Error =1.1510999655683918e-06
Completed 57 % :  mod = 5.185454426965645e-13,  Error =1.1561434689610905e-06
Completed 57 % :  mod = 4.787166343591151e-13,  Error =1.1611877184236619e-06
Completed 57 % :  mod = 4.419481793080066e-13,  Error =1.166231527349737e-06
Completed 58 % :  mod = 4.0799975954256127e-13,  Error =1.17127644472248e-06
Completed 58 % :  mod = 3.7666583303176205e-13,  Error =1.1763203744408202e-06
Completed 58 % :  mod = 3.477402749315371e-13,  Error =1.1813637144086897e-06
Completed 58 % :  mod = 3.2103394140414845e-13,  Error =1.186408816522544e-06
Completed 59 % :  mod = 2.9638506944916865e-13,  Error =1.1914521493849861e-06
Completed 59 % :  mod = 2.736314566322085e-13,  Error =1.196495517774565e-06
Completed 59 % :  mod = 2.5262427521109527e-13,  Error =1.201540136719359e-06
Completed 59 % :  mod = 2.332362491781195e-13,  Error =1.206583682744622e-06
Completed 60 % :  mod = 2.153397687491472e-13,  Error =1.211627548514116e-06
Completed 60 % :  mod = 1.9881775550214782e-13,  Error =1.2166724445705768e-06
Completed 60 % :  mod = 1.8357009143925808e-13,  Error =1.2217159905958397e-06
Completed 60 % :  mod = 1.6949640516741463e-13,  Error =1.2267600837390091e-06
Completed 61 % :  mod = 1.5650461712598074e-13,  Error =1.2318049726900426e-06
Completed 61 % :  mod = 1.4451599340929144e-13,  Error =1.2368484618718867e-06
Completed 61 % :  mod = 1.3345160951799826e-13,  Error =1.2418916881529185e-06
Completed 61 % :  mod = 1.2323907022107878e-13,  Error =1.2469366268419435e-06
Completed 62 % :  mod = 1.138164808075127e-13,  Error =1.2519811534161818e-06
Completed 62 % :  mod = 1.051218063174967e-13,  Error =1.2570248273391371e-06
Completed 62 % :  mod = 9.709815474449979e-14,  Error =1.2620686433706396e-06
Completed 62 % :  mod = 8.96968956100355e-14,  Error =1.2671121680796205e-06
Completed 63 % :  mod = 8.286929972029666e-14,  Error =1.272157234666338e-06
Completed 63 % :  mod = 7.657170188739e-14,  Error =1.2772017043971573e-06
Completed 63 % :  mod = 7.076289433552255e-14,  Error =1.2822464015016521e-06
Completed 63 % :  mod = 6.540766944096389e-14,  Error =1.2872899617377698e-06
Completed 64 % :  mod = 6.047076728402258e-14,  Error =1.2923338559289732e-06
Completed 64 % :  mod = 5.591988395567967e-14,  Error =1.2973783256597926e-06
Completed 64 % :  mod = 5.172743584853225e-14,  Error =1.3024216372059527e-06
Completed 64 % :  mod = 4.7865817926546634e-14,  Error =1.3074648279598478e-06
Completed 65 % :  mod = 4.4309762925022306e-14,  Error =1.3125097950705822e-06
Completed 65 % :  mod = 4.1037716870990264e-14,  Error =1.3175538455811875e-06
Completed 65 % :  mod = 3.802813389454279e-14,  Error =1.3225976474018353e-06
Completed 65 % :  mod = 3.526132279917405e-14,  Error =1.3276428347808178e-06
Completed 66 % :  mod = 3.272051331335783e-14,  Error =1.3326873542496287e-06
Completed 66 % :  mod = 3.038897319323201e-14,  Error =1.337731326600533e-06
Completed 66 % :  mod = 2.8251449001343428e-14,  Error =1.3427770113594306e-06
Completed 66 % :  mod = 2.6294984679567287e-14,  Error =1.347820507646702e-06
Completed 67 % :  mod = 2.4506694332944403e-14,  Error =1.3528639399851272e-06
Completed 67 % :  mod = 2.2874880490653522e-14,  Error =1.3579087720927419e-06
Completed 67 % :  mod = 2.138965231081585e-14,  Error =1.362952957606467e-06
Completed 67 % :  mod = 2.004122528437957e-14,  Error =1.3679971360147647e-06
Completed 68 % :  mod = 1.8820781666635245e-14,  Error =1.3730418686463963e-06
Completed 68 % :  mod = 1.772092401543432e-14,  Error =1.3780847467614876e-06
Completed 68 % :  mod = 1.673440357687658e-14,  Error =1.383127646192861e-06
Completed 68 % :  mod = 1.5854910926770114e-14,  Error =1.3881716611763295e-06
Completed 69 % :  mod = 1.5076699226516744e-14,  Error =1.3932162801211234e-06
Completed 69 % :  mod = 1.4395051537816797e-14,  Error =1.398260295104592e-06
Completed 69 % :  mod = 1.3805469915284153e-14,  Error =1.4033036563887435e-06
Completed 69 % :  mod = 1.3304106973144981e-14,  Error =1.40834902140341e-06
Completed 70 % :  mod = 1.2887923833256064e-14,  Error =1.413392666904656e-06
Completed 70 % :  mod = 1.2554167665008602e-14,  Error =1.4184364474090216e-06
Completed 70 % :  mod = 1.2300668099917263e-14,  Error =1.4234807110824477e-06
Completed 70 % :  mod = 1.2125888625230507e-14,  Error =1.4285240794720266e-06
Completed 71 % :  mod = 1.2028662397694091e-14,  Error =1.4335680589283584e-06
Completed 71 % :  mod = 1.2008370603853656e-14,  Error =1.438612471815759e-06
Completed 71 % :  mod = 1.206489024805257e-14,  Error =1.4436564867992274e-06
Completed 71 % :  mod = 1.2198573008506406e-14,  Error =1.448700402306713e-06
Completed 72 % :  mod = 1.2410315843733963e-14,  Error =1.4537447938778314e-06
Completed 72 % :  mod = 1.2701402181169189e-14,  Error =1.4587881622674104e-06
Completed 72 % :  mod = 1.3073722570122815e-14,  Error =1.4638323833082723e-06
Completed 72 % :  mod = 1.3529741582667138e-14,  Error =1.4688770306747756e-06
Completed 73 % :  mod = 1.4072223256105593e-14,  Error =1.473920704597731e-06
Completed 73 % :  mod = 1.470470629861869e-14,  Error =1.4789646627377806e-06
Completed 73 % :  mod = 1.5431365388394383e-14,  Error =1.484008933516634e-06
Completed 73 % :  mod = 1.625660500008166e-14,  Error =1.4890536448319835e-06
Completed 74 % :  mod = 1.7185816570974894e-14,  Error =1.4940977024480162e-06
Completed 74 % :  mod = 1.8225126223334722e-14,  Error =1.4991423142873828e-06
Completed 74 % :  mod = 1.9380833490961263e-14,  Error =1.5041863079545692e-06
Completed 74 % :  mod = 2.0660494228121418e-14,  Error =1.509230031615516e-06
Completed 75 % :  mod = 2.2072292700933476e-14,  Error =1.5142739258067195e-06
Completed 75 % :  mod = 2.362553020243797e-14,  Error =1.5193185731732228e-06
Completed 75 % :  mod = 2.53296213005123e-14,  Error =1.5243627373706659e-06
Completed 75 % :  mod = 2.7195712270092332e-14,  Error =1.5294065107696042e-06
Completed 76 % :  mod = 2.9236094197826164e-14,  Error =1.5344512291903811e-06
Completed 76 % :  mod = 3.146313435679823e-14,  Error =1.5394954075986789e-06
Completed 76 % :  mod = 3.3891402186538424e-14,  Error =1.5445396073232587e-06
Completed 76 % :  mod = 3.6536889123410195e-14,  Error =1.5495837004664281e-06
Completed 77 % :  mod = 3.941563008292323e-14,  Error =1.5546274809707938e-06
Completed 77 % :  mod = 4.2546459931591307e-14,  Error =1.5596715599031086e-06
Completed 77 % :  mod = 4.594999494842478e-14,  Error =1.5647160367393553e-06
Completed 77 % :  mod = 4.9646864671260353e-14,  Error =1.5697599309305588e-06
Completed 78 % :  mod = 5.3661258207300083e-14,  Error =1.5748038322271896e-06
Completed 78 % :  mod = 5.801960844264958e-14,  Error =1.579848721178223e-06
Completed 78 % :  mod = 6.274833205998022e-14,  Error =1.5848928924810934e-06
Completed 78 % :  mod = 6.787837070875519e-14,  Error =1.589936729828878e-06
Completed 79 % :  mod = 7.344350186638456e-14,  Error =1.5949806808635003e-06
Completed 79 % :  mod = 7.947745630988409e-14,  Error =1.6000244045244472e-06
Completed 79 % :  mod = 8.601971670604611e-14,  Error =1.6050681779233855e-06
Completed 79 % :  mod = 9.311335745217243e-14,  Error =1.610112846606171e-06
Completed 80 % :  mod = 1.0080137296666053e-13,  Error =1.615157032119896e-06
Completed 80 % :  mod = 1.0913406886722345e-13,  Error =1.6202012815824673e-06
Completed 80 % :  mod = 1.1816473496242908e-13,  Error =1.6252455239396113e-06
Completed 80 % :  mod = 1.2795282643298105e-13,  Error =1.6302902068332514e-06
Completed 81 % :  mod = 1.3855766606503498e-13,  Error =1.6353336320662493e-06
Completed 81 % :  mod = 1.5004864286075416e-13,  Error =1.6403777607365555e-06
Completed 81 % :  mod = 1.6250140606078361e-13,  Error =1.6454227989015635e-06
Completed 81 % :  mod = 1.7599142396000936e-13,  Error =1.6504664515082368e-06
Completed 82 % :  mod = 1.9060695864223238e-13,  Error =1.6555104096482864e-06
Completed 82 % :  mod = 2.06444222057444e-13,  Error =1.6605550712256445e-06
Completed 82 % :  mod = 2.2359918498135692e-13,  Error =1.6655993135827885e-06
Completed 82 % :  mod = 2.421840774839834e-13,  Error =1.6706425824963844e-06
Completed 83 % :  mod = 2.623212266272702e-13,  Error =1.675687968827333e-06
Completed 83 % :  mod = 2.8413264147091873e-13,  Error =1.6807316143285789e-06
Completed 83 % :  mod = 3.077609923718083e-13,  Error =1.685775977477988e-06
Completed 83 % :  mod = 3.333617731573e-13,  Error =1.6908203974708158e-06
Completed 84 % :  mod = 3.610900591760697e-13,  Error =1.6958637871766769e-06
Completed 84 % :  mod = 3.9112717636361386e-13,  Error =1.7009074113616407e-06
Completed 84 % :  mod = 4.236707328743155e-13,  Error =1.7059520516227167e-06
Completed 84 % :  mod = 4.5891778283575e-13,  Error =1.7109958321270824e-06
Completed 85 % :  mod = 4.970987230583386e-13,  Error =1.7160396410531575e-06
Completed 85 % :  mod = 5.384646141271377e-13,  Error =1.7210843665793618e-06
Completed 85 % :  mod = 5.832657727529334e-13,  Error =1.726128019186035e-06
Completed 85 % :  mod = 6.317948475163474e-13,  Error =1.7311722686486064e-06
Completed 86 % :  mod = 6.843615471073076e-13,  Error =1.7362158928335703e-06
Completed 86 % :  mod = 7.413111249139688e-13,  Error =1.7412602417721246e-06
Completed 86 % :  mod = 8.029876893760306e-13,  Error =1.7463036101617035e-06
Completed 86 % :  mod = 8.697934750565945e-13,  Error =1.7513465451202137e-06
Completed 87 % :  mod = 9.421665920391902e-13,  Error =1.7563904819439813e-06
Completed 87 % :  mod = 1.0205434994469203e-12,  Error =1.7614338148064235e-06
Completed 87 % :  mod = 1.1054342749994492e-12,  Error =1.766477531361943e-06
Completed 87 % :  mod = 1.197394266164634e-12,  Error =1.771521716875668e-06
Completed 88 % :  mod = 1.2969763233231335e-12,  Error =1.7765649147349905e-06
Completed 88 % :  mod = 1.4048263298507257e-12,  Error =1.7816081623323043e-06
Completed 88 % :  mod = 1.5216470334259412e-12,  Error =1.7866528665422265e-06
Completed 88 % :  mod = 1.6481371931208682e-12,  Error =1.7916967323117206e-06
Completed 89 % :  mod = 1.785112709867968e-12,  Error =1.7967404346563853e-06
Completed 89 % :  mod = 1.9334603783451943e-12,  Error =1.8017840659467765e-06
Completed 89 % :  mod = 2.094060258451581e-12,  Error =1.806826766426184e-06
Completed 89 % :  mod = 2.2679390355369344e-12,  Error =1.8118700282343525e-06
Completed 90 % :  mod = 2.4562106766837145e-12,  Error =1.816913943741838e-06
Completed 90 % :  mod = 2.6599771916770316e-12,  Error =1.8219569213329123e-06
Completed 90 % :  mod = 2.8805223304849935e-12,  Error =1.8269991812758235e-06
Completed 90 % :  mod = 3.1192350215176455e-12,  Error =1.8320418888606582e-06
Completed 91 % :  mod = 3.3774820890094154e-12,  Error =1.8370843264392533e-06
Completed 91 % :  mod = 3.656851954892118e-12,  Error =1.8421259255774203e-06
Completed 91 % :  mod = 3.959055051196879e-12,  Error =1.8471675460318693e-06
Completed 91 % :  mod = 4.285759761772992e-12,  Error =1.8522087259498221e-06
Completed 92 % :  mod = 4.638897161313376e-12,  Error =1.8572492734847401e-06
Completed 92 % :  mod = 5.020463665986545e-12,  Error =1.8622892596908969e-06
Completed 92 % :  mod = 5.432639409038053e-12,  Error =1.8673294448490196e-06
Completed 92 % :  mod = 5.87750297035679e-12,  Error =1.872367334954106e-06
Completed 93 % :  mod = 6.357435452426504e-12,  Error =1.8774050545289356e-06
Completed 93 % :  mod = 6.874926512139168e-12,  Error =1.8824435699116293e-06
Completed 93 % :  mod = 7.432268316505292e-12,  Error =1.887478845219448e-06
Completed 93 % :  mod = 8.032045396619075e-12,  Error =1.8925131612945734e-06
Completed 94 % :  mod = 8.676868489454754e-12,  Error =1.8975468947246554e-06
Completed 94 % :  mod = 9.368968083211385e-12,  Error =1.9025776012426832e-06
Completed 94 % :  mod = 1.0110773719435405e-11,  Error =1.907606623774427e-06
Completed 94 % :  mod = 1.0904542969797853e-11,  Error =1.912634054690443e-06
Completed 95 % :  mod = 1.1751819282578062e-11,  Error =1.917657868943934e-06
Completed 95 % :  mod = 1.2654095419469384e-11,  Error =1.9226786349690883e-06
Completed 95 % :  mod = 1.3612296423131214e-11,  Error =1.927696487769026e-06
Completed 95 % :  mod = 1.462606686974399e-11,  Error =1.9327095799326344e-06
Completed 96 % :  mod = 1.5694508600352196e-11,  Error =1.9377179043544857e-06
Completed 96 % :  mod = 1.68154872719596e-11,  Error =1.9427221289447516e-06
Completed 96 % :  mod = 1.7984749219764667e-11,  Error =1.9477187862548817e-06
Completed 96 % :  mod = 1.919674905205732e-11,  Error =1.95271004344022e-06
Completed 97 % :  mod = 2.0443820464751108e-11,  Error =1.957694202303628e-06
Completed 97 % :  mod = 2.1715242251365697e-11,  Error =1.9626701828201476e-06
Completed 97 % :  mod = 2.29982679801036e-11,  Error =1.9676362015275117e-06
Completed 97 % :  mod = 2.4277167385298473e-11,  Error =1.9725932176584138e-06
Completed 98 % :  mod = 2.5533651165936653e-11,  Error =1.9775413804268283e-06
Completed 98 % :  mod = 2.6746236674789965e-11,  Error =1.9824787145239497e-06
Completed 98 % :  mod = 2.7891950656689377e-11,  Error =1.9874068115655064e-06
Completed 98 % :  mod = 2.8946350822330866e-11,  Error =1.992326467359362e-06
Completed 99 % :  mod = 2.988401741883333e-11,  Error =1.9972363602960286e-06
Completed 99 % :  mod = 3.0680819730644117e-11,  Error =2.0021380393586696e-06
Completed 99 % :  mod = 3.131464139943265e-11,  Error =2.0070340482902793e-06
Completed 99 % :  mod = 3.1766565032938214e-11,  Error =2.011923939448934e-06
Completed 100 % :  mod = 3.20227980867765e-11,  Error =2.01680990130626e-06
Finished 19/21 frames
Finished all frames!
