/opt/local/miniconda_23_9/lib/python3.11/site-packages/conda/base/context.py:201: FutureWarning: Adding 'defaults' to channel list implicitly is deprecated and will be removed in 25.3. 

To remove this warning, please choose a default channel explicitly with conda's regular configuration system, e.g. by adding 'defaults' to the list of channels:

  conda config --add channels defaults

For more information see https://docs.conda.io/projects/conda/en/stable/user-guide/configuration/use-condarc.html

  deprecated.topic(
JOB 14506 ARRAY_ID 3  -> i=3 ; range=[1.95e-10, 2.05e-10] ; intervals=20 (frames=21)
Analytic t0 extension enabled (--extend-time-using-t0).
Completed 0 % :  mod = 1.5714285720033531e-16,  Error =-1.4210854715202004e-14
Completed 0 % :  mod = 1.5705559502238495e-16,  Error =1.822755280045385e-09
Completed 0 % :  mod = 1.5679390650943645e-16,  Error =3.6454892438086972e-09
Completed 0 % :  mod = 1.563580802958248e-16,  Error =5.467995833896566e-09
Completed 0 % :  mod = 1.5574860069579866e-16,  Error =7.290502423984435e-09
Completed 1 % :  mod = 1.5496649573976306e-16,  Error =9.112184784498822e-09
Completed 1 % :  mod = 1.5401200365573442e-16,  Error =1.093516743821965e-08
Completed 1 % :  mod = 1.528864665442566e-16,  Error =1.2757922718265036e-08
Completed 1 % :  mod = 1.5159113220728365e-16,  Error =1.458064957660099e-08
Completed 2 % :  mod = 1.501280569124208e-16,  Error =1.640223246113237e-08
Completed 2 % :  mod = 1.4849769767695646e-16,  Error =1.822482431634853e-08
Completed 2 % :  mod = 1.4670241625663585e-16,  Error =2.0047551174684486e-08
Completed 2 % :  mod = 1.4474420398538613e-16,  Error =2.186980907481484e-08
Completed 3 % :  mod = 1.426261201907028e-16,  Error =2.3691782757850888e-08
Completed 3 % :  mod = 1.4034881819017344e-16,  Error =2.5514168555673677e-08
Completed 3 % :  mod = 1.3791564341238792e-16,  Error =2.7336895414009632e-08
Completed 3 % :  mod = 1.3532929846320262e-16,  Error =2.9159807013456884e-08
Completed 4 % :  mod = 1.3259265598578856e-16,  Error =3.0982484133801336e-08
Completed 4 % :  mod = 1.297099397194498e-16,  Error =3.280449334397417e-08
Completed 4 % :  mod = 1.2668203965882668e-16,  Error =3.462726994030163e-08
Completed 4 % :  mod = 1.2351344605047684e-16,  Error =3.644969126526121e-08
Completed 5 % :  mod = 1.2020767632485882e-16,  Error =3.827204153594721e-08
Completed 5 % :  mod = 1.167698079233676e-16,  Error =4.0093702580179524e-08
Completed 5 % :  mod = 1.1320090361799397e-16,  Error =4.1916436543942837e-08
Completed 5 % :  mod = 1.0950627540753536e-16,  Error =4.373925577283444e-08
Completed 6 % :  mod = 1.056900302954319e-16,  Error =4.5561897366042103e-08
Completed 6 % :  mod = 1.0175800667754335e-16,  Error =4.7383892365360225e-08
Completed 6 % :  mod = 9.771141420211798e-17,  Error =4.920649132600374e-08
Completed 6 % :  mod = 9.355630307495117e-17,  Error =5.102942424173307e-08
Completed 7 % :  mod = 8.929728855027066e-17,  Error =5.2852293208616175e-08
Completed 7 % :  mod = 8.494086565024621e-17,  Error =5.467460084673803e-08
Completed 7 % :  mod = 8.048837792298776e-17,  Error =5.649655321349201e-08
Completed 7 % :  mod = 7.594650025074952e-17,  Error =5.8318939011314797e-08
Completed 8 % :  mod = 7.132027424766621e-17,  Error =6.014109033003479e-08
Completed 8 % :  mod = 6.66148392902812e-17,  Error =6.196410140546504e-08
Completed 8 % :  mod = 6.183735157656763e-17,  Error =6.378599692880016e-08
Completed 8 % :  mod = 5.698928596955768e-17,  Error =6.560860299487103e-08
Completed 9 % :  mod = 5.207792651832791e-17,  Error =6.743120195551455e-08
Completed 9 % :  mod = 4.710873132245147e-17,  Error =6.925355222620055e-08
Completed 9 % :  mod = 4.208923837545298e-17,  Error =7.107536958983474e-08
Completed 9 % :  mod = 3.702099817569188e-17,  Error =7.289830250556406e-08
Completed 10 % :  mod = 3.191164435945112e-17,  Error =7.47208801499255e-08
Completed 10 % :  mod = 2.6766845285275784e-17,  Error =7.654330147488508e-08
Completed 10 % :  mod = 2.1594401369739834e-17,  Error =7.8365431477323e-08
Completed 10 % :  mod = 1.6395906434787292e-17,  Error =8.0187781748009e-08
Completed 11 % :  mod = 1.1179198688806346e-17,  Error =8.201021017839594e-08
Completed 11 % :  mod = 5.950077753565547e-18,  Error =8.383268834677438e-08
Completed 11 % :  mod = 7.164484254923915e-19,  Error =8.56542143878869e-08
Completed 11 % :  mod = 4.520077068700465e-18,  Error =8.747667834541062e-08
Completed 12 % :  mod = 9.751582093563007e-18,  Error =8.929936967660979e-08
Completed 12 % :  mod = 1.4972254361123555e-17,  Error =9.112154231161185e-08
Completed 12 % :  mod = 2.0176300763660882e-17,  Error =9.294426206452044e-08
Completed 12 % :  mod = 2.5355866549174548e-17,  Error =9.476614337700084e-08
Completed 13 % :  mod = 3.050935246734776e-17,  Error =9.65888204973453e-08
Completed 13 % :  mod = 3.562895562006473e-17,  Error =9.841153314482654e-08
Completed 13 % :  mod = 4.0708989295710515e-17,  Error =1.0023364183098238e-07
Completed 13 % :  mod = 4.574180129813718e-17,  Error =1.0205536682406091e-07
Completed 14 % :  mod = 5.0725843507129544e-17,  Error =1.0387769577846484e-07
Completed 14 % :  mod = 5.565354716838396e-17,  Error =1.0570101949269883e-07
Completed 14 % :  mod = 6.051943986176292e-17,  Error =1.0752385293244515e-07
Completed 14 % :  mod = 6.531621510091576e-17,  Error =1.0934603977830193e-07
Completed 15 % :  mod = 7.00423838056435e-17,  Error =1.111683616272785e-07
Completed 15 % :  mod = 7.469076061985643e-17,  Error =1.1299079005766544e-07
Completed 15 % :  mod = 7.925619210494075e-17,  Error =1.1481338901830895e-07
Completed 15 % :  mod = 8.37318178833899e-17,  Error =1.166355474424563e-07
Completed 16 % :  mod = 8.81162627674355e-17,  Error =1.1845783376429608e-07
Completed 16 % :  mod = 9.240285115104032e-17,  Error =1.2028016982412737e-07
Completed 16 % :  mod = 9.658681004697355e-17,  Error =1.2210276167934353e-07
Completed 16 % :  mod = 1.0066350000597454e-16,  Error =1.2392546011597005e-07
Completed 17 % :  mod = 1.046268316345664e-16,  Error =1.2574749064242496e-07
Completed 17 % :  mod = 1.0847556979699823e-16,  Error =1.2756997591623076e-07
Completed 17 % :  mod = 1.1220383504857236e-16,  Error =1.2939220539465168e-07
Completed 17 % :  mod = 1.1580749267529817e-16,  Error =1.3121479724986784e-07
Completed 18 % :  mod = 1.1928115886876126e-16,  Error =1.3303628776384357e-07
Completed 18 % :  mod = 1.226237712188624e-16,  Error =1.348593201555559e-07
Completed 18 % :  mod = 1.2583020213638194e-16,  Error =1.366816562153872e-07
Completed 18 % :  mod = 1.2889687721879668e-16,  Error =1.385042054380392e-07
Completed 19 % :  mod = 1.3181925689890493e-16,  Error =1.4032662676299879e-07
Completed 19 % :  mod = 1.3459644358234448e-16,  Error =1.4214911203680458e-07
Completed 19 % :  mod = 1.3722413861826707e-16,  Error =1.4397182468428582e-07
Completed 19 % :  mod = 1.3969943519060259e-16,  Error =1.4579413232240768e-07
Completed 20 % :  mod = 1.420195846815731e-16,  Error =1.4761670996676912e-07
Completed 20 % :  mod = 1.4418116256344265e-16,  Error =1.494382786404458e-07
Completed 20 % :  mod = 1.461835158805152e-16,  Error =1.5126080654681573e-07
Completed 20 % :  mod = 1.4802351990632804e-16,  Error =1.5308348366716018e-07
Completed 21 % :  mod = 1.4969912033782989e-16,  Error =1.549063171069065e-07
Completed 21 % :  mod = 1.5120789762003024e-16,  Error =1.5672866027216514e-07
Completed 21 % :  mod = 1.5254938196603997e-16,  Error =1.585515718716124e-07
Completed 21 % :  mod = 1.5372143723362593e-16,  Error =1.6037384398259746e-07
Completed 22 % :  mod = 1.5472277421010467e-16,  Error =1.621962226749929e-07
Completed 22 % :  mod = 1.5555197603848447e-16,  Error =1.6401828162315724e-07
Completed 22 % :  mod = 1.562087825187639e-16,  Error =1.6584089479465547e-07
Completed 22 % :  mod = 1.566921086484732e-16,  Error =1.6766323085448676e-07
Completed 23 % :  mod = 1.570014094706851e-16,  Error =1.6948597902910478e-07
Completed 23 % :  mod = 1.5713632107762886e-16,  Error =1.7130733453996072e-07
Completed 23 % :  mod = 1.5709681084736905e-16,  Error =1.7312964217808258e-07
Completed 23 % :  mod = 1.5688282671922589e-16,  Error =1.749520066596233e-07
Completed 24 % :  mod = 1.5649460309550544e-16,  Error =1.7677441377372816e-07
Completed 24 % :  mod = 1.5593258127706452e-16,  Error =1.7859739642744898e-07
Completed 24 % :  mod = 1.5519770709323478e-16,  Error =1.804196116950152e-07
Completed 24 % :  mod = 1.5429020496845617e-16,  Error =1.8224212539053042e-07
Completed 25 % :  mod = 1.5321135206959446e-16,  Error =1.8406458934805414e-07
Completed 25 % :  mod = 1.519623383993584e-16,  Error =1.8588727357382595e-07
Completed 25 % :  mod = 1.5054515425769938e-16,  Error =1.877089133017762e-07
Completed 25 % :  mod = 1.489602434787148e-16,  Error =1.8953184621750552e-07
Completed 26 % :  mod = 1.4720989414737655e-16,  Error =1.9135477913323484e-07
Completed 26 % :  mod = 1.4529605091360598e-16,  Error =1.9317714361477556e-07
Completed 26 % :  mod = 1.432217100323769e-16,  Error =1.949994370420427e-07
Completed 26 % :  mod = 1.4098750377987003e-16,  Error =1.968220573189683e-07
Completed 27 % :  mod = 1.385967138917681e-16,  Error =1.9864490496956932e-07
Completed 27 % :  mod = 1.3605200208018592e-16,  Error =2.0046745419222134e-07
Completed 27 % :  mod = 1.3335729729793678e-16,  Error =2.0228929997756495e-07
Completed 27 % :  mod = 1.3051343267099388e-16,  Error =2.0411153656141323e-07
Completed 28 % :  mod = 1.2752462196079514e-16,  Error =2.0593392235923602e-07
Completed 28 % :  mod = 1.243941785943805e-16,  Error =2.0775632947334088e-07
Completed 28 % :  mod = 1.2112558024584028e-16,  Error =2.095790279099674e-07
Completed 28 % :  mod = 1.1772385395025093e-16,  Error =2.114008452736016e-07
Completed 29 % :  mod = 1.141900412314012e-16,  Error =2.1322336607454417e-07
Completed 29 % :  mod = 1.1052940755917911e-16,  Error =2.150459650351877e-07
Completed 29 % :  mod = 1.0674602333428266e-16,  Error =2.1686850715241235e-07
Completed 29 % :  mod = 1.0284567313413301e-16,  Error =2.1869067268198705e-07
Completed 30 % :  mod = 9.882955781818443e-17,  Error =2.2051342796203244e-07
Completed 30 % :  mod = 9.470368706038228e-17,  Error =2.223362045583599e-07
Completed 30 % :  mod = 9.047263527291155e-17,  Error =2.241584198259261e-07
Completed 30 % :  mod = 8.614285916913988e-17,  Error =2.2598017324071407e-07
Completed 31 % :  mod = 8.17156970755996e-17,  Error =2.278025164059727e-07
Completed 31 % :  mod = 7.719777941358699e-17,  Error =2.2962527879144545e-07
Completed 31 % :  mod = 7.259412360220386e-17,  Error =2.314479417009352e-07
Completed 31 % :  mod = 6.791174056582827e-17,  Error =2.3326991538397124e-07
Completed 32 % :  mod = 6.315206918513575e-17,  Error =2.3509300461910243e-07
Completed 32 % :  mod = 5.83222596093412e-17,  Error =2.369158309534214e-07
Completed 32 % :  mod = 5.342768044741527e-17,  Error =2.3873843701949227e-07
Completed 32 % :  mod = 4.8473763846139356e-17,  Error =2.40561099928982e-07
Completed 33 % :  mod = 4.346802825689612e-17,  Error =2.4238287466005204e-07
Completed 33 % :  mod = 3.841202324746681e-17,  Error =2.4420513966560975e-07
Completed 33 % :  mod = 3.331335660474023e-17,  Error =2.4602766046655233e-07
Completed 33 % :  mod = 2.8177689966419e-17,  Error =2.478503660086062e-07
Completed 34 % :  mod = 2.301281015229575e-17,  Error =2.496721975830951e-07
Completed 34 % :  mod = 1.7820304573664764e-17,  Error =2.514949173360037e-07
Completed 34 % :  mod = 1.2608004149385077e-17,  Error =2.533174168206642e-07
Completed 34 % :  mod = 7.381704417020966e-18,  Error =2.5513998025417095e-07
Completed 35 % :  mod = 2.1493028834707812e-18,  Error =2.5696209604575415e-07
Completed 35 % :  mod = 3.0875838818546077e-18,  Error =2.5878497922349197e-07
Completed 35 % :  mod = 8.321039501999127e-18,  Error =2.6060748581357984e-07
Completed 35 % :  mod = 1.3545255307906275e-17,  Error =2.624302624099073e-07
Completed 36 % :  mod = 1.875442749020565e-17,  Error =2.6425306032251683e-07
Completed 36 % :  mod = 2.394069219791008e-17,  Error =2.6607483505358687e-07
Completed 36 % :  mod = 2.9102454885292496e-17,  Error =2.6789782481273505e-07
Completed 36 % :  mod = 3.423189569703456e-17,  Error =2.697207861501738e-07
Completed 37 % :  mod = 3.93233165477879e-17,  Error =2.715434064270994e-07
Completed 37 % :  mod = 4.4369051851418425e-17,  Error =2.7336524510701565e-07
Completed 37 % :  mod = 4.93675422173751e-17,  Error =2.7518784406765917e-07
Completed 37 % :  mod = 5.4311205036079016e-17,  Error =2.770103577631744e-07
Completed 38 % :  mod = 5.919455248115377e-17,  Error =2.788330633052283e-07
Completed 38 % :  mod = 6.401024017103686e-17,  Error =2.806549730394181e-07
Completed 38 % :  mod = 6.875678197236027e-17,  Error =2.8247767147604463e-07
Completed 38 % :  mod = 7.342696667964012e-17,  Error =2.843002135932693e-07
Completed 39 % :  mod = 7.801559985712352e-17,  Error =2.8612315361442597e-07
Completed 39 % :  mod = 8.251579977570434e-17,  Error =2.879448501857951e-07
Completed 39 % :  mod = 8.692618282071171e-17,  Error =2.897673496704556e-07
Completed 39 % :  mod = 9.124002096353707e-17,  Error =2.9159006231793683e-07
Completed 40 % :  mod = 9.545252663789133e-17,  Error =2.934121994258021e-07
Completed 40 % :  mod = 9.955902410196446e-17,  Error =2.9523491207328334e-07
Completed 40 % :  mod = 1.0355336678341972e-16,  Error =2.970569497051656e-07
Completed 40 % :  mod = 1.0743432818020386e-16,  Error =2.98879804461194e-07
Completed 41 % :  mod = 1.1119597446049393e-16,  Error =3.007024602652564e-07
Completed 41 % :  mod = 1.1483412401949834e-16,  Error =3.0252518712359233e-07
Completed 41 % :  mod = 1.183433576868315e-16,  Error =3.0434662789957656e-07
Completed 41 % :  mod = 1.2172259511291465e-16,  Error =3.0616971713470775e-07
Completed 42 % :  mod = 1.2496664408504279e-16,  Error =3.07992330306206e-07
Completed 42 % :  mod = 1.2807190517847917e-16,  Error =3.0981473742031085e-07
Completed 42 % :  mod = 1.310337713074046e-16,  Error =3.1163653346766296e-07
Completed 42 % :  mod = 1.3385132393944766e-16,  Error =3.1345908269031497e-07
Completed 43 % :  mod = 1.365202208416815e-16,  Error =3.152818806029245e-07
Completed 43 % :  mod = 1.3903749714029683e-16,  Error =3.171040106053624e-07
Completed 43 % :  mod = 1.4139943641619898e-16,  Error =3.189261619240824e-07
Completed 43 % :  mod = 1.436053184535684e-16,  Error =3.2074818534510996e-07
Completed 44 % :  mod = 1.4565171164193509e-16,  Error =3.225710614174204e-07
Completed 44 % :  mod = 1.4753633947685574e-16,  Error =3.243938380137479e-07
Completed 44 % :  mod = 1.492571172046928e-16,  Error =3.2621634460383575e-07
Completed 44 % :  mod = 1.5081153991575626e-16,  Error =3.280381974946067e-07
Completed 45 % :  mod = 1.5219912360599024e-16,  Error =3.2986064013584837e-07
Completed 45 % :  mod = 1.5341768017587936e-16,  Error =3.316833030453381e-07
Completed 45 % :  mod = 1.5446584875821962e-16,  Error =3.335056746323062e-07
Completed 45 % :  mod = 1.5534214513249815e-16,  Error =3.353274493633762e-07
Completed 46 % :  mod = 1.560463086851232e-16,  Error =3.37149735685216e-07
Completed 46 % :  mod = 1.565771633203601e-16,  Error =3.3897192963650014e-07
Completed 46 % :  mod = 1.5693411832785392e-16,  Error =3.407942870126135e-07
Completed 46 % :  mod = 1.571167467273122e-16,  Error =3.42615912529709e-07
Completed 47 % :  mod = 1.5712498653188778e-16,  Error =3.444385185957799e-07
Completed 47 % :  mod = 1.5695871997174096e-16,  Error =3.4626113176727813e-07
Completed 47 % :  mod = 1.5661813636783443e-16,  Error =3.4808395099616973e-07
Completed 47 % :  mod = 1.5610385362408578e-16,  Error =3.49905789676086e-07
Completed 48 % :  mod = 1.5541602766404046e-16,  Error =3.5172838153130215e-07
Completed 48 % :  mod = 1.5455559981923557e-16,  Error =3.5355108707335603e-07
Completed 48 % :  mod = 1.5352352088208645e-16,  Error =3.553735723471618e-07
Completed 48 % :  mod = 1.5232093691133178e-16,  Error =3.5719591551242047e-07
Completed 49 % :  mod = 1.5094977027471515e-16,  Error =3.590177897194735e-07
Completed 49 % :  mod = 1.4941044024940953e-16,  Error =3.608406586863566e-07
Completed 49 % :  mod = 1.477051711240821e-16,  Error =3.6266307290588884e-07
Completed 49 % :  mod = 1.4583586132993742e-16,  Error =3.644854160711475e-07
Completed 50 % :  mod = 1.4380542859148994e-16,  Error =3.6630721922392695e-07
Completed 50 % :  mod = 1.4161450156600518e-16,  Error =3.6813008819081006e-07
Completed 50 % :  mod = 1.3926629814116235e-16,  Error =3.6995247398863285e-07
Completed 50 % :  mod = 1.3676342259172249e-16,  Error =3.7177524347953295e-07
Completed 51 % :  mod = 1.341097520166142e-16,  Error =3.7359712479201335e-07
Completed 51 % :  mod = 1.3130610697900517e-16,  Error =3.7541964559295593e-07
Completed 51 % :  mod = 1.2835663098168e-16,  Error =3.772423013970183e-07
Completed 51 % :  mod = 1.2526460260669536e-16,  Error =3.7906496430650805e-07
Completed 52 % :  mod = 1.2203345532567758e-16,  Error =3.8088746379116856e-07
Completed 52 % :  mod = 1.1866815196380804e-16,  Error =3.8270891167258014e-07
Completed 52 % :  mod = 1.1516973311429733e-16,  Error =3.845313045758303e-07
Completed 52 % :  mod = 1.1154340567230632e-16,  Error =3.863541095938672e-07
Completed 53 % :  mod = 1.077931942851054e-16,  Error =3.8817685066305785e-07
Completed 53 % :  mod = 1.0392484310166326e-16,  Error =3.8999863249955524e-07
Completed 53 % :  mod = 9.993954362395352e-17,  Error =3.918207767128479e-07
Completed 53 % :  mod = 9.584324876065199e-17,  Error =3.936430914563971e-07
Completed 54 % :  mod = 9.164051188253683e-17,  Error =3.954655696247755e-07
Completed 54 % :  mod = 8.733774384615048e-17,  Error =3.972873869884097e-07
Completed 54 % :  mod = 8.293627274166518e-17,  Error =3.991103056932843e-07
Completed 54 % :  mod = 7.844269280122541e-17,  Error =4.009329970244835e-07
Completed 55 % :  mod = 7.38619949224546e-17,  Error =4.0275598678363167e-07
Completed 55 % :  mod = 6.920115022166381e-17,  Error =4.045778112526932e-07
Completed 55 % :  mod = 6.446159835501042e-17,  Error =4.064003675807726e-07
Completed 55 % :  mod = 5.965045493691875e-17,  Error =4.082229665414161e-07
Completed 56 % :  mod = 5.477306096920648e-17,  Error =4.100455868183417e-07
Completed 56 % :  mod = 4.983483634604222e-17,  Error =4.118682355169767e-07
Completed 56 % :  mod = 4.484327677134176e-17,  Error =4.13689896561209e-07
Completed 56 % :  mod = 3.979991950857475e-17,  Error =4.155122184101856e-07
Completed 57 % :  mod = 3.471236221166749e-17,  Error =4.173347178948461e-07
Completed 57 % :  mod = 2.9586252249457025e-17,  Error =4.191570326383953e-07
Completed 57 % :  mod = 2.442935726148554e-17,  Error =4.209789210563031e-07
Completed 57 % :  mod = 1.924327169008252e-17,  Error =4.228015200169466e-07
Completed 58 % :  mod = 1.4035813632807506e-17,  Error =4.2462441740553913e-07
Completed 58 % :  mod = 8.812768494262273e-18,  Error =4.2644663267310534e-07
Completed 58 % :  mod = 3.582036366284585e-18,  Error =4.282681160816537e-07
Completed 58 % :  mod = 1.6547727474608005e-18,  Error =4.300910205756736e-07
Completed 59 % :  mod = 6.88974334889721e-18,  Error =4.319129232044361e-07
Completed 59 % :  mod = 1.2117060927005068e-17,  Error =4.3373538005653245e-07
Completed 59 % :  mod = 1.732883857313762e-17,  Error =4.3555722584187606e-07
Completed 59 % :  mod = 2.2523462819811298e-17,  Error =4.373795334799979e-07
Completed 60 % :  mod = 2.7693072039086817e-17,  Error =4.392017842747009e-07
Completed 60 % :  mod = 3.2831929371524605e-17,  Error =4.410244187624812e-07
Completed 60 % :  mod = 3.79343191024895e-17,  Error =4.4284735167821054e-07
Completed 60 % :  mod = 4.2992558843741197e-17,  Error =4.446691690418447e-07
Completed 61 % :  mod = 4.800509122098142e-17,  Error =4.4649201669244576e-07
Completed 61 % :  mod = 5.296430482840618e-17,  Error =4.483145588096704e-07
Completed 61 % :  mod = 5.786469633000259e-17,  Error =4.5013710803232243e-07
Completed 61 % :  mod = 6.269889890693403e-17,  Error =4.519587619711274e-07
Completed 62 % :  mod = 6.746541696495423e-17,  Error =4.5378148882946334e-07
Completed 62 % :  mod = 7.215700879629422e-17,  Error =4.556040664738248e-07
Completed 62 % :  mod = 7.676846471405857e-17,  Error =4.574262177925448e-07
Completed 62 % :  mod = 8.129286131991779e-17,  Error =4.592476230413922e-07
Completed 63 % :  mod = 8.572880729608156e-17,  Error =4.610702291074631e-07
Completed 63 % :  mod = 9.006954400825865e-17,  Error =4.628927428029783e-07
Completed 63 % :  mod = 9.431024749421302e-17,  Error =4.647153488690492e-07
Completed 63 % :  mod = 9.844457436432094e-17,  Error =4.6653742202806825e-07
Completed 64 % :  mod = 1.0247124688302995e-16,  Error =4.6836054679033623e-07
Completed 64 % :  mod = 1.063841128945342e-16,  Error =4.7018330917580897e-07
Completed 64 % :  mod = 1.101788278394614e-16,  Error =4.720056878682044e-07
Completed 64 % :  mod = 1.1385117526803665e-16,  Error =4.7382868473277995e-07
Completed 65 % :  mod = 1.1739568389749577e-16,  Error =4.7565041683128584e-07
Completed 65 % :  mod = 1.2081125895429807e-16,  Error =4.774730157919294e-07
Completed 65 % :  mod = 1.2409265957717876e-16,  Error =4.792957781774021e-07
Completed 65 % :  mod = 1.2723624250082866e-16,  Error =4.81118206607789e-07
Completed 66 % :  mod = 1.3023734072053294e-16,  Error =4.829398463357393e-07
Completed 66 % :  mod = 1.33095028414391e-16,  Error =4.847620900250149e-07
Completed 66 % :  mod = 1.3580490198301435e-16,  Error =4.86584958991898e-07
Completed 66 % :  mod = 1.3836394945499752e-16,  Error =4.884075011091227e-07
Completed 67 % :  mod = 1.4076839733578362e-16,  Error =4.902295032138682e-07
Completed 67 % :  mod = 1.430175009560262e-16,  Error =4.920519458551098e-07
Completed 67 % :  mod = 1.4510776847616697e-16,  Error =4.938742463878043e-07
Completed 67 % :  mod = 1.4703687877570828e-16,  Error =4.956966535019092e-07
Completed 68 % :  mod = 1.4880268744061088e-16,  Error =4.975194158873819e-07
Completed 68 % :  mod = 1.504026265403619e-16,  Error =4.993412474618708e-07
Completed 68 % :  mod = 1.5183620100736474e-16,  Error =5.011642443264464e-07
Completed 68 % :  mod = 1.531011451939216e-16,  Error =5.029868219708078e-07
Completed 69 % :  mod = 1.5419605454735234e-16,  Error =5.048093427717504e-07
Completed 69 % :  mod = 1.5511937805230968e-16,  Error =5.066317712021373e-07
Completed 69 % :  mod = 1.5587082872881983e-16,  Error =5.084538443611564e-07
Completed 69 % :  mod = 1.5644916901128884e-16,  Error =5.102760241015858e-07
Completed 70 % :  mod = 1.5685375845512743e-16,  Error =5.120985164808189e-07
Completed 70 % :  mod = 1.5708408581101827e-16,  Error =5.139201562087692e-07
Completed 70 % :  mod = 1.5714008366374142e-16,  Error =5.157432099167636e-07
Completed 70 % :  mod = 1.5702156160665964e-16,  Error =5.175661712542023e-07
Completed 71 % :  mod = 1.5672864795616546e-16,  Error =5.193885570520251e-07
Completed 71 % :  mod = 1.5626189087451104e-16,  Error =5.212103957319414e-07
Completed 71 % :  mod = 1.556214381685321e-16,  Error =5.230329804817302e-07
Completed 71 % :  mod = 1.5480814762452385e-16,  Error =5.248555225989548e-07
Completed 72 % :  mod = 1.5382292629772674e-16,  Error =5.266777662882305e-07
Completed 72 % :  mod = 1.5266686953036817e-16,  Error =5.285002515620363e-07
Completed 72 % :  mod = 1.513418242616596e-16,  Error =5.303222891939186e-07
Completed 72 % :  mod = 1.4984820035959454e-16,  Error =5.321449805251177e-07
Completed 73 % :  mod = 1.4818815712746328e-16,  Error =5.33967892124565e-07
Completed 73 % :  mod = 1.4636353230209297e-16,  Error =5.357901855518321e-07
Completed 73 % :  mod = 1.4437718524006606e-16,  Error =5.376121023914493e-07
Completed 73 % :  mod = 1.4222972986449341e-16,  Error =5.394345237164089e-07
Completed 74 % :  mod = 1.3992431018548578e-16,  Error =5.412571582041892e-07
Completed 74 % :  mod = 1.3746348927386994e-16,  Error =5.430796292671403e-07
Completed 74 % :  mod = 1.3485107986358309e-16,  Error =5.449016029501763e-07
Completed 74 % :  mod = 1.320878830273497e-16,  Error =5.467245145496236e-07
Completed 75 % :  mod = 1.2917798839781702e-16,  Error =5.485469216637284e-07
Completed 75 % :  mod = 1.2612462947569831e-16,  Error =5.503690871933031e-07
Completed 75 % :  mod = 1.2293249947699405e-16,  Error =5.521907269212534e-07
Completed 75 % :  mod = 1.1960258900218654e-16,  Error =5.540135319392903e-07
Completed 76 % :  mod = 1.1613984991631406e-16,  Error =5.55835718785147e-07
Completed 76 % :  mod = 1.1254812157818977e-16,  Error =5.576582609023717e-07
Completed 76 % :  mod = 1.0883140113132868e-16,  Error =5.594809806552803e-07
Completed 76 % :  mod = 1.049953753390445e-16,  Error =5.613027767026324e-07
Completed 77 % :  mod = 1.0104122319220408e-16,  Error =5.631252832927203e-07
Completed 77 % :  mod = 9.697485701593443e-17,  Error =5.649477259339619e-07
Completed 77 % :  mod = 9.280079083823581e-17,  Error =5.667703817380243e-07
Completed 77 % :  mod = 8.852538971052426e-17,  Error =5.685922914722141e-07
Completed 78 % :  mod = 8.41499791380326e-17,  Error =5.704146417429001e-07
Completed 78 % :  mod = 7.968111090820012e-17,  Error =5.722376172911936e-07
Completed 78 % :  mod = 7.512374433069061e-17,  Error =5.74059896507606e-07
Completed 78 % :  mod = 7.048482477581858e-17,  Error =5.758814083378638e-07
Completed 79 % :  mod = 6.576578109469464e-17,  Error =5.777039078225243e-07
Completed 79 % :  mod = 6.097369384996466e-17,  Error =5.795263291474839e-07
Completed 79 % :  mod = 5.611389494445958e-17,  Error =5.813484591499218e-07
Completed 79 % :  mod = 5.1193759934111244e-17,  Error =5.831699354530429e-07
Completed 80 % :  mod = 4.6214805713066694e-17,  Error =5.849923354617204e-07
Completed 80 % :  mod = 4.118452705466355e-17,  Error =5.868152683774497e-07
Completed 80 % :  mod = 3.61085098061808e-17,  Error =5.88638201293179e-07
Completed 80 % :  mod = 3.099238696419236e-17,  Error =5.904607434104037e-07
Completed 81 % :  mod = 2.5843916759060942e-17,  Error =5.922825252469011e-07
Completed 81 % :  mod = 2.0664684585828076e-17,  Error =5.941047120927578e-07
Completed 81 % :  mod = 1.5462499029476263e-17,  Error =5.959274815836579e-07
Completed 81 % :  mod = 1.0243140945113909e-17,  Error =5.977499881737458e-07
Completed 82 % :  mod = 5.014506081880561e-18,  Error =5.995719973839186e-07
Completed 82 % :  mod = 2.2179555655902323e-19,  Error =6.013945181848612e-07
Completed 82 % :  mod = 5.4578495578027244e-18,  Error =6.032167334524274e-07
Completed 82 % :  mod = 1.0687840635349142e-17,  Error =6.050392187262332e-07
Completed 83 % :  mod = 1.5903873091757515e-17,  Error =6.068613913612353e-07
Completed 83 % :  mod = 2.1104338164134005e-17,  Error =6.086840258490156e-07
Completed 83 % :  mod = 2.6281362075324084e-17,  Error =6.105067456019242e-07
Completed 83 % :  mod = 3.142919917709417e-17,  Error =6.123293445625677e-07
Completed 84 % :  mod = 3.6542133341218795e-17,  Error =6.141518014146641e-07
Completed 84 % :  mod = 4.1612456071569574e-17,  Error =6.159739172062473e-07
Completed 84 % :  mod = 4.6638607615703963e-17,  Error =6.17796580115737e-07
Completed 84 % :  mod = 5.161296441860273e-17,  Error =6.196193567120645e-07
Completed 85 % :  mod = 5.652999620918429e-17,  Error =6.214413303951005e-07
Completed 85 % :  mod = 6.138231285245852e-17,  Error =6.232632401292904e-07
Completed 85 % :  mod = 6.616842216629915e-17,  Error =6.250857111922414e-07
Completed 85 % :  mod = 7.088103632761809e-17,  Error =6.269081680443378e-07
Completed 86 % :  mod = 7.551493215613614e-17,  Error =6.287305396313059e-07
Completed 86 % :  mod = 8.006315828447936e-17,  Error =6.30552158042974e-07
Completed 86 % :  mod = 8.452429790735481e-17,  Error =6.323748138470364e-07
Completed 86 % :  mod = 8.889156773014925e-17,  Error =6.341974199131073e-07
Completed 87 % :  mod = 9.316011809632885e-17,  Error =6.360198767652037e-07
Completed 87 % :  mod = 9.732354704154276e-17,  Error =6.378418717645218e-07
Completed 87 % :  mod = 1.0138058231031009e-16,  Error =6.396645346740115e-07
Completed 87 % :  mod = 1.0532502852663796e-16,  Error =6.414873254811937e-07
Completed 88 % :  mod = 1.0915249098332947e-16,  Error =6.43309583381324e-07
Completed 88 % :  mod = 1.1285873265449195e-16,  Error =6.451321823419676e-07
Completed 88 % :  mod = 1.1643822719815174e-16,  Error =6.46953388638849e-07
Completed 88 % :  mod = 1.198898569899037e-16,  Error =6.487759520723557e-07
Completed 89 % :  mod = 1.232083420325003e-16,  Error =6.505983165538964e-07
Completed 89 % :  mod = 1.2638999387589142e-16,  Error =6.52420816038557e-07
Completed 89 % :  mod = 1.2943007654917865e-16,  Error =6.542426334021911e-07
Completed 89 % :  mod = 1.3232766655690688e-16,  Error =6.560652181519799e-07
Completed 90 % :  mod = 1.3507829510751556e-16,  Error =6.578882079111281e-07
Completed 90 % :  mod = 1.3767889501529335e-16,  Error =6.59710536865532e-07
Completed 90 % :  mod = 1.401256445507139e-16,  Error =6.615321979097644e-07
Completed 90 % :  mod = 1.4241778405178215e-16,  Error =6.63354718710707e-07
Completed 91 % :  mod = 1.4455174444095009e-16,  Error =6.651772750387863e-07
Completed 91 % :  mod = 1.4652517352674834e-16,  Error =6.669994760954978e-07
Completed 91 % :  mod = 1.483351800544421e-16,  Error =6.688217126793461e-07
Completed 91 % :  mod = 1.499811945618784e-16,  Error =6.706440487391774e-07
Completed 92 % :  mod = 1.5146064798117102e-16,  Error =6.724669816549067e-07
Completed 92 % :  mod = 1.527718892598173e-16,  Error =6.742898079892257e-07
Completed 92 % :  mod = 1.5391345149639848e-16,  Error =6.761121369436296e-07
Completed 92 % :  mod = 1.5488373052921284e-16,  Error =6.779338619367081e-07
Completed 93 % :  mod = 1.5568241735460283e-16,  Error =6.797566882710271e-07
Completed 93 % :  mod = 1.5630819344667204e-16,  Error =6.815789674874395e-07
Completed 93 % :  mod = 1.5676038113770362e-16,  Error =6.834018577706047e-07
Completed 93 % :  mod = 1.570383902860293e-16,  Error =6.852238243482134e-07
Completed 94 % :  mod = 1.571421309357575e-16,  Error =6.870461533026173e-07
Completed 94 % :  mod = 1.5707135906860747e-16,  Error =6.88868517784158e-07
Completed 94 % :  mod = 1.568261405488355e-16,  Error =6.906912233262119e-07
Completed 94 % :  mod = 1.5640694568031864e-16,  Error =6.92512998057282e-07
Completed 95 % :  mod = 1.5581392102912165e-16,  Error =6.943355259636519e-07
Completed 95 % :  mod = 1.550478438865264e-16,  Error =6.961585299336548e-07
Completed 95 % :  mod = 1.54109565473082e-16,  Error =6.979812070539992e-07
Completed 95 % :  mod = 1.530006193299453e-16,  Error =6.99802697567975e-07
Completed 96 % :  mod = 1.517213343648074e-16,  Error =7.016253604774647e-07
Completed 96 % :  mod = 1.5027353968079782e-16,  Error =7.03447895489262e-07
Completed 96 % :  mod = 1.4865885903345897e-16,  Error =7.052702386545207e-07
Completed 96 % :  mod = 1.4687907075771027e-16,  Error =7.070926528740529e-07
Completed 97 % :  mod = 1.449369652439506e-16,  Error =7.08914349445422e-07
Completed 97 % :  mod = 1.428331543990381e-16,  Error =7.107363160230307e-07
Completed 97 % :  mod = 1.4057070608076834e-16,  Error =7.125588581402553e-07
Completed 97 % :  mod = 1.381521371412514e-16,  Error =7.143811373566678e-07
Completed 98 % :  mod = 1.3558120690957617e-16,  Error =7.162028694551736e-07
Completed 98 % :  mod = 1.3285869221173543e-16,  Error =7.18024928403338e-07
Completed 98 % :  mod = 1.2998862384715534e-16,  Error =7.198479110570588e-07
Completed 98 % :  mod = 1.2697419581867492e-16,  Error =7.216705526502665e-07
Completed 99 % :  mod = 1.238200366671105e-16,  Error =7.234922563270629e-07
Completed 99 % :  mod = 1.2052712427504248e-16,  Error =7.253152105590743e-07
Completed 99 % :  mod = 1.1710035927400993e-16,  Error =7.271378805739914e-07
Completed 99 % :  mod = 1.1354353640677173e-16,  Error =7.289605861160453e-07
Completed 100 % :  mod = 1.0986211139475675e-16,  Error =7.307823821633974e-07
Finished 4/21 frames
Finished all frames!
