/opt/local/miniconda_23_9/lib/python3.11/site-packages/conda/base/context.py:201: FutureWarning: Adding 'defaults' to channel list implicitly is deprecated and will be removed in 25.3. 

To remove this warning, please choose a default channel explicitly with conda's regular configuration system, e.g. by adding 'defaults' to the list of channels:

  conda config --add channels defaults

For more information see https://docs.conda.io/projects/conda/en/stable/user-guide/configuration/use-condarc.html

  deprecated.topic(
JOB 14485 ARRAY_ID 13  -> i=13 ; range=[1.9e-10, 5.0e-10] ; intervals=30 (frames=31)
Analytic t0 extension enabled (--extend-time-using-t0).
Completed 0 % :  mod = 2.5599999983758717e-16,  Error =-1.4210854715202004e-14
Completed 0 % :  mod = 2.5699523976916836e-16,  Error =5.8577569461704115e-09
Completed 0 % :  mod = 2.599851819073487e-16,  Error =1.1709971659001894e-08
Completed 0 % :  mod = 2.64993033631394e-16,  Error =1.756232848038053e-08
Completed 0 % :  mod = 2.720648003488302e-16,  Error =2.341997173971322e-08
Completed 1 % :  mod = 2.812429333822838e-16,  Error =2.927227882310035e-08
Completed 1 % :  mod = 2.926039746489665e-16,  Error =3.512489143986386e-08
Completed 1 % :  mod = 3.0623609943082733e-16,  Error =4.0977688797738665e-08
Completed 1 % :  mod = 3.222602796871273e-16,  Error =4.6835324951644e-08
Completed 2 % :  mod = 3.407727069071317e-16,  Error =5.268771019473206e-08
Completed 2 % :  mod = 3.6193009035449114e-16,  Error =5.853991780213619e-08
Completed 2 % :  mod = 3.8589664533652967e-16,  Error =6.439236699407047e-08
Completed 2 % :  mod = 4.128834808566776e-16,  Error =7.024951997891549e-08
Completed 3 % :  mod = 4.430526005480961e-16,  Error =7.610172048089225e-08
Completed 3 % :  mod = 4.766605325574824e-16,  Error =8.195390677201431e-08
Completed 3 % :  mod = 5.139681329438959e-16,  Error =8.780615701198258e-08
Completed 3 % :  mod = 5.553031342849453e-16,  Error =9.366350184336625e-08
Completed 4 % :  mod = 6.009136789770729e-16,  Error =9.951588708645431e-08
Completed 4 % :  mod = 6.511882966491269e-16,  Error =1.053681515372773e-07
Completed 4 % :  mod = 7.0651720158667065e-16,  Error =1.1122031651211728e-07
Completed 4 % :  mod = 7.673858712610904e-16,  Error =1.1707754765666323e-07
Completed 5 % :  mod = 8.341596987493085e-16,  Error =1.2292974105321264e-07
Completed 5 % :  mod = 9.074079757016759e-16,  Error =1.287822612994205e-07
Completed 5 % :  mod = 9.876992243871758e-16,  Error =1.3463446890682462e-07
Completed 5 % :  mod = 1.0757375716522937e-15,  Error =1.4049192031961866e-07
Completed 6 % :  mod = 1.1720515056719315e-15,  Error =1.463440426618945e-07
Completed 6 % :  mod = 1.2774624813144422e-15,  Error =1.5219658422438442e-07
Completed 6 % :  mod = 1.3927886543417032e-15,  Error =1.580485999852499e-07
Completed 6 % :  mod = 1.519041126907517e-15,  Error =1.6390588086778735e-07
Completed 7 % :  mod = 1.65697779921563e-15,  Error =1.697581168969009e-07
Completed 7 % :  mod = 1.8077753291733515e-15,  Error =1.756105305616984e-07
Completed 7 % :  mod = 1.9726041672144814e-15,  Error =1.814628944885044e-07
Completed 7 % :  mod = 2.152909209582163e-15,  Error =1.873201327384777e-07
Completed 8 % :  mod = 2.3497728535407854e-15,  Error =1.931728448312242e-07
Completed 8 % :  mod = 2.564874575380008e-15,  Error =1.9902525139059435e-07
Completed 8 % :  mod = 2.799883929254645e-15,  Error =2.048777716368022e-07
Completed 8 % :  mod = 3.0568609123205136e-15,  Error =2.1073515910075002e-07
Completed 9 % :  mod = 3.337348166478996e-15,  Error =2.165875585546928e-07
Completed 9 % :  mod = 3.643738716143221e-15,  Error =2.224399224814988e-07
Completed 9 % :  mod = 3.978410637642071e-15,  Error =2.2829197376950106e-07
Completed 9 % :  mod = 4.344297464669226e-15,  Error =2.341498088753724e-07
Completed 10 % :  mod = 4.7435956045285255e-15,  Error =2.4000203069363124e-07
Completed 10 % :  mod = 5.179711832005631e-15,  Error =2.458544514638561e-07
Completed 10 % :  mod = 5.656031101792225e-15,  Error =2.5170673723096115e-07
Completed 10 % :  mod = 6.176728461619201e-15,  Error =2.575644586499948e-07
Completed 11 % :  mod = 6.744929673579392e-15,  Error =2.63416687573681e-07
Completed 11 % :  mod = 7.36548258392185e-15,  Error =2.692691936090341e-07
Completed 11 % :  mod = 8.043203716047372e-15,  Error =2.751215930629769e-07
Completed 11 % :  mod = 8.784033365161404e-15,  Error =2.8097915816260866e-07
Completed 12 % :  mod = 9.592418788934989e-15,  Error =2.8683153630026936e-07
Completed 12 % :  mod = 1.0475257085283246e-14,  Error =2.926837083805367e-07
Completed 12 % :  mod = 1.1439400553260093e-14,  Error =2.985359159879408e-07
Completed 12 % :  mod = 1.2493299991156243e-14,  Error =3.043933247681707e-07
Completed 13 % :  mod = 1.3643281999517326e-14,  Error =3.102457029058314e-07
Completed 13 % :  mod = 1.489915823629005e-14,  Error =3.160978536698167e-07
Completed 13 % :  mod = 1.627067633708927e-14,  Error =3.219500612772208e-07
Completed 13 % :  mod = 1.7769857814330564e-14,  Error =3.278075055845875e-07
Completed 14 % :  mod = 1.9405702267553845e-14,  Error =3.336596989811369e-07
Completed 14 % :  mod = 2.119216678316693e-14,  Error =3.395122476490542e-07
Completed 14 % :  mod = 2.3143117219895826e-14,  Error =3.453641426176546e-07
Completed 14 % :  mod = 2.5275653837255705e-14,  Error =3.512215300816024e-07
Completed 15 % :  mod = 2.760257831898009e-14,  Error =3.5707378032157067e-07
Completed 15 % :  mod = 3.014374401844318e-14,  Error =3.629261016158125e-07
Completed 15 % :  mod = 3.291887457086571e-14,  Error =3.6877884213026846e-07
Completed 15 % :  mod = 3.595229417517525e-14,  Error =3.7463652091673794e-07
Completed 16 % :  mod = 3.926221259020716e-14,  Error =3.804890198466637e-07
Completed 16 % :  mod = 4.287687007143953e-14,  Error =3.86341270086632e-07
Completed 16 % :  mod = 4.6824322310296696e-14,  Error =3.921935771700191e-07
Completed 16 % :  mod = 5.113916899628924e-14,  Error =3.9805106410994995e-07
Completed 17 % :  mod = 5.5847312306884905e-14,  Error =4.039035204073116e-07
Completed 17 % :  mod = 6.098892222891174e-14,  Error =4.0975597670467323e-07
Completed 17 % :  mod = 6.660390604904294e-14,  Error =4.156081914175047e-07
Completed 17 % :  mod = 7.27414795343129e-14,  Error =4.214654794054695e-07
Completed 18 % :  mod = 7.943848668666724e-14,  Error =4.273175449043265e-07
Completed 18 % :  mod = 8.675206654681816e-14,  Error =4.3316983067143155e-07
Completed 18 % :  mod = 9.473898440208651e-14,  Error =4.390221732819555e-07
Completed 18 % :  mod = 1.0346924616309298e-13,  Error =4.448795607459033e-07
Completed 19 % :  mod = 1.1299525981238045e-13,  Error =4.5073194598899136e-07
Completed 19 % :  mod = 1.2339830145455418e-13,  Error =4.5658430991579735e-07
Completed 19 % :  mod = 1.3475911563823844e-13,  Error =4.624367520023043e-07
Completed 19 % :  mod = 1.4717728057631595e-13,  Error =4.682938339328757e-07
Completed 20 % :  mod = 1.6072734278368678e-13,  Error =4.741463328628015e-07
Completed 20 % :  mod = 1.7552491144629716e-13,  Error =4.799988104764452e-07
Completed 20 % :  mod = 1.9168483966627476e-13,  Error =4.858515225691917e-07
Completed 20 % :  mod = 2.0934876996965116e-13,  Error =4.917090308254046e-07
Completed 21 % :  mod = 2.2862273901851524e-13,  Error =4.975614160684927e-07
Completed 21 % :  mod = 2.496711920942891e-13,  Error =5.034135028836317e-07
Completed 21 % :  mod = 2.726574987522388e-13,  Error =5.092657318073179e-07
Completed 21 % :  mod = 2.977831344987999e-13,  Error =5.151235100697704e-07
Completed 22 % :  mod = 3.2519892780007145e-13,  Error =5.209761013702519e-07
Completed 22 % :  mod = 3.551387889116804e-13,  Error =5.268285931947503e-07
Completed 22 % :  mod = 3.878350975354595e-13,  Error =5.326808576455733e-07
Completed 22 % :  mod = 4.2357443582827376e-13,  Error =5.385383943234956e-07
Completed 23 % :  mod = 4.625713437560309e-13,  Error =5.443903958735063e-07
Completed 23 % :  mod = 5.051585381186154e-13,  Error =5.502428166437312e-07
Completed 23 % :  mod = 5.516665577191669e-13,  Error =5.560949247751523e-07
Completed 23 % :  mod = 6.025030388443826e-13,  Error =5.619522909228181e-07
Completed 24 % :  mod = 6.579731417594867e-13,  Error =5.678044985302222e-07
Completed 24 % :  mod = 7.185501219970703e-13,  Error =5.736570614089942e-07
Completed 24 % :  mod = 7.847041343473639e-13,  Error =5.795090274318682e-07
Completed 24 % :  mod = 8.570149949668902e-13,  Error =5.853662585764141e-07
Completed 25 % :  mod = 9.35916751337398e-13,  Error =5.912187361900578e-07
Completed 25 % :  mod = 1.022082546998939e-12,  Error =5.970711072222912e-07
Completed 25 % :  mod = 1.1161811067490838e-12,  Error =6.029233716731142e-07
Completed 25 % :  mod = 1.2190371290560502e-12,  Error =6.087807378207799e-07
Completed 26 % :  mod = 1.331267955228247e-12,  Error =6.146331799072868e-07
Completed 26 % :  mod = 1.4538310027957415e-12,  Error =6.2048530935499e-07
Completed 26 % :  mod = 1.5876773805554666e-12,  Error =6.263376306492319e-07
Completed 26 % :  mod = 1.7339800248172798e-12,  Error =6.321948831100599e-07
Completed 27 % :  mod = 1.893616887676673e-12,  Error =6.380468775546433e-07
Completed 27 % :  mod = 2.0679495955683844e-12,  Error =6.438986943635427e-07
Completed 27 % :  mod = 2.258330734361079e-12,  Error =6.497505040670148e-07
Completed 27 % :  mod = 2.466428326274696e-12,  Error =6.556077920549797e-07
Completed 28 % :  mod = 2.693490702827505e-12,  Error =6.614592606979386e-07
Completed 28 % :  mod = 2.9414540166672928e-12,  Error =6.673108288168805e-07
Completed 28 % :  mod = 3.212241368327942e-12,  Error =6.731627308909083e-07
Completed 28 % :  mod = 3.5082242645857438e-12,  Error =6.790197204509241e-07
Completed 29 % :  mod = 3.831176952562564e-12,  Error =6.848711180396094e-07
Completed 29 % :  mod = 4.1838515653410474e-12,  Error =6.907221177243628e-07
Completed 29 % :  mod = 4.568981115806594e-12,  Error =6.965730676711246e-07
Completed 29 % :  mod = 4.98993563978969e-12,  Error =7.024288350976349e-07
Completed 30 % :  mod = 5.449234807997546e-12,  Error =7.082792379264902e-07
Completed 30 % :  mod = 5.950787854813962e-12,  Error =7.141293423273964e-07
Completed 30 % :  mod = 6.498475222199384e-12,  Error =7.199790275080886e-07
Completed 30 % :  mod = 7.097081162728626e-12,  Error =7.258333027948538e-07
Completed 31 % :  mod = 7.750178025369925e-12,  Error =7.316814958358009e-07
Completed 31 % :  mod = 8.463310662472874e-12,  Error =7.375289996502943e-07
Completed 31 % :  mod = 9.241978382582927e-12,  Error =7.433751605390171e-07
Completed 31 % :  mod = 1.0092959460302769e-11,  Error =7.492257481089837e-07
Completed 32 % :  mod = 1.1021301650378588e-11,  Error =7.55070011848602e-07
Completed 32 % :  mod = 1.2034846805177843e-11,  Error =7.609127692376205e-07
Completed 32 % :  mod = 1.3141358801974753e-11,  Error =7.667535655286883e-07
Completed 32 % :  mod = 1.4350401671287078e-11,  Error =7.725969553007417e-07
Completed 33 % :  mod = 1.5669058724910556e-11,  Error =7.784327067383856e-07
Completed 33 % :  mod = 1.7108354217492278e-11,  Error =7.842652323120092e-07
Completed 33 % :  mod = 1.867916360363091e-11,  Error =7.900938925331502e-07
Completed 33 % :  mod = 2.0394868137084778e-11,  Error =7.959234125110015e-07
Completed 34 % :  mod = 2.226526541969869e-11,  Error =8.017425230377739e-07
Completed 34 % :  mod = 2.430566278808535e-11,  Error =8.075547981434283e-07
Completed 34 % :  mod = 2.6531047370659634e-11,  Error =8.133601312465544e-07
Completed 34 % :  mod = 2.8959813715420122e-11,  Error =8.191611087227102e-07
Completed 35 % :  mod = 3.160510171513558e-11,  Error =8.249465039966708e-07
Completed 35 % :  mod = 3.4487614173507784e-11,  Error =8.307190881851056e-07
Completed 35 % :  mod = 3.762728894192177e-11,  Error =8.364765591295509e-07
Completed 35 % :  mod = 4.104846386442491e-11,  Error =8.422212403047524e-07
Completed 36 % :  mod = 4.4767557114561306e-11,  Error =8.479399440375346e-07
Completed 36 % :  mod = 4.881096693093146e-11,  Error =8.536334945574708e-07
Completed 36 % :  mod = 5.320313098155895e-11,  Error =8.592980123012239e-07
Completed 36 % :  mod = 5.797348933842797e-11,  Error =8.649326161958015e-07
Completed 37 % :  mod = 6.313897994658301e-11,  Error =8.705215037707603e-07
Completed 37 % :  mod = 6.872857384336099e-11,  Error =8.760625931358845e-07
Completed 37 % :  mod = 7.476605999674822e-11,  Error =8.815481962187732e-07
Completed 37 % :  mod = 8.127892097718361e-11,  Error =8.8697427003126e-07
Completed 38 % :  mod = 8.827359084253951e-11,  Error =8.923212320155471e-07
Completed 38 % :  mod = 9.576789435290467e-11,  Error =8.975816285783367e-07
Completed 38 % :  mod = 1.0376618413620735e-10,  Error =9.027442402498309e-07
Completed 38 % :  mod = 1.1226951370213529e-10,  Error =9.078006613094658e-07
Completed 39 % :  mod = 1.212415702920614e-10,  Error =9.127281188625602e-07
Completed 39 % :  mod = 1.3064906472429722e-10,  Error =9.175175961217974e-07
Completed 39 % :  mod = 1.4042709863352245e-10,  Error =9.221570707040883e-07
Completed 39 % :  mod = 1.5048965542874423e-10,  Error =9.266375471383981e-07
Completed 40 % :  mod = 1.6068811936094558e-10,  Error =9.309427255743685e-07
Completed 40 % :  mod = 1.7085922348557977e-10,  Error =9.350704459620829e-07
Completed 40 % :  mod = 1.807861434025507e-10,  Error =9.390195501168819e-07
Completed 40 % :  mod = 1.9021459588653134e-10,  Error =9.427980529608249e-07
Completed 41 % :  mod = 1.9882426136768224e-10,  Error =9.46410111168916e-07
Completed 41 % :  mod = 2.0628967329657302e-10,  Error =9.498772683969037e-07
Completed 41 % :  mod = 2.1226506962386804e-10,  Error =9.532252107646855e-07
Completed 41 % :  mod = 2.164226985413497e-10,  Error =9.564882219592619e-07
Completed 42 % :  mod = 2.1847365190484257e-10,  Error =9.596982692983147e-07
Completed 42 % :  mod = 2.1822725558294567e-10,  Error =9.628976442854764e-07
Completed 42 % :  mod = 2.1560896899617218e-10,  Error =9.66128290258439e-07
Completed 42 % :  mod = 2.1068401696226043e-10,  Error =9.694335290078016e-07
Completed 43 % :  mod = 2.0368390157793208e-10,  Error =9.728431322741926e-07
Completed 43 % :  mod = 1.9496483214886326e-10,  Error =9.76391113738373e-07
Completed 43 % :  mod = 1.8498519405920427e-10,  Error =9.800998981290832e-07
Completed 43 % :  mod = 1.7423760182209822e-10,  Error =9.839878529760426e-07
Completed 44 % :  mod = 1.6322604886894657e-10,  Error =9.880551772312174e-07
Completed 44 % :  mod = 1.5235353671015014e-10,  Error =9.923051180749098e-07
Completed 44 % :  mod = 1.4191275808668944e-10,  Error =9.967362402107938e-07
Completed 44 % :  mod = 1.3209786903111674e-10,  Error =1.0013307019107742e-06
Completed 45 % :  mod = 1.2295651436199378e-10,  Error =1.0060790529564656e-06
Completed 45 % :  mod = 1.1445224425754515e-10,  Error =1.0109679919878545e-06
Completed 45 % :  mod = 1.0648376612491357e-10,  Error =1.015987507457794e-06
Completed 45 % :  mod = 9.895040968465571e-11,  Error =1.0211158070205784e-06
Completed 46 % :  mod = 9.174374902228543e-11,  Error =1.0263433125601296e-06
Completed 46 % :  mod = 8.479963375502089e-11,  Error =1.031659280670283e-06
Completed 46 % :  mod = 7.809588487291356e-11,  Error =1.0370572596229977e-06
Completed 46 % :  mod = 7.167284175418337e-11,  Error =1.0425182921380838e-06
Completed 47 % :  mod = 6.558392813763245e-11,  Error =1.0480383636490842e-06
Completed 47 % :  mod = 5.989902689211586e-11,  Error =1.053609089751717e-06
Completed 47 % :  mod = 5.467346329667031e-11,  Error =1.0592287722488436e-06
Completed 47 % :  mod = 4.99505887915383e-11,  Error =1.0648808057567294e-06
Completed 48 % :  mod = 4.5727222887378597e-11,  Error =1.0705639041930226e-06
Completed 48 % :  mod = 4.1973933600036584e-11,  Error =1.0762735556113512e-06
Completed 48 % :  mod = 3.8634872640109137e-11,  Error =1.082011110042913e-06
Completed 48 % :  mod = 3.564919122304194e-11,  Error =1.0877619160964969e-06
Completed 49 % :  mod = 3.294363391730852e-11,  Error =1.0935284180391136e-06
Completed 49 % :  mod = 3.045344966557046e-11,  Error =1.0993079584409315e-06
Completed 49 % :  mod = 2.8124531440976357e-11,  Error =1.1051037134279795e-06
Completed 49 % :  mod = 2.592661360447336e-11,  Error =1.1109038382528524e-06
Completed 50 % :  mod = 2.384313778035194e-11,  Error =1.1167117577315366e-06
Completed 50 % :  mod = 2.1877580881865218e-11,  Error =1.12252645578792e-06
Completed 50 % :  mod = 2.004378024118979e-11,  Error =1.1283519896210237e-06
Completed 50 % :  mod = 1.8363822885175458e-11,  Error =1.1341770544959218e-06
Completed 51 % :  mod = 1.685032094838323e-11,  Error =1.1400065176303542e-06
Completed 51 % :  mod = 1.5508032556600097e-11,  Error =1.1458392918939353e-06
Completed 51 % :  mod = 1.4330376167855368e-11,  Error =1.1516800810795758e-06
Completed 51 % :  mod = 1.3305723449227855e-11,  Error =1.1575182909950854e-06
Completed 52 % :  mod = 1.2414560672111346e-11,  Error =1.1633582346348703e-06
Completed 52 % :  mod = 1.1636409566962787e-11,  Error =1.1692000541074776e-06
Completed 52 % :  mod = 1.0949736699866919e-11,  Error =1.1750482968864162e-06
Completed 52 % :  mod = 1.0335686907053422e-11,  Error =1.1808923261469317e-06
Completed 53 % :  mod = 9.776681837969924e-12,  Error =1.1867374922758245e-06
Completed 53 % :  mod = 9.2617731340658e-12,  Error =1.1925832268389058e-06
Completed 53 % :  mod = 8.7878164652875e-12,  Error =1.1984350507532326e-06
Completed 53 % :  mod = 8.361018618058358e-12,  Error =1.204282057187811e-06
Completed 54 % :  mod = 7.991505313824543e-12,  Error =1.2101294899480308e-06
Completed 54 % :  mod = 7.69044339830011e-12,  Error =1.2159770932385072e-06
Completed 54 % :  mod = 7.465421603964051e-12,  Error =1.2218304732414254e-06
Completed 54 % :  mod = 7.319475915382023e-12,  Error =1.227678858128911e-06
Completed 55 % :  mod = 7.250695475087302e-12,  Error =1.2335272288055421e-06
Completed 55 % :  mod = 7.254997282430645e-12,  Error =1.239375933437259e-06
Completed 55 % :  mod = 7.327291284345076e-12,  Error =1.2452296331844082e-06
Completed 55 % :  mod = 7.461175576299478e-12,  Error =1.2510777906982185e-06
Completed 56 % :  mod = 7.648862882237182e-12,  Error =1.2569262608508325e-06
Completed 56 % :  mod = 7.881585051390773e-12,  Error =1.2627742549398135e-06
Completed 56 % :  mod = 8.152380730565267e-12,  Error =1.268627244144227e-06
Completed 56 % :  mod = 8.45871863768841e-12,  Error =1.2744746271664553e-06
Completed 57 % :  mod = 8.806619429786283e-12,  Error =1.2803214985979139e-06
Completed 57 % :  mod = 9.209689871771058e-12,  Error =1.286167744751765e-06
Completed 57 % :  mod = 9.686778703246657e-12,  Error =1.2920187870690825e-06
Completed 57 % :  mod = 1.0255752942868958e-11,  Error =1.2978637400351545e-06
Completed 58 % :  mod = 1.0932241536542099e-11,  Error =1.3037077337685332e-06
Completed 58 % :  mod = 1.1726380427905829e-11,  Error =1.3095508180072102e-06
Completed 58 % :  mod = 1.2644197926582733e-11,  Error =1.3153973057455914e-06
Completed 58 % :  mod = 1.3684881545738062e-11,  Error =1.3212370575388377e-06
Completed 59 % :  mod = 1.4845657699081846e-11,  Error =1.3270745427007569e-06
Completed 59 % :  mod = 1.6118493398327138e-11,  Error =1.332909405959981e-06
Completed 59 % :  mod = 1.7493208751983742e-11,  Error =1.3387463866365579e-06
Completed 59 % :  mod = 1.8956345983035665e-11,  Error =1.3445745778994933e-06
Completed 60 % :  mod = 2.0504696028308037e-11,  Error =1.3503991311836216e-06
Completed 60 % :  mod = 2.2147089798086385e-11,  Error =1.3562185898763346e-06
Completed 60 % :  mod = 2.391095380191955e-11,  Error =1.3620370467037901e-06
Completed 60 % :  mod = 2.5834943451249067e-11,  Error =1.3678440495823452e-06
Completed 61 % :  mod = 2.7972417298269697e-11,  Error =1.3736430659605503e-06
Completed 61 % :  mod = 3.037709061213869e-11,  Error =1.379431921577634e-06
Completed 61 % :  mod = 3.309896784091455e-11,  Error =1.3852139630898819e-06
Completed 61 % :  mod = 3.6168274171494615e-11,  Error =1.3909773457498886e-06
Completed 62 % :  mod = 3.960566337455624e-11,  Error =1.3967237464385107e-06
Completed 62 % :  mod = 4.3410660112828574e-11,  Error =1.4024501453491212e-06
Completed 62 % :  mod = 4.7567538288459164e-11,  Error =1.4081581056757386e-06
Completed 62 % :  mod = 5.2033917085197464e-11,  Error =1.4138333810365111e-06
Completed 63 % :  mod = 5.677168746035801e-11,  Error =1.419476099329131e-06
Completed 63 % :  mod = 6.174712366293681e-11,  Error =1.4250812370164567e-06
Completed 63 % :  mod = 6.695601479228262e-11,  Error =1.4306473588021618e-06
Completed 63 % :  mod = 7.241904093141686e-11,  Error =1.4361580227273407e-06
Completed 64 % :  mod = 7.821406853816911e-11,  Error =1.4416098110814346e-06
Completed 64 % :  mod = 8.445057987327195e-11,  Error =1.4469929041638352e-06
Completed 64 % :  mod = 9.126143300531541e-11,  Error =1.4523011415690235e-06
Completed 64 % :  mod = 9.875229775719697e-11,  Error =1.457513334912619e-06
Completed 65 % :  mod = 1.0700985741378799e-10,  Error =1.4626207374135447e-06
Completed 65 % :  mod = 1.1605446268307627e-10,  Error =1.4676088682108457e-06
Completed 65 % :  mod = 1.258375340126451e-10,  Error =1.472467474172845e-06
Completed 65 % :  mod = 1.3619866743295403e-10,  Error =1.4771739600405454e-06
Completed 66 % :  mod = 1.4692169403132016e-10,  Error =1.4817201119399215e-06
Completed 66 % :  mod = 1.5771938798449795e-10,  Error =1.4860955204198945e-06
Completed 66 % :  mod = 1.6828286603424388e-10,  Error =1.4902978264785816e-06
Completed 66 % :  mod = 1.7828383505614638e-10,  Error =1.494318091488367e-06
Completed 67 % :  mod = 1.874653827386979e-10,  Error =1.4981643943201561e-06
Completed 67 % :  mod = 1.9562187330698646e-10,  Error =1.5018463983551555e-06
Completed 67 % :  mod = 2.0260799990508782e-10,  Error =1.5053838851031287e-06
Completed 67 % :  mod = 2.0829016261215097e-10,  Error =1.5087931046764425e-06
Completed 68 % :  mod = 2.1255301534208845e-10,  Error =1.5121050154220939e-06
Completed 68 % :  mod = 2.1525371575219024e-10,  Error =1.5153520607213977e-06
Completed 68 % :  mod = 2.1622861643336464e-10,  Error =1.5185735691147784e-06
Completed 68 % :  mod = 2.153117301215631e-10,  Error =1.521802587944876e-06
Completed 69 % :  mod = 2.1237519683052717e-10,  Error =1.5250796110422016e-06
Completed 69 % :  mod = 2.0736653008006419e-10,  Error =1.5284423611205966e-06
Completed 69 % :  mod = 2.0034471183384788e-10,  Error =1.5319261308377463e-06
Completed 69 % :  mod = 1.9153630999670218e-10,  Error =1.5355528262261942e-06
Completed 70 % :  mod = 1.8130230145186503e-10,  Error =1.5393457033496816e-06
Completed 70 % :  mod = 1.701298431256947e-10,  Error =1.5433180209356578e-06
Completed 70 % :  mod = 1.5855190596398485e-10,  Error =1.5474790018288331e-06
Completed 70 % :  mod = 1.4710631935056175e-10,  Error =1.5518195297659076e-06
Completed 71 % :  mod = 1.3619944238013672e-10,  Error =1.5563347375291414e-06
Completed 71 % :  mod = 1.2610086015490768e-10,  Error =1.5610140167154896e-06
Completed 71 % :  mod = 1.1691565963631365e-10,  Error =1.5658473415669505e-06
Completed 71 % :  mod = 1.0863634711151666e-10,  Error =1.57081022678085e-06
Completed 72 % :  mod = 1.0113264750206547e-10,  Error =1.5758921279029892e-06
Completed 72 % :  mod = 9.422853625998517e-11,  Error =1.581078812762371e-06
Completed 72 % :  mod = 8.773083007389033e-11,  Error =1.5863617051081746e-06
Completed 72 % :  mod = 8.148990714244947e-11,  Error =1.591720788951534e-06
Completed 73 % :  mod = 7.5396239044997e-11,  Error =1.597149967835776e-06
Completed 73 % :  mod = 6.94207710531716e-11,  Error =1.6026410989411488e-06
Completed 73 % :  mod = 6.360252029381696e-11,  Error =1.6081903169151701e-06
Completed 73 % :  mod = 5.804737229873388e-11,  Error =1.613781371645473e-06
Completed 74 % :  mod = 5.286233322055637e-11,  Error =1.6194127709923123e-06
Completed 74 % :  mod = 4.814060968547453e-11,  Error =1.6250782621796134e-06
Completed 74 % :  mod = 4.3929287018046786e-11,  Error =1.6307780867919064e-06
Completed 74 % :  mod = 4.023785373635197e-11,  Error =1.6364975436999885e-06
Completed 75 % :  mod = 3.7024921676175466e-11,  Error =1.6422373931845868e-06
Completed 75 % :  mod = 3.4228270615067455e-11,  Error =1.6479947149150576e-06
Completed 75 % :  mod = 3.1771337904926414e-11,  Error =1.6537711999831117e-06
Completed 75 % :  mod = 2.9579188468706836e-11,  Error =1.6595546767916858e-06
Completed 76 % :  mod = 2.7571678029265018e-11,  Error =1.6653480372497143e-06
Completed 76 % :  mod = 2.5681027110017775e-11,  Error =1.6711501089616831e-06
Completed 76 % :  mod = 2.3859722904795218e-11,  Error =1.6769639117342194e-06
Completed 76 % :  mod = 2.2096602155756658e-11,  Error =1.6827787305828679e-06
Completed 77 % :  mod = 2.0408021181546653e-11,  Error =1.68859910587571e-06
Completed 77 % :  mod = 1.883320915461506e-11,  Error =1.6944234602078723e-06
Completed 77 % :  mod = 1.7412945450316642e-11,  Error =1.7002569165924797e-06
Completed 77 % :  mod = 1.6177689276809937e-11,  Error =1.7060881631891789e-06
Completed 78 % :  mod = 1.5133082532094358e-11,  Error =1.7119218469474617e-06
Completed 78 % :  mod = 1.4269206875122153e-11,  Error =1.7177581241867301e-06
Completed 78 % :  mod = 1.3568150113713258e-11,  Error =1.7236013505339542e-06
Completed 78 % :  mod = 1.30131427988304e-11,  Error =1.7294402425704902e-06
Completed 79 % :  mod = 1.2584969191958056e-11,  Error =1.7352804988490789e-06
Completed 79 % :  mod = 1.2260471796231326e-11,  Error =1.7411218351526259e-06
Completed 79 % :  mod = 1.2010064239756934e-11,  Error =1.7469686142135288e-06
Completed 79 % :  mod = 1.1804208175455192e-11,  Error =1.7528108458009228e-06
Completed 80 % :  mod = 1.1623506985002591e-11,  Error =1.7586534113434027e-06
Completed 80 % :  mod = 1.1469458695110834e-11,  Error =1.7644963321572504e-06
Completed 80 % :  mod = 1.1365076962362458e-11,  Error =1.770344397300505e-06
Completed 80 % :  mod = 1.1345624420265007e-11,  Error =1.776187581015165e-06
Completed 81 % :  mod = 1.1443540542322321e-11,  Error =1.7820302247173458e-06
Completed 81 % :  mod = 1.1678307704880502e-11,  Error =1.7878724847264493e-06
Completed 81 % :  mod = 1.20553874583639e-11,  Error =1.7937192922090617e-06
Completed 81 % :  mod = 1.2570925043665804e-11,  Error =1.7995602945575229e-06
Completed 82 % :  mod = 1.3220494041805264e-11,  Error =1.8054000889833333e-06
Completed 82 % :  mod = 1.399904700605375e-11,  Error =1.8112385049562363e-06
Completed 82 % :  mod = 1.4897246858508005e-11,  Error =1.8170807578599124e-06
Completed 82 % :  mod = 1.589333341880528e-11,  Error =1.8229160403393507e-06
Completed 83 % :  mod = 1.69601155063733e-11,  Error =1.8287490988200261e-06
Completed 83 % :  mod = 1.8073496162340836e-11,  Error =1.8345796064522801e-06
Completed 83 % :  mod = 1.9229931221363445e-11,  Error =1.8404121533421858e-06
Completed 83 % :  mod = 2.0452617118406067e-11,  Error =1.8462361026649887e-06
Completed 84 % :  mod = 2.1795540957206324e-11,  Error =1.8520557603096677e-06
Completed 84 % :  mod = 2.3325978924627403e-11,  Error =1.8578701315163926e-06
Completed 84 % :  mod = 2.5109957024512902e-11,  Error =1.8636838703400826e-06
Completed 84 % :  mod = 2.7193529090933878e-11,  Error =1.8694844143851697e-06
Completed 85 % :  mod = 2.960847784700336e-11,  Error =1.8752760340134955e-06
Completed 85 % :  mod = 3.2367985041664035e-11,  Error =1.881056320485186e-06
Completed 85 % :  mod = 3.5471693430599514e-11,  Error =1.8868288194084926e-06
Completed 85 % :  mod = 3.8891407526849426e-11,  Error =1.8925809541769922e-06
Completed 86 % :  mod = 4.258434854806684e-11,  Error =1.8983145650963706e-06
Completed 86 % :  mod = 4.648724165543286e-11,  Error =1.9040269307879498e-06
Completed 86 % :  mod = 5.0540401014367694e-11,  Error =1.90971928759609e-06
Completed 86 % :  mod = 5.4701421314434604e-11,  Error =1.91537822047394e-06
Completed 87 % :  mod = 5.899332660163223e-11,  Error =1.9210024930771397e-06
Completed 87 % :  mod = 6.35022577790345e-11,  Error =1.926588154788078e-06
Completed 87 % :  mod = 6.837539720738584e-11,  Error =1.932132377646667e-06
Completed 87 % :  mod = 7.37751238508072e-11,  Error =1.9376174762442133e-06
Completed 88 % :  mod = 7.986889539015937e-11,  Error =1.943038760998661e-06
Completed 88 % :  mod = 8.678110003634789e-11,  Error =1.948385957462051e-06
Completed 88 % :  mod = 9.458183747976227e-11,  Error =1.9536509867634777e-06
Completed 88 % :  mod = 1.0324345957315408e-10,  Error =1.9588114028579184e-06
Completed 89 % :  mod = 1.1267140500572795e-10,  Error =1.9638576986835687e-06
Completed 89 % :  mod = 1.226839899313433e-10,  Error =1.9687800403289657e-06
Completed 89 % :  mod = 1.329968631272435e-10,  Error =1.973557203882592e-06
Completed 89 % :  mod = 1.433137563148721e-10,  Error =1.978182311290766e-06
Completed 90 % :  mod = 1.5334943885212093e-10,  Error =1.982645265741212e-06
Completed 90 % :  mod = 1.6290574254455445e-10,  Error =1.9869447029918774e-06
Completed 90 % :  mod = 1.7187206823704574e-10,  Error =1.9910692401481356e-06
Completed 90 % :  mod = 1.8026430742502018e-10,  Error =1.9950244620758895e-06
Completed 91 % :  mod = 1.8813562458017822e-10,  Error =1.9988148238780923e-06
Completed 91 % :  mod = 1.9551614336621516e-10,  Error =2.002453854288433e-06
Completed 91 % :  mod = 2.023226782020964e-10,  Error =2.005950207717433e-06
Completed 91 % :  mod = 2.0836401683861094e-10,  Error =2.009328895269391e-06
Completed 92 % :  mod = 2.1331485165627497e-10,  Error =2.0126169815171124e-06
Completed 92 % :  mod = 2.167527781383478e-10,  Error =2.0158496596422992e-06
Completed 92 % :  mod = 2.182009242466917e-10,  Error =2.0190591243363087e-06
Completed 92 % :  mod = 2.1722904851052233e-10,  Error =2.02228859080833e-06
Completed 93 % :  mod = 2.1354673318571228e-10,  Error =2.0255787731571218e-06
Completed 93 % :  mod = 2.0710651066680806e-10,  Error =2.028972481582514e-06
Completed 93 % :  mod = 1.9819133197172473e-10,  Error =2.0324973206697905e-06
Completed 93 % :  mod = 1.8736229068441154e-10,  Error =2.03618456851018e-06
Completed 94 % :  mod = 1.7537782191430705e-10,  Error =2.040051796825537e-06
Completed 94 % :  mod = 1.6302976311833698e-10,  Error =2.044111013788097e-06
Completed 94 % :  mod = 1.5104431699914543e-10,  Error =2.0483551566030656e-06
Completed 94 % :  mod = 1.399202353960734e-10,  Error =2.052781397310355e-06
Completed 95 % :  mod = 1.299355568577389e-10,  Error =2.0573768821918748e-06
Completed 95 % :  mod = 1.2113853037399454e-10,  Error =2.062131130742273e-06
Completed 95 % :  mod = 1.1341416466845957e-10,  Error =2.06701953686661e-06
Completed 95 % :  mod = 1.0649182395063999e-10,  Error =2.0720315561106872e-06
Completed 96 % :  mod = 1.0004489214359706e-10,  Error =2.077152210233635e-06
Completed 96 % :  mod = 9.375471039330122e-11,  Error =2.0823738822173254e-06
Completed 96 % :  mod = 8.740737767413606e-11,  Error =2.087676023165841e-06
Completed 96 % :  mod = 8.091183234341846e-11,  Error =2.093053680596313e-06
Completed 97 % :  mod = 7.433053903412376e-11,  Error =2.0984984132610407e-06
Completed 97 % :  mod = 6.783176441861142e-11,  Error =2.104007236880534e-06
Completed 97 % :  mod = 6.164678629623125e-11,  Error =2.1095635105439214e-06
Completed 97 % :  mod = 5.5968303403937804e-11,  Error =2.115164200233721e-06
Completed 98 % :  mod = 5.0929191861129866e-11,  Error =2.12080323791497e-06
Completed 98 % :  mod = 4.6579983288770825e-11,  Error =2.1264802185783083e-06
Completed 98 % :  mod = 4.2913338406956226e-11,  Error =2.1321789134276514e-06
Completed 98 % :  mod = 3.9858483023931255e-11,  Error =2.1379005374910776e-06
Completed 99 % :  mod = 3.731100761882764e-11,  Error =2.1436406996144797e-06
Completed 99 % :  mod = 3.513727895010889e-11,  Error =2.149401090889569e-06
Completed 99 % :  mod = 3.3196041132175534e-11,  Error =2.155169127604495e-06
Completed 99 % :  mod = 3.135123613896972e-11,  Error =2.16094819194268e-06
Completed 100 % :  mod = 2.950978801522647e-11,  Error =2.166736557285276e-06
Finished 14/31 frames
Finished all frames!
