/opt/local/miniconda_23_9/lib/python3.11/site-packages/conda/base/context.py:201: FutureWarning: Adding 'defaults' to channel list implicitly is deprecated and will be removed in 25.3. 

To remove this warning, please choose a default channel explicitly with conda's regular configuration system, e.g. by adding 'defaults' to the list of channels:

  conda config --add channels defaults

For more information see https://docs.conda.io/projects/conda/en/stable/user-guide/configuration/use-condarc.html

  deprecated.topic(
JOB 14526 ARRAY_ID 2  -> i=2 ; range=[2.0015e-10, 2.1e-10] ; intervals=6 (frames=7)
Analytic t0 extension enabled (--extend-time-using-t0).
Extending simulation time for p0=2.030e-10 from 10000000000.0 to 2.615e+10
Completed 0 % :  mod = 1.6237142857745665e-16,  Error =-1.4210854715202004e-14
Completed 0 % :  mod = 1.6288354028229008e-16,  Error =5.4335487220669165e-09
Completed 0 % :  mod = 1.6442279239752175e-16,  Error =1.0865811361782107e-08
Completed 0 % :  mod = 1.6699936322549276e-16,  Error =1.629925350243866e-08
Completed 0 % :  mod = 1.7062871106579172e-16,  Error =2.1731629828991572e-08
Completed 1 % :  mod = 1.7533403833460073e-16,  Error =2.7163743254732253e-08
Completed 1 % :  mod = 1.811459951238434e-16,  Error =3.259581404790879e-08
Completed 1 % :  mod = 1.8809944761332671e-16,  Error =3.802779957595703e-08
Completed 1 % :  mod = 1.9623905166540723e-16,  Error =4.3459849052851496e-08
Completed 2 % :  mod = 2.0561766727485318e-16,  Error =4.8893333826072194e-08
Completed 2 % :  mod = 2.1629156231715893e-16,  Error =5.4325532516941166e-08
Completed 2 % :  mod = 2.2833133552023253e-16,  Error =5.975812200631481e-08
Completed 2 % :  mod = 2.4180922182693246e-16,  Error =6.518948225675558e-08
Completed 3 % :  mod = 2.568119488497382e-16,  Error =7.062111251343595e-08
Completed 3 % :  mod = 2.734368016623837e-16,  Error =7.605452623238307e-08
Completed 3 % :  mod = 2.9178351973857656e-16,  Error =8.148631991389266e-08
Completed 3 % :  mod = 3.11970214802116e-16,  Error =8.69178862217268e-08
Completed 4 % :  mod = 3.3412774429266726e-16,  Error =9.235088072045983e-08
Completed 4 % :  mod = 3.583890272941748e-16,  Error =9.778322151987595e-08
Completed 4 % :  mod = 3.849103016290389e-16,  Error =1.0321610943719861e-07
Completed 4 % :  mod = 4.1386344084948975e-16,  Error =1.0864887656225619e-07
Completed 5 % :  mod = 4.4542213980437e-16,  Error =1.1408087630115915e-07
Completed 5 % :  mod = 4.7979515825247165e-16,  Error =1.1951316025715641e-07
Completed 5 % :  mod = 5.171886996026021e-16,  Error =1.2494506762550373e-07
Completed 5 % :  mod = 5.578436230810065e-16,  Error =1.3037679025273974e-07
Completed 6 % :  mod = 6.020233455945231e-16,  Error =1.3580966395920768e-07
Completed 6 % :  mod = 6.499929173698088e-16,  Error =1.4124099578793903e-07
Completed 6 % :  mod = 7.020613202992504e-16,  Error =1.46673293954791e-07
Completed 6 % :  mod = 7.585659238730869e-16,  Error =1.5210633819151553e-07
Completed 7 % :  mod = 8.19845705620668e-16,  Error =1.5753896320802596e-07
Completed 7 % :  mod = 8.862954074523385e-16,  Error =1.6297074267868084e-07
Completed 7 % :  mod = 9.583455664854759e-16,  Error =1.6840286320984887e-07
Completed 7 % :  mod = 1.0364284116286054e-15,  Error =1.738347847890509e-07
Completed 8 % :  mod = 1.121060457668961e-15,  Error =1.7926721085359532e-07
Completed 8 % :  mod = 1.2127494106440362e-15,  Error =1.8469925322506242e-07
Completed 8 % :  mod = 1.312085932415307e-15,  Error =1.9013138086165782e-07
Completed 8 % :  mod = 1.4197135915230235e-15,  Error =1.9556363639594565e-07
Completed 9 % :  mod = 1.5362780797766705e-15,  Error =2.0099592035194291e-07
Completed 9 % :  mod = 1.6625302853699416e-15,  Error =2.0642843878704298e-07
Completed 9 % :  mod = 1.7992881820849795e-15,  Error =2.1186152565633165e-07
Completed 9 % :  mod = 1.9473721910728654e-15,  Error =2.1729418619997887e-07
Completed 10 % :  mod = 2.1077618669045136e-15,  Error =2.227272943855496e-07
Completed 10 % :  mod = 2.2814194002856126e-15,  Error =2.281597915043676e-07
Completed 10 % :  mod = 2.469463501606045e-15,  Error =2.3359139333933854e-07
Completed 10 % :  mod = 2.673112450692086e-15,  Error =2.390252547002092e-07
Completed 11 % :  mod = 2.8935879693719375e-15,  Error =2.444569915382999e-07
Completed 11 % :  mod = 3.132310373131166e-15,  Error =2.4988924707258775e-07
Completed 11 % :  mod = 3.3908262686512275e-15,  Error =2.5532251157756036e-07
Completed 11 % :  mod = 3.6706865443589215e-15,  Error =2.607543336807794e-07
Completed 12 % :  mod = 3.973694061647509e-15,  Error =2.661860847297248e-07
Completed 12 % :  mod = 4.301811923958902e-15,  Error =2.716187026408079e-07
Completed 12 % :  mod = 4.657008548026276e-15,  Error =2.770506597471467e-07
Completed 12 % :  mod = 5.041633486250958e-15,  Error =2.824835050319052e-07
Completed 13 % :  mod = 5.457994155642942e-15,  Error =2.879155545087997e-07
Completed 13 % :  mod = 5.908772783637021e-15,  Error =2.9334741924458285e-07
Completed 13 % :  mod = 6.396889817619393e-15,  Error =2.987809821775045e-07
Completed 13 % :  mod = 6.925273553110809e-15,  Error =3.042126053287575e-07
Completed 14 % :  mod = 7.497327868524019e-15,  Error =3.0964460506766045e-07
Completed 14 % :  mod = 8.116758919451701e-15,  Error =3.150771448190426e-07
Completed 14 % :  mod = 8.787282767853252e-15,  Error =3.2050878928657767e-07
Completed 14 % :  mod = 9.513218966035168e-15,  Error =3.25940895606891e-07
Completed 15 % :  mod = 1.0299270621165191e-14,  Error =3.3137398247617966e-07
Completed 15 % :  mod = 1.1150153371421866e-14,  Error =3.3680602484764677e-07
Completed 15 % :  mod = 1.2071495619217978e-14,  Error =3.422387635509949e-07
Completed 15 % :  mod = 1.3068824627230928e-14,  Error =3.476711754046846e-07
Completed 16 % :  mod = 1.4148565262529875e-14,  Error =3.531033385684168e-07
Completed 16 % :  mod = 1.5317712794789592e-14,  Error =3.5853638280514133e-07
Completed 16 % :  mod = 1.6583281118173332e-14,  Error =3.639682759626339e-07
Completed 16 % :  mod = 1.7953423094422142e-14,  Error =3.6940036807209253e-07
Completed 17 % :  mod = 1.9437015409465288e-14,  Error =3.7483314940800483e-07
Completed 17 % :  mod = 2.1042958343990322e-14,  Error =3.802655683671219e-07
Completed 17 % :  mod = 2.278159746969989e-14,  Error =3.8569702809354567e-07
Completed 17 % :  mod = 2.4664196832196753e-14,  Error =3.9113080418928803e-07
Completed 18 % :  mod = 2.6702050386487064e-14,  Error =3.9656354999806354e-07
Completed 18 % :  mod = 2.890863802008592e-14,  Error =4.0199654449679656e-07
Completed 18 % :  mod = 3.129719731128625e-14,  Error =4.074286437116825e-07
Completed 18 % :  mod = 3.388311544969944e-14,  Error =4.128597552721658e-07
Completed 19 % :  mod = 3.668314561404323e-14,  Error =4.182920463335904e-07
Completed 19 % :  mod = 3.9714085492796944e-14,  Error =4.237240531779207e-07
Completed 19 % :  mod = 4.299546040835177e-14,  Error =4.291550297352842e-07
Completed 19 % :  mod = 4.6548529082879084e-14,  Error =4.345877755440597e-07
Completed 20 % :  mod = 5.0394606618560443e-14,  Error =4.40019981340356e-07
Completed 20 % :  mod = 5.4559133539641413e-14,  Error =4.45453153474773e-07
Completed 20 % :  mod = 5.906709300049339e-14,  Error =4.50884876102009e-07
Completed 20 % :  mod = 6.394752494317105e-14,  Error =4.5631726663941663e-07
Completed 21 % :  mod = 6.923204728986598e-14,  Error =4.6175059509323546e-07
Completed 21 % :  mod = 7.495236167189684e-14,  Error =4.6718255930500163e-07
Completed 21 % :  mod = 8.114531747083004e-14,  Error =4.7261533353548657e-07
Completed 21 % :  mod = 8.78510351366453e-14,  Error =4.780479159194329e-07
Completed 22 % :  mod = 9.510974123268789e-14,  Error =4.834800719777377e-07
Completed 22 % :  mod = 1.0296819415768077e-13,  Error =4.889122209306151e-07
Completed 22 % :  mod = 1.114773028584873e-13,  Error =4.943444338323388e-07
Completed 22 % :  mod = 1.2068811048489077e-13,  Error =4.997766893666267e-07
Completed 23 % :  mod = 1.306615389201284e-13,  Error =5.052099467661719e-07
Completed 23 % :  mod = 1.4145741336822764e-13,  Error =5.106416196554164e-07
Completed 23 % :  mod = 1.531452727622839e-13,  Error =5.160736193943194e-07
Completed 23 % :  mod = 1.6580082769415273e-13,  Error =5.215066565256166e-07
Completed 24 % :  mod = 1.794999865553571e-13,  Error =5.269384431016988e-07
Completed 24 % :  mod = 1.9433098223554733e-13,  Error =5.323708265336791e-07
Completed 24 % :  mod = 2.1038987689791887e-13,  Error =5.378037286618564e-07
Completed 24 % :  mod = 2.2777298124691973e-13,  Error =5.43235124439434e-07
Completed 25 % :  mod = 2.4659224149209333e-13,  Error =5.486668825938068e-07
Completed 25 % :  mod = 2.669695344865182e-13,  Error =5.541001115716426e-07
Completed 25 % :  mod = 2.890270472377454e-13,  Error =5.595317347228956e-07
Completed 25 % :  mod = 3.1291060951259327e-13,  Error =5.649646297456457e-07
Completed 26 % :  mod = 3.387634066219419e-13,  Error =5.703969989667712e-07
Completed 26 % :  mod = 3.6675186243134047e-13,  Error =5.758291834467855e-07
Completed 26 % :  mod = 3.970571503709088e-13,  Error =5.812612116073979e-07
Completed 26 % :  mod = 4.2986088053775776e-13,  Error =5.866932326625829e-07
Completed 27 % :  mod = 4.653741282795615e-13,  Error =5.921252466123406e-07
Completed 27 % :  mod = 5.038266563146406e-13,  Error =5.975578574179963e-07
Completed 27 % :  mod = 5.454487468207107e-13,  Error =6.02989892684036e-07
Completed 27 % :  mod = 5.905080242309156e-13,  Error =6.084218853175116e-07
Completed 28 % :  mod = 6.39295767341925e-13,  Error =6.138543326983381e-07
Completed 28 % :  mod = 6.921038430177661e-13,  Error =6.192859061115996e-07
Completed 28 % :  mod = 7.492805258495934e-13,  Error =6.247184529684091e-07
Completed 28 % :  mod = 8.111675100498311e-13,  Error =6.301504669181668e-07
Completed 29 % :  mod = 8.781618052173316e-13,  Error =6.355820190151462e-07
Completed 29 % :  mod = 9.506953226069282e-13,  Error =6.410150632518707e-07
Completed 29 % :  mod = 1.0292005109267158e-12,  Error =6.464461890232087e-07
Completed 29 % :  mod = 1.1141796941980153e-12,  Error =6.518779471775815e-07
Completed 30 % :  mod = 1.206179089774984e-12,  Error =6.573106290375108e-07
Completed 30 % :  mod = 1.3057451215666885e-12,  Error =6.627428987826534e-07
Completed 30 % :  mod = 1.4135294240694049e-12,  Error =6.681760496007882e-07
Completed 30 % :  mod = 1.5301697705634414e-12,  Error =6.736076798574686e-07
Completed 31 % :  mod = 1.6564063597399472e-12,  Error =6.790387558908151e-07
Completed 31 % :  mod = 1.7930428033952272e-12,  Error =6.844710895848038e-07
Completed 31 % :  mod = 1.940880768692519e-12,  Error =6.899022650941333e-07
Completed 31 % :  mod = 2.1008497842714876e-12,  Error =6.953336537662835e-07
Completed 32 % :  mod = 2.2739572194044476e-12,  Error =7.00765603767195e-07
Completed 32 % :  mod = 2.461204817487976e-12,  Error =7.061963813725924e-07
Completed 32 % :  mod = 2.663752289166795e-12,  Error =7.116275853036313e-07
Completed 32 % :  mod = 2.8828527983750937e-12,  Error =7.170588887106533e-07
Completed 33 % :  mod = 3.119745983125548e-12,  Error =7.224897160540422e-07
Completed 33 % :  mod = 3.375904109496282e-12,  Error =7.279202094423454e-07
Completed 33 % :  mod = 3.652744003202962e-12,  Error =7.333502267670156e-07
Completed 33 % :  mod = 3.951897442447923e-12,  Error =7.387799243474547e-07
Completed 34 % :  mod = 4.275110433504258e-12,  Error =7.442097498255862e-07
Completed 34 % :  mod = 4.624079283388008e-12,  Error =7.496384100136311e-07
Completed 34 % :  mod = 5.00074563666235e-12,  Error =7.550661749178289e-07
Completed 34 % :  mod = 5.407162313153765e-12,  Error =7.604938403460437e-07
Completed 35 % :  mod = 5.845279047747973e-12,  Error =7.659209657617794e-07
Completed 35 % :  mod = 6.3173031289946655e-12,  Error =7.713471106285397e-07
Completed 35 % :  mod = 6.82551724599419e-12,  Error =7.767736249775226e-07
Completed 35 % :  mod = 7.371996330933907e-12,  Error =7.821966221399634e-07
Completed 36 % :  mod = 7.959132695014192e-12,  Error =7.8761933508531e-07
Completed 36 % :  mod = 8.588917602268842e-12,  Error =7.930390140131749e-07
Completed 36 % :  mod = 9.263495925129741e-12,  Error =7.984578900277484e-07
Completed 36 % :  mod = 9.98485048316162e-12,  Error =8.038750465289013e-07
Completed 37 % :  mod = 1.0754343638399406e-11,  Error =8.092889700606065e-07
Completed 37 % :  mod = 1.1573262671853698e-11,  Error =8.147003427438904e-07
Completed 37 % :  mod = 1.2442379216279316e-11,  Error =8.201087950965302e-07
Completed 37 % :  mod = 1.3361345768186854e-11,  Error =8.255130268253197e-07
Completed 38 % :  mod = 1.4329297753712336e-11,  Error =8.309125902883352e-07
Completed 38 % :  mod = 1.5344263089951763e-11,  Error =8.363084518236974e-07
Completed 38 % :  mod = 1.6402414855175843e-11,  Error =8.416993253490546e-07
Completed 38 % :  mod = 1.749891533632721e-11,  Error =8.470844363728247e-07
Completed 39 % :  mod = 1.862635971831283e-11,  Error =8.524618451133392e-07
Completed 39 % :  mod = 1.9775696523439742e-11,  Error =8.578315018326066e-07
Completed 39 % :  mod = 2.0935543465294316e-11,  Error =8.631949484083634e-07
Completed 39 % :  mod = 2.2091527541044913e-11,  Error =8.685491792448374e-07
Completed 40 % :  mod = 2.3227366902728076e-11,  Error =8.738950967313031e-07
Completed 40 % :  mod = 2.4324500568573722e-11,  Error =8.792325374429311e-07
Completed 40 % :  mod = 2.5361979834592915e-11,  Error =8.8456107505408e-07
Completed 40 % :  mod = 2.631823294100871e-11,  Error =8.898822656533412e-07
Completed 41 % :  mod = 2.7170652138311742e-11,  Error =8.951942191970375e-07
Completed 41 % :  mod = 2.7897698527561763e-11,  Error =9.004995149552997e-07
Completed 41 % :  mod = 2.8479563215148825e-11,  Error =9.057987426785985e-07
Completed 41 % :  mod = 2.889921060424848e-11,  Error =9.110923926414216e-07
Completed 42 % :  mod = 2.914405270827361e-11,  Error =9.16382610682831e-07
Completed 42 % :  mod = 2.920647313885278e-11,  Error =9.216731555738988e-07
Completed 42 % :  mod = 2.908448745063748e-11,  Error =9.269623504337687e-07
Completed 42 % :  mod = 2.878195072873524e-11,  Error =9.322538687683846e-07
Completed 43 % :  mod = 2.8308114444969003e-11,  Error =9.375506380138177e-07
Completed 43 % :  mod = 2.767727695915196e-11,  Error =9.428504768038692e-07
Completed 43 % :  mod = 2.690721870941718e-11,  Error =9.481580747205953e-07
Completed 43 % :  mod = 2.6018784155518175e-11,  Error =9.534720248893791e-07
Completed 44 % :  mod = 2.5033883356465228e-11,  Error =9.587940468236411e-07
Completed 44 % :  mod = 2.397462795878012e-11,  Error =9.64126378732999e-07
Completed 44 % :  mod = 2.2862897377871275e-11,  Error =9.694662779224927e-07
Completed 44 % :  mod = 2.1718589218472342e-11,  Error =9.748140072929345e-07
Completed 45 % :  mod = 2.0559548210350533e-11,  Error =9.801712721468903e-07
Completed 45 % :  mod = 1.9401810200486974e-11,  Error =9.855366300826063e-07
Completed 45 % :  mod = 1.8258413007244272e-11,  Error =9.909090792348252e-07
Completed 45 % :  mod = 1.713997197732141e-11,  Error =9.962889677694875e-07
Completed 46 % :  mod = 1.6055327773532668e-11,  Error =1.0016739793172746e-06
Completed 46 % :  mod = 1.5010571971786604e-11,  Error =1.0070664160366505e-06
Completed 46 % :  mod = 1.4010624264944693e-11,  Error =1.0124622207285938e-06
Completed 46 % :  mod = 1.3058360121510442e-11,  Error =1.0178646334679797e-06
Completed 47 % :  mod = 1.2155381811215228e-11,  Error =1.0232703999690784e-06
Completed 47 % :  mod = 1.1302641328564277e-11,  Error =1.0286792218039409e-06
Completed 47 % :  mod = 1.0499825384180376e-11,  Error =1.0340907508066266e-06
Completed 47 % :  mod = 9.745993611225415e-12,  Error =1.0395062446377779e-06
Completed 48 % :  mod = 9.040051800209573e-12,  Error =1.0449240832599571e-06
Completed 48 % :  mod = 8.380193132821505e-12,  Error =1.0503433927055994e-06
Completed 48 % :  mod = 7.76438708335154e-12,  Error =1.0557647485143207e-06
Completed 48 % :  mod = 7.190720086677883e-12,  Error =1.061187774098471e-06
Completed 49 % :  mod = 6.65682143015589e-12,  Error =1.0666123984037768e-06
Completed 49 % :  mod = 6.1606239834162755e-12,  Error =1.072037470351006e-06
Completed 49 % :  mod = 5.699818296646951e-12,  Error =1.0774633949495183e-06
Completed 49 % :  mod = 5.272154572491819e-12,  Error =1.0828909324800406e-06
Completed 50 % :  mod = 4.8756383644792646e-12,  Error =1.0883199763611628e-06
Completed 50 % :  mod = 4.508154202887009e-12,  Error =1.0937474570482664e-06
Completed 50 % :  mod = 4.167693526157054e-12,  Error =1.0991774388457998e-06
Completed 50 % :  mod = 3.852498162433068e-12,  Error =1.1046066887843153e-06
Completed 51 % :  mod = 3.5607081748925096e-12,  Error =1.1100368624283874e-06
Completed 51 % :  mod = 3.290750968874198e-12,  Error =1.1154671142321604e-06
Completed 51 % :  mod = 3.0410183008578183e-12,  Error =1.1208975507770447e-06
Completed 51 % :  mod = 2.810012388717084e-12,  Error =1.126328903922058e-06
Completed 52 % :  mod = 2.5964351272993866e-12,  Error =1.1317606904981403e-06
Completed 52 % :  mod = 2.3989721414428318e-12,  Error =1.137191709688068e-06
Completed 52 % :  mod = 2.2164059959998834e-12,  Error =1.1426230415167993e-06
Completed 52 % :  mod = 2.047684591656329e-12,  Error =1.1480545367703598e-06
Completed 53 % :  mod = 1.891748902702287e-12,  Error =1.1534862593975959e-06
Completed 53 % :  mod = 1.7476212124131671e-12,  Error =1.1589184509830375e-06
Completed 53 % :  mod = 1.6144580536155043e-12,  Error =1.1643497828117688e-06
Completed 53 % :  mod = 1.4913952868400997e-12,  Error =1.1697818820266548e-06
Completed 54 % :  mod = 1.3777078082641815e-12,  Error =1.175212950954574e-06
Completed 54 % :  mod = 1.272669465247369e-12,  Error =1.1806446664763826e-06
Completed 54 % :  mod = 1.1756117739453062e-12,  Error =1.186077710713107e-06
Completed 54 % :  mod = 1.0859589236415034e-12,  Error =1.1915102220427798e-06
Completed 55 % :  mod = 1.003135174076234e-12,  Error =1.1969421436219818e-06
Completed 55 % :  mod = 9.2661097636456e-13,  Error =1.202375898401442e-06
Completed 55 % :  mod = 8.559304107550417e-13,  Error =1.2078080331434649e-06
Completed 55 % :  mod = 7.906380543079466e-13,  Error =1.2132400541986499e-06
Completed 56 % :  mod = 7.303152515211332e-13,  Error =1.2186720113049887e-06
Completed 56 % :  mod = 6.746016641240004e-13,  Error =1.2241040039384643e-06
Completed 56 % :  mod = 6.231299795531074e-13,  Error =1.2295368421177955e-06
Completed 56 % :  mod = 5.755923723904573e-13,  Error =1.2349688844892626e-06
Completed 57 % :  mod = 5.316816200564788e-13,  Error =1.2404014242406447e-06
Completed 57 % :  mod = 4.911154432138351e-13,  Error =1.24583392846489e-06
Completed 57 % :  mod = 4.5365094950683065e-13,  Error =1.2512656368812713e-06
Completed 57 % :  mod = 4.1904578955606476e-13,  Error =1.2566984821660299e-06
Completed 58 % :  mod = 3.870773267298512e-13,  Error =1.2621310645499761e-06
Completed 58 % :  mod = 3.575540074023966e-13,  Error =1.2675631140268706e-06
Completed 58 % :  mod = 3.30280723066278e-13,  Error =1.2729956040402612e-06
Completed 58 % :  mod = 3.0509399992885777e-13,  Error =1.2784280514210877e-06
Completed 59 % :  mod = 2.8183077384018844e-13,  Error =1.2838599303677256e-06
Completed 59 % :  mod = 2.60341270510411e-13,  Error =1.289292654860219e-06
Completed 59 % :  mod = 2.4049664096211287e-13,  Error =1.294724555123139e-06
Completed 59 % :  mod = 2.221683729998667e-13,  Error =1.3001563203829392e-06
Completed 60 % :  mod = 2.0523843847980508e-13,  Error =1.3055890164537232e-06
Completed 60 % :  mod = 1.8960530624048616e-13,  Error =1.3110210588251903e-06
Completed 60 % :  mod = 1.7516772069382804e-13,  Error =1.3164536056819998e-06
Completed 60 % :  mod = 1.6183269571679807e-13,  Error =1.3218869341358186e-06
Completed 61 % :  mod = 1.495202490748115e-13,  Error =1.3273191186158328e-06
Completed 61 % :  mod = 1.3814894993726834e-13,  Error =1.3327516725780697e-06
Completed 61 % :  mod = 1.276505904141251e-13,  Error =1.338184532073683e-06
Completed 61 % :  mod = 1.1795716240044592e-13,  Error =1.3436167449754066e-06
Completed 62 % :  mod = 1.0900622744909842e-13,  Error =1.3490489365608482e-06
Completed 62 % :  mod = 1.0074409255979935e-13,  Error =1.3544804602361182e-06
Completed 62 % :  mod = 9.311723292227902e-14,  Error =1.3599122610230552e-06
Completed 62 % :  mod = 8.607652007552157e-14,  Error =1.3653453336814891e-06
Completed 63 % :  mod = 7.957971811809984e-14,  Error =1.370777390263811e-06
Completed 63 % :  mod = 7.358473694894068e-14,  Error =1.376210306602843e-06
Completed 63 % :  mod = 6.80529594818631e-14,  Error =1.3816431234658921e-06
Completed 63 % :  mod = 6.295120089885627e-14,  Error =1.387075279524197e-06
Completed 64 % :  mod = 5.824571517083132e-14,  Error =1.3925078690135706e-06
Completed 64 % :  mod = 5.390827406465657e-14,  Error =1.3979398048036273e-06
Completed 64 % :  mod = 4.991077524838055e-14,  Error =1.4033712787409058e-06
Completed 64 % :  mod = 4.6227469198287715e-14,  Error =1.4088034490100654e-06
Completed 65 % :  mod = 4.2836259541038543e-14,  Error =1.4142351574264467e-06
Completed 65 % :  mod = 3.971517339500001e-14,  Error =1.4196673703281704e-06
Completed 65 % :  mod = 3.684410754531336e-14,  Error =1.4251009261556646e-06
Completed 65 % :  mod = 3.420583816915411e-14,  Error =1.4305331603736704e-06
Completed 66 % :  mod = 3.1783269616160853e-14,  Error =1.4359645348349659e-06
Completed 66 % :  mod = 2.956079918928927e-14,  Error =1.4413975435445536e-06
Completed 66 % :  mod = 2.752509401464547e-14,  Error =1.446829351436918e-06
Completed 66 % :  mod = 2.566268842193283e-14,  Error =1.4522624809387708e-06
Completed 67 % :  mod = 2.3962409581908354e-14,  Error =1.4576945588373746e-06
Completed 67 % :  mod = 2.241323707604525e-14,  Error =1.4631260469855079e-06
Completed 67 % :  mod = 2.1005196354475074e-14,  Error =1.468559538864156e-06
Completed 67 % :  mod = 1.972984040025988e-14,  Error =1.4739918867689994e-06
Completed 68 % :  mod = 1.8578900354053375e-14,  Error =1.4794243909932447e-06
Completed 68 % :  mod = 1.7544968558336622e-14,  Error =1.4848573002268495e-06
Completed 68 % :  mod = 1.6621842279345207e-14,  Error =1.4902896765534024e-06
Completed 68 % :  mod = 1.580341526131866e-14,  Error =1.4957227492118363e-06
Completed 69 % :  mod = 1.5084777621064652e-14,  Error =1.5011547702670214e-06
Completed 69 % :  mod = 1.4461264279182944e-14,  Error =1.5065861944663084e-06
Completed 69 % :  mod = 1.3928868552181125e-14,  Error =1.5120195442364093e-06
Completed 69 % :  mod = 1.348439652671079e-14,  Error =1.517451380550483e-06
Completed 70 % :  mod = 1.3124956845208232e-14,  Error =1.5228830747560096e-06
Completed 70 % :  mod = 1.284824670752035e-14,  Error =1.5283159342516228e-06
Completed 70 % :  mod = 1.265260609135302e-14,  Error =1.5337486303224068e-06
Completed 70 % :  mod = 1.253675255640896e-14,  Error =1.5391805661124636e-06
Completed 71 % :  mod = 1.2499955944984795e-14,  Error =1.5446139371988465e-06
Completed 71 % :  mod = 1.2541995496533707e-14,  Error =1.5500462708928353e-06
Completed 71 % :  mod = 1.2663149311038793e-14,  Error =1.5554793932892608e-06
Completed 71 % :  mod = 1.286414419684573e-14,  Error =1.5609109098591034e-06
Completed 72 % :  mod = 1.3146260140834104e-14,  Error =1.5663434922430497e-06
Completed 72 % :  mod = 1.3511338595009391e-14,  Error =1.5717763091060988e-06
Completed 72 % :  mod = 1.3961569725184116e-14,  Error =1.5772089554388913e-06
Completed 72 % :  mod = 1.4499842242616107e-14,  Error =1.582641267816598e-06
Completed 73 % :  mod = 1.5129654246191075e-14,  Error =1.588074361791314e-06
Completed 73 % :  mod = 1.5854784088135756e-14,  Error =1.5935066528527386e-06
Completed 73 % :  mod = 1.6679893868552617e-14,  Error =1.5989385317993765e-06
Completed 73 % :  mod = 1.7610337745618677e-14,  Error =1.6043715262981095e-06
Completed 74 % :  mod = 1.865169758337639e-14,  Error =1.6098037178835511e-06
Completed 74 % :  mod = 1.9810861753347305e-14,  Error =1.6152367550148483e-06
Completed 74 % :  mod = 2.109478423860557e-14,  Error =1.6206688613351616e-06
Completed 74 % :  mod = 2.251172995879132e-14,  Error =1.6261011239748768e-06
Completed 75 % :  mod = 2.4070884544554782e-14,  Error =1.6315337205696778e-06
Completed 75 % :  mod = 2.5781601594668544e-14,  Error =1.6369659761039657e-06
Completed 75 % :  mod = 2.7654896752604217e-14,  Error =1.642397229772996e-06
Completed 75 % :  mod = 2.9702910964128995e-14,  Error =1.6478295563615575e-06
Completed 76 % :  mod = 3.1937930547298135e-14,  Error =1.6532616129438793e-06
Completed 76 % :  mod = 3.4374349729743444e-14,  Error =1.65869372636962e-06
Completed 76 % :  mod = 3.702795675054901e-14,  Error =1.6641266356032247e-06
Completed 76 % :  mod = 3.991467088568507e-14,  Error =1.6695595235205474e-06
Completed 77 % :  mod = 4.305358694027777e-14,  Error =1.6749923830161606e-06
Completed 77 % :  mod = 4.646353554743391e-14,  Error =1.6804245817070296e-06
Completed 77 % :  mod = 5.016648100249666e-14,  Error =1.6858564393373854e-06
Completed 77 % :  mod = 5.4186415513386805e-14,  Error =1.691288950667058e-06
Completed 78 % :  mod = 5.854745488643793e-14,  Error =1.6967214122587393e-06
Completed 78 % :  mod = 6.327769063061526e-14,  Error =1.702153269889095e-06
Completed 78 % :  mod = 6.84077695698586e-14,  Error =1.7075865059723583e-06
Completed 78 % :  mod = 7.396846692241033e-14,  Error =1.7130187117686546e-06
Completed 79 % :  mod = 7.999656424242254e-14,  Error =1.7184514788937122e-06
Completed 79 % :  mod = 8.65282235248896e-14,  Error =1.723883414683769e-06
Completed 79 % :  mod = 9.360551887186745e-14,  Error =1.7293162173359633e-06
Completed 79 % :  mod = 1.0127430058355703e-13,  Error =1.7347491478858501e-06
Completed 80 % :  mod = 1.0958057174253806e-13,  Error =1.7401803091843249e-06
Completed 80 % :  mod = 1.185778368812128e-13,  Error =1.7456125576131853e-06
Completed 80 % :  mod = 1.283243822323213e-13,  Error =1.7510455521119184e-06
Completed 80 % :  mod = 1.3887867240245128e-13,  Error =1.7564773031608638e-06
Completed 81 % :  mod = 1.5030868978290544e-13,  Error =1.7619093526377583e-06
Completed 81 % :  mod = 1.6268847604526338e-13,  Error =1.7673424537179017e-06
Completed 81 % :  mod = 1.7609228616327413e-13,  Error =1.7727746453033433e-06
Completed 81 % :  mod = 1.906087663777874e-13,  Error =1.7782072134764348e-06
Completed 82 % :  mod = 2.063249818639196e-13,  Error =1.7836397177006802e-06
Completed 82 % :  mod = 2.2334214977728704e-13,  Error =1.7890710850565483e-06
Completed 82 % :  mod = 2.4177048464575874e-13,  Error =1.7945039658684436e-06
Completed 82 % :  mod = 2.617204969532245e-13,  Error =1.7999358590259362e-06
Completed 83 % :  mod = 2.833206498381832e-13,  Error =1.8053676313911637e-06
Completed 83 % :  mod = 3.067108130420255e-13,  Error =1.8108007395767345e-06
Completed 83 % :  mod = 3.320312178220684e-13,  Error =1.8162327037885007e-06
Completed 83 % :  mod = 3.594448654306346e-13,  Error =1.8216642629909074e-06
Completed 84 % :  mod = 3.8912921508137616e-13,  Error =1.8270964190492123e-06
Completed 84 % :  mod = 4.212621637009578e-13,  Error =1.8325285608966624e-06
Completed 84 % :  mod = 4.560560296213528e-13,  Error =1.8379615838171048e-06
Completed 84 % :  mod = 4.937192500701387e-13,  Error =1.8433935906614352e-06
Completed 85 % :  mod = 5.344940777332317e-13,  Error =1.8488258035631588e-06
Completed 85 % :  mod = 5.786442014435324e-13,  Error =1.8542590254355673e-06
Completed 85 % :  mod = 6.264338784299101e-13,  Error =1.8596907480628033e-06
Completed 85 % :  mod = 6.781702041175256e-13,  Error =1.8651224564791846e-06
Completed 86 % :  mod = 7.341873843017799e-13,  Error =1.8705553301856526e-06
Completed 86 % :  mod = 7.948202359753145e-13,  Error =1.8759874720331027e-06
Completed 86 % :  mod = 8.604577891871565e-13,  Error =1.8814193936123047e-06
Completed 86 % :  mod = 9.315232921560538e-13,  Error =1.8868526154847132e-06
Completed 87 % :  mod = 1.0084405472334407e-12,  Error =1.892283975735154e-06
Completed 87 % :  mod = 1.091715132883083e-12,  Error =1.8977165225919634e-06
Completed 87 % :  mod = 1.1818425527544032e-12,  Error =1.9031484015386013e-06
Completed 87 % :  mod = 1.2793982496027281e-12,  Error =1.9085791507222893e-06
Completed 88 % :  mod = 1.3850076939472527e-12,  Error =1.9140116478411073e-06
Completed 88 % :  mod = 1.4992961373816737e-12,  Error =1.919443839426549e-06
Completed 88 % :  mod = 1.6229892932711767e-12,  Error =1.9248752778366907e-06
Completed 88 % :  mod = 1.7568751406212611e-12,  Error =1.930307917064056e-06
Completed 89 % :  mod = 1.9017399157448925e-12,  Error =1.935737955705008e-06
Completed 89 % :  mod = 2.058520347750519e-12,  Error =1.9411696285942526e-06
Completed 89 % :  mod = 2.228129710067555e-12,  Error =1.946601237534651e-06
Completed 89 % :  mod = 2.4116260831434805e-12,  Error =1.952030999063936e-06
Completed 90 % :  mod = 2.6101544176522054e-12,  Error =1.9574628282725826e-06
Completed 90 % :  mod = 2.8248501757499706e-12,  Error =1.962893904305929e-06
Completed 90 % :  mod = 3.0570261257757227e-12,  Error =1.9683237724166247e-06
Completed 90 % :  mod = 3.3080972661089075e-12,  Error =1.973754983453091e-06
Completed 91 % :  mod = 3.57945696457469e-12,  Error =1.979184894196351e-06
Completed 91 % :  mod = 3.872710608206035e-12,  Error =1.984614115713157e-06
Completed 91 % :  mod = 4.1895772485217834e-12,  Error =1.990043955402143e-06
Completed 91 % :  mod = 4.531729321105716e-12,  Error =1.995472516114205e-06
Completed 92 % :  mod = 4.9011412630427724e-12,  Error =2.0009017802635753e-06
Completed 92 % :  mod = 5.2996645730350404e-12,  Error =2.0063292964778157e-06
Completed 92 % :  mod = 5.729406761385551e-12,  Error =2.011756656372654e-06
Completed 92 % :  mod = 6.192571503279094e-12,  Error =2.0171823251757814e-06
Completed 93 % :  mod = 6.691207050740639e-12,  Error =2.022607084484207e-06
Completed 93 % :  mod = 7.2276079009817755e-12,  Error =2.028030500866862e-06
Completed 93 % :  mod = 7.804095217585679e-12,  Error =2.03345377514097e-06
Completed 93 % :  mod = 8.422682303233135e-12,  Error =2.038875152265973e-06
Completed 94 % :  mod = 9.085548123487939e-12,  Error =2.0442945043441796e-06
Completed 94 % :  mod = 9.79473067454077e-12,  Error =2.04971228612294e-06
Completed 94 % :  mod = 1.0551679763042345e-11,  Error =2.0551274459990054e-06
Completed 94 % :  mod = 1.135792457864041e-11,  Error =2.0605396358064354e-06
Completed 95 % :  mod = 1.2214007998919898e-11,  Error =2.065948677909546e-06
Completed 95 % :  mod = 1.3120170656464218e-11,  Error =2.0713537054461995e-06
Completed 95 % :  mod = 1.4075824092823247e-11,  Error =2.0767548534195157e-06
Completed 95 % :  mod = 1.5078859153063215e-11,  Error =2.082150793114579e-06
Completed 96 % :  mod = 1.6126283937427432e-11,  Error =2.087541645323654e-06
Completed 96 % :  mod = 1.721355593472247e-11,  Error =2.0929274597847325e-06
Completed 96 % :  mod = 1.8333788209634727e-11,  Error =2.0983062896107185e-06
Completed 96 % :  mod = 1.9478501685643135e-11,  Error =2.1036782626993045e-06
Completed 97 % :  mod = 2.063693171089392e-11,  Error =2.1090433079962168e-06
Completed 97 % :  mod = 2.1795342021857037e-11,  Error =2.1144004946904715e-06
Completed 97 % :  mod = 2.2938242483011937e-11,  Error =2.119749666462667e-06
Completed 97 % :  mod = 2.404711019861618e-11,  Error =2.1250889901125447e-06
Completed 98 % :  mod = 2.510194807927912e-11,  Error =2.1304198085658754e-06
Completed 98 % :  mod = 2.60812725512819e-11,  Error =2.135742555253728e-06
Completed 98 % :  mod = 2.6962486267222742e-11,  Error =2.141056754112469e-06
Completed 98 % :  mod = 2.772378465676155e-11,  Error =2.1463633785856473e-06
Completed 99 % :  mod = 2.834478281001073e-11,  Error =2.151664133975828e-06
Completed 99 % :  mod = 2.880753876650375e-11,  Error =2.156959133969849e-06
Completed 99 % :  mod = 2.9098330877209983e-11,  Error =2.1622515760100214e-06
Completed 99 % :  mod = 2.920808133175409e-11,  Error =2.1675407211318998e-06
Completed 100 % :  mod = 2.913339889719901e-11,  Error =2.172829880464633e-06
Finished 3/7 frames
Finished all frames!
