/opt/local/miniconda_23_9/lib/python3.11/site-packages/conda/base/context.py:201: FutureWarning: Adding 'defaults' to channel list implicitly is deprecated and will be removed in 25.3. 

To remove this warning, please choose a default channel explicitly with conda's regular configuration system, e.g. by adding 'defaults' to the list of channels:

  conda config --add channels defaults

For more information see https://docs.conda.io/projects/conda/en/stable/user-guide/configuration/use-condarc.html

  deprecated.topic(
JOB 14501 ARRAY_ID 29  -> i=29 ; range=[1.9e-10, 5.0e-10] ; intervals=30 (frames=31)
Analytic t0 extension enabled (--extend-time-using-t0).
THIS SHOULD ONLY BE REACHED ONCE
Completed 0 % :  mod = 3.840000000148747e-16,  Error =-1.4210854715202004e-14
Completed 0 % :  mod = 3.8549688900561265e-16,  Error =1.9438800791249378e-08
Completed 0 % :  mod = 3.8999116641440516e-16,  Error =3.8851659667216154e-08
Completed 0 % :  mod = 3.9752994617419656e-16,  Error =5.8290744675559836e-08
Completed 0 % :  mod = 4.081516156692639e-16,  Error =7.770370302750962e-08
Completed 1 % :  mod = 4.2196752168186297e-16,  Error =9.71430225149561e-08
Completed 1 % :  mod = 4.3904802398810235e-16,  Error =1.1655582454750402e-07
Completed 1 % :  mod = 4.595721689334964e-16,  Error =1.3599495218841184e-07
Completed 1 % :  mod = 4.836444821621747e-16,  Error =1.5540794606749841e-07
Completed 2 % :  mod = 5.11517301117056e-16,  Error =1.7484690317814966e-07
Completed 2 % :  mod = 5.433325805378071e-16,  Error =1.942599681115098e-07
Completed 2 % :  mod = 5.794238181407136e-16,  Error =2.1369912417412706e-07
Completed 2 % :  mod = 6.199748240044374e-16,  Error =2.3311221042376928e-07
Completed 3 % :  mod = 6.65410674458446e-16,  Error =2.525511888507026e-07
Completed 3 % :  mod = 7.159627606645966e-16,  Error =2.719641969406439e-07
Completed 3 % :  mod = 7.720817380652336e-16,  Error =2.9137719081973046e-07
Completed 3 % :  mod = 8.342915893892577e-16,  Error =3.1081600582183455e-07
Completed 4 % :  mod = 9.029091328762875e-16,  Error =3.302289215412202e-07
Completed 4 % :  mod = 9.786536504590038e-16,  Error =3.4966762285648656e-07
Completed 4 % :  mod = 1.0619108926461919e-15,  Error =3.6908074463326557e-07
Completed 4 % :  mod = 1.1535536112915066e-15,  Error =3.885195880570791e-07
Completed 5 % :  mod = 1.2540485165858015e-15,  Error =4.079326387795845e-07
Completed 5 % :  mod = 1.3644490546788213e-15,  Error =4.2737143246540654e-07
Completed 5 % :  mod = 1.4853174594057376e-15,  Error =4.4678433397393746e-07
Completed 5 % :  mod = 1.6179207574319981e-15,  Error =4.6622326976830664e-07
Completed 6 % :  mod = 1.7629342422592839e-15,  Error =4.856359865357263e-07
Completed 6 % :  mod = 1.9218780443787988e-15,  Error =5.05075171020053e-07
Completed 6 % :  mod = 2.095561609857558e-15,  Error =5.244882785859772e-07
Completed 6 % :  mod = 2.2855390030306244e-15,  Error =5.439012724650638e-07
Completed 7 % :  mod = 2.4935788686033296e-15,  Error =5.633403148408433e-07
Completed 7 % :  mod = 2.7207406981749253e-15,  Error =5.827533726687761e-07
Completed 7 % :  mod = 2.969405745378424e-15,  Error =6.021921592491708e-07
Completed 7 % :  mod = 3.240840376375554e-15,  Error =6.21605046546847e-07
Completed 8 % :  mod = 3.5378899392382897e-15,  Error =6.410437762838228e-07
Completed 8 % :  mod = 3.86206721206296e-15,  Error =6.604566848977811e-07
Completed 8 % :  mod = 4.216770433544897e-15,  Error =6.798955993758682e-07
Completed 8 % :  mod = 4.603805977337942e-15,  Error =6.993085506223906e-07
Completed 9 % :  mod = 5.027230997462978e-15,  Error =7.187474864167598e-07
Completed 9 % :  mod = 5.489201868577328e-15,  Error =7.381603452927266e-07
Completed 9 % :  mod = 5.99456124719888e-15,  Error =7.575992881925231e-07
Completed 9 % :  mod = 6.5458827771770085e-15,  Error =7.770123104933191e-07
Completed 10 % :  mod = 7.14894573908182e-15,  Error =7.964513457636713e-07
Completed 10 % :  mod = 7.806821371602867e-15,  Error =8.158642614830569e-07
Completed 10 % :  mod = 8.525398122678395e-15,  Error =8.352773619435538e-07
Completed 10 % :  mod = 9.311363965729782e-15,  Error =8.547163403704872e-07
Completed 11 % :  mod = 1.01687215795579e-14,  Error =8.741292703007275e-07
Completed 11 % :  mod = 1.1106458309642278e-14,  Error =8.93568312676507e-07
Completed 11 % :  mod = 1.2129349762481124e-14,  Error =9.129816476161068e-07
Completed 11 % :  mod = 1.3248118500856768e-14,  Error =9.324206260430401e-07
Completed 12 % :  mod = 1.446846209643841e-14,  Error =9.518335346569984e-07
Completed 12 % :  mod = 1.580317290298265e-14,  Error =9.712727120358977e-07
Completed 12 % :  mod = 1.7259048220097684e-14,  Error =9.906857840746852e-07
Completed 12 % :  mod = 1.8851349410143924e-14,  Error =1.0101248193450374e-06
Completed 13 % :  mod = 2.058818558440094e-14,  Error =1.0295378629621155e-06
Completed 13 % :  mod = 2.248776331261262e-14,  Error =1.048976706385929e-06
Completed 13 % :  mod = 2.4559756564687e-14,  Error =1.0683898139518533e-06
Completed 13 % :  mod = 2.682271167707932e-14,  Error =1.0878028859906408e-06
Completed 14 % :  mod = 2.9297690048542825e-14,  Error =1.1072418928392835e-06
Completed 14 % :  mod = 3.1997296009717804e-14,  Error =1.126654744609823e-06
Completed 14 % :  mod = 3.4949828462774204e-14,  Error =1.1460938083018846e-06
Completed 14 % :  mod = 3.817032377074197e-14,  Error =1.1655067098104155e-06
Completed 15 % :  mod = 4.1692541112296773e-14,  Error =1.184945730869913e-06
Completed 15 % :  mod = 4.553441806818026e-14,  Error =1.2043585684295977e-06
Completed 15 % :  mod = 4.973622755171768e-14,  Error =1.2237976036999498e-06
Completed 15 % :  mod = 5.431936808697915e-14,  Error =1.2432105336301902e-06
Completed 16 % :  mod = 5.933188294329323e-14,  Error =1.2626495120571235e-06
Completed 16 % :  mod = 6.479929933622541e-14,  Error =1.2820623211950988e-06
Completed 16 % :  mod = 7.077893005194987e-14,  Error =1.3015012854111774e-06
Completed 16 % :  mod = 7.730122753399347e-14,  Error =1.3209144498205205e-06
Completed 17 % :  mod = 8.443456244923995e-14,  Error =1.3403535845668557e-06
Completed 17 % :  mod = 9.22152627408827e-14,  Error =1.3597665073916687e-06
Completed 17 % :  mod = 1.0071297326295987e-13,  Error =1.3791792810025072e-06
Completed 17 % :  mod = 1.1000678242246774e-13,  Error =1.3986181457426028e-06
Completed 18 % :  mod = 1.2014402078474923e-13,  Error =1.4180309406697233e-06
Completed 18 % :  mod = 1.312309530342586e-13,  Error =1.4374698196206737e-06
Completed 18 % :  mod = 1.4332404155966567e-13,  Error =1.456882870343179e-06
Completed 18 % :  mod = 1.565500534266278e-13,  Error =1.47632172087242e-06
Completed 19 % :  mod = 1.7097634473709007e-13,  Error =1.4957347573840707e-06
Completed 19 % :  mod = 1.8675414059480473e-13,  Error =1.5151737500218587e-06
Completed 19 % :  mod = 2.0396379252748667e-13,  Error =1.5345866231086802e-06
Completed 19 % :  mod = 2.227857025254495e-13,  Error =1.5540256654844598e-06
Completed 20 % :  mod = 2.433157248606178e-13,  Error =1.5734385954147e-06
Completed 20 % :  mod = 2.657690676388396e-13,  Error =1.592877723055608e-06
Completed 20 % :  mod = 2.9026007888131446e-13,  Error =1.6122907169346945e-06
Completed 20 % :  mod = 3.170079770669185e-13,  Error =1.6317036610757896e-06
Completed 21 % :  mod = 3.462617054112875e-13,  Error =1.65114240502362e-06
Completed 21 % :  mod = 3.7817024420384683e-13,  Error =1.6705553207430057e-06
Completed 21 % :  mod = 4.1306807792283267e-13,  Error =1.689994256537375e-06
Completed 21 % :  mod = 4.511329304877064e-13,  Error =1.7094069875156492e-06
Completed 22 % :  mod = 4.927638204754753e-13,  Error =1.7288457598851892e-06
Completed 22 % :  mod = 5.381727610364431e-13,  Error =1.7482585334960277e-06
Completed 22 % :  mod = 5.87835755769353e-13,  Error =1.7676973627089865e-06
Completed 22 % :  mod = 6.420057226252395e-13,  Error =1.7871103423772183e-06
Completed 23 % :  mod = 7.012505032231767e-13,  Error =1.8065491929064592e-06
Completed 23 % :  mod = 7.658718122193342e-13,  Error =1.8259620162552892e-06
Completed 23 % :  mod = 8.36547047944911e-13,  Error =1.8454009165225216e-06
Completed 23 % :  mod = 9.136361361380624e-13,  Error =1.8648140809318647e-06
Completed 24 % :  mod = 9.97947168902042e-13,  Error =1.8842531659402084e-06
Completed 24 % :  mod = 1.089909513683825e-12,  Error =1.9036661029758761e-06
Completed 24 % :  mod = 1.1903463193066095e-12,  Error =1.923078784216159e-06
Completed 24 % :  mod = 1.3001923480766638e-12,  Error =1.9425176134291178e-06
Completed 25 % :  mod = 1.420007005506946e-12,  Error =1.9619301383499987e-06
Completed 25 % :  mod = 1.5510462522388081e-12,  Error =1.981368761505564e-06
Completed 25 % :  mod = 1.693977419472114e-12,  Error =2.0007813290590093e-06
Completed 25 % :  mod = 1.8502987825887044e-12,  Error =2.0202200516905577e-06
Completed 26 % :  mod = 2.0208064185480875e-12,  Error =2.0396325695060114e-06
Completed 26 % :  mod = 2.2072876649552197e-12,  Error =2.0590710505530296e-06
Completed 26 % :  mod = 2.4106921795642188e-12,  Error =2.078483639422757e-06
Completed 26 % :  mod = 2.633152126258243e-12,  Error =2.097922077837211e-06
Completed 27 % :  mod = 2.8758003670543653e-12,  Error =2.1173343327518523e-06
Completed 27 % :  mod = 3.1411804105213993e-12,  Error =2.136772423000366e-06
Completed 27 % :  mod = 3.4306436562870086e-12,  Error =2.1561843084327847e-06
Completed 27 % :  mod = 3.746780953169153e-12,  Error =2.175596002018665e-06
Completed 28 % :  mod = 4.092534426424438e-12,  Error =2.1950333959352974e-06
Completed 28 % :  mod = 4.46966467100643e-12,  Error =2.2144443505567324e-06
Completed 28 % :  mod = 4.88212470363002e-12,  Error =2.2338808847166547e-06
Completed 28 % :  mod = 5.332014679752479e-12,  Error =2.253291015108516e-06
Completed 29 % :  mod = 5.824050124158709e-12,  Error =2.272726490559762e-06
Completed 29 % :  mod = 6.360736180889281e-12,  Error =2.292135278025853e-06
Completed 29 % :  mod = 6.947697877882152e-12,  Error =2.3115692471264992e-06
Completed 29 % :  mod = 7.58792333947352e-12,  Error =2.3309766277179733e-06
Completed 30 % :  mod = 8.28812236790116e-12,  Error =2.35040882046178e-06
Completed 30 % :  mod = 9.051859004677865e-12,  Error =2.36981365731026e-06
Completed 30 % :  mod = 9.887136769425782e-12,  Error =2.3892430149885513e-06
Completed 30 % :  mod = 1.0798206313911646e-11,  Error =2.408644370177626e-06
Completed 31 % :  mod = 1.1793218494851704e-11,  Error =2.4280435724222116e-06
Completed 31 % :  mod = 1.2881428491870475e-11,  Error =2.447466101784812e-06
Completed 31 % :  mod = 1.4068371193752847e-11,  Error =2.4668594278409728e-06
Completed 31 % :  mod = 1.5366479648389256e-11,  Error =2.4862748233545062e-06
Completed 32 % :  mod = 1.6782352724171223e-11,  Error =2.5056596797412567e-06
Completed 32 % :  mod = 1.833081673884148e-11,  Error =2.525065312397601e-06
Completed 32 % :  mod = 2.001973702294697e-11,  Error =2.5444385300943395e-06
Completed 32 % :  mod = 2.1866790942867837e-11,  Error =2.563830122426225e-06
Completed 33 % :  mod = 2.388134978074062e-11,  Error =2.583186358151579e-06
Completed 33 % :  mod = 2.608448511132941e-11,  Error =2.602557970021735e-06
Completed 33 % :  mod = 2.848735621644072e-11,  Error =2.621890644149971e-06
Completed 33 % :  mod = 3.1115071599259366e-11,  Error =2.641233621147876e-06
Completed 34 % :  mod = 3.398090845090334e-11,  Error =2.660532274489924e-06
Completed 34 % :  mod = 3.7114769460330245e-11,  Error =2.679834942398429e-06
Completed 34 % :  mod = 4.0532431288440854e-11,  Error =2.6990855559461124e-06
Completed 34 % :  mod = 4.426424385800334e-11,  Error =2.7183053816770553e-06
Completed 35 % :  mod = 4.834461458635597e-11,  Error =2.7375141513630297e-06
Completed 35 % :  mod = 5.2793893107968755e-11,  Error =2.7566535649725665e-06
Completed 35 % :  mod = 5.7658142146534384e-11,  Error =2.775766624552034e-06
Completed 35 % :  mod = 6.2961359200294e-11,  Error =2.7947923939564134e-06
Completed 36 % :  mod = 6.875808789506207e-11,  Error =2.8137704859432233e-06
Completed 36 % :  mod = 7.50764297823562e-11,  Error =2.832637164829066e-06
Completed 36 % :  mod = 8.198067775956982e-11,  Error =2.851427076677737e-06
Completed 36 % :  mod = 8.950333696397888e-11,  Error =2.8700716043772445e-06
Completed 37 % :  mod = 9.771959341525213e-11,  Error =2.8885993756944117e-06
Completed 37 % :  mod = 1.0666620499353368e-10,  Error =2.906936835245233e-06
Completed 37 % :  mod = 1.1642984608087382e-10,  Error =2.9251041198108396e-06
Completed 37 % :  mod = 1.2705028202988747e-10,  Error =2.9430213643877323e-06
Completed 38 % :  mod = 1.386085993721066e-10,  Error =2.9606762623757277e-06
Completed 38 % :  mod = 1.5119238759577873e-10,  Error =2.9780515617972014e-06
Completed 38 % :  mod = 1.6483748963988869e-10,  Error =2.9950559579106084e-06
Completed 38 % :  mod = 1.7964666571188076e-10,  Error =3.0116868430241084e-06
Completed 39 % :  mod = 1.9563807696493111e-10,  Error =3.0278476188527748e-06
Completed 39 % :  mod = 2.128977758113954e-10,  Error =3.043528316482025e-06
Completed 39 % :  mod = 2.31398260824808e-10,  Error =3.0586335952875743e-06
Completed 39 % :  mod = 2.511706499344088e-10,  Error =3.0731521718507793e-06
Completed 40 % :  mod = 2.7208886648333196e-10,  Error =3.0869992357906995e-06
Completed 40 % :  mod = 2.940592702885148e-10,  Error =3.100174133408018e-06
Completed 40 % :  mod = 3.1677083441505306e-10,  Error =3.1126159356631433e-06
Completed 40 % :  mod = 3.399005645452956e-10,  Error =3.1243509255318713e-06
Completed 41 % :  mod = 3.6284499669499583e-10,  Error =3.1353594849292676e-06
Completed 41 % :  mod = 3.8494586830334524e-10,  Error =3.145709108309802e-06
Completed 41 % :  mod = 4.0524629203407263e-10,  Error =3.155435429391673e-06
Completed 41 % :  mod = 4.2272592192122527e-10,  Error =3.1646455838085785e-06
Completed 42 % :  mod = 4.362540953434615e-10,  Error =3.1734720238318914e-06
Completed 42 % :  mod = 4.446487292223696e-10,  Error =3.1820379788882747e-06
Completed 42 % :  mod = 4.469139090174082e-10,  Error =3.1905351178806995e-06
Completed 42 % :  mod = 4.4230385333249014e-10,  Error =3.199123824515482e-06
Completed 43 % :  mod = 4.3049112401482983e-10,  Error =3.2080157339464677e-06
Completed 43 % :  mod = 4.117398529295191e-10,  Error =3.2173639681332133e-06
Completed 43 % :  mod = 3.868403068739792e-10,  Error =3.2273490759848755e-06
Completed 43 % :  mod = 3.5726576867451413e-10,  Error =3.2380617511762466e-06
Completed 44 % :  mod = 3.247580174684554e-10,  Error =3.249604446864396e-06
Completed 44 % :  mod = 2.9138367917228806e-10,  Error =3.261971855295087e-06
Completed 44 % :  mod = 2.5891892895684787e-10,  Error =3.275181647666159e-06
Completed 44 % :  mod = 2.289679384000162e-10,  Error =3.289150491525561e-06
Completed 45 % :  mod = 2.025319982072792e-10,  Error =3.3038285351949526e-06
Completed 45 % :  mod = 1.8014569185187673e-10,  Error =3.319159873171884e-06
Completed 45 % :  mod = 1.620105190842062e-10,  Error =3.3350247861108073e-06
Completed 45 % :  mod = 1.4789793621971512e-10,  Error =3.3513904895698943e-06
Completed 46 % :  mod = 1.374475841021923e-10,  Error =3.368142770909799e-06
Completed 46 % :  mod = 1.3010112066918955e-10,  Error =3.3852626586394763e-06
Completed 46 % :  mod = 1.252834817587386e-10,  Error =3.4026477848669856e-06
Completed 46 % :  mod = 1.223619225968606e-10,  Error =3.4202946821437763e-06
Completed 47 % :  mod = 1.2072080841069277e-10,  Error =3.4381136799765954e-06
Completed 47 % :  mod = 1.1973301035957616e-10,  Error =3.4561165520585746e-06
Completed 47 % :  mod = 1.1879199564700698e-10,  Error =3.4742260410780545e-06
Completed 47 % :  mod = 1.1732736749659838e-10,  Error =3.4924687355442074e-06
Completed 48 % :  mod = 1.1487210819810153e-10,  Error =3.5107799405409423e-06
Completed 48 % :  mod = 1.1111112805281385e-10,  Error =3.5291977766860327e-06
Completed 48 % :  mod = 1.0597051008028263e-10,  Error =3.5476650381838226e-06
Completed 48 % :  mod = 9.962044914497592e-11,  Error =3.566200781790485e-06
Completed 49 % :  mod = 9.247664900351851e-11,  Error =3.584822714230995e-06
Completed 49 % :  mod = 8.518117899796353e-11,  Error =3.6034710362287115e-06
Completed 49 % :  mod = 7.843839750083611e-11,  Error =3.6221838257688432e-06
Completed 49 % :  mod = 7.296902946312145e-11,  Error =3.640897787704489e-06
Completed 50 % :  mod = 6.932922864448289e-11,  Error =3.659650239740131e-06
Completed 50 % :  mod = 6.80281665494034e-11,  Error =3.67837887438327e-06
Completed 50 % :  mod = 6.884802110688191e-11,  Error =3.697121989887364e-06
Completed 50 % :  mod = 7.185732770676469e-11,  Error =3.71581747771188e-06
Completed 51 % :  mod = 7.692882511450796e-11,  Error =3.7345007939393327e-06
Completed 51 % :  mod = 8.363044321998328e-11,  Error =3.7531057870410223e-06
Completed 51 % :  mod = 9.163302033003414e-11,  Error =3.771664985663392e-06
Completed 51 % :  mod = 1.0059988136276096e-10,  Error =3.790109836643296e-06
Completed 52 % :  mod = 1.1026416349528592e-10,  Error =3.808447367248391e-06
Completed 52 % :  mod = 1.2036895745542988e-10,  Error =3.82668450527035e-06
Completed 52 % :  mod = 1.305697775378195e-10,  Error =3.844755887882911e-06
Completed 52 % :  mod = 1.4048996150815853e-10,  Error =3.862694690326407e-06
Completed 53 % :  mod = 1.4962323691881757e-10,  Error =3.880437709824491e-06
Completed 53 % :  mod = 1.5751442964699457e-10,  Error =3.8980179155601036e-06
Completed 53 % :  mod = 1.6379880793652751e-10,  Error =3.9153723747631375e-06
Completed 53 % :  mod = 1.6843958284842858e-10,  Error =3.932528045424988e-06
Completed 54 % :  mod = 1.7178485153339795e-10,  Error =3.949410505299511e-06
Completed 54 % :  mod = 1.7466346911737042e-10,  Error =3.966026966395475e-06
Completed 54 % :  mod = 1.7827403382151199e-10,  Error =3.982282912318169e-06
Completed 54 % :  mod = 1.8403742495956806e-10,  Error =3.998163059293347e-06
Completed 55 % :  mod = 1.9328648469577023e-10,  Error =4.013562367788381e-06
Completed 55 % :  mod = 2.0704386438232096e-10,  Error =4.028438738146178e-06
Completed 55 % :  mod = 2.2582363453092584e-10,  Error =4.042747100641009e-06
Completed 55 % :  mod = 2.4944922963763356e-10,  Error =4.056383573924904e-06
Completed 56 % :  mod = 2.772972569964594e-10,  Error =4.06931848573322e-06
Completed 56 % :  mod = 3.0820048720912275e-10,  Error =4.081458158111673e-06
Completed 56 % :  mod = 3.409208532962358e-10,  Error =4.092792600829398e-06
Completed 56 % :  mod = 3.739456679286046e-10,  Error =4.10327807998101e-06
Completed 57 % :  mod = 4.0581689546977394e-10,  Error =4.1129686891849815e-06
Completed 57 % :  mod = 4.346449497949897e-10,  Error =4.121911381105292e-06
Completed 57 % :  mod = 4.582945190805182e-10,  Error =4.130253159928543e-06
Completed 57 % :  mod = 4.741523560645766e-10,  Error =4.138147993160146e-06
Completed 58 % :  mod = 4.797851329188333e-10,  Error =4.1458429009821884e-06
Completed 58 % :  mod = 4.734900472630612e-10,  Error =4.1535793329217086e-06
Completed 58 % :  mod = 4.5505245530285344e-10,  Error =4.161648035960752e-06
Completed 58 % :  mod = 4.2618003461640856e-10,  Error =4.170266478809026e-06
Completed 59 % :  mod = 3.9015823590513786e-10,  Error =4.179622827393814e-06
Completed 59 % :  mod = 3.510970445855119e-10,  Error =4.1898347120650214e-06
Completed 59 % :  mod = 3.130480270593764e-10,  Error =4.200911327245649e-06
Completed 59 % :  mod = 2.787220561828808e-10,  Error =4.2128725468160155e-06
Completed 60 % :  mod = 2.4949657359851136e-10,  Error =4.2256465420109635e-06
Completed 60 % :  mod = 2.2528119007209696e-10,  Error =4.2392089483200834e-06
Completed 60 % :  mod = 2.0544417838604332e-10,  Error =4.253451606928138e-06
Completed 60 % :  mod = 1.891907823609507e-10,  Error =4.268331565526751e-06
Completed 61 % :  mod = 1.76156492884165e-10,  Error =4.283726447340541e-06
Completed 61 % :  mod = 1.662556809609994e-10,  Error =4.2995996878403275e-06
Completed 61 % :  mod = 1.596119998294534e-10,  Error =4.315839724711168e-06
Completed 61 % :  mod = 1.5617823124811592e-10,  Error =4.332431714715312e-06
Completed 62 % :  mod = 1.555766869131937e-10,  Error =4.34928141146429e-06
Completed 62 % :  mod = 1.5691543134020384e-10,  Error =4.366365068619871e-06
Completed 62 % :  mod = 1.5881028875351083e-10,  Error =4.383664091278661e-06
Completed 62 % :  mod = 1.5956588236754813e-10,  Error =4.401097854156433e-06
Completed 63 % :  mod = 1.575947882036434e-10,  Error =4.418693137608898e-06
Completed 63 % :  mod = 1.5190159453874634e-10,  Error =4.4363966225091644e-06
Completed 63 % :  mod = 1.423909914728371e-10,  Error =4.4542593116148055e-06
Completed 63 % :  mod = 1.2995925217076616e-10,  Error =4.472232959074063e-06
Completed 64 % :  mod = 1.1614134312291902e-10,  Error =4.490355301811633e-06
Completed 64 % :  mod = 1.0282943017539237e-10,  Error =4.508556166626931e-06
Completed 64 % :  mod = 9.170840778445177e-11,  Error =4.526859463283017e-06
Completed 64 % :  mod = 8.423659057530662e-11,  Error =4.545194727256785e-06
Completed 65 % :  mod = 8.167909051827699e-11,  Error =4.563596242235235e-06
Completed 65 % :  mod = 8.11241696079809e-11,  Error =4.5820011251862525e-06
Completed 65 % :  mod = 8.285863024998738e-11,  Error =4.6004434324231624e-06
Completed 65 % :  mod = 8.746638101128466e-11,  Error =4.618851725979312e-06
Completed 66 % :  mod = 9.313355867568198e-11,  Error =4.637226844295128e-06
Completed 66 % :  mod = 9.945874104964904e-11,  Error =4.65556811946044e-06
Completed 66 % :  mod = 1.0645925846921116e-10,  Error =4.673803410071287e-06
Completed 66 % :  mod = 1.1451160171716403e-10,  Error =4.6919603278183786e-06
Completed 67 % :  mod = 1.240344678247709e-10,  Error =4.709970632177374e-06
Completed 67 % :  mod = 1.3526413604912467e-10,  Error =4.727863540665567e-06
Completed 67 % :  mod = 1.4784603054830614e-10,  Error =4.745571509090496e-06
Completed 67 % :  mod = 1.60803446766495e-10,  Error =4.76312344943608e-06
Completed 68 % :  mod = 1.7255995633835215e-10,  Error =4.780454887054475e-06
Completed 68 % :  mod = 1.8153823676273623e-10,  Error =4.797600063000118e-06
Completed 68 % :  mod = 1.8665383716498188e-10,  Error =4.814506617378811e-06
Completed 68 % :  mod = 1.8787864085667003e-10,  Error =4.831209153621785e-06
Completed 69 % :  mod = 1.8633058472693324e-10,  Error =4.847638152227773e-06
Completed 69 % :  mod = 1.8410184016900493e-10,  Error =4.863769881069402e-06
Completed 69 % :  mod = 1.838067213229611e-10,  Error =4.87956244654697e-06
Completed 69 % :  mod = 1.879785305923434e-10,  Error =4.894908556707378e-06
Completed 70 % :  mod = 1.9842608643576835e-10,  Error =4.9097919898599685e-06
Completed 70 % :  mod = 2.1568067095243727e-10,  Error =4.924121981275675e-06
Completed 70 % :  mod = 2.390066825978985e-10,  Error =4.93788061817213e-06
Completed 70 % :  mod = 2.666136658768052e-10,  Error =4.950963450767176e-06
Completed 71 % :  mod = 2.966386033812022e-10,  Error =4.963335143770564e-06
Completed 71 % :  mod = 3.2757125045568534e-10,  Error =4.97490457718186e-06
Completed 71 % :  mod = 3.588387327820757e-10,  Error =4.985673903945553e-06
Completed 71 % :  mod = 3.9013580893432606e-10,  Error =4.9956220351532465e-06
Completed 72 % :  mod = 4.2095620538565467e-10,  Error =5.004823961485272e-06
Completed 72 % :  mod = 4.494130461427461e-10,  Error =5.0133457136780635e-06
Completed 72 % :  mod = 4.722153573087704e-10,  Error =5.021352002643198e-06
Completed 72 % :  mod = 4.84976033623859e-10,  Error =5.029024961800133e-06
Completed 73 % :  mod = 4.838990876765969e-10,  Error =5.036642740208208e-06
Completed 73 % :  mod = 4.672744298899728e-10,  Error =5.044518182728552e-06
Completed 73 % :  mod = 4.366742431536879e-10,  Error =5.0529131172538655e-06
Completed 73 % :  mod = 3.9660590458355736e-10,  Error =5.0620573759374565e-06
Completed 74 % :  mod = 3.533722801044142e-10,  Error =5.0720363589107365e-06
Completed 74 % :  mod = 3.125817340695442e-10,  Error =5.082907726716712e-06
Completed 74 % :  mod = 2.779003854725561e-10,  Error =5.0946291310083325e-06
Completed 74 % :  mod = 2.5012009058720947e-10,  Error =5.107196429321448e-06
Completed 75 % :  mod = 2.28163145725416e-10,  Error =5.120521926471611e-06
Completed 75 % :  mod = 2.1004017598165482e-10,  Error =5.134569143194767e-06
Completed 75 % :  mod = 1.9431500858759563e-10,  Error =5.1492126686980555e-06
Completed 75 % :  mod = 1.8056318575777816e-10,  Error =5.164398579893259e-06
Completed 76 % :  mod = 1.6949004003961251e-10,  Error =5.1800004428059765e-06
Completed 76 % :  mod = 1.6223255226984787e-10,  Error =5.195966373605643e-06
Completed 76 % :  mod = 1.5971302321797295e-10,  Error =5.21226606053915e-06
Completed 76 % :  mod = 1.6200518531071912e-10,  Error =5.228812845814446e-06
Completed 77 % :  mod = 1.679679930360942e-10,  Error =5.245607113124606e-06
Completed 77 % :  mod = 1.7525143991148546e-10,  Error =5.262554850560264e-06
Completed 77 % :  mod = 1.8081770849886482e-10,  Error =5.279656377865649e-06
Completed 77 % :  mod = 1.817428513512956e-10,  Error =5.296844520330524e-06
Completed 78 % :  mod = 1.7622898762792907e-10,  Error =5.314174437387464e-06
Completed 78 % :  mod = 1.6424337079556883e-10,  Error =5.33162609883675e-06
Completed 78 % :  mod = 1.4746562321324372e-10,  Error =5.34925933948216e-06
Completed 78 % :  mod = 1.2883972837834568e-10,  Error =5.367012299473117e-06
Completed 79 % :  mod = 1.1156828249706517e-10,  Error =5.3848937255907e-06
Completed 79 % :  mod = 9.89962020324233e-11,  Error =5.4028176350584545e-06
Completed 79 % :  mod = 9.484409066451294e-11,  Error =5.420785576859544e-06
Completed 79 % :  mod = 9.357503801297324e-11,  Error =5.438813403202403e-06
Completed 80 % :  mod = 9.494347173955156e-11,  Error =5.456841755346886e-06
Completed 80 % :  mod = 9.985490917228376e-11,  Error =5.474893406187675e-06
Completed 80 % :  mod = 1.0767063283445495e-10,  Error =5.492882436897162e-06
Completed 80 % :  mod = 1.1550390186994834e-10,  Error =5.510816613707448e-06
Completed 81 % :  mod = 1.2312116415416316e-10,  Error =5.528609072769086e-06
Completed 81 % :  mod = 1.312766880260219e-10,  Error =5.546273577294869e-06
Completed 81 % :  mod = 1.412411065924029e-10,  Error =5.5637314702039475e-06
Completed 81 % :  mod = 1.5429485883884824e-10,  Error =5.581001580878819e-06
Completed 82 % :  mod = 1.7091732727955523e-10,  Error =5.598011739493813e-06
Completed 82 % :  mod = 1.903487560862234e-10,  Error =5.614780342000358e-06
Completed 82 % :  mod = 2.1026503841514828e-10,  Error =5.63123261798637e-06
Completed 82 % :  mod = 2.2749175148271354e-10,  Error =5.647390757701487e-06
Completed 83 % :  mod = 2.389326416862812e-10,  Error =5.663209968531646e-06
Completed 83 % :  mod = 2.429977857149728e-10,  Error =5.678731611169496e-06
Completed 83 % :  mod = 2.4027198734693907e-10,  Error =5.693991653288322e-06
Completed 83 % :  mod = 2.335235470487353e-10,  Error =5.708935255199776e-06
Completed 84 % :  mod = 2.2690686256518041e-10,  Error =5.723549996616839e-06
Completed 84 % :  mod = 2.248302086892149e-10,  Error =5.737730006671882e-06
Completed 84 % :  mod = 2.3061535527871382e-10,  Error =5.75146327719267e-06
Completed 84 % :  mod = 2.4543153866533796e-10,  Error =5.7646866196137125e-06
Completed 85 % :  mod = 2.679543260099133e-10,  Error =5.777414131102887e-06
Completed 85 % :  mod = 2.947970351036995e-10,  Error =5.78957464369978e-06
Completed 85 % :  mod = 3.2224202782871806e-10,  Error =5.801155502638267e-06
Completed 85 % :  mod = 3.477400935033397e-10,  Error =5.812094755697217e-06
Completed 86 % :  mod = 3.7116038460136434e-10,  Error =5.822421620393925e-06
Completed 86 % :  mod = 3.9397123251109156e-10,  Error =5.832140097083993e-06
Completed 86 % :  mod = 4.176147573217031e-10,  Error =5.841323670097154e-06
Completed 86 % :  mod = 4.413457672486605e-10,  Error =5.850066443713331e-06
Completed 87 % :  mod = 4.6121402498509063e-10,  Error =5.858462714058987e-06
Completed 87 % :  mod = 4.712869294473176e-10,  Error =5.866713387092659e-06
Completed 87 % :  mod = 4.659602578065346e-10,  Error =5.875053304293942e-06
Completed 87 % :  mod = 4.4259032914096274e-10,  Error =5.883812740137273e-06
Completed 88 % :  mod = 4.0303468212658847e-10,  Error =5.8932434683356405e-06
Completed 88 % :  mod = 3.5329280362261866e-10,  Error =5.903531253181882e-06
Completed 88 % :  mod = 3.020489961505021e-10,  Error =5.914672520646036e-06
Completed 88 % :  mod = 2.5718587254541344e-10,  Error =5.926643495968165e-06
Completed 89 % :  mod = 2.236124456853653e-10,  Error =5.939352107020568e-06
Completed 89 % :  mod = 2.0181242923562206e-10,  Error =5.952790324670332e-06
Completed 89 % :  mod = 1.8909050468930754e-10,  Error =5.966874546459167e-06
Completed 89 % :  mod = 1.8135204793300514e-10,  Error =5.981562885892799e-06
Completed 90 % :  mod = 1.7532450585849972e-10,  Error =5.996709028011082e-06
Completed 90 % :  mod = 1.6963156595284238e-10,  Error =6.012220374884691e-06
Completed 90 % :  mod = 1.648526505804129e-10,  Error =6.028019619463976e-06
Completed 90 % :  mod = 1.6284293986319714e-10,  Error =6.043987312409627e-06
Completed 91 % :  mod = 1.6575291625492453e-10,  Error =6.0601168243579195e-06
Completed 91 % :  mod = 1.7496480240699473e-10,  Error =6.07633526783502e-06
Completed 91 % :  mod = 1.9005460638673306e-10,  Error =6.0926547220674365e-06
Completed 91 % :  mod = 2.0805750166834392e-10,  Error =6.108980755925586e-06
Completed 92 % :  mod = 2.2400455361268832e-10,  Error =6.12529970567266e-06
Completed 92 % :  mod = 2.3238788855939514e-10,  Error =6.141548062998936e-06
Completed 92 % :  mod = 2.2950037219565517e-10,  Error =6.157816478946643e-06
Completed 92 % :  mod = 2.1487749287096024e-10,  Error =6.174146264470437e-06
Completed 93 % :  mod = 1.9134069512734216e-10,  Error =6.190629719071694e-06
Completed 93 % :  mod = 1.641384820983935e-10,  Error =6.207183176343278e-06
Completed 93 % :  mod = 1.3937090171746185e-10,  Error =6.2237242559604056e-06
Completed 93 % :  mod = 1.423784359545252e-10,  Error =6.240183097361296e-06
Completed 94 % :  mod = 1.4798311888299762e-10,  Error =6.256491971612377e-06
Completed 94 % :  mod = 1.4757078124815526e-10,  Error =6.272721329025899e-06
Completed 94 % :  mod = 1.4542263936340932e-10,  Error =6.2888337879485334e-06
Completed 94 % :  mod = 1.619204278868373e-10,  Error =6.3048109026908605e-06
Completed 95 % :  mod = 1.8467839876704566e-10,  Error =6.320495280931482e-06
Completed 95 % :  mod = 2.062489532692206e-10,  Error =6.335808016899591e-06
Completed 95 % :  mod = 2.2646204898166694e-10,  Error =6.350611627681246e-06
Completed 95 % :  mod = 2.471618298868885e-10,  Error =6.364875929421032e-06
Completed 96 % :  mod = 2.7101011668013945e-10,  Error =6.378515557514675e-06
Completed 96 % :  mod = 3.0031346214930917e-10,  Error =6.391538612149361e-06
Completed 96 % :  mod = 3.3491610592112004e-10,  Error =6.403893777928715e-06
Completed 96 % :  mod = 3.7102222317675446e-10,  Error =6.41560998104751e-06
Completed 97 % :  mod = 4.0118635208335117e-10,  Error =6.426688770488909e-06
Completed 97 % :  mod = 4.1754390341387136e-10,  Error =6.43726011162471e-06
Completed 97 % :  mod = 4.1568464712589715e-10,  Error =6.447539703913208e-06
Completed 97 % :  mod = 3.973751023895565e-10,  Error =6.457722797392762e-06
Completed 98 % :  mod = 3.7000017089086493e-10,  Error =6.467986850111629e-06
Completed 98 % :  mod = 3.43511703223822e-10,  Error =6.4783565250081665e-06
Completed 98 % :  mod = 3.2612094054276816e-10,  Error =6.488871349574765e-06
Completed 98 % :  mod = 3.2144512169038446e-10,  Error =6.499527827941165e-06
Completed 99 % :  mod = 3.2729517998521077e-10,  Error =6.510392211112048e-06
Completed 99 % :  mod = 3.370410383250255e-10,  Error =6.521458310260186e-06
Completed 99 % :  mod = 3.4290098053724e-10,  Error =6.532767763189895e-06
Completed 99 % :  mod = 3.398316258368929e-10,  Error =6.544317464829419e-06
Completed 100 % :  mod = 3.28177028390431e-10,  Error =6.5561762951915625e-06
Finished 30/31 frames
Finished all frames!
