/opt/local/miniconda_23_9/lib/python3.11/site-packages/conda/base/context.py:201: FutureWarning: Adding 'defaults' to channel list implicitly is deprecated and will be removed in 25.3. 

To remove this warning, please choose a default channel explicitly with conda's regular configuration system, e.g. by adding 'defaults' to the list of channels:

  conda config --add channels defaults

For more information see https://docs.conda.io/projects/conda/en/stable/user-guide/configuration/use-condarc.html

  deprecated.topic(
JOB 14534 ARRAY_ID 6  -> i=6 ; range=[2.0015e-10, 2.1e-10] ; intervals=6 (frames=7)
Analytic t0 extension enabled (--extend-time-using-t0).
Extending simulation time for p0=2.086e-10 from 10000000000.0 to 1.916e+10
Completed 0 % :  mod = 1.6687428565865893e-16,  Error =-1.4210854715202004e-14
Completed 0 % :  mod = 1.6769368906739394e-16,  Error =4.4417944877750415e-09
Completed 0 % :  mod = 1.701599483296458e-16,  Error =8.883048963070905e-09
Completed 0 % :  mod = 1.742962424937443e-16,  Error =1.3324303438366769e-08
Completed 0 % :  mod = 1.8014492067381156e-16,  Error =1.776541580511548e-08
Completed 1 % :  mod = 1.8776094891815413e-16,  Error =2.220570394229071e-08
Completed 1 % :  mod = 1.9722231464210412e-16,  Error =2.664720710754409e-08
Completed 1 % :  mod = 2.0861792352809146e-16,  Error =3.108782209437777e-08
Completed 1 % :  mod = 2.220644729761642e-16,  Error =3.552900551540006e-08
Completed 2 % :  mod = 2.3768832774958694e-16,  Error =3.996889574864326e-08
Completed 2 % :  mod = 2.556494601844304e-16,  Error =4.441066892013623e-08
Completed 2 % :  mod = 2.761166696161782e-16,  Error =4.885121995812369e-08
Completed 2 % :  mod = 2.9929953093841714e-16,  Error =5.3292779966795933e-08
Completed 3 % :  mod = 3.254159035170626e-16,  Error =5.773251388063727e-08
Completed 3 % :  mod = 3.5473320977767174e-16,  Error =6.217334913571904e-08
Completed 3 % :  mod = 3.875269696753119e-16,  Error =6.661323226353488e-08
Completed 3 % :  mod = 4.24132973767529e-16,  Error =7.105456489853168e-08
Completed 4 % :  mod = 4.648952263085563e-16,  Error =7.54953077830578e-08
Completed 4 % :  mod = 5.102311228939822e-16,  Error =7.993630646296879e-08
Completed 4 % :  mod = 5.60566714116939e-16,  Error =8.43765306512978e-08
Completed 4 % :  mod = 6.164173995184e-16,  Error =8.881765012347387e-08
Completed 5 % :  mod = 6.783080601454109e-16,  Error =9.325795957693117e-08
Completed 5 % :  mod = 7.468724294124373e-16,  Error =9.769932773906476e-08
Completed 5 % :  mod = 8.227715412613754e-16,  Error =1.0214030510269367e-07
Completed 5 % :  mod = 9.067323092449363e-16,  Error =1.0658019533593688e-07
Completed 6 % :  mod = 9.996144490054173e-16,  Error =1.1102156349807046e-07
Completed 6 % :  mod = 1.1022908279432651e-15,  Error =1.1546175926469004e-07
Completed 6 % :  mod = 1.2158128094708398e-15,  Error =1.1990287163143876e-07
Completed 6 % :  mod = 1.3412472412011827e-15,  Error =1.2434341556399886e-07
Completed 7 % :  mod = 1.4798785115453172e-15,  Error =1.2878466293386737e-07
Completed 7 % :  mod = 1.63300943100199e-15,  Error =1.332252352881369e-07
Completed 7 % :  mod = 1.8022079949202494e-15,  Error =1.3766683082394593e-07
Completed 7 % :  mod = 1.9890642671558023e-15,  Error =1.421071615936853e-07
Completed 8 % :  mod = 2.195491566716706e-15,  Error =1.4654800395419443e-07
Completed 8 % :  mod = 2.423429837538683e-15,  Error =1.5098822814252344e-07
Completed 8 % :  mod = 2.675213061020112e-15,  Error =1.5542945419610987e-07
Completed 8 % :  mod = 2.9532074081378128e-15,  Error =1.598696925952936e-07
Completed 9 % :  mod = 3.26025942156766e-15,  Error =1.643111744442649e-07
Completed 9 % :  mod = 3.599254678328442e-15,  Error =1.6875178232567123e-07
Completed 9 % :  mod = 3.973664319903296e-15,  Error =1.7319315048780481e-07
Completed 9 % :  mod = 4.38700692441214e-15,  Error =1.7763313309160367e-07
Completed 10 % :  mod = 4.843514940440307e-15,  Error =1.8207457941343819e-07
Completed 10 % :  mod = 5.34747846868368e-15,  Error =1.8651503808087e-07
Completed 10 % :  mod = 5.904057874669888e-15,  Error =1.9095580938710555e-07
Completed 10 % :  mod = 6.518618776387856e-15,  Error =1.9539685780500804e-07
Completed 11 % :  mod = 7.19704740136457e-15,  Error =1.9983723831273892e-07
Completed 11 % :  mod = 7.946290543750872e-15,  Error =2.0427848568260742e-07
Completed 11 % :  mod = 8.773389327875393e-15,  Error =2.0871883066320152e-07
Completed 11 % :  mod = 9.686812888658475e-15,  Error =2.1315957354772763e-07
Completed 12 % :  mod = 1.0695145261112131e-14,  Error =2.1759991142289437e-07
Completed 12 % :  mod = 1.1808711303819479e-14,  Error =2.2204116589819023e-07
Completed 12 % :  mod = 1.3037975957779986e-14,  Error =2.2648137587566453e-07
Completed 12 % :  mod = 1.439552631312202e-14,  Error =2.309229145680547e-07
Completed 13 % :  mod = 1.5894120158671216e-14,  Error =2.3536309612381956e-07
Completed 13 % :  mod = 1.754910242436373e-14,  Error =2.3980442875881636e-07
Completed 13 % :  mod = 1.937602605786181e-14,  Error =2.4424497269137646e-07
Completed 13 % :  mod = 2.1393597904900376e-14,  Error =2.4868622006124497e-07
Completed 14 % :  mod = 2.3620778432958574e-14,  Error =2.531266787286768e-07
Completed 14 % :  mod = 2.608037292410184e-14,  Error =2.5756772714657927e-07
Completed 14 % :  mod = 2.8795495781099244e-14,  Error =2.62007965545763e-07
Completed 14 % :  mod = 3.1793948592521963e-14,  Error =2.66448864749691e-07
Completed 15 % :  mod = 3.5103909737946554e-14,  Error =2.708890747271653e-07
Completed 15 % :  mod = 3.875927162878918e-14,  Error =2.7532997393109326e-07
Completed 15 % :  mod = 4.279438602733434e-14,  Error =2.7977020522484963e-07
Completed 15 % :  mod = 4.7250570508140434e-14,  Error =2.842115733869832e-07
Completed 16 % :  mod = 5.217078397160679e-14,  Error =2.886524015366376e-07
Completed 16 % :  mod = 5.760215168946279e-14,  Error =2.930930378397534e-07
Completed 16 % :  mod = 6.360028801313028e-14,  Error =2.9753439179103225e-07
Completed 16 % :  mod = 7.022156091419558e-14,  Error =3.0197505651585743e-07
Completed 17 % :  mod = 7.753376851376353e-14,  Error =3.0641650283769195e-07
Completed 17 % :  mod = 8.560562756524417e-14,  Error =3.108570538756794e-07
Completed 17 % :  mod = 9.451978899741356e-14,  Error =3.1529891231230067e-07
Completed 17 % :  mod = 1.04360023407106e-13,  Error =3.1973939229601456e-07
Completed 18 % :  mod = 1.1522708805954087e-13,  Error =3.241803980813529e-07
Completed 18 % :  mod = 1.2722310494356103e-13,  Error =3.286207785890838e-07
Completed 18 % :  mod = 1.4047090366094248e-13,  Error =3.330615214736099e-07
Completed 18 % :  mod = 1.550949770672398e-13,  Error =3.3750115591146823e-07
Completed 19 % :  mod = 1.7124506156314897e-13,  Error =3.4194240328133674e-07
Completed 19 % :  mod = 1.8907292015928917e-13,  Error =3.463832243255638e-07
Completed 19 % :  mod = 2.0876108851183519e-13,  Error =3.508247701233813e-07
Completed 19 % :  mod = 2.3049457121608246e-13,  Error =3.5526458930235094e-07
Completed 20 % :  mod = 2.544958847009325e-13,  Error =3.5970605694046753e-07
Completed 20 % :  mod = 2.8099055228521843e-13,  Error =3.641465866621729e-07
Completed 20 % :  mod = 3.1024982284913787e-13,  Error =3.6858766350178485e-07
Completed 20 % :  mod = 3.425486054082878e-13,  Error =3.730278166358403e-07
Completed 21 % :  mod = 3.782175442778131e-13,  Error =3.774689787405805e-07
Completed 21 % :  mod = 4.176003913868603e-13,  Error =3.8191061690895367e-07
Completed 21 % :  mod = 4.610742078790736e-13,  Error =3.863513953206166e-07
Completed 21 % :  mod = 5.090839494212607e-13,  Error =3.907924579493738e-07
Completed 22 % :  mod = 5.620805311362979e-13,  Error =3.9523288819509617e-07
Completed 22 % :  mod = 6.20606258031542e-13,  Error =3.9967432741150333e-07
Completed 22 % :  mod = 6.852106563805215e-13,  Error =4.0411526924799546e-07
Completed 22 % :  mod = 7.565546010316241e-13,  Error =4.085567297806847e-07
Completed 23 % :  mod = 8.353076909015524e-13,  Error =4.1299687580931277e-07
Completed 23 % :  mod = 9.222751536808358e-13,  Error =4.174380876520445e-07
Completed 23 % :  mod = 1.0182727086946907e-12,  Error =4.218781981535358e-07
Completed 23 % :  mod = 1.1242812112212168e-12,  Error =4.263192749931477e-07
Completed 24 % :  mod = 1.2412940464945533e-12,  Error =4.3075954181404086e-07
Completed 24 % :  mod = 1.3705055397794923e-12,  Error =4.3520073944591786e-07
Completed 24 % :  mod = 1.513124820483807e-12,  Error =4.3964146811958926e-07
Completed 24 % :  mod = 1.6706053030764555e-12,  Error =4.440822110041154e-07
Completed 25 % :  mod = 1.844417596982685e-12,  Error =4.485216607008624e-07
Completed 25 % :  mod = 2.0363288899112244e-12,  Error =4.5296204831402065e-07
Completed 25 % :  mod = 2.2481257893355376e-12,  Error =4.574015619596139e-07
Completed 25 % :  mod = 2.4819542400725818e-12,  Error =4.618416227231137e-07
Completed 26 % :  mod = 2.7399810732223287e-12,  Error =4.662812074229805e-07
Completed 26 % :  mod = 3.024807177282999e-12,  Error =4.707218366206689e-07
Completed 26 % :  mod = 3.33912292784602e-12,  Error =4.7516175527562154e-07
Completed 26 % :  mod = 3.685864384991059e-12,  Error =4.796009136498469e-07
Completed 27 % :  mod = 4.0684818469127094e-12,  Error =4.840401643946279e-07
Completed 27 % :  mod = 4.490436401414332e-12,  Error =4.884783066927412e-07
Completed 27 % :  mod = 4.955867707919961e-12,  Error =4.929170245304704e-07
Completed 27 % :  mod = 5.468906701287352e-12,  Error =4.973535965291376e-07
Completed 28 % :  mod = 6.0344802328973854e-12,  Error =5.017906801185745e-07
Completed 28 % :  mod = 6.657465390928488e-12,  Error =5.062256960286504e-07
Completed 28 % :  mod = 7.343653657149249e-12,  Error =5.106605485138971e-07
Completed 28 % :  mod = 8.09870631710865e-12,  Error =5.150936672748685e-07
Completed 29 % :  mod = 8.92930035690111e-12,  Error =5.19525833908574e-07
Completed 29 % :  mod = 9.841831662815449e-12,  Error =5.239547746782591e-07
Completed 29 % :  mod = 1.0843760862892052e-11,  Error =5.283825004198661e-07
Completed 29 % :  mod = 1.1941993605285555e-11,  Error =5.32806488706683e-07
Completed 30 % :  mod = 1.31444346877608e-11,  Error =5.372267111170004e-07
Completed 30 % :  mod = 1.4457952136283617e-11,  Error =5.41642826590305e-07
Completed 30 % :  mod = 1.5890130262662098e-11,  Error =5.460542880086905e-07
Completed 30 % :  mod = 1.744669896090229e-11,  Error =5.504583953097608e-07
Completed 31 % :  mod = 1.913345200559543e-11,  Error =5.548557879819782e-07
Completed 31 % :  mod = 2.0953006128872884e-11,  Error =5.59244206499443e-07
Completed 31 % :  mod = 2.2906831795962365e-11,  Error =5.636224145177948e-07
Completed 31 % :  mod = 2.499167940300325e-11,  Error =5.679886569964765e-07
Completed 32 % :  mod = 2.719944454598825e-11,  Error =5.723405394064685e-07
Completed 32 % :  mod = 2.9517371935772553e-11,  Error =5.766774151538812e-07
Completed 32 % :  mod = 3.1923385638055653e-11,  Error =5.809945591295218e-07
Completed 32 % :  mod = 3.438862020420233e-11,  Error =5.852933639971525e-07
Completed 33 % :  mod = 3.6872350588076583e-11,  Error =5.895691259638625e-07
Completed 33 % :  mod = 3.9325546729813864e-11,  Error =5.93822882422046e-07
Completed 33 % :  mod = 4.168710683950117e-11,  Error =5.980507609137931e-07
Completed 33 % :  mod = 4.3889471253006633e-11,  Error =6.022552838658157e-07
Completed 34 % :  mod = 4.585778591072874e-11,  Error =6.064357549462329e-07
Completed 34 % :  mod = 4.7518111791622764e-11,  Error =6.105952081725263e-07
Completed 34 % :  mod = 4.880007052697886e-11,  Error =6.147373028397851e-07
Completed 34 % :  mod = 4.9646043890925065e-11,  Error =6.18867240120835e-07
Completed 35 % :  mod = 5.001519708614216e-11,  Error =6.229880895602946e-07
Completed 35 % :  mod = 4.988947269404463e-11,  Error =6.271088324183438e-07
Completed 35 % :  mod = 4.9275159907172145e-11,  Error =6.312330000923794e-07
Completed 35 % :  mod = 4.820194031727366e-11,  Error =6.353683374982211e-07
Completed 36 % :  mod = 4.672038370523717e-11,  Error =6.395185323526675e-07
Completed 36 % :  mod = 4.4894687181243916e-11,  Error =6.436896669015368e-07
Completed 36 % :  mod = 4.279865211265659e-11,  Error =6.478824090550006e-07
Completed 36 % :  mod = 4.050641818718982e-11,  Error =6.520991249203689e-07
Completed 37 % :  mod = 3.809010577492893e-11,  Error =6.563404184589672e-07
Completed 37 % :  mod = 3.5614794569048416e-11,  Error =6.606050533264352e-07
Completed 37 % :  mod = 3.313457468881737e-11,  Error =6.648934771646964e-07
Completed 37 % :  mod = 3.069527008890737e-11,  Error =6.692015475096014e-07
Completed 38 % :  mod = 2.8330475816208828e-11,  Error =6.735292146231586e-07
Completed 38 % :  mod = 2.606645339788342e-11,  Error =6.778737358104081e-07
Completed 38 % :  mod = 2.39194286951778e-11,  Error =6.822334199796387e-07
Completed 38 % :  mod = 2.1900741599535575e-11,  Error =6.866054320653348e-07
Completed 39 % :  mod = 2.0014617004580707e-11,  Error =6.909892746875812e-07
Completed 39 % :  mod = 1.8262774054977637e-11,  Error =6.95381707771503e-07
Completed 39 % :  mod = 1.6642335849987136e-11,  Error =6.99782809476801e-07
Completed 39 % :  mod = 1.5149648492228555e-11,  Error =7.041905689675332e-07
Completed 40 % :  mod = 1.3778273769062187e-11,  Error =7.086047517645966e-07
Completed 40 % :  mod = 1.2522047649103281e-11,  Error =7.130226009621765e-07
Completed 40 % :  mod = 1.1373199278407772e-11,  Error =7.174450828983936e-07
Completed 40 % :  mod = 1.0324773777240105e-11,  Error =7.21870769382349e-07
Completed 41 % :  mod = 9.36892739389503e-12,  Error =7.262987224976314e-07
Completed 41 % :  mod = 8.498847807268343e-12,  Error =7.307289209279588e-07
Completed 41 % :  mod = 7.707252702291961e-12,  Error =7.351623168005972e-07
Completed 41 % :  mod = 6.987919872369219e-12,  Error =7.395950021304998e-07
Completed 42 % :  mod = 6.33439331284453e-12,  Error =7.44030899113568e-07
Completed 42 % :  mod = 5.7412102449388664e-12,  Error =7.484666895152259e-07
Completed 42 % :  mod = 5.202803203755408e-12,  Error =7.529038299480817e-07
Completed 42 % :  mod = 4.7143925019200945e-12,  Error =7.573416596073912e-07
Completed 43 % :  mod = 4.271551088817276e-12,  Error =7.617801216497355e-07
Completed 43 % :  mod = 3.869953817077972e-12,  Error =7.662194576596448e-07
Completed 43 % :  mod = 3.505982374253619e-12,  Error =7.706578131205788e-07
Completed 43 % :  mod = 3.1760257823121212e-12,  Error =7.750974546638645e-07
Completed 44 % :  mod = 2.877069422600554e-12,  Error =7.795365419838163e-07
Completed 44 % :  mod = 2.606116241984875e-12,  Error =7.839771640760773e-07
Completed 44 % :  mod = 2.360667578042274e-12,  Error =7.884168127247904e-07
Completed 44 % :  mod = 2.138245593373353e-12,  Error =7.92857129283675e-07
Completed 45 % :  mod = 1.936786381009563e-12,  Error =7.97296458188157e-07
Completed 45 % :  mod = 1.7542466735212695e-12,  Error =8.017374142355038e-07
Completed 45 % :  mod = 1.5889255741825214e-12,  Error =8.06177283152465e-07
Completed 45 % :  mod = 1.439141086335825e-12,  Error =8.106181610401109e-07
Completed 46 % :  mod = 1.3034936208389142e-12,  Error =8.150580015353626e-07
Completed 46 % :  mod = 1.1806001819835347e-12,  Error =8.19498353621384e-07
Completed 46 % :  mod = 1.0693102951018583e-12,  Error =8.239387483399696e-07
Completed 46 % :  mod = 9.684876998652216e-13,  Error =8.283800667641117e-07
Completed 47 % :  mod = 8.771873486862121e-13,  Error =8.328201133167568e-07
Completed 47 % :  mod = 7.944761878933299e-13,  Error =8.372613393703432e-07
Completed 47 % :  mod = 7.19578277779477e-13,  Error =8.417020040951684e-07
Completed 47 % :  mod = 6.517277026848259e-13,  Error =8.461435072604218e-07
Completed 48 % :  mod = 5.902753393245624e-13,  Error =8.505846480488799e-07
Completed 48 % :  mod = 5.346293212508424e-13,  Error =8.550247088123797e-07
Completed 48 % :  mod = 4.842202706014496e-13,  Error =8.594657074922907e-07
Completed 48 % :  mod = 4.3857476600648783e-13,  Error =8.639063224791244e-07
Completed 49 % :  mod = 3.972256456700579e-13,  Error =8.683474419513004e-07
Completed 49 % :  mod = 3.5978449327707754e-13,  Error =8.727881777303992e-07
Completed 49 % :  mod = 3.258680539518794e-13,  Error =8.772297519499261e-07
Completed 49 % :  mod = 2.951576855553016e-13,  Error =8.816707861569739e-07
Completed 50 % :  mod = 2.6733899711591663e-13,  Error =8.861119766834236e-07
Completed 50 % :  mod = 2.421506093354163e-13,  Error =8.905519379709403e-07
Completed 50 % :  mod = 2.193346428022256e-13,  Error =8.949931142865353e-07
Completed 50 % :  mod = 1.9867670902612884e-13,  Error =8.994336369028133e-07
Completed 51 % :  mod = 1.799653012400429e-13,  Error =9.03875125857212e-07
Completed 51 % :  mod = 1.630245915609714e-13,  Error =9.083153997835325e-07
Completed 51 % :  mod = 1.4768112640120425e-13,  Error =9.127567892619481e-07
Completed 51 % :  mod = 1.3379072164964103e-13,  Error =9.171969352905762e-07
Completed 52 % :  mod = 1.2121115231145757e-13,  Error =9.216385095101032e-07
Completed 52 % :  mod = 1.0982420450853059e-13,  Error =9.260788544906973e-07
Completed 52 % :  mod = 9.951328460705266e-14,  Error =9.305200734388563e-07
Completed 52 % :  mod = 9.01814966748773e-14,  Error =9.349596510332958e-07
Completed 53 % :  mod = 8.17332893384208e-14,  Error =9.39400692345771e-07
Completed 53 % :  mod = 7.40877493950487e-14,  Error =9.438421955110243e-07
Completed 53 % :  mod = 6.71711703349266e-14,  Error =9.482826044404646e-07
Completed 53 % :  mod = 6.091273028437261e-14,  Error =9.527232762707172e-07
Completed 54 % :  mod = 5.525361511773165e-14,  Error =9.571640688932348e-07
Completed 54 % :  mod = 5.0135878507993075e-14,  Error =9.61604932570026e-07
Completed 54 % :  mod = 4.5511425973887526e-14,  Error =9.660453272886116e-07
Completed 54 % :  mod = 4.13329054631768e-14,  Error =9.704864964987792e-07
Completed 55 % :  mod = 3.75610488056351e-14,  Error =9.749271043801855e-07
Completed 55 % :  mod = 3.4157234037352434e-14,  Error =9.793687638648407e-07
Completed 55 % :  mod = 3.108947333988902e-14,  Error =9.838096417524866e-07
Completed 55 % :  mod = 2.8326354293219704e-14,  Error =9.882514078185523e-07
Completed 56 % :  mod = 2.5841910100475576e-14,  Error =9.926919872782491e-07
Completed 56 % :  mod = 2.3610701202679148e-14,  Error =9.9713336254581e-07
Completed 56 % :  mod = 2.1611759448682337e-14,  Error =1.0015732812007627e-06
Completed 56 % :  mod = 1.9824616637884224e-14,  Error =1.0060142230372549e-06
Completed 57 % :  mod = 1.8232477790977088e-14,  Error =1.0104550156597725e-06
Completed 57 % :  mod = 1.6819040124433828e-14,  Error =1.014896660933573e-06
Completed 57 % :  mod = 1.5571020674629248e-14,  Error =1.019336387741987e-06
Completed 57 % :  mod = 1.447564026975699e-14,  Error =1.0237775995847187e-06
Completed 58 % :  mod = 1.3522604868933329e-14,  Error =1.0282179516707401e-06
Completed 58 % :  mod = 1.2702155864199377e-14,  Error =1.032658985877788e-06
Completed 58 % :  mod = 1.2006449905877546e-14,  Error =1.037100005873981e-06
Completed 58 % :  mod = 1.1428763693523654e-14,  Error =1.0415401732188911e-06
Completed 59 % :  mod = 1.0963182029315819e-14,  Error =1.0459815129593153e-06
Completed 59 % :  mod = 1.0605329516795319e-14,  Error =1.0504218366236273e-06
Completed 59 % :  mod = 1.0351541887503224e-14,  Error =1.0548632900508892e-06
Completed 59 % :  mod = 1.019943416140956e-14,  Error =1.0593036634531927e-06
Completed 60 % :  mod = 1.0147448810618943e-14,  Error =1.0637446195005396e-06
Completed 60 % :  mod = 1.0195097276774098e-14,  Error =1.0681849857974157e-06
Completed 60 % :  mod = 1.0342867478769987e-14,  Error =1.072625749998224e-06
Completed 60 % :  mod = 1.059214811068342e-14,  Error =1.0770662512982199e-06
Completed 61 % :  mod = 1.0945491688930156e-14,  Error =1.0815073352432591e-06
Completed 61 % :  mod = 1.140621882326959e-14,  Error =1.0859478010161183e-06
Completed 61 % :  mod = 1.197904715055542e-14,  Error =1.0903893041813717e-06
Completed 61 % :  mod = 1.2669359924629124e-14,  Error =1.094829812586795e-06
Completed 62 % :  mod = 1.3484225614962816e-14,  Error =1.0992708752155522e-06
Completed 62 % :  mod = 1.4431302067089528e-14,  Error =1.103711433358967e-06
Completed 62 % :  mod = 1.552028693237445e-14,  Error =1.108152432038878e-06
Completed 62 % :  mod = 1.6761414092458014e-14,  Error =1.1125929049171646e-06
Completed 63 % :  mod = 1.816739214146008e-14,  Error =1.1170345857181019e-06
Completed 63 % :  mod = 1.9751434013843485e-14,  Error =1.121475307286346e-06
Completed 63 % :  mod = 2.1529759518286193e-14,  Error =1.1259164764965135e-06
Completed 63 % :  mod = 2.3519520566407654e-14,  Error =1.1303577309718094e-06
Completed 64 % :  mod = 2.5739767531534197e-14,  Error =1.13479786989501e-06
Completed 64 % :  mod = 2.8213234663715808e-14,  Error =1.1392390391051777e-06
Completed 64 % :  mod = 3.0963166767281305e-14,  Error =1.1436790003926944e-06
Completed 64 % :  mod = 3.401772188805343e-14,  Error =1.1481197859097847e-06
Completed 65 % :  mod = 3.740560560270979e-14,  Error =1.1525599035167033e-06
Completed 65 % :  mod = 4.1161508224290755e-14,  Error =1.1570010585160162e-06
Completed 65 % :  mod = 4.5320726376766265e-14,  Error =1.1614416806082772e-06
Completed 65 % :  mod = 4.992584836128735e-14,  Error =1.1658830061378467e-06
Completed 66 % :  mod = 5.502015136174001e-14,  Error =1.1703234790161332e-06
Completed 66 % :  mod = 6.065579844458527e-14,  Error =1.1747654937721563e-06
Completed 66 % :  mod = 6.688575109923892e-14,  Error =1.1792057961201863e-06
Completed 66 % :  mod = 7.377380064207974e-14,  Error =1.1836464608450115e-06
Completed 67 % :  mod = 8.138467790251868e-14,  Error =1.1880862942348358e-06
Completed 67 % :  mod = 8.979631375902359e-14,  Error =1.1925275416047043e-06
Completed 67 % :  mod = 9.908775654287914e-14,  Error =1.1969681139589738e-06
Completed 67 % :  mod = 1.0935414450265186e-13,  Error =1.2014091268497396e-06
Completed 68 % :  mod = 1.2069195518165553e-13,  Error =1.2058486760224696e-06
Completed 68 % :  mod = 1.3321727913682128e-13,  Error =1.2102899589194749e-06
Completed 68 % :  mod = 1.4704782048438087e-13,  Error =1.2147299699449832e-06
Completed 68 % :  mod = 1.6232519142411516e-13,  Error =1.2191713878451083e-06
Completed 69 % :  mod = 1.7919666341727623e-13,  Error =1.2236133102305757e-06
Completed 69 % :  mod = 1.978238181925716e-13,  Error =1.2280538967957e-06
Completed 69 % :  mod = 2.1839737399146333e-13,  Error =1.2324952649578336e-06
Completed 69 % :  mod = 2.4111065343729445e-13,  Error =1.2369348709739825e-06
Completed 70 % :  mod = 2.661962021873863e-13,  Error =1.241376537564065e-06
Completed 70 % :  mod = 2.938897282405272e-13,  Error =1.2458166267492743e-06
Completed 70 % :  mod = 3.24474749967118e-13,  Error =1.250257916751707e-06
Completed 70 % :  mod = 3.582386268630752e-13,  Error =1.2546986667416604e-06
Completed 71 % :  mod = 3.955269937625698e-13,  Error =1.2591399283223836e-06
Completed 71 % :  mod = 4.3669015048099696e-13,  Error =1.2635801454052853e-06
Completed 71 % :  mod = 4.821494223218707e-13,  Error =1.2680215490945557e-06
Completed 71 % :  mod = 5.32331796017958e-13,  Error =1.2724618443371583e-06
Completed 72 % :  mod = 5.877508141842624e-13,  Error =1.2769028074899325e-06
Completed 72 % :  mod = 6.489268796640393e-13,  Error =1.2813438843295444e-06
Completed 72 % :  mod = 7.164858601837541e-13,  Error =1.2857848048497544e-06
Completed 72 % :  mod = 7.910619158464286e-13,  Error =1.290224624028724e-06
Completed 73 % :  mod = 8.734176797704302e-13,  Error =1.2946654877055153e-06
Completed 73 % :  mod = 9.64325769303662e-13,  Error =1.2991057545264084e-06
Completed 73 % :  mod = 1.0647152451740155e-12,  Error =1.3035462984589685e-06
Completed 73 % :  mod = 1.1755271163943408e-12,  Error =1.3079868139698192e-06
Completed 74 % :  mod = 1.2978927911925006e-12,  Error =1.3124274218512255e-06
Completed 74 % :  mod = 1.4329875315258542e-12,  Error =1.3168688255404959e-06
Completed 74 % :  mod = 1.5820993773455388e-12,  Error =1.3213089360419872e-06
Completed 74 % :  mod = 1.7467472317471434e-12,  Error =1.3257500981467274e-06
Completed 75 % :  mod = 1.9284677258948156e-12,  Error =1.3301903081242017e-06
Completed 75 % :  mod = 2.129107227384459e-12,  Error =1.3346310296924457e-06
Completed 75 % :  mod = 2.35053195225288e-12,  Error =1.339070443862056e-06
Completed 75 % :  mod = 2.5949831788255675e-12,  Error =1.3435111938520095e-06
Completed 76 % :  mod = 2.8647231963606797e-12,  Error =1.3479505014402093e-06
Completed 76 % :  mod = 3.162466951693248e-12,  Error =1.3523907824719572e-06
Completed 76 % :  mod = 3.490949254579882e-12,  Error =1.3568304098043882e-06
Completed 76 % :  mod = 3.85344848885859e-12,  Error =1.3612694687026305e-06
Completed 77 % :  mod = 4.2532568885332486e-12,  Error =1.3657077602147183e-06
Completed 77 % :  mod = 4.694314488090853e-12,  Error =1.3701460659376608e-06
Completed 77 % :  mod = 5.180559575310728e-12,  Error =1.3745832418976534e-06
Completed 77 % :  mod = 5.716693478677043e-12,  Error =1.3790202970653809e-06
Completed 78 % :  mod = 6.3073820322031264e-12,  Error =1.3834559169367822e-06
Completed 78 % :  mod = 6.958173585867723e-12,  Error =1.3878922899834834e-06
Completed 78 % :  mod = 7.674513808573545e-12,  Error =1.3923258990189424e-06
Completed 78 % :  mod = 8.46283953864464e-12,  Error =1.396758662508546e-06
Completed 79 % :  mod = 9.329357551620196e-12,  Error =1.401188477245796e-06
Completed 79 % :  mod = 1.0281334041468267e-11,  Error =1.4056169206355662e-06
Completed 79 % :  mod = 1.1325800689717677e-11,  Error =1.4100425644869574e-06
Completed 79 % :  mod = 1.2469907839544108e-11,  Error =1.4144646343083878e-06
Completed 80 % :  mod = 1.3721574849012878e-11,  Error =1.4188836345851996e-06
Completed 80 % :  mod = 1.508753504283542e-11,  Error =1.4232963181370906e-06
Completed 80 % :  mod = 1.6575129812031454e-11,  Error =1.4277045679023104e-06
Completed 80 % :  mod = 1.818959901298389e-11,  Error =1.4321047743237614e-06
Completed 81 % :  mod = 1.9936029426742413e-11,  Error =1.4364986498094368e-06
Completed 81 % :  mod = 2.1815945193716562e-11,  Error =1.4408817179401012e-06
Completed 81 % :  mod = 2.3829357306427682e-11,  Error =1.445255492171782e-06
Completed 81 % :  mod = 2.5970558748789418e-11,  Error =1.4496153966092606e-06
Completed 82 % :  mod = 2.8230262162277558e-11,  Error =1.4539609765051864e-06
Completed 82 % :  mod = 3.0590673837630503e-11,  Error =1.4582898302251124e-06
Completed 82 % :  mod = 3.302788183617739e-11,  Error =1.4625998048245492e-06
Completed 82 % :  mod = 3.550668602678874e-11,  Error =1.4668882570845199e-06
Completed 83 % :  mod = 3.79837765046626e-11,  Error =1.4711548317336565e-06
Completed 83 % :  mod = 4.040344364540058e-11,  Error =1.4753963668567849e-06
Completed 83 % :  mod = 4.270252435319387e-11,  Error =1.4796146459161719e-06
Completed 83 % :  mod = 4.480862391544405e-11,  Error =1.4838076083378837e-06
Completed 84 % :  mod = 4.6647650926309125e-11,  Error =1.4879792118449586e-06
Completed 84 % :  mod = 4.814558738082625e-11,  Error =1.4921300106607305e-06
Completed 84 % :  mod = 4.923774817436279e-11,  Error =1.4962663641426843e-06
Completed 84 % :  mod = 4.987279184063674e-11,  Error =1.5003907805066774e-06
Completed 85 % :  mod = 5.0020076458115905e-11,  Error =1.5045109620359653e-06
Completed 85 % :  mod = 4.9672112589952424e-11,  Error =1.5086325930724342e-06
Completed 85 % :  mod = 4.884629967735867e-11,  Error =1.5127611519005768e-06
Completed 85 % :  mod = 4.758189856832752e-11,  Error =1.5169027278716385e-06
Completed 86 % :  mod = 4.5936931117680366e-11,  Error =1.521061449238914e-06
Completed 86 % :  mod = 4.398004657268808e-11,  Error =1.525241657418519e-06
Completed 86 % :  mod = 4.178671573830147e-11,  Error =1.5294441126911806e-06
Completed 86 % :  mod = 3.9430114700437454e-11,  Error =1.533671998288355e-06
Completed 87 % :  mod = 3.6980067839892496e-11,  Error =1.5379233033741002e-06
Completed 87 % :  mod = 3.449605084468e-11,  Error =1.542198901915981e-06
Completed 87 % :  mod = 3.202960844750918e-11,  Error =1.5464954330468572e-06
Completed 87 % :  mod = 2.9619856333945704e-11,  Error =1.5508135291497638e-06
Completed 88 % :  mod = 2.729807416906973e-11,  Error =1.555148983811705e-06
Completed 88 % :  mod = 2.508475539012016e-11,  Error =1.5595010509628082e-06
Completed 88 % :  mod = 2.299479535069118e-11,  Error =1.5638660144645655e-06
Completed 88 % :  mod = 2.103518264530855e-11,  Error =1.5682438743169769e-06
Completed 89 % :  mod = 1.920979989370488e-11,  Error =1.572631646240552e-06
Completed 89 % :  mod = 1.751730870984988e-11,  Error =1.5770290247019148e-06
Completed 89 % :  mod = 1.5955190605252492e-11,  Error =1.5814328264696087e-06
Completed 89 % :  mod = 1.4517714330535405e-11,  Error =1.5858442026228659e-06
Completed 90 % :  mod = 1.3199192833539837e-11,  Error =1.5902594299177508e-06
Completed 90 % :  mod = 1.1992061922185611e-11,  Error =1.5946802420785389e-06
Completed 90 % :  mod = 1.0889243706632955e-11,  Error =1.5991043298413388e-06
Completed 90 % :  mod = 9.883491358839947e-12,  Error =1.6035307339734572e-06
Completed 91 % :  mod = 8.967048688863785e-12,  Error =1.6079603497587414e-06
Completed 91 % :  mod = 8.133209730306117e-12,  Error =1.6123912729426593e-06
Completed 91 % :  mod = 7.374864355507144e-12,  Error =1.61682517330064e-06
Completed 91 % :  mod = 6.685953404716818e-12,  Error =1.6212591020803302e-06
Completed 92 % :  mod = 6.060220293700481e-12,  Error =1.6256948569548513e-06
Completed 92 % :  mod = 5.4923795473557595e-12,  Error =1.6301308605193299e-06
Completed 92 % :  mod = 4.977060459319281e-12,  Error =1.6345687328112035e-06
Completed 92 % :  mod = 4.5097507700171495e-12,  Error =1.639005390074999e-06
Completed 93 % :  mod = 4.08591167030959e-12,  Error =1.6434439942258905e-06
Completed 93 % :  mod = 3.701743305935052e-12,  Error =1.6478825486387905e-06
Completed 93 % :  mod = 3.353448365126072e-12,  Error =1.6523228580922478e-06
Completed 93 % :  mod = 3.037855129584802e-12,  Error =1.6567621230478835e-06
Completed 94 % :  mod = 2.7518075356977063e-12,  Error =1.661201821434588e-06
Completed 94 % :  mod = 2.4926735058452893e-12,  Error =1.6656412995530445e-06
Completed 94 % :  mod = 2.2578413476148344e-12,  Error =1.6700816161119292e-06
Completed 94 % :  mod = 2.0451351937587332e-12,  Error =1.6745209450164111e-06
Completed 95 % :  mod = 1.852400083806464e-12,  Error =1.6789617873769203e-06
Completed 95 % :  mod = 1.6778418870715668e-12,  Error =1.683401372076787e-06
Completed 95 % :  mod = 1.5196859406948187e-12,  Error =1.6878418875876378e-06
Completed 95 % :  mod = 1.376426889686817e-12,  Error =1.6922826802101554e-06
Completed 96 % :  mod = 1.2466907057067205e-12,  Error =1.6967226841302363e-06
Completed 96 % :  mod = 1.1291541739535914e-12,  Error =1.7011630362162578e-06
Completed 96 % :  mod = 1.0227166065089917e-12,  Error =1.7056035588325358e-06
Completed 96 % :  mod = 9.262910155317392e-13,  Error =1.7100442875062072e-06
Completed 97 % :  mod = 8.389733680096194e-13,  Error =1.7144845827488098e-06
Completed 97 % :  mod = 7.598711631520594e-13,  Error =1.718926164073764e-06
Completed 97 % :  mod = 6.882422075261024e-13,  Error =1.7233666156357685e-06
Completed 97 % :  mod = 6.23353931959539e-13,  Error =1.727808140117304e-06
Completed 98 % :  mod = 5.645971908064047e-13,  Error =1.7322482506187953e-06
Completed 98 % :  mod = 5.113708268077957e-13,  Error =1.736689682729775e-06
Completed 98 % :  mod = 4.631749965496697e-13,  Error =1.741129665333574e-06
Completed 98 % :  mod = 4.195164642310679e-13,  Error =1.7455710263902802e-06
Completed 99 % :  mod = 3.7998514035883747e-13,  Error =1.7500119113833534e-06
Completed 99 % :  mod = 3.4417638978296496e-13,  Error =1.754453478497453e-06
Completed 99 % :  mod = 3.117538034092454e-13,  Error =1.7588934468903972e-06
Completed 99 % :  mod = 2.823854701902931e-13,  Error =1.7633341968803506e-06
Completed 100 % :  mod = 2.5579545681353394e-13,  Error =1.767774307381842e-06
Finished 7/7 frames
Finished all frames!
