/opt/local/miniconda_23_9/lib/python3.11/site-packages/conda/base/context.py:201: FutureWarning: Adding 'defaults' to channel list implicitly is deprecated and will be removed in 25.3. 

To remove this warning, please choose a default channel explicitly with conda's regular configuration system, e.g. by adding 'defaults' to the list of channels:

  conda config --add channels defaults

For more information see https://docs.conda.io/projects/conda/en/stable/user-guide/configuration/use-condarc.html

  deprecated.topic(
JOB 14538 ARRAY_ID 3  -> i=3 ; range=[2.0015e-10, 2.1e-10] ; intervals=6 (frames=7)
Analytic t0 extension enabled (--extend-time-using-t0).
Extending simulation time for p0=2.044e-10 from 10000000000.0 to 2.622e+10
Completed 0 % :  mod = 1.6349714286068191e-16,  Error =-1.4210854715202004e-14
Completed 0 % :  mod = 1.6426174963803957e-16,  Error =5.600057306764938e-09
Completed 0 % :  mod = 1.6656272306615836e-16,  Error =1.1200128824384592e-08
Completed 0 % :  mod = 1.7042157935354173e-16,  Error =1.6799575064396777e-08
Completed 0 % :  mod = 1.7587441867837422e-16,  Error =2.239917051838347e-08
Completed 1 % :  mod = 1.8297223186573363e-16,  Error =2.799866649638716e-08
Completed 1 % :  mod = 1.9178141815095567e-16,  Error =3.359784983558711e-08
Completed 1 % :  mod = 2.0238435919128026e-16,  Error =3.9197772139232256e-08
Completed 1 % :  mod = 2.1488023781956165e-16,  Error =4.4797268117235944e-08
Completed 2 % :  mod = 2.293859209044759e-16,  Error =5.0397403583701816e-08
Completed 2 % :  mod = 2.460370875731776e-16,  Error =5.5996572712047055e-08
Completed 2 % :  mod = 2.64989476030977e-16,  Error =6.159618237688846e-08
Completed 2 % :  mod = 2.864203465336509e-16,  Error =6.719566414403744e-08
Completed 3 % :  mod = 3.105301594784114e-16,  Error =7.279507485691283e-08
Completed 3 % :  mod = 3.375443958216392e-16,  Error =7.839471294346367e-08
Completed 3 % :  mod = 3.6771575241622925e-16,  Error =8.399405970749285e-08
Completed 3 % :  mod = 4.0132639597536223e-16,  Error =8.959329989011167e-08
Completed 4 % :  mod = 4.3869071639487244e-16,  Error =9.519340693486811e-08
Completed 4 % :  mod = 4.801581716858682e-16,  Error =1.0079303791599159e-07
Completed 4 % :  mod = 5.261166214609015e-16,  Error =1.0639340786156026e-07
Completed 4 % :  mod = 5.769959231016816e-16,  Error =1.1199306015896582e-07
Completed 5 % :  mod = 6.332719464284786e-16,  Error =1.175929753571836e-07
Completed 5 % :  mod = 6.954710720633912e-16,  Error =1.231926560762986e-07
Completed 5 % :  mod = 7.64175030488629e-16,  Error =1.2879256416908902e-07
Completed 5 % :  mod = 8.400264509808564e-16,  Error =1.34392045936238e-07
Completed 6 % :  mod = 9.23734749792986e-16,  Error =1.3999174797163505e-07
Completed 6 % :  mod = 1.016082895871203e-15,  Error =1.4559157790472455e-07
Completed 6 % :  mod = 1.1179346067576085e-15,  Error =1.5119145047037819e-07
Completed 6 % :  mod = 1.2302425379367773e-15,  Error =1.567917777833827e-07
Completed 7 % :  mod = 1.3540571131955922e-15,  Error =1.6239170008702786e-07
Completed 7 % :  mod = 1.490536390871699e-15,  Error =1.6799057078742408e-07
Completed 7 % :  mod = 1.640956891130737e-15,  Error =1.735904788802145e-07
Completed 7 % :  mod = 1.80672550307616e-15,  Error =1.791908772474926e-07
Completed 8 % :  mod = 1.989392708833991e-15,  Error =1.8479046559605194e-07
Completed 8 % :  mod = 2.1906669898337676e-15,  Error =1.9038990473063677e-07
Completed 8 % :  mod = 2.4124309366162603e-15,  Error =1.9598926570552067e-07
Completed 8 % :  mod = 2.656758695520158e-15,  Error =2.015893585394224e-07
Completed 9 % :  mod = 2.925935548409058e-15,  Error =2.071889682042638e-07
Completed 9 % :  mod = 3.222479104831965e-15,  Error =2.127885281311137e-07
Completed 9 % :  mod = 3.549163021375657e-15,  Error =2.1838857122702393e-07
Completed 9 % :  mod = 3.9090427907780405e-15,  Error =2.239879037801984e-07
Completed 10 % :  mod = 4.30548444447502e-15,  Error =2.2958740686362944e-07
Completed 10 % :  mod = 4.742195951859564e-15,  Error =2.351867252059492e-07
Completed 10 % :  mod = 5.223184752105272e-15,  Error =2.4078585880715764e-07
Completed 10 % :  mod = 5.75309688343167e-15,  Error =2.4638563900225563e-07
Completed 11 % :  mod = 6.336818587692192e-15,  Error =2.5198551867333663e-07
Completed 11 % :  mod = 6.9798095547147094e-15,  Error =2.5758475885595544e-07
Completed 11 % :  mod = 7.688083718528125e-15,  Error =2.631844466804978e-07
Completed 11 % :  mod = 8.468265734256071e-15,  Error =2.687842197701684e-07
Completed 12 % :  mod = 9.32765271231208e-15,  Error =2.74383971543557e-07
Completed 12 % :  mod = 1.0274282664389953e-14,  Error =2.7998393647976627e-07
Completed 12 % :  mod = 1.1317009540325845e-14,  Error =2.8558316955695773e-07
Completed 12 % :  mod = 1.2465586126381496e-14,  Error =2.911832197582953e-07
Completed 13 % :  mod = 1.37307552403558e-14,  Error =2.967831989053593e-07
Completed 13 % :  mod = 1.5124350170698218e-14,  Error =3.023826593562262e-07
Completed 13 % :  mod = 1.6659405450882047e-14,  Error =3.0798288719324773e-07
Completed 13 % :  mod = 1.835027862804201e-14,  Error =3.135828379186023e-07
Completed 14 % :  mod = 2.0212784728524052e-14,  Error =3.191830515447691e-07
Completed 14 % :  mod = 2.2264343975023652e-14,  Error =3.247824267305077e-07
Completed 14 % :  mod = 2.452414492681684e-14,  Error =3.3038223534731515e-07
Completed 14 % :  mod = 2.7013323755803435e-14,  Error =3.359817526416009e-07
Completed 15 % :  mod = 2.9755162092238026e-14,  Error =3.4158152573127154e-07
Completed 15 % :  mod = 3.277530466292849e-14,  Error =3.471814480349167e-07
Completed 15 % :  mod = 3.6101999195585596e-14,  Error =3.5278119980830525e-07
Completed 15 % :  mod = 3.9766360625583955e-14,  Error =3.58380717102591e-07
Completed 16 % :  mod = 4.380266202561979e-14,  Error =3.639804759814069e-07
Completed 16 % :  mod = 4.8248655280680186e-14,  Error =3.6958073934556523e-07
Completed 16 % :  mod = 5.31459239836617e-14,  Error =3.7518080375775753e-07
Completed 16 % :  mod = 5.854027254309509e-14,  Error =3.807807260614027e-07
Completed 17 % :  mod = 6.448215433508736e-14,  Error =3.8637941912611495e-07
Completed 17 % :  mod = 7.102714375006838e-14,  Error =3.9197859535988755e-07
Completed 17 % :  mod = 7.823645571675775e-14,  Error =3.975784679255412e-07
Completed 17 % :  mod = 8.617751829147408e-14,  Error =4.031780633795279e-07
Completed 18 % :  mod = 9.492460306762757e-14,  Error =4.0877741014355706e-07
Completed 18 % :  mod = 1.045595196930025e-13,  Error =4.143772827092107e-07
Completed 18 % :  mod = 1.15172380796395e-13,  Error =4.1997689947947947e-07
Completed 18 % :  mod = 1.2686244437800914e-13,  Error =4.2557629598150015e-07
Completed 19 % :  mod = 1.3973904185269932e-13,  Error =4.311763532882651e-07
Completed 19 % :  mod = 1.539225997941129e-13,  Error =4.3677518135609716e-07
Completed 19 % :  mod = 1.6954576568495575e-13,  Error =4.423751036597423e-07
Completed 19 % :  mod = 1.867546471753079e-13,  Error =4.4797487674941294e-07
Completed 20 % :  mod = 2.057101773590622e-13,  Error =4.5357398192891196e-07
Completed 20 % :  mod = 2.265896177367988e-13,  Error =4.591732221115308e-07
Completed 20 % :  mod = 2.4958821356554285e-13,  Error =4.647723628181666e-07
Completed 20 % :  mod = 2.749210162642126e-13,  Error =4.7037228512181173e-07
Completed 21 % :  mod = 3.028248899086814e-13,  Error =4.7597194452464464e-07
Completed 21 % :  mod = 3.3355578898317365e-13,  Error =4.815716465600417e-07
Completed 21 % :  mod = 3.6741041385020774e-13,  Error =4.871716754450972e-07
Completed 21 % :  mod = 4.047007502086314e-13,  Error =4.927707593083142e-07
Completed 22 % :  mod = 4.457753329305092e-13,  Error =4.983705608196942e-07
Completed 22 % :  mod = 4.9101800843866e-13,  Error =5.039697867914583e-07
Completed 22 % :  mod = 5.408514966266631e-13,  Error =5.095694746160007e-07
Completed 22 % :  mod = 5.957413074418051e-13,  Error =5.151686437443459e-07
Completed 23 % :  mod = 6.562000446964503e-13,  Error =5.20768743683675e-07
Completed 23 % :  mod = 7.227921338431815e-13,  Error =5.263690425749701e-07
Completed 23 % :  mod = 7.961390118317464e-13,  Error =5.319683751281445e-07
Completed 23 % :  mod = 8.769248201942541e-13,  Error =5.375683969077727e-07
Completed 24 % :  mod = 9.659026446892897e-13,  Error =5.431675162981264e-07
Completed 24 % :  mod = 1.063901345942898e-12,  Error =5.487674599180536e-07
Completed 24 % :  mod = 1.17183302773932e-12,  Error =5.543671548480233e-07
Completed 24 % :  mod = 1.2907011878719623e-12,  Error =5.599662458166677e-07
Completed 25 % :  mod = 1.4216095968806811e-12,  Error =5.655655428427053e-07
Completed 25 % :  mod = 1.5657719438441457e-12,  Error =5.711649961881449e-07
Completed 25 % :  mod = 1.7245222836083674e-12,  Error =5.767640658405071e-07
Completed 25 % :  mod = 1.8993263062420116e-12,  Error =5.823630075951769e-07
Completed 26 % :  mod = 2.091793433702722e-12,  Error =5.879621269855306e-07
Completed 26 % :  mod = 2.3036897217245305e-12,  Error =5.935613316410127e-07
Completed 26 % :  mod = 2.5369515084371385e-12,  Error =5.991600886545712e-07
Completed 26 % :  mod = 2.793699699534799e-12,  Error =6.047588954061212e-07
Completed 27 % :  mod = 3.076254506738055e-12,  Error =6.103572687266023e-07
Completed 27 % :  mod = 3.387150359261856e-12,  Error =6.159553578299892e-07
Completed 27 % :  mod = 3.729150572018797e-12,  Error =6.215534114062393e-07
Completed 27 % :  mod = 4.105261176935559e-12,  Error =6.27150186005565e-07
Completed 28 % :  mod = 4.518743081361387e-12,  Error =6.327471169242926e-07
Completed 28 % :  mod = 4.973121403381471e-12,  Error =6.383432662460109e-07
Completed 28 % :  mod = 5.4721904167706274e-12,  Error =6.439384279133264e-07
Completed 28 % :  mod = 6.020012002199243e-12,  Error =6.495320974408969e-07
Completed 29 % :  mod = 6.6209048112484714e-12,  Error =6.551250351094495e-07
Completed 29 % :  mod = 7.279420479342894e-12,  Error =6.607168501204796e-07
Completed 29 % :  mod = 8.000302143953626e-12,  Error =6.663068745638157e-07
Completed 29 % :  mod = 8.788419213167728e-12,  Error =6.718940781524907e-07
Completed 30 % :  mod = 9.648670792667776e-12,  Error =6.774784679919321e-07
Completed 30 % :  mod = 1.0585848449238786e-11,  Error =6.830602146123965e-07
Completed 30 % :  mod = 1.160444718548117e-11,  Error =6.886388987936698e-07
Completed 30 % :  mod = 1.2708411836210007e-11,  Error =6.94213170504554e-07
Completed 31 % :  mod = 1.3900804978657801e-11,  Error =6.997818289278257e-07
Completed 31 % :  mod = 1.5183382509603635e-11,  Error =7.053450516991688e-07
Completed 31 % :  mod = 1.6556065257967637e-11,  Error =7.109011050943082e-07
Completed 31 % :  mod = 1.8016300714690527e-11,  Error =7.16449520155038e-07
Completed 32 % :  mod = 1.9558078254086436e-11,  Error =7.219873410235778e-07
Completed 32 % :  mod = 2.117206062415597e-11,  Error =7.27516528797878e-07
Completed 32 % :  mod = 2.2843309713587013e-11,  Error =7.330338789302004e-07
Completed 32 % :  mod = 2.4551414648577517e-11,  Error =7.385379063862274e-07
Completed 33 % :  mod = 2.626963900127061e-11,  Error =7.440277087766844e-07
Completed 33 % :  mod = 2.796464876087342e-11,  Error =7.49501467112168e-07
Completed 33 % :  mod = 2.9596790953101026e-11,  Error =7.549596645617385e-07
Completed 33 % :  mod = 3.1121120953696716e-11,  Error =7.604012708384289e-07
Completed 34 % :  mod = 3.248932296222174e-11,  Error =7.658286875766862e-07
Completed 34 % :  mod = 3.3652547620175186e-11,  Error =7.712416802974076e-07
Completed 34 % :  mod = 3.456500635065302e-11,  Error =7.766423593125182e-07
Completed 34 % :  mod = 3.51879455263523e-11,  Error =7.82034874191595e-07
Completed 35 % :  mod = 3.549343702586086e-11,  Error =7.874215484093838e-07
Completed 35 % :  mod = 3.546734081103624e-11,  Error =7.928068086471285e-07
Completed 35 % :  mod = 3.511087629037706e-11,  Error =7.981944065704738e-07
Completed 35 % :  mod = 3.4440484945140324e-11,  Error =8.035877812062608e-07
Completed 36 % :  mod = 3.3486012468341757e-11,  Error =8.089906629038524e-07
Completed 36 % :  mod = 3.228757534562186e-11,  Error =8.144055954062424e-07
Completed 36 % :  mod = 3.0891699402784085e-11,  Error =8.198348950827494e-07
Completed 36 % :  mod = 2.9347371766090554e-11,  Error =8.252797201180329e-07
Completed 37 % :  mod = 2.770254556775354e-11,  Error =8.307390757522626e-07
Completed 37 % :  mod = 2.6001440530373596e-11,  Error =8.362153920415949e-07
Completed 37 % :  mod = 2.428276769404723e-11,  Error =8.417065302523952e-07
Completed 37 % :  mod = 2.2578830864962705e-11,  Error =8.472127888126124e-07
Completed 38 % :  mod = 2.0915347756486655e-11,  Error =8.527314463435687e-07
Completed 38 % :  mod = 1.9311789612760794e-11,  Error =8.582622683661612e-07
Completed 38 % :  mod = 1.7782042763678362e-11,  Error =8.638027466645326e-07
Completed 38 % :  mod = 1.6335228230884957e-11,  Error =8.693522914882124e-07
Completed 39 % :  mod = 1.497655849739112e-11,  Error =8.749101496619005e-07
Completed 39 % :  mod = 1.370815219229888e-11,  Error =8.804747793078604e-07
Completed 39 % :  mod = 1.2529761782414391e-11,  Error =8.860454983050658e-07
Completed 39 % :  mod = 1.1439394613481203e-11,  Error =8.916209139897546e-07
Completed 40 % :  mod = 1.043382442950983e-11,  Error =8.972008842533796e-07
Completed 40 % :  mod = 9.509000478266207e-12,  Error =9.027831424646138e-07
Completed 40 % :  mod = 8.66036637555568e-12,  Error =9.083690173383729e-07
Completed 40 % :  mod = 7.883102695617559e-12,  Error =9.13956817782946e-07
Completed 41 % :  mod = 7.172307080940974e-12,  Error =9.195463377409396e-07
Completed 41 % :  mod = 6.523124421611904e-12,  Error =9.251376411612e-07
Completed 41 % :  mod = 5.930837950773427e-12,  Error =9.307305646188979e-07
Completed 41 % :  mod = 5.3909302972486205e-12,  Error =9.363243833604429e-07
Completed 42 % :  mod = 4.899121832635669e-12,  Error =9.419189979098519e-07
Completed 42 % :  mod = 4.451392147429794e-12,  Error =9.475148488036211e-07
Completed 42 % :  mod = 4.043989214885253e-12,  Error =9.531112539207243e-07
Completed 42 % :  mod = 3.673483778298813e-12,  Error =9.587078722006481e-07
Completed 43 % :  mod = 3.3365426065660556e-12,  Error =9.643049239116408e-07
Completed 43 % :  mod = 3.03025790584169e-12,  Error =9.699031124910107e-07
Completed 43 % :  mod = 2.7519031205261963e-12,  Error =9.755013721246542e-07
Completed 43 % :  mod = 2.4989783247924764e-12,  Error =9.81099837815691e-07
Completed 44 % :  mod = 2.2691954820165118e-12,  Error =9.86698424298993e-07
Completed 44 % :  mod = 2.060463537181022e-12,  Error =9.92297529478492e-07
Completed 44 % :  mod = 1.870873733726725e-12,  Error =9.978966701851277e-07
Completed 44 % :  mod = 1.6986854180235176e-12,  Error =1.0034962301119776e-06
Completed 45 % :  mod = 1.5423125022530226e-12,  Error =1.0090950013363909e-06
Completed 45 % :  mod = 1.4003106854346852e-12,  Error =1.0146940212507616e-06
Completed 45 % :  mod = 1.271365486226605e-12,  Error =1.0202936948644492e-06
Completed 45 % :  mod = 1.154281102531751e-12,  Error =1.0258930416284784e-06
Completed 46 % :  mod = 1.0479700921956544e-12,  Error =1.0314919265397293e-06
Completed 46 % :  mod = 9.514438494000473e-13,  Error =1.037091145406066e-06
Completed 46 % :  mod = 8.638038431964211e-13,  Error =1.0426902150584283e-06
Completed 46 % :  mod = 7.842335765054702e-13,  Error =1.0482890004936962e-06
Completed 47 % :  mod = 7.119912209537022e-13,  Error =1.053889235436145e-06
Completed 47 % :  mod = 6.464028822017424e-13,  Error =1.0594891008963714e-06
Completed 47 % :  mod = 5.868564487836254e-13,  Error =1.0650882913409987e-06
Completed 47 % :  mod = 5.327959814072889e-13,  Error =1.0706883628586183e-06
Completed 48 % :  mod = 4.83716597953957e-13,  Error =1.076288533852221e-06
Completed 48 % :  mod = 4.3915981557680634e-13,  Error =1.0818883211527464e-06
Completed 48 % :  mod = 3.9870930979084055e-13,  Error =1.0874884210920754e-06
Completed 48 % :  mod = 3.619870566059622e-13,  Error =1.093088592085678e-06
Completed 49 % :  mod = 3.286498233691477e-13,  Error =1.098688230172229e-06
Completed 49 % :  mod = 2.9838597852202317e-13,  Error =1.1042874703548478e-06
Completed 49 % :  mod = 2.7091259195732895e-13,  Error =1.1098867886971675e-06
Completed 49 % :  mod = 2.4597279967163597e-13,  Error =1.1154867110008126e-06
Completed 50 % :  mod = 2.23333410059801e-13,  Error =1.1210861501353975e-06
Completed 50 % :  mod = 2.027827286237745e-13,  Error =1.1266853690017342e-06
Completed 50 % :  mod = 1.841285831972782e-13,  Error =1.1322856678930293e-06
Completed 50 % :  mod = 1.6719652950376655e-13,  Error =1.1378856470400933e-06
Completed 51 % :  mod = 1.5182822268445525e-13,  Error =1.143485462762328e-06
Completed 51 % :  mod = 1.3787993782830687e-13,  Error =1.1490846532069554e-06
Completed 51 % :  mod = 1.2522122744471336e-13,  Error =1.1546837015430356e-06
Completed 51 % :  mod = 1.1373370234490868e-13,  Error =1.1602830056745006e-06
Completed 52 % :  mod = 1.0330992509775135e-13,  Error =1.1658836953643004e-06
Completed 52 % :  mod = 9.385240599484671e-14,  Error =1.1714833618725606e-06
Completed 52 % :  mod = 8.52726913058128e-14,  Error =1.1770836181312916e-06
Completed 52 % :  mod = 7.749053676892482e-14,  Error =1.1826837607031848e-06
Completed 53 % :  mod = 7.043315679261891e-14,  Error =1.1882841306487535e-06
Completed 53 % :  mod = 6.403547570400341e-14,  Error =1.193882610550645e-06
Completed 53 % :  mod = 5.823569753059153e-14,  Error =1.1994825968031364e-06
Completed 53 % :  mod = 5.298060437905295e-14,  Error =1.205082448052508e-06
Completed 54 % :  mod = 4.822104518876351e-14,  Error =1.2106820932444862e-06
Completed 54 % :  mod = 4.391250358535034e-14,  Error =1.2162818450178747e-06
Completed 54 % :  mod = 4.001468152186376e-14,  Error =1.2218824352316915e-06
Completed 54 % :  mod = 3.6491122267638484e-14,  Error =1.227482044896533e-06
Completed 55 % :  mod = 3.330886973824934e-14,  Error =1.2330814769256904e-06
Completed 55 % :  mod = 3.043815984929909e-14,  Error =1.238681271331643e-06
Completed 55 % :  mod = 2.7852142662935186e-14,  Error =1.2442815418012287e-06
Completed 55 % :  mod = 2.5526630696228093e-14,  Error =1.2498810377792324e-06
Completed 56 % :  mod = 2.3439873270229304e-14,  Error =1.2554808321851851e-06
Completed 56 % :  mod = 2.1572352552512987e-14,  Error =1.2610804560608813e-06
Completed 56 % :  mod = 1.9906601436096735e-14,  Error =1.2666802149396972e-06
Completed 56 % :  mod = 1.842703987963773e-14,  Error =1.272279533282017e-06
Completed 57 % :  mod = 1.7119829312064393e-14,  Error =1.277879334793397e-06
Completed 57 % :  mod = 1.5972743254497558e-14,  Error =1.2834786531357167e-06
Completed 57 % :  mod = 1.497505274141506e-14,  Error =1.2890786038610713e-06
Completed 57 % :  mod = 1.4117426351170119e-14,  Error =1.2946775669320232e-06
Completed 58 % :  mod = 1.3391842431581803e-14,  Error =1.3002769492231891e-06
Completed 58 % :  mod = 1.2791514637343073e-14,  Error =1.305875912294141e-06
Completed 58 % :  mod = 1.2310827873205846e-14,  Error =1.3114756640675296e-06
Completed 58 % :  mod = 1.1945286320000068e-14,  Error =1.317075394524636e-06
Completed 59 % :  mod = 1.1691470914344895e-14,  Error =1.3226751178763152e-06
Completed 59 % :  mod = 1.1547007734581167e-14,  Error =1.3282748909659858e-06
Completed 59 % :  mod = 1.151054557735257e-14,  Error =1.3338745787905282e-06
Completed 59 % :  mod = 1.1581743377480982e-14,  Error =1.3394748492601138e-06
Completed 60 % :  mod = 1.176126713829923e-14,  Error =1.3450741533915789e-06
Completed 60 % :  mod = 1.2050795863931937e-14,  Error =1.3506742178037712e-06
Completed 60 % :  mod = 1.2453037703431247e-14,  Error =1.3562738132577579e-06
Completed 60 % :  mod = 1.2971754737709164e-14,  Error =1.3618729539643937e-06
Completed 61 % :  mod = 1.361179875649491e-14,  Error =1.3674726773160728e-06
Completed 61 % :  mod = 1.437915605197456e-14,  Error =1.3730717682847171e-06
Completed 61 % :  mod = 1.528100394252383e-14,  Error =1.3786709729401991e-06
Completed 61 % :  mod = 1.632577747743156e-14,  Error =1.3842702273336727e-06
Completed 62 % :  mod = 1.752324861726458e-14,  Error =1.3898693111968896e-06
Completed 62 % :  mod = 1.8884617512059243e-14,  Error =1.3954697593021592e-06
Completed 62 % :  mod = 2.0422617187283485e-14,  Error =1.401069276596445e-06
Completed 62 % :  mod = 2.215163288733596e-14,  Error =1.4066689857372694e-06
Completed 63 % :  mod = 2.4087836201693293e-14,  Error =1.4122695404239494e-06
Completed 63 % :  mod = 2.6249336875920334e-14,  Error =1.417869732733834e-06
Completed 63 % :  mod = 2.865635154524479e-14,  Error =1.4234694063475217e-06
Completed 63 % :  mod = 3.1331393491495785e-14,  Error =1.4290694139162952e-06
Completed 64 % :  mod = 3.4299004893838595e-14,  Error =1.4346678085530584e-06
Completed 64 % :  mod = 3.7587850780143616e-14,  Error =1.4402671482116602e-06
Completed 64 % :  mod = 4.122826120165766e-14,  Error =1.4458666797168007e-06
Completed 64 % :  mod = 4.52542852761137e-14,  Error =1.4514662396436506e-06
Completed 65 % :  mod = 4.970357877362716e-14,  Error =1.4570668298574674e-06
Completed 65 % :  mod = 5.4617756137726126e-14,  Error =1.4626665958417107e-06
Completed 65 % :  mod = 6.004278000170328e-14,  Error =1.468266283666253e-06
Completed 65 % :  mod = 6.602939056013238e-14,  Error =1.4738661278101972e-06
Completed 66 % :  mod = 7.263358067644164e-14,  Error =1.4794661566952527e-06
Completed 66 % :  mod = 7.991711885348369e-14,  Error =1.4850660079446243e-06
Completed 66 % :  mod = 8.794812749037624e-14,  Error =1.4906656389257478e-06
Completed 66 % :  mod = 9.680171930311618e-14,  Error =1.4962654759642646e-06
Completed 67 % :  mod = 1.0656070011180701e-13,  Error =1.5018652348430805e-06
Completed 67 % :  mod = 1.1731634275306304e-13,  Error =1.5074650008273238e-06
Completed 67 % :  mod = 1.2916924050644237e-13,  Error =1.5130650368178067e-06
Completed 67 % :  mod = 1.422302475370233e-13,  Error =1.5186645967446566e-06
Completed 68 % :  mod = 1.5662151478128523e-13,  Error =1.5242643485180452e-06
Completed 68 % :  mod = 1.7247763198011425e-13,  Error =1.529864263716263e-06
Completed 68 % :  mod = 1.899468847500399e-13,  Error =1.5354641291764892e-06
Completed 68 % :  mod = 2.0919264053639721e-13,  Error =1.5410636891033391e-06
Completed 69 % :  mod = 2.3039487379840846e-13,  Error =1.5466632632410438e-06
Completed 69 % :  mod = 2.537518470703509e-13,  Error =1.5522631926501163e-06
Completed 69 % :  mod = 2.794819609658343e-13,  Error =1.5578626388901284e-06
Completed 69 % :  mod = 3.0782579212511325e-13,  Error =1.563462468823218e-06
Completed 70 % :  mod = 3.3904833628959495e-13,  Error =1.5690621211206235e-06
Completed 70 % :  mod = 3.73441477639609e-13,  Error =1.5746619865808498e-06
Completed 70 % :  mod = 4.113267067162883e-13,  Error =1.5802619373062043e-06
Completed 70 % :  mod = 4.5305811056300616e-13,  Error =1.585861411967926e-06
Completed 71 % :  mod = 4.990256630719575e-13,  Error =1.5914609079459296e-06
Completed 71 % :  mod = 5.496588425055393e-13,  Error =1.597060276026241e-06
Completed 71 % :  mod = 6.054306098479767e-13,  Error =1.6026597577933899e-06
Completed 71 % :  mod = 6.668617794187646e-13,  Error =1.608259580621052e-06
Completed 72 % :  mod = 7.345258205831767e-13,  Error =1.6138588065928161e-06
Completed 72 % :  mod = 8.090541274112032e-13,  Error =1.6194583167816745e-06
Completed 72 % :  mod = 8.911417993377543e-13,  Error =1.6250576351239943e-06
Completed 72 % :  mod = 9.815539752495006e-13,  Error =1.6306575858493488e-06
Completed 73 % :  mod = 1.081132766458129e-12,  Error =1.636257231041327e-06
Completed 73 % :  mod = 1.1908048349853686e-12,  Error =1.6418568975495873e-06
Completed 73 % :  mod = 1.3115896617058447e-12,  Error =1.6474563224733174e-06
Completed 73 % :  mod = 1.4446085499044184e-12,  Error =1.653055818451321e-06
Completed 74 % :  mod = 1.591094401390907e-12,  Error =1.6586553073238974e-06
Completed 74 % :  mod = 1.752402299360332e-12,  Error =1.6642543911871144e-06
Completed 74 % :  mod = 1.9300209148270146e-12,  Error =1.6698533542580662e-06
Completed 74 % :  mod = 2.1255533710144236e-12,  Error =1.6754517062622654e-06
Completed 75 % :  mod = 2.340852583755591e-12,  Error =1.6810509677611662e-06
Completed 75 % :  mod = 2.5778559924138836e-12,  Error =1.6866497389855795e-06
Completed 75 % :  mod = 2.8387165156173176e-12,  Error =1.692247366236188e-06
Completed 75 % :  mod = 3.1257888495367113e-12,  Error =1.697845455339575e-06
Completed 76 % :  mod = 3.4416443720513983e-12,  Error =1.7034438926089024e-06
Completed 76 % :  mod = 3.789085718595375e-12,  Error =1.709041399067246e-06
Completed 76 % :  mod = 4.171160401583981e-12,  Error =1.7146381878774264e-06
Completed 76 % :  mod = 4.591172589657417e-12,  Error =1.7202337048161098e-06
Completed 77 % :  mod = 5.05269183649656e-12,  Error =1.7258292999144942e-06
Completed 77 % :  mod = 5.559557110479691e-12,  Error =1.731424646322921e-06
Completed 77 % :  mod = 6.115873920330316e-12,  Error =1.7370182945342094e-06
Completed 77 % :  mod = 6.726001610875103e-12,  Error =1.7426116940555403e-06
Completed 78 % :  mod = 7.394527002139809e-12,  Error =1.7482026208881507e-06
Completed 78 % :  mod = 8.12621942647346e-12,  Error =1.7537924463795207e-06
Completed 78 % :  mod = 8.925960869090218e-12,  Error =1.7593803178783674e-06
Completed 78 % :  mod = 9.798643344911652e-12,  Error =1.7649646082418258e-06
Completed 79 % :  mod = 1.074902389092982e-11,  Error =1.7705465182871194e-06
Completed 79 % :  mod = 1.1781525755875684e-11,  Error =1.7761244706093748e-06
Completed 79 % :  mod = 1.2899972759266795e-11,  Error =1.7816978328255573e-06
Completed 79 % :  mod = 1.4107242820485272e-11,  Error =1.7872662638751535e-06
Completed 80 % :  mod = 1.5404826996320747e-11,  Error =1.7928282645129912e-06
Completed 80 % :  mod = 1.679228306041216e-11,  Error =1.7983834581514202e-06
Completed 80 % :  mod = 1.8266579106152606e-11,  Error =1.8039304165995418e-06
Completed 80 % :  mod = 1.9821334624566544e-11,  Error =1.809467612190474e-06
Completed 81 % :  mod = 2.1445985869100436e-11,  Error =1.8149944835954557e-06
Completed 81 % :  mod = 2.3124930517206578e-11,  Error =1.8205093823553398e-06
Completed 81 % :  mod = 2.4836743692334846e-11,  Error =1.8260107452761076e-06
Completed 81 % :  mod = 2.655360038103422e-11,  Error =1.8314977836553226e-06
Completed 82 % :  mod = 2.824108053195251e-11,  Error =1.8369689485098206e-06
Completed 82 % :  mod = 2.985855893428111e-11,  Error =1.8424251706505856e-06
Completed 82 % :  mod = 3.136037315991977e-11,  Error =1.847865405579796e-06
Completed 82 % :  mod = 3.2697898877526304e-11,  Error =1.8532904988433074e-06
Completed 83 % :  mod = 3.382252988036796e-11,  Error =1.8587012036164197e-06
Completed 83 % :  mod = 3.468936735856068e-11,  Error =1.8641010086639653e-06
Completed 83 % :  mod = 3.526120647454832e-11,  Error =1.869492905370862e-06
Completed 83 % :  mod = 3.551223409390149e-11,  Error =1.8748798922274545e-06
Completed 84 % :  mod = 3.5430794667489395e-11,  Error =1.8802650387783615e-06
Completed 84 % :  mod = 3.502069135784016e-11,  Error =1.8856537238320925e-06
Completed 84 % :  mod = 3.4300757958985864e-11,  Error =1.8910486616618982e-06
Completed 84 % :  mod = 3.330278954483596e-11,  Error =1.8964534902465857e-06
Completed 85 % :  mod = 3.206824389647454e-11,  Error =1.9018716770347055e-06
Completed 85 % :  mod = 3.0644322332756625e-11,  Error =1.907303150971984e-06
Completed 85 % :  mod = 2.908031149713022e-11,  Error =1.9127499442106455e-06
Completed 85 % :  mod = 2.7423223146085628e-11,  Error =1.918212554130605e-06
Completed 86 % :  mod = 2.5716691125635835e-11,  Error =1.92369147100635e-06
Completed 86 % :  mod = 2.3998404441792413e-11,  Error =1.929185579285786e-06
Completed 86 % :  mod = 2.229957058740599e-11,  Error =1.934693599991988e-06
Completed 86 % :  mod = 2.0644836951177435e-11,  Error =1.9402143536240146e-06
Completed 87 % :  mod = 1.9052696786828474e-11,  Error =1.945746525677805e-06
Completed 87 % :  mod = 1.7536187209973518e-11,  Error =1.9512892066586573e-06
Completed 87 % :  mod = 1.6103722150742905e-11,  Error =1.956839724925885e-06
Completed 87 % :  mod = 1.4759946596549284e-11,  Error =1.962398215482608e-06
Completed 88 % :  mod = 1.3506539166430535e-11,  Error =1.9679638043612613e-06
Completed 88 % :  mod = 1.2342922928675622e-11,  Error =1.9735335214932093e-06
Completed 88 % :  mod = 1.1266868136587144e-11,  Error =1.9791087098042226e-06
Completed 88 % :  mod = 1.0274986085816812e-11,  Error =1.9846888790198136e-06
Completed 89 % :  mod = 9.363122331843962e-12,  Error =1.990272593843656e-06
Completed 89 % :  mod = 8.52666192570881e-12,  Error =1.995858504244552e-06
Completed 89 % :  mod = 7.76076071260473e-12,  Error =2.0014475410334853e-06
Completed 89 % :  mod = 7.060516336128086e-12,  Error =2.0070374660008383e-06
Completed 90 % :  mod = 6.4210912341581895e-12,  Error =2.012629806813493e-06
Completed 90 % :  mod = 5.837798174704253e-12,  Error =2.0182237179255935e-06
Completed 90 % :  mod = 5.30615707848975e-12,  Error =2.0238172240283347e-06
Completed 90 % :  mod = 4.821930201791439e-12,  Error =2.029412321746804e-06
Completed 91 % :  mod = 4.381141286204332e-12,  Error =2.0350084923848044e-06
Completed 91 % :  mod = 3.980083045395567e-12,  Error =2.040605366460113e-06
Completed 91 % :  mod = 3.6153163521405515e-12,  Error =2.0462024892253794e-06
Completed 91 % :  mod = 3.2836636760013763e-12,  Error =2.0517996830449192e-06
Completed 92 % :  mod = 2.9821986896588513e-12,  Error =2.0573972818738184e-06
Completed 92 % :  mod = 2.7082334617535087e-12,  Error =2.0629950725492563e-06
Completed 92 % :  mod = 2.4593042782158103e-12,  Error =2.06859343876431e-06
Completed 92 % :  mod = 2.2331568400450687e-12,  Error =2.0741916912925262e-06
Completed 93 % :  mod = 2.0277313700060633e-12,  Error =2.0797904056735206e-06
Completed 93 % :  mod = 1.841147995120598e-12,  Error =2.085388764783147e-06
Completed 93 % :  mod = 1.671692650818494e-12,  Error =2.090988502345681e-06
Completed 93 % :  mod = 1.5178036645056868e-12,  Error =2.0965874441003507e-06
Completed 94 % :  mod = 1.3780591087158795e-12,  Error =2.1021868263915167e-06
Completed 94 % :  mod = 1.251164971250035e-12,  Error =2.107786279736956e-06
Completed 94 % :  mod = 1.1359441519211222e-12,  Error =2.113386514679405e-06
Completed 94 % :  mod = 1.0313262779171228e-12,  Error =2.1189855630154852e-06
Completed 95 % :  mod = 9.363383091878003e-13,  Error =2.1245857055873785e-06
Completed 95 % :  mod = 8.500959000779838e-13,  Error =2.13018480366145e-06
Completed 95 % :  mod = 7.717954737289443e-13,  Error =2.1357848112302236e-06
Completed 95 % :  mod = 7.007069651892761e-13,  Error =2.141384662479595e-06
Completed 96 % :  mod = 6.361671870754529e-13,  Error =2.1469842153010177e-06
Completed 96 % :  mod = 5.775823060030336e-13,  Error =2.1525830788959865e-06
Completed 96 % :  mod = 5.2438739303326e-13,  Error =2.158182354605742e-06
Completed 96 % :  mod = 4.760950265657413e-13,  Error =2.163782113484558e-06
Completed 97 % :  mod = 4.322540580406667e-13,  Error =2.1693815668299976e-06
Completed 97 % :  mod = 3.924548378314607e-13,  Error =2.1749807075366334e-06
Completed 97 % :  mod = 3.5632541844756647e-13,  Error =2.1805804308883125e-06
Completed 97 % :  mod = 3.2352810063026927e-13,  Error =2.186180282137684e-06
Completed 98 % :  mod = 2.937562942261049e-13,  Error =2.1917800907544915e-06
Completed 98 % :  mod = 2.6673166473613997e-13,  Error =2.197379622259632e-06
Completed 98 % :  mod = 2.422015406187928e-13,  Error =2.2029791537647725e-06
Completed 98 % :  mod = 2.1993655827824666e-13,  Error =2.208579083173845e-06
Completed 99 % :  mod = 1.9972852231240048e-13,  Error =2.2141788917906524e-06
Completed 99 % :  mod = 1.8138846330219982e-13,  Error =2.219778245660109e-06
Completed 99 % :  mod = 1.647448730060835e-13,  Error =2.2253769245139665e-06
Completed 99 % :  mod = 1.4964210345339278e-13,  Error =2.2309769462935947e-06
Completed 100 % :  mod = 1.359389123226555e-13,  Error =2.236576513325872e-06
Finished 4/7 frames
Finished all frames!
