/opt/local/miniconda_23_9/lib/python3.11/site-packages/conda/base/context.py:201: FutureWarning: Adding 'defaults' to channel list implicitly is deprecated and will be removed in 25.3. 

To remove this warning, please choose a default channel explicitly with conda's regular configuration system, e.g. by adding 'defaults' to the list of channels:

  conda config --add channels defaults

For more information see https://docs.conda.io/projects/conda/en/stable/user-guide/configuration/use-condarc.html

  deprecated.topic(
JOB 14536 ARRAY_ID 1  -> i=1 ; range=[2.0015e-10, 2.1e-10] ; intervals=6 (frames=7)
Analytic t0 extension enabled (--extend-time-using-t0).
Extending simulation time for p0=2.016e-10 from 10000000000.0 to 4.223e+10
Completed 0 % :  mod = 1.6124571434593017e-16,  Error =-1.4210854715202004e-14
Completed 0 % :  mod = 1.6194237056241206e-16,  Error =8.531920059340337e-09
Completed 0 % :  mod = 1.6403809059865683e-16,  Error =1.7062497192910087e-08
Completed 0 % :  mod = 1.6755098360962235e-16,  Error =2.5592427732590295e-08
Completed 0 % :  mod = 1.725119385356341e-16,  Error =3.412387883372503e-08
Completed 1 % :  mod = 1.7896286841153502e-16,  Error =4.265543651627013e-08
Completed 1 % :  mod = 1.869599150194748e-16,  Error =5.118668866543885e-08
Completed 1 % :  mod = 1.965731468645889e-16,  Error =5.971813266114623e-08
Completed 1 % :  mod = 2.078838001140652e-16,  Error =6.824928533433194e-08
Completed 2 % :  mod = 2.209904152433135e-16,  Error =7.677884639178956e-08
Completed 2 % :  mod = 2.360062289354941e-16,  Error =8.530963668818003e-08
Completed 2 % :  mod = 2.530626887202417e-16,  Error =9.38421891305552e-08
Completed 2 % :  mod = 2.7230390491820084e-16,  Error =1.0237216940822691e-07
Completed 3 % :  mod = 2.938976441815591e-16,  Error =1.109033931356862e-07
Completed 3 % :  mod = 3.1803285875725657e-16,  Error =1.1943531319502654e-07
Completed 3 % :  mod = 3.449134926619564e-16,  Error =1.2796546400295483e-07
Completed 3 % :  mod = 3.747739209047805e-16,  Error =1.3649557217831898e-07
Completed 4 % :  mod = 4.0787212597103933e-16,  Error =1.4502673195693205e-07
Completed 4 % :  mod = 4.444977129438731e-16,  Error =1.5355865912169975e-07
Completed 4 % :  mod = 4.849601175793313e-16,  Error =1.6208911546300442e-07
Completed 4 % :  mod = 5.296122527117479e-16,  Error =1.7061974233456567e-07
Completed 5 % :  mod = 5.788447454415109e-16,  Error =1.7915160555048715e-07
Completed 5 % :  mod = 6.330736109548625e-16,  Error =1.8768142240332963e-07
Completed 5 % :  mod = 6.927717760151521e-16,  Error =1.962131719324134e-07
Completed 5 % :  mod = 7.584549868037283e-16,  Error =2.047441398644878e-07
Completed 6 % :  mod = 8.306979150053448e-16,  Error =2.1327488752831414e-07
Completed 6 % :  mod = 9.101109114480078e-16,  Error =2.2180606862320928e-07
Completed 6 % :  mod = 9.973866351012866e-16,  Error =2.3033654628079603e-07
Completed 6 % :  mod = 1.0932885881979273e-15,  Error =2.388678055353921e-07
Completed 7 % :  mod = 1.1986271018365014e-15,  Error =2.473975371231063e-07
Completed 7 % :  mod = 1.314320897606026e-15,  Error =2.5592885322112124e-07
Completed 7 % :  mod = 1.4413694837934405e-15,  Error =2.6445921719187027e-07
Completed 7 % :  mod = 1.580884370233094e-15,  Error =2.7299130067603983e-07
Completed 8 % :  mod = 1.7340443108045704e-15,  Error =2.815216717522162e-07
Completed 8 % :  mod = 1.9021851720050505e-15,  Error =2.9005197887954637e-07
Completed 8 % :  mod = 2.0867779023895638e-15,  Error =2.9858394157145085e-07
Completed 8 % :  mod = 2.2893821765422804e-15,  Error =3.0711558451912424e-07
Completed 9 % :  mod = 2.5117650879980882e-15,  Error =3.156467656140194e-07
Completed 9 % :  mod = 2.7558478453620284e-15,  Error =3.241775203832731e-07
Completed 9 % :  mod = 3.023765826500646e-15,  Error =3.3270903543325403e-07
Completed 9 % :  mod = 3.317782701322879e-15,  Error =3.41239974943619e-07
Completed 10 % :  mod = 3.640462868849081e-15,  Error =3.497707439237274e-07
Completed 10 % :  mod = 3.9946292569377115e-15,  Error =3.583026924047772e-07
Completed 10 % :  mod = 4.383274304778424e-15,  Error =3.6683385218339026e-07
Completed 10 % :  mod = 4.8097877226793385e-15,  Error =3.75364628268926e-07
Completed 11 % :  mod = 5.27785426913864e-15,  Error =3.8389622858403527e-07
Completed 11 % :  mod = 5.7915688116160855e-15,  Error =3.9242770810687944e-07
Completed 11 % :  mod = 6.355271824038911e-15,  Error =4.009588892017746e-07
Completed 11 % :  mod = 6.973879864998689e-15,  Error =4.094905818874395e-07
Completed 12 % :  mod = 7.65280477337242e-15,  Error =4.1802224615139494e-07
Completed 12 % :  mod = 8.397782939691668e-15,  Error =4.265525888058619e-07
Completed 12 % :  mod = 9.215311974270938e-15,  Error =4.350832014665684e-07
Completed 12 % :  mod = 1.011254394491887e-14,  Error =4.43615085998772e-07
Completed 13 % :  mod = 1.1097059777539935e-14,  Error =4.521449952221701e-07
Completed 13 % :  mod = 1.2177446276184946e-14,  Error =4.60675416036338e-07
Completed 13 % :  mod = 1.3363037196856069e-14,  Error =4.6920585816678795e-07
Completed 13 % :  mod = 1.466420457793362e-14,  Error =4.777379132292481e-07
Completed 14 % :  mod = 1.6091942257581086e-14,  Error =4.862685045736725e-07
Completed 14 % :  mod = 1.765870275889231e-14,  Error =4.94799294870063e-07
Completed 14 % :  mod = 1.9378192705120063e-14,  Error =5.033299856904705e-07
Completed 14 % :  mod = 2.1264940420781887e-14,  Error =5.118605486131855e-07
Completed 15 % :  mod = 2.3335401791333883e-14,  Error =5.203915520723967e-07
Completed 15 % :  mod = 2.5607464013481298e-14,  Error =5.289224986881891e-07
Completed 15 % :  mod = 2.8101003901405056e-14,  Error =5.374537295210757e-07
Completed 15 % :  mod = 3.083708975606023e-14,  Error =5.459844487631926e-07
Completed 16 % :  mod = 3.3839585111064374e-14,  Error =5.545157506503529e-07
Completed 16 % :  mod = 3.7134756707920385e-14,  Error =5.630466475281537e-07
Completed 16 % :  mod = 4.0750445759735724e-14,  Error =5.715779849424507e-07
Completed 16 % :  mod = 4.471818723913357e-14,  Error =5.801099689506373e-07
Completed 17 % :  mod = 4.907225877828138e-14,  Error =5.886409581989938e-07
Completed 17 % :  mod = 5.385075054517407e-14,  Error =5.971724519326926e-07
Completed 17 % :  mod = 5.909403569713907e-14,  Error =6.057025814243389e-07
Completed 17 % :  mod = 6.484784357234422e-14,  Error =6.142337412029519e-07
Completed 18 % :  mod = 7.116250836914374e-14,  Error =6.227657607382753e-07
Completed 18 % :  mod = 7.809138080808311e-14,  Error =6.312967855137686e-07
Completed 18 % :  mod = 8.56948891953824e-14,  Error =6.398268439511412e-07
Completed 18 % :  mod = 9.403871653369086e-14,  Error =6.48357641352959e-07
Completed 19 % :  mod = 1.031958503498843e-13,  Error =6.56889753258838e-07
Completed 19 % :  mod = 1.1324365112406425e-13,  Error =6.65420394341254e-07
Completed 19 % :  mod = 1.242697408417209e-13,  Error =6.73951255691918e-07
Completed 19 % :  mod = 1.3637056233203435e-13,  Error =6.824843339359177e-07
Completed 20 % :  mod = 1.4964833442984335e-13,  Error =6.9101528055171e-07
Completed 20 % :  mod = 1.6421883264007683e-13,  Error =6.995456800495958e-07
Completed 20 % :  mod = 1.802078939950566e-13,  Error =7.0807541163731e-07
Completed 20 % :  mod = 1.9775534235949575e-13,  Error =7.166074595943428e-07
Completed 21 % :  mod = 2.1700936740772612e-13,  Error =7.251377738271003e-07
Completed 21 % :  mod = 2.381378039371939e-13,  Error =7.336690615034058e-07
Completed 21 % :  mod = 2.6132536498942894e-13,  Error =7.422014292046697e-07
Completed 21 % :  mod = 2.8676779941542397e-13,  Error =7.507316936994357e-07
Completed 22 % :  mod = 3.1468679046092845e-13,  Error =7.592631234842884e-07
Completed 22 % :  mod = 3.4532324433775226e-13,  Error =7.677931534999516e-07
Completed 22 % :  mod = 3.789447928161831e-13,  Error =7.763255283066428e-07
Completed 22 % :  mod = 4.1583499877431535e-13,  Error =7.848552812106391e-07
Completed 23 % :  mod = 4.563149353662683e-13,  Error =7.933862065101493e-07
Completed 23 % :  mod = 5.007378408295616e-13,  Error =8.019179773555152e-07
Completed 23 % :  mod = 5.494778696350267e-13,  Error =8.104484692239566e-07
Completed 23 % :  mod = 6.02958560552789e-13,  Error =8.18979216887783e-07
Completed 24 % :  mod = 6.616398795968736e-13,  Error =8.275101492927206e-07
Completed 24 % :  mod = 7.260324602911568e-13,  Error =8.36041891716377e-07
Completed 24 % :  mod = 7.966767584251083e-13,  Error =8.445731936035372e-07
Completed 24 % :  mod = 8.741841536271928e-13,  Error =8.531042396953126e-07
Completed 25 % :  mod = 9.592264056067935e-13,  Error =8.616350868351219e-07
Completed 25 % :  mod = 1.0525137278359193e-12,  Error =8.701657137066832e-07
Completed 25 % :  mod = 1.1548487633253689e-12,  Error =8.786969161178604e-07
Completed 25 % :  mod = 1.267112246461694e-12,  Error =8.872275785165584e-07
Completed 26 % :  mod = 1.390233530904169e-12,  Error =8.957581485447008e-07
Completed 26 % :  mod = 1.5252611396871449e-12,  Error =9.042880009246801e-07
Completed 26 % :  mod = 1.6733281731739457e-12,  Error =9.128185354256857e-07
Completed 26 % :  mod = 1.83568582285831e-12,  Error =9.213501854787864e-07
Completed 27 % :  mod = 2.0136476388669166e-12,  Error =9.298801373347487e-07
Completed 27 % :  mod = 2.2086889719698966e-12,  Error =9.384094710185309e-07
Completed 27 % :  mod = 2.422414760634644e-12,  Error =9.46939678669878e-07
Completed 27 % :  mod = 2.6564972724241356e-12,  Error =9.554687068202838e-07
Completed 28 % :  mod = 2.912802268738465e-12,  Error =9.639981541909037e-07
Completed 28 % :  mod = 3.1933124246891215e-12,  Error =9.725266281179756e-07
Completed 28 % :  mod = 3.5001769030650624e-12,  Error =9.810555212652616e-07
Completed 28 % :  mod = 3.835587949002114e-12,  Error =9.895827588479733e-07
Completed 29 % :  mod = 4.2019453136697065e-12,  Error =9.981095629996162e-07
Completed 29 % :  mod = 4.601764262668799e-12,  Error =1.006635891087626e-06
Completed 29 % :  mod = 5.037520345767008e-12,  Error =1.0151606986141815e-06
Completed 29 % :  mod = 5.511835252799548e-12,  Error =1.0236845824351803e-06
Completed 30 % :  mod = 6.027269425373259e-12,  Error =1.0322058301426296e-06
Completed 30 % :  mod = 6.586332551967957e-12,  Error =1.040726722578711e-06
Completed 30 % :  mod = 7.191158482514885e-12,  Error =1.0492441973042332e-06
Completed 30 % :  mod = 7.843681222434445e-12,  Error =1.057760130152019e-06
Completed 31 % :  mod = 8.545313892900023e-12,  Error =1.0662735689948022e-06
Completed 31 % :  mod = 9.29650071733235e-12,  Error =1.0747832703827953e-06
Completed 31 % :  mod = 1.009683891236258e-11,  Error =1.0832876355948429e-06
Completed 31 % :  mod = 1.0944488292653834e-11,  Error =1.091789172846802e-06
Completed 32 % :  mod = 1.183594739144022e-11,  Error =1.1002858215647393e-06
Completed 32 % :  mod = 1.2765303491054718e-11,  Error =1.108775606439849e-06
Completed 32 % :  mod = 1.3724328551190919e-11,  Error =1.1172594653885426e-06
Completed 32 % :  mod = 1.4701861585734728e-11,  Error =1.1257376257844953e-06
Completed 33 % :  mod = 1.568323966676569e-11,  Error =1.1342065491248832e-06
Completed 33 % :  mod = 1.6650754931034067e-11,  Error =1.142667287012955e-06
Completed 33 % :  mod = 1.7583447150231908e-11,  Error =1.1511191218005479e-06
Completed 33 % :  mod = 1.845779078851895e-11,  Error =1.15956351010027e-06
Completed 34 % :  mod = 1.924829702109104e-11,  Error =1.1679980502776743e-06
Completed 34 % :  mod = 1.9929367828468176e-11,  Error =1.1764267711100729e-06
Completed 34 % :  mod = 2.047670782309285e-11,  Error =1.184848748891909e-06
Completed 34 % :  mod = 2.0869118196744104e-11,  Error =1.1932653052326714e-06
Completed 35 % :  mod = 2.1090670020604928e-11,  Error =1.2016782449109087e-06
Completed 35 % :  mod = 2.1132012414238047e-11,  Error =1.210090012193632e-06
Completed 35 % :  mod = 2.0991352420865413e-11,  Error =1.218501594735244e-06
Completed 35 % :  mod = 2.0674708766840212e-11,  Error =1.226916594987415e-06
Completed 36 % :  mod = 2.019521843660817e-11,  Error =1.2353364198247618e-06
Completed 36 % :  mod = 1.9571814237067214e-11,  Error =1.2437618295280117e-06
Completed 36 % :  mod = 1.8827725460525956e-11,  Error =1.2521936980647297e-06
Completed 36 % :  mod = 1.7988202977005863e-11,  Error =1.260634036270858e-06
Completed 37 % :  mod = 1.7078834750738622e-11,  Error =1.2690834410022944e-06
Completed 37 % :  mod = 1.6124318567994285e-11,  Error =1.2775401359021998e-06
Completed 37 % :  mod = 1.5146816687763784e-11,  Error =1.2860054425800627e-06
Completed 37 % :  mod = 1.4165599864341198e-11,  Error =1.2944779399504114e-06
Completed 38 % :  mod = 1.3196559811854043e-11,  Error =1.302959120152991e-06
Completed 38 % :  mod = 1.2252569164515948e-11,  Error =1.3114465389207908e-06
Completed 38 % :  mod = 1.1343136542567239e-11,  Error =1.3199394643947926e-06
Completed 38 % :  mod = 1.0475037423913104e-11,  Error =1.3284400139923491e-06
Completed 39 % :  mod = 9.652949502270507e-12,  Error =1.3369427449561044e-06
Completed 39 % :  mod = 8.879371245011677e-12,  Error =1.3454504852461469e-06
Completed 39 % :  mod = 8.155347905270634e-12,  Error =1.3539625030034586e-06
Completed 39 % :  mod = 7.480675872468717e-12,  Error =1.3624776684650897e-06
Completed 40 % :  mod = 6.854455161595653e-12,  Error =1.37099375052685e-06
Completed 40 % :  mod = 6.274955228354342e-12,  Error =1.3795139679473323e-06
Completed 40 % :  mod = 5.7400292226667926e-12,  Error =1.3880354927664484e-06
Completed 40 % :  mod = 5.247405967902106e-12,  Error =1.3965581047159503e-06
Completed 41 % :  mod = 4.794508587098298e-12,  Error =1.4050829264533604e-06
Completed 41 % :  mod = 4.378754503777996e-12,  Error =1.4136089063754298e-06
Completed 41 % :  mod = 3.997536281793614e-12,  Error =1.422135596840235e-06
Completed 41 % :  mod = 3.648412030084891e-12,  Error =1.4306632323268786e-06
Completed 42 % :  mod = 3.328922324741403e-12,  Error =1.4391899725296753e-06
Completed 42 % :  mod = 3.0367336016359288e-12,  Error =1.4477190219963632e-06
Completed 42 % :  mod = 2.76972202201858e-12,  Error =1.4562480217250595e-06
Completed 42 % :  mod = 2.5258140635317786e-12,  Error =1.4647768509234993e-06
Completed 43 % :  mod = 2.3031018138183704e-12,  Error =1.4733064901406578e-06
Completed 43 % :  mod = 2.0997940709124315e-12,  Error =1.4818370388525182e-06
Completed 43 % :  mod = 1.9142878690492343e-12,  Error =1.4903670546573267e-06
Completed 43 % :  mod = 1.7450474547396054e-12,  Error =1.4988958696449117e-06
Completed 44 % :  mod = 1.590662746060327e-12,  Error =1.5074272639026276e-06
Completed 44 % :  mod = 1.4498793604590158e-12,  Error =1.515956583375555e-06
Completed 44 % :  mod = 1.3215036062545748e-12,  Error =1.5244867626051928e-06
Completed 44 % :  mod = 1.2044551360406045e-12,  Error =1.5330168281479928e-06
Completed 45 % :  mod = 1.0977348209308223e-12,  Error =1.5415486984693416e-06
Completed 45 % :  mod = 1.0004574348589247e-12,  Error =1.5500792329703472e-06
Completed 45 % :  mod = 9.117844372548538e-13,  Error =1.5586093979891302e-06
Completed 45 % :  mod = 8.309518774196064e-13,  Error =1.5671406146111622e-06
Completed 46 % :  mod = 7.572839334954688e-13,  Error =1.575671234377296e-06
Completed 46 % :  mod = 6.901415431409269e-13,  Error =1.5842015699263357e-06
Completed 46 % :  mod = 6.28948741132027e-13,  Error =1.5927321825870422e-06
Completed 46 % :  mod = 5.731749121738482e-13,  Error =1.601262681560911e-06
Completed 47 % :  mod = 5.2235115723585e-13,  Error =1.6097933936976005e-06
Completed 47 % :  mod = 4.760346255402481e-13,  Error =1.618323885566042e-06
Completed 47 % :  mod = 4.338226943663881e-13,  Error =1.6268555356191428e-06
Completed 47 % :  mod = 3.953597222300394e-13,  Error =1.635385842746473e-06
Completed 48 % :  mod = 3.6030998864945076e-13,  Error =1.643917379112736e-06
Completed 48 % :  mod = 3.283712711717351e-13,  Error =1.6524477146617755e-06
Completed 48 % :  mod = 2.992654451981931e-13,  Error =1.6609800113087658e-06
Completed 48 % :  mod = 2.7274692212668905e-13,  Error =1.6695099134267366e-06
Completed 49 % :  mod = 2.485839585136183e-13,  Error =1.6780399434423998e-06
Completed 49 % :  mod = 2.2656599936105834e-13,  Error =1.6865711103264402e-06
Completed 49 % :  mod = 2.065071539222062e-13,  Error =1.6951018935174034e-06
Completed 49 % :  mod = 1.88232047556205e-13,  Error =1.7036332593534098e-06
Completed 50 % :  mod = 1.7158137030049325e-13,  Error =1.7121650941476219e-06
Completed 50 % :  mod = 1.5641449891888535e-13,  Error =1.7206956570703369e-06
Completed 50 % :  mod = 1.425987937169428e-13,  Error =1.7292271508040358e-06
Completed 50 % :  mod = 1.300149323427193e-13,  Error =1.737758275055512e-06
Completed 51 % :  mod = 1.185531878896109e-13,  Error =1.746290287485408e-06
Completed 51 % :  mod = 1.0811673765437489e-13,  Error =1.754821205679491e-06
Completed 51 % :  mod = 9.861429336593048e-14,  Error =1.7633521238735739e-06
Completed 51 % :  mod = 8.996298880530702e-14,  Error =1.7718834470770162e-06
Completed 52 % :  mod = 8.208973568949829e-14,  Error =1.780413924734603e-06
Completed 52 % :  mod = 7.492566063627391e-14,  Error =1.7889447150309934e-06
Completed 52 % :  mod = 6.840887600256175e-14,  Error =1.7974748161009302e-06
Completed 52 % :  mod = 6.24825487931025e-14,  Error =1.8060076172332629e-06
Completed 53 % :  mod = 5.709660886099973e-14,  Error =1.8145393880786287e-06
Completed 53 % :  mod = 5.2203937586555455e-14,  Error =1.8230708960231823e-06
Completed 53 % :  mod = 4.776186577045813e-14,  Error =1.8316025531817104e-06
Completed 53 % :  mod = 4.3732862367625144e-14,  Error =1.8401336703277593e-06
Completed 54 % :  mod = 4.0081678003263516e-14,  Error =1.8486641124582093e-06
Completed 54 % :  mod = 3.677676962784838e-14,  Error =1.8571950377577195e-06
Completed 54 % :  mod = 3.3789316224513194e-14,  Error =1.8657263751720166e-06
Completed 54 % :  mod = 3.109407646904485e-14,  Error =1.8742565757179364e-06
Completed 55 % :  mod = 2.866746724970487e-14,  Error =1.8827873660143268e-06
Completed 55 % :  mod = 2.648832887164477e-14,  Error =1.8913194921310605e-06
Completed 55 % :  mod = 2.453824932483767e-14,  Error =1.8998510427081783e-06
Completed 55 % :  mod = 2.2800163080549076e-14,  Error =1.9083815132603377e-06
Completed 56 % :  mod = 2.1259054346645206e-14,  Error =1.916912026445061e-06
Completed 56 % :  mod = 1.9901488479185144e-14,  Error =1.9254422980452546e-06
Completed 56 % :  mod = 1.8715995167790856e-14,  Error =1.9339734507184403e-06
Completed 56 % :  mod = 1.7692195092876382e-14,  Error =1.942504262331113e-06
Completed 57 % :  mod = 1.682116774500059e-14,  Error =1.9510354789531448e-06
Completed 57 % :  mod = 1.6095553536126192e-14,  Error =1.9595663118820994e-06
Completed 57 % :  mod = 1.550899388530242e-14,  Error =1.968097045335071e-06
Completed 57 % :  mod = 1.5056421326415467e-14,  Error =1.9766270185073154e-06
Completed 58 % :  mod = 1.4733901369401653e-14,  Error =1.98515822802392e-06
Completed 58 % :  mod = 1.453870903415132e-14,  Error =1.9936900557127046e-06
Completed 58 % :  mod = 1.4469121161948942e-14,  Error =2.0022202775749065e-06
Completed 58 % :  mod = 1.4524547851422213e-14,  Error =2.010751501302366e-06
Completed 59 % :  mod = 1.4705457361347493e-14,  Error =2.019282682397261e-06
Completed 59 % :  mod = 1.501341198185405e-14,  Error =2.0278129184703175e-06
Completed 59 % :  mod = 1.5451072253613867e-14,  Error =2.03634311191081e-06
Completed 59 % :  mod = 1.602227991756518e-14,  Error =2.0448745843282268e-06
Completed 60 % :  mod = 1.673186133823163e-14,  Error =2.053405644630857e-06
Completed 60 % :  mod = 1.7585994536064363e-14,  Error =2.0619363141349822e-06
Completed 60 % :  mod = 1.859216171559838e-14,  Error =2.070467907344664e-06
Completed 60 % :  mod = 1.9758864185771125e-14,  Error =2.0789989747527216e-06
Completed 61 % :  mod = 2.1096269619394337e-14,  Error =2.08752960872971e-06
Completed 61 % :  mod = 2.261593230113616e-14,  Error =2.0960603421826818e-06
Completed 61 % :  mod = 2.4331153531871804e-14,  Error =2.1045921059226202e-06
Completed 61 % :  mod = 2.6256425683127076e-14,  Error =2.1131230667492673e-06
Completed 62 % :  mod = 2.8408534956686028e-14,  Error =2.1216534165091616e-06
Completed 62 % :  mod = 3.0806313975748615e-14,  Error =2.130185137616536e-06
Completed 62 % :  mod = 3.3470021987338206e-14,  Error =2.1387169226727565e-06
Completed 62 % :  mod = 3.642288700391379e-14,  Error =2.1472482814033356e-06
Completed 63 % :  mod = 3.9690745588598774e-14,  Error =2.1557795406579316e-06
Completed 63 % :  mod = 4.330120813595455e-14,  Error =2.1643103167434674e-06
Completed 63 % :  mod = 4.728576095293221e-14,  Error =2.172839614900113e-06
Completed 63 % :  mod = 5.1678826875242446e-14,  Error =2.1813702915096655e-06
Completed 64 % :  mod = 5.651883992345015e-14,  Error =2.1899027231597756e-06
Completed 64 % :  mod = 6.184669307896113e-14,  Error =2.1984337621461236e-06
Completed 64 % :  mod = 6.770885095334511e-14,  Error =2.20696437480683e-06
Completed 64 % :  mod = 7.415659766516137e-14,  Error =2.2154955630071527e-06
Completed 65 % :  mod = 8.124440814123668e-14,  Error =2.2240263035655516e-06
Completed 65 % :  mod = 8.903409509252283e-14,  Error =2.2325573354464723e-06
Completed 65 % :  mod = 9.759294956739734e-14,  Error =2.241087855736623e-06
Completed 65 % :  mod = 1.0699584110073485e-13,  Error =2.2496192784160485e-06
Completed 66 % :  mod = 1.1732220592784184e-13,  Error =2.2581496992302164e-06
Completed 66 % :  mod = 1.2866209334076024e-13,  Error =2.2666810579607954e-06
Completed 66 % :  mod = 1.4111469108166123e-13,  Error =2.275212168001417e-06
Completed 66 % :  mod = 1.5478518814105128e-13,  Error =2.2837436333134065e-06
Completed 67 % :  mod = 1.6979278176466872e-13,  Error =2.292274089654711e-06
Completed 67 % :  mod = 1.8626708146687147e-13,  Error =2.300805064692213e-06
Completed 67 % :  mod = 2.0435215186647172e-13,  Error =2.3093367076398863e-06
Completed 67 % :  mod = 2.242007184918409e-13,  Error =2.317867242140892e-06
Completed 68 % :  mod = 2.4598579195851384e-13,  Error =2.3263979329612994e-06
Completed 68 % :  mod = 2.698978184562108e-13,  Error =2.334929021685639e-06
Completed 68 % :  mod = 2.961386519264976e-13,  Error =2.343460842268996e-06
Completed 68 % :  mod = 3.2493691739097665e-13,  Error =2.351990389115599e-06
Completed 69 % :  mod = 3.5654108902120275e-13,  Error =2.3605204262366897e-06
Completed 69 % :  mod = 3.912272272262061e-13,  Error =2.3690521757657734e-06
Completed 69 % :  mod = 4.29287839944553e-13,  Error =2.3775833213335318e-06
Completed 69 % :  mod = 4.710541417946806e-13,  Error =2.3861133442437676e-06
Completed 70 % :  mod = 5.168905371691929e-13,  Error =2.39464528561939e-06
Completed 70 % :  mod = 5.671830070632049e-13,  Error =2.4031763743437295e-06
Completed 70 % :  mod = 6.223684762560267e-13,  Error =2.41170729964324e-06
Completed 70 % :  mod = 6.829214351005862e-13,  Error =2.4202379762527926e-06
Completed 71 % :  mod = 7.493686214382222e-13,  Error =2.428769619200466e-06
Completed 71 % :  mod = 8.222674944929131e-13,  Error =2.437301297675276e-06
Completed 71 % :  mod = 9.022486265766706e-13,  Error =2.4458310292629903e-06
Completed 71 % :  mod = 9.900047956311074e-13,  Error =2.454362459047843e-06
Completed 72 % :  mod = 1.0862683223925423e-12,  Error =2.462892922494575e-06
Completed 72 % :  mod = 1.1918667205739912e-12,  Error =2.4714229525102382e-06
Completed 72 % :  mod = 1.3076963208418863e-12,  Error =2.4799533235864146e-06
Completed 72 % :  mod = 1.434749356798344e-12,  Error =2.4884844052053268e-06
Completed 73 % :  mod = 1.5740714922423662e-12,  Error =2.4970142646907334e-06
Completed 73 % :  mod = 1.7268411421340655e-12,  Error =2.505544799191739e-06
Completed 73 % :  mod = 1.894346279640653e-12,  Error =2.514075838178087e-06
Completed 73 % :  mod = 2.077938203046002e-12,  Error =2.5226059392480238e-06
Completed 74 % :  mod = 2.279133802068496e-12,  Error =2.531134796868173e-06
Completed 74 % :  mod = 2.4995818848828466e-12,  Error =2.5396653100528965e-06
Completed 74 % :  mod = 2.7409984038314905e-12,  Error =2.5481948924266362e-06
Completed 74 % :  mod = 3.0052958549814834e-12,  Error =2.556722982660631e-06
Completed 75 % :  mod = 3.294503329519925e-12,  Error =2.565251541852831e-06
Completed 75 % :  mod = 3.6108163839471584e-12,  Error =2.573779262604603e-06
Completed 75 % :  mod = 3.956468236547762e-12,  Error =2.5823074096820164e-06
Completed 75 % :  mod = 4.333897197314416e-12,  Error =2.5908342564662235e-06
Completed 76 % :  mod = 4.745649163089022e-12,  Error =2.599360819033336e-06
Completed 76 % :  mod = 5.1942144461501254e-12,  Error =2.6078845536403605e-06
Completed 76 % :  mod = 5.682214991783168e-12,  Error =2.6164072437495633e-06
Completed 76 % :  mod = 6.212185599926942e-12,  Error =2.624929095418338e-06
Completed 77 % :  mod = 6.786578291300453e-12,  Error =2.6334492915225383e-06
Completed 77 % :  mod = 7.407420608923748e-12,  Error =2.6419666028232314e-06
Completed 77 % :  mod = 8.076487514352157e-12,  Error =2.6504819530259738e-06
Completed 77 % :  mod = 8.794961270084128e-12,  Error =2.6589948873834146e-06
Completed 78 % :  mod = 9.56296178390936e-12,  Error =2.667502606357175e-06
Completed 78 % :  mod = 1.037966071620281e-11,  Error =2.6760071705211885e-06
Completed 78 % :  mod = 1.1242668116147086e-11,  Error =2.6845079830195573e-06
Completed 78 % :  mod = 1.2147798263482034e-11,  Error =2.6930040348815965e-06
Completed 79 % :  mod = 1.3088308962427107e-11,  Error =2.7014917662882e-06
Completed 79 % :  mod = 1.4055012205218951e-11,  Error =2.7099727049062494e-06
Completed 79 % :  mod = 1.5035676605496408e-11,  Error =2.7184478739172846e-06
Completed 79 % :  mod = 1.6014509320139386e-11,  Error =2.726914502204636e-06
Completed 80 % :  mod = 1.697269495990832e-11,  Error =2.735373158202492e-06
Completed 80 % :  mod = 1.7888297001942396e-11,  Error =2.7438222289788428e-06
Completed 80 % :  mod = 1.8737078150751196e-11,  Error =2.752263839056468e-06
Completed 80 % :  mod = 1.949325903121206e-11,  Error =2.7606960912862633e-06
Completed 81 % :  mod = 2.0131490518572845e-11,  Error =2.769121380197248e-06
Completed 81 % :  mod = 2.062835822428522e-11,  Error =2.777542640330921e-06
Completed 81 % :  mod = 2.0964209382400212e-11,  Error =2.785956347395313e-06
Completed 81 % :  mod = 2.1125218179792593e-11,  Error =2.7943689886456013e-06
Completed 82 % :  mod = 2.1104538831910256e-11,  Error =2.802780187494136e-06
Completed 82 % :  mod = 2.0903030083560136e-11,  Error =2.8111937240282714e-06
Completed 82 % :  mod = 2.0529258142828505e-11,  Error =2.819609868254247e-06
Completed 82 % :  mod = 1.9998517230503053e-11,  Error =2.828030687851424e-06
Completed 83 % :  mod = 1.9331343499484307e-11,  Error =2.8364577815409575e-06
Completed 83 % :  mod = 1.8551935570690247e-11,  Error =2.844892485143191e-06
Completed 83 % :  mod = 1.7685859589793102e-11,  Error =2.853335303143467e-06
Completed 83 % :  mod = 1.6758553046156304e-11,  Error =2.8617865481805893e-06
Completed 84 % :  mod = 1.579377734823741e-11,  Error =2.8702472718578065e-06
Completed 84 % :  mod = 1.4813010255621393e-11,  Error =2.8787153993903303e-06
Completed 84 % :  mod = 1.3834333242006196e-11,  Error =2.8871909023564513e-06
Completed 84 % :  mod = 1.2872507565788963e-11,  Error =2.8956744984043326e-06
Completed 85 % :  mod = 1.1939324314466162e-11,  Error =2.9041633951010226e-06
Completed 85 % :  mod = 1.1043317216110619e-11,  Error =2.912658892739728e-06
Completed 85 % :  mod = 1.0190499363436332e-11,  Error =2.9211602736722853e-06
Completed 85 % :  mod = 9.384607721640898e-12,  Error =2.929665612327881e-06
Completed 86 % :  mod = 8.62781393180138e-12,  Error =2.93817500107707e-06
Completed 86 % :  mod = 7.920644169385283e-12,  Error =2.9466876299011346e-06
Completed 86 % :  mod = 7.262564109184884e-12,  Error =2.955204053023408e-06
Completed 86 % :  mod = 6.65242891332062e-12,  Error =2.9637213856403832e-06
Completed 87 % :  mod = 6.088341762325433e-12,  Error =2.9722418446453958e-06
Completed 87 % :  mod = 5.568047955537359e-12,  Error =2.9807653447733173e-06
Completed 87 % :  mod = 5.089209912814777e-12,  Error =2.989289200172607e-06
Completed 87 % :  mod = 4.6492231983916205e-12,  Error =2.9978130839936057e-06
Completed 88 % :  mod = 4.2455019528275565e-12,  Error =3.006338644695461e-06
Completed 88 % :  mod = 3.875455052067152e-12,  Error =3.0148659391215915e-06
Completed 88 % :  mod = 3.5366667601215418e-12,  Error =3.0233930985446023e-06
Completed 88 % :  mod = 3.2267156954743775e-12,  Error =3.0319213166762893e-06
Completed 89 % :  mod = 2.9433114217711194e-12,  Error =3.04045046561896e-06
Completed 89 % :  mod = 2.6843736979012735e-12,  Error =3.0489793019228273e-06
Completed 89 % :  mod = 2.447876264927872e-12,  Error =3.0575086213957547e-06
Completed 89 % :  mod = 2.231957438181727e-12,  Error =3.0660379835012463e-06
Completed 90 % :  mod = 2.034871730705419e-12,  Error =3.0745683119448586e-06
Completed 90 % :  mod = 1.8550584535614418e-12,  Error =3.083097965372872e-06
Completed 90 % :  mod = 1.6910238333081584e-12,  Error =3.0916276827497313e-06
Completed 90 % :  mod = 1.54139725714282e-12,  Error =3.1001586648926605e-06
Completed 91 % :  mod = 1.404960039615628e-12,  Error =3.1086887730680246e-06
Completed 91 % :  mod = 1.2805530921312445e-12,  Error =3.1172190375627906e-06
Completed 91 % :  mod = 1.1671277638884324e-12,  Error =3.125749287846702e-06
Completed 91 % :  mod = 1.0637145628662721e-12,  Error =3.134281200800615e-06
Completed 92 % :  mod = 9.694547167990523e-13,  Error =3.1428110034426027e-06
Completed 92 % :  mod = 8.835349548462069e-13,  Error =3.1513416587358734e-06
Completed 92 % :  mod = 8.052144851923637e-13,  Error =3.1598739127502995e-06
Completed 92 % :  mod = 7.338380634237755e-13,  Error =3.1684042411939117e-06
Completed 93 % :  mod = 6.687861830864698e-13,  Error =3.176934789905772e-06
Completed 93 % :  mod = 6.095005676618014e-13,  Error =3.1854659354735304e-06
Completed 93 % :  mod = 5.554669544138662e-13,  Error =3.193997443418084e-06
Completed 93 % :  mod = 5.062309342601655e-13,  Error =3.2025280845005e-06
Completed 94 % :  mod = 4.61363384281962e-13,  Error =3.211059024010865e-06
Completed 94 % :  mod = 4.204741970984113e-13,  Error =3.219590723801957e-06
Completed 94 % :  mod = 3.83218814323162e-13,  Error =3.2281226225450155e-06
Completed 94 % :  mod = 3.492720088365093e-13,  Error =3.236654329441535e-06
Completed 95 % :  mod = 3.183410331557228e-13,  Error =3.245185467903866e-06
Completed 95 % :  mod = 2.9015651163904155e-13,  Error =3.253717025586411e-06
Completed 95 % :  mod = 2.6448060908033887e-13,  Error =3.262247183499767e-06
Completed 95 % :  mod = 2.410889295576536e-13,  Error =3.270777646946499e-06
Completed 96 % :  mod = 2.1977762764959879e-13,  Error =3.279309879644643e-06
Completed 96 % :  mod = 2.0036676972188253e-13,  Error =3.2878408475767174e-06
Completed 96 % :  mod = 1.8268663880496787e-13,  Error =3.2963717728762276e-06
Completed 96 % :  mod = 1.665845657570593e-13,  Error =3.3049028331788577e-06
Completed 97 % :  mod = 1.519201679323638e-13,  Error =3.313434689289352e-06
Completed 97 % :  mod = 1.3856958489269687e-13,  Error =3.321965692748563e-06
Completed 97 % :  mod = 1.2641605028718144e-13,  Error =3.3304972788528175e-06
Completed 97 % :  mod = 1.153535886034173e-13,  Error =3.3390290141710466e-06
Completed 98 % :  mod = 1.0528874869206219e-13,  Error =3.347560017630258e-06
Completed 98 % :  mod = 9.613349026823213e-14,  Error =3.356090623185537e-06
Completed 98 % :  mod = 8.78087287908111e-14,  Error =3.3646217545424406e-06
Completed 98 % :  mod = 8.024186715369383e-14,  Error =3.373153518282379e-06
Completed 99 % :  mod = 7.33689769689709e-14,  Error =3.3816831361832556e-06
Completed 99 % :  mod = 6.712993215735099e-14,  Error =3.3902147649200742e-06
Completed 99 % :  mod = 6.147032345448323e-14,  Error =3.3987470189345004e-06
Completed 99 % :  mod = 5.6342333969434693e-14,  Error =3.4072780650262757e-06
Completed 100 % :  mod = 5.170109896428475e-14,  Error =3.4158092034886067e-06
Finished 2/7 frames
Finished all frames!
