/opt/local/miniconda_23_9/lib/python3.11/site-packages/conda/base/context.py:201: FutureWarning: Adding 'defaults' to channel list implicitly is deprecated and will be removed in 25.3. 

To remove this warning, please choose a default channel explicitly with conda's regular configuration system, e.g. by adding 'defaults' to the list of channels:

  conda config --add channels defaults

For more information see https://docs.conda.io/projects/conda/en/stable/user-guide/configuration/use-condarc.html

  deprecated.topic(
JOB 14500 ARRAY_ID 28  -> i=28 ; range=[1.9e-10, 5.0e-10] ; intervals=30 (frames=31)
Analytic t0 extension enabled (--extend-time-using-t0).
THIS SHOULD ONLY BE REACHED ONCE
Completed 0 % :  mod = 3.7600000006195536e-16,  Error =-1.4210854715202004e-14
Completed 0 % :  mod = 3.7746690520305434e-16,  Error =1.8204353580131283e-08
Completed 0 % :  mod = 3.818713100586784e-16,  Error =3.6384683710366517e-08
Completed 0 % :  mod = 3.892474940273876e-16,  Error =5.456498541889232e-08
Completed 0 % :  mod = 3.996686009684371e-16,  Error =7.276955216184433e-08
Completed 1 % :  mod = 4.131882865726457e-16,  Error =9.095008124404558e-08
Completed 1 % :  mod = 4.2992346413420135e-16,  Error =1.0913065295881097e-07
Completed 1 % :  mod = 4.500330956397553e-16,  Error =1.273350491715064e-07
Completed 1 % :  mod = 4.736207333486513e-16,  Error =1.4551545746144257e-07
Completed 2 % :  mod = 5.00894158826908e-16,  Error =1.6369591548937024e-07
Completed 2 % :  mod = 5.320656098692991e-16,  Error =1.818764587824262e-07
Completed 2 % :  mod = 5.674270524875297e-16,  Error =2.0008084788969427e-07
Completed 2 % :  mod = 6.07160556579048e-16,  Error =2.182612774959125e-07
Completed 3 % :  mod = 6.516190679103164e-16,  Error =2.3644173552384018e-07
Completed 3 % :  mod = 7.012173362880352e-16,  Error =2.546457835705951e-07
Completed 3 % :  mod = 7.562107526923542e-16,  Error =2.7282617764967654e-07
Completed 3 % :  mod = 8.170891102027106e-16,  Error =2.9100667831016835e-07
Completed 4 % :  mod = 8.844191756040328e-16,  Error =3.092109182034619e-07
Completed 4 % :  mod = 9.5854763145798e-16,  Error =3.2739138333681694e-07
Completed 4 % :  mod = 1.0401356572902363e-15,  Error =3.4557186978645404e-07
Completed 4 % :  mod = 1.1298181644721584e-15,  Error =3.6375234202523643e-07
Completed 5 % :  mod = 1.2284289494068384e-15,  Error =3.8195675955421393e-07
Completed 5 % :  mod = 1.3364757694686666e-15,  Error =4.0013711100073124e-07
Completed 5 % :  mod = 1.454923234918322e-15,  Error =4.1831752639609476e-07
Completed 5 % :  mod = 1.584871995794385e-15,  Error =4.365220860336194e-07
Completed 6 % :  mod = 1.7269911589079403e-15,  Error =4.5470238063671786e-07
Completed 6 % :  mod = 1.8825500320817698e-15,  Error =4.7288275339951724e-07
Completed 6 % :  mod = 2.0529936630364664e-15,  Error =4.910869719765287e-07
Completed 6 % :  mod = 2.239199655453568e-15,  Error =5.092674655315932e-07
Completed 7 % :  mod = 2.4428314474178374e-15,  Error =5.274478169781105e-07
Completed 7 % :  mod = 2.665473709980978e-15,  Error =5.456281542137731e-07
Completed 7 % :  mod = 2.909194238130441e-15,  Error =5.638323443690751e-07
Completed 7 % :  mod = 3.1752479349590266e-15,  Error =5.820129018729858e-07
Completed 8 % :  mod = 3.466011890486134e-15,  Error =6.001932248977937e-07
Completed 8 % :  mod = 3.7841863301491195e-15,  Error =6.183976211104891e-07
Completed 8 % :  mod = 4.131409511000538e-15,  Error =6.365782141415366e-07
Completed 8 % :  mod = 4.510783943499796e-15,  Error =6.547586792748916e-07
Completed 9 % :  mod = 4.9252619568486446e-15,  Error =6.729390591431184e-07
Completed 9 % :  mod = 5.3786924660710706e-15,  Error =6.911433843015402e-07
Completed 9 % :  mod = 5.873410143778252e-15,  Error =7.093236220612198e-07
Completed 9 % :  mod = 6.413835573031028e-15,  Error =7.275037319232069e-07
Completed 10 % :  mod = 7.0049870948239964e-15,  Error =7.457080357653467e-07
Completed 10 % :  mod = 7.649908490206663e-15,  Error =7.638886287963942e-07
Completed 10 % :  mod = 8.354362618766408e-15,  Error =7.820691863003049e-07
Completed 10 % :  mod = 9.124890882483151e-15,  Error =8.002736038292824e-07
Completed 11 % :  mod = 9.965460627758284e-15,  Error =8.184538771160987e-07
Completed 11 % :  mod = 1.0883583083860526e-14,  Error =8.366342001409066e-07
Completed 11 % :  mod = 1.188640319765912e-14,  Error =8.54814672379689e-07
Completed 11 % :  mod = 1.2983232844884857e-14,  Error =8.730190756978118e-07
Completed 12 % :  mod = 1.41797194837103e-14,  Error =8.911994626714659e-07
Completed 12 % :  mod = 1.5486554809432448e-14,  Error =9.093800912296501e-07
Completed 12 % :  mod = 1.691587364642347e-14,  Error =9.275846082346106e-07
Completed 12 % :  mod = 1.8475035364138173e-14,  Error =9.457649170485638e-07
Completed 13 % :  mod = 2.0177972565368818e-14,  Error =9.639452613896538e-07
Completed 13 % :  mod = 2.2040498100821244e-14,  Error =9.821497357620501e-07
Completed 13 % :  mod = 2.407220184425933e-14,  Error =1.0003302648442514e-06
Completed 13 % :  mod = 2.6291239048382536e-14,  Error =1.0185108294535894e-06
Completed 14 % :  mod = 2.8714878584168114e-14,  Error =1.0366911595838246e-06
Completed 14 % :  mod = 3.1365625443699595e-14,  Error =1.0548956623779304e-06
Completed 14 % :  mod = 3.4257127973080844e-14,  Error =1.0730760564570119e-06
Completed 14 % :  mod = 3.7415224570949056e-14,  Error =1.0912566139609226e-06
Completed 15 % :  mod = 4.086924011081988e-14,  Error =1.109461010173618e-06
Completed 15 % :  mod = 4.463695883255416e-14,  Error =1.127641276355007e-06
Completed 15 % :  mod = 4.87520490056103e-14,  Error =1.145821322268148e-06
Completed 15 % :  mod = 5.32527217685466e-14,  Error =1.1640255053180226e-06
Completed 16 % :  mod = 5.816215046897087e-14,  Error =1.182206077032788e-06
Completed 16 % :  mod = 6.35242056452069e-14,  Error =1.200386520849861e-06
Completed 16 % :  mod = 6.938061563362694e-14,  Error =1.2185670499320622e-06
Completed 16 % :  mod = 7.578576077021469e-14,  Error =1.2367715243044586e-06
Completed 17 % :  mod = 8.277262027036378e-14,  Error =1.2549519254889674e-06
Completed 17 % :  mod = 9.040362859946934e-14,  Error =1.2731322698300573e-06
Completed 17 % :  mod = 9.874964431403676e-14,  Error =1.2913366234101886e-06
Completed 17 % :  mod = 1.0785363992685974e-13,  Error =1.3095169890675606e-06
Completed 18 % :  mod = 1.1779696855564348e-13,  Error =1.3276973049869412e-06
Completed 18 % :  mod = 1.286570106707049e-13,  Error =1.3458777559094415e-06
Completed 18 % :  mod = 1.405346083679956e-13,  Error =1.3640821876492737e-06
Completed 18 % :  mod = 1.534909177793067e-13,  Error =1.3822625533066457e-06
Completed 19 % :  mod = 1.6764171626022863e-13,  Error =1.4004427413283338e-06
Completed 19 % :  mod = 1.8311840256383017e-13,  Error =1.4186473080712858e-06
Completed 19 % :  mod = 2.0000066404680183e-13,  Error =1.4368277518883588e-06
Completed 19 % :  mod = 2.1843936025200467e-13,  Error =1.455008082018594e-06
Completed 20 % :  mod = 2.386057056740683e-13,  Error =1.4732123219118876e-06
Completed 20 % :  mod = 2.6060353407017066e-13,  Error =1.4913927728343879e-06
Completed 20 % :  mod = 2.84629417521199e-13,  Error =1.5095731669134693e-06
Completed 20 % :  mod = 3.108703289526899e-13,  Error =1.5277536604685338e-06
Completed 21 % :  mod = 3.3956993106273497e-13,  Error =1.5459579856269556e-06
Completed 21 % :  mod = 3.708759940816094e-13,  Error =1.564138578658003e-06
Completed 21 % :  mod = 4.0506826818691944e-13,  Error =1.5823189869479393e-06
Completed 21 % :  mod = 4.424642491718498e-13,  Error =1.6005233973714894e-06
Completed 22 % :  mod = 4.83256483560739e-13,  Error =1.6187036990800152e-06
Completed 22 % :  mod = 5.278094894647071e-13,  Error =1.6368840434211052e-06
Completed 22 % :  mod = 5.765369680355413e-13,  Error =1.6550883188415355e-06
Completed 22 % :  mod = 6.296898096741073e-13,  Error =1.6732686631826255e-06
Completed 23 % :  mod = 6.877429860291478e-13,  Error =1.6914490288399975e-06
Completed 23 % :  mod = 7.511482740673622e-13,  Error =1.7096293802865148e-06
Completed 23 % :  mod = 8.204944285396226e-13,  Error =1.727833733866646e-06
Completed 23 % :  mod = 8.961385009955331e-13,  Error =1.7460142132108558e-06
Completed 24 % :  mod = 9.787564421534848e-13,  Error =1.7641943799162618e-06
Completed 24 % :  mod = 1.0691154055837817e-12,  Error =1.7823986979692563e-06
Completed 24 % :  mod = 1.167680631897034e-12,  Error =1.8005791275754746e-06
Completed 24 % :  mod = 1.2753328907949258e-12,  Error =1.8187593298080174e-06
Completed 25 % :  mod = 1.393071789453425e-12,  Error =1.8369636620718666e-06
Completed 25 % :  mod = 1.5215035372448188e-12,  Error =1.8551437932501358e-06
Completed 25 % :  mod = 1.6617757817188898e-12,  Error =1.873323746792721e-06
Completed 25 % :  mod = 1.8149801210960077e-12,  Error =1.89150401297411e-06
Completed 26 % :  mod = 1.9825391231630843e-12,  Error =1.909707982861164e-06
Completed 26 % :  mod = 2.165315490826972e-12,  Error =1.9278881140394333e-06
Completed 26 % :  mod = 2.364942463579676e-12,  Error =1.9460677336269327e-06
Completed 26 % :  mod = 2.5832736378829416e-12,  Error =1.9642714619294566e-06
Completed 27 % :  mod = 2.8214330920134934e-12,  Error =1.982451003357255e-06
Completed 27 % :  mod = 3.081548911052118e-12,  Error =2.0006303671493697e-06
Completed 27 % :  mod = 3.365645219571058e-12,  Error =2.0188096172546466e-06
Completed 27 % :  mod = 3.676359847169748e-12,  Error =2.037012663436144e-06
Completed 28 % :  mod = 4.015292391879451e-12,  Error =2.0551914445832153e-06
Completed 28 % :  mod = 4.385471250322276e-12,  Error =2.0733698491426367e-06
Completed 28 % :  mod = 4.790333365439291e-12,  Error =2.0915719858294324e-06
Completed 28 % :  mod = 5.231962808751364e-12,  Error =2.109749921430648e-06
Completed 29 % :  mod = 5.714305312395327e-12,  Error =2.1279271962271196e-06
Completed 29 % :  mod = 6.241838849565991e-12,  Error =2.146127634716777e-06
Completed 29 % :  mod = 6.81727849191498e-12,  Error =2.164303431584358e-06
Completed 29 % :  mod = 7.445764894803579e-12,  Error =2.182478475276639e-06
Completed 30 % :  mod = 8.132187117806292e-12,  Error =2.200652360784261e-06
Completed 30 % :  mod = 8.882916495065402e-12,  Error =2.218848997870282e-06
Completed 30 % :  mod = 9.701815173142134e-12,  Error =2.2370203538457645e-06
Completed 30 % :  mod = 1.059619658861655e-11,  Error =2.25518981977757e-06
Completed 31 % :  mod = 1.1574360041488253e-11,  Error =2.2733815256970047e-06
Completed 31 % :  mod = 1.2641334734174469e-11,  Error =2.2915463091521815e-06
Completed 31 % :  mod = 1.3806645748827813e-11,  Error =2.3097080585898766e-06
Completed 31 % :  mod = 1.5081101320555645e-11,  Error =2.327890278763789e-06
Completed 32 % :  mod = 1.6471247375465343e-11,  Error =2.346044354339938e-06
Completed 32 % :  mod = 1.7989485350298208e-11,  Error =2.364193029791295e-06
Completed 32 % :  mod = 1.964760299884166e-11,  Error =2.382336155903886e-06
Completed 32 % :  mod = 2.1460960882883557e-11,  Error =2.400495915821921e-06
Completed 33 % :  mod = 2.343884883907426e-11,  Error =2.4186231257772306e-06
Completed 33 % :  mod = 2.5598880171126783e-11,  Error =2.436740096811718e-06
Completed 33 % :  mod = 2.796103117526505e-11,  Error =2.4548687136416447e-06
Completed 33 % :  mod = 3.053735877462995e-11,  Error =2.4729587906335837e-06
Completed 34 % :  mod = 3.335074723149838e-11,  Error =2.491031885654138e-06
Completed 34 % :  mod = 3.642713742187648e-11,  Error =2.5091083628581146e-06
Completed 34 % :  mod = 3.9782129510950574e-11,  Error =2.5271360470924265e-06
Completed 34 % :  mod = 4.3445388994488376e-11,  Error =2.5451351675087608e-06
Completed 35 % :  mod = 4.74450062067722e-11,  Error =2.5630993221170684e-06
Completed 35 % :  mod = 5.181756263304371e-11,  Error =2.581045833949247e-06
Completed 35 % :  mod = 5.658483547462285e-11,  Error =2.598919706997549e-06
Completed 35 % :  mod = 6.178844806608044e-11,  Error =2.6167357134454505e-06
Completed 36 % :  mod = 6.747539779256549e-11,  Error =2.6345064085830927e-06
Completed 36 % :  mod = 7.367320127628944e-11,  Error =2.6521726610440055e-06
Completed 36 % :  mod = 8.04348732538725e-11,  Error =2.6697430044464454e-06
Completed 36 % :  mod = 8.78098116812627e-11,  Error =2.6872003289213353e-06
Completed 37 % :  mod = 9.586208013440101e-11,  Error =2.7045474624287635e-06
Completed 37 % :  mod = 1.0462712580809238e-10,  Error =2.7217156670644727e-06
Completed 37 % :  mod = 1.1417503996253486e-10,  Error =2.738701290638801e-06
Completed 37 % :  mod = 1.24582981497247e-10,  Error =2.75549612638315e-06
Completed 38 % :  mod = 1.3588864915224267e-10,  Error =2.7720223840788094e-06
Completed 38 % :  mod = 1.4817100313140763e-10,  Error =2.7882636217668733e-06
Completed 38 % :  mod = 1.6151289816389209e-10,  Error =2.804198985018047e-06
Completed 38 % :  mod = 1.759394842310502e-10,  Error =2.8197411623409607e-06
Completed 39 % :  mod = 1.915187887199055e-10,  Error =2.8348631744279373e-06
Completed 39 % :  mod = 2.082863192591559e-10,  Error =2.8495152122332e-06
Completed 39 % :  mod = 2.262770703799426e-10,  Error =2.8636657347647088e-06
Completed 39 % :  mod = 2.4541656052242964e-10,  Error =2.877229739794984e-06
Completed 40 % :  mod = 2.6564630776483e-10,  Error =2.890183509407507e-06
Completed 40 % :  mod = 2.868383259604141e-10,  Error =2.902508512647728e-06
Completed 40 % :  mod = 3.0868061875800153e-10,  Error =2.914150691424311e-06
Completed 40 % :  mod = 3.3081870500528385e-10,  Error =2.925121151520216e-06
Completed 41 % :  mod = 3.527492354045803e-10,  Error =2.935446346441495e-06
Completed 41 % :  mod = 3.7371600038143965e-10,  Error =2.945136586163244e-06
Completed 41 % :  mod = 3.928851530378912e-10,  Error =2.9542682824512667e-06
Completed 41 % :  mod = 4.0925473527393855e-10,  Error =2.9629300257738578e-06
Completed 42 % :  mod = 4.2175573121795397e-10,  Error =2.9712474827192636e-06
Completed 42 % :  mod = 4.29283907255876e-10,  Error =2.9793370899255933e-06
Completed 42 % :  mod = 4.309226231905575e-10,  Error =2.98736784287712e-06
Completed 42 % :  mod = 4.259982743751445e-10,  Error =2.9955194378317174e-06
Completed 43 % :  mod = 4.142717073253416e-10,  Error =3.003942936175008e-06
Completed 43 % :  mod = 3.9600901862194805e-10,  Error =3.012811163216611e-06
Completed 43 % :  mod = 3.7201070137367305e-10,  Error =3.0222762248399704e-06
Completed 43 % :  mod = 3.436976348643717e-10,  Error =3.0324189026487147e-06
Completed 44 % :  mod = 3.1276573137572714e-10,  Error =3.0433164752707853e-06
Completed 44 % :  mod = 2.810716390803894e-10,  Error =3.0549911897992388e-06
Completed 44 % :  mod = 2.503100367427929e-10,  Error =3.067444154680743e-06
Completed 44 % :  mod = 2.21968192274914e-10,  Error =3.080599114468896e-06
Completed 45 % :  mod = 1.9696908674689373e-10,  Error =3.09441018941925e-06
Completed 45 % :  mod = 1.7579957061499772e-10,  Error =3.1088256307043594e-06
Completed 45 % :  mod = 1.586332622278767e-10,  Error =3.123734757082275e-06
Completed 45 % :  mod = 1.4525447716745957e-10,  Error =3.139086992121065e-06
Completed 46 % :  mod = 1.352699554087393e-10,  Error =3.1548173922146816e-06
Completed 46 % :  mod = 1.2815268977387178e-10,  Error =3.1708879717484706e-06
Completed 46 % :  mod = 1.2333743603977167e-10,  Error =3.1872040793246015e-06
Completed 46 % :  mod = 1.2020543421810864e-10,  Error =3.2037414143815113e-06
Completed 47 % :  mod = 1.181434028995555e-10,  Error =3.220483563382004e-06
Completed 47 % :  mod = 1.165544569127996e-10,  Error =3.2373538090268994e-06
Completed 47 % :  mod = 1.1486246452725519e-10,  Error =3.2543481935931595e-06
Completed 47 % :  mod = 1.1255681302785765e-10,  Error =3.271469715571129e-06
Completed 48 % :  mod = 1.0925641965366089e-10,  Error =3.288659371492031e-06
Completed 48 % :  mod = 1.0475147812723895e-10,  Error =3.305929645591732e-06
Completed 48 % :  mod = 9.905951135032991e-11,  Error =3.3232737592925332e-06
Completed 48 % :  mod = 9.242823195687569e-11,  Error =3.3407073658509034e-06
Completed 49 % :  mod = 8.534462016430944e-11,  Error =3.358177480095037e-06
Completed 49 % :  mod = 7.841127966222044e-11,  Error =3.37569701969187e-06
Completed 49 % :  mod = 7.227172503123551e-11,  Error =3.3932777085965427e-06
Completed 49 % :  mod = 6.75238307484113e-11,  Error =3.410862603914211e-06
Completed 50 % :  mod = 6.458020712871827e-11,  Error =3.4284631666992027e-06
Completed 50 % :  mod = 6.365368650096271e-11,  Error =3.4460928048929418e-06
Completed 50 % :  mod = 6.474979640594268e-11,  Error =3.4636948598176787e-06
Completed 50 % :  mod = 6.769967947496955e-11,  Error =3.4812823059837683e-06
Completed 51 % :  mod = 7.223224994081064e-11,  Error =3.4988425383630783e-06
Completed 51 % :  mod = 7.804820121931758e-11,  Error =3.516386307467201e-06
Completed 51 % :  mod = 8.483998740244861e-11,  Error =3.533853750070648e-06
Completed 51 % :  mod = 9.235953913546422e-11,  Error =3.5512544229732157e-06
Completed 52 % :  mod = 1.0038448375580294e-10,  Error =3.5685976556010246e-06
Completed 52 % :  mod = 1.086407756495781e-10,  Error =3.585824877916366e-06
Completed 52 % :  mod = 1.1682494789157219e-10,  Error =3.6029471672804902e-06
Completed 52 % :  mod = 1.245620612465371e-10,  Error =3.619975046831314e-06
Completed 53 % :  mod = 1.3142037187938686e-10,  Error =3.636851559463139e-06
Completed 53 % :  mod = 1.3707263979918774e-10,  Error =3.6535867522502485e-06
Completed 53 % :  mod = 1.4138379399654734e-10,  Error =3.6701650998338664e-06
Completed 53 % :  mod = 1.4454392590461072e-10,  Error =3.6865864601054454e-06
Completed 54 % :  mod = 1.4711714009192394e-10,  Error =3.7027788479804258e-06
Completed 54 % :  mod = 1.5003967511061135e-10,  Error =3.7187244430469946e-06
Completed 54 % :  mod = 1.5448542702161591e-10,  Error =3.7343963370517486e-06
Completed 54 % :  mod = 1.616462452438461e-10,  Error =3.7496988909424545e-06
Completed 55 % :  mod = 1.725417460711524e-10,  Error =3.764594346478134e-06
Completed 55 % :  mod = 1.878147237863499e-10,  Error =3.7790209717059042e-06
Completed 55 % :  mod = 2.0766391670556086e-10,  Error =3.7929311815787514e-06
Completed 55 % :  mod = 2.3173309455604908e-10,  Error =3.806218323632038e-06
Completed 56 % :  mod = 2.59352773033753e-10,  Error =3.818830407453788e-06
Completed 56 % :  mod = 2.8960773145989067e-10,  Error =3.830719265351945e-06
Completed 56 % :  mod = 3.2130305208083255e-10,  Error =3.841807838966815e-06
Completed 56 % :  mod = 3.53234300119003e-10,  Error =3.852095296963398e-06
Completed 57 % :  mod = 3.8399915493923663e-10,  Error =3.861613599553948e-06
Completed 57 % :  mod = 4.117592489640391e-10,  Error =3.870401016570213e-06
Completed 57 % :  mod = 4.344600816601516e-10,  Error =3.878580500327189e-06
Completed 57 % :  mod = 4.498707695571628e-10,  Error =3.88630926551059e-06
Completed 58 % :  mod = 4.560914093076485e-10,  Error =3.893794264797634e-06
Completed 58 % :  mod = 4.5210223103596465e-10,  Error =3.901239601589168e-06
Completed 58 % :  mod = 4.3823039156854364e-10,  Error =3.908882085568166e-06
Completed 58 % :  mod = 4.161171290896003e-10,  Error =3.916937039605273e-06
Completed 59 % :  mod = 3.8847858558499804e-10,  Error =3.925544966421057e-06
Completed 59 % :  mod = 3.582375146115961e-10,  Error =3.934827013551967e-06
Completed 59 % :  mod = 3.2787514414763473e-10,  Error =3.944862356775047e-06
Completed 59 % :  mod = 2.991141534324489e-10,  Error =3.955649994225041e-06
Completed 60 % :  mod = 2.726403118900878e-10,  Error =3.967198040299991e-06
Completed 60 % :  mod = 2.4857721545717754e-10,  Error =3.979477142479482e-06
Completed 60 % :  mod = 2.2684756636975061e-10,  Error =3.992457486390322e-06
Completed 60 % :  mod = 2.0758473137306894e-10,  Error =4.006045529081348e-06
Completed 61 % :  mod = 1.9101039433033675e-10,  Error =4.020192591269733e-06
Completed 61 % :  mod = 1.7738254881908216e-10,  Error =4.034854349299621e-06
Completed 61 % :  mod = 1.6681889725402528e-10,  Error =4.049932570637793e-06
Completed 61 % :  mod = 1.5903446063674692e-10,  Error =4.065391749463743e-06
Completed 62 % :  mod = 1.5336457106842077e-10,  Error =4.081202121142269e-06
Completed 62 % :  mod = 1.4883756645212423e-10,  Error =4.097276629977387e-06
Completed 62 % :  mod = 1.443060954584094e-10,  Error =4.1135961339477944e-06
Completed 62 % :  mod = 1.387379307375417e-10,  Error =4.130128239410169e-06
Completed 63 % :  mod = 1.314704332609899e-10,  Error =4.146872335297758e-06
Completed 63 % :  mod = 1.2242797893086136e-10,  Error =4.163766476494857e-06
Completed 63 % :  mod = 1.1205874044652987e-10,  Error =4.1808179389590805e-06
Completed 63 % :  mod = 1.0117545690120451e-10,  Error =4.198034062596889e-06
Completed 64 % :  mod = 9.073985354800646e-11,  Error =4.2153524262289466e-06
Completed 64 % :  mod = 8.15239386692332e-11,  Error =4.2327788349894035e-06
Completed 64 % :  mod = 7.399431427134834e-11,  Error =4.250297891417176e-06
Completed 64 % :  mod = 6.822332179855959e-11,  Error =4.267919237577189e-06
Completed 65 % :  mod = 6.39634391176306e-11,  Error =4.285584239482887e-06
Completed 65 % :  mod = 6.074948377865067e-11,  Error =4.303304159236632e-06
Completed 65 % :  mod = 5.812778232518311e-11,  Error =4.321091417125444e-06
Completed 65 % :  mod = 5.5838894097829287e-11,  Error =4.338889326049866e-06
Completed 66 % :  mod = 5.3884847815001295e-11,  Error =4.356711855280082e-06
Completed 66 % :  mod = 5.251102254151021e-11,  Error =4.374575006238501e-06
Completed 66 % :  mod = 5.208429229384605e-11,  Error =4.3924241666104535e-06
Completed 66 % :  mod = 5.2913680173740014e-11,  Error =4.410277924193906e-06
Completed 67 % :  mod = 5.510020539436511e-11,  Error =4.428131511247102e-06
Completed 67 % :  mod = 5.843742508131213e-11,  Error =4.446003522673436e-06
Completed 67 % :  mod = 6.2388008713037e-11,  Error =4.463842117274908e-06
Completed 67 % :  mod = 6.62256314773922e-11,  Error =4.481665484945552e-06
Completed 68 % :  mod = 6.923163307069399e-11,  Error =4.4994929595532085e-06
Completed 68 % :  mod = 7.091884240558526e-11,  Error =4.517274298621032e-06
Completed 68 % :  mod = 7.122312507813719e-11,  Error =4.535030171837207e-06
Completed 68 % :  mod = 7.052053795998257e-11,  Error =4.552779074629143e-06
Completed 69 % :  mod = 6.954252170898803e-11,  Error =4.5704658049317e-06
Completed 69 % :  mod = 6.918608396581628e-11,  Error =4.588102093805446e-06
Completed 69 % :  mod = 7.03002583503938e-11,  Error =4.6056744125166915e-06
Completed 69 % :  mod = 7.3494416605393e-11,  Error =4.62319130178912e-06
Completed 70 % :  mod = 7.899868833363059e-11,  Error =4.640590979931858e-06
Completed 70 % :  mod = 8.669162818528574e-11,  Error =4.657876239377856e-06
Completed 70 % :  mod = 9.622838453788049e-11,  Error =4.675045033764036e-06
Completed 70 % :  mod = 1.0718899817235334e-10,  Error =4.692021043695149e-06
Completed 71 % :  mod = 1.1933289066765065e-10,  Error =4.708791394136824e-06
Completed 71 % :  mod = 1.3265146517388036e-10,  Error =4.725338477840069e-06
Completed 71 % :  mod = 1.4727378536149763e-10,  Error =4.74157759811078e-06
Completed 71 % :  mod = 1.6344497224385895e-10,  Error =4.7574891510748785e-06
Completed 72 % :  mod = 1.8127550054447296e-10,  Error =4.773030511273646e-06
Completed 72 % :  mod = 2.0058758849726516e-10,  Error =4.7881805187444115e-06
Completed 72 % :  mod = 2.2067597321713613e-10,  Error =4.802861617747567e-06
Completed 72 % :  mod = 2.404948297315715e-10,  Error =4.817060926143313e-06
Completed 73 % :  mod = 2.5884563468273807e-10,  Error =4.830772759589763e-06
Completed 73 % :  mod = 2.747378375253339e-10,  Error =4.843948431698664e-06
Completed 73 % :  mod = 2.879329508775168e-10,  Error =4.856602160430157e-06
Completed 73 % :  mod = 2.9899833193792536e-10,  Error =4.868736944274588e-06
Completed 74 % :  mod = 3.0917386037517584e-10,  Error =4.880372259208343e-06
Completed 74 % :  mod = 3.1988775199111506e-10,  Error =4.89148531102046e-06
Completed 74 % :  mod = 3.322878620303004e-10,  Error =4.902106326198918e-06
Completed 74 % :  mod = 3.467259927181389e-10,  Error =4.9122741359042266e-06
Completed 75 % :  mod = 3.6246454517592435e-10,  Error =4.921999220641737e-06
Completed 75 % :  mod = 3.7797121809311175e-10,  Error =4.931348627223997e-06
Completed 75 % :  mod = 3.914221968507598e-10,  Error =4.940404714659508e-06
Completed 75 % :  mod = 4.0131593099059746e-10,  Error =4.949234110540601e-06
Completed 76 % :  mod = 4.069390375972245e-10,  Error =4.957957322915263e-06
Completed 76 % :  mod = 4.0810710338942845e-10,  Error =4.9666968848782744e-06
Completed 76 % :  mod = 4.0463692752572364e-10,  Error =4.9755945212837105e-06
Completed 76 % :  mod = 3.9596101636696086e-10,  Error =4.984761339699162e-06
Completed 77 % :  mod = 3.8120327903705425e-10,  Error =4.994344365627512e-06
Completed 77 % :  mod = 3.597199185514822e-10,  Error =5.004487583448736e-06
Completed 77 % :  mod = 3.3184010897048154e-10,  Error =5.015273345065907e-06
Completed 77 % :  mod = 2.9899038563876704e-10,  Error =5.026786325856847e-06
Completed 78 % :  mod = 2.636090636740401e-10,  Error =5.03906195348236e-06
Completed 78 % :  mod = 2.2883141141139719e-10,  Error =5.0520361085659715e-06
Completed 78 % :  mod = 1.9753767847579123e-10,  Error =5.065660360514812e-06
Completed 78 % :  mod = 1.7187728548500953e-10,  Error =5.079857878342864e-06
Completed 79 % :  mod = 1.527713725660685e-10,  Error =5.094578192199606e-06
Completed 79 % :  mod = 1.4047691796356244e-10,  Error =5.10971965184126e-06
Completed 79 % :  mod = 1.3227327086244776e-10,  Error =5.125239823655647e-06
Completed 79 % :  mod = 1.2814816451171736e-10,  Error =5.141097815908324e-06
Completed 80 % :  mod = 1.262318516410994e-10,  Error =5.157189875149015e-06
Completed 80 % :  mod = 1.2556254158166474e-10,  Error =5.1734804955572145e-06
Completed 80 % :  mod = 1.2567404733011998e-10,  Error =5.189944978667427e-06
Completed 80 % :  mod = 1.2649843674461478e-10,  Error =5.206504738453077e-06
Completed 81 % :  mod = 1.2814753579309115e-10,  Error =5.223153280553561e-06
Completed 81 % :  mod = 1.3059329371705823e-10,  Error =5.239869459217061e-06
Completed 81 % :  mod = 1.3337507152394242e-10,  Error =5.256658042185336e-06
Completed 81 % :  mod = 1.3550565071699885e-10,  Error =5.273460963906018e-06
Completed 82 % :  mod = 1.3574514698223045e-10,  Error =5.290291433368566e-06
Completed 82 % :  mod = 1.3306076265282099e-10,  Error =5.307169956836333e-06
Completed 82 % :  mod = 1.2711032275297947e-10,  Error =5.324053432786968e-06
Completed 82 % :  mod = 1.1845204253723625e-10,  Error =5.3409600369036525e-06
Completed 83 % :  mod = 1.0850361909366067e-10,  Error =5.357873888556242e-06
Completed 83 % :  mod = 9.925774685477355e-11,  Error =5.374786873346693e-06
Completed 83 % :  mod = 9.533375279254983e-11,  Error =5.39162113710745e-06
Completed 83 % :  mod = 9.783966936344918e-11,  Error =5.408371052340044e-06
Completed 84 % :  mod = 1.0106036246441983e-10,  Error =5.425039269368881e-06
Completed 84 % :  mod = 1.0676931489366736e-10,  Error =5.4415634451743244e-06
Completed 84 % :  mod = 1.1894699227643963e-10,  Error =5.457936630648419e-06
Completed 84 % :  mod = 1.363925687559957e-10,  Error =5.474133821792293e-06
Completed 85 % :  mod = 1.5550226661486148e-10,  Error =5.4900559831594364e-06
Completed 85 % :  mod = 1.751058198061182e-10,  Error =5.5056701384614826e-06
Completed 85 % :  mod = 1.9452379694682305e-10,  Error =5.5209296760949655e-06
Completed 85 % :  mod = 2.1361492450689362e-10,  Error =5.535820065460939e-06
Completed 86 % :  mod = 2.3245979647047366e-10,  Error =5.5502796385553665e-06
Completed 86 % :  mod = 2.5107626775220333e-10,  Error =5.564314051298425e-06
Completed 86 % :  mod = 2.688662950143739e-10,  Error =5.577934565792475e-06
Completed 86 % :  mod = 2.8439198259132154e-10,  Error =5.591109847102871e-06
Completed 87 % :  mod = 2.9594426481422256e-10,  Error =5.603874519977126e-06
Completed 87 % :  mod = 3.0232113187924363e-10,  Error =5.616270996711137e-06
Completed 87 % :  mod = 3.036414956719715e-10,  Error =5.628294729831396e-06
Completed 87 % :  mod = 3.0167518963356417e-10,  Error =5.639980287241997e-06
Completed 88 % :  mod = 2.994065586961255e-10,  Error =5.65133054664102e-06
Completed 88 % :  mod = 3.001531152577058e-10,  Error =5.662357949631769e-06
Completed 88 % :  mod = 3.0644459542108945e-10,  Error =5.673037868803021e-06
Completed 88 % :  mod = 3.1904050767860556e-10,  Error =5.683400701173014e-06
Completed 89 % :  mod = 3.3652429219366817e-10,  Error =5.693483451807424e-06
Completed 89 % :  mod = 3.556566712556164e-10,  Error =5.703286035441124e-06
Completed 89 % :  mod = 3.728185939491114e-10,  Error =5.712858900608353e-06
Completed 89 % :  mod = 3.85425498765849e-10,  Error =5.722272504726789e-06
Completed 90 % :  mod = 3.926240835958966e-10,  Error =5.731586959711876e-06
Completed 90 % :  mod = 3.948824691882085e-10,  Error =5.7409160092447564e-06
Completed 90 % :  mod = 3.926315709898069e-10,  Error =5.750371286694644e-06
Completed 90 % :  mod = 3.8530279465634993e-10,  Error =5.760083432448937e-06
Completed 91 % :  mod = 3.714772570615502e-10,  Error =5.770153386208676e-06
Completed 91 % :  mod = 3.498203663210157e-10,  Error =5.780723533632681e-06
Completed 91 % :  mod = 3.2013872187403494e-10,  Error =5.79192531802164e-06
Completed 91 % :  mod = 2.8410281476961904e-10,  Error =5.8037991834680724e-06
Completed 92 % :  mod = 2.44966713117157e-10,  Error =5.816359816890326e-06
Completed 92 % :  mod = 2.0712841435817604e-10,  Error =5.829540612012352e-06
Completed 92 % :  mod = 1.7498146064993736e-10,  Error =5.843264489158173e-06
Completed 92 % :  mod = 1.5721513673246914e-10,  Error =5.8574136971856205e-06
Completed 93 % :  mod = 1.4957374781505565e-10,  Error =5.871957718284193e-06
Completed 93 % :  mod = 1.4057102426325378e-10,  Error =5.886882888717082e-06
Completed 93 % :  mod = 1.3820097325198e-10,  Error =5.902103701771466e-06
Completed 93 % :  mod = 1.428897761307576e-10,  Error =5.91757125789627e-06
Completed 94 % :  mod = 1.4996237398680663e-10,  Error =5.9332300637038315e-06
Completed 94 % :  mod = 1.5653626102784827e-10,  Error =5.948971846692075e-06
Completed 94 % :  mod = 1.6207582009859643e-10,  Error =5.964769620447896e-06
Completed 94 % :  mod = 1.6698834458201005e-10,  Error =5.980592533205709e-06
Completed 95 % :  mod = 1.7217988062331926e-10,  Error =5.996439853106494e-06
Completed 95 % :  mod = 1.7820027239206305e-10,  Error =6.012254083032076e-06
Completed 95 % :  mod = 1.8450281962936155e-10,  Error =6.028041291017416e-06
Completed 95 % :  mod = 1.8928920863002923e-10,  Error =6.043812504685775e-06
Completed 96 % :  mod = 1.9022694361184888e-10,  Error =6.059523549595269e-06
Completed 96 % :  mod = 1.856636438356322e-10,  Error =6.075203124566997e-06
Completed 96 % :  mod = 1.7546498347319593e-10,  Error =6.0908772567813685e-06
Completed 96 % :  mod = 1.6132158414292471e-10,  Error =6.106483823486997e-06
Completed 97 % :  mod = 1.4638381550582198e-10,  Error =6.12198386562568e-06
Completed 97 % :  mod = 1.3930631488154405e-10,  Error =6.137294874974941e-06
Completed 97 % :  mod = 1.4834799807840235e-10,  Error =6.152367085121568e-06
Completed 97 % :  mod = 1.5482957381071243e-10,  Error =6.1671291859966004e-06
Completed 98 % :  mod = 1.5775827570110128e-10,  Error =6.181590727294406e-06
Completed 98 % :  mod = 1.7718603807756042e-10,  Error =6.195739274517109e-06
Completed 98 % :  mod = 2.0818094952067292e-10,  Error =6.2094589168282255e-06
Completed 98 % :  mod = 2.4136140327886734e-10,  Error =6.222657610521765e-06
Completed 99 % :  mod = 2.739564400425171e-10,  Error =6.235248370956015e-06
Completed 99 % :  mod = 3.0442092608241903e-10,  Error =6.247137001480496e-06
Completed 99 % :  mod = 3.3264278713974295e-10,  Error =6.258328248520684e-06
Completed 99 % :  mod = 3.591810392095649e-10,  Error =6.268849638502161e-06
Completed 100 % :  mod = 3.842407982237642e-10,  Error =6.2787709538270065e-06
Finished 29/31 frames
Finished all frames!
