/opt/local/miniconda_23_9/lib/python3.11/site-packages/conda/base/context.py:201: FutureWarning: Adding 'defaults' to channel list implicitly is deprecated and will be removed in 25.3. 

To remove this warning, please choose a default channel explicitly with conda's regular configuration system, e.g. by adding 'defaults' to the list of channels:

  conda config --add channels defaults

For more information see https://docs.conda.io/projects/conda/en/stable/user-guide/configuration/use-condarc.html

  deprecated.topic(
JOB 14480 ARRAY_ID 8  -> i=8 ; range=[1.9e-10, 5.0e-10] ; intervals=30 (frames=31)
Analytic t0 extension enabled (--extend-time-using-t0).
Completed 0 % :  mod = 2.1599999996959292e-16,  Error =-1.4210854715202004e-14
Completed 0 % :  mod = 2.1682738220742026e-16,  Error =3.85796283808304e-09
Completed 0 % :  mod = 2.1931586419381624e-16,  Error =7.716081995567947e-09
Completed 0 % :  mod = 2.2348111883003963e-16,  Error =1.1571998470571998e-08
Completed 0 % :  mod = 2.293606972207682e-16,  Error =1.5429883148954104e-08
Completed 1 % :  mod = 2.369916231430392e-16,  Error =1.9285266716906335e-08
Completed 1 % :  mod = 2.46442693621989e-16,  Error =2.314359903721197e-08
Completed 1 % :  mod = 2.5777341913281193e-16,  Error =2.6999472879651876e-08
Completed 1 % :  mod = 2.7108595286224313e-16,  Error =3.0857648880555644e-08
Completed 2 % :  mod = 2.8646412636003995e-16,  Error =3.4713266927610675e-08
Completed 2 % :  mod = 3.040465733391075e-16,  Error =3.857141450680501e-08
Completed 2 % :  mod = 3.239440202996397e-16,  Error =4.2427146240697766e-08
Completed 2 % :  mod = 3.463358393929147e-16,  Error =4.6285855148653354e-08
Completed 3 % :  mod = 3.713630473357848e-16,  Error =5.014113924062258e-08
Completed 3 % :  mod = 3.992512582607093e-16,  Error =5.399971314545837e-08
Completed 3 % :  mod = 4.3017610091310426e-16,  Error =5.7855089607983246e-08
Completed 3 % :  mod = 4.644163582170596e-16,  Error =6.17133508740153e-08
Completed 4 % :  mod = 5.02187660028246e-16,  Error =6.556906129162599e-08
Completed 4 % :  mod = 5.438305112133153e-16,  Error =6.942708807855524e-08
Completed 4 % :  mod = 5.896071571845636e-16,  Error =7.328298323727722e-08
Completed 4 % :  mod = 6.399302743170879e-16,  Error =7.71411734490357e-08
Completed 5 % :  mod = 6.951167685316521e-16,  Error =8.099681281237281e-08
Completed 5 % :  mod = 7.556641475042786e-16,  Error =8.485498881327658e-08
Completed 5 % :  mod = 8.219537014824921e-16,  Error =8.871104029140042e-08
Completed 5 % :  mod = 8.945830326833008e-16,  Error =9.256928024115041e-08
Completed 6 % :  mod = 9.740095201832606e-16,  Error =9.642501908047052e-08
Completed 6 % :  mod = 1.0609491888913903e-15,  Error =1.0028337271705823e-07
Completed 6 % :  mod = 1.1559495410731398e-15,  Error =1.0413896944783119e-07
Completed 6 % :  mod = 1.2598670014844385e-15,  Error =1.0799724492471796e-07
Completed 7 % :  mod = 1.3733559868290772e-15,  Error =1.1185255033296926e-07
Completed 7 % :  mod = 1.4974395981360292e-15,  Error =1.1571053448733437e-07
Completed 7 % :  mod = 1.6328992442888446e-15,  Error =1.1956642964605635e-07
Completed 7 % :  mod = 1.7809560945073772e-15,  Error =1.2342493960204592e-07
Completed 8 % :  mod = 1.9426567372005035e-15,  Error =1.2728319376265063e-07
Completed 8 % :  mod = 2.1191152361744124e-15,  Error =1.3113902497252639e-07
Completed 8 % :  mod = 2.311922357044163e-15,  Error =1.3499730044941316e-07
Completed 8 % :  mod = 2.5222922997227554e-15,  Error =1.3885290428561348e-07
Completed 9 % :  mod = 2.7521215445093127e-15,  Error =1.4271125792220118e-07
Completed 9 % :  mod = 3.002857426382219e-15,  Error =1.4656703939408544e-07
Completed 9 % :  mod = 3.276760326793887e-15,  Error =1.504252153949892e-07
Completed 9 % :  mod = 3.575555129079727e-15,  Error =1.542806202792235e-07
Completed 10 % :  mod = 3.901935472354865e-15,  Error =1.5813902365380272e-07
Completed 10 % :  mod = 4.257956715670025e-15,  Error =1.61995004077653e-07
Completed 10 % :  mod = 4.646828387113737e-15,  Error =1.6585310191885583e-07
Completed 10 % :  mod = 5.0709993899412416e-15,  Error =1.6970844995967127e-07
Completed 11 % :  mod = 5.534293607657214e-15,  Error =1.7356682491254105e-07
Completed 11 % :  mod = 6.039628626119919e-15,  Error =1.7742249980301494e-07
Completed 11 % :  mod = 6.5915600144433965e-15,  Error =1.8128071843648286e-07
Completed 11 % :  mod = 7.193563548028273e-15,  Error =1.8513650701379447e-07
Completed 12 % :  mod = 7.851066270365184e-15,  Error =1.8899499565350197e-07
Completed 12 % :  mod = 8.568208776492124e-15,  Error =1.9285053554085607e-07
Completed 12 % :  mod = 9.351456093252089e-15,  Error =1.9670876127975134e-07
Completed 12 % :  mod = 1.0205740679302387e-14,  Error =2.0056440064308845e-07
Completed 13 % :  mod = 1.113876389954394e-14,  Error =2.0442253401142807e-07
Completed 13 % :  mod = 1.2156401410497397e-14,  Error =2.0827834390502176e-07
Completed 13 % :  mod = 1.326782720887956e-14,  Error =2.1213658385477174e-07
Completed 13 % :  mod = 1.4480040431537962e-14,  Error =2.1599225874524564e-07
Completed 14 % :  mod = 1.5803969170821737e-14,  Error =2.1985052711670505e-07
Completed 14 % :  mod = 1.724795079539856e-14,  Error =2.2370600305521293e-07
Completed 14 % :  mod = 1.8825002772092838e-14,  Error =2.275645982763308e-07
Completed 14 % :  mod = 2.0545056514544842e-14,  Error =2.3142026606137733e-07
Completed 15 % :  mod = 2.242361826407712e-14,  Error =2.3527837100800753e-07
Completed 15 % :  mod = 2.4472518180793752e-14,  Error =2.391339322116437e-07
Completed 15 % :  mod = 2.671022705071213e-14,  Error =2.42991681886906e-07
Completed 15 % :  mod = 2.915256132815043e-14,  Error =2.4684974420097205e-07
Completed 16 % :  mod = 3.181634928933116e-14,  Error =2.5070577436281383e-07
Completed 16 % :  mod = 3.4725604925976546e-14,  Error =2.545640498397006e-07
Completed 16 % :  mod = 3.789864913618524e-14,  Error =2.5841980288987543e-07
Completed 16 % :  mod = 4.1364086843385074e-14,  Error =2.6227839100556594e-07
Completed 17 % :  mod = 4.5143741464858515e-14,  Error =2.661343856402709e-07
Completed 17 % :  mod = 4.927168650408829e-14,  Error =2.699926753280124e-07
Completed 17 % :  mod = 5.3773917475224327e-14,  Error =2.738480802122467e-07
Completed 17 % :  mod = 5.869102189588258e-14,  Error =2.7770647648139857e-07
Completed 18 % :  mod = 6.4053964955794e-14,  Error =2.815619737361885e-07
Completed 18 % :  mod = 6.991109346865608e-14,  Error =2.8542015684251965e-07
Completed 18 % :  mod = 7.629929235166267e-14,  Error =2.8927571094072846e-07
Completed 18 % :  mod = 8.327615105788062e-14,  Error =2.931342066858633e-07
Completed 19 % :  mod = 9.088560593291792e-14,  Error =2.9698976078407213e-07
Completed 19 % :  mod = 9.919625597239072e-14,  Error =3.0084797941754005e-07
Completed 19 % :  mod = 1.082604369722374e-13,  Error =3.04703775100279e-07
Completed 19 % :  mod = 1.1815986217833892e-13,  Error =3.0856187294148185e-07
Completed 20 % :  mod = 1.2895687253629112e-13,  Error =3.124177041513576e-07
Completed 20 % :  mod = 1.407488026062182e-13,  Error =3.1627597252281703e-07
Completed 20 % :  mod = 1.5360991113246864e-13,  Error =3.2013173978384657e-07
Completed 20 % :  mod = 1.6765614030343052e-13,  Error =3.239900365770154e-07
Completed 21 % :  mod = 1.829759449255444e-13,  Error =3.2784569015120724e-07
Completed 21 % :  mod = 1.9970743198160944e-13,  Error =3.3170412905292324e-07
Completed 21 % :  mod = 2.1795596612081118e-13,  Error =3.355596902565594e-07
Completed 21 % :  mod = 2.37886056227523e-13,  Error =3.394180438931471e-07
Completed 22 % :  mod = 2.5962320927023563e-13,  Error =3.4327362641306536e-07
Completed 22 % :  mod = 2.8336338302777335e-13,  Error =3.4713166741084933e-07
Completed 22 % :  mod = 3.0925607707359437e-13,  Error =3.509872996687591e-07
Completed 22 % :  mod = 3.375347097166814e-13,  Error =3.5484532645568834e-07
Completed 23 % :  mod = 3.6837735921626844e-13,  Error =3.587009231864613e-07
Completed 23 % :  mod = 4.020620649492729e-13,  Error =3.625593905098867e-07
Completed 23 % :  mod = 4.3880094618086334e-13,  Error =3.6641489487010404e-07
Completed 23 % :  mod = 4.789251921930899e-13,  Error =3.702732556121191e-07
Completed 24 % :  mod = 5.227183924357248e-13,  Error =3.7413155240528795e-07
Completed 24 % :  mod = 5.704822741951588e-13,  Error =3.7798726282289863e-07
Completed 24 % :  mod = 6.226474036862949e-13,  Error =3.818455382997854e-07
Completed 24 % :  mod = 6.795422566018159e-13,  Error =3.8570090055145556e-07
Completed 25 % :  mod = 7.416796978851827e-13,  Error =3.895587497027009e-07
Completed 25 % :  mod = 8.094509815494211e-13,  Error =3.9341444590945684e-07
Completed 25 % :  mod = 8.834669949708638e-13,  Error =3.972725437506597e-07
Completed 25 % :  mod = 9.641937599799938e-13,  Error =4.0112840338224487e-07
Completed 26 % :  mod = 1.0523589093963585e-12,  Error =4.049865651722939e-07
Completed 26 % :  mod = 1.148517506159708e-12,  Error =4.0884218321934895e-07
Completed 26 % :  mod = 1.2535362196697489e-12,  Error =4.127005936993555e-07
Completed 26 % :  mod = 1.3680761419490706e-12,  Error =4.1655648175265014e-07
Completed 27 % :  mod = 1.4931695126089696e-12,  Error =4.204146222264171e-07
Completed 27 % :  mod = 1.6296036647114144e-12,  Error =4.2427046054172024e-07
Completed 27 % :  mod = 1.778607982209507e-12,  Error =4.2812857969920515e-07
Completed 27 % :  mod = 1.9411200751491734e-12,  Error =4.3198426880053375e-07
Completed 28 % :  mod = 2.1186040279569827e-12,  Error =4.3584223874404415e-07
Completed 28 % :  mod = 2.3121762910420304e-12,  Error =4.396977999476803e-07
Completed 28 % :  mod = 2.5235802937349698e-12,  Error =4.43555755680336e-07
Completed 28 % :  mod = 2.754145236505799e-12,  Error =4.4741086924204865e-07
Completed 29 % :  mod = 3.0059469183278998e-12,  Error =4.512682920676525e-07
Completed 29 % :  mod = 3.280567489053307e-12,  Error =4.5512341984021987e-07
Completed 29 % :  mod = 3.5804780178599476e-12,  Error =4.589806792409945e-07
Completed 29 % :  mod = 3.907561162298184e-12,  Error =4.628353167390742e-07
Completed 30 % :  mod = 4.2647577461294426e-12,  Error =4.666922492901904e-07
Completed 30 % :  mod = 4.654307034055559e-12,  Error =4.705465102006201e-07
Completed 30 % :  mod = 5.079707583197347e-12,  Error =4.7440356354400137e-07
Completed 30 % :  mod = 5.543621159471637e-12,  Error =4.782573626016529e-07
Completed 31 % :  mod = 6.050207593302911e-12,  Error =4.821133217092211e-07
Completed 31 % :  mod = 6.602628072721687e-12,  Error =4.859661686396066e-07
Completed 31 % :  mod = 7.205824912022137e-12,  Error =4.8982111877649e-07
Completed 31 % :  mod = 7.864012394358643e-12,  Error =4.936753157380736e-07
Completed 32 % :  mod = 8.581662027969588e-12,  Error =4.975263507844829e-07
Completed 32 % :  mod = 9.365160542523452e-12,  Error =5.013791195551676e-07
Completed 32 % :  mod = 1.0219334391195717e-11,  Error =5.05228030078797e-07
Completed 32 % :  mod = 1.1151744011066623e-11,  Error =5.090786459049923e-07
Completed 33 % :  mod = 1.2168079573300327e-11,  Error =5.129254034841324e-07
Completed 33 % :  mod = 1.3277267156996073e-11,  Error =5.167730066091281e-07
Completed 33 % :  mod = 1.4485985335330356e-11,  Error =5.206157709380932e-07
Completed 33 % :  mod = 1.580473230382339e-11,  Error =5.244582723662461e-07
Completed 34 % :  mod = 1.7241296017202728e-11,  Error =5.282952741936242e-07
Completed 34 % :  mod = 1.8807955626841242e-11,  Error =5.321315867945486e-07
Completed 34 % :  mod = 2.0513706538187044e-11,  Error =5.359610497635003e-07
Completed 34 % :  mod = 2.2372795704687197e-11,  Error =5.397883313662533e-07
Completed 35 % :  mod = 2.4395466204613097e-11,  Error =5.436072427755789e-07
Completed 35 % :  mod = 2.6598052616420967e-11,  Error =5.474216067113957e-07
Completed 35 % :  mod = 2.8991967044811863e-11,  Error =5.51224971445663e-07
Completed 35 % :  mod = 3.159560531130781e-11,  Error =5.550215007588122e-07
Completed 36 % :  mod = 3.4421247855197554e-11,  Error =5.58803677108699e-07
Completed 36 % :  mod = 3.748904526125096e-11,  Error =5.625751100524212e-07
Completed 36 % :  mod = 4.081145455867325e-11,  Error =5.663275715050986e-07
Completed 36 % :  mod = 4.4409576560741465e-11,  Error =5.700638538996827e-07
Completed 37 % :  mod = 4.8294695470594603e-11,  Error =5.737758996815501e-07
Completed 37 % :  mod = 5.248722074653207e-11,  Error =5.774645472911288e-07
Completed 37 % :  mod = 5.699485760974588e-11,  Error =5.811210783690512e-07
Completed 37 % :  mod = 6.183435159838263e-11,  Error =5.847450026408296e-07
Completed 38 % :  mod = 6.700581735002367e-11,  Error =5.883263511918813e-07
Completed 38 % :  mod = 7.251738848491927e-11,  Error =5.918641861057949e-07
Completed 38 % :  mod = 7.83553315261562e-11,  Error =5.95346989484824e-07
Completed 38 % :  mod = 8.451158075112783e-11,  Error =5.987728997070008e-07
Completed 39 % :  mod = 9.094958000131364e-11,  Error =6.021305978265445e-07
Completed 39 % :  mod = 9.763458935255041e-11,  Error =6.054174406244783e-07
Completed 39 % :  mod = 1.0450061167255985e-10,  Error =6.086244894731863e-07
Completed 39 % :  mod = 1.1145998007885736e-10,  Error =6.11743928402575e-07
Completed 40 % :  mod = 1.1841557371849398e-10,  Error =6.147751605567464e-07
Completed 40 % :  mod = 1.252265548840802e-10,  Error =6.17711776840224e-07
Completed 40 % :  mod = 1.317459874058582e-10,  Error =6.20557813135747e-07
Completed 40 % :  mod = 1.3778746750503705e-10,  Error =6.233119478338267e-07
Completed 41 % :  mod = 1.4316619969122988e-10,  Error =6.25984469593277e-07
Completed 41 % :  mod = 1.476771334437727e-10,  Error =6.285818514584207e-07
Completed 41 % :  mod = 1.5113748200415843e-10,  Error =6.311209119758132e-07
Completed 41 % :  mod = 1.5337983795741412e-10,  Error =6.336155919939301e-07
Completed 42 % :  mod = 1.5428830222298836e-10,  Error =6.360885080880507e-07
Completed 42 % :  mod = 1.538027257873419e-10,  Error =6.385572035583209e-07
Completed 42 % :  mod = 1.5193418173993225e-10,  Error =6.410451831584396e-07
Completed 42 % :  mod = 1.487699844289498e-10,  Error =6.435703809870574e-07
Completed 43 % :  mod = 1.444562857014433e-10,  Error =6.461533246238105e-07
Completed 43 % :  mod = 1.3919771698398624e-10,  Error =6.488046224717436e-07
Completed 43 % :  mod = 1.3321118872517532e-10,  Error =6.515397927842059e-07
Completed 43 % :  mod = 1.2672854509961123e-10,  Error =6.543620543197903e-07
Completed 44 % :  mod = 1.199434104313749e-10,  Error =6.572785409275639e-07
Completed 44 % :  mod = 1.1303190696992782e-10,  Error =6.602860835869251e-07
Completed 44 % :  mod = 1.0611213342567797e-10,  Error =6.633861175942002e-07
Completed 44 % :  mod = 9.928515741009432e-11,  Error =6.665711822506637e-07
Completed 45 % :  mod = 9.260704594380462e-11,  Error =6.698391317172536e-07
Completed 45 % :  mod = 8.613596428173094e-11,  Error =6.731794002234892e-07
Completed 45 % :  mod = 7.99043027754958e-11,  Error =6.765899698280009e-07
Completed 45 % :  mod = 7.395746486376811e-11,  Error =6.800587399879987e-07
Completed 46 % :  mod = 6.831993717505658e-11,  Error =6.835842327745922e-07
Completed 46 % :  mod = 6.302432580449217e-11,  Error =6.871548521303339e-07
Completed 46 % :  mod = 5.8077417763748186e-11,  Error =6.907696459279578e-07
Completed 46 % :  mod = 5.3486806375222534e-11,  Error =6.944181336621114e-07
Completed 47 % :  mod = 4.9234723144128066e-11,  Error =6.98100102169974e-07
Completed 47 % :  mod = 4.530599929611075e-11,  Error =7.018061509711515e-07
Completed 47 % :  mod = 4.1669594055176806e-11,  Error =7.055376016751325e-07
Completed 47 % :  mod = 3.83024786440282e-11,  Error =7.092881801895601e-07
Completed 48 % :  mod = 3.518444508095061e-11,  Error =7.130531400889595e-07
Completed 48 % :  mod = 3.2294284256181264e-11,  Error =7.168349398511964e-07
Completed 48 % :  mod = 2.962380189037469e-11,  Error =7.206261329884001e-07
Completed 48 % :  mod = 2.7160270555935166e-11,  Error =7.2443010878942e-07
Completed 49 % :  mod = 2.4898463409023116e-11,  Error =7.282399323571553e-07
Completed 49 % :  mod = 2.282524812132378e-11,  Error =7.320593766735328e-07
Completed 49 % :  mod = 2.093085387024306e-11,  Error =7.35882927926923e-07
Completed 49 % :  mod = 1.9197808464222313e-11,  Error =7.397138901410472e-07
Completed 50 % :  mod = 1.76123583814506e-11,  Error =7.43546216597224e-07
Completed 50 % :  mod = 1.6156597337151573e-11,  Error =7.473846039829368e-07
Completed 50 % :  mod = 1.4818551100863254e-11,  Error =7.512240145501892e-07
Completed 50 % :  mod = 1.358518021420161e-11,  Error =7.55068363389455e-07
Completed 51 % :  mod = 1.2449805629081561e-11,  Error =7.589128614426954e-07
Completed 51 % :  mod = 1.140481678358258e-11,  Error =7.627614948546579e-07
Completed 51 % :  mod = 1.0446794948989625e-11,  Error =7.666087213920036e-07
Completed 51 % :  mod = 9.56977973919228e-12,  Error =7.704603959268752e-07
Completed 52 % :  mod = 8.769737268742305e-12,  Error =7.74310883855378e-07
Completed 52 % :  mod = 8.039552719326864e-12,  Error =7.781641997439692e-07
Completed 52 % :  mod = 7.373571222870862e-12,  Error =7.820161087579436e-07
Completed 52 % :  mod = 6.764105237295857e-12,  Error =7.858712862685024e-07
Completed 53 % :  mod = 6.205644594199212e-12,  Error =7.897239910903409e-07
Completed 53 % :  mod = 5.692047028275936e-12,  Error =7.935799644087638e-07
Completed 53 % :  mod = 5.219839968702504e-12,  Error =7.97433877153253e-07
Completed 53 % :  mod = 4.785357504362126e-12,  Error =8.012899854747957e-07
Completed 54 % :  mod = 4.386952195684123e-12,  Error =8.051440829603962e-07
Completed 54 % :  mod = 4.0221759539201125e-12,  Error =8.090011647254869e-07
Completed 54 % :  mod = 3.689562217897269e-12,  Error =8.128555535336091e-07
Completed 54 % :  mod = 3.386445903011061e-12,  Error =8.167124363467337e-07
Completed 55 % :  mod = 3.110744772814444e-12,  Error =8.205674717487454e-07
Completed 55 % :  mod = 2.8594149483296544e-12,  Error =8.244248306255031e-07
Completed 55 % :  mod = 2.629996664873035e-12,  Error =8.282827579364493e-07
Completed 55 % :  mod = 2.420225480253668e-12,  Error =8.321381912423931e-07
Completed 56 % :  mod = 2.2278715558322526e-12,  Error =8.35996232240177e-07
Completed 56 % :  mod = 2.0517691911412662e-12,  Error =8.398517152841123e-07
Completed 56 % :  mod = 1.8906767206626347e-12,  Error =8.43709472064802e-07
Completed 56 % :  mod = 1.7440434709263042e-12,  Error =8.475646993133523e-07
Completed 57 % :  mod = 1.6109580951476959e-12,  Error =8.51422655046008e-07
Completed 57 % :  mod = 1.4908383484169447e-12,  Error =8.552779817705414e-07
Completed 57 % :  mod = 1.3826650464968883e-12,  Error =8.591363780396932e-07
Completed 57 % :  mod = 1.2856277814137872e-12,  Error =8.629917616076455e-07
Completed 58 % :  mod = 1.198571434629169e-12,  Error =8.668497883945747e-07
Completed 58 % :  mod = 1.120617401909617e-12,  Error =8.707053851253477e-07
Completed 58 % :  mod = 1.0508148469321123e-12,  Error =8.745637742890722e-07
Completed 58 % :  mod = 9.886514135815607e-13,  Error =8.784193781252725e-07
Completed 59 % :  mod = 9.336668304557826e-13,  Error =8.822778241324158e-07
Completed 59 % :  mod = 8.857092697742625e-13,  Error =8.861335984988727e-07
Completed 59 % :  mod = 8.445494626096783e-13,  Error =8.89991824237768e-07
Completed 59 % :  mod = 8.100907643593553e-13,  Error =8.938476483422164e-07
Completed 60 % :  mod = 7.821202137664297e-13,  Error =8.977061085602145e-07
Completed 60 % :  mod = 7.604656319733383e-13,  Error =9.015615916041497e-07
Completed 60 % :  mod = 7.448208247432272e-13,  Error =9.054198670810365e-07
Completed 60 % :  mod = 7.348892253553075e-13,  Error =9.092755064443736e-07
Completed 61 % :  mod = 7.303820085273867e-13,  Error =9.131339950840811e-07
Completed 61 % :  mod = 7.311637296577628e-13,  Error =9.169895562877173e-07
Completed 61 % :  mod = 7.372618949073478e-13,  Error =9.20847732288621e-07
Completed 61 % :  mod = 7.488297988086665e-13,  Error =9.24703329019394e-07
Completed 62 % :  mod = 7.661257747595858e-13,  Error =9.285619952947854e-07
Completed 62 % :  mod = 7.894149570655357e-13,  Error =9.324174357061565e-07
Completed 62 % :  mod = 8.190394547585921e-13,  Error =9.362758603970178e-07
Completed 62 % :  mod = 8.552486000609929e-13,  Error =9.401309881695852e-07
Completed 63 % :  mod = 8.983083927475235e-13,  Error =9.439891783813437e-07
Completed 63 % :  mod = 9.48333072029771e-13,  Error =9.478473046442559e-07
Completed 63 % :  mod = 1.005407857281789e-12,  Error =9.517029013750289e-07
Completed 63 % :  mod = 1.0698418426815972e-12,  Error =9.55560963689095e-07
Completed 64 % :  mod = 1.141973512547555e-12,  Error =9.594167735826886e-07
Completed 64 % :  mod = 1.2225409787360912e-12,  Error =9.632750348487207e-07
Completed 64 % :  mod = 1.3122610426415221e-12,  Error =9.67130617368639e-07
Completed 64 % :  mod = 1.4122250764988875e-12,  Error =9.709889070563804e-07
Completed 65 % :  mod = 1.5233542490509726e-12,  Error =9.74844198253777e-07
Completed 65 % :  mod = 1.646853847119544e-12,  Error =9.787023955709628e-07
Completed 65 % :  mod = 1.783502303206089e-12,  Error =9.82558134410283e-07
Completed 65 % :  mod = 1.9342697001330786e-12,  Error =9.864161114592207e-07
Completed 66 % :  mod = 2.0996413537067895e-12,  Error =9.902717863496946e-07
Completed 66 % :  mod = 2.2806092735097512e-12,  Error =9.94129734976923e-07
Completed 66 % :  mod = 2.477974304082354e-12,  Error =9.97984955120046e-07
Completed 66 % :  mod = 2.693470819315229e-12,  Error =1.0018427119007356e-06
Completed 67 % :  mod = 2.928747195851234e-12,  Error =1.0056976265104822e-06
Completed 67 % :  mod = 3.186505744973241e-12,  Error =1.0095551559174964e-06
Completed 67 % :  mod = 3.4691016554067938e-12,  Error =1.0134099568404054e-06
Completed 67 % :  mod = 3.779732695044183e-12,  Error =1.0172674436148554e-06
Completed 68 % :  mod = 4.120641624587934e-12,  Error =1.0211220669020804e-06
Completed 68 % :  mod = 4.4946177779015586e-12,  Error =1.0249790207694787e-06
Completed 68 % :  mod = 4.9031576838596134e-12,  Error =1.0288332248364895e-06
Completed 68 % :  mod = 5.3487490464773735e-12,  Error =1.0326892407874766e-06
Completed 69 % :  mod = 5.833070164578332e-12,  Error =1.036542997212564e-06
Completed 69 % :  mod = 6.359842791283834e-12,  Error =1.0403983949913709e-06
Completed 69 % :  mod = 6.932520765595313e-12,  Error =1.0442510429697904e-06
Completed 69 % :  mod = 7.55726197353457e-12,  Error =1.0481058438926993e-06
Completed 70 % :  mod = 8.23964613836279e-12,  Error =1.0519570352585106e-06
Completed 70 % :  mod = 8.987622021149583e-12,  Error =1.0558102729874008e-06
Completed 70 % :  mod = 9.807153664165384e-12,  Error =1.0596602137979971e-06
Completed 70 % :  mod = 1.0705696590131798e-11,  Error =1.0635113625312442e-06
Completed 71 % :  mod = 1.168748145057394e-11,  Error =1.0673585677523079e-06
Completed 71 % :  mod = 1.2758648101989468e-11,  Error =1.071206675362646e-06
Completed 71 % :  mod = 1.3923495429106195e-11,  Error =1.0750530492487087e-06
Completed 71 % :  mod = 1.5187242863502035e-11,  Error =1.0788943498596382e-06
Completed 72 % :  mod = 1.6559912371948166e-11,  Error =1.082735636259713e-06
Completed 72 % :  mod = 1.805081698338355e-11,  Error =1.0865705277751658e-06
Completed 72 % :  mod = 1.9676019555144057e-11,  Error =1.0904045595339085e-06
Completed 72 % :  mod = 2.144941342411727e-11,  Error =1.0942315853412765e-06
Completed 73 % :  mod = 2.3390085365304078e-11,  Error =1.0980558045048383e-06
Completed 73 % :  mod = 2.5510962532724035e-11,  Error =1.1018708718779635e-06
Completed 73 % :  mod = 2.7828071951972932e-11,  Error =1.105681036506212e-06
Completed 73 % :  mod = 3.0348724361453594e-11,  Error =1.1094799887700901e-06
Completed 74 % :  mod = 3.308503099872797e-11,  Error =1.1132702795180194e-06
Completed 74 % :  mod = 3.6042234231600745e-11,  Error =1.1170461036158486e-06
Completed 74 % :  mod = 3.9235982146137927e-11,  Error =1.1208091450498614e-06
Completed 74 % :  mod = 4.267827824751281e-11,  Error =1.1245525541880852e-06
Completed 75 % :  mod = 4.639541084798306e-11,  Error =1.128278022122231e-06
Completed 75 % :  mod = 5.0407797003305335e-11,  Error =1.1319767381223755e-06
Completed 75 % :  mod = 5.474659975160913e-11,  Error =1.1356502156445458e-06
Completed 75 % :  mod = 5.942698942109165e-11,  Error =1.1392888055183903e-06
Completed 76 % :  mod = 6.446672266892022e-11,  Error =1.1428925930090372e-06
Completed 76 % :  mod = 6.985731236616929e-11,  Error =1.1464502094327145e-06
Completed 76 % :  mod = 7.559035243295961e-11,  Error =1.1499614842591654e-06
Completed 76 % :  mod = 8.163011016134192e-11,  Error =1.1534140682556426e-06
Completed 77 % :  mod = 8.794785278905443e-11,  Error =1.1568063200684264e-06
Completed 77 % :  mod = 9.449248002208493e-11,  Error =1.1601261391547268e-06
Completed 77 % :  mod = 1.0122535216058205e-10,  Error =1.16337197653138e-06
Completed 77 % :  mod = 1.0808168959350223e-10,  Error =1.1665327974696993e-06
Completed 78 % :  mod = 1.149991562211571e-10,  Error =1.1696078132672483e-06
Completed 78 % :  mod = 1.218708244514017e-10,  Error =1.1725893998004722e-06
Completed 78 % :  mod = 1.2857320699590432e-10,  Error =1.1754795323781764e-06
Completed 78 % :  mod = 1.349256856306494e-10,  Error =1.1782762214807008e-06
Completed 79 % :  mod = 1.407309785320759e-10,  Error =1.1809876312440792e-06
Completed 79 % :  mod = 1.4575888301915247e-10,  Error =1.1836200144443865e-06
Completed 79 % :  mod = 1.497839415497741e-10,  Error =1.186182821300008e-06
Completed 79 % :  mod = 1.5261751216357372e-10,  Error =1.1886968493968197e-06
Completed 80 % :  mod = 1.5411522387491516e-10,  Error =1.191176671966332e-06
Completed 80 % :  mod = 1.5420922918114952e-10,  Error =1.1936452537497644e-06
Completed 80 % :  mod = 1.5290700398980613e-10,  Error =1.1961211541233752e-06
Completed 80 % :  mod = 1.502872611624853e-10,  Error =1.1986279844222736e-06
Completed 81 % :  mod = 1.4649293370865652e-10,  Error =1.2011807228873295e-06
Completed 81 % :  mod = 1.4169818976103842e-10,  Error =1.2037994281399733e-06
Completed 81 % :  mod = 1.3610791012345676e-10,  Error =1.2064925769550428e-06
Completed 81 % :  mod = 1.2991418062527723e-10,  Error =1.209273605695671e-06
Completed 82 % :  mod = 1.233124155854391e-10,  Error =1.2121434806999787e-06
Completed 82 % :  mod = 1.1646042739395547e-10,  Error =1.2151086750122886e-06
Completed 82 % :  mod = 1.0951046576244874e-10,  Error =1.2181637458752448e-06
Completed 82 % :  mod = 1.0257270767311153e-10,  Error =1.2213096880486773e-06
Completed 83 % :  mod = 9.575417607321193e-11,  Error =1.2245373923747138e-06
Completed 83 % :  mod = 8.91235662066932e-11,  Error =1.2278453880298912e-06
Completed 83 % :  mod = 8.274973760567518e-11,  Error =1.2312223915955656e-06
Completed 83 % :  mod = 7.6667560407376e-11,  Error =1.234665582217076e-06
Completed 84 % :  mod = 7.09136714884858e-11,  Error =1.2381635130509494e-06
Completed 84 % :  mod = 6.549525435945469e-11,  Error =1.2417149335419708e-06
Completed 84 % :  mod = 6.042320920345807e-11,  Error =1.245308432373804e-06
Completed 84 % :  mod = 5.568547222043434e-11,  Error =1.2489424676687122e-06
Completed 85 % :  mod = 5.12773575957712e-11,  Error =1.2526073689400619e-06
Completed 85 % :  mod = 4.717854140402013e-11,  Error =1.2563038040980246e-06
Completed 85 % :  mod = 4.337896857734992e-11,  Error =1.2600220600234024e-06
Completed 85 % :  mod = 3.9857847222085286e-11,  Error =1.2637640267598726e-06
Completed 86 % :  mod = 3.660477673230245e-11,  Error =1.2675212701651617e-06
Completed 86 % :  mod = 3.3600649483716635e-11,  Error =1.2712968242567513e-06
Completed 86 % :  mod = 3.083498588638975e-11,  Error =1.2750822833140774e-06
Completed 86 % :  mod = 2.82892439214313e-11,  Error =1.278881839539281e-06
Completed 87 % :  mod = 2.595011381884181e-11,  Error =1.2826906186091946e-06
Completed 87 % :  mod = 2.3803428007802432e-11,  Error =1.2865047054333445e-06
Completed 87 % :  mod = 2.1830900460711264e-11,  Error =1.2903279085207942e-06
Completed 87 % :  mod = 2.0020561026602807e-11,  Error =1.2941542379962812e-06
Completed 88 % :  mod = 1.835646593456592e-11,  Error =1.2979875165797239e-06
Completed 88 % :  mod = 1.6828741934622842e-11,  Error =1.3018224436223136e-06
Completed 88 % :  mod = 1.542456214830363e-11,  Error =1.3056631829044818e-06
Completed 88 % :  mod = 1.4136322410558016e-11,  Error =1.3095041637711802e-06
Completed 89 % :  mod = 1.295375527061557e-11,  Error =1.3133499763284817e-06
Completed 89 % :  mod = 1.1870574494806946e-11,  Error =1.3171951920298852e-06
Completed 89 % :  mod = 1.0877730356382586e-11,  Error =1.3210440528155232e-06
Completed 89 % :  mod = 9.969154382142174e-12,  Error =1.3248919046304763e-06
Completed 90 % :  mod = 9.13644057439659e-12,  Error =1.328743721273895e-06
Completed 90 % :  mod = 8.373965937702929e-12,  Error =1.3325939107744489e-06
Completed 90 % :  mod = 7.674504007500357e-12,  Error =1.3364475890398353e-06
Completed 90 % :  mod = 7.033420291690519e-12,  Error =1.3402996117406474e-06
Completed 91 % :  mod = 6.444877731480078e-12,  Error =1.3441550095194543e-06
Completed 91 % :  mod = 5.905320498543172e-12,  Error =1.3480081335615068e-06
Completed 91 % :  mod = 5.410224974698359e-12,  Error =1.3518645616272806e-06
Completed 91 % :  mod = 4.956883065492896e-12,  Error =1.3557180551515557e-06
Completed 92 % :  mod = 4.541512186646958e-12,  Error =1.3595749237538257e-06
Completed 92 % :  mod = 4.161586470728724e-12,  Error =1.3634292841402385e-06
Completed 92 % :  mod = 3.813586602838994e-12,  Error =1.3672865506464404e-06
Completed 92 % :  mod = 3.4951547275352516e-12,  Error =1.3711411099848192e-06
Completed 93 % :  mod = 3.2032630004936482e-12,  Error =1.3749987246569617e-06
Completed 93 % :  mod = 2.9359373825533188e-12,  Error =1.3788535966341442e-06
Completed 93 % :  mod = 2.6906548151452335e-12,  Error =1.3827111473574405e-06
Completed 93 % :  mod = 2.465826292594824e-12,  Error =1.3865664598711192e-06
Completed 94 % :  mod = 2.2595018414722676e-12,  Error =1.3904241527029626e-06
Completed 94 % :  mod = 2.070557554542352e-12,  Error =1.394279799171727e-06
Completed 94 % :  mod = 1.897458908018215e-12,  Error =1.3981378117478016e-06
Completed 94 % :  mod = 1.7391819473377448e-12,  Error =1.4019931882103265e-06
Completed 95 % :  mod = 1.5942640817413908e-12,  Error =1.4058512149972557e-06
Completed 95 % :  mod = 1.4616444004862723e-12,  Error =1.4097091920461935e-06
Completed 95 % :  mod = 1.340347151260307e-12,  Error =1.4135644192947439e-06
Completed 95 % :  mod = 1.2292443931509916e-12,  Error =1.417422623717357e-06
Completed 96 % :  mod = 1.1275699921438584e-12,  Error =1.4212780641287281e-06
Completed 96 % :  mod = 1.034332939701463e-12,  Error =1.4251361690753583e-06
Completed 96 % :  mod = 9.489337114298224e-13,  Error =1.4289917089627124e-06
Completed 96 % :  mod = 8.706787201265452e-13,  Error =1.4328497925930606e-06
Completed 97 % :  mod = 7.991787116019907e-13,  Error =1.4367056735409278e-06
Completed 97 % :  mod = 7.338348344644906e-13,  Error =1.4405639348069599e-06
Completed 97 % :  mod = 6.742086925341253e-13,  Error =1.4444198299656819e-06
Completed 97 % :  mod = 6.197249363278335e-13,  Error =1.4482780628100045e-06
Completed 98 % :  mod = 5.700429168888567e-13,  Error =1.452133609802786e-06
Completed 98 % :  mod = 5.247338726596493e-13,  Error =1.4559915655354416e-06
Completed 98 % :  mod = 4.834909939972151e-13,  Error =1.4598471054227957e-06
Completed 98 % :  mod = 4.458773505516477e-13,  Error =1.4637051890531438e-06
Completed 99 % :  mod = 4.116126292390078e-13,  Error =1.4675610628955837e-06
Completed 99 % :  mod = 3.804183035064981e-13,  Error =1.4714193028453337e-06
Completed 99 % :  mod = 3.52171426080317e-13,  Error =1.4752750701063633e-06
Completed 99 % :  mod = 3.2665592706786895e-13,  Error =1.479133622694917e-06
Completed 100 % :  mod = 3.036850370850557e-13,  Error =1.4829892265311173e-06
Finished 9/31 frames
Finished all frames!
