/opt/local/miniconda_23_9/lib/python3.11/site-packages/conda/base/context.py:201: FutureWarning: Adding 'defaults' to channel list implicitly is deprecated and will be removed in 25.3. 

To remove this warning, please choose a default channel explicitly with conda's regular configuration system, e.g. by adding 'defaults' to the list of channels:

  conda config --add channels defaults

For more information see https://docs.conda.io/projects/conda/en/stable/user-guide/configuration/use-condarc.html

  deprecated.topic(
JOB 14472 ARRAY_ID 0  -> i=0 ; range=[1.9e-10, 5.0e-10] ; intervals=30 (frames=31)
Analytic t0 extension enabled (--extend-time-using-t0).
Completed 0 % :  mod = 1.5200000003604552e-16,  Error =-1.4210854715202004e-14
Completed 0 % :  mod = 1.5176370059122842e-16,  Error =1.5953531828927225e-09
Completed 0 % :  mod = 1.510555369999562e-16,  Error =3.190670838648657e-09
Completed 0 % :  mod = 1.49877712561188e-16,  Error =4.785803753293294e-09
Completed 0 % :  mod = 1.4823388651515857e-16,  Error =6.3814056261435326e-09
Completed 1 % :  mod = 1.4613010570724205e-16,  Error =7.975977212026919e-09
Completed 1 % :  mod = 1.4357122749709173e-16,  Error =9.571614612013946e-09
Completed 1 % :  mod = 1.405659553757153e-16,  Error =1.1166790159222728e-08
Completed 1 % :  mod = 1.3712363420928792e-16,  Error =1.2761802281602286e-08
Completed 2 % :  mod = 1.3325660604953678e-16,  Error =1.4356331234921527e-08
Completed 2 % :  mod = 1.2897378857554944e-16,  Error =1.595198284576327e-08
Completed 2 % :  mod = 1.2428996288448676e-16,  Error =1.754751366433993e-08
Completed 2 % :  mod = 1.1921969712620067e-16,  Error =1.914281710924115e-08
Completed 3 % :  mod = 1.1378100574346893e-16,  Error =2.0737516592816974e-08
Completed 3 % :  mod = 1.0798643660089485e-16,  Error =2.2332926619128557e-08
Completed 3 % :  mod = 1.0185611763942007e-16,  Error =2.3928116377192055e-08
Completed 3 % :  mod = 9.540910616977962e-17,  Error =2.5523448243802704e-08
Completed 4 % :  mod = 8.866544793184174e-17,  Error =2.711926327947367e-08
Completed 4 % :  mod = 8.1648979634222e-17,  Error =2.8714580935229606e-08
Completed 4 % :  mod = 7.437588697846018e-17,  Error =3.0309976750686474e-08
Completed 4 % :  mod = 6.687154502231604e-17,  Error =3.190559283439143e-08
Completed 5 % :  mod = 5.915928444666544e-17,  Error =3.350088206843793e-08
Completed 5 % :  mod = 5.126628697512353e-17,  Error =3.5095432338039245e-08
Completed 5 % :  mod = 4.32107610760205e-17,  Error =3.669106973802627e-08
Completed 5 % :  mod = 3.502088326105569e-17,  Error =3.82862381798077e-08
Completed 6 % :  mod = 2.6722117768398664e-17,  Error =3.9881570046418346e-08
Completed 6 % :  mod = 1.8343641791494787e-17,  Error =4.147666032849884e-08
Completed 6 % :  mod = 9.904785352187296e-18,  Error =4.307228351763115e-08
Completed 6 % :  mod = 1.4351333405659733e-18,  Error =4.466748748654936e-08
Completed 7 % :  mod = 7.038980069689154e-18,  Error =4.6262954356279806e-08
Completed 7 % :  mod = 1.5487825955664142e-17,  Error =4.785766094528299e-08
Completed 7 % :  mod = 2.3891911961320543e-17,  Error =4.945292886304742e-08
Completed 7 % :  mod = 3.2221712546777525e-17,  Error =5.104846678705144e-08
Completed 8 % :  mod = 4.0451329255742724e-17,  Error =5.26437631265253e-08
Completed 8 % :  mod = 4.855517563411107e-17,  Error =5.4239556845914194e-08
Completed 8 % :  mod = 5.650489856712246e-17,  Error =5.5834114220942865e-08
Completed 8 % :  mod = 6.428215682395837e-17,  Error =5.7429446087553515e-08
Completed 9 % :  mod = 7.185955113250255e-17,  Error =5.9024777954164165e-08
Completed 9 % :  mod = 7.921351785713914e-17,  Error =6.06201453479116e-08
Completed 9 % :  mod = 8.631839723488129e-17,  Error =6.221507220516287e-08
Completed 9 % :  mod = 9.315779744112033e-17,  Error =6.381051775861124e-08
Completed 10 % :  mod = 9.970754929233324e-17,  Error =6.540629726714542e-08
Completed 10 % :  mod = 1.059472887392123e-16,  Error =6.700149413063627e-08
Completed 10 % :  mod = 1.1185531707653144e-16,  Error =6.859620782506681e-08
Completed 10 % :  mod = 1.1741799993795275e-16,  Error =7.01912483691558e-08
Completed 11 % :  mod = 1.226156051884577e-16,  Error =7.178682892572397e-08
Completed 11 % :  mod = 1.2743197587103282e-16,  Error =7.338248764199307e-08
Completed 11 % :  mod = 1.3185044305556425e-16,  Error =7.497747844809055e-08
Completed 11 % :  mod = 1.3586081225799015e-16,  Error =7.657284584183799e-08
Completed 12 % :  mod = 1.3944876622267815e-16,  Error =7.816849034725237e-08
Completed 12 % :  mod = 1.4260314483559884e-16,  Error =7.976399984954696e-08
Completed 12 % :  mod = 1.4531413985433765e-16,  Error =8.13594169812859e-08
Completed 12 % :  mod = 1.4757251399789785e-16,  Error =8.295408093772494e-08
Completed 13 % :  mod = 1.4937304770491544e-16,  Error =8.454943412061766e-08
Completed 13 % :  mod = 1.5070915139613687e-16,  Error =8.614477309265567e-08
Completed 13 % :  mod = 1.5157667303847744e-16,  Error =8.77400410104201e-08
Completed 13 % :  mod = 1.5197284230066813e-16,  Error =8.933478312656007e-08
Completed 14 % :  mod = 1.518967520757697e-16,  Error =9.093034236684616e-08
Completed 14 % :  mod = 1.513483871126396e-16,  Error =9.252561739003795e-08
Completed 14 % :  mod = 1.503294447858948e-16,  Error =9.412124057917026e-08
Completed 14 % :  mod = 1.4884378652973104e-16,  Error =9.571630954496868e-08
Completed 15 % :  mod = 1.4689484643616015e-16,  Error =9.731176220384441e-08
Completed 15 % :  mod = 1.444891745865614e-16,  Error =9.890706564874563e-08
Completed 15 % :  mod = 1.4163425784435782e-16,  Error =1.0050283805185245e-07
Completed 15 % :  mod = 1.3834038447521317e-16,  Error =1.0209782175252258e-07
Completed 16 % :  mod = 1.3461514458503066e-16,  Error =1.0369302572144079e-07
Completed 16 % :  mod = 1.3047136004199154e-16,  Error =1.0528829363920522e-07
Completed 16 % :  mod = 1.259219177513527e-16,  Error =1.0688425078342334e-07
Completed 16 % :  mod = 1.2098095309240937e-16,  Error =1.0847928422208497e-07
Completed 17 % :  mod = 1.1566603982746792e-16,  Error =1.1007378475369478e-07
Completed 17 % :  mod = 1.099894425634707e-16,  Error =1.1166888924662999e-07
Completed 17 % :  mod = 1.0397086112369354e-16,  Error =1.1326449822490758e-07
Completed 17 % :  mod = 9.76290137782179e-17,  Error =1.1486014273032197e-07
Completed 18 % :  mod = 9.098634338462842e-17,  Error =1.1645497011159023e-07
Completed 18 % :  mod = 8.405816922447199e-17,  Error =1.1805065724956876e-07
Completed 18 % :  mod = 7.686864321387638e-17,  Error =1.196461241192992e-07
Completed 18 % :  mod = 6.944011959870308e-17,  Error =1.212418823115513e-07
Completed 19 % :  mod = 6.179879441346985e-17,  Error =1.2283686601222144e-07
Completed 19 % :  mod = 5.396230413111327e-17,  Error =1.2443197050515664e-07
Completed 19 % :  mod = 4.595803484055861e-17,  Error =1.2602775001369082e-07
Completed 19 % :  mod = 3.781087025428178e-17,  Error =1.2762299661517318e-07
Completed 20 % :  mod = 2.9546145932168297e-17,  Error =1.2921852743374984e-07
Completed 20 % :  mod = 2.1192922021606862e-17,  Error =1.3081373140266805e-07
Completed 20 % :  mod = 1.277046759156932e-17,  Error =1.3240917695611643e-07
Completed 20 % :  mod = 4.3083102498880346e-18,  Error =1.3400460119328272e-07
Completed 21 % :  mod = 4.167243178415971e-18,  Error =1.3559965594822643e-07
Completed 21 % :  mod = 1.2626455550321415e-17,  Error =1.371946325434692e-07
Completed 21 % :  mod = 2.1049804576191433e-17,  Error =1.3878967308755819e-07
Completed 21 % :  mod = 2.940770603802049e-17,  Error =1.4038475626421132e-07
Completed 22 % :  mod = 3.767417503914221e-17,  Error =1.4198010234167668e-07
Completed 22 % :  mod = 4.582026108529785e-17,  Error =1.4357517841290246e-07
Completed 22 % :  mod = 5.3827176836824797e-17,  Error =1.4517060975549612e-07
Completed 22 % :  mod = 6.166673585585637e-17,  Error =1.4676589188411526e-07
Completed 23 % :  mod = 6.931455471909088e-17,  Error =1.483614937569655e-07
Completed 23 % :  mod = 7.674393136427086e-17,  Error =1.499559303397291e-07
Completed 23 % :  mod = 8.393772200791207e-17,  Error =1.5155104193809166e-07
Completed 23 % :  mod = 9.087052827610122e-17,  Error =1.5314636669927495e-07
Completed 24 % :  mod = 9.752080459542313e-17,  Error =1.5474149961391959e-07
Completed 24 % :  mod = 1.038678700546967e-16,  Error =1.5633699490535946e-07
Completed 24 % :  mod = 1.0988963660512128e-16,  Error =1.5793199992231166e-07
Completed 24 % :  mod = 1.1557221976162124e-16,  Error =1.5952771548199962e-07
Completed 25 % :  mod = 1.2089546511347535e-16,  Error =1.6112338840912344e-07
Completed 25 % :  mod = 1.2584281793319308e-16,  Error =1.627187842245803e-07
Completed 25 % :  mod = 1.3039715625417882e-16,  Error =1.6431398819349852e-07
Completed 25 % :  mod = 1.345479694025816e-16,  Error =1.6590965401519497e-07
Completed 26 % :  mod = 1.3828044252193178e-16,  Error =1.6750523457176314e-07
Completed 26 % :  mod = 1.4158297642039108e-16,  Error =1.6910070144149358e-07
Completed 26 % :  mod = 1.4444424192889238e-16,  Error =1.706952019731034e-07
Completed 26 % :  mod = 1.468576354578105e-16,  Error =1.7229068305368855e-07
Completed 27 % :  mod = 1.4881442223837087e-16,  Error =1.7388619255598314e-07
Completed 27 % :  mod = 1.5030851510014445e-16,  Error =1.7548222075447484e-07
Completed 27 % :  mod = 1.51334948994902e-16,  Error =1.7707715471715346e-07
Completed 27 % :  mod = 1.5189136004724798e-16,  Error =1.7867219526124245e-07
Completed 28 % :  mod = 1.5197551021663755e-16,  Error =1.8026754133870782e-07
Completed 28 % :  mod = 1.5158713413319045e-16,  Error =1.81863420323225e-07
Completed 28 % :  mod = 1.507274466150338e-16,  Error =1.8345909325034881e-07
Completed 28 % :  mod = 1.493997418055595e-16,  Error =1.8505429011383967e-07
Completed 29 % :  mod = 1.4760707975604613e-16,  Error =1.8664971435100597e-07
Completed 29 % :  mod = 1.453554821345579e-16,  Error =1.8824520964244584e-07
Completed 29 % :  mod = 1.4265194368375216e-16,  Error =1.8984044913850084e-07
Completed 29 % :  mod = 1.3950621613926785e-16,  Error =1.9143498519724744e-07
Completed 30 % :  mod = 1.3592556762695477e-16,  Error =1.930301820607383e-07
Completed 30 % :  mod = 1.3192229837422035e-16,  Error =1.9462542866222066e-07
Completed 30 % :  mod = 1.2750885300318773e-16,  Error =1.962205615768653e-07
Completed 30 % :  mod = 1.2270096774613133e-16,  Error =1.9781594318146745e-07
Completed 31 % :  mod = 1.1750972940819878e-16,  Error =1.9941136741863374e-07
Completed 31 % :  mod = 1.119531260657858e-16,  Error =2.0100687692092833e-07
Completed 31 % :  mod = 1.0604844331215291e-16,  Error =2.0260214483869277e-07
Completed 31 % :  mod = 9.98165938758479e-17,  Error =2.041966098431658e-07
Completed 32 % :  mod = 9.327195798162727e-17,  Error =2.0579229698114432e-07
Completed 32 % :  mod = 8.643732533424625e-17,  Error =2.0738791306484927e-07
Completed 32 % :  mod = 7.933393694955823e-17,  Error =2.0898306019034862e-07
Completed 32 % :  mod = 7.198388211713477e-17,  Error =2.105784560058055e-07
Completed 33 % :  mod = 6.441309718848004e-17,  Error =2.121729920645521e-07
Completed 33 % :  mod = 5.663904229196382e-17,  Error =2.1376813208462409e-07
Completed 33 % :  mod = 4.8688884934034477e-17,  Error =2.1536337158067909e-07
Completed 33 % :  mod = 4.05873488194182e-17,  Error =2.1695898055895668e-07
Completed 34 % :  mod = 3.236293657577082e-17,  Error =2.1855387188907116e-07
Completed 34 % :  mod = 2.403462563919947e-17,  Error =2.201495732379044e-07
Completed 34 % :  mod = 1.5631590928402835e-17,  Error =2.217452177433188e-07
Completed 34 % :  mod = 7.179950878017432e-18,  Error =2.233408764595879e-07
Completed 35 % :  mod = 1.2906156334698564e-18,  Error =2.2493563989200993e-07
Completed 35 % :  mod = 9.760561087413482e-18,  Error =2.2653137676797996e-07
Completed 35 % :  mod = 1.8200162454561366e-17,  Error =2.2812648836634253e-07
Completed 35 % :  mod = 2.6583176964691168e-17,  Error =2.2972195523607297e-07
Completed 36 % :  mod = 3.488353472832857e-17,  Error =2.3131745052751285e-07
Completed 36 % :  mod = 4.30721764252655e-17,  Error =2.3291225659249903e-07
Completed 36 % :  mod = 5.113020754425122e-17,  Error =2.3450769504052005e-07
Completed 36 % :  mod = 5.902925946088913e-17,  Error =2.3610306953969484e-07
Completed 37 % :  mod = 6.674478233347807e-17,  Error =2.3769861456912622e-07
Completed 37 % :  mod = 7.424981379636156e-17,  Error =2.392935414263775e-07
Completed 37 % :  mod = 8.152703847777703e-17,  Error =2.4088871697358627e-07
Completed 37 % :  mod = 8.855078312135387e-17,  Error =2.4248414121075257e-07
Completed 38 % :  mod = 9.529920374827095e-17,  Error =2.4407925280911513e-07
Completed 38 % :  mod = 1.0174879188551951e-16,  Error =2.4567444256717863e-07
Completed 38 % :  mod = 1.0788467570456524e-16,  Error =2.4726973180122513e-07
Completed 38 % :  mod = 1.1368512093141573e-16,  Error =2.4886525551437444e-07
Completed 39 % :  mod = 1.19132095597404e-16,  Error =2.5046086449265204e-07
Completed 39 % :  mod = 1.242067098441703e-16,  Error =2.520558552987495e-07
Completed 39 % :  mod = 1.2889724805420505e-16,  Error =2.5365137190647147e-07
Completed 39 % :  mod = 1.331870175159518e-16,  Error =2.5524671798393683e-07
Completed 40 % :  mod = 1.3706268635268288e-16,  Error =2.5684208537768427e-07
Completed 40 % :  mod = 1.4051219654581395e-16,  Error =2.5843732487373927e-07
Completed 40 % :  mod = 1.435237049369248e-16,  Error =2.600321451495802e-07
Completed 40 % :  mod = 1.4609026925762817e-16,  Error =2.6162752675418233e-07
Completed 41 % :  mod = 1.482026069904876e-16,  Error =2.6322283019908355e-07
Completed 41 % :  mod = 1.4985415187240307e-16,  Error =2.6481801995714704e-07
Completed 41 % :  mod = 1.5103939146837494e-16,  Error =2.664124139073465e-07
Completed 41 % :  mod = 1.5175558465694957e-16,  Error =2.6800811525617974e-07
Completed 42 % :  mod = 1.5199993944506566e-16,  Error =2.696035963367649e-07
Completed 42 % :  mod = 1.5177169916925787e-16,  Error =2.7119879320025575e-07
Completed 42 % :  mod = 1.510719418526595e-16,  Error =2.7279368453037023e-07
Completed 42 % :  mod = 1.4990228571904268e-16,  Error =2.74389833521127e-07
Completed 43 % :  mod = 1.4826655508287316e-16,  Error =2.759850090683358e-07
Completed 43 % :  mod = 1.4616983167654537e-16,  Error =2.7758026988067286e-07
Completed 43 % :  mod = 1.4361974918804105e-16,  Error =2.791749338371119e-07
Completed 43 % :  mod = 1.4062219492027368e-16,  Error =2.8077046465568856e-07
Completed 44 % :  mod = 1.3718741521118974e-16,  Error =2.8236629390221424e-07
Completed 44 % :  mod = 1.333260910821476e-16,  Error =2.839619952510475e-07
Completed 44 % :  mod = 1.2905023071409972e-16,  Error =2.855574336990685e-07
Completed 44 % :  mod = 1.2437507925253059e-16,  Error =2.871521189717896e-07
Completed 45 % :  mod = 1.193114243733988e-16,  Error =2.887474934709644e-07
Completed 45 % :  mod = 1.1387680757896692e-16,  Error =2.9034265480731847e-07
Completed 45 % :  mod = 1.0808812341286086e-16,  Error =2.919383206290149e-07
Completed 45 % :  mod = 1.0196589153774107e-16,  Error =2.9353280694977e-07
Completed 46 % :  mod = 9.552423978487965e-17,  Error =2.951283519792014e-07
Completed 46 % :  mod = 8.878558288772042e-17,  Error =2.9672366252953e-07
Completed 46 % :  mod = 8.177087312438418e-17,  Error =2.983190796612689e-07
Completed 46 % :  mod = 7.450488595008419e-17,  Error =2.9991419836505884e-07
Completed 47 % :  mod = 6.700438154329563e-17,  Error =3.015097931324817e-07
Completed 47 % :  mod = 5.929554647765797e-17,  Error =3.0310496157426314e-07
Completed 47 % :  mod = 5.1402351465046025e-17,  Error =3.0470080503164354e-07
Completed 47 % :  mod = 4.335259132500522e-17,  Error =3.062954831989373e-07
Completed 48 % :  mod = 3.516484132876863e-17,  Error =3.0789106375550546e-07
Completed 48 % :  mod = 2.6867757907887227e-17,  Error =3.0948643825468025e-07
Completed 48 % :  mod = 1.848713281235436e-17,  Error =3.110817559104362e-07
Completed 48 % :  mod = 1.0049029676090964e-17,  Error =3.126773790995685e-07
Completed 49 % :  mod = 1.5830820894453835e-18,  Error =3.1427180857690473e-07
Completed 49 % :  mod = 6.8911833669460886e-18,  Error =3.158671191272333e-07
Completed 49 % :  mod = 1.5344018796714208e-17,  Error =3.174628986357675e-07
Completed 49 % :  mod = 2.3749144723496953e-17,  Error =3.19058287345797e-07
Completed 50 % :  mod = 3.2077110570656504e-17,  Error =3.206532781518945e-07
Completed 50 % :  mod = 4.030869653816625e-17,  Error =3.222488018650438e-07
Completed 50 % :  mod = 4.841495228686381e-17,  Error =3.238440271502441e-07
Completed 50 % :  mod = 5.637068003413445e-17,  Error =3.254392666462991e-07
Completed 51 % :  mod = 6.41480563710028e-17,  Error =3.270341153438494e-07
Completed 51 % :  mod = 7.172913907789836e-17,  Error =3.2862981669268265e-07
Completed 51 % :  mod = 7.908720587833743e-17,  Error =3.302253190895499e-07
Completed 51 % :  mod = 8.619937235538465e-17,  Error =3.318205870073143e-07
Completed 52 % :  mod = 9.304352755767617e-17,  Error =3.334158762413608e-07
Completed 52 % :  mod = 9.959582810745272e-17,  Error =3.3501073914976587e-07
Completed 52 % :  mod = 1.058411497309968e-16,  Error =3.3660598575124823e-07
Completed 52 % :  mod = 1.1175738923176282e-16,  Error =3.382010262953372e-07
Completed 53 % :  mod = 1.1732615471411974e-16,  Error =3.397964505325035e-07
Completed 53 % :  mod = 1.2252811269240553e-16,  Error =3.413911855432161e-07
Completed 53 % :  mod = 1.2735126723828056e-16,  Error =3.4298677320521165e-07
Completed 53 % :  mod = 1.3177846365981626e-16,  Error =3.445823750780619e-07
Completed 54 % :  mod = 1.3579592955490999e-16,  Error =3.4617796984548477e-07
Completed 54 % :  mod = 1.3938982469264886e-16,  Error =3.4777269775077e-07
Completed 54 % :  mod = 1.4255185953422297e-16,  Error =3.493679088251156e-07
Completed 54 % :  mod = 1.4527066810102797e-16,  Error =3.5096316963745267e-07
Completed 55 % :  mod = 1.4753780415522663e-16,  Error =3.5255872887773876e-07
Completed 55 % :  mod = 1.4934558716973506e-16,  Error =3.541534425721693e-07
Completed 55 % :  mod = 1.5068983621184587e-16,  Error =3.557490799721563e-07
Completed 55 % :  mod = 1.515655650885254e-16,  Error =3.5734428394107454e-07
Completed 56 % :  mod = 1.5197004751587225e-16,  Error =3.5893937422315503e-07
Completed 56 % :  mod = 1.5190201682187465e-16,  Error =3.605353526836552e-07
Completed 56 % :  mod = 1.5136200752030468e-16,  Error =3.6213003085094897e-07
Completed 56 % :  mod = 1.5035126131265936e-16,  Error =3.6372509271132003e-07
Completed 57 % :  mod = 1.488730339301309e-16,  Error =3.653208437981448e-07
Completed 57 % :  mod = 1.46931936491044e-16,  Error =3.6691611882133657e-07
Completed 57 % :  mod = 1.4453505085051421e-16,  Error =3.6851123041969913e-07
Completed 57 % :  mod = 1.4168789792214247e-16,  Error =3.7010686781968616e-07
Completed 58 % :  mod = 1.3840021801613552e-16,  Error =3.717023346894166e-07
Completed 58 % :  mod = 1.3468222536549232e-16,  Error =3.7329783708628383e-07
Completed 58 % :  mod = 1.3054721147018689e-16,  Error =3.7489203208451727e-07
Completed 58 % :  mod = 1.260047347640888e-16,  Error =3.7648735684570056e-07
Completed 59 % :  mod = 1.2107048283091268e-16,  Error =3.780828450317131e-07
Completed 59 % :  mod = 1.1575979087543225e-16,  Error =3.7967843979913596e-07
Completed 59 % :  mod = 1.1009152926556409e-16,  Error =3.8127326007497686e-07
Completed 59 % :  mod = 1.0407876445645682e-16,  Error =3.828688974749639e-07
Completed 60 % :  mod = 9.774238978961262e-17,  Error =3.8446409433845474e-07
Completed 60 % :  mod = 9.110212230400381e-17,  Error =3.860595398919031e-07
Completed 60 % :  mod = 8.41785979328657e-17,  Error =3.876551630810354e-07
Completed 60 % :  mod = 7.699626601545504e-17,  Error =3.892498057211924e-07
Completed 61 % :  mod = 6.957171917447417e-17,  Error =3.908455425971624e-07
Completed 61 % :  mod = 6.193085870964882e-17,  Error =3.9244117999714945e-07
Completed 61 % :  mod = 5.409743494091935e-17,  Error =3.9403693818940155e-07
Completed 61 % :  mod = 4.6099062931144306e-17,  Error =3.956319147846443e-07
Completed 62 % :  mod = 3.79541810014666e-17,  Error =3.9722714717527197e-07
Completed 62 % :  mod = 2.9691283869627464e-17,  Error =3.9882213798136945e-07
Completed 62 % :  mod = 2.1336081653233532e-17,  Error =4.0041754800768103e-07
Completed 62 % :  mod = 1.2917923650996379e-17,  Error =4.020125246029238e-07
Completed 63 % :  mod = 4.456228082892051e-18,  Error =4.0360816200291083e-07
Completed 63 % :  mod = 4.0193123690160954e-18,  Error =4.0520389887888086e-07
Completed 63 % :  mod = 1.2482362341975902e-17,  Error =4.0679924495634623e-07
Completed 63 % :  mod = 2.090324130313926e-17,  Error =4.083940012833409e-07
Completed 64 % :  mod = 2.9262504200859003e-17,  Error =4.099893118336695e-07
Completed 64 % :  mod = 3.753079031099135e-17,  Error =4.115845797514339e-07
Completed 64 % :  mod = 4.5682388637050253e-17,  Error =4.131800253048823e-07
Completed 64 % :  mod = 5.369194081998456e-17,  Error =4.147756484940146e-07
Completed 65 % :  mod = 6.153145134555272e-17,  Error =4.163704687698555e-07
Completed 65 % :  mod = 6.918282967036062e-17,  Error =4.1796587169073973e-07
Completed 65 % :  mod = 7.661909357641709e-17,  Error =4.1956135987675225e-07
Completed 65 % :  mod = 8.381714114998444e-17,  Error =4.211568054302006e-07
Completed 66 % :  mod = 9.075185774009949e-17,  Error =4.22752052031683e-07
Completed 66 % :  mod = 9.740723683322266e-17,  Error =4.243474762688493e-07
Completed 66 % :  mod = 1.0375976618233366e-16,  Error =4.2594302129828066e-07
Completed 66 % :  mod = 1.0978968733773073e-16,  Error =4.275383531648913e-07
Completed 67 % :  mod = 1.1547603308034325e-16,  Error =4.291333439709888e-07
Completed 67 % :  mod = 1.2080569911150958e-16,  Error =4.307285692561891e-07
Completed 67 % :  mod = 1.2575975540291144e-16,  Error =4.323240361259195e-07
Completed 67 % :  mod = 1.303227922518212e-16,  Error =4.3391943904680375e-07
Completed 68 % :  mod = 1.34480636849021e-16,  Error =4.355146359102946e-07
Completed 68 % :  mod = 1.382189348191484e-16,  Error =4.3710902986049405e-07
Completed 68 % :  mod = 1.415290602193782e-16,  Error =4.3870443278137827e-07
Completed 68 % :  mod = 1.4439915169331665e-16,  Error =4.403001696573483e-07
Completed 69 % :  mod = 1.4682027289861362e-16,  Error =4.418957288976344e-07
Completed 69 % :  mod = 1.487841995920288e-16,  Error =4.434904354866376e-07
Completed 69 % :  mod = 1.5028641676328495e-16,  Error =4.450855897175643e-07
Completed 69 % :  mod = 1.5132135898612442e-16,  Error =4.46681617916056e-07
Completed 70 % :  mod = 1.5188580930344623e-16,  Error =4.4827672951441855e-07
Completed 70 % :  mod = 1.5197808435100503e-16,  Error =4.4987154979025945e-07
Completed 70 % :  mod = 1.5159795525826508e-16,  Error =4.5146712324140026e-07
Completed 70 % :  mod = 1.5074647471595345e-16,  Error =4.5306275353595993e-07
Completed 71 % :  mod = 1.4942630262672737e-16,  Error =4.546579646103055e-07
Completed 71 % :  mod = 1.4764233424545192e-16,  Error =4.5625304778695863e-07
Completed 71 % :  mod = 1.4539868975875824e-16,  Error =4.5784826596673156e-07
Completed 71 % :  mod = 1.4270297943507697e-16,  Error =4.594439815264195e-07
Completed 72 % :  mod = 1.3956356679418405e-16,  Error =4.61040144728031e-07
Completed 72 % :  mod = 1.3599022161459556e-16,  Error =4.6263556185976995e-07
Completed 72 % :  mod = 1.3199574947937443e-16,  Error =4.6423033239761935e-07
Completed 72 % :  mod = 1.2758934879202862e-16,  Error =4.6582557189367435e-07
Completed 73 % :  mod = 1.227862481027316e-16,  Error =4.6742069770289163e-07
Completed 73 % :  mod = 1.1760139022245397e-16,  Error =4.6901588746095513e-07
Completed 73 % :  mod = 1.1205317335407893e-16,  Error =4.70610608260813e-07
Completed 73 % :  mod = 1.061544089226325e-16,  Error =4.7220609644682554e-07
Completed 74 % :  mod = 9.99255977207174e-17,  Error =4.7380179069023143e-07
Completed 74 % :  mod = 9.33860881232467e-17,  Error =4.7539678860175627e-07
Completed 74 % :  mod = 8.655901621685714e-17,  Error =4.76991765196999e-07
Completed 74 % :  mod = 7.946014248055486e-17,  Error =4.785868910062163e-07
Completed 75 % :  mod = 7.211419883917336e-17,  Error =4.8018232234881e-07
Completed 75 % :  mod = 6.454403786319444e-17,  Error =4.817773913146084e-07
Completed 75 % :  mod = 5.677635902993614e-17,  Error =4.833723892261332e-07
Completed 75 % :  mod = 4.882906051160136e-17,  Error =4.84967742409026e-07
Completed 76 % :  mod = 4.072994581313197e-17,  Error =4.86563301649312e-07
Completed 76 % :  mod = 3.250420299777051e-17,  Error =4.881589745764359e-07
Completed 76 % :  mod = 2.4177387603746655e-17,  Error =4.897542140724909e-07
Completed 76 % :  mod = 1.577878342740722e-17,  Error =4.913487714475195e-07
Completed 77 % :  mod = 7.327774464130405e-18,  Error =4.929441459466943e-07
Completed 77 % :  mod = 1.1460279779131905e-18,  Error =4.94539776241254e-07
Completed 77 % :  mod = 9.616265323215471e-18,  Error =4.961351436350014e-07
Completed 77 % :  mod = 1.8053219970897126e-17,  Error =4.977296370611839e-07
Completed 78 % :  mod = 2.6437446300624318e-17,  Error =4.993247912921106e-07
Completed 78 % :  mod = 3.4739471453581477e-17,  Error =5.009200521044477e-07
Completed 78 % :  mod = 4.293347684810414e-17,  Error =5.025156184501611e-07
Completed 78 % :  mod = 5.0990804656774035e-17,  Error =5.04110438726002e-07
Completed 79 % :  mod = 5.889284926116938e-17,  Error =5.057062182345362e-07
Completed 79 % :  mod = 6.661177556838867e-17,  Error =5.073019337942242e-07
Completed 79 % :  mod = 7.41236048532449e-17,  Error =5.088972656608348e-07
Completed 79 % :  mod = 8.140209351833514e-17,  Error =5.104924554188983e-07
Completed 80 % :  mod = 8.843044400696026e-17,  Error =5.120878228126458e-07
Completed 80 % :  mod = 9.518385811644017e-17,  Error =5.136829344110083e-07
Completed 80 % :  mod = 1.0164132173690326e-16,  Error =5.152784083861661e-07
Completed 80 % :  mod = 1.0778275283593193e-16,  Error =5.168738397287598e-07
Completed 81 % :  mod = 1.1358682033838358e-16,  Error =5.184683118386602e-07
Completed 81 % :  mod = 1.1904011399216752e-16,  Error =5.200635797564246e-07
Completed 81 % :  mod = 1.2412328237214215e-16,  Error =5.2165892583389e-07
Completed 81 % :  mod = 1.2882054085596722e-16,  Error =5.232545987610138e-07
Completed 82 % :  mod = 1.3311562319539083e-16,  Error =5.248494545639915e-07
Completed 82 % :  mod = 1.3699862136933701e-16,  Error =5.264449001174398e-07
Completed 82 % :  mod = 1.4045567782779883e-16,  Error =5.280403243546061e-07
Completed 82 % :  mod = 1.4347602045615294e-16,  Error =5.296356562212168e-07
Completed 83 % :  mod = 1.46049319371211e-16,  Error =5.312305120241945e-07
Completed 83 % :  mod = 1.481696591976175e-16,  Error =5.328261707404636e-07
Completed 83 % :  mod = 1.498292971112486e-16,  Error =5.344220568304081e-07
Completed 83 % :  mod = 1.5102307998368327e-16,  Error =5.360172465884716e-07
Completed 84 % :  mod = 1.5174731688332952e-16,  Error =5.376125358225181e-07
Completed 84 % :  mod = 1.5199972184486577e-16,  Error =5.392072495169487e-07
Completed 84 % :  mod = 1.517797211668384e-16,  Error =5.408027590192432e-07
Completed 84 % :  mod = 1.510878242374084e-16,  Error =5.423983040486746e-07
Completed 85 % :  mod = 1.4992615117218455e-16,  Error =5.439936217044306e-07
Completed 85 % :  mod = 1.4829907113916231e-16,  Error =5.455883425042884e-07
Completed 85 % :  mod = 1.4621035959745256e-16,  Error =5.471835962111982e-07
Completed 85 % :  mod = 1.4366703455416734e-16,  Error =5.487793401925956e-07
Completed 86 % :  mod = 1.4067701859011731e-16,  Error =5.503746791646336e-07
Completed 86 % :  mod = 1.3725108857621435e-16,  Error =5.519697552358593e-07
Completed 86 % :  mod = 1.3339711043139715e-16,  Error =5.535650799970426e-07
Completed 86 % :  mod = 1.2912837255371244e-16,  Error =5.551603763365165e-07
Completed 87 % :  mod = 1.2445816509896575e-16,  Error =5.567557153085545e-07
Completed 87 % :  mod = 1.1940307608866726e-16,  Error =5.583506776929426e-07
Completed 87 % :  mod = 1.1397478748441534e-16,  Error =5.599456258664759e-07
Completed 87 % :  mod = 1.0819214504550337e-16,  Error =5.615408582571035e-07
Completed 88 % :  mod = 1.020730930077546e-16,  Error =5.631361545965774e-07
Completed 88 % :  mod = 9.563667844554398e-17,  Error =5.647317351531456e-07
Completed 88 % :  mod = 8.890568356730246e-17,  Error =5.663266477995421e-07
Completed 88 % :  mod = 8.189560425763772e-17,  Error =5.679220009824348e-07
Completed 89 % :  mod = 7.463089843780537e-17,  Error =5.695177947018237e-07
Completed 89 % :  mod = 6.713416602630883e-17,  Error =5.711132118335627e-07
Completed 89 % :  mod = 5.94318089739396e-17,  Error =5.727081884288054e-07
Completed 89 % :  mod = 5.154162107304701e-17,  Error =5.74303577138835e-07
Completed 90 % :  mod = 4.349119298466157e-17,  Error =5.758990795357022e-07
Completed 90 % :  mod = 3.530552096952129e-17,  Error =5.77494454034877e-07
Completed 90 % :  mod = 2.701342761908269e-17,  Error =5.790893666812735e-07
Completed 90 % :  mod = 1.8634049550022034e-17,  Error =5.806851675060898e-07
Completed 91 % :  mod = 1.0196715329836794e-17,  Error =5.822802506827429e-07
Completed 91 % :  mod = 1.7276862886143005e-18,  Error =5.838756251819177e-07
Completed 91 % :  mod = 6.743307978647254e-18,  Error =5.854704596686133e-07
Completed 91 % :  mod = 1.5196752213346213e-17,  Error =5.87065812851506e-07
Completed 92 % :  mod = 2.360293558714453e-17,  Error =5.886612939320912e-07
Completed 92 % :  mod = 3.19357219844201e-17,  Error =5.902562136839151e-07
Completed 92 % :  mod = 4.016923357669708e-17,  Error =5.918515384450984e-07
Completed 92 % :  mod = 4.827461602946294e-17,  Error =5.934461242418365e-07
Completed 93 % :  mod = 5.62331731997176e-17,  Error =5.950415840061396e-07
Completed 93 % :  mod = 6.401691200306256e-17,  Error =5.966369940324512e-07
Completed 93 % :  mod = 7.160159697812821e-17,  Error =5.982322619502156e-07
Completed 93 % :  mod = 7.896074697157942e-17,  Error =5.998271959128942e-07
Completed 94 % :  mod = 8.607741191529165e-17,  Error =6.014228617345907e-07
Completed 94 % :  mod = 9.292643062939224e-17,  Error =6.030182646554749e-07
Completed 94 % :  mod = 9.948651686158808e-17,  Error =6.046136462600771e-07
Completed 94 % :  mod = 1.0573485800456072e-16,  Error =6.062078838908747e-07
Completed 95 % :  mod = 1.1165700150694883e-16,  Error =6.078031518086391e-07
Completed 95 % :  mod = 1.1723197373903205e-16,  Error =6.093983557775573e-07
Completed 95 % :  mod = 1.2244246904842e-16,  Error =6.109935739573302e-07
Completed 95 % :  mod = 1.2727039027427365e-16,  Error =6.125883942331711e-07
Completed 96 % :  mod = 1.3170461116526994e-16,  Error =6.141839179463204e-07
Completed 96 % :  mod = 1.3572935702523595e-16,  Error =6.157791219152386e-07
Completed 96 % :  mod = 1.3933207647405075e-16,  Error =6.173739492965069e-07
Completed 96 % :  mod = 1.4250158272111018e-16,  Error =6.189691958979893e-07
Completed 97 % :  mod = 1.4522704207853404e-16,  Error =6.205640303846849e-07
Completed 97 % :  mod = 1.4750212604594963e-16,  Error =6.221591277721927e-07
Completed 97 % :  mod = 1.493185960595523e-16,  Error =6.237544951659402e-07
Completed 97 % :  mod = 1.5067082511982757e-16,  Error =6.253498625596876e-07
Completed 98 % :  mod = 1.5155430710868977e-16,  Error =6.269448391549304e-07
Completed 98 % :  mod = 1.5196702639378126e-16,  Error =6.285400218075665e-07
Completed 98 % :  mod = 1.519072661100419e-16,  Error =6.301355455207158e-07
Completed 98 % :  mod = 1.5137517251334377e-16,  Error =6.31731026601301e-07
Completed 99 % :  mod = 1.5037292388043241e-16,  Error =6.333255555546202e-07
Completed 99 % :  mod = 1.4890284148690183e-16,  Error =6.349204966227262e-07
Completed 99 % :  mod = 1.4696977018129852e-16,  Error =6.365154092691228e-07
Completed 99 % :  mod = 1.4457974729641957e-16,  Error =6.381108761388532e-07
Completed 100 % :  mod = 1.4174143739408512e-16,  Error =6.39705554306147e-07
Finished 1/31 frames
Finished all frames!
