/opt/local/miniconda_23_9/lib/python3.11/site-packages/conda/base/context.py:201: FutureWarning: Adding 'defaults' to channel list implicitly is deprecated and will be removed in 25.3. 

To remove this warning, please choose a default channel explicitly with conda's regular configuration system, e.g. by adding 'defaults' to the list of channels:

  conda config --add channels defaults

For more information see https://docs.conda.io/projects/conda/en/stable/user-guide/configuration/use-condarc.html

  deprecated.topic(
JOB 14476 ARRAY_ID 4  -> i=4 ; range=[1.9e-10, 5.0e-10] ; intervals=30 (frames=31)
Analytic t0 extension enabled (--extend-time-using-t0).
Completed 0 % :  mod = 1.84000000054518e-16,  Error =-1.4210854715202004e-14
Completed 0 % :  mod = 1.8467870050634685e-16,  Error =3.0451374755102734e-09
Completed 0 % :  mod = 1.867185782515224e-16,  Error =6.0887828112754505e-09
Completed 0 % :  mod = 1.901346700377136e-16,  Error =9.13259867729721e-09
Completed 0 % :  mod = 1.9495215146875502e-16,  Error =1.2176670338703843e-08
Completed 1 % :  mod = 2.0120653211587385e-16,  Error =1.522064252412747e-08
Completed 1 % :  mod = 2.0894391111649918e-16,  Error =1.8264735501816176e-08
Completed 1 % :  mod = 2.1822131192391616e-16,  Error =2.1308764530658664e-08
Completed 1 % :  mod = 2.291071208163882e-16,  Error =2.4352601712962496e-08
Completed 2 % :  mod = 2.416815680577796e-16,  Error =2.7396808377488924e-08
Completed 2 % :  mod = 2.560373308088244e-16,  Error =3.044061003265597e-08
Completed 2 % :  mod = 2.7228022268556466e-16,  Error =3.3484610639789025e-08
Completed 2 % :  mod = 2.9053867118121865e-16,  Error =3.6529961278120027e-08
Completed 3 % :  mod = 3.109307662026969e-16,  Error =3.957438110546718e-08
Completed 3 % :  mod = 3.336145803106971e-16,  Error =4.261847408315589e-08
Completed 3 % :  mod = 3.587573137454824e-16,  Error =4.566263811511817e-08
Completed 3 % :  mod = 3.865442738343225e-16,  Error =4.870698688819175e-08
Completed 4 % :  mod = 4.17180258657863e-16,  Error =5.1750816965068225e-08
Completed 4 % :  mod = 4.508910833017532e-16,  Error =5.4794895731902216e-08
Completed 4 % :  mod = 4.879252124009827e-16,  Error =5.783872580877869e-08
Completed 4 % :  mod = 5.285555981352023e-16,  Error =6.088247062052687e-08
Completed 5 % :  mod = 5.730817152998262e-16,  Error =6.392670570676273e-08
Completed 5 % :  mod = 6.218317495089449e-16,  Error =6.697063525962221e-08
Completed 5 % :  mod = 6.751650022746548e-16,  Error =7.001492718927693e-08
Completed 5 % :  mod = 7.335020665041055e-16,  Error =7.306002203222306e-08
Completed 6 % :  mod = 7.972202661137847e-16,  Error =7.610404395563819e-08
Completed 6 % :  mod = 8.66814397023173e-16,  Error =7.914839983413913e-08
Completed 6 % :  mod = 9.42797393051235e-16,  Error =8.21924643901184e-08
Completed 6 % :  mod = 1.0257292976588805e-15,  Error =8.523672789806369e-08
Completed 7 % :  mod = 1.116221367540284e-15,  Error =8.828090614088069e-08
Completed 7 % :  mod = 1.2149405665917555e-15,  Error =9.132475042861188e-08
Completed 7 % :  mod = 1.3226145037664073e-15,  Error =9.43684383969412e-08
Completed 7 % :  mod = 1.4400368010627386e-15,  Error =9.741236084437332e-08
Completed 8 % :  mod = 1.5680729177550278e-15,  Error =1.0045663856317333e-07
Completed 8 % :  mod = 1.7076665400016726e-15,  Error =1.0350075996257146e-07
Completed 8 % :  mod = 1.859846557700067e-15,  Error =1.0654461846115737e-07
Completed 8 % :  mod = 2.0258127509371825e-15,  Error =1.0958952145756484e-07
Completed 9 % :  mod = 2.206638550959954e-15,  Error =1.1263377786008277e-07
Completed 9 % :  mod = 2.4037284234394355e-15,  Error =1.1567823321456672e-07
Completed 9 % :  mod = 2.6185350318447223e-15,  Error =1.1872180039063096e-07
Completed 9 % :  mod = 2.8526415957840365e-15,  Error =1.217660567931489e-07
Completed 10 % :  mod = 3.1077736040889964e-15,  Error =1.2481010713827345e-07
Completed 10 % :  mod = 3.385811528580631e-15,  Error =1.2785420722138952e-07
Completed 10 % :  mod = 3.688804650548416e-15,  Error =1.3089810835253957e-07
Completed 10 % :  mod = 4.018986169617752e-15,  Error =1.3394254239074144e-07
Completed 11 % :  mod = 4.378789707554147e-15,  Error =1.369867774769773e-07
Completed 11 % :  mod = 4.77086721041623e-15,  Error =1.400309201926575e-07
Completed 11 % :  mod = 5.198309674722868e-15,  Error =1.430766047860743e-07
Completed 11 % :  mod = 5.663881734123021e-15,  Error =1.4612106724598561e-07
Completed 12 % :  mod = 6.171199558280756e-15,  Error =1.491648617957253e-07
Completed 12 % :  mod = 6.724002332886094e-15,  Error =1.5220935267734603e-07
Completed 12 % :  mod = 7.326364488867784e-15,  Error =1.5525278485029048e-07
Completed 12 % :  mod = 7.982725764670002e-15,  Error =1.5829681387913297e-07
Completed 13 % :  mod = 8.697923887279474e-15,  Error =1.613406510614368e-07
Completed 13 % :  mod = 9.477230214145602e-15,  Error =1.6438475114455287e-07
Completed 13 % :  mod = 1.0326388649495044e-14,  Error =1.6742878017339535e-07
Completed 13 % :  mod = 1.1251657949346769e-14,  Error =1.7047274525339162e-07
Completed 14 % :  mod = 1.225985781191239e-14,  Error =1.7351680270394354e-07
Completed 14 % :  mod = 1.3358419186617625e-14,  Error =1.7656088147077753e-07
Completed 14 % :  mod = 1.4556002758648962e-14,  Error =1.7960645237735662e-07
Completed 14 % :  mod = 1.586035430785333e-14,  Error =1.8265062351474626e-07
Completed 15 % :  mod = 1.7281604889669596e-14,  Error =1.856945104350416e-07
Completed 15 % :  mod = 1.8830229875586263e-14,  Error =1.8873846130418315e-07
Completed 15 % :  mod = 2.0517643448623176e-14,  Error =1.917825613872992e-07
Completed 15 % :  mod = 2.2356282697562832e-14,  Error =1.9482684621152657e-07
Completed 16 % :  mod = 2.4359699348643672e-14,  Error =1.9787112393032658e-07
Completed 16 % :  mod = 2.6542659641828782e-14,  Error =2.0091520269716057e-07
Completed 16 % :  mod = 2.8921253102368107e-14,  Error =2.0395893329805403e-07
Completed 16 % :  mod = 3.1513011182538226e-14,  Error =2.0700305469745217e-07
Completed 17 % :  mod = 3.4337036496463854e-14,  Error =2.1004725425655124e-07
Completed 17 % :  mod = 3.741414356479566e-14,  Error =2.1309131170710316e-07
Completed 17 % :  mod = 4.0768591144945953e-14,  Error =2.1613723788505013e-07
Completed 17 % :  mod = 4.4422075278567524e-14,  Error =2.191806487417125e-07
Completed 18 % :  mod = 4.8402973079618395e-14,  Error =2.222249619876493e-07
Completed 18 % :  mod = 5.2740625774974926e-14,  Error =2.2526906207076536e-07
Completed 18 % :  mod = 5.74670040656081e-14,  Error =2.283127784608041e-07
Completed 18 % :  mod = 6.261694377007412e-14,  Error =2.3135670090823623e-07
Completed 19 % :  mod = 6.822840252776488e-14,  Error =2.3440052387968535e-07
Completed 19 % :  mod = 7.434273958727015e-14,  Error =2.3744454580310048e-07
Completed 19 % :  mod = 8.100502066224127e-14,  Error =2.4048816271715623e-07
Completed 19 % :  mod = 8.826435004652685e-14,  Error =2.43532078059161e-07
Completed 20 % :  mod = 9.617423251468626e-14,  Error =2.465760076120205e-07
Completed 20 % :  mod = 1.0479296770893615e-13,  Error =2.4962059086419686e-07
Completed 20 % :  mod = 1.1418850221048295e-13,  Error =2.5266572833970713e-07
Completed 20 % :  mod = 1.2442160436383182e-13,  Error =2.557100273747892e-07
Completed 21 % :  mod = 1.3557175546562518e-13,  Error =2.587538006082468e-07
Completed 21 % :  mod = 1.4772113707206404e-13,  Error =2.6179773726653366e-07
Completed 21 % :  mod = 1.6095929532159303e-13,  Error =2.6484170234652993e-07
Completed 21 % :  mod = 1.7538380085230358e-13,  Error =2.678857811133639e-07
Completed 22 % :  mod = 1.911009678995604e-13,  Error =2.7092992382904413e-07
Completed 22 % :  mod = 2.0822663773354553e-13,  Error =2.739742228641262e-07
Completed 22 % :  mod = 2.2688703228312895e-13,  Error =2.7701801030843853e-07
Completed 22 % :  mod = 2.4721968429193716e-13,  Error =2.8006226671095646e-07
Completed 23 % :  mod = 2.6937445072379135e-13,  Error =2.8310621047467066e-07
Completed 23 % :  mod = 2.935259848600482e-13,  Error =2.8615189506808747e-07
Completed 23 % :  mod = 3.198304862919574e-13,  Error =2.8919587435893845e-07
Completed 23 % :  mod = 3.4849225448055096e-13,  Error =2.9223988207149887e-07
Completed 24 % :  mod = 3.797225268119296e-13,  Error =2.952841526848715e-07
Completed 24 % :  mod = 4.1375146753990683e-13,  Error =2.983280609214489e-07
Completed 24 % :  mod = 4.508298629704585e-13,  Error =3.0137221784798385e-07
Completed 24 % :  mod = 4.912309682392722e-13,  Error =3.044163889853735e-07
Completed 25 % :  mod = 5.352525191787786e-13,  Error =3.074605956498999e-07
Completed 25 % :  mod = 5.832189240613461e-13,  Error =3.1050449678104997e-07
Completed 25 % :  mod = 6.354836511159112e-13,  Error =3.135485187044651e-07
Completed 25 % :  mod = 6.924318291162029e-13,  Error =3.165924411518972e-07
Completed 26 % :  mod = 7.544830800341255e-13,  Error =3.1963611490937183e-07
Completed 26 % :  mod = 8.221264433095126e-13,  Error =3.226818918733443e-07
Completed 26 % :  mod = 8.957992321334818e-13,  Error =3.2572584274248584e-07
Completed 26 % :  mod = 9.760734234787666e-13,  Error =3.287699925635934e-07
Completed 27 % :  mod = 1.063540355802482e-12,  Error =3.318140215924359e-07
Completed 27 % :  mod = 1.1588442866637878e-12,  Error =3.348579653561501e-07
Completed 27 % :  mod = 1.2626871132458444e-12,  Error =3.379017741167445e-07
Completed 27 % :  mod = 1.3758335095902171e-12,  Error =3.409453626090908e-07
Completed 28 % :  mod = 1.4991165159201751e-12,  Error =3.4398928505652293e-07
Completed 28 % :  mod = 1.633443618049064e-12,  Error =3.470333496125022e-07
Completed 28 % :  mod = 1.779803357799186e-12,  Error =3.5007733600878055e-07
Completed 28 % :  mod = 1.9392725179308575e-12,  Error =3.531212371399306e-07
Completed 29 % :  mod = 2.113023927667392e-12,  Error =3.5616496774082407e-07
Completed 29 % :  mod = 2.302424084115568e-12,  Error =3.5921000574035133e-07
Completed 29 % :  mod = 2.508693744063606e-12,  Error =3.622529476388081e-07
Completed 29 % :  mod = 2.7334295406327197e-12,  Error =3.6529646507688085e-07
Completed 30 % :  mod = 2.978280777526422e-12,  Error =3.6834037331345826e-07
Completed 30 % :  mod = 3.2450429314207073e-12,  Error =3.7138388364610364e-07
Completed 30 % :  mod = 3.535670273094367e-12,  Error =3.7442733713533016e-07
Completed 30 % :  mod = 3.852289479409857e-12,  Error =3.77470101398103e-07
Completed 31 % :  mod = 4.197214284119483e-12,  Error =3.805129580314315e-07
Completed 31 % :  mod = 4.572961207683868e-12,  Error =3.835560562492901e-07
Completed 31 % :  mod = 4.9822663944207264e-12,  Error =3.8659842260813093e-07
Completed 31 % :  mod = 5.428103568197754e-12,  Error =3.8964040527389443e-07
Completed 32 % :  mod = 5.913703093400796e-12,  Error =3.926821605659825e-07
Completed 32 % :  mod = 6.442821081442057e-12,  Error =3.9572515220243076e-07
Completed 32 % :  mod = 7.0187866719326175e-12,  Error =3.987655503578935e-07
Completed 32 % :  mod = 7.645953339150983e-12,  Error =4.018055435039969e-07
Completed 33 % :  mod = 8.328788133855824e-12,  Error =4.0484496821591165e-07
Completed 33 % :  mod = 9.072122987617486e-12,  Error =4.078834550114152e-07
Completed 33 % :  mod = 9.881177116200235e-12,  Error =4.1092075520055005e-07
Completed 33 % :  mod = 1.0761578466392492e-11,  Error =4.1395754379891514e-07
Completed 34 % :  mod = 1.1719383281438017e-11,  Error =4.1699276920326156e-07
Completed 34 % :  mod = 1.2761092547560633e-11,  Error =4.2002655931128174e-07
Completed 34 % :  mod = 1.389366368480788e-11,  Error =4.230575569863504e-07
Completed 34 % :  mod = 1.512451533827101e-11,  Error =4.26086486982058e-07
Completed 35 % :  mod = 1.646215102871089e-11,  Error =4.2911344166896015e-07
Completed 35 % :  mod = 1.7913680433760948e-11,  Error =4.3213584888235346e-07
Completed 35 % :  mod = 1.948839789666474e-11,  Error =4.3515398573390485e-07
Completed 35 % :  mod = 2.1195361604748688e-11,  Error =4.381678238019049e-07
Completed 36 % :  mod = 2.3043882050250354e-11,  Error =4.4117619779626693e-07
Completed 36 % :  mod = 2.5043392051123838e-11,  Error =4.44176961877929e-07
Completed 36 % :  mod = 2.72032663310115e-11,  Error =4.471709473818919e-07
Completed 36 % :  mod = 2.9532577769153254e-11,  Error =4.501563992675983e-07
Completed 37 % :  mod = 3.20397752790955e-11,  Error =4.5313077379205424e-07
Completed 37 % :  mod = 3.4732266297987313e-11,  Error =4.560930406682928e-07
Completed 37 % :  mod = 3.7615885451444564e-11,  Error =4.590416793348595e-07
Completed 37 % :  mod = 4.0694230706160434e-11,  Error =4.6197391867508486e-07
Completed 38 % :  mod = 4.3969371122840906e-11,  Error =4.6488894156482274e-07
Completed 38 % :  mod = 4.743487347697315e-11,  Error =4.6778104945133236e-07
Completed 38 % :  mod = 5.1083530528297873e-11,  Error =4.7064897756854407e-07
Completed 38 % :  mod = 5.4900254304946276e-11,  Error =4.734899547997884e-07
Completed 39 % :  mod = 5.886211755774761e-11,  Error =4.7630050659108747e-07
Completed 39 % :  mod = 6.293693282289918e-11,  Error =4.790774781326945e-07
Completed 39 % :  mod = 6.708192765985089e-11,  Error =4.818185601607183e-07
Completed 39 % :  mod = 7.124269781534676e-11,  Error =4.845210099801989e-07
Completed 40 % :  mod = 7.535267878726389e-11,  Error =4.871825254326723e-07
Completed 40 % :  mod = 7.933342432660222e-11,  Error =4.898025665056593e-07
Completed 40 % :  mod = 8.309599781335857e-11,  Error =4.923801526501848e-07
Completed 40 % :  mod = 8.654374356487341e-11,  Error =4.949172875967633e-07
Completed 41 % :  mod = 8.9577844494907e-11,  Error =4.974183553940748e-07
Completed 41 % :  mod = 9.209778342918198e-11,  Error =4.99885622673446e-07
Completed 41 % :  mod = 9.40164610483929e-11,  Error =5.023259674885594e-07
Completed 41 % :  mod = 9.526169662933802e-11,  Error =5.047464739504903e-07
Completed 42 % :  mod = 9.578430509951066e-11,  Error =5.071561375302736e-07
Completed 42 % :  mod = 9.556300598159515e-11,  Error =5.095637050089863e-07
Completed 42 % :  mod = 9.460669979283037e-11,  Error =5.119786479212962e-07
Completed 42 % :  mod = 9.295361316191095e-11,  Error =5.144102246390503e-07
Completed 43 % :  mod = 9.066743392321485e-11,  Error =5.168657253307174e-07
Completed 43 % :  mod = 8.78311726804299e-11,  Error =5.193514311940817e-07
Completed 43 % :  mod = 8.453988768410814e-11,  Error =5.218732539447046e-07
Completed 43 % :  mod = 8.08917552503038e-11,  Error =5.244357481615225e-07
Completed 44 % :  mod = 7.698857928122367e-11,  Error =5.270380327715429e-07
Completed 44 % :  mod = 7.292107569535731e-11,  Error =5.29682573358059e-07
Completed 44 % :  mod = 6.877210987384782e-11,  Error =5.323681122604285e-07
Completed 44 % :  mod = 6.461324468852269e-11,  Error =5.350929939140769e-07
Completed 45 % :  mod = 6.050396748465176e-11,  Error =5.378558043389603e-07
Completed 45 % :  mod = 5.6491795089791657e-11,  Error =5.406528984508441e-07
Completed 45 % :  mod = 5.261305787136435e-11,  Error =5.434812990756654e-07
Completed 45 % :  mod = 4.889415545400762e-11,  Error =5.463382279913276e-07
Completed 46 % :  mod = 4.535305228593533e-11,  Error =5.492208217106054e-07
Completed 46 % :  mod = 4.200078811305876e-11,  Error =5.521256341012304e-07
Completed 46 % :  mod = 3.8842840835841326e-11,  Error =5.550502706341831e-07
Completed 46 % :  mod = 3.587898401427276e-11,  Error =5.579936228627957e-07
Completed 47 % :  mod = 3.3109504646872016e-11,  Error =5.609509585724481e-07
Completed 47 % :  mod = 3.052800947296924e-11,  Error =5.639204729845915e-07
Completed 47 % :  mod = 2.8127592426192083e-11,  Error =5.669019031984135e-07
Completed 47 % :  mod = 2.590009197588992e-11,  Error =5.698922223018599e-07
Completed 48 % :  mod = 2.383660873794085e-11,  Error =5.728907268576222e-07
Completed 48 % :  mod = 2.192788231140848e-11,  Error =5.758962444701865e-07
Completed 48 % :  mod = 2.016453828207498e-11,  Error =5.789075032680557e-07
Completed 48 % :  mod = 1.8537246391742703e-11,  Error =5.819240698201611e-07
Completed 49 % :  mod = 1.7036838418781146e-11,  Error =5.849450204209461e-07
Completed 49 % :  mod = 1.5654416430384925e-11,  Error =5.879694384702816e-07
Completed 49 % :  mod = 1.4381453697850237e-11,  Error =5.909970610673554e-07
Completed 49 % :  mod = 1.320936457624071e-11,  Error =5.940286271766126e-07
Completed 50 % :  mod = 1.2131609858582178e-11,  Error =5.970610388317255e-07
Completed 50 % :  mod = 1.1140526479976597e-11,  Error =6.000954400064984e-07
Completed 50 % :  mod = 1.0229457234342196e-11,  Error =6.031311912124693e-07
Completed 50 % :  mod = 9.392172262575812e-12,  Error =6.061679513891249e-07
Completed 51 % :  mod = 8.62285440654818e-12,  Error =6.092059976481323e-07
Completed 51 % :  mod = 7.916096333845577e-12,  Error =6.122450102452603e-07
Completed 51 % :  mod = 7.2668977449192874e-12,  Error =6.152847333851241e-07
Completed 51 % :  mod = 6.6706510239455174e-12,  Error =6.183251102243048e-07
Completed 52 % :  mod = 6.123112420833268e-12,  Error =6.213660057596826e-07
Completed 52 % :  mod = 5.6203657416671976e-12,  Error =6.244078534223263e-07
Completed 52 % :  mod = 5.15878949052002e-12,  Error =6.274500563563379e-07
Completed 52 % :  mod = 4.734851406538057e-12,  Error =6.304933179990257e-07
Completed 53 % :  mod = 4.3458436148953075e-12,  Error =6.335358762044052e-07
Completed 53 % :  mod = 3.988727916073059e-12,  Error =6.365783349338017e-07
Completed 53 % :  mod = 3.660902509861031e-12,  Error =6.396210423531556e-07
Completed 53 % :  mod = 3.3599824082928134e-12,  Error =6.426642684687067e-07
Completed 54 % :  mod = 3.0837759185690957e-12,  Error =6.45707658009087e-07
Completed 54 % :  mod = 2.8302633839011735e-12,  Error =6.487510830766041e-07
Completed 54 % :  mod = 2.5975821724673995e-12,  Error =6.517944726169844e-07
Completed 54 % :  mod = 2.3840177230560812e-12,  Error =6.548381890070232e-07
Completed 55 % :  mod = 2.187997030646804e-12,  Error =6.578814222280016e-07
Completed 55 % :  mod = 2.008080503240404e-12,  Error =6.609252665157328e-07
Completed 55 % :  mod = 1.842879119581654e-12,  Error =6.639703684641063e-07
Completed 55 % :  mod = 1.691332356546525e-12,  Error =6.670143335441026e-07
Completed 56 % :  mod = 1.5522496143434315e-12,  Error =6.700584052055092e-07
Completed 56 % :  mod = 1.4246053970978975e-12,  Error =6.731020008032829e-07
Completed 56 % :  mod = 1.307456155907362e-12,  Error =6.761462358895187e-07
Completed 56 % :  mod = 1.1999364939025854e-12,  Error =6.79190300445498e-07
Completed 57 % :  mod = 1.1012546956163873e-12,  Error =6.822344076340414e-07
Completed 57 % :  mod = 1.0106864931060672e-12,  Error =6.852780316535245e-07
Completed 57 % :  mod = 9.275676951386128e-13,  Error =6.883219185738199e-07
Completed 57 % :  mod = 8.512872950029815e-13,  Error =6.913659618135171e-07
Completed 58 % :  mod = 7.812823845912406e-13,  Error =6.944099268935133e-07
Completed 58 % :  mod = 7.170350296913374e-13,  Error =6.974540482929115e-07
Completed 58 % :  mod = 6.580446599351449e-13,  Error =7.004996902537641e-07
Completed 58 % :  mod = 6.039297035876956e-13,  Error =7.035439679725641e-07
Completed 59 % :  mod = 5.542649000060008e-13,  Error =7.065878477874321e-07
Completed 59 % :  mod = 5.086858688470606e-13,  Error =7.096320118193944e-07
Completed 59 % :  mod = 4.668575200151969e-13,  Error =7.12675984004818e-07
Completed 59 % :  mod = 4.284711748694145e-13,  Error =7.157200769825067e-07
Completed 60 % :  mod = 3.932427789619625e-13,  Error =7.187645607587001e-07
Completed 60 % :  mod = 3.609117191924955e-13,  Error =7.218087247906624e-07
Completed 60 % :  mod = 3.312395510105306e-13,  Error =7.248529172443341e-07
Completed 60 % :  mod = 3.04008228879714e-13,  Error =7.278968610080483e-07
Completed 61 % :  mod = 2.790179388615944e-13,  Error =7.309411174105662e-07
Completed 61 % :  mod = 2.560849856178005e-13,  Error =7.339855088162039e-07
Completed 61 % :  mod = 2.350310755593024e-13,  Error =7.370306462917142e-07
Completed 61 % :  mod = 2.157194243047162e-13,  Error =7.400747676911124e-07
Completed 62 % :  mod = 1.9799722393961885e-13,  Error =7.431185977679888e-07
Completed 62 % :  mod = 1.8173371925616567e-13,  Error =7.461625628479851e-07
Completed 62 % :  mod = 1.6680936048130187e-13,  Error =7.492067624070842e-07
Completed 62 % :  mod = 1.5311463380922612e-13,  Error =7.522510898638757e-07
Completed 63 % :  mod = 1.4054889706299427e-13,  Error =7.552956589051973e-07
Completed 63 % :  mod = 1.2901946835934304e-13,  Error =7.583396026689115e-07
Completed 63 % :  mod = 1.1844104613736244e-13,  Error =7.613833901132239e-07
Completed 63 % :  mod = 1.0873534170423991e-13,  Error =7.644269999218523e-07
Completed 64 % :  mod = 9.983072045849087e-14,  Error =7.674714410654815e-07
Completed 64 % :  mod = 9.166170745039902e-14,  Error =7.705151787718023e-07
Completed 64 % :  mod = 8.416512035845779e-14,  Error =7.735604796721418e-07
Completed 64 % :  mod = 7.729264752259475e-14,  Error =7.766043452761551e-07
Completed 65 % :  mod = 7.099008633997081e-14,  Error =7.796486443112371e-07
Completed 65 % :  mod = 6.521081393728967e-14,  Error =7.826928509757636e-07
Completed 65 % :  mod = 5.991205262646997e-14,  Error =7.857366384200759e-07
Completed 65 % :  mod = 5.505468059355699e-14,  Error =7.887808024520382e-07
Completed 66 % :  mod = 5.0602972328464214e-14,  Error =7.918244904203675e-07
Completed 66 % :  mod = 4.65242607034434e-14,  Error =7.948685336600647e-07
Completed 66 % :  mod = 4.278858679837318e-14,  Error =7.979121647849752e-07
Completed 66 % :  mod = 3.9368415697630595e-14,  Error =8.009559522292875e-07
Completed 67 % :  mod = 3.6238450220804484e-14,  Error =8.040004004783441e-07
Completed 67 % :  mod = 3.337428296943519e-14,  Error =8.070456445352647e-07
Completed 67 % :  mod = 3.0757344855826624e-14,  Error =8.100897730400902e-07
Completed 67 % :  mod = 2.8367033671258942e-14,  Error =8.131337381200865e-07
Completed 68 % :  mod = 2.6185810717043207e-14,  Error =8.16177788465211e-07
Completed 68 % :  mod = 2.4197660520860223e-14,  Error =8.192219169700365e-07
Completed 68 % :  mod = 2.2387934184624046e-14,  Error =8.222660028422979e-07
Completed 68 % :  mod = 2.074324587802777e-14,  Error =8.253103587207988e-07
Completed 69 % :  mod = 1.9251413624871072e-14,  Error =8.28354501436479e-07
Completed 69 % :  mod = 1.7901413185156127e-14,  Error =8.313987507335696e-07
Completed 69 % :  mod = 1.6683312274169776e-14,  Error =8.34442737129848e-07
Completed 69 % :  mod = 1.558817788992399e-14,  Error =8.374868514238187e-07
Completed 70 % :  mod = 1.460797618134005e-14,  Error =8.405311575643282e-07
Completed 70 % :  mod = 1.3735118029961602e-14,  Error =8.435765010972318e-07
Completed 70 % :  mod = 1.2963930879870628e-14,  Error =8.466204803880828e-07
Completed 70 % :  mod = 1.228827578611113e-14,  Error =8.496646586308998e-07
Completed 71 % :  mod = 1.1703153199370871e-14,  Error =8.527086876597423e-07
Completed 71 % :  mod = 1.1204260260365102e-14,  Error =8.557528090591404e-07
Completed 71 % :  mod = 1.0787948812407167e-14,  Error =8.587968665096923e-07
Completed 71 % :  mod = 1.0451177085633822e-14,  Error =8.618409523819537e-07
Completed 72 % :  mod = 1.019146861368425e-14,  Error =8.648854432635744e-07
Completed 72 % :  mod = 1.0006890326080027e-14,  Error =8.679295433466905e-07
Completed 72 % :  mod = 9.896053439460537e-15,  Error =8.709737997492084e-07
Completed 72 % :  mod = 9.858124863317944e-15,  Error =8.740175658772387e-07
Completed 73 % :  mod = 9.892831949719966e-15,  Error =8.770615878006538e-07
Completed 73 % :  mod = 1.0000520056033222e-14,  Error =8.801074216080451e-07
Completed 73 % :  mod = 1.0181910466742956e-14,  Error =8.83152054598213e-07
Completed 73 % :  mod = 1.0438378534174782e-14,  Error =8.861959983619272e-07
Completed 74 % :  mod = 1.0771796268660749e-14,  Error =8.89240212131881e-07
Completed 74 % :  mod = 1.1184591530860194e-14,  Error =8.922840564196122e-07
Completed 74 % :  mod = 1.1679788188328255e-14,  Error =8.95328390981831e-07
Completed 74 % :  mod = 1.2261042725082212e-14,  Error =8.983727255440499e-07
Completed 75 % :  mod = 1.2932668507668546e-14,  Error =9.014164845666528e-07
Completed 75 % :  mod = 1.3699647936652924e-14,  Error =9.044606628094698e-07
Completed 75 % :  mod = 1.4567643697207116e-14,  Error =9.075045568351925e-07
Completed 75 % :  mod = 1.55430297297851e-14,  Error =9.10548685340018e-07
Completed 76 % :  mod = 1.6632953411822948e-14,  Error =9.135928280556982e-07
Completed 76 % :  mod = 1.7845994797060688e-14,  Error =9.166380721126188e-07
Completed 76 % :  mod = 1.9190006919134434e-14,  Error =9.19682314304282e-07
Completed 76 % :  mod = 2.067545894138709e-14,  Error =9.227265138633811e-07
Completed 77 % :  mod = 2.2313351578851558e-14,  Error =9.257703936782491e-07
Completed 77 % :  mod = 2.4115775709034833e-14,  Error =9.288147069241859e-07
Completed 77 % :  mod = 2.609598095041235e-14,  Error =9.318587572693104e-07
Completed 77 % :  mod = 2.826849338005193e-14,  Error =9.349026512950331e-07
Completed 78 % :  mod = 3.064927180410981e-14,  Error =9.379465595316105e-07
Completed 78 % :  mod = 3.3255870657765703e-14,  Error =9.409902759216493e-07
Completed 78 % :  mod = 3.61075753615944e-14,  Error =9.440340420496796e-07
Completed 78 % :  mod = 3.922549718599886e-14,  Error =9.470784547715994e-07
Completed 79 % :  mod = 4.263426308721324e-14,  Error =9.501239404130501e-07
Completed 79 % :  mod = 4.635586597156904e-14,  Error =9.531679410201832e-07
Completed 79 % :  mod = 5.04190853841471e-14,  Error =9.562119487327436e-07
Completed 79 % :  mod = 5.485376648188517e-14,  Error =9.59255679333637e-07
Completed 80 % :  mod = 5.969259671744482e-14,  Error =9.6229943835624e-07
Completed 80 % :  mod = 6.497136558028272e-14,  Error =9.65343517123074e-07
Completed 80 % :  mod = 7.072914980683592e-14,  Error =9.683873685162325e-07
Completed 80 % :  mod = 7.700847179822358e-14,  Error =9.71430999641143e-07
Completed 81 % :  mod = 8.38555296046332e-14,  Error =9.744748226125921e-07
Completed 81 % :  mod = 9.132057418895626e-14,  Error =9.775185176863488e-07
Completed 81 % :  mod = 9.945842852212047e-14,  Error =9.805627172454479e-07
Completed 81 % :  mod = 1.0832905529270552e-13,  Error =9.836066752200168e-07
Completed 82 % :  mod = 1.1800260124808548e-13,  Error =9.86651969014929e-07
Completed 82 % :  mod = 1.2854194462126826e-13,  Error =9.896956427724035e-07
Completed 82 % :  mod = 1.4002912036537373e-13,  Error =9.927394444275706e-07
Completed 82 % :  mod = 1.5254866911936566e-13,  Error =9.957835800378234e-07
Completed 83 % :  mod = 1.6619248284169597e-13,  Error =9.988281135520083e-07
Completed 83 % :  mod = 1.8106074257183375e-13,  Error =1.0018717517823461e-06
Completed 83 % :  mod = 1.9726296496475226e-13,  Error =1.0049156529134962e-06
Completed 83 % :  mod = 2.1491892314442087e-13,  Error =1.0079596393097745e-06
Completed 84 % :  mod = 2.341593189426322e-13,  Error =1.0110037536037453e-06
Completed 84 % :  mod = 2.551263234426623e-13,  Error =1.0140478750031434e-06
Completed 84 % :  mod = 2.779742920654848e-13,  Error =1.0170918969265585e-06
Completed 84 % :  mod = 3.028709431193885e-13,  Error =1.0201359543771105e-06
Completed 85 % :  mod = 3.300118214626493e-13,  Error =1.023181098958048e-06
Completed 85 % :  mod = 3.5957226634328867e-13,  Error =1.026225355360566e-06
Completed 85 % :  mod = 3.917824553182523e-13,  Error =1.029269611763084e-06
Completed 85 % :  mod = 4.268808169708522e-13,  Error =1.0323133992073963e-06
Completed 86 % :  mod = 4.651267509991815e-13,  Error =1.0353573003385463e-06
Completed 86 % :  mod = 5.068018870658409e-13,  Error =1.0384012583131152e-06
Completed 86 % :  mod = 5.522121617770613e-13,  Error =1.0414451452334106e-06
Completed 86 % :  mod = 6.016908507811187e-13,  Error =1.0444892879490908e-06
Completed 87 % :  mod = 6.556020923673898e-13,  Error =1.047532833808873e-06
Completed 87 % :  mod = 7.143441133367367e-13,  Error =1.0505767633617324e-06
Completed 87 % :  mod = 7.783516404899364e-13,  Error =1.053620593438609e-06
Completed 87 % :  mod = 8.481305812846274e-13,  Error =1.05666594407694e-06
Completed 88 % :  mod = 9.241318017348003e-13,  Error =1.0597102999554409e-06
Completed 88 % :  mod = 1.0069432743841628e-12,  Error =1.0627546487285144e-06
Completed 88 % :  mod = 1.0971724507513151e-12,  Error =1.06579840064569e-06
Completed 88 % :  mod = 1.1954828354021893e-12,  Error =1.0688418328186344e-06
Completed 89 % :  mod = 1.3025999902334653e-12,  Error =1.0718854994706817e-06
Completed 89 % :  mod = 1.419316072887717e-12,  Error =1.0749292727041393e-06
Completed 89 % :  mod = 1.5464932056951793e-12,  Error =1.0779728043530667e-06
Completed 89 % :  mod = 1.6850673433254993e-12,  Error =1.081016648640798e-06
Completed 90 % :  mod = 1.8360546225747225e-12,  Error =1.0840606350370763e-06
Completed 90 % :  mod = 2.000560978549656e-12,  Error =1.08710423063485e-06
Completed 90 % :  mod = 2.179793783205742e-12,  Error =1.090147954130316e-06
Completed 90 % :  mod = 2.3751648595185367e-12,  Error =1.0931930134461254e-06
Completed 91 % :  mod = 2.587939298961808e-12,  Error =1.096236267983386e-06
Completed 91 % :  mod = 2.8197692713597653e-12,  Error =1.099279472782655e-06
Completed 91 % :  mod = 3.0723560421137927e-12,  Error =1.1023226917927786e-06
Completed 91 % :  mod = 3.3475451218355533e-12,  Error =1.1053660671223042e-06
Completed 92 % :  mod = 3.6473429130063514e-12,  Error =1.1084086253276837e-06
Completed 92 % :  mod = 3.9739372537534e-12,  Error =1.1114517448618244e-06
Completed 92 % :  mod = 4.3297171336130216e-12,  Error =1.1144944380703237e-06
Completed 92 % :  mod = 4.717287480359293e-12,  Error =1.1175368044291645e-06
Completed 93 % :  mod = 5.139478999723887e-12,  Error =1.120579163682578e-06
Completed 93 % :  mod = 5.599357929224271e-12,  Error =1.1236210752940679e-06
Completed 93 % :  mod = 6.100242425745345e-12,  Error =1.1266625108419248e-06
Completed 93 % :  mod = 6.6459858435474925e-12,  Error =1.129705381686108e-06
Completed 94 % :  mod = 7.2400056374325035e-12,  Error =1.1327460924803745e-06
Completed 94 % :  mod = 7.886789097069476e-12,  Error =1.1357853040294685e-06
Completed 94 % :  mod = 8.59095201032399e-12,  Error =1.138824544000272e-06
Completed 94 % :  mod = 9.35748426338147e-12,  Error =1.1418623486747492e-06
Completed 95 % :  mod = 1.0191755890414025e-11,  Error =1.1448994214902086e-06
Completed 95 % :  mod = 1.1099531060456627e-11,  Error =1.1479353361210087e-06
Completed 95 % :  mod = 1.2086996271088081e-11,  Error =1.150970021512876e-06
Completed 95 % :  mod = 1.3160796675150661e-11,  Error =1.1540021063183303e-06
Completed 96 % :  mod = 1.432806360550155e-11,  Error =1.1570320452847227e-06
Completed 96 % :  mod = 1.5596415696891014e-11,  Error =1.1600592841887192e-06
Completed 96 % :  mod = 1.697392753002176e-11,  Error =1.1630837803977556e-06
Completed 96 % :  mod = 1.8469778385520452e-11,  Error =1.1661058181289263e-06
Completed 97 % :  mod = 2.0091442506654662e-11,  Error =1.169122548105861e-06
Completed 97 % :  mod = 2.1848676643160138e-11,  Error =1.172134339810782e-06
Completed 97 % :  mod = 2.375081330445165e-11,  Error =1.1751403548032613e-06
Completed 97 % :  mod = 2.5807295862337735e-11,  Error =1.1781394988474858e-06
Completed 98 % :  mod = 2.802747906958342e-11,  Error =1.1811302229602916e-06
Completed 98 % :  mod = 3.042032116135808e-11,  Error =1.1841119089694985e-06
Completed 98 % :  mod = 3.299397505902578e-11,  Error =1.1870820273429672e-06
Completed 98 % :  mod = 3.575530202333748e-11,  Error =1.190039647269714e-06
Completed 99 % :  mod = 3.8709317501110876e-11,  Error =1.1929828858114888e-06
Completed 99 % :  mod = 4.185854133157199e-11,  Error =1.1959086094748272e-06
Completed 99 % :  mod = 4.520374253865951e-11,  Error =1.1988159158704548e-06
Completed 99 % :  mod = 4.873678837279196e-11,  Error =1.2016997530395201e-06
Completed 100 % :  mod = 5.244844407700448e-11,  Error =1.2045581740949274e-06
Finished 5/31 frames
Finished all frames!
