/opt/local/miniconda_23_9/lib/python3.11/site-packages/conda/base/context.py:201: FutureWarning: Adding 'defaults' to channel list implicitly is deprecated and will be removed in 25.3. 

To remove this warning, please choose a default channel explicitly with conda's regular configuration system, e.g. by adding 'defaults' to the list of channels:

  conda config --add channels defaults

For more information see https://docs.conda.io/projects/conda/en/stable/user-guide/configuration/use-condarc.html

  deprecated.topic(
JOB 14473 ARRAY_ID 1  -> i=1 ; range=[1.9e-10, 5.0e-10] ; intervals=30 (frames=31)
Analytic t0 extension enabled (--extend-time-using-t0).
Completed 0 % :  mod = 1.6000000004066365e-16,  Error =-1.4210854715202004e-14
Completed 0 % :  mod = 1.600000011263382e-16,  Error =1.959165274456609e-09
Completed 0 % :  mod = 1.6000000345278367e-16,  Error =3.918486868315085e-09
Completed 0 % :  mod = 1.600000081573734e-16,  Error =5.87680659691614e-09
Completed 0 % :  mod = 1.6000001410273406e-16,  Error =7.835772919406736e-09
Completed 1 % :  mod = 1.6000002113376927e-16,  Error =9.79391501232385e-09
Completed 1 % :  mod = 1.6000003085314146e-16,  Error =1.1752568696010712e-08
Completed 1 % :  mod = 1.6000004253706762e-16,  Error =1.3711186852560786e-08
Completed 1 % :  mod = 1.6000005489307802e-16,  Error =1.5669940012230654e-08
Completed 2 % :  mod = 1.6000006973063025e-16,  Error =1.762781209890818e-08
Completed 2 % :  mod = 1.600000867395316e-16,  Error =1.958697737336479e-08
Completed 2 % :  mod = 1.6000010638507115e-16,  Error =2.1545766060171445e-08
Completed 2 % :  mod = 1.6000012489323735e-16,  Error =2.3504952650910127e-08
Completed 3 % :  mod = 1.6000014655502964e-16,  Error =2.5462782105023507e-08
Completed 3 % :  mod = 1.6000017090515893e-16,  Error =2.742161342439431e-08
Completed 3 % :  mod = 1.600001957205773e-16,  Error =2.938026710808117e-08
Completed 3 % :  mod = 1.6000022162167023e-16,  Error =3.133878578864824e-08
Completed 4 % :  mod = 1.6000025021110016e-16,  Error =3.329723341494173e-08
Completed 4 % :  mod = 1.600002795760119e-16,  Error =3.5254863917089097e-08
Completed 4 % :  mod = 1.6000031121567033e-16,  Error =3.721383023957969e-08
Completed 4 % :  mod = 1.6000034564706333e-16,  Error =3.9172633137241064e-08
Completed 5 % :  mod = 1.6000038142262482e-16,  Error =4.113147866746658e-08
Completed 5 % :  mod = 1.6000041962802936e-16,  Error =4.308962786581105e-08
Completed 5 % :  mod = 1.6000045979798786e-16,  Error =4.5048665242575225e-08
Completed 5 % :  mod = 1.6000050084682576e-16,  Error =4.700760314335639e-08
Completed 6 % :  mod = 1.6000054323983215e-16,  Error =4.896673999610357e-08
Completed 6 % :  mod = 1.6000058909665736e-16,  Error =5.0924853667311254e-08
Completed 6 % :  mod = 1.600006339195068e-16,  Error =5.288381998980185e-08
Completed 6 % :  mod = 1.6000068091370535e-16,  Error =5.4842551833189646e-08
Completed 7 % :  mod = 1.6000073173361424e-16,  Error =5.6801269465722726e-08
Completed 7 % :  mod = 1.6000078151954736e-16,  Error =5.8759191290391755e-08
Completed 7 % :  mod = 1.6000083306323928e-16,  Error =6.071784497407862e-08
Completed 7 % :  mod = 1.600008898285088e-16,  Error =6.267620733524382e-08
Completed 8 % :  mod = 1.6000094437073045e-16,  Error =6.463496760034104e-08
Completed 8 % :  mod = 1.6000100118769878e-16,  Error =6.659400497710521e-08
Completed 8 % :  mod = 1.6000106384663018e-16,  Error =6.855221101886855e-08
Completed 8 % :  mod = 1.6000112324853792e-16,  Error =7.051124129020536e-08
Completed 9 % :  mod = 1.6000118657955357e-16,  Error =7.246982391961865e-08
Completed 9 % :  mod = 1.6000125477025531e-16,  Error =7.442886840181018e-08
Completed 9 % :  mod = 1.6000131825636733e-16,  Error =7.638686838618014e-08
Completed 9 % :  mod = 1.6000138670556301e-16,  Error =7.834554338614907e-08
Completed 10 % :  mod = 1.600014604797339e-16,  Error =8.030441733808402e-08
Completed 10 % :  mod = 1.60001528825532e-16,  Error =8.226311365433503e-08
Completed 10 % :  mod = 1.6000160187591986e-16,  Error =8.422092179216634e-08
Completed 10 % :  mod = 1.600016801995841e-16,  Error =8.617959679213527e-08
Completed 11 % :  mod = 1.6000175107862284e-16,  Error =8.813849206035229e-08
Completed 11 % :  mod = 1.6000182976417861e-16,  Error =9.00974228557061e-08
Completed 11 % :  mod = 1.6000191387810715e-16,  Error =9.205542284007606e-08
Completed 11 % :  mod = 1.6000199111609685e-16,  Error =9.401417599974593e-08
Completed 12 % :  mod = 1.6000207595380842e-16,  Error =9.59727444183045e-08
Completed 12 % :  mod = 1.6000216678857944e-16,  Error =9.793182442763282e-08
Completed 12 % :  mod = 1.6000224986853221e-16,  Error =9.989045679503761e-08
Completed 12 % :  mod = 1.6000234070330323e-16,  Error =1.0184815835145855e-07
Completed 13 % :  mod = 1.6000243727663975e-16,  Error =1.038063786040766e-07
Completed 13 % :  mod = 1.600025248026883e-16,  Error =1.0576525255601155e-07
Completed 13 % :  mod = 1.6000262168621756e-16,  Error =1.0772406255910028e-07
Completed 13 % :  mod = 1.600027234294329e-16,  Error =1.0968182095894008e-07
Completed 14 % :  mod = 1.600028156600712e-16,  Error =1.1164060964574674e-07
Completed 14 % :  mod = 1.600029171964914e-16,  Error =1.1359927754028831e-07
Completed 14 % :  mod = 1.6000302328240495e-16,  Error =1.1555793832940253e-07
Completed 14 % :  mod = 1.6000311892516328e-16,  Error =1.1751576778351591e-07
Completed 15 % :  mod = 1.6000322620014897e-16,  Error =1.1947452804861314e-07
Completed 15 % :  mod = 1.600033385933147e-16,  Error =1.2143349437110373e-07
Completed 15 % :  mod = 1.600034391991567e-16,  Error =1.2339222621449153e-07
Completed 15 % :  mod = 1.6000355324668366e-16,  Error =1.253507093679218e-07
Completed 16 % :  mod = 1.6000367137841489e-16,  Error =1.273094767384464e-07
Completed 16 % :  mod = 1.6000377803301512e-16,  Error =1.2926859938033886e-07
Completed 16 % :  mod = 1.600038981809991e-16,  Error =1.3122753017569266e-07
Completed 16 % :  mod = 1.6000402091392248e-16,  Error =1.3318628333536253e-07
Completed 17 % :  mod = 1.6000413284179911e-16,  Error =1.3514413410575798e-07
Completed 17 % :  mod = 1.600042582630595e-16,  Error =1.3710325674765045e-07
Completed 17 % :  mod = 1.6000438430470533e-16,  Error =1.3906218754300426e-07
Completed 17 % :  mod = 1.600045008854729e-16,  Error =1.4102084833211848e-07
Completed 18 % :  mod = 1.6000462971885332e-16,  Error =1.4297879147306958e-07
Completed 18 % :  mod = 1.6000475875902888e-16,  Error =1.4493743094590172e-07
Completed 18 % :  mod = 1.6000488030288013e-16,  Error =1.4689625515984517e-07
Completed 18 % :  mod = 1.6000501477142846e-16,  Error =1.4885485910554053e-07
Completed 19 % :  mod = 1.6000514980866346e-16,  Error =1.508128235627737e-07
Completed 19 % :  mod = 1.6000527822845356e-16,  Error =1.5277208831321332e-07
Completed 19 % :  mod = 1.6000542040012134e-16,  Error =1.5473099779228505e-07
Completed 19 % :  mod = 1.6000556215819882e-16,  Error =1.566895519999889e-07
Completed 20 % :  mod = 1.600056968335423e-16,  Error =1.5864789304487203e-07
Completed 20 % :  mod = 1.6000584391659497e-16,  Error =1.606059072400967e-07
Completed 20 % :  mod = 1.6000598970717793e-16,  Error =1.625650085657071e-07
Completed 20 % :  mod = 1.6000613032788207e-16,  Error =1.6452395357191563e-07
Completed 21 % :  mod = 1.6000628102984991e-16,  Error =1.6648278489128643e-07
Completed 21 % :  mod = 1.6000643214540807e-16,  Error =1.6844134620441764e-07
Completed 21 % :  mod = 1.6000657612653344e-16,  Error =1.703998648849847e-07
Completed 21 % :  mod = 1.6000673287725952e-16,  Error =1.723586962043555e-07
Completed 22 % :  mod = 1.6000688978308197e-16,  Error =1.7431738541517916e-07
Completed 22 % :  mod = 1.6000703914088132e-16,  Error =1.7627573356548965e-07
Completed 22 % :  mod = 1.600072029743414e-16,  Error =1.7823463593913402e-07
Completed 22 % :  mod = 1.6000736572212691e-16,  Error =1.801930196165813e-07
Completed 23 % :  mod = 1.6000752211096147e-16,  Error =1.8215191488479832e-07
Completed 23 % :  mod = 1.6000769354414343e-16,  Error =1.8411013513741636e-07
Completed 23 % :  mod = 1.6000786125501262e-16,  Error =1.8606898066764188e-07
Completed 23 % :  mod = 1.6000802291712359e-16,  Error =1.8802762014047403e-07
Completed 24 % :  mod = 1.6000820055416013e-16,  Error =1.899868067312127e-07
Completed 24 % :  mod = 1.6000837178054693e-16,  Error =1.9194581568626745e-07
Completed 24 % :  mod = 1.6000853628609125e-16,  Error =1.9390360250781669e-07
Completed 24 % :  mod = 1.600087166114648e-16,  Error =1.958623983000507e-07
Completed 25 % :  mod = 1.6000889078468252e-16,  Error =1.978216133124988e-07
Completed 25 % :  mod = 1.6000905978802142e-16,  Error =1.997803451558866e-07
Completed 25 % :  mod = 1.6000924590365925e-16,  Error =2.0173850145965844e-07
Completed 25 % :  mod = 1.600094252467558e-16,  Error =2.0369736830616603e-07
Completed 26 % :  mod = 1.6000960241850326e-16,  Error =2.0565610014955382e-07
Completed 26 % :  mod = 1.600097963923569e-16,  Error =2.07614263558753e-07
Completed 26 % :  mod = 1.600099813189226e-16,  Error =2.0957263302534557e-07
Completed 26 % :  mod = 1.6001016603869313e-16,  Error =2.115314927664258e-07
Completed 27 % :  mod = 1.6001036414844984e-16,  Error =2.1349052303776261e-07
Completed 27 % :  mod = 1.6001055439999073e-16,  Error =2.1544931172456927e-07
Completed 27 % :  mod = 1.6001074232508614e-16,  Error =2.174075177663326e-07
Completed 27 % :  mod = 1.6001094312317984e-16,  Error =2.1936632776942133e-07
Completed 28 % :  mod = 1.6001113601135893e-16,  Error =2.2132495303139876e-07
Completed 28 % :  mod = 1.6001132864104408e-16,  Error =2.2328348592282055e-07
Completed 28 % :  mod = 1.6001153398863114e-16,  Error =2.2524223908249041e-07
Completed 28 % :  mod = 1.6001173225348422e-16,  Error =2.2720028880485188e-07
Completed 29 % :  mod = 1.6001193325837307e-16,  Error =2.2915929065447926e-07
Completed 29 % :  mod = 1.6001214610228443e-16,  Error =2.3111783775675576e-07
Completed 29 % :  mod = 1.6001235155326908e-16,  Error =2.3307662644356242e-07
Completed 29 % :  mod = 1.6001256046807253e-16,  Error =2.3503433510541072e-07
Completed 30 % :  mod = 1.6001278029132032e-16,  Error =2.3699277562627685e-07
Completed 30 % :  mod = 1.6001299241144865e-16,  Error =2.389513014122713e-07
Completed 30 % :  mod = 1.6001320628933579e-16,  Error =2.4091010430993265e-07
Completed 30 % :  mod = 1.600134299899927e-16,  Error =2.4286843114396106e-07
Completed 31 % :  mod = 1.6001364417807256e-16,  Error =2.448272766741866e-07
Completed 31 % :  mod = 1.6001386038240516e-16,  Error =2.4678601562300173e-07
Completed 31 % :  mod = 1.6001408982162757e-16,  Error =2.487442642973292e-07
Completed 31 % :  mod = 1.6001430799051413e-16,  Error =2.5070263376392177e-07
Completed 32 % :  mod = 1.6001453200136377e-16,  Error =2.52661294553036e-07
Completed 32 % :  mod = 1.6001476800633229e-16,  Error =2.5462016850497093e-07
Completed 32 % :  mod = 1.600149930511577e-16,  Error =2.565792698305813e-07
Completed 32 % :  mod = 1.6001522409304253e-16,  Error =2.585379377251229e-07
Completed 33 % :  mod = 1.6001546769773293e-16,  Error =2.604961153451768e-07
Completed 33 % :  mod = 1.600156982226299e-16,  Error =2.6245457007689765e-07
Completed 33 % :  mod = 1.6001593479628508e-16,  Error =2.644133232365675e-07
Completed 33 % :  mod = 1.600161822266858e-16,  Error =2.663721758722204e-07
Completed 34 % :  mod = 1.6001641450934157e-16,  Error =2.683306519202233e-07
Completed 34 % :  mod = 1.6001665454681558e-16,  Error =2.7028947613416676e-07
Completed 34 % :  mod = 1.600169037866739e-16,  Error =2.7224839271866585e-07
Completed 34 % :  mod = 1.6001713911955817e-16,  Error =2.7420680481782256e-07
Completed 35 % :  mod = 1.600173852057904e-16,  Error =2.761647763804831e-07
Completed 35 % :  mod = 1.600176411147924e-16,  Error =2.7812334479904166e-07
Completed 35 % :  mod = 1.6001788280662764e-16,  Error =2.800829932425586e-07
Completed 35 % :  mod = 1.6001813659597933e-16,  Error =2.820421727278699e-07
Completed 36 % :  mod = 1.600183988639323e-16,  Error =2.840008050952747e-07
Completed 36 % :  mod = 1.6001864743170637e-16,  Error =2.8595894008276446e-07
Completed 36 % :  mod = 1.6001890783850296e-16,  Error =2.879178992998277e-07
Completed 36 % :  mod = 1.600191760001178e-16,  Error =2.8987687272774565e-07
Completed 37 % :  mod = 1.6001942958267433e-16,  Error =2.918357466796806e-07
Completed 37 % :  mod = 1.6001969350498852e-16,  Error =2.9379400245943543e-07
Completed 37 % :  mod = 1.6001996425154277e-16,  Error =2.957529900982081e-07
Completed 37 % :  mod = 1.6002021990205083e-16,  Error =2.9771164378189496e-07
Completed 38 % :  mod = 1.6002048811536445e-16,  Error =2.99670738002078e-07
Completed 38 % :  mod = 1.6002076408349632e-16,  Error =3.016285674561914e-07
Completed 38 % :  mod = 1.6002102769561778e-16,  Error =3.0358696534449336e-07
Completed 38 % :  mod = 1.6002130304336418e-16,  Error =3.055455195521972e-07
Completed 39 % :  mod = 1.6002158780029006e-16,  Error =3.075041234978926e-07
Completed 39 % :  mod = 1.6002186056309704e-16,  Error =3.094621661148267e-07
Completed 39 % :  mod = 1.6002214433774594e-16,  Error =3.1142072032253054e-07
Completed 39 % :  mod = 1.6002243638420096e-16,  Error =3.133795729581834e-07
Completed 40 % :  mod = 1.600227137998989e-16,  Error =3.153386956000759e-07
Completed 40 % :  mod = 1.6002300129686054e-16,  Error =3.1729780403111363e-07
Completed 40 % :  mod = 1.600232962901465e-16,  Error =3.1925532795185063e-07
Completed 40 % :  mod = 1.6002357577379596e-16,  Error =3.212138821595545e-07
Completed 41 % :  mod = 1.6002386673457643e-16,  Error =3.2317312559371203e-07
Completed 41 % :  mod = 1.6002416405430785e-16,  Error =3.2513160164171495e-07
Completed 41 % :  mod = 1.6002444788065553e-16,  Error =3.2708945951753776e-07
Completed 41 % :  mod = 1.6002474628606151e-16,  Error =3.2904819136092556e-07
Completed 42 % :  mod = 1.600250499647439e-16,  Error =3.3100672425234734e-07
Completed 42 % :  mod = 1.6002534097722315e-16,  Error =3.3296555557171814e-07
Completed 42 % :  mod = 1.600256487401098e-16,  Error =3.349238397731824e-07
Completed 42 % :  mod = 1.6002595862264679e-16,  Error =3.368820031823816e-07
Completed 43 % :  mod = 1.6002625604577579e-16,  Error =3.3884065686606846e-07
Completed 43 % :  mod = 1.600265701676134e-16,  Error =3.4079950950172133e-07
Completed 43 % :  mod = 1.600268826350898e-16,  Error =3.4275733185040735e-07
Completed 43 % :  mod = 1.6002718372883276e-16,  Error =3.4471623422405173e-07
Completed 44 % :  mod = 1.6002750095259768e-16,  Error =3.466752858116706e-07
Completed 44 % :  mod = 1.6002781512613408e-16,  Error =3.4863414555275085e-07
Completed 44 % :  mod = 1.6002811916670799e-16,  Error =3.505929058178481e-07
Completed 44 % :  mod = 1.6002844192224325e-16,  Error =3.525504794765766e-07
Completed 45 % :  mod = 1.6002876095546575e-16,  Error =3.545084510392371e-07
Completed 45 % :  mod = 1.6002907057950879e-16,  Error =3.564673392020268e-07
Completed 45 % :  mod = 1.6002940222723563e-16,  Error =3.584258863043033e-07
Completed 45 % :  mod = 1.600297284465897e-16,  Error =3.603836944421346e-07
Completed 46 % :  mod = 1.6003004603224614e-16,  Error =3.6234295208714684e-07
Completed 46 % :  mod = 1.6003038708915245e-16,  Error =3.6430198235848366e-07
Completed 46 % :  mod = 1.600307191504696e-16,  Error =3.662607923615724e-07
Completed 46 % :  mod = 1.6003104314677578e-16,  Error =3.6821890603278007e-07
Completed 47 % :  mod = 1.6003138792599485e-16,  Error =3.701776520870226e-07
Completed 47 % :  mod = 1.60031722675649e-16,  Error =3.7213630577070944e-07
Completed 47 % :  mod = 1.6003204972218368e-16,  Error =3.740955136777302e-07
Completed 47 % :  mod = 1.60032397861824e-16,  Error =3.7605337865898036e-07
Completed 48 % :  mod = 1.600327345243333e-16,  Error =3.780124231411719e-07
Completed 48 % :  mod = 1.6003306829171047e-16,  Error =3.799714747287908e-07
Completed 48 % :  mod = 1.6003342346238598e-16,  Error =3.819299010388022e-07
Completed 48 % :  mod = 1.6003376643214746e-16,  Error =3.8388873946360036e-07
Completed 49 % :  mod = 1.6003410888492106e-16,  Error =3.8584707340305613e-07
Completed 49 % :  mod = 1.6003447196551118e-16,  Error =3.8780578393016185e-07
Completed 49 % :  mod = 1.6003482201800666e-16,  Error =3.8976455130068643e-07
Completed 49 % :  mod = 1.600351722255985e-16,  Error =3.9172383026198077e-07
Completed 50 % :  mod = 1.6003553985568199e-16,  Error =3.936816668215215e-07
Completed 50 % :  mod = 1.6003589301010476e-16,  Error =3.9564041998119137e-07
Completed 50 % :  mod = 1.6003624704340693e-16,  Error =3.9759915182457917e-07
Completed 50 % :  mod = 1.6003661901618864e-16,  Error =3.995579618276679e-07
Completed 51 % :  mod = 1.6003697506574356e-16,  Error =4.0151663682763683e-07
Completed 51 % :  mod = 1.600373336485391e-16,  Error =4.034751199810671e-07
Completed 51 % :  mod = 1.6003770949872993e-16,  Error =4.0543397261672e-07
Completed 51 % :  mod = 1.6003807025287458e-16,  Error =4.073924486647229e-07
Completed 52 % :  mod = 1.6003843545311502e-16,  Error =4.093513794600767e-07
Completed 52 % :  mod = 1.6003881761055802e-16,  Error =4.113096778723957e-07
Completed 52 % :  mod = 1.6003918539573787e-16,  Error =4.132683883995014e-07
Completed 52 % :  mod = 1.6003955757531473e-16,  Error =4.152273405111373e-07
Completed 53 % :  mod = 1.6003994878004568e-16,  Error =4.1718607945995245e-07
Completed 53 % :  mod = 1.6004032101132133e-16,  Error =4.191437454892366e-07
Completed 53 % :  mod = 1.6004069944645158e-16,  Error =4.211023068023678e-07
Completed 53 % :  mod = 1.6004109571766378e-16,  Error =4.2306096759148204e-07
Completed 54 % :  mod = 1.600414715678546e-16,  Error =4.2501924468751895e-07
Completed 54 % :  mod = 1.6004185429398428e-16,  Error =4.2697733704244456e-07
Completed 54 % :  mod = 1.6004225371882256e-16,  Error =4.289361470455333e-07
Completed 54 % :  mod = 1.6004263251584432e-16,  Error =4.308948433617843e-07
Completed 55 % :  mod = 1.6004301968806979e-16,  Error =4.3285346862376173e-07
Completed 55 % :  mod = 1.600434251616663e-16,  Error =4.348118167740722e-07
Completed 55 % :  mod = 1.6004381016254266e-16,  Error =4.367708683616911e-07
Completed 55 % :  mod = 1.6004420607186334e-16,  Error =4.387298346841817e-07
Completed 56 % :  mod = 1.600446192485793e-16,  Error =4.4068855942214213e-07
Completed 56 % :  mod = 1.6004501215937027e-16,  Error =4.426469430995894e-07
Completed 56 % :  mod = 1.6004541458273828e-16,  Error =4.446046659722924e-07
Completed 56 % :  mod = 1.600458345836943e-16,  Error =4.4656349018623587e-07
Completed 57 % :  mod = 1.6004623033791862e-16,  Error =4.4852187386368314e-07
Completed 57 % :  mod = 1.6004663922363517e-16,  Error =4.504800941163012e-07
Completed 57 % :  mod = 1.600470618095306e-16,  Error =4.5243826463092773e-07
Completed 57 % :  mod = 1.600474611826701e-16,  Error =4.5439684015491366e-07
Completed 58 % :  mod = 1.600478738423982e-16,  Error =4.563557141068486e-07
Completed 58 % :  mod = 1.6004830108118457e-16,  Error =4.5831465911305713e-07
Completed 58 % :  mod = 1.6004870438343198e-16,  Error =4.602728083114016e-07
Completed 58 % :  mod = 1.6004912376400254e-16,  Error =4.6223146199508847e-07
Completed 59 % :  mod = 1.6004955648286049e-16,  Error =4.6419036436873284e-07
Completed 59 % :  mod = 1.6004996748822735e-16,  Error =4.661491388446848e-07
Completed 59 % :  mod = 1.600503952957004e-16,  Error =4.6810684040110573e-07
Completed 59 % :  mod = 1.6005083458030446e-16,  Error =4.7006520276227093e-07
Completed 60 % :  mod = 1.6005125075555015e-16,  Error =4.720238564459578e-07
Completed 60 % :  mod = 1.6005168533556447e-16,  Error =4.739826664490465e-07
Completed 60 % :  mod = 1.600521295832522e-16,  Error =4.7594164698239183e-07
Completed 60 % :  mod = 1.6005255035969005e-16,  Error =4.778997180210354e-07
Completed 61 % :  mod = 1.60052989179005e-16,  Error =4.798587696086543e-07
Completed 61 % :  mod = 1.6005343725240307e-16,  Error =4.818177004040081e-07
Completed 61 % :  mod = 1.600538615960573e-16,  Error =4.837769012056015e-07
Completed 61 % :  mod = 1.6005430620563655e-16,  Error =4.857350646148006e-07
Completed 62 % :  mod = 1.600547574843595e-16,  Error =4.876940309372912e-07
Completed 62 % :  mod = 1.6005518699789256e-16,  Error =4.89652862256662e-07
Completed 62 % :  mod = 1.6005563894869974e-16,  Error =4.916118143682979e-07
Completed 62 % :  mod = 1.6005609565579545e-16,  Error =4.935694448704453e-07
Completed 63 % :  mod = 1.6005653302754434e-16,  Error =4.955284111929359e-07
Completed 63 % :  mod = 1.6005699325015764e-16,  Error =4.974870080332039e-07
Completed 63 % :  mod = 1.6005745672979462e-16,  Error =4.99445846458002e-07
Completed 63 % :  mod = 1.6005789921972354e-16,  Error =5.014042017137399e-07
Completed 64 % :  mod = 1.6005836523260114e-16,  Error =5.033627985540079e-07
Completed 64 % :  mod = 1.6005883212435814e-16,  Error =5.053221414641484e-07
Completed 64 % :  mod = 1.6005927947397316e-16,  Error =5.072809727835192e-07
Completed 64 % :  mod = 1.6005975076012717e-16,  Error =5.09239683310625e-07
Completed 65 % :  mod = 1.6006022183948602e-16,  Error =5.111977472438411e-07
Completed 65 % :  mod = 1.600606737902932e-16,  Error =5.131564648763742e-07
Completed 65 % :  mod = 1.6006115117690422e-16,  Error =5.15114997767796e-07
Completed 65 % :  mod = 1.6006162670235886e-16,  Error =5.170733459181065e-07
Completed 66 % :  mod = 1.600620872351649e-16,  Error =5.190312393210661e-07
Completed 66 % :  mod = 1.6006257149771476e-16,  Error =5.209902269598388e-07
Completed 66 % :  mod = 1.6006305343381915e-16,  Error =5.229493709180133e-07
Completed 66 % :  mod = 1.6006352068746767e-16,  Error =5.24908259080803e-07
Completed 67 % :  mod = 1.6006401151576364e-16,  Error =5.268662519597456e-07
Completed 67 % :  mod = 1.6006449738097594e-16,  Error =5.288251614388173e-07
Completed 67 % :  mod = 1.6006496902902146e-16,  Error =5.307845185598126e-07
Completed 67 % :  mod = 1.6006546585437687e-16,  Error =5.327433214574739e-07
Completed 68 % :  mod = 1.6006595352904676e-16,  Error =5.347022806745372e-07
Completed 68 % :  mod = 1.6006642941639292e-16,  Error =5.36660536454292e-07
Completed 68 % :  mod = 1.6006693244560293e-16,  Error =5.386194885659279e-07
Completed 68 % :  mod = 1.6006742358409163e-16,  Error =5.405783909395723e-07
Completed 69 % :  mod = 1.6006790598548512e-16,  Error =5.425368954092846e-07
Completed 69 % :  mod = 1.6006841547704366e-16,  Error =5.444951582944668e-07
Completed 69 % :  mod = 1.6006891245749544e-16,  Error =5.464537693455895e-07
Completed 69 % :  mod = 1.6006940282050232e-16,  Error =5.484126077703877e-07
Completed 70 % :  mod = 1.6006991722344575e-16,  Error =5.503715172494594e-07
Completed 70 % :  mod = 1.6007041932207757e-16,  Error =5.52329588288103e-07
Completed 70 % :  mod = 1.6007091594063783e-16,  Error =5.542877303810201e-07
Completed 70 % :  mod = 1.6007143582365282e-16,  Error =5.562463627484249e-07
Completed 71 % :  mod = 1.6007194055892284e-16,  Error =5.582049666941202e-07
Completed 71 % :  mod = 1.60072442088868e-16,  Error =5.60163400109559e-07
Completed 71 % :  mod = 1.6007296646967756e-16,  Error =5.621222527452119e-07
Completed 71 % :  mod = 1.6007347503065792e-16,  Error =5.640812617002666e-07
Completed 72 % :  mod = 1.60073983901831e-16,  Error =5.66040263549894e-07
Completed 72 % :  mod = 1.600745139178085e-16,  Error =5.679988177575979e-07
Completed 72 % :  mod = 1.600750288377398e-16,  Error =5.69957158802481e-07
Completed 72 % :  mod = 1.600755456705263e-16,  Error =5.719160967032622e-07
Completed 73 % :  mod = 1.600760840100087e-16,  Error =5.738744874861368e-07
Completed 73 % :  mod = 1.600766055473849e-16,  Error =5.758330274829859e-07
Completed 73 % :  mod = 1.600771280670381e-16,  Error =5.777910558890653e-07
Completed 73 % :  mod = 1.6007767204168843e-16,  Error =5.797497735215984e-07
Completed 74 % :  mod = 1.6007819590551012e-16,  Error =5.817087043169522e-07
Completed 74 % :  mod = 1.60078725094307e-16,  Error =5.836674290549126e-07
Completed 74 % :  mod = 1.6007927284296888e-16,  Error =5.856257132563769e-07
Completed 74 % :  mod = 1.6007980079099484e-16,  Error =5.875843527292091e-07
Completed 75 % :  mod = 1.600803335987069e-16,  Error =5.89542928253195e-07
Completed 75 % :  mod = 1.600808865172476e-16,  Error =5.915014043011979e-07
Completed 75 % :  mod = 1.600814205140318e-16,  Error =5.934587363753963e-07
Completed 75 % :  mod = 1.6008196211053786e-16,  Error =5.954175037459208e-07
Completed 76 % :  mod = 1.600825219567162e-16,  Error =5.973757879473851e-07
Completed 76 % :  mod = 1.6008306262264408e-16,  Error =5.99334562423337e-07
Completed 76 % :  mod = 1.600836136800284e-16,  Error =6.012934932186909e-07
Completed 76 % :  mod = 1.6008417916137466e-16,  Error =6.032514008325052e-07
Completed 77 % :  mod = 1.6008472406660318e-16,  Error =6.052103671549958e-07
Completed 77 % :  mod = 1.6008527982857724e-16,  Error =6.071693121612043e-07
Completed 77 % :  mod = 1.6008584696428472e-16,  Error =6.091286124387807e-07
Completed 77 % :  mod = 1.6008639398916356e-16,  Error =6.110867687425525e-07
Completed 78 % :  mod = 1.600869529047637e-16,  Error =6.130458061193167e-07
Completed 78 % :  mod = 1.6008752334919363e-16,  Error =6.150043034836017e-07
Completed 78 % :  mod = 1.6008807518205978e-16,  Error =6.169630779595536e-07
Completed 78 % :  mod = 1.6008864071510483e-16,  Error =6.189208150431114e-07
Completed 79 % :  mod = 1.6008921829396754e-16,  Error =6.208797671547472e-07
Completed 79 % :  mod = 1.6008977793335072e-16,  Error =6.228388258477935e-07
Completed 79 % :  mod = 1.6009035323746676e-16,  Error =6.247972308415228e-07
Completed 79 % :  mod = 1.600909386745453e-16,  Error =6.267555292538418e-07
Completed 80 % :  mod = 1.6009150312191578e-16,  Error =6.2871436767864e-07
Completed 80 % :  mod = 1.6009208364760943e-16,  Error =6.306731918925834e-07
Completed 80 % :  mod = 1.600926733756874e-16,  Error =6.326318739979797e-07
Completed 80 % :  mod = 1.6009324268274398e-16,  Error =6.345902505699996e-07
Completed 81 % :  mod = 1.6009382693075038e-16,  Error =6.365481226566772e-07
Completed 81 % :  mod = 1.600944203811411e-16,  Error =6.385067621295093e-07
Completed 81 % :  mod = 1.6009499325541408e-16,  Error =6.404651173852471e-07
Completed 81 % :  mod = 1.6009558381067266e-16,  Error =6.424238776503444e-07
Completed 82 % :  mod = 1.6009618263773736e-16,  Error =6.443818634238596e-07
Completed 82 % :  mod = 1.6009676285323828e-16,  Error =6.463406805323757e-07
Completed 82 % :  mod = 1.6009736266257995e-16,  Error =6.482991921075154e-07
Completed 82 % :  mod = 1.6009796852067986e-16,  Error =6.502580021106041e-07
Completed 83 % :  mod = 1.600985561808063e-16,  Error =6.522164426314703e-07
Completed 83 % :  mod = 1.6009916296948439e-16,  Error =6.541757073819099e-07
Completed 83 % :  mod = 1.6009977472124616e-16,  Error =6.561345884392722e-07
Completed 83 % :  mod = 1.601003671893599e-16,  Error =6.580933273880873e-07
Completed 84 % :  mod = 1.6010097847583258e-16,  Error =6.600520237043384e-07
Completed 84 % :  mod = 1.6010159276083497e-16,  Error =6.620100307941357e-07
Completed 84 % :  mod = 1.6010218998523724e-16,  Error =6.639689260623527e-07
Completed 84 % :  mod = 1.6010280644158874e-16,  Error =6.659274518483471e-07
Completed 85 % :  mod = 1.6010342455230147e-16,  Error =6.678860984266066e-07
Completed 85 % :  mod = 1.6010402710167893e-16,  Error =6.698447307940114e-07
Completed 85 % :  mod = 1.6010465095095716e-16,  Error =6.718035407971001e-07
Completed 85 % :  mod = 1.601052752138257e-16,  Error =6.737624644870266e-07
Completed 86 % :  mod = 1.60105884639142e-16,  Error =6.757213597552436e-07
Completed 86 % :  mod = 1.6010651624323846e-16,  Error =6.776791181550834e-07
Completed 86 % :  mod = 1.6010714614127492e-16,  Error =6.796378428930439e-07
Completed 86 % :  mod = 1.6010776073647005e-16,  Error =6.815965747364316e-07
Completed 87 % :  mod = 1.6010839797573445e-16,  Error =6.835551715766996e-07
Completed 87 % :  mod = 1.6010903180287881e-16,  Error =6.855128376059838e-07
Completed 87 % :  mod = 1.6010965115436246e-16,  Error =6.874716262927905e-07
Completed 87 % :  mod = 1.6011029211593962e-16,  Error =6.894303439253235e-07
Completed 88 % :  mod = 1.601109284763246e-16,  Error =6.913894878834981e-07
Completed 88 % :  mod = 1.60111552532398e-16,  Error =6.933481984106038e-07
Completed 88 % :  mod = 1.6011219866385397e-16,  Error =6.953063973469398e-07
Completed 88 % :  mod = 1.6011283936693718e-16,  Error =6.972653139314389e-07
Completed 89 % :  mod = 1.601134702989494e-16,  Error =6.992239676151257e-07
Completed 89 % :  mod = 1.6011412490900667e-16,  Error =7.011823797142824e-07
Completed 89 % :  mod = 1.6011477331520933e-16,  Error =7.031399107404468e-07
Completed 89 % :  mod = 1.6011541164014828e-16,  Error =7.050986994272535e-07
Completed 90 % :  mod = 1.6011607379822863e-16,  Error =7.070575094303422e-07
Completed 90 % :  mod = 1.6011672711581618e-16,  Error =7.090169091839016e-07
Completed 90 % :  mod = 1.6011737236839276e-16,  Error =7.109749304845536e-07
Completed 90 % :  mod = 1.6011804047183377e-16,  Error =7.129337120659329e-07
Completed 91 % :  mod = 1.6011869673625225e-16,  Error =7.148928347078254e-07
Completed 91 % :  mod = 1.601193465383222e-16,  Error =7.168513107558283e-07
Completed 91 % :  mod = 1.601200182089796e-16,  Error =7.188092183696426e-07
Completed 91 % :  mod = 1.6012067819571083e-16,  Error =7.207681917975606e-07
Completed 92 % :  mod = 1.601213345118281e-16,  Error =7.227266110021446e-07
Completed 92 % :  mod = 1.601220132652195e-16,  Error =7.246852291586947e-07
Completed 92 % :  mod = 1.6012267966260048e-16,  Error =7.266443518005872e-07
Completed 92 % :  mod = 1.601233428029578e-16,  Error =7.286025578423505e-07
Completed 93 % :  mod = 1.601240290009747e-16,  Error =7.305612896857383e-07
Completed 93 % :  mod = 1.6012470299807757e-16,  Error =7.325198865260063e-07
Completed 93 % :  mod = 1.6012537306607253e-16,  Error =7.34478874164779e-07
Completed 93 % :  mod = 1.6012606438226947e-16,  Error =7.364365899320546e-07
Completed 94 % :  mod = 1.6012674184319115e-16,  Error =7.383949309769378e-07
Completed 94 % :  mod = 1.6012741754635403e-16,  Error =7.403536486094708e-07
Completed 94 % :  mod = 1.6012811299845404e-16,  Error =7.423123946637133e-07
Completed 94 % :  mod = 1.6012879288921877e-16,  Error =7.442704017535107e-07
Completed 95 % :  mod = 1.601294723663932e-16,  Error =7.462292188620268e-07
Completed 95 % :  mod = 1.6013017169590231e-16,  Error =7.48187503063491e-07
Completed 95 % :  mod = 1.60130856239558e-16,  Error =7.501464835968363e-07
Completed 95 % :  mod = 1.6013154393683975e-16,  Error =7.521046327951808e-07
Completed 96 % :  mod = 1.601322501939865e-16,  Error =7.540637056990818e-07
Completed 96 % :  mod = 1.6013294269925558e-16,  Error =7.560224375424696e-07
Completed 96 % :  mod = 1.6013363825475316e-16,  Error =7.579813754432507e-07
Completed 96 % :  mod = 1.6013435195652543e-16,  Error =7.59940334660314e-07
Completed 97 % :  mod = 1.6013504947657696e-16,  Error =7.618982778012651e-07
Completed 97 % :  mod = 1.6013575015025458e-16,  Error =7.638572654400377e-07
Completed 97 % :  mod = 1.601364658682796e-16,  Error =7.658154714818011e-07
Completed 97 % :  mod = 1.6013716535288509e-16,  Error =7.677742033251889e-07
Completed 98 % :  mod = 1.6013786943868273e-16,  Error =7.697319048816098e-07
Completed 98 % :  mod = 1.6013858955110475e-16,  Error =7.716907859389721e-07
Completed 98 % :  mod = 1.6013929389539634e-16,  Error =7.736490346132996e-07
Completed 98 % :  mod = 1.6014000594280738e-16,  Error =7.7560813593891e-07
Completed 99 % :  mod = 1.6014073200059005e-16,  Error =7.775666048814855e-07
Completed 99 % :  mod = 1.601414453921696e-16,  Error =7.795253722520101e-07
Completed 99 % :  mod = 1.6014216659026616e-16,  Error =7.8148450199933e-07
Completed 99 % :  mod = 1.6014290133344526e-16,  Error =7.834428146225036e-07
Completed 100 % :  mod = 1.6014362139416849e-16,  Error =7.85400942504566e-07
Finished 2/31 frames
Finished all frames!
