/opt/local/miniconda_23_9/lib/python3.11/site-packages/conda/base/context.py:201: FutureWarning: Adding 'defaults' to channel list implicitly is deprecated and will be removed in 25.3. 

To remove this warning, please choose a default channel explicitly with conda's regular configuration system, e.g. by adding 'defaults' to the list of channels:

  conda config --add channels defaults

For more information see https://docs.conda.io/projects/conda/en/stable/user-guide/configuration/use-condarc.html

  deprecated.topic(
JOB 14537 ARRAY_ID 2  -> i=2 ; range=[2.0015e-10, 2.1e-10] ; intervals=6 (frames=7)
Analytic t0 extension enabled (--extend-time-using-t0).
Extending simulation time for p0=2.030e-10 from 10000000000.0 to 3.138e+10
Completed 0 % :  mod = 1.6237142857745665e-16,  Error =-1.4210854715202004e-14
Completed 0 % :  mod = 1.6310896385301576e-16,  Error =6.519904616197891e-09
Completed 0 % :  mod = 1.653282727894857e-16,  Error =1.3039418433891115e-08
Completed 0 % :  mod = 1.690489397150493e-16,  Error =1.9558314079404227e-08
Completed 0 % :  mod = 1.7430572162167265e-16,  Error =2.6077358938891848e-08
Completed 1 % :  mod = 1.811459951238434e-16,  Error =3.259581404790879e-08
Completed 1 % :  mod = 1.8963070694079323e-16,  Error =3.9114219418934226e-08
Completed 1 % :  mod = 1.9983910640357748e-16,  Error =4.563334243812278e-08
Completed 1 % :  mod = 2.1186295322623335e-16,  Error =5.215293441551694e-08
Completed 2 % :  mod = 2.2580956752749347e-16,  Error =5.86710839911575e-08
Completed 2 % :  mod = 2.4180922182693246e-16,  Error =6.518948225675558e-08
Completed 2 % :  mod = 2.6000560406609446e-16,  Error =7.170849158910642e-08
Completed 2 % :  mod = 2.805612359516981e-16,  Error =7.822693248726864e-08
Completed 3 % :  mod = 3.036681140138316e-16,  Error =8.474579260564497e-08
Completed 3 % :  mod = 3.2953019141984354e-16,  Error =9.126387823243931e-08
Completed 3 % :  mod = 3.583890272941748e-16,  Error =9.778322151987595e-08
Completed 3 % :  mod = 3.9050366839339135e-16,  Error =1.0430322561205685e-07
Completed 4 % :  mod = 4.261610618625302e-16,  Error =1.1082156703423607e-07
Completed 4 % :  mod = 4.656942643238152e-16,  Error =1.1734042004718503e-07
Completed 4 % :  mod = 5.094580928847481e-16,  Error =1.238588396290652e-07
Completed 4 % :  mod = 5.578436230810065e-16,  Error =1.3037679025273974e-07
Completed 5 % :  mod = 6.113027926399804e-16,  Error =1.3689579247966321e-07
Completed 5 % :  mod = 6.703153767084071e-16,  Error =1.4341431864295373e-07
Completed 5 % :  mod = 7.354087459401811e-16,  Error =1.49933256921031e-07
Completed 5 % :  mod = 8.071908952495264e-16,  Error =1.5645236572936483e-07
Completed 6 % :  mod = 8.862954074523385e-16,  Error =1.6297074267868084e-07
Completed 6 % :  mod = 9.73461144828674e-16,  Error =1.6948899883573176e-07
Completed 6 % :  mod = 1.0694703447351655e-15,  Error =1.7600812185492032e-07
Completed 6 % :  mod = 1.1751810376404075e-15,  Error =1.8252565325838077e-07
Completed 7 % :  mod = 1.291580596419669e-15,  Error =1.8904539444974944e-07
Completed 7 % :  mod = 1.4197135915230235e-15,  Error =1.9556363639594565e-07
Completed 7 % :  mod = 1.560725156694443e-15,  Error =2.0208223361350974e-07
Completed 7 % :  mod = 1.7159323871697688e-15,  Error =2.0860194638316898e-07
Completed 8 % :  mod = 1.8867280995388865e-15,  Error =2.151214602008622e-07
Completed 8 % :  mod = 2.074638721670702e-15,  Error =2.2164027058124702e-07
Completed 8 % :  mod = 2.2814194002856126e-15,  Error =2.281597915043676e-07
Completed 8 % :  mod = 2.50892576195607e-15,  Error =2.3467854504133356e-07
Completed 9 % :  mod = 2.759191068068024e-15,  Error =2.4119789543419756e-07
Completed 9 % :  mod = 3.034552881039821e-15,  Error =2.4771661344402673e-07
Completed 9 % :  mod = 3.337441678471763e-15,  Error =2.5423538829727477e-07
Completed 9 % :  mod = 3.6706865443589215e-15,  Error =2.607543336807794e-07
Completed 10 % :  mod = 4.037277969673813e-15,  Error =2.6727306590146327e-07
Completed 10 % :  mod = 4.4404922522138175e-15,  Error =2.737908673111633e-07
Completed 10 % :  mod = 4.884095549702287e-15,  Error =2.80310032962916e-07
Completed 10 % :  mod = 5.372068690809117e-15,  Error =2.868290707169763e-07
Completed 11 % :  mod = 5.908772783637021e-15,  Error =2.9334741924458285e-07
Completed 11 % :  mod = 6.499220829057659e-15,  Error =2.99867210173943e-07
Completed 11 % :  mod = 7.148711413393342e-15,  Error =3.063859423946269e-07
Completed 11 % :  mod = 7.863049160787375e-15,  Error =3.129043264493703e-07
Completed 12 % :  mod = 8.648906227623657e-15,  Error =3.194228810343702e-07
Completed 12 % :  mod = 9.513218966035168e-15,  Error =3.25940895606891e-07
Completed 12 % :  mod = 1.0464060347005033e-14,  Error =3.324602104726182e-07
Completed 12 % :  mod = 1.1509963063685416e-14,  Error =3.389796319197558e-07
Completed 13 % :  mod = 1.2660274554111104e-14,  Error =3.454976038597124e-07
Completed 13 % :  mod = 1.3925739111202517e-14,  Error =3.520171176774056e-07
Completed 13 % :  mod = 1.5317712794789592e-14,  Error =3.5853638280514133e-07
Completed 13 % :  mod = 1.684863593997684e-14,  Error =3.6505463896219226e-07
Completed 14 % :  mod = 1.8532807869948136e-14,  Error =3.7157382593022703e-07
Completed 14 % :  mod = 2.0385342036934008e-14,  Error =3.780928281571505e-07
Completed 14 % :  mod = 2.2422794873657832e-14,  Error =3.8461050877458547e-07
Completed 14 % :  mod = 2.4664196832196753e-14,  Error =3.9113080418928803e-07
Completed 15 % :  mod = 2.712933152906756e-14,  Error =3.976496429913823e-07
Completed 15 % :  mod = 2.984122406580946e-14,  Error =4.0416931312847737e-07
Completed 15 % :  mod = 3.282421038783173e-14,  Error =4.106876403398019e-07
Completed 15 % :  mod = 3.610494986809968e-14,  Error =4.172050793727067e-07
Completed 16 % :  mod = 3.9714085492796944e-14,  Error =4.237240531779207e-07
Completed 16 % :  mod = 4.368400472916075e-14,  Error =4.3024196116903113e-07
Completed 16 % :  mod = 4.8050187124657194e-14,  Error =4.36760494437749e-07
Completed 16 % :  mod = 5.2853413734159606e-14,  Error =4.43279844830613e-07
Completed 17 % :  mod = 5.813678715438406e-14,  Error =4.4979849889159595e-07
Completed 17 % :  mod = 6.394752494317105e-14,  Error =4.5631726663941663e-07
Completed 17 % :  mod = 7.033990000699087e-14,  Error =4.6283702204164e-07
Completed 17 % :  mod = 7.737127464275817e-14,  Error =4.6935630138023043e-07
Completed 18 % :  mod = 8.510448724284364e-14,  Error =4.7587467832954644e-07
Completed 18 % :  mod = 9.361176540887781e-14,  Error =4.823937516107435e-07
Completed 18 % :  mod = 1.0296819415768077e-13,  Error =4.889122209306151e-07
Completed 18 % :  mod = 1.1326115996846072e-13,  Error =4.954306334070679e-07
Completed 19 % :  mod = 1.2458302255050534e-13,  Error =5.019500406433508e-07
Completed 19 % :  mod = 1.370349574797499e-13,  Error =5.084684886469404e-07
Completed 19 % :  mod = 1.5073325647523038e-13,  Error =5.14987533506428e-07
Completed 19 % :  mod = 1.6580082769415273e-13,  Error =5.215066565256166e-07
Completed 20 % :  mod = 1.8237230897490548e-13,  Error =5.280243797756157e-07
Completed 20 % :  mod = 2.0060245149485792e-13,  Error =5.34543914909591e-07
Completed 20 % :  mod = 2.2065480678280693e-13,  Error =5.410628745039503e-07
Completed 20 % :  mod = 2.4270852993313336e-13,  Error =5.475805124888211e-07
Completed 21 % :  mod = 2.669695344865182e-13,  Error =5.541001115716426e-07
Completed 21 % :  mod = 2.9365185893744693e-13,  Error =5.606177921890776e-07
Completed 21 % :  mod = 3.2300459107638965e-13,  Error =5.671371070548048e-07
Completed 21 % :  mod = 3.5529095875035266e-13,  Error =5.736567771918999e-07
Completed 22 % :  mod = 3.907992741367933e-13,  Error =5.801740456945481e-07
Completed 22 % :  mod = 4.2986088053775776e-13,  Error =5.866932326625829e-07
Completed 22 % :  mod = 4.728258889772292e-13,  Error =5.93212128308096e-07
Completed 22 % :  mod = 5.200777262033933e-13,  Error =5.997304697302752e-07
Completed 23 % :  mod = 5.720569944639606e-13,  Error =6.06249180634677e-07
Completed 23 % :  mod = 6.292291538435121e-13,  Error =6.127681686507458e-07
Completed 23 % :  mod = 6.921038430177661e-13,  Error =6.192859061115996e-07
Completed 23 % :  mod = 7.612665747734277e-13,  Error =6.258045246454458e-07
Completed 24 % :  mod = 8.373254733821723e-13,  Error =6.323224965854024e-07
Completed 24 % :  mod = 9.209878415223374e-13,  Error =6.388416906588645e-07
Completed 24 % :  mod = 1.013000306805223e-12,  Error =6.453601386624541e-07
Completed 24 % :  mod = 1.1141796941980153e-12,  Error =6.518779471775815e-07
Completed 25 % :  mod = 1.2254637198693117e-12,  Error =6.583968428230946e-07
Completed 25 % :  mod = 1.34784126670225e-12,  Error =6.649166479633095e-07
Completed 25 % :  mod = 1.4823930750592568e-12,  Error =6.71434477794719e-07
Completed 25 % :  mod = 1.6303586393253993e-12,  Error =6.779523928912567e-07
Completed 26 % :  mod = 1.7930428033952272e-12,  Error =6.844710895848038e-07
Completed 26 % :  mod = 1.971868986759947e-12,  Error =6.909883438765974e-07
Completed 26 % :  mod = 2.1684668811746046e-12,  Error =6.975066995096313e-07
Completed 26 % :  mod = 2.3845467163130487e-12,  Error =7.040242806510832e-07
Completed 27 % :  mod = 2.6219679341813793e-12,  Error =7.105415136265947e-07
Completed 27 % :  mod = 2.8828527983750937e-12,  Error =7.170588887106533e-07
Completed 27 % :  mod = 3.169377399788277e-12,  Error =7.235756385171044e-07
Completed 27 % :  mod = 3.4840498500377084e-12,  Error =7.300915925156914e-07
Completed 28 % :  mod = 3.829470741918498e-12,  Error =7.366088823346217e-07
Completed 28 % :  mod = 4.208431412416753e-12,  Error =7.431231665577798e-07
Completed 28 % :  mod = 4.624079283388008e-12,  Error =7.496384100136311e-07
Completed 28 % :  mod = 5.079624706173588e-12,  Error =7.561519907994807e-07
Completed 29 % :  mod = 5.578452354545954e-12,  Error =7.626649036751587e-07
Completed 29 % :  mod = 6.1243138166231795e-12,  Error =7.691771699569472e-07
Completed 29 % :  mod = 6.720909698981814e-12,  Error =7.756888962262565e-07
Completed 29 % :  mod = 7.371996330933907e-12,  Error =7.821966221399634e-07
Completed 30 % :  mod = 8.081584015536904e-12,  Error =7.887033319775583e-07
Completed 30 % :  mod = 8.853222812330742e-12,  Error =7.952065175231837e-07
Completed 30 % :  mod = 9.690576205390772e-12,  Error =8.017085519895772e-07
Completed 30 % :  mod = 1.0596545880143032e-11,  Error =8.082063445158383e-07
Completed 31 % :  mod = 1.1573262671853698e-11,  Error =8.147003427438904e-07
Completed 31 % :  mod = 1.2622163761667952e-11,  Error =8.211898787635619e-07
Completed 31 % :  mod = 1.374282824531623e-11,  Error =8.276739080770312e-07
Completed 31 % :  mod = 1.4932812506296123e-11,  Error =8.341504482700657e-07
Completed 32 % :  mod = 1.6187572128448837e-11,  Error =8.406219649259583e-07
Completed 32 % :  mod = 1.749891533632721e-11,  Error =8.470844363728247e-07
Completed 32 % :  mod = 1.885477576682927e-11,  Error =8.535363775763471e-07
Completed 32 % :  mod = 2.023916029154519e-11,  Error =8.599775824791323e-07
Completed 33 % :  mod = 2.1630646896328755e-11,  Error =8.66408726096779e-07
Completed 33 % :  mod = 2.3002713774902882e-11,  Error =8.728265541435576e-07
Completed 33 % :  mod = 2.4324500568573722e-11,  Error =8.792325374429311e-07
Completed 33 % :  mod = 2.5560395564531913e-11,  Error =8.856257380784882e-07
Completed 34 % :  mod = 2.6672830190997828e-11,  Error =8.920076126628373e-07
Completed 34 % :  mod = 2.76232960597944e-11,  Error =8.983784240967907e-07
Completed 34 % :  mod = 2.8375628007435365e-11,  Error =9.047387692362463e-07
Completed 34 % :  mod = 2.889921060424848e-11,  Error =9.110923926414216e-07
Completed 35 % :  mod = 2.917129198661287e-11,  Error =9.174411204071475e-07
Completed 35 % :  mod = 2.917972528735982e-11,  Error =9.237884768253934e-07
Completed 35 % :  mod = 2.8924131290678998e-11,  Error =9.301372259074014e-07
Completed 35 % :  mod = 2.8415933418595617e-11,  Error =9.364911264242437e-07
Completed 36 % :  mod = 2.767727695915196e-11,  Error =9.428504768038692e-07
Completed 36 % :  mod = 2.673834489206681e-11,  Error =9.492201726857274e-07
Completed 36 % :  mod = 2.5635206422452215e-11,  Error =9.555996598464844e-07
Completed 36 % :  mod = 2.440586176111476e-11,  Error =9.619925478432378e-07
Completed 37 % :  mod = 2.308843041053605e-11,  Error =9.683980408681236e-07
Completed 37 % :  mod = 2.1718589218472342e-11,  Error =9.748140072929345e-07
Completed 37 % :  mod = 2.032748758212135e-11,  Error =9.812435095568617e-07
Completed 37 % :  mod = 1.894196774570471e-11,  Error =9.876850057821684e-07
Completed 38 % :  mod = 1.7583773590669855e-11,  Error =9.941359877529976e-07
Completed 38 % :  mod = 1.626919766538037e-11,  Error =1.0005966544213152e-06
Completed 38 % :  mod = 1.5010571971786604e-11,  Error =1.0070664160366505e-06
Completed 38 % :  mod = 1.3816313662756437e-11,  Error =1.0135422314760945e-06
Completed 39 % :  mod = 1.2691149512394854e-11,  Error =1.0200267865911883e-06
Completed 39 % :  mod = 1.1637798375585861e-11,  Error =1.0265145533594477e-06
Completed 39 % :  mod = 1.065640212092721e-11,  Error =1.0330086226417734e-06
Completed 39 % :  mod = 9.745993611225415e-12,  Error =1.0395062446377779e-06
Completed 40 % :  mod = 8.904473125657298e-12,  Error =1.046007554350581e-06
Completed 40 % :  mod = 8.1286677908119e-12,  Error =1.0525121894033873e-06
Completed 40 % :  mod = 7.415246067313497e-12,  Error =1.0590190129278199e-06
Completed 40 % :  mod = 6.7605674184672166e-12,  Error =1.0655267743686636e-06
Completed 41 % :  mod = 6.1606239834162755e-12,  Error =1.072037470351006e-06
Completed 41 % :  mod = 5.6116571465099335e-12,  Error =1.078549189514888e-06
Completed 41 % :  mod = 5.109959599244873e-12,  Error =1.0850622942371047e-06
Completed 41 % :  mod = 4.65176908347913e-12,  Error =1.0915769550479126e-06
Completed 42 % :  mod = 4.233689554398985e-12,  Error =1.098091900075815e-06
Completed 42 % :  mod = 3.852498162433068e-12,  Error =1.1046066887843153e-06
Completed 42 % :  mod = 3.5050337112994247e-12,  Error =1.111122735153458e-06
Completed 42 % :  mod = 3.188530527345511e-12,  Error =1.1176389307365753e-06
Completed 43 % :  mod = 2.90025952145392e-12,  Error =1.1241561352903773e-06
Completed 43 % :  mod = 2.6378154398791293e-12,  Error =1.1306746401373857e-06
Completed 43 % :  mod = 2.3989721414428318e-12,  Error =1.137191709688068e-06
Completed 43 % :  mod = 2.181595813257724e-12,  Error =1.1437091558264e-06
Completed 44 % :  mod = 1.9838167315641253e-12,  Error =1.1502275540919982e-06
Completed 44 % :  mod = 1.8039150506872508e-12,  Error =1.1567454620831086e-06
Completed 44 % :  mod = 1.6402517735468709e-12,  Error =1.1632636542913133e-06
Completed 44 % :  mod = 1.4913952868400997e-12,  Error =1.1697818820266548e-06
Completed 45 % :  mod = 1.3560331707384148e-12,  Error =1.176298951577337e-06
Completed 45 % :  mod = 1.2329186773576756e-12,  Error =1.1828181953887906e-06
Completed 45 % :  mod = 1.1209783532519016e-12,  Error =1.189336998663748e-06
Completed 45 % :  mod = 1.0191765727285367e-12,  Error =1.1958559937852442e-06
Completed 46 % :  mod = 9.2661097636456e-13,  Error =1.202375898401442e-06
Completed 46 % :  mod = 8.424565110253999e-13,  Error =1.2088940124499459e-06
Completed 46 % :  mod = 7.659313635828418e-13,  Error =1.2154129791497326e-06
Completed 46 % :  mod = 6.963547818212947e-13,  Error =1.2219315124184504e-06
Completed 47 % :  mod = 6.331047802170299e-13,  Error =1.2284497188375099e-06
Completed 47 % :  mod = 5.755923723904573e-13,  Error =1.2349688844892626e-06
Completed 47 % :  mod = 5.233049029829361e-13,  Error =1.2414884551503746e-06
Completed 47 % :  mod = 4.757741638958456e-13,  Error =1.2480062707709294e-06
Completed 48 % :  mod = 4.3255696131081255e-13,  Error =1.2545253582629812e-06
Completed 48 % :  mod = 3.9327240993304346e-13,  Error =1.2610435220494765e-06
Completed 48 % :  mod = 3.575540074023966e-13,  Error =1.2675631140268706e-06
Completed 48 % :  mod = 3.2508285340263057e-13,  Error =1.2740819670398196e-06
Completed 49 % :  mod = 2.955677988523342e-13,  Error =1.280599974506913e-06
Completed 49 % :  mod = 2.687333448605428e-13,  Error =1.2871191827912298e-06
Completed 49 % :  mod = 2.443398034236182e-13,  Error =1.2936383271267005e-06
Completed 49 % :  mod = 2.221683729998667e-13,  Error =1.3001563203829392e-06
Completed 50 % :  mod = 2.0201204189427607e-13,  Error =1.3066754434021277e-06
Completed 50 % :  mod = 1.8369072733969653e-13,  Error =1.313194701424436e-06
Completed 50 % :  mod = 1.6704005962075685e-13,  Error =1.3197134975939662e-06
Completed 50 % :  mod = 1.5190454842664754e-13,  Error =1.3262330114116594e-06
Completed 51 % :  mod = 1.3814894993726834e-13,  Error =1.3327516725780697e-06
Completed 51 % :  mod = 1.2564984110432994e-13,  Error =1.3392706179615743e-06
Completed 51 % :  mod = 1.1429048976593264e-13,  Error =1.3457894283419591e-06
Completed 51 % :  mod = 1.0397064314056073e-13,  Error =1.352307364754779e-06
Completed 52 % :  mod = 9.459391808321725e-14,  Error =1.3588263314545657e-06
Completed 52 % :  mod = 8.607652007552157e-14,  Error =1.3653453336814891e-06
Completed 52 % :  mod = 7.834201821901548e-14,  Error =1.3718636395765316e-06
Completed 52 % :  mod = 7.13181728726614e-14,  Error =1.37838313918337e-06
Completed 53 % :  mod = 6.494221477146905e-14,  Error =1.3849029301127302e-06
Completed 53 % :  mod = 5.915692690612924e-14,  Error =1.3914208167875586e-06
Completed 53 % :  mod = 5.390827406465657e-14,  Error =1.3979398048036273e-06
Completed 53 % :  mod = 4.914935142402139e-14,  Error =1.4044582101746528e-06
Completed 54 % :  mod = 4.4837451250858424e-14,  Error =1.4109758055269594e-06
Completed 54 % :  mod = 4.093229947756357e-14,  Error =1.4174947793321735e-06
Completed 54 % :  mod = 3.739942775849981e-14,  Error =1.424013582607131e-06
Completed 54 % :  mod = 3.420583816915411e-14,  Error =1.4305331603736704e-06
Completed 55 % :  mod = 3.13229931057275e-14,  Error =1.4370516012718326e-06
Completed 55 % :  mod = 2.8725018217263144e-14,  Error =1.4435699995374307e-06
Completed 55 % :  mod = 2.638764764557186e-14,  Error =1.450089015975209e-06
Completed 55 % :  mod = 2.4289997158167783e-14,  Error =1.456608210048671e-06
Completed 56 % :  mod = 2.241323707604525e-14,  Error =1.4631260469855079e-06
Completed 56 % :  mod = 2.0739837858697177e-14,  Error =1.469645717122603e-06
Completed 56 % :  mod = 1.9254850998566858e-14,  Error =1.4761652522565782e-06
Completed 56 % :  mod = 1.794494281143359e-14,  Error =1.482683821052433e-06
Completed 57 % :  mod = 1.6797878319809492e-14,  Error =1.4892037398794855e-06
Completed 57 % :  mod = 1.580341526131866e-14,  Error =1.4957227492118363e-06
Completed 57 % :  mod = 1.4952619283032025e-14,  Error =1.5022410480014514e-06
Completed 57 % :  mod = 1.4237543659719117e-14,  Error =1.5087597873275627e-06
Completed 58 % :  mod = 1.3651876789945255e-14,  Error =1.5152783419125626e-06
Completed 58 % :  mod = 1.3190148343651555e-14,  Error =1.5217970172898276e-06
Completed 58 % :  mod = 1.284824670752035e-14,  Error =1.5283159342516228e-06
Completed 58 % :  mod = 1.2623087272366364e-14,  Error =1.534834531469187e-06
Completed 59 % :  mod = 1.2512566972117428e-14,  Error =1.5413539102837603e-06
Completed 59 % :  mod = 1.2515717956549801e-14,  Error =1.5478736941076932e-06
Completed 59 % :  mod = 1.2632546624577606e-14,  Error =1.554392405012095e-06
Completed 59 % :  mod = 1.286414419684573e-14,  Error =1.5609109098591034e-06
Completed 60 % :  mod = 1.3212606983635483e-14,  Error =1.5674306794721815e-06
Completed 60 % :  mod = 1.368103291654799e-14,  Error =1.573949084843207e-06
Completed 60 % :  mod = 1.4273797255453776e-14,  Error =1.5804687905074388e-06
Completed 60 % :  mod = 1.4996132027483764e-14,  Error =1.586987330881584e-06
Completed 61 % :  mod = 1.5854784088135756e-14,  Error =1.5935066528527386e-06
Completed 61 % :  mod = 1.6857470013438357e-14,  Error =1.6000257545556451e-06
Completed 61 % :  mod = 1.8013140856476818e-14,  Error =1.6065439396584225e-06
Completed 61 % :  mod = 1.933259097543323e-14,  Error =1.613063261629577e-06
Completed 62 % :  mod = 2.0827669283630137e-14,  Error =1.6195824628084665e-06
Completed 62 % :  mod = 2.251172995879132e-14,  Error =1.6261011239748768e-06
Completed 62 % :  mod = 2.440050268279963e-14,  Error =1.6326197567195777e-06
Completed 62 % :  mod = 2.6510943267204802e-14,  Error =1.6391387589465012e-06
Completed 63 % :  mod = 2.8861907363553156e-14,  Error =1.645656595883338e-06
Completed 63 % :  mod = 3.1475353706828086e-14,  Error =1.6521752002063295e-06
Completed 63 % :  mod = 3.4374349729743444e-14,  Error =1.65869372636962e-06
Completed 63 % :  mod = 3.758597289600204e-14,  Error =1.6652129914973557e-06
Completed 64 % :  mod = 4.11390474948486e-14,  Error =1.67173282505928e-06
Completed 64 % :  mod = 4.5065324227558363e-14,  Error =1.6782516212288101e-06
Completed 64 % :  mod = 4.940147546344108e-14,  Error =1.6847702255518016e-06
Completed 64 % :  mod = 5.4186415513386805e-14,  Error =1.691288950667058e-06
Completed 65 % :  mod = 5.94629049531263e-14,  Error =1.6978076402551778e-06
Completed 65 % :  mod = 6.52802270016717e-14,  Error =1.704327154072871e-06
Completed 65 % :  mod = 7.169058621758733e-14,  Error =1.7108460639292389e-06
Completed 65 % :  mod = 7.875126947085839e-14,  Error =1.7173643271917172e-06
Completed 66 % :  mod = 8.65282235248896e-14,  Error =1.723883414683769e-06
Completed 66 % :  mod = 9.509123589264798e-14,  Error =1.7304033761433857e-06
Completed 66 % :  mod = 1.0451683008735204e-13,  Error =1.7369212201856499e-06
Completed 66 % :  mod = 1.1489303854037457e-13,  Error =1.7434399879334705e-06
Completed 67 % :  mod = 1.2631143886762775e-13,  Error =1.749958471464197e-06
Completed 67 % :  mod = 1.3887867240245128e-13,  Error =1.7564773031608638e-06
Completed 67 % :  mod = 1.5270750254705373e-13,  Error =1.7629963480203514e-06
Completed 67 % :  mod = 1.6792150087434608e-13,  Error =1.7695148883944967e-06
Completed 68 % :  mod = 1.8466274656292694e-13,  Error =1.7760343382633437e-06
Completed 68 % :  mod = 2.0308144055119665e-13,  Error =1.7825535678639426e-06
Completed 68 % :  mod = 2.2334214977728704e-13,  Error =1.7890710850565483e-06
Completed 68 % :  mod = 2.4563405756037016e-13,  Error =1.7955902364974463e-06
Completed 69 % :  mod = 2.7015713026822496e-13,  Error =1.8021093595166349e-06
Completed 69 % :  mod = 2.9713043110138296e-13,  Error =1.8086271538209076e-06
Completed 69 % :  mod = 3.2680576137154255e-13,  Error =1.815146312367233e-06
Completed 69 % :  mod = 3.594448654306346e-13,  Error =1.8216642629909074e-06
Completed 70 % :  mod = 3.9535235805792225e-13,  Error =1.828182313090565e-06
Completed 70 % :  mod = 4.348501404353772e-13,  Error =1.8347021679687714e-06
Completed 70 % :  mod = 4.782907769243913e-13,  Error =1.8412205307072327e-06
Completed 70 % :  mod = 5.260794385000898e-13,  Error =1.8477395755667203e-06
Completed 71 % :  mod = 5.786442014435324e-13,  Error =1.8542590254355673e-06
Completed 71 % :  mod = 6.364538215556793e-13,  Error =1.8607769476375324e-06
Completed 71 % :  mod = 7.000468942337816e-13,  Error =1.8672960635512936e-06
Completed 71 % :  mod = 7.699922743689167e-13,  Error =1.8738151510433454e-06
Completed 72 % :  mod = 8.469126594689453e-13,  Error =1.8803333148298407e-06
Completed 72 % :  mod = 9.315232921560538e-13,  Error =1.8868526154847132e-06
Completed 72 % :  mod = 1.0245667025853688e-12,  Error =1.8933700474121906e-06
Completed 72 % :  mod = 1.126906246598035e-12,  Error =1.8998887796328745e-06
Completed 73 % :  mod = 1.2394527130832034e-12,  Error =1.9064072418473188e-06
Completed 73 % :  mod = 1.36320186564313e-12,  Error =1.912924410873984e-06
Completed 73 % :  mod = 1.4992961373816737e-12,  Error =1.919443839426549e-06
Completed 73 % :  mod = 1.6489389479227025e-12,  Error =1.9259621453215914e-06
Completed 74 % :  mod = 1.8134439444587145e-12,  Error =1.9324797264630433e-06
Completed 74 % :  mod = 1.994316070417932e-12,  Error =1.9389970589145378e-06
Completed 74 % :  mod = 2.193136419722631e-12,  Error =1.945515244017315e-06
Completed 74 % :  mod = 2.4116260831434805e-12,  Error =1.952030999063936e-06
Completed 75 % :  mod = 2.6517516169006715e-12,  Error =1.9585487009976532e-06
Completed 75 % :  mod = 2.9155692162633687e-12,  Error =1.9650663034553872e-06
Completed 75 % :  mod = 3.205305775250167e-12,  Error =1.971582094029145e-06
Completed 75 % :  mod = 3.5234936477869268e-12,  Error =1.9780990285767075e-06
Completed 76 % :  mod = 3.872710608206035e-12,  Error =1.984614115713157e-06
Completed 76 % :  mod = 4.2559124499262945e-12,  Error =1.9911291460061875e-06
Completed 76 % :  mod = 4.676132230557409e-12,  Error =1.9976445599922954e-06
Completed 76 % :  mod = 5.13658888359905e-12,  Error =2.0041574799734008e-06
Completed 77 % :  mod = 5.640873041393694e-12,  Error =2.010670876018139e-06
Completed 77 % :  mod = 6.192571503279094e-12,  Error =2.0171823251757814e-06
Completed 77 % :  mod = 6.795378366401125e-12,  Error =2.023691550334661e-06
Completed 77 % :  mod = 7.453295401244228e-12,  Error =2.0301998873151206e-06
Completed 78 % :  mod = 8.17008656148368e-12,  Error =2.0367073574334427e-06
Completed 78 % :  mod = 8.949357887299546e-12,  Error =2.043210919566718e-06
Completed 78 % :  mod = 9.79473067454077e-12,  Error =2.04971228612294e-06
Completed 78 % :  mod = 1.0708911983282938e-11,  Error =2.0562097091669784e-06
Completed 79 % :  mod = 1.1694287060517917e-11,  Error =2.062702925798021e-06
Completed 79 % :  mod = 1.2751777588711388e-11,  Error =2.0691924831339747e-06
Completed 79 % :  mod = 1.3880725489492897e-11,  Error =2.0756744376626557e-06
Completed 79 % :  mod = 1.5078859153063215e-11,  Error =2.082150793114579e-06
Completed 80 % :  mod = 1.634084376216134e-11,  Error =2.0886194533886737e-06
Completed 80 % :  mod = 1.765804007543471e-11,  Error =2.0950792105622895e-06
Completed 80 % :  mod = 1.901839570564466e-11,  Error =2.1015304625393583e-06
Completed 80 % :  mod = 2.0404840274778444e-11,  Error =2.107971027953681e-06
Completed 81 % :  mod = 2.1795342021857037e-11,  Error =2.1144004946904715e-06
Completed 81 % :  mod = 2.3163309597715248e-11,  Error =2.1208180527310105e-06
Completed 81 % :  mod = 2.4476812574000994e-11,  Error =2.127222963110853e-06
Completed 81 % :  mod = 2.5700017831857882e-11,  Error =2.133614117383331e-06
Completed 82 % :  mod = 2.6795173818996254e-11,  Error =2.139994656147337e-06
Completed 82 % :  mod = 2.772378465676155e-11,  Error =2.1463633785856473e-06
Completed 82 % :  mod = 2.8450475605117397e-11,  Error =2.1527232192397605e-06
Completed 82 % :  mod = 2.8945132363268304e-11,  Error =2.1590770771240386e-06
Completed 83 % :  mod = 2.918624065005858e-11,  Error =2.1654248669733533e-06
Completed 83 % :  mod = 2.916305657988911e-11,  Error =2.171772379711001e-06
Completed 83 % :  mod = 2.8876581133969363e-11,  Error =2.1781222869776684e-06
Completed 83 % :  mod = 2.8339687968619873e-11,  Error =2.1844757043254504e-06
Completed 84 % :  mod = 2.757540111841778e-11,  Error =2.190837285809266e-06
Completed 84 % :  mod = 2.661495621779202e-11,  Error =2.197208182508348e-06
Completed 84 % :  mod = 2.5494791675247865e-11,  Error =2.2035892186522688e-06
Completed 84 % :  mod = 2.4253003030874725e-11,  Error =2.2099834637856475e-06
Completed 85 % :  mod = 2.2927691496444888e-11,  Error =2.2163883670600626e-06
Completed 85 % :  mod = 2.1553604506365002e-11,  Error =2.222807367502355e-06
Completed 85 % :  mod = 2.0161866410624543e-11,  Error =2.2292384826982925e-06
Completed 85 % :  mod = 1.8778719880137286e-11,  Error =2.2356800428724455e-06
Completed 86 % :  mod = 1.7424780001295646e-11,  Error =2.2421332133149008e-06
Completed 86 % :  mod = 1.611630517754545e-11,  Error =2.2485948321104843e-06
Completed 86 % :  mod = 1.4865111834280664e-11,  Error =2.2550648708374865e-06
Completed 86 % :  mod = 1.3678728974473964e-11,  Error =2.2615432868633434e-06
Completed 87 % :  mod = 1.2562011095337436e-11,  Error =2.268027841978437e-06
Completed 87 % :  mod = 1.1517249579160727e-11,  Error =2.2745172998384078e-06
Completed 87 % :  mod = 1.0544383126653191e-11,  Error =2.2810118665006485e-06
Completed 87 % :  mod = 9.642403376975056e-12,  Error =2.28751014219597e-06
Completed 88 % :  mod = 8.808770815435004e-12,  Error =2.2940124750903124e-06
Completed 88 % :  mod = 8.040576523119128e-12,  Error =2.3005172664625206e-06
Completed 88 % :  mod = 7.334420713303234e-12,  Error =2.3070230028565675e-06
Completed 88 % :  mod = 6.686381038149676e-12,  Error =2.313531055619933e-06
Completed 89 % :  mod = 6.092704756289255e-12,  Error =2.320042106873643e-06
Completed 89 % :  mod = 5.549617704819017e-12,  Error =2.32655370524526e-06
Completed 89 % :  mod = 5.0532263223224925e-12,  Error =2.3330667104914937e-06
Completed 89 % :  mod = 4.599987500192848e-12,  Error =2.339581001820079e-06
Completed 90 % :  mod = 4.186510710981513e-12,  Error =2.3460953784137928e-06
Completed 90 % :  mod = 3.809445266440789e-12,  Error =2.352611474520927e-06
Completed 90 % :  mod = 3.4658071621889265e-12,  Error =2.35912738588695e-06
Completed 90 % :  mod = 3.152804106516487e-12,  Error =2.3656436027863492e-06
Completed 91 % :  mod = 2.867732183051937e-12,  Error =2.3721612905092115e-06
Completed 91 % :  mod = 2.608240680936912e-12,  Error =2.3786780545265174e-06
Completed 91 % :  mod = 2.3720305055261156e-12,  Error =2.385195493559422e-06
Completed 91 % :  mod = 2.157084383816372e-12,  Error =2.3917130178574553e-06
Completed 92 % :  mod = 1.9615440781821372e-12,  Error =2.3982301655678384e-06
Completed 92 % :  mod = 1.7836363077109532e-12,  Error =2.404748414619462e-06
Completed 92 % :  mod = 1.621811018929959e-12,  Error =2.4112674026355307e-06
Completed 92 % :  mod = 1.4746460893851395e-12,  Error =2.417784926933564e-06
Completed 93 % :  mod = 1.340789549176093e-12,  Error =2.424304085479889e-06
Completed 93 % :  mod = 1.2190620782004771e-12,  Error =2.430823215604505e-06
Completed 93 % :  mod = 1.1083840939099774e-12,  Error =2.437341628080958e-06
Completed 93 % :  mod = 1.0077314279912561e-12,  Error =2.4438614403266e-06
Completed 94 % :  mod = 9.162228872228989e-13,  Error =2.4503800375441642e-06
Completed 94 % :  mod = 8.330091746584728e-13,  Error =2.456899267144763e-06
Completed 94 % :  mod = 7.573506667934335e-13,  Error =2.463418596221345e-06
Completed 94 % :  mod = 6.885714809663986e-13,  Error =2.4699373568637384e-06
Completed 95 % :  mod = 6.260314979135811e-13,  Error =2.476456167244123e-06
Completed 95 % :  mod = 5.691735141308384e-13,  Error =2.482975077100491e-06
Completed 95 % :  mod = 5.174885951084865e-13,  Error =2.489493908797158e-06
Completed 95 % :  mod = 4.704949624121189e-13,  Error =2.4960128754969446e-06
Completed 96 % :  mod = 4.2777335804300124e-13,  Error =2.5025321193083983e-06
Completed 96 % :  mod = 3.889409560280229e-13,  Error =2.509051086008185e-06
Completed 96 % :  mod = 3.536354623816214e-13,  Error =2.5155696974366037e-06
Completed 96 % :  mod = 3.215455646315849e-13,  Error =2.522087598322287e-06
Completed 97 % :  mod = 2.923717656655282e-13,  Error =2.5286068634500225e-06
Completed 97 % :  mod = 2.658535094368546e-13,  Error =2.53512666148481e-06
Completed 97 % :  mod = 2.417529561963029e-13,  Error =2.5416452231752373e-06
Completed 97 % :  mod = 2.1984509737581284e-13,  Error =2.548164246718443e-06
Completed 98 % :  mod = 1.999342133025675e-13,  Error =2.554683419475623e-06
Completed 98 % :  mod = 1.8184168134760037e-13,  Error =2.5612020877474606e-06
Completed 98 % :  mod = 1.6539855283742908e-13,  Error =2.5677212747154954e-06
Completed 98 % :  mod = 1.504579050469942e-13,  Error =2.574240795638616e-06
Completed 99 % :  mod = 1.368856847980563e-13,  Error =2.5807595278593e-06
Completed 99 % :  mod = 1.2455514049571703e-13,  Error =2.5872786721947705e-06
Completed 99 % :  mod = 1.1335608680641309e-13,  Error =2.5937971273037874e-06
Completed 99 % :  mod = 1.0318803279640281e-13,  Error =2.6003151134545988e-06
Completed 100 % :  mod = 9.395601272460241e-14,  Error =2.606833909624129e-06
Finished 3/7 frames
Finished all frames!
