/opt/local/miniconda_23_9/lib/python3.11/site-packages/conda/base/context.py:201: FutureWarning: Adding 'defaults' to channel list implicitly is deprecated and will be removed in 25.3. 

To remove this warning, please choose a default channel explicitly with conda's regular configuration system, e.g. by adding 'defaults' to the list of channels:

  conda config --add channels defaults

For more information see https://docs.conda.io/projects/conda/en/stable/user-guide/configuration/use-condarc.html

  deprecated.topic(
JOB 14523 ARRAY_ID 6  -> i=6 ; range=[2.0015e-10, 2.1e-10] ; intervals=6 (frames=7)
Analytic t0 extension enabled (--extend-time-using-t0).
Extending simulation time for p0=2.086e-10 from 10000000000.0 to 1.597e+10
Completed 0 % :  mod = 1.6687428565865893e-16,  Error =-1.4210854715202004e-14
Completed 0 % :  mod = 1.674433171090082e-16,  Error =3.7015297493780963e-09
Completed 0 % :  mod = 1.691537185798438e-16,  Error =7.402448432003439e-09
Completed 0 % :  mod = 1.7201714892340573e-16,  Error =1.1103836072834383e-08
Completed 0 % :  mod = 1.760531271206084e-16,  Error =1.480465527947672e-08
Completed 1 % :  mod = 1.8128916364766165e-16,  Error =1.85052826395804e-08
Completed 1 % :  mod = 1.8776094891815413e-16,  Error =2.220570394229071e-08
Completed 1 % :  mod = 1.9551259792171934e-16,  Error =2.590657288692455e-08
Completed 1 % :  mod = 2.0459695204156174e-16,  Error =2.9607484464122535e-08
Completed 2 % :  mod = 2.150759301409279e-16,  Error =3.330804076995264e-08
Completed 2 % :  mod = 2.2702415797314056e-16,  Error =3.700926498595436e-08
Completed 2 % :  mod = 2.405170700156675e-16,  Error =4.070977865922032e-08
Completed 2 % :  mod = 2.556494601844304e-16,  Error =4.441066892013623e-08
Completed 3 % :  mod = 2.7252447190475507e-16,  Error =4.811150944306064e-08
Completed 3 % :  mod = 2.9125713404999655e-16,  Error =5.1812094170600176e-08
Completed 3 % :  mod = 3.11975141334748e-16,  Error =5.551262205472085e-08
Completed 3 % :  mod = 3.3481970605237776e-16,  Error =5.921284440546515e-08
Completed 4 % :  mod = 3.5994656222059423e-16,  Error =6.291310938877359e-08
Completed 4 % :  mod = 3.875269696753119e-16,  Error =6.661323226353488e-08
Completed 4 % :  mod = 4.1774894713845077e-16,  Error =7.031413673530551e-08
Completed 4 % :  mod = 4.508271631784121e-16,  Error =7.401602175605149e-08
Completed 5 % :  mod = 4.86970495427225e-16,  Error =7.771637200448822e-08
Completed 5 % :  mod = 5.26433230992512e-16,  Error =8.141715568399377e-08
Completed 5 % :  mod = 5.69484384002124e-16,  Error =8.511705118507962e-08
Completed 5 % :  mod = 6.164173995184e-16,  Error =8.881765012347387e-08
Completed 6 % :  mod = 6.67552195433509e-16,  Error =9.251834143242377e-08
Completed 6 % :  mod = 7.23237338574847e-16,  Error =9.621886221111708e-08
Completed 6 % :  mod = 7.838523879526155e-16,  Error =9.991940430609247e-08
Completed 6 % :  mod = 8.498105443227213e-16,  Error =1.036197403436745e-07
Completed 7 % :  mod = 9.215613828296288e-16,  Error =1.0731996979984615e-07
Completed 7 % :  mod = 9.996144490054173e-16,  Error =1.1102156349807046e-07
Completed 7 % :  mod = 1.084462540663099e-15,  Error =1.1472238981014016e-07
Completed 7 % :  mod = 1.1767028403806174e-15,  Error =1.1842296743225234e-07
Completed 8 % :  mod = 1.2769640695300103e-15,  Error =1.2212322531013342e-07
Completed 8 % :  mod = 1.3859296789579669e-15,  Error =1.2582408004391255e-07
Completed 8 % :  mod = 1.504342413575243e-15,  Error =1.2952465766602472e-07
Completed 8 % :  mod = 1.63300943100199e-15,  Error =1.332252352881369e-07
Completed 9 % :  mod = 1.7728077940987218e-15,  Error =1.3692621791960846e-07
Completed 9 % :  mod = 1.9246904141039187e-15,  Error =1.4062680975257535e-07
Completed 9 % :  mod = 2.0897357944326338e-15,  Error =1.4432809081199593e-07
Completed 9 % :  mod = 2.26898600574343e-15,  Error =1.4802849079842417e-07
Completed 10 % :  mod = 2.463702679984897e-15,  Error =1.5172880551972412e-07
Completed 10 % :  mod = 2.675213061020112e-15,  Error =1.5542945419610987e-07
Completed 10 % :  mod = 2.9049589249669483e-15,  Error =1.5913004602907677e-07
Completed 10 % :  mod = 3.154506310168522e-15,  Error =1.6283052417520594e-07
Completed 11 % :  mod = 3.425556250171834e-15,  Error =1.6653167023150672e-07
Completed 11 % :  mod = 3.719956352084996e-15,  Error =1.7023220522105476e-07
Completed 11 % :  mod = 4.039713364966254e-15,  Error =1.7393264784004714e-07
Completed 11 % :  mod = 4.38700692441214e-15,  Error =1.7763313309160367e-07
Completed 12 % :  mod = 4.764303002239644e-15,  Error =1.8133478363324684e-07
Completed 12 % :  mod = 5.173983895673518e-15,  Error =1.8503536125535902e-07
Completed 12 % :  mod = 5.618933006506034e-15,  Error =1.8873596729918063e-07
Completed 12 % :  mod = 6.102183347446085e-15,  Error =1.9243610438479664e-07
Completed 13 % :  mod = 6.627028944632735e-15,  Error =1.9613669621776353e-07
Completed 13 % :  mod = 7.19704740136457e-15,  Error =1.9983723831273892e-07
Completed 13 % :  mod = 7.816124219898047e-15,  Error =2.0353784435656053e-07
Completed 13 % :  mod = 8.488479299609725e-15,  Error =2.0723807381273218e-07
Completed 14 % :  mod = 9.218695745887549e-15,  Error =2.1093884328138301e-07
Completed 14 % :  mod = 1.0011751007432149e-14,  Error =2.1463916510811032e-07
Completed 14 % :  mod = 1.0873276309720346e-14,  Error =2.1834058827607805e-07
Completed 14 % :  mod = 1.1808711303819479e-14,  Error =2.2204116589819023e-07
Completed 15 % :  mod = 1.2824639885425098e-14,  Error =2.2574172220402033e-07
Completed 15 % :  mod = 1.3927987040122892e-14,  Error =2.294424703563891e-07
Completed 15 % :  mod = 1.5126273721103272e-14,  Error =2.3314303376764656e-07
Completed 15 % :  mod = 1.642766796613149e-14,  Error =2.3684341243779272e-07
Completed 16 % :  mod = 1.7841040683280233e-14,  Error =2.4054420322272563e-07
Completed 16 % :  mod = 1.937602605786181e-14,  Error =2.4424497269137646e-07
Completed 16 % :  mod = 2.1043087230361985e-14,  Error =2.479456213677622e-07
Completed 16 % :  mod = 2.285358767080482e-14,  Error =2.5164617056816496e-07
Completed 17 % :  mod = 2.4820382977677283e-14,  Error =2.5534740188959404e-07
Completed 17 % :  mod = 2.6955891602193602e-14,  Error =2.5904817846367223e-07
Completed 17 % :  mod = 2.9275143772702105e-14,  Error =2.627486921369382e-07
Completed 17 % :  mod = 3.1793948592521963e-14,  Error =2.66448864749691e-07
Completed 18 % :  mod = 3.452947530260306e-14,  Error =2.701492860524013e-07
Completed 18 % :  mod = 3.750037049529354e-14,  Error =2.7384981393652197e-07
Completed 18 % :  mod = 4.0726885055751356e-14,  Error =2.7755022102837756e-07
Completed 18 % :  mod = 4.423101232344044e-14,  Error =2.8125093365360954e-07
Completed 19 % :  mod = 4.803663792271549e-14,  Error =2.849514473268755e-07
Completed 19 % :  mod = 5.217078397160679e-14,  Error =2.886524015366376e-07
Completed 19 % :  mod = 5.665955347705696e-14,  Error =2.9235319232157053e-07
Completed 19 % :  mod = 6.153453940123772e-14,  Error =2.9605364915141763e-07
Completed 20 % :  mod = 6.682897163890208e-14,  Error =2.9975475968058163e-07
Completed 20 % :  mod = 7.257893906543191e-14,  Error =3.034555859926513e-07
Completed 20 % :  mod = 7.882363567890487e-14,  Error =3.0715622045818236e-07
Completed 20 % :  mod = 8.560562756524417e-14,  Error =3.108570538756794e-07
Completed 21 % :  mod = 9.297114317921166e-14,  Error =3.1455830651339056e-07
Completed 21 % :  mod = 1.0097038825806412e-13,  Error =3.1825881308122916e-07
Completed 21 % :  mod = 1.0965788812274599e-13,  Error =3.219592343839395e-07
Completed 21 % :  mod = 1.1909532772569814e-13,  Error =3.256608778201553e-07
Completed 22 % :  mod = 1.2934229342363185e-13,  Error =3.293612991228656e-07
Completed 22 % :  mod = 1.4047090366094248e-13,  Error =3.330615214736099e-07
Completed 22 % :  mod = 1.5255701283038898e-13,  Error =3.3676153066153347e-07
Completed 22 % :  mod = 1.6568300120120223e-13,  Error =3.404619306479617e-07
Completed 23 % :  mod = 1.7993833609723092e-13,  Error =3.441629772282795e-07
Completed 23 % :  mod = 1.9542018152998357e-13,  Error =3.478637964349218e-07
Completed 23 % :  mod = 2.1223405997444807e-13,  Error =3.515646085361368e-07
Completed 23 % :  mod = 2.3049457121608246e-13,  Error =3.5526458930235094e-07
Completed 24 % :  mod = 2.503261727289797e-13,  Error =3.589654866686942e-07
Completed 24 % :  mod = 2.718696623549e-13,  Error =3.6266717984290153e-07
Completed 24 % :  mod = 2.952610426985586e-13,  Error =3.663676793053128e-07
Completed 24 % :  mod = 3.2066491834561024e-13,  Error =3.700683848251174e-07
Completed 25 % :  mod = 3.482544146712158e-13,  Error =3.737682234827844e-07
Completed 25 % :  mod = 3.782175442778131e-13,  Error =3.774689787405805e-07
Completed 25 % :  mod = 4.107584854773032e-13,  Error =3.811700182154709e-07
Completed 25 % :  mod = 4.460989701165358e-13,  Error =3.848707663678397e-07
Completed 26 % :  mod = 4.84479789956078e-13,  Error =3.885716566287556e-07
Completed 26 % :  mod = 5.261624315172147e-13,  Error =3.9227187187407253e-07
Completed 26 % :  mod = 5.714426941266689e-13,  Error =3.9597347978315156e-07
Completed 26 % :  mod = 6.20606258031542e-13,  Error =3.9967432741150333e-07
Completed 27 % :  mod = 6.739988671917041e-13,  Error =4.033754947840862e-07
Completed 27 % :  mod = 7.319841074037304e-13,  Error =4.0707590898136914e-07
Completed 27 % :  mod = 7.949567680356956e-13,  Error =4.1077645107634453e-07
Completed 27 % :  mod = 8.633455045216986e-13,  Error =4.1447732002097837e-07
Completed 28 % :  mod = 9.376157235719742e-13,  Error =4.1817793317022733e-07
Completed 28 % :  mod = 1.0182727086946907e-12,  Error =4.218781981535358e-07
Completed 28 % :  mod = 1.105865004300713e-12,  Error =4.2557855550739987e-07
Completed 28 % :  mod = 1.2009880778065033e-12,  Error =4.292791615512215e-07
Completed 29 % :  mod = 1.304315306410008e-12,  Error =4.329807339331637e-07
Completed 29 % :  mod = 1.416496473855558e-12,  Error =4.3668150340181455e-07
Completed 29 % :  mod = 1.5383177797368992e-12,  Error =4.40381867861106e-07
Completed 29 % :  mod = 1.6706053030764555e-12,  Error =4.440822110041154e-07
Completed 30 % :  mod = 1.8142552553910306e-12,  Error =4.4778212071605594e-07
Completed 30 % :  mod = 1.9702397500493127e-12,  Error =4.514816609457739e-07
Completed 30 % :  mod = 2.1396129942152236e-12,  Error =4.5518187619109085e-07
Completed 30 % :  mod = 2.3235179184375357e-12,  Error =4.588816011619201e-07
Completed 31 % :  mod = 2.523193255501909e-12,  Error =4.625814540304418e-07
Completed 31 % :  mod = 2.7399810732223287e-12,  Error =4.662812074229805e-07
Completed 31 % :  mod = 2.97539632224902e-12,  Error =4.6998194136449456e-07
Completed 31 % :  mod = 3.2308942566556978e-12,  Error =4.736815171213493e-07
Completed 32 % :  mod = 3.5082332894564786e-12,  Error =4.77381469465854e-07
Completed 32 % :  mod = 3.809252837860722e-12,  Error =4.810806188970673e-07
Completed 32 % :  mod = 4.135939456799494e-12,  Error =4.847797896445627e-07
Completed 32 % :  mod = 4.490436401414332e-12,  Error =4.884783066927412e-07
Completed 33 % :  mod = 4.875053155897742e-12,  Error =4.921772855936979e-07
Completed 33 % :  mod = 5.292274693772868e-12,  Error =4.958745378758067e-07
Completed 33 % :  mod = 5.744770150621342e-12,  Error =4.995716551547957e-07
Completed 33 % :  mod = 6.235400487192427e-12,  Error =5.032685308492546e-07
Completed 34 % :  mod = 6.767363586798905e-12,  Error =5.06965157853756e-07
Completed 34 % :  mod = 7.343653657149249e-12,  Error =5.106605485138971e-07
Completed 34 % :  mod = 7.967861943638646e-12,  Error =5.14355399161559e-07
Completed 34 % :  mod = 8.643649943907185e-12,  Error =5.18048700826057e-07
Completed 35 % :  mod = 9.374867927542527e-12,  Error =5.217403185042713e-07
Completed 35 % :  mod = 1.016553739260766e-11,  Error =5.2543109063663e-07
Completed 35 % :  mod = 1.1019823359644416e-11,  Error =5.291197879842002e-07
Completed 35 % :  mod = 1.1941993605285555e-11,  Error =5.32806488706683e-07
Completed 36 % :  mod = 1.293636131725553e-11,  Error =5.364898711945898e-07
Completed 36 % :  mod = 1.400748583606381e-11,  Error =5.401718183861703e-07
Completed 36 % :  mod = 1.5158974013499605e-11,  Error =5.438496870624476e-07
Completed 36 % :  mod = 1.6394956874978804e-11,  Error =5.475230935303443e-07
Completed 37 % :  mod = 1.771886135441065e-11,  Error =5.511922012146897e-07
Completed 37 % :  mod = 1.913345200559543e-11,  Error =5.548557879819782e-07
Completed 37 % :  mod = 2.0640562519194743e-11,  Error =5.585140456787485e-07
Completed 37 % :  mod = 2.22407703595085e-11,  Error =5.621641960829038e-07
Completed 38 % :  mod = 2.3933010639184335e-11,  Error =5.658065802549572e-07
Completed 38 % :  mod = 2.5714128945917697e-11,  Error =5.694404521250362e-07
Completed 38 % :  mod = 2.7578378642709982e-11,  Error =5.730640495471562e-07
Completed 38 % :  mod = 2.9517371935772553e-11,  Error =5.766774151538812e-07
Completed 39 % :  mod = 3.1517553177913044e-11,  Error =5.802767404361475e-07
Completed 39 % :  mod = 3.3562590362732807e-11,  Error =5.83862934888657e-07
Completed 39 % :  mod = 3.563099355799987e-11,  Error =5.874340303080317e-07
Completed 39 % :  mod = 3.769630393963822e-11,  Error =5.909900622214082e-07
Completed 40 % :  mod = 3.972705827849912e-11,  Error =5.945286716269038e-07
Completed 40 % :  mod = 4.168710683950117e-11,  Error =5.980507609137931e-07
Completed 40 % :  mod = 4.3536377991448454e-11,  Error =6.01555974810708e-07
Completed 40 % :  mod = 4.523215520484238e-11,  Error =6.050446685890165e-07
Completed 41 % :  mod = 4.673087928838892e-11,  Error =6.085176238457279e-07
Completed 41 % :  mod = 4.799069460050821e-11,  Error =6.119779030200334e-07
Completed 41 % :  mod = 4.8972811137816394e-11,  Error =6.154267708780026e-07
Completed 41 % :  mod = 4.9646043890925065e-11,  Error =6.18867240120835e-07
Completed 42 % :  mod = 4.998785337434428e-11,  Error =6.223019468620805e-07
Completed 42 % :  mod = 4.99865040311327e-11,  Error =6.257353746264016e-07
Completed 42 % :  mod = 4.9642042578937014e-11,  Error =6.291700458405103e-07
Completed 42 % :  mod = 4.896629406795597e-11,  Error =6.326099679654362e-07
Completed 43 % :  mod = 4.798187626464682e-11,  Error =6.360587718745592e-07
Completed 43 % :  mod = 4.672038370523717e-11,  Error =6.395185323526675e-07
Completed 43 % :  mod = 4.5219603393307873e-11,  Error =6.42993455812757e-07
Completed 43 % :  mod = 4.352245675256943e-11,  Error =6.464826967089721e-07
Completed 44 % :  mod = 4.167215613584084e-11,  Error =6.499881379795625e-07
Completed 44 % :  mod = 3.9711403716949e-11,  Error =6.535099643656395e-07
Completed 44 % :  mod = 3.768024472098699e-11,  Error =6.570491422053237e-07
Completed 44 % :  mod = 3.5614794569048416e-11,  Error =6.606050533264352e-07
Completed 45 % :  mod = 3.354647806792259e-11,  Error =6.641767313908531e-07
Completed 45 % :  mod = 3.150171465619658e-11,  Error =6.677628050510975e-07
Completed 45 % :  mod = 2.9501956284840956e-11,  Error =6.71362649029561e-07
Completed 45 % :  mod = 2.7563977923374966e-11,  Error =6.749748706624814e-07
Completed 46 % :  mod = 2.5699870527809074e-11,  Error =6.786000525949021e-07
Completed 46 % :  mod = 2.39194286951778e-11,  Error =6.822334199796387e-07
Completed 46 % :  mod = 2.2227898930800286e-11,  Error =6.858767136463939e-07
Completed 46 % :  mod = 2.0628417424926217e-11,  Error =6.895268498396945e-07
Completed 47 % :  mod = 1.9122034566726724e-11,  Error =6.931844680480026e-07
Completed 47 % :  mod = 1.770816165253099e-11,  Error =6.968476427005044e-07
Completed 47 % :  mod = 1.6384956528714348e-11,  Error =7.005167717011318e-07
Completed 47 % :  mod = 1.5149648492228555e-11,  Error =7.041905689675332e-07
Completed 48 % :  mod = 1.3998806349797051e-11,  Error =7.078683950112463e-07
Completed 48 % :  mod = 1.2928555476593707e-11,  Error =7.115492621778685e-07
Completed 48 % :  mod = 1.193451018412085e-11,  Error =7.152339449589817e-07
Completed 48 % :  mod = 1.1012887650094441e-11,  Error =7.189202335666778e-07
Completed 49 % :  mod = 1.0159115776782443e-11,  Error =7.226090161793763e-07
Completed 49 % :  mod = 9.36892739389503e-12,  Error =7.262987224976314e-07
Completed 49 % :  mod = 8.638158465616262e-12,  Error =7.299903614921277e-07
Completed 49 % :  mod = 7.962788741775324e-12,  Error =7.33684423437353e-07
Completed 50 % :  mod = 7.33896937422883e-12,  Error =7.373785848585612e-07
Completed 50 % :  mod = 6.763040390329763e-12,  Error =7.410735562984883e-07
Completed 50 % :  mod = 6.231540374126577e-12,  Error =7.447698848750406e-07
Completed 50 % :  mod = 5.7412102449388664e-12,  Error =7.484666895152259e-07
Completed 51 % :  mod = 5.288883614918103e-12,  Error =7.521647447106261e-07
Completed 51 % :  mod = 4.871927557508035e-12,  Error =7.558622243664104e-07
Completed 51 % :  mod = 4.487556185125567e-12,  Error =7.595607556254436e-07
Completed 51 % :  mod = 4.133285934310912e-12,  Error =7.632599547946484e-07
Completed 52 % :  mod = 3.806808660361008e-12,  Error =7.669589194847504e-07
Completed 52 % :  mod = 3.505982374253619e-12,  Error =7.706578131205788e-07
Completed 52 % :  mod = 3.2288217124003677e-12,  Error =7.743567493889714e-07
Completed 52 % :  mod = 2.9734883750816764e-12,  Error =7.780564601489459e-07
Completed 53 % :  mod = 2.7382817047044945e-12,  Error =7.817560359058007e-07
Completed 53 % :  mod = 2.5215773245286298e-12,  Error =7.85457530128042e-07
Completed 53 % :  mod = 2.32203125319713e-12,  Error =7.89157290626008e-07
Completed 53 % :  mod = 2.138245593373353e-12,  Error =7.92857129283675e-07
Completed 54 % :  mod = 1.968982396553114e-12,  Error =7.965567192513845e-07
Completed 54 % :  mod = 1.8130994597535795e-12,  Error =8.00257183186659e-07
Completed 54 % :  mod = 1.6695432506025417e-12,  Error =8.039570573714627e-07
Completed 54 % :  mod = 1.5373422809128164e-12,  Error =8.07657556833874e-07
Completed 55 % :  mod = 1.4156009185160602e-12,  Error =8.113578502388918e-07
Completed 55 % :  mod = 1.3034936208389142e-12,  Error =8.150580015353626e-07
Completed 55 % :  mod = 1.2002595724166682e-12,  Error =8.187575986084994e-07
Completed 55 % :  mod = 1.1051748037774267e-12,  Error =8.224592704664246e-07
Completed 56 % :  mod = 1.0176409940475456e-12,  Error =8.261598694048189e-07
Completed 56 % :  mod = 9.370382007138843e-13,  Error =8.298604470269311e-07
Completed 56 % :  mod = 8.628182462450467e-13,  Error =8.335606835885301e-07
Completed 56 % :  mod = 7.944761878933299e-13,  Error =8.372613393703432e-07
Completed 57 % :  mod = 7.315469355369375e-13,  Error =8.409623930560883e-07
Completed 57 % :  mod = 6.736021285011715e-13,  Error =8.446630062053373e-07
Completed 57 % :  mod = 6.202472520298228e-13,  Error =8.483640456802277e-07
Completed 57 % :  mod = 5.711189768370921e-13,  Error =8.520641330278522e-07
Completed 58 % :  mod = 5.25882704645629e-13,  Error =8.557642274809041e-07
Completed 58 % :  mod = 4.842202706014496e-13,  Error =8.594657074922907e-07
Completed 58 % :  mod = 4.4586878871656064e-13,  Error =8.631664911717962e-07
Completed 58 % :  mod = 4.105560744393658e-13,  Error =8.668672037970282e-07
Completed 59 % :  mod = 3.7804152510175205e-13,  Error =8.705679022114055e-07
Completed 59 % :  mod = 3.481035885337853e-13,  Error =8.742687356289025e-07
Completed 59 % :  mod = 3.205382580244573e-13,  Error =8.779696543115278e-07
Completed 59 % :  mod = 2.951576855553016e-13,  Error =8.816707861569739e-07
Completed 60 % :  mod = 2.7178890451110517e-13,  Error =8.853714632550691e-07
Completed 60 % :  mod = 2.5027265298064176e-13,  Error =8.890713942832917e-07
Completed 60 % :  mod = 2.304575178289261e-13,  Error =8.927731016683538e-07
Completed 60 % :  mod = 2.1221840406461646e-13,  Error =8.964736508687565e-07
Completed 61 % :  mod = 1.9542581675534394e-13,  Error =9.001742355962961e-07
Completed 61 % :  mod = 1.799653012400429e-13,  Error =9.03875125857212e-07
Completed 61 % :  mod = 1.6573148036472832e-13,  Error =9.075753908405204e-07
Completed 61 % :  mod = 1.5262733678016789e-13,  Error =9.112762811014363e-07
Completed 62 % :  mod = 1.405635520033244e-13,  Error =9.149768942506853e-07
Completed 62 % :  mod = 1.294578979447447e-13,  Error =9.186775713487805e-07
Completed 62 % :  mod = 1.1923467665127259e-13,  Error =9.223785184531152e-07
Completed 62 % :  mod = 1.0982420450853059e-13,  Error =9.260788544906973e-07
Completed 63 % :  mod = 1.0116025115351719e-13,  Error =9.29780178182682e-07
Completed 63 % :  mod = 9.318811358011981e-14,  Error =9.334802868465886e-07
Completed 63 % :  mod = 8.585118462527713e-14,  Error =9.371808999958375e-07
Completed 63 % :  mod = 7.90994533447533e-14,  Error =9.408812360334196e-07
Completed 64 % :  mod = 7.28868976013462e-14,  Error =9.445817141795487e-07
Completed 64 % :  mod = 6.71711703349266e-14,  Error =9.482826044404646e-07
Completed 64 % :  mod = 6.191331097504567e-14,  Error =9.519826562609524e-07
Completed 64 % :  mod = 5.707747991047829e-14,  Error =9.556835038893041e-07
Completed 65 % :  mod = 5.2630714146273956e-14,  Error =9.593836693966296e-07
Completed 65 % :  mod = 4.8542702741125954e-14,  Error =9.630845170249813e-07
Completed 65 % :  mod = 4.478467589383086e-14,  Error =9.667858833495302e-07
Completed 65 % :  mod = 4.13329054631768e-14,  Error =9.704864964987792e-07
Completed 66 % :  mod = 3.816287869183062e-14,  Error =9.741871380697376e-07
Completed 66 % :  mod = 3.5252987359905154e-14,  Error =9.77888497288859e-07
Completed 66 % :  mod = 3.258339632652704e-14,  Error =9.81589032278407e-07
Completed 66 % :  mod = 3.013590851788243e-14,  Error =9.852899793827419e-07
Completed 67 % :  mod = 2.7893840752776272e-14,  Error =9.889911751770342e-07
Completed 67 % :  mod = 2.5841910100475576e-14,  Error =9.926919872782491e-07
Completed 67 % :  mod = 2.3966129698862207e-14,  Error =9.963928633283103e-07
Completed 67 % :  mod = 2.2253713352901117e-14,  Error =1.0000934409504225e-06
Completed 68 % :  mod = 2.0692614705807036e-14,  Error =1.0037941322593724e-06
Completed 68 % :  mod = 1.9272976871258522e-14,  Error =1.0074950225202883e-06
Completed 68 % :  mod = 1.7984712498679847e-14,  Error =1.0111955006664175e-06
Completed 68 % :  mod = 1.6819040124433828e-14,  Error =1.014896660933573e-06
Completed 69 % :  mod = 1.5768014065537563e-14,  Error =1.0185968264408984e-06
Completed 69 % :  mod = 1.4824469988179604e-14,  Error =1.0222969208939503e-06
Completed 69 % :  mod = 1.3981976312926914e-14,  Error =1.0259979177362766e-06
Completed 69 % :  mod = 1.3234790188863947e-14,  Error =1.029698360355269e-06
Completed 70 % :  mod = 1.2577818463489037e-14,  Error =1.0333986679711415e-06
Completed 70 % :  mod = 1.2006449905877546e-14,  Error =1.037100005873981e-06
Completed 70 % :  mod = 1.1517076838046478e-14,  Error =1.040800164275879e-06
Completed 70 % :  mod = 1.1106209480065542e-14,  Error =1.0445010190096582e-06
Completed 71 % :  mod = 1.0771047108705849e-14,  Error =1.0482015397883515e-06
Completed 71 % :  mod = 1.050930517343486e-14,  Error =1.0519024087329854e-06
Completed 71 % :  mod = 1.0319199451771754e-14,  Error =1.0556029010899692e-06
Completed 71 % :  mod = 1.019943416140956e-14,  Error =1.0593036634531927e-06
Completed 72 % :  mod = 1.0149192876841445e-14,  Error =1.0630040137016294e-06
Completed 72 % :  mod = 1.0168133163026497e-14,  Error =1.0667049039625454e-06
Completed 72 % :  mod = 1.0256384113855316e-14,  Error =1.070405012626452e-06
Completed 72 % :  mod = 1.0414595860667432e-14,  Error =1.0741061942098895e-06
Completed 73 % :  mod = 1.0643767383181375e-14,  Error =1.077806935256831e-06
Completed 73 % :  mod = 1.0945491688930156e-14,  Error =1.0815073352432591e-06
Completed 73 % :  mod = 1.1321825516443268e-14,  Error =1.0852081686607562e-06
Completed 73 % :  mod = 1.177533407522297e-14,  Error =1.0889088741805608e-06
Completed 74 % :  mod = 1.230910874404897e-14,  Error =1.0926095086460919e-06
Completed 74 % :  mod = 1.2926787919135193e-14,  Error =1.096310064951922e-06
Completed 74 % :  mod = 1.3632582033913462e-14,  Error =1.100010621257752e-06
Completed 74 % :  mod = 1.4431302067089528e-14,  Error =1.103711433358967e-06
Completed 75 % :  mod = 1.532839248459398e-14,  Error =1.1074116841314208e-06
Completed 75 % :  mod = 1.6330233458652736e-14,  Error =1.11111353362503e-06
Completed 75 % :  mod = 1.744315064542966e-14,  Error =1.1148144167805185e-06
Completed 75 % :  mod = 1.8674968355954866e-14,  Error =1.1185154278336995e-06
Completed 76 % :  mod = 2.0034083185544876e-14,  Error =1.1222159770341023e-06
Completed 76 % :  mod = 2.1529759518286193e-14,  Error =1.1259164764965135e-06
Completed 76 % :  mod = 2.3172192517304235e-14,  Error =1.1296170328023436e-06
Completed 76 % :  mod = 2.4972577791517186e-14,  Error =1.133317596213601e-06
Completed 77 % :  mod = 2.694318753755968e-14,  Error =1.1370180530434482e-06
Completed 77 % :  mod = 2.909745435168703e-14,  Error =1.1407182185507736e-06
Completed 77 % :  mod = 3.145067968556803e-14,  Error =1.1444195635590404e-06
Completed 77 % :  mod = 3.401772188805343e-14,  Error =1.1481197859097847e-06
Completed 78 % :  mod = 3.681664431373098e-14,  Error =1.1518199656279648e-06
Completed 78 % :  mod = 3.9866525651198264e-14,  Error =1.155520720885761e-06
Completed 78 % :  mod = 4.3188155230923064e-14,  Error =1.1592215116706939e-06
Completed 78 % :  mod = 4.6804174699723895e-14,  Error =1.1629222811393447e-06
Completed 79 % :  mod = 5.0739232415582306e-14,  Error =1.1666226100714994e-06
Completed 79 % :  mod = 5.502015136174001e-14,  Error =1.1703234790161332e-06
Completed 79 % :  mod = 5.967611208891e-14,  Error =1.1740247742864085e-06
Completed 79 % :  mod = 6.473885148838037e-14,  Error =1.177725160061982e-06
Completed 80 % :  mod = 7.024431996094898e-14,  Error =1.1814264979648215e-06
Completed 80 % :  mod = 7.622727882633921e-14,  Error =1.1851263721496252e-06
Completed 80 % :  mod = 8.272983551221461e-14,  Error =1.188826921350028e-06
Completed 80 % :  mod = 8.979631375902359e-14,  Error =1.1925275416047043e-06
Completed 81 % :  mod = 9.747488108513678e-14,  Error =1.1962282968625004e-06
Completed 81 % :  mod = 1.0581787705161192e-13,  Error =1.1999285121078174e-06
Completed 81 % :  mod = 1.1488216995813874e-13,  Error =1.2036290542027928e-06
Completed 81 % :  mod = 1.2472954441546474e-13,  Error =1.2073288857550324e-06
Completed 82 % :  mod = 1.3542712236114674e-13,  Error =1.2110295273259908e-06
Completed 82 % :  mod = 1.4704782048438087e-13,  Error =1.2147299699449832e-06
Completed 82 % :  mod = 1.5967415001921603e-13,  Error =1.2184318052277376e-06
Completed 82 % :  mod = 1.7338582931426706e-13,  Error =1.2221328944406196e-06
Completed 83 % :  mod = 1.8827935807125856e-13,  Error =1.2258337847015355e-06
Completed 83 % :  mod = 2.0445624953257386e-13,  Error =1.229533992841425e-06
Completed 83 % :  mod = 2.2202676274199573e-13,  Error =1.2332347978372127e-06
Completed 83 % :  mod = 2.4111065343729445e-13,  Error =1.2369348709739825e-06
Completed 84 % :  mod = 2.618379896258066e-13,  Error =1.24063567596977e-06
Completed 84 % :  mod = 2.843500371166427e-13,  Error =1.2443361185887625e-06
Completed 84 % :  mod = 3.088002211779649e-13,  Error =1.2480365398914728e-06
Completed 84 % :  mod = 3.3535517066298253e-13,  Error =1.2517377783183292e-06
Completed 85 % :  mod = 3.6420339761947996e-13,  Error =1.2554391659591602e-06
Completed 85 % :  mod = 3.955269937625698e-13,  Error =1.2591399283223836e-06
Completed 85 % :  mod = 4.2954634977926903e-13,  Error =1.2628401435677006e-06
Completed 85 % :  mod = 4.664932634457653e-13,  Error =1.2665409698797703e-06
Completed 86 % :  mod = 5.066194616704637e-13,  Error =1.2702414622367542e-06
Completed 86 % :  mod = 5.501983091466939e-13,  Error =1.2739420967022852e-06
Completed 86 % :  mod = 5.975266620778017e-13,  Error =1.2776426814298247e-06
Completed 86 % :  mod = 6.489268796640393e-13,  Error =1.2813438843295444e-06
Completed 87 % :  mod = 7.047490057915855e-13,  Error =1.2850442772105453e-06
Completed 87 % :  mod = 7.653889967235716e-13,  Error =1.288745622218812e-06
Completed 87 % :  mod = 8.312292047466829e-13,  Error =1.292445517719898e-06
Completed 87 % :  mod = 9.027323519459297e-13,  Error =1.2961458892846167e-06
Completed 88 % :  mod = 9.803849654509296e-13,  Error =1.299846132951643e-06
Completed 88 % :  mod = 1.0647152451740155e-12,  Error =1.3035462984589685e-06
Completed 88 % :  mod = 1.156296595746754e-12,  Error =1.3072471318764656e-06
Completed 88 % :  mod = 1.2557514468378878e-12,  Error =1.3109471055372524e-06
Completed 89 % :  mod = 1.3637553834806333e-12,  Error =1.3146474628911164e-06
Completed 89 % :  mod = 1.4810416066135267e-12,  Error =1.318348026302374e-06
Completed 89 % :  mod = 1.6084057462702365e-12,  Error =1.3220488952470077e-06
Completed 89 % :  mod = 1.7467472317471434e-12,  Error =1.3257500981467274e-06
Completed 90 % :  mod = 1.896933245517825e-12,  Error =1.329450725506831e-06
Completed 90 % :  mod = 2.060012764904586e-12,  Error =1.3331506565350537e-06
Completed 90 % :  mod = 2.237087066166192e-12,  Error =1.336850459665584e-06
Completed 90 % :  mod = 2.429349917334941e-12,  Error =1.3405506607000461e-06
Completed 91 % :  mod = 2.638094901978783e-12,  Error =1.3442507054151065e-06
Completed 91 % :  mod = 2.8647231963606797e-12,  Error =1.3479505014402093e-06
Completed 91 % :  mod = 3.1107517888221053e-12,  Error =1.3516502050947565e-06
Completed 91 % :  mod = 3.3778221177691565e-12,  Error =1.3553504061292188e-06
Completed 92 % :  mod = 3.667709083101396e-12,  Error =1.3590494987170132e-06
Completed 92 % :  mod = 3.982412649721619e-12,  Error =1.3627494084289538e-06
Completed 92 % :  mod = 4.3238452185188946e-12,  Error =1.3664478117902945e-06
Completed 92 % :  mod = 4.694314488090853e-12,  Error =1.3701460659376608e-06
Completed 93 % :  mod = 5.096223617878234e-12,  Error =1.3738440571842148e-06
Completed 93 % :  mod = 5.5321560391637545e-12,  Error =1.3775413520988877e-06
Completed 93 % :  mod = 6.004883642643636e-12,  Error =1.3812383130584749e-06
Completed 93 % :  mod = 6.51737367449744e-12,  Error =1.3849347624272923e-06
Completed 94 % :  mod = 7.072793700586783e-12,  Error =1.388631019949571e-06
Completed 94 % :  mod = 7.674513808573545e-12,  Error =1.3923258990189424e-06
Completed 94 % :  mod = 8.326275193732795e-12,  Error =1.3960204299223733e-06
Completed 94 % :  mod = 9.03151647783028e-12,  Error =1.3997125876130667e-06
Completed 95 % :  mod = 9.794340414090257e-12,  Error =1.403403231847733e-06
Completed 95 % :  mod = 1.0618850231195643e-11,  Error =1.407092540262056e-06
Completed 95 % :  mod = 1.1509272489650172e-11,  Error =1.4107796673101802e-06
Completed 95 % :  mod = 1.2469907839544108e-11,  Error =1.4144646343083878e-06
Completed 96 % :  mod = 1.3505063013588342e-11,  Error =1.4181471428287296e-06
Completed 96 % :  mod = 1.461895944831196e-11,  Error =1.421825551517486e-06
Completed 96 % :  mod = 1.5815613186716866e-11,  Error =1.4255009403996155e-06
Completed 96 % :  mod = 1.7098680028800863e-11,  Error =1.42917134127174e-06
Completed 97 % :  mod = 1.847161552454314e-11,  Error =1.4328381894301856e-06
Completed 97 % :  mod = 1.9936029426742413e-11,  Error =1.4364986498094368e-06
Completed 97 % :  mod = 2.14934543881427e-11,  Error =1.4401522108187237e-06
Completed 97 % :  mod = 2.3143632578354978e-11,  Error =1.4437987090332172e-06
Completed 98 % :  mod = 2.488442964843744e-11,  Error =1.4474369578465485e-06
Completed 98 % :  mod = 2.6711356398715826e-11,  Error =1.4510655219623914e-06
Completed 98 % :  mod = 2.8617041282902844e-11,  Error =1.454683292934078e-06
Completed 98 % :  mod = 3.0590673837630503e-11,  Error =1.4582898302251124e-06
Completed 99 % :  mod = 3.2617452726039626e-11,  Error =1.4618824479839532e-06
Completed 99 % :  mod = 3.467808866563742e-11,  Error =1.4654612883191476e-06
Completed 99 % :  mod = 3.674894960529048e-11,  Error =1.469024731193258e-06
Completed 99 % :  mod = 3.8799812226377755e-11,  Error =1.472571732108463e-06
Completed 100 % :  mod = 4.079713546088499e-11,  Error =1.4761014881514711e-06
Finished 7/7 frames
Finished all frames!
