/opt/local/miniconda_23_9/lib/python3.11/site-packages/conda/base/context.py:201: FutureWarning: Adding 'defaults' to channel list implicitly is deprecated and will be removed in 25.3. 

To remove this warning, please choose a default channel explicitly with conda's regular configuration system, e.g. by adding 'defaults' to the list of channels:

  conda config --add channels defaults

For more information see https://docs.conda.io/projects/conda/en/stable/user-guide/configuration/use-condarc.html

  deprecated.topic(
JOB 14496 ARRAY_ID 24  -> i=24 ; range=[1.9e-10, 5.0e-10] ; intervals=30 (frames=31)
Analytic t0 extension enabled (--extend-time-using-t0).
THIS SHOULD ONLY BE REACHED ONCE
Completed 0 % :  mod = 3.4400000014688045e-16,  Error =-1.4210854715202004e-14
Completed 0 % :  mod = 3.453438912265812e-16,  Error =1.3828163503148971e-08
Completed 0 % :  mod = 3.493795120817592e-16,  Error =2.763995610166603e-08
Completed 0 % :  mod = 3.5613831956392934e-16,  Error =4.145189080873024e-08
Completed 0 % :  mod = 3.6567299504854624e-16,  Error =5.5263484455281287e-08
Completed 1 % :  mod = 3.780578563709496e-16,  Error =6.907522021037948e-08
Completed 1 % :  mod = 3.9340989933659345e-16,  Error =8.290349740036618e-08
Completed 1 % :  mod = 4.1181150069133285e-16,  Error =9.671509815234458e-08
Completed 1 % :  mod = 4.3342290196682915e-16,  Error =1.1052679127487863e-07
Completed 2 % :  mod = 4.584125589084191e-16,  Error =1.2433847018655797e-07
Completed 2 % :  mod = 4.86975243702435e-16,  Error =1.3814992882998922e-07
Completed 2 % :  mod = 5.193753104513494e-16,  Error =1.519783410230957e-07
Completed 2 % :  mod = 5.557866054297558e-16,  Error =1.6578966466340717e-07
Completed 3 % :  mod = 5.965298976986737e-16,  Error =1.796012085719667e-07
Completed 3 % :  mod = 6.419227508908514e-16,  Error =1.9341286616736397e-07
Completed 3 % :  mod = 6.923189824143218e-16,  Error =2.0722443849763295e-07
Completed 3 % :  mod = 7.481826338718845e-16,  Error =2.2105275832018378e-07
Completed 4 % :  mod = 8.098134483239662e-16,  Error =2.3486441591558105e-07
Completed 4 % :  mod = 8.777562445587122e-16,  Error =2.4867613745982453e-07
Completed 4 % :  mod = 9.525405738849066e-16,  Error =2.624878945312048e-07
Completed 4 % :  mod = 1.0347493397268678e-15,  Error =2.762994455451917e-07
Completed 5 % :  mod = 1.1250233166155316e-15,  Error =2.901109112940503e-07
Completed 5 % :  mod = 1.2241920937065997e-15,  Error =3.039395579662596e-07
Completed 5 % :  mod = 1.3327877885333093e-15,  Error =3.177511231911012e-07
Completed 5 % :  mod = 1.4517717034610696e-15,  Error =3.315625392019683e-07
Completed 6 % :  mod = 1.5820712330676204e-15,  Error =3.4537398363454486e-07
Completed 6 % :  mod = 1.724701990949825e-15,  Error =3.591855062268223e-07
Completed 6 % :  mod = 1.8809739787010856e-15,  Error =3.730138331548005e-07
Completed 6 % :  mod = 2.0517256962802525e-15,  Error =3.868251994276761e-07
Completed 7 % :  mod = 2.238469291782221e-15,  Error =4.006367575470904e-07
Completed 7 % :  mod = 2.4426602958908844e-15,  Error =4.1444824461223106e-07
Completed 7 % :  mod = 2.665890267280714e-15,  Error =4.282598382587821e-07
Completed 7 % :  mod = 2.9102090038671766e-15,  Error =4.420882362410339e-07
Completed 8 % :  mod = 3.17692741962389e-15,  Error =4.5589992936356794e-07
Completed 8 % :  mod = 3.468407942690498e-15,  Error =4.697115514318284e-07
Completed 8 % :  mod = 3.786922447056652e-15,  Error =4.835231735000889e-07
Completed 8 % :  mod = 4.134953563129697e-15,  Error =4.973346463543749e-07
Completed 9 % :  mod = 4.51521397896029e-15,  Error =5.111462897389174e-07
Completed 9 % :  mod = 4.9311950472075604e-15,  Error =5.249744816637758e-07
Completed 9 % :  mod = 5.385128773720187e-15,  Error =5.387861463646004e-07
Completed 9 % :  mod = 5.881036098862029e-15,  Error =5.525976405351685e-07
Completed 10 % :  mod = 6.4227822852275195e-15,  Error =5.664089712809073e-07
Completed 10 % :  mod = 7.014589910448946e-15,  Error =5.80220756773997e-07
Completed 10 % :  mod = 7.661892495358127e-15,  Error =5.940492115996676e-07
Completed 10 % :  mod = 8.368163204980473e-15,  Error =6.078608336679281e-07
Completed 11 % :  mod = 9.139658336230388e-15,  Error =6.216723349439235e-07
Completed 11 % :  mod = 9.982391179797055e-15,  Error =6.354839499067566e-07
Completed 11 % :  mod = 1.0902930314576019e-14,  Error =6.492955080261709e-07
Completed 11 % :  mod = 1.1909727309893722e-14,  Error =6.631238065324396e-07
Completed 12 % :  mod = 1.300818422156206e-14,  Error =6.769353717572812e-07
Completed 12 % :  mod = 1.420803152988358e-14,  Error =6.907469440875502e-07
Completed 12 % :  mod = 1.5518621240015722e-14,  Error =7.045586798426484e-07
Completed 12 % :  mod = 1.6950168551414594e-14,  Error =7.183702948054815e-07
Completed 13 % :  mod = 1.851383147676066e-14,  Error =7.321816397620751e-07
Completed 13 % :  mod = 2.022396607235068e-14,  Error =7.460097890543693e-07
Completed 13 % :  mod = 2.208974824300034e-14,  Error =7.598213045412194e-07
Completed 13 % :  mod = 2.4127705721057487e-14,  Error =7.736331610885827e-07
Completed 14 % :  mod = 2.635372303635715e-14,  Error =7.874446623645781e-07
Completed 14 % :  mod = 2.878515057883614e-14,  Error =8.012561778514282e-07
Completed 14 % :  mod = 3.144431139341347e-14,  Error =8.150847108367998e-07
Completed 14 % :  mod = 3.4345473445579766e-14,  Error =8.28896268956214e-07
Completed 15 % :  mod = 3.751433624869302e-14,  Error =8.427077560213547e-07
Completed 15 % :  mod = 4.097559901828038e-14,  Error =8.565193354570511e-07
Completed 15 % :  mod = 4.475624006442161e-14,  Error =8.703309504198842e-07
Completed 15 % :  mod = 4.889096961080801e-14,  Error =8.841592489261529e-07
Completed 16 % :  mod = 5.3401972921779074e-14,  Error =8.979709065215502e-07
Completed 16 % :  mod = 5.832921005875148e-14,  Error =9.117824077975456e-07
Completed 16 % :  mod = 6.37110856375186e-14,  Error =9.255940227603787e-07
Completed 16 % :  mod = 6.958954788418514e-14,  Error =9.394057016720581e-07
Completed 17 % :  mod = 7.601041562865883e-14,  Error =9.532171603154893e-07
Completed 17 % :  mod = 8.303263906196358e-14,  Error =9.670455725085958e-07
Completed 17 % :  mod = 9.069389659507875e-14,  Error =9.80857208787711e-07
Completed 17 % :  mod = 9.90620543436657e-14,  Error =9.946688237505441e-07
Completed 18 % :  mod = 1.0820233664890872e-13,  Error =1.0084803889753857e-06
Completed 18 % :  mod = 1.181859861017324e-13,  Error =1.0222918760405264e-06
Completed 18 % :  mod = 1.291046629238204e-13,  Error =1.0361200750708122e-06
Completed 18 % :  mod = 1.410169522725297e-13,  Error =1.049931903196466e-06
Completed 19 % :  mod = 1.5402837739920886e-13,  Error =1.063743397367034e-06
Completed 19 % :  mod = 1.6824035388691998e-13,  Error =1.0775548275887559e-06
Completed 19 % :  mod = 1.8376365484128063e-13,  Error =1.091366343075606e-06
Completed 19 % :  mod = 2.0074080017579958e-13,  Error =1.1051947410578578e-06
Completed 20 % :  mod = 2.1926288226776604e-13,  Error =1.119006398653255e-06
Completed 20 % :  mod = 2.394939761426338e-13,  Error =1.1328178644021136e-06
Completed 20 % :  mod = 2.615917699334603e-13,  Error =1.1466295219975109e-06
Completed 20 % :  mod = 2.857285014287406e-13,  Error =1.1604411511711987e-06
Completed 21 % :  mod = 3.120923005774426e-13,  Error =1.1742525032332196e-06
Completed 21 % :  mod = 3.409252139801536e-13,  Error =1.1880810362185912e-06
Completed 21 % :  mod = 3.723819469164205e-13,  Error =1.201892487756595e-06
Completed 21 % :  mod = 4.067411536437332e-13,  Error =1.2157040529814367e-06
Completed 22 % :  mod = 4.442706411658359e-13,  Error =1.2295159095288e-06
Completed 22 % :  mod = 4.852629265416849e-13,  Error =1.2433273894885133e-06
Completed 22 % :  mod = 5.300943600410759e-13,  Error =1.2571559153684575e-06
Completed 22 % :  mod = 5.790054872560393e-13,  Error =1.2709674521715897e-06
Completed 23 % :  mod = 6.3242957798744e-13,  Error =1.2847789818692945e-06
Completed 23 % :  mod = 6.907830355211188e-13,  Error =1.2985904334072984e-06
Completed 23 % :  mod = 7.545206834870317e-13,  Error =1.3124021336352598e-06
Completed 23 % :  mod = 8.24227694445829e-13,  Error =1.3262305458283663e-06
Completed 24 % :  mod = 9.002780814929909e-13,  Error =1.3400420257880796e-06
Completed 24 % :  mod = 9.833455173842492e-13,  Error =1.353853427588092e-06
Completed 24 % :  mod = 1.0740774480300976e-12,  Error =1.3676651349214808e-06
Completed 24 % :  mod = 1.1731810557438584e-12,  Error =1.3814764088238007e-06
Completed 25 % :  mod = 1.2814287703097658e-12,  Error =1.3952876614098386e-06
Completed 25 % :  mod = 1.399814393200484e-12,  Error =1.4091160380758083e-06
Completed 25 % :  mod = 1.5289731018975768e-12,  Error =1.422927425664966e-06
Completed 25 % :  mod = 1.6700489885493662e-12,  Error =1.4367386853564312e-06
Completed 26 % :  mod = 1.82414159439925e-12,  Error =1.4505498597827682e-06
Completed 26 % :  mod = 1.9924519012059465e-12,  Error =1.4643610413145325e-06
Completed 26 % :  mod = 2.1765250793656175e-12,  Error =1.4781888921788777e-06
Completed 26 % :  mod = 2.377348671319044e-12,  Error =1.4920002087137618e-06
Completed 27 % :  mod = 2.596701488092084e-12,  Error =1.505811070501295e-06
Completed 27 % :  mod = 2.8362930397968087e-12,  Error =1.519621967815965e-06
Completed 27 % :  mod = 3.097990522831976e-12,  Error =1.5334327372329426e-06
Completed 27 % :  mod = 3.384196243577973e-12,  Error =1.547260055190236e-06
Completed 28 % :  mod = 3.6964454158745466e-12,  Error =1.5610704267032816e-06
Completed 28 % :  mod = 4.037503469320546e-12,  Error =1.5748808266380365e-06
Completed 28 % :  mod = 4.4100279668808555e-12,  Error =1.5886908286688595e-06
Completed 28 % :  mod = 4.816921500430482e-12,  Error =1.6025005677988702e-06
Completed 29 % :  mod = 5.261918467577928e-12,  Error =1.6163265783575298e-06
Completed 29 % :  mod = 5.7474048489435085e-12,  Error =1.6301352232517274e-06
Completed 29 % :  mod = 6.277679058562282e-12,  Error =1.6439434418202836e-06
Completed 29 % :  mod = 6.856871367583942e-12,  Error =1.657750928529822e-06
Completed 30 % :  mod = 7.489492460469665e-12,  Error =1.671557953386582e-06
Completed 30 % :  mod = 8.180468328284414e-12,  Error =1.6853636921609905e-06
Completed 30 % :  mod = 8.936136440020035e-12,  Error =1.6991850984027224e-06
Completed 30 % :  mod = 9.76054310171006e-12,  Error =1.7129884284372565e-06
Completed 31 % :  mod = 1.0660980427086652e-11,  Error =1.7267900105366607e-06
Completed 31 % :  mod = 1.1644452643764513e-11,  Error =1.740589745224952e-06
Completed 31 % :  mod = 1.2718606899737554e-11,  Error =1.7543870072245227e-06
Completed 31 % :  mod = 1.3893280915860549e-11,  Error =1.7681981816508596e-06
Completed 32 % :  mod = 1.5174746224938685e-11,  Error =1.7819896811488434e-06
Completed 32 % :  mod = 1.6574313883873067e-11,  Error =1.795777045288105e-06
Completed 32 % :  mod = 1.8102839425738033e-11,  Error =1.8095597198453106e-06
Completed 32 % :  mod = 1.977216732042448e-11,  Error =1.8233370084885792e-06
Completed 33 % :  mod = 2.159753256367422e-11,  Error =1.8371241097270286e-06
Completed 33 % :  mod = 2.3588610972962437e-11,  Error =1.8508865053945556e-06
Completed 33 % :  mod = 2.5762886429322657e-11,  Error =1.8646396569010903e-06
Completed 33 % :  mod = 2.8137104313425818e-11,  Error =1.8783817026246652e-06
Completed 34 % :  mod = 3.072950654773932e-11,  Error =1.8921107098890388e-06
Completed 34 % :  mod = 3.3559954615324146e-11,  Error =1.9058235167790372e-06
Completed 34 % :  mod = 3.665398112884885e-11,  Error =1.9195342630951018e-06
Completed 34 % :  mod = 4.0027596401851784e-11,  Error =1.933205702187024e-06
Completed 35 % :  mod = 4.370991442362146e-11,  Error =1.946850389344945e-06
Completed 35 % :  mod = 4.7728621643725496e-11,  Error =1.96046357814339e-06
Completed 35 % :  mod = 5.2113708680098216e-11,  Error =1.974038866592309e-06
Completed 35 % :  mod = 5.690367154164462e-11,  Error =1.9875860175488924e-06
Completed 36 % :  mod = 6.212190119010629e-11,  Error =2.0010634287359608e-06
Completed 36 % :  mod = 6.781158977849597e-11,  Error =2.0144785395359577e-06
Completed 36 % :  mod = 7.401306111544532e-11,  Error =2.027819647310025e-06
Completed 36 % :  mod = 8.076932265965129e-11,  Error =2.0410735785958423e-06
Completed 37 % :  mod = 8.813528397836582e-11,  Error =2.0542408378787513e-06
Completed 37 % :  mod = 9.614104161989429e-11,  Error =2.0672717582215228e-06
Completed 37 % :  mod = 1.0484499287538747e-10,  Error =2.08016243163911e-06
Completed 37 % :  mod = 1.1429816466415682e-10,  Error =2.0928894528537967e-06
Completed 38 % :  mod = 1.2455168173705094e-10,  Error =2.1054268728448733e-06
Completed 38 % :  mod = 1.3565513149982429e-10,  Error =2.1177456375198744e-06
Completed 38 % :  mod = 1.4766932994355349e-10,  Error =2.1298280472592523e-06
Completed 38 % :  mod = 1.6060353451105144e-10,  Error =2.1416109063920885e-06
Completed 39 % :  mod = 1.744981426676411e-10,  Error =2.1530723657292583e-06
Completed 39 % :  mod = 1.8936108762645316e-10,  Error =2.1641759033741437e-06
Completed 39 % :  mod = 2.0517328481026532e-10,  Error =2.1748838037183305e-06
Completed 39 % :  mod = 2.218983120751129e-10,  Error =2.1851742815215403e-06
Completed 40 % :  mod = 2.393861802161033e-10,  Error =2.194992333670598e-06
Completed 40 % :  mod = 2.574788262171138e-10,  Error =2.2043281262540404e-06
Completed 40 % :  mod = 2.759117267400355e-10,  Error =2.213168784237496e-06
Completed 40 % :  mod = 2.943158090364039e-10,  Error =2.221515572387034e-06
Completed 41 % :  mod = 3.1222455368381286e-10,  Error =2.22939404892486e-06
Completed 41 % :  mod = 3.289821705543478e-10,  Error =2.2368198244748783e-06
Completed 41 % :  mod = 3.4388470723539235e-10,  Error =2.2438572031546755e-06
Completed 41 % :  mod = 3.561220890519613e-10,  Error =2.250579349549753e-06
Completed 42 % :  mod = 3.6485529015649826e-10,  Error =2.2570776465613562e-06
Completed 42 % :  mod = 3.6929581207509765e-10,  Error =2.2634585263858753e-06
Completed 42 % :  mod = 3.6880024442209126e-10,  Error =2.269847541924719e-06
Completed 42 % :  mod = 3.6298451203683667e-10,  Error =2.2763512035339772e-06
Completed 43 % :  mod = 3.5181657284655116e-10,  Error =2.2830971104781383e-06
Completed 43 % :  mod = 3.3567492516168637e-10,  Error =2.2901948710796205e-06
Completed 43 % :  mod = 3.153576156344898e-10,  Error =2.2977359463993707e-06
Completed 43 % :  mod = 2.9198643499818587e-10,  Error =2.305796058976739e-06
Completed 44 % :  mod = 2.669882282121166e-10,  Error =2.314394777158668e-06
Completed 44 % :  mod = 2.4174312955673895e-10,  Error =2.3235519606146227e-06
Completed 44 % :  mod = 2.1751872244636368e-10,  Error =2.3332543790388627e-06
Completed 44 % :  mod = 1.9530951836275268e-10,  Error =2.343469724053193e-06
Completed 45 % :  mod = 1.7574759318083883e-10,  Error =2.354167392581985e-06
Completed 45 % :  mod = 1.59191211144449e-10,  Error =2.3652721807820853e-06
Completed 45 % :  mod = 1.456251515382339e-10,  Error =2.3767455274992244e-06
Completed 45 % :  mod = 1.3482643584293135e-10,  Error =2.3885371263077104e-06
Completed 46 % :  mod = 1.2641052559541323e-10,  Error =2.400601388785617e-06
Completed 46 % :  mod = 1.1989584897432209e-10,  Error =2.4128969542402956e-06
Completed 46 % :  mod = 1.1475018505269672e-10,  Error =2.4254022079617243e-06
Completed 46 % :  mod = 1.1045411134898835e-10,  Error =2.438056142750611e-06
Completed 47 % :  mod = 1.0649845778382469e-10,  Error =2.450848363366731e-06
Completed 47 % :  mod = 1.0244443011923446e-10,  Error =2.4637585198661327e-06
Completed 47 % :  mod = 9.795412726696357e-11,  Error =2.4767701987116197e-06
Completed 47 % :  mod = 9.282088861036193e-11,  Error =2.489886931300589e-06
Completed 48 % :  mod = 8.702212066138033e-11,  Error =2.503066809822485e-06
Completed 48 % :  mod = 8.068787459962287e-11,  Error =2.516317479717145e-06
Completed 48 % :  mod = 7.410188785730973e-11,  Error =2.529631416336997e-06
Completed 48 % :  mod = 6.764387923536448e-11,  Error =2.5430007823956657e-06
Completed 49 % :  mod = 6.171113533078888e-11,  Error =2.5564332730709793e-06
Completed 49 % :  mod = 5.6672007481224314e-11,  Error =2.5698888066472136e-06
Completed 49 % :  mod = 5.276342053618102e-11,  Error =2.583376350173694e-06
Completed 49 % :  mod = 5.009242584057621e-11,  Error =2.5968893098138324e-06
Completed 50 % :  mod = 4.863434886386785e-11,  Error =2.6104215820055288e-06
Completed 50 % :  mod = 4.826613015570042e-11,  Error =2.623967219506085e-06
Completed 50 % :  mod = 4.88142377986589e-11,  Error =2.637537399152734e-06
Completed 50 % :  mod = 5.00943901052731e-11,  Error =2.6510943555990707e-06
Completed 51 % :  mod = 5.1942302108485695e-11,  Error =2.6646494646342944e-06
Completed 51 % :  mod = 5.421480051212938e-11,  Error =2.678198569583401e-06
Completed 51 % :  mod = 5.6773573321181426e-11,  Error =2.691738011151301e-06
Completed 51 % :  mod = 5.946660145029272e-11,  Error =2.7052802948901444e-06
Completed 52 % :  mod = 6.210568772973802e-11,  Error =2.7187893678615183e-06
Completed 52 % :  mod = 6.450360478583639e-11,  Error =2.7322778066718456e-06
Completed 52 % :  mod = 6.650626834985237e-11,  Error =2.74574256309279e-06
Completed 52 % :  mod = 6.805692584989388e-11,  Error =2.7591788906988768e-06
Completed 53 % :  mod = 6.925168978190662e-11,  Error =2.7725973410497318e-06
Completed 53 % :  mod = 7.035839134128093e-11,  Error =2.7859585003398024e-06
Completed 53 % :  mod = 7.180398913325006e-11,  Error =2.799268251862941e-06
Completed 53 % :  mod = 7.410408071160679e-11,  Error =2.812513940853023e-06
Completed 54 % :  mod = 7.777361635041992e-11,  Error =2.825680802232e-06
Completed 54 % :  mod = 8.323623262924897e-11,  Error =2.838751214540025e-06
Completed 54 % :  mod = 9.076939986323634e-11,  Error =2.851720346086495e-06
Completed 54 % :  mod = 1.0043927154541737e-10,  Error =2.864532241630968e-06
Completed 55 % :  mod = 1.1216772678399246e-10,  Error =2.877174878790356e-06
Completed 55 % :  mod = 1.2573530919101004e-10,  Error =2.8896167023617636e-06
Completed 55 % :  mod = 1.4082992326456504e-10,  Error =2.901824039724943e-06
Completed 55 % :  mod = 1.5709354065020498e-10,  Error =2.9137766972553436e-06
Completed 56 % :  mod = 1.740456636635443e-10,  Error =2.925413575383118e-06
Completed 56 % :  mod = 1.911930584543845e-10,  Error =2.9367192695417543e-06
Completed 56 % :  mod = 2.0795461292732162e-10,  Error =2.9476697704922117e-06
Completed 56 % :  mod = 2.2372670472402227e-10,  Error =2.9582473217715233e-06
Completed 57 % :  mod = 2.380037376508959e-10,  Error =2.968452420759604e-06
Completed 57 % :  mod = 2.504540632025437e-10,  Error =2.978255281504971e-06
Completed 57 % :  mod = 2.611526006090758e-10,  Error =2.9876681395535343e-06
Completed 57 % :  mod = 2.7055305794031226e-10,  Error =2.9966941355041854e-06
Completed 58 % :  mod = 2.794161338865294e-10,  Error =3.0053397068741106e-06
Completed 58 % :  mod = 2.8859638238196234e-10,  Error =3.0136261131019637e-06
Completed 58 % :  mod = 2.987006069072929e-10,  Error =3.0215521107379573e-06
Completed 58 % :  mod = 3.098955595808004e-10,  Error =3.0291548398508894e-06
Completed 59 % :  mod = 3.2175586498335156e-10,  Error =3.0364718242026356e-06
Completed 59 % :  mod = 3.333622129658239e-10,  Error =3.043551984660553e-06
Completed 59 % :  mod = 3.435333234078415e-10,  Error =3.0504570176503876e-06
Completed 59 % :  mod = 3.5108189073286417e-10,  Error =3.057268941120128e-06
Completed 60 % :  mod = 3.5492787848674834e-10,  Error =3.064058162749461e-06
Completed 60 % :  mod = 3.5417913529572346e-10,  Error =3.0709295941733217e-06
Completed 60 % :  mod = 3.4808287647169637e-10,  Error =3.0779877633335673e-06
Completed 60 % :  mod = 3.361213470716821e-10,  Error =3.08533772397368e-06
Completed 61 % :  mod = 3.1819865374298057e-10,  Error =3.0930889423075314e-06
Completed 61 % :  mod = 2.949778936022976e-10,  Error =3.101304784536296e-06
Completed 61 % :  mod = 2.6785709678633844e-10,  Error =3.1100496116209797e-06
Completed 61 % :  mod = 2.3890670433389747e-10,  Error =3.1193433471798926e-06
Completed 62 % :  mod = 2.1046966221673158e-10,  Error =3.1291733648686204e-06
Completed 62 % :  mod = 1.846430788053975e-10,  Error =3.1395141135703852e-06
Completed 62 % :  mod = 1.6298482210494435e-10,  Error =3.150289948905538e-06
Completed 62 % :  mod = 1.4612234423229916e-10,  Error =3.1614588991146775e-06
Completed 63 % :  mod = 1.3393706497795947e-10,  Error =3.1729681921888186e-06
Completed 63 % :  mod = 1.2577114316126405e-10,  Error =3.184766775632397e-06
Completed 63 % :  mod = 1.2073383592396848e-10,  Error =3.196806162009125e-06
Completed 63 % :  mod = 1.1795898619718822e-10,  Error =3.209056437469826e-06
Completed 64 % :  mod = 1.167612963424313e-10,  Error =3.2214492975413123e-06
Completed 64 % :  mod = 1.166299364382072e-10,  Error =3.2339674120862583e-06
Completed 64 % :  mod = 1.171463893828784e-10,  Error =3.2465853223584418e-06
Completed 64 % :  mod = 1.17836992975345e-10,  Error =3.2592836518574586e-06
Completed 65 % :  mod = 1.1807886771120345e-10,  Error =3.2720631679694634e-06
Completed 65 % :  mod = 1.1713802737405847e-10,  Error =3.2848828439568933e-06
Completed 65 % :  mod = 1.1435925465347088e-10,  Error =3.297752208197835e-06
Completed 65 % :  mod = 1.0942148713285255e-10,  Error =3.310669129064081e-06
Completed 66 % :  mod = 1.0254232501372257e-10,  Error =3.32363143229486e-06
Completed 66 % :  mod = 9.451495739982556e-11,  Error =3.3366488167985153e-06
Completed 66 % :  mod = 8.660588907534274e-11,  Error =3.349677697883635e-06
Completed 66 % :  mod = 8.020097725360849e-11,  Error =3.362718743460391e-06
Completed 67 % :  mod = 7.679685701381332e-11,  Error =3.3757572879267173e-06
Completed 67 % :  mod = 7.719629151245014e-11,  Error =3.3887799375520444e-06
Completed 67 % :  mod = 7.95885252880832e-11,  Error =3.401774065991958e-06
Completed 67 % :  mod = 8.572718822467795e-11,  Error =3.4147403056294934e-06
Completed 68 % :  mod = 9.433112828141646e-11,  Error =3.427628065821864e-06
Completed 68 % :  mod = 1.0442423649377453e-10,  Error =3.4404303690394045e-06
Completed 68 % :  mod = 1.1535551824555954e-10,  Error =3.4531244708091435e-06
Completed 68 % :  mod = 1.2673085945821122e-10,  Error =3.4656906748864458e-06
Completed 69 % :  mod = 1.3835873678125112e-10,  Error =3.478126231470924e-06
Completed 69 % :  mod = 1.4999828963629275e-10,  Error =3.4903860139934295e-06
Completed 69 % :  mod = 1.6122661207638036e-10,  Error =3.502473482797086e-06
Completed 69 % :  mod = 1.712926218861327e-10,  Error =3.514378931868123e-06
Completed 70 % :  mod = 1.792819861997352e-10,  Error =3.5260950141946523e-06
Completed 70 % :  mod = 1.8449510486432164e-10,  Error =3.537627961236467e-06
Completed 70 % :  mod = 1.868577058724238e-10,  Error =3.548939268682716e-06
Completed 70 % :  mod = 1.872304761525663e-10,  Error =3.5600235790411716e-06
Completed 71 % :  mod = 1.8733856309718434e-10,  Error =3.570848228662271e-06
Completed 71 % :  mod = 1.8940374327933014e-10,  Error =3.5813712884191773e-06
Completed 71 % :  mod = 1.955387582512407e-10,  Error =3.591549479153855e-06
Completed 71 % :  mod = 2.0713421323666626e-10,  Error =3.601355480498114e-06
Completed 72 % :  mod = 2.2438476462510906e-10,  Error =3.6107298981846725e-06
Completed 72 % :  mod = 2.4636768633544554e-10,  Error =3.6196498882645756e-06
Completed 72 % :  mod = 2.714010773707456e-10,  Error =3.6280815152167634e-06
Completed 72 % :  mod = 2.9765777438356226e-10,  Error =3.6360017645620246e-06
Completed 73 % :  mod = 3.2364747864760163e-10,  Error =3.6434190064937866e-06
Completed 73 % :  mod = 3.4811367586496383e-10,  Error =3.6503436007251366e-06
Completed 73 % :  mod = 3.6981563509277964e-10,  Error =3.6568468999576e-06
Completed 73 % :  mod = 3.868879493221603e-10,  Error =3.663025054834179e-06
Completed 74 % :  mod = 3.9675708770580345e-10,  Error =3.6690085210011603e-06
Completed 74 % :  mod = 3.9673002992927654e-10,  Error =3.6749674166003388e-06
Completed 74 % :  mod = 3.8513866040710335e-10,  Error =3.6810731529612895e-06
Completed 74 % :  mod = 3.6240617059037275e-10,  Error =3.6875111533163363e-06
Completed 75 % :  mod = 3.313726693999185e-10,  Error =3.6944223040791258e-06
Completed 75 % :  mod = 2.966052400516153e-10,  Error =3.7018875715943977e-06
Completed 75 % :  mod = 2.629166378313031e-10,  Error =3.709933082518546e-06
Completed 75 % :  mod = 2.338135528445717e-10,  Error =3.7185608334766584e-06
Completed 76 % :  mod = 2.1083448643705468e-10,  Error =3.7277228770449256e-06
Completed 76 % :  mod = 1.935421024971227e-10,  Error =3.737390869673618e-06
Completed 76 % :  mod = 1.8058787034650174e-10,  Error =3.7475126859476404e-06
Completed 76 % :  mod = 1.7069686589017355e-10,  Error =3.7580283773763767e-06
Completed 77 % :  mod = 1.6327184383527246e-10,  Error =3.768889541788667e-06
Completed 77 % :  mod = 1.584431550032769e-10,  Error =3.7800143033450695e-06
Completed 77 % :  mod = 1.565844064255376e-10,  Error =3.79137080841474e-06
Completed 77 % :  mod = 1.577560191176196e-10,  Error =3.802921618500932e-06
Completed 78 % :  mod = 1.6119889374222862e-10,  Error =3.814635036292202e-06
Completed 78 % :  mod = 1.6517166108955146e-10,  Error =3.826495998282553e-06
Completed 78 % :  mod = 1.6725522379237961e-10,  Error =3.83845269880112e-06
Completed 78 % :  mod = 1.651721530991966e-10,  Error =3.850511312464278e-06
Completed 79 % :  mod = 1.5768294825898098e-10,  Error =3.862679655242118e-06
Completed 79 % :  mod = 1.4516054596845985e-10,  Error =3.874970282424783e-06
Completed 79 % :  mod = 1.2951914970048185e-10,  Error =3.887383662970478e-06
Completed 79 % :  mod = 1.1356214725568297e-10,  Error =3.89991832605574e-06
Completed 80 % :  mod = 1.0016929850905168e-10,  Error =3.912517946957905e-06
Completed 80 % :  mod = 9.21474336010804e-11,  Error =3.9251750152402565e-06
Completed 80 % :  mod = 8.962985210793618e-11,  Error =3.937875270310087e-06
Completed 80 % :  mod = 8.963499685818344e-11,  Error =3.950606078717556e-06
Completed 81 % :  mod = 9.334209610578832e-11,  Error =3.963363781167573e-06
Completed 81 % :  mod = 9.932936045281423e-11,  Error =3.976090809487687e-06
Completed 81 % :  mod = 1.0589128629597165e-10,  Error =3.988774594176903e-06
Completed 81 % :  mod = 1.128571472965777e-10,  Error =4.00138883804857e-06
Completed 82 % :  mod = 1.208032749157488e-10,  Error =4.013911372169332e-06
Completed 82 % :  mod = 1.3057651079429258e-10,  Error =4.0263387717232035e-06
Completed 82 % :  mod = 1.425715265010426e-10,  Error =4.038624723534667e-06
Completed 82 % :  mod = 1.5620471988311925e-10,  Error =4.050770492369793e-06
Completed 83 % :  mod = 1.6967964978266167e-10,  Error =4.062761760792455e-06
Completed 83 % :  mod = 1.8045726889293978e-10,  Error =4.0745896328076014e-06
Completed 83 % :  mod = 1.8628406978041574e-10,  Error =4.086269662195718e-06
Completed 83 % :  mod = 1.8627506423990347e-10,  Error =4.097780220035929e-06
Completed 84 % :  mod = 1.815450266289452e-10,  Error =4.109131921836706e-06
Completed 84 % :  mod = 1.749575552493372e-10,  Error =4.12029728380503e-06
Completed 84 % :  mod = 1.7025992501125769e-10,  Error =4.131228877213289e-06
Completed 84 % :  mod = 1.708933090681104e-10,  Error =4.1418789962222036e-06
Completed 85 % :  mod = 1.7889947815331642e-10,  Error =4.152223361586493e-06
Completed 85 % :  mod = 1.9426393334784576e-10,  Error =4.16220676413559e-06
Completed 85 % :  mod = 2.1518947765217927e-10,  Error =4.171801158747712e-06
Completed 85 % :  mod = 2.3908820831073014e-10,  Error =4.1809525370695155e-06
Completed 86 % :  mod = 2.639054645908853e-10,  Error =4.189607111015903e-06
Completed 86 % :  mod = 2.8897010624101415e-10,  Error =4.1977374323209915e-06
Completed 86 % :  mod = 3.1463432539261374e-10,  Error =4.2053152213838985e-06
Completed 86 % :  mod = 3.412523591938005e-10,  Error =4.212371230494227e-06
Completed 87 % :  mod = 3.6760281437649884e-10,  Error =4.2189560929273284e-06
Completed 87 % :  mod = 3.9018984051147843e-10,  Error =4.225153944048543e-06
Completed 87 % :  mod = 4.0398268205863275e-10,  Error =4.231100888318906e-06
Completed 87 % :  mod = 4.044202864443332e-10,  Error =4.23696358353709e-06
Completed 88 % :  mod = 3.898222388128902e-10,  Error =4.242961992417804e-06
Completed 88 % :  mod = 3.6251424702453945e-10,  Error =4.2492912157854335e-06
Completed 88 % :  mod = 3.2819123168045627e-10,  Error =4.256084203291266e-06
Completed 88 % :  mod = 2.9358785091889287e-10,  Error =4.263404917992375e-06
Completed 89 % :  mod = 2.6372876641719495e-10,  Error =4.271283273737936e-06
Completed 89 % :  mod = 2.405205923966891e-10,  Error =4.279700618781135e-06
Completed 89 % :  mod = 2.2281972998829322e-10,  Error =4.288649535055811e-06
Completed 89 % :  mod = 2.082106209869422e-10,  Error =4.298092356691541e-06
Completed 90 % :  mod = 1.9483688458830807e-10,  Error =4.3079752245489544e-06
Completed 90 % :  mod = 1.8249521096761696e-10,  Error =4.31824855695595e-06
Completed 90 % :  mod = 1.7259333463654365e-10,  Error =4.3288281261766315e-06
Completed 90 % :  mod = 1.6701654828578786e-10,  Error =4.3396795703642965e-06
Completed 91 % :  mod = 1.6687806807338916e-10,  Error =4.3507693519018176e-06
Completed 91 % :  mod = 1.7154815405989873e-10,  Error =4.36206828169361e-06
Completed 91 % :  mod = 1.7845676811405396e-10,  Error =4.373554219228026e-06
Completed 91 % :  mod = 1.8372741611928188e-10,  Error =4.385163329345687e-06
Completed 92 % :  mod = 1.8360462547166965e-10,  Error =4.396893586999795e-06
Completed 92 % :  mod = 1.759450616908793e-10,  Error =4.408758400131774e-06
Completed 92 % :  mod = 1.6115475282897814e-10,  Error =4.42078289353276e-06
Completed 92 % :  mod = 1.420199367334944e-10,  Error =4.4329748618565645e-06
Completed 93 % :  mod = 1.2255142887156757e-10,  Error =4.445330134217329e-06
Completed 93 % :  mod = 1.0658874296872073e-10,  Error =4.457786396017127e-06
Completed 93 % :  mod = 9.668020916747076e-11,  Error =4.470336776307704e-06
Completed 93 % :  mod = 9.30753333348919e-11,  Error =4.482970496155758e-06
Completed 94 % :  mod = 9.293406650595502e-11,  Error =4.495674247095849e-06
Completed 94 % :  mod = 9.57189040530687e-11,  Error =4.508440440531558e-06
Completed 94 % :  mod = 9.858231701546595e-11,  Error =4.521208680330346e-06
Completed 94 % :  mod = 1.0060545854238251e-10,  Error =4.533966034614423e-06
Completed 95 % :  mod = 1.0241222765308126e-10,  Error =4.546686518835941e-06
Completed 95 % :  mod = 1.0575648913061822e-10,  Error =4.559347090093979e-06
Completed 95 % :  mod = 1.12588417161434e-10,  Error =4.5719449488501596e-06
Completed 95 % :  mod = 1.2391895122007775e-10,  Error =4.584436247512258e-06
Completed 96 % :  mod = 1.3903659108790626e-10,  Error =4.5968222579517715e-06
Completed 96 % :  mod = 1.55324388436428e-10,  Error =4.609084108153638e-06
Completed 96 % :  mod = 1.6901503466419818e-10,  Error =4.621203153476472e-06
Completed 96 % :  mod = 1.7667068943253026e-10,  Error =4.6331786478504e-06
Completed 97 % :  mod = 1.7673509019593137e-10,  Error =4.645040270645495e-06
Completed 97 % :  mod = 1.703591490098689e-10,  Error =4.6567707556732785e-06
Completed 97 % :  mod = 1.610562890677729e-10,  Error =4.668363963844513e-06
Completed 97 % :  mod = 1.5342897752737182e-10,  Error =4.679771826943124e-06
Completed 98 % :  mod = 1.515741604290945e-10,  Error =4.690945239360644e-06
Completed 98 % :  mod = 1.577371031472501e-10,  Error =4.701865151446327e-06
Completed 98 % :  mod = 1.7163508865942424e-10,  Error =4.712480880186831e-06
Completed 98 % :  mod = 1.9090544179292356e-10,  Error =4.722765027054265e-06
Completed 99 % :  mod = 2.12448844864022e-10,  Error =4.7326536076752745e-06
Completed 99 % :  mod = 2.3413416584357124e-10,  Error =4.742076420427566e-06
Completed 99 % :  mod = 2.5590033567786796e-10,  Error =4.750984658130619e-06
Completed 99 % :  mod = 2.793764374866116e-10,  Error =4.759320589187155e-06
Completed 100 % :  mod = 3.064634559086337e-10,  Error =4.7670853859926865e-06
Finished 25/31 frames
Finished all frames!
