/opt/local/miniconda_23_9/lib/python3.11/site-packages/conda/base/context.py:201: FutureWarning: Adding 'defaults' to channel list implicitly is deprecated and will be removed in 25.3. 

To remove this warning, please choose a default channel explicitly with conda's regular configuration system, e.g. by adding 'defaults' to the list of channels:

  conda config --add channels defaults

For more information see https://docs.conda.io/projects/conda/en/stable/user-guide/configuration/use-condarc.html

  deprecated.topic(
JOB 14520 ARRAY_ID 17  -> i=17 ; range=[1.95e-10, 2.05e-10] ; intervals=20 (frames=21)
Analytic t0 extension enabled (--extend-time-using-t0).
Extending simulation time for p0=2.031e-10 from 10000000000.0 to 2.563e+10
Completed 0 % :  mod = 1.624761904850486e-16,  Error =-1.4210854715202004e-14
Completed 0 % :  mod = 1.629903136863366e-16,  Error =5.339551023553213e-09
Completed 0 % :  mod = 1.6453561393941212e-16,  Error =1.0678078865566931e-08
Completed 0 % :  mod = 1.6712235443602659e-16,  Error =1.6017629889120144e-08
Completed 0 % :  mod = 1.7076609041099666e-16,  Error =2.1356271417971584e-08
Completed 1 % :  mod = 1.7549102806417777e-16,  Error =2.6695332167037122e-08
Completed 1 % :  mod = 1.8132557164043166e-16,  Error =3.203368947879426e-08
Completed 1 % :  mod = 1.883084808070098e-16,  Error =3.737232390221834e-08
Completed 1 % :  mod = 1.9648173921929993e-16,  Error =4.271097253649714e-08
Completed 2 % :  mod = 2.0589806516569156e-16,  Error =4.804881115205717e-08
Completed 2 % :  mod = 2.1661880923635047e-16,  Error =5.338799269338779e-08
Completed 2 % :  mod = 2.2870844938454335e-16,  Error =5.872612973689684e-08
Completed 2 % :  mod = 2.4224727139863307e-16,  Error =6.406548180848404e-08
Completed 3 % :  mod = 2.5731670247283026e-16,  Error =6.94038178039591e-08
Completed 3 % :  mod = 2.7401681858825555e-16,  Error =7.474309171584537e-08
Completed 3 % :  mod = 2.9244805865152334e-16,  Error =8.008152718730344e-08
Completed 3 % :  mod = 3.1272949784505126e-16,  Error =8.541951501683798e-08
Completed 4 % :  mod = 3.349931076656933e-16,  Error =9.075893814269875e-08
Completed 4 % :  mod = 3.593727594373754e-16,  Error =9.609688333966915e-08
Completed 4 % :  mod = 3.860303884991594e-16,  Error =1.0143654805006008e-07
Completed 4 % :  mod = 4.151262915453138e-16,  Error =1.0677453587959462e-07
Completed 5 % :  mod = 4.468537230925421e-16,  Error =1.1211374584263467e-07
Completed 5 % :  mod = 4.814034703328769e-16,  Error =1.1745225947379367e-07
Completed 5 % :  mod = 5.189988782872609e-16,  Error =1.2279134153914129e-07
Completed 5 % :  mod = 5.59884451463501e-16,  Error =1.2813006833312102e-07
Completed 6 % :  mod = 6.043060746753526e-16,  Error =1.334683190634678e-07
Completed 6 % :  mod = 6.525587705736793e-16,  Error =1.38806896643473e-07
Completed 6 % :  mod = 7.049327219238816e-16,  Error =1.4414550975061502e-07
Completed 6 % :  mod = 7.617757667038381e-16,  Error =1.494844639182702e-07
Completed 7 % :  mod = 8.234297450048058e-16,  Error =1.5482258675092453e-07
Completed 7 % :  mod = 8.90293244661689e-16,  Error =1.6016043247191192e-07
Completed 7 % :  mod = 9.628010986509788e-16,  Error =1.654993013744388e-07
Completed 7 % :  mod = 1.041389335587043e-15,  Error =1.7083768710790537e-07
Completed 8 % :  mod = 1.1265799200331837e-15,  Error =1.761768331220992e-07
Completed 8 % :  mod = 1.2188851460875596e-15,  Error =1.815144230477017e-07
Completed 8 % :  mod = 1.318918078971357e-15,  Error =1.8685371827587005e-07
Completed 8 % :  mod = 1.4272802723433702e-15,  Error =1.9219159952399423e-07
Completed 9 % :  mod = 1.5446723232119169e-15,  Error =1.9753001367917022e-07
Completed 9 % :  mod = 1.671857624880396e-15,  Error =2.028693018019112e-07
Completed 9 % :  mod = 1.80960102328476e-15,  Error =2.0820738910742875e-07
Completed 9 % :  mod = 1.958817365086446e-15,  Error =2.13546563543332e-07
Completed 10 % :  mod = 2.120403976537735e-15,  Error =2.188843595263279e-07
Completed 10 % :  mod = 2.295434063892434e-15,  Error =2.2422401713129148e-07
Completed 10 % :  mod = 2.4849601806173113e-15,  Error =2.295621754910826e-07
Completed 10 % :  mod = 2.690241102251204e-15,  Error =2.3490153466809716e-07
Completed 11 % :  mod = 2.9125112969068664e-15,  Error =2.402392169642553e-07
Completed 11 % :  mod = 3.1532078498126166e-15,  Error =2.4557770927913225e-07
Completed 11 % :  mod = 3.413895963652357e-15,  Error =2.5091728161896754e-07
Completed 11 % :  mod = 3.696143330923634e-15,  Error =2.562557170904256e-07
Completed 12 % :  mod = 4.00182452477083e-15,  Error =2.615946996797902e-07
Completed 12 % :  mod = 4.332777808211364e-15,  Error =2.6693297172641905e-07
Completed 12 % :  mod = 4.6912012412559375e-15,  Error =2.7227212484604024e-07
Completed 12 % :  mod = 5.0792502607458536e-15,  Error =2.776100558321559e-07
Completed 13 % :  mod = 5.499433752938473e-15,  Error =2.8294868315015265e-07
Completed 13 % :  mod = 5.9544841254049686e-15,  Error =2.88288077854304e-07
Completed 13 % :  mod = 6.447137858081763e-15,  Error =2.936256677799065e-07
Completed 13 % :  mod = 6.9806670048644055e-15,  Error =2.9896533249029744e-07
Completed 14 % :  mod = 7.55827998304126e-15,  Error =3.043030005756009e-07
Completed 14 % :  mod = 8.183813110244269e-15,  Error =3.0964309871706064e-07
Completed 14 % :  mod = 8.86102808750274e-15,  Error =3.149814489233904e-07
Completed 14 % :  mod = 9.594303413564585e-15,  Error =3.2031967123202776e-07
Completed 15 % :  mod = 1.038840745187607e-14,  Error =3.256587675082301e-07
Completed 15 % :  mod = 1.124811564649781e-14,  Error =3.30997160347124e-07
Completed 15 % :  mod = 1.2179137869584905e-14,  Error =3.363363987318735e-07
Completed 15 % :  mod = 1.3187072930853535e-14,  Error =3.416744576156816e-07
Completed 16 % :  mod = 1.4278615171413132e-14,  Error =3.470133407290632e-07
Completed 16 % :  mod = 1.546032870105749e-14,  Error =3.5235045459103276e-07
Completed 16 % :  mod = 1.673985380174199e-14,  Error =3.5768844952599466e-07
Completed 16 % :  mod = 1.8125511012369264e-14,  Error =3.630272402688206e-07
Completed 17 % :  mod = 1.9625633120990952e-14,  Error =3.683659031139541e-07
Completed 17 % :  mod = 2.1250183402435065e-14,  Error =3.737053120289602e-07
Completed 17 % :  mod = 2.3008931242875573e-14,  Error =3.790441240880682e-07
Completed 17 % :  mod = 2.4913557605348737e-14,  Error =3.8438279403862907e-07
Completed 18 % :  mod = 2.697551613254325e-14,  Error =3.897208671332919e-07
Completed 18 % :  mod = 2.920813822752248e-14,  Error =3.9505895443880945e-07
Completed 18 % :  mod = 3.162594220198946e-14,  Error =4.003986191492004e-07
Completed 18 % :  mod = 3.424346770435752e-14,  Error =4.057370475152311e-07
Completed 19 % :  mod = 3.707809932186436e-14,  Error =4.1107598747203156e-07
Completed 19 % :  mod = 4.014688328181206e-14,  Error =4.164138402984463e-07
Completed 19 % :  mod = 4.347020120256605e-14,  Error =4.2175256709242603e-07
Completed 19 % :  mod = 4.706803798165519e-14,  Error =4.2709072545221716e-07
Completed 20 % :  mod = 5.096365490260387e-14,  Error =4.3242896907713657e-07
Completed 20 % :  mod = 5.518238413969906e-14,  Error =4.3776819325103133e-07
Completed 20 % :  mod = 5.974959499750427e-14,  Error =4.431067637256092e-07
Completed 20 % :  mod = 6.469562069278312e-14,  Error =4.484463147491624e-07
Completed 21 % :  mod = 7.005020389370979e-14,  Error =4.5378484259117613e-07
Completed 21 % :  mod = 7.584890688116617e-14,  Error =4.591239459728058e-07
Completed 21 % :  mod = 8.212659949724971e-14,  Error =4.6446290724588835e-07
Completed 21 % :  mod = 8.892497436175951e-14,  Error =4.6980152035303036e-07
Completed 22 % :  mod = 9.628491216109554e-14,  Error =4.7513947976085547e-07
Completed 22 % :  mod = 1.0425399544049481e-13,  Error =4.804785831424851e-07
Completed 22 % :  mod = 1.1288404246186686e-13,  Error =4.858178783706535e-07
Completed 22 % :  mod = 1.2222694667189357e-13,  Error =4.911563991072398e-07
Completed 23 % :  mod = 1.3234475494291644e-13,  Error =4.964952253772026e-07
Completed 23 % :  mod = 1.4329830488764851e-13,  Error =5.018336253215239e-07
Completed 23 % :  mod = 1.5516033737478969e-13,  Error =5.071727855465724e-07
Completed 23 % :  mod = 1.6800217484145813e-13,  Error =5.125115905002531e-07
Completed 24 % :  mod = 1.819068311266725e-13,  Error =5.178497630708989e-07
Completed 24 % :  mod = 1.9696470785318073e-13,  Error =5.23189072509922e-07
Completed 24 % :  mod = 2.1326633425981143e-13,  Error =5.2852750798138e-07
Completed 24 % :  mod = 2.3091995095420934e-13,  Error =5.338669382126682e-07
Completed 25 % :  mod = 2.500316828710424e-13,  Error =5.392056436903658e-07
Completed 25 % :  mod = 2.7072841650208185e-13,  Error =5.445443349572088e-07
Completed 25 % :  mod = 2.93134554226694e-13,  Error =5.498820883076405e-07
Completed 25 % :  mod = 3.1739488573025285e-13,  Error =5.552196213898242e-07
Completed 26 % :  mod = 3.436670756543001e-13,  Error =5.60559442419617e-07
Completed 26 % :  mod = 3.7210899253119596e-13,  Error =5.658974586708609e-07
Completed 26 % :  mod = 4.0290938255155475e-13,  Error =5.71237144697534e-07
Completed 26 % :  mod = 4.362532703124161e-13,  Error =5.765753883224534e-07
Completed 27 % :  mod = 4.723618642712478e-13,  Error =5.81914193276134e-07
Completed 27 % :  mod = 5.114519900170849e-13,  Error =5.872531119166524e-07
Completed 27 % :  mod = 5.537759795133949e-13,  Error =5.925912560655888e-07
Completed 27 % :  mod = 5.996085468019631e-13,  Error =5.97930508661193e-07
Completed 28 % :  mod = 6.492246616975575e-13,  Error =6.032686314938474e-07
Completed 28 % :  mod = 7.029530327825636e-13,  Error =6.086079267220157e-07
Completed 28 % :  mod = 7.611157151582918e-13,  Error =6.13945751126721e-07
Completed 28 % :  mod = 8.24097676746635e-13,  Error =6.192840800167687e-07
Completed 29 % :  mod = 8.922759805801047e-13,  Error =6.246226504913466e-07
Completed 29 % :  mod = 9.660892906399978e-13,  Error =6.299605388448981e-07
Completed 29 % :  mod = 1.0460148846177581e-12,  Error =6.352994859071259e-07
Completed 29 % :  mod = 1.132529956683059e-12,  Error =6.406379569057208e-07
Completed 30 % :  mod = 1.2262047340425164e-12,  Error =6.459762573740591e-07
Completed 30 % :  mod = 1.327596987959416e-12,  Error =6.513141812547474e-07
Completed 30 % :  mod = 1.4373730831053361e-12,  Error =6.56652666464197e-07
Completed 30 % :  mod = 1.5561842289351203e-12,  Error =6.61991002459672e-07
Completed 31 % :  mod = 1.6847872540557475e-12,  Error =6.673289831837792e-07
Completed 31 % :  mod = 1.8240040373638624e-12,  Error =6.726677383994684e-07
Completed 31 % :  mod = 1.9746535132678044e-12,  Error =6.780053425359256e-07
Completed 31 % :  mod = 2.1377130743668683e-12,  Error =6.833440124864865e-07
Completed 32 % :  mod = 2.314133917085417e-12,  Error =6.886813892492682e-07
Completed 32 % :  mod = 2.505050501291302e-12,  Error =6.940197465610254e-07
Completed 32 % :  mod = 2.7115636837708496e-12,  Error =6.993570522695336e-07
Completed 32 % :  mod = 2.9349851551755013e-12,  Error =7.046946848277003e-07
Completed 33 % :  mod = 3.1765825881860454e-12,  Error =7.100311805174897e-07
Completed 33 % :  mod = 3.4378219229146634e-12,  Error =7.153679035809546e-07
Completed 33 % :  mod = 3.72028006529771e-12,  Error =7.207049108615138e-07
Completed 33 % :  mod = 4.0255014072092205e-12,  Error =7.260409375930976e-07
Completed 34 % :  mod = 4.355317939153496e-12,  Error =7.313770282735277e-07
Completed 34 % :  mod = 4.711466225445215e-12,  Error =7.367118683987428e-07
Completed 34 % :  mod = 5.095999618549931e-12,  Error =7.420466090479749e-07
Completed 34 % :  mod = 5.510836464598405e-12,  Error =7.473796586054959e-07
Completed 35 % :  mod = 5.958161871574688e-12,  Error =7.527131629103678e-07
Completed 35 % :  mod = 6.440257183129534e-12,  Error =7.580459495670766e-07
Completed 35 % :  mod = 6.959231912759449e-12,  Error =7.633774430360063e-07
Completed 35 % :  mod = 7.517539710048734e-12,  Error =7.687078777962597e-07
Completed 36 % :  mod = 8.117291279959576e-12,  Error =7.740359890817672e-07
Completed 36 % :  mod = 8.760907250657715e-12,  Error =7.793625300678286e-07
Completed 36 % :  mod = 9.450304429627553e-12,  Error =7.846871241667941e-07
Completed 36 % :  mod = 1.018750526313023e-11,  Error =7.900100627011852e-07
Completed 37 % :  mod = 1.0974271308397443e-11,  Error =7.953305143360012e-07
Completed 37 % :  mod = 1.1811579516508786e-11,  Error =8.006472569377365e-07
Completed 37 % :  mod = 1.2700356873127953e-11,  Error =8.059615268507514e-07
Completed 37 % :  mod = 1.364025764082401e-11,  Error =8.11270645328932e-07
Completed 38 % :  mod = 1.4630572393107323e-11,  Error =8.165768932144601e-07
Completed 38 % :  mod = 1.566882170712038e-11,  Error =8.21876419365708e-07
Completed 38 % :  mod = 1.6751566979099473e-11,  Error =8.271714833085753e-07
Completed 38 % :  mod = 1.7873707545165493e-11,  Error =8.324614597654545e-07
Completed 39 % :  mod = 1.9027653074653458e-11,  Error =8.377426183869829e-07
Completed 39 % :  mod = 2.0204313793618684e-11,  Error =8.430182631968819e-07
Completed 39 % :  mod = 2.1391462080570333e-11,  Error =8.482853104396781e-07
Completed 39 % :  mod = 2.257508021264481e-11,  Error =8.535442930224235e-07
Completed 40 % :  mod = 2.373789619204863e-11,  Error =8.58795210945118e-07
Completed 40 % :  mod = 2.486086338345094e-11,  Error =8.640359467904091e-07
Completed 40 % :  mod = 2.5922969690185235e-11,  Error =8.692685966593672e-07
Completed 40 % :  mod = 2.690139784545787e-11,  Error =8.744923718495556e-07
Completed 41 % :  mod = 2.7773524974605746e-11,  Error =8.797082529099498e-07
Completed 41 % :  mod = 2.8516796343606594e-11,  Error =8.849163322111053e-07
Completed 41 % :  mod = 2.9111025365827845e-11,  Error =8.901188763843493e-07
Completed 41 % :  mod = 2.953874101911144e-11,  Error =8.953150754109629e-07
Completed 42 % :  mod = 2.978706400672288e-11,  Error =9.005083612123599e-07
Completed 42 % :  mod = 2.984823916362287e-11,  Error =9.05700893838457e-07
Completed 42 % :  mod = 2.9720314140760383e-11,  Error =9.1089400200417e-07
Completed 42 % :  mod = 2.940728210381476e-11,  Error =9.160893199577913e-07
Completed 43 % :  mod = 2.8918931690702195e-11,  Error =9.212874587660735e-07
Completed 43 % :  mod = 2.8269742861393956e-11,  Error =9.264923548357729e-07
Completed 43 % :  mod = 2.747845312830755e-11,  Error =9.317025444488536e-07
Completed 43 % :  mod = 2.656604006311195e-11,  Error =9.369210900445069e-07
Completed 44 % :  mod = 2.5555432886637385e-11,  Error =9.421479916227327e-07
Completed 44 % :  mod = 2.4469377392875962e-11,  Error =9.473834126083602e-07
Completed 44 % :  mod = 2.3329798221185625e-11,  Error =9.526283406557923e-07
Completed 44 % :  mod = 2.2157599795904624e-11,  Error =9.578813831012667e-07
Completed 45 % :  mod = 2.0970861627816054e-11,  Error =9.63143364174357e-07
Completed 45 % :  mod = 1.9785977392819376e-11,  Error =9.684131967446774e-07
Completed 45 % :  mod = 1.861606478689649e-11,  Error =9.736914066138525e-07
Completed 45 % :  mod = 1.7472477560627238e-11,  Error =9.789759118916663e-07
Completed 46 % :  mod = 1.6363670644029274e-11,  Error =9.842671175874784e-07
Completed 46 % :  mod = 1.5295995327198564e-11,  Error =9.895648602764595e-07
Completed 46 % :  mod = 1.4274436105189503e-11,  Error =9.948669514869835e-07
Completed 46 % :  mod = 1.3301731048482083e-11,  Error =1.0001748336208038e-06
Completed 47 % :  mod = 1.2379913271459075e-11,  Error =1.005485096072789e-06
Completed 47 % :  mod = 1.1509341618430775e-11,  Error =1.0108007515441386e-06
Completed 47 % :  mod = 1.069007510950115e-11,  Error =1.0161193770841237e-06
Completed 47 % :  mod = 9.921092748971603e-12,  Error =1.021439715032102e-06
Completed 48 % :  mod = 9.200901656123334e-12,  Error =1.0267633143712374e-06
Completed 48 % :  mod = 8.527976899344873e-12,  Error =1.0320887042780669e-06
Completed 48 % :  mod = 7.900103687863346e-12,  Error =1.0374168368798564e-06
Completed 48 % :  mod = 7.315311793635202e-12,  Error =1.0427462484585703e-06
Completed 49 % :  mod = 6.771160306991195e-12,  Error =1.0480770029630548e-06
Completed 49 % :  mod = 6.265527400018267e-12,  Error =1.05340910039331e-06
Completed 49 % :  mod = 5.7960415460916165e-12,  Error =1.0587419154717281e-06
Completed 49 % :  mod = 5.360394648244776e-12,  Error =1.064075973999934e-06
Completed 50 % :  mod = 4.956544638021386e-12,  Error =1.0694100609498491e-06
Completed 50 % :  mod = 4.582267453685969e-12,  Error =1.0747456187232274e-06
Completed 50 % :  mod = 4.235675187048899e-12,  Error =1.0800807714872462e-06
Completed 50 % :  mod = 3.9147531383682265e-12,  Error =1.08541717480648e-06
Completed 51 % :  mod = 3.617798550999034e-12,  Error =1.0907536065474233e-06
Completed 51 % :  mod = 3.343060068942913e-12,  Error =1.0960898748635373e-06
Completed 51 % :  mod = 3.088903143009323e-12,  Error =1.101427152150336e-06
Completed 51 % :  mod = 2.8539113996099564e-12,  Error =1.1067642020634594e-06
Completed 52 % :  mod = 2.636612560976817e-12,  Error =1.1121022041038486e-06
Completed 52 % :  mod = 2.4357696700364333e-12,  Error =1.1174397158697502e-06
Completed 52 % :  mod = 2.2501038743022292e-12,  Error =1.1227778173861225e-06
Completed 52 % :  mod = 2.078542086796636e-12,  Error =1.128115627579973e-06
Completed 53 % :  mod = 1.9200029506263777e-12,  Error =1.1334532388218577e-06
Completed 53 % :  mod = 1.773488432168351e-12,  Error =1.1387921006189572e-06
Completed 53 % :  mod = 1.6381387447386275e-12,  Error =1.1441303016113125e-06
Completed 53 % :  mod = 1.5130717324340514e-12,  Error =1.1494692202518308e-06
Completed 54 % :  mod = 1.3975485222120675e-12,  Error =1.1548078475698276e-06
Completed 54 % :  mod = 1.2908122791542052e-12,  Error =1.1601468941080384e-06
Completed 54 % :  mod = 1.1922293512565977e-12,  Error =1.1654854219500521e-06
Completed 54 % :  mod = 1.1011514623471493e-12,  Error =1.1708248521813402e-06
Completed 55 % :  mod = 1.0170360085835837e-12,  Error =1.1761631100171144e-06
Completed 55 % :  mod = 9.39340024966643e-13,  Error =1.1815011902172046e-06
Completed 55 % :  mod = 8.675643392265966e-13,  Error =1.1868400164871673e-06
Completed 55 % :  mod = 8.012798165321176e-13,  Error =1.1921782103740952e-06
Completed 56 % :  mod = 7.400481850116271e-13,  Error =1.1975176974488022e-06
Completed 56 % :  mod = 6.835027708501395e-13,  Error =1.2028564739807734e-06
Completed 56 % :  mod = 6.312692397815693e-13,  Error =1.2081947673436844e-06
Completed 56 % :  mod = 5.83034441272881e-13,  Error =1.2135324922724067e-06
Completed 57 % :  mod = 5.384854701725653e-13,  Error =1.2188711409066855e-06
Completed 57 % :  mod = 4.973348945115349e-13,  Error =1.224210301131734e-06
Completed 57 % :  mod = 4.593357207705491e-13,  Error =1.2295493050373807e-06
Completed 57 % :  mod = 4.2423594192124473e-13,  Error =1.2348880531476425e-06
Completed 58 % :  mod = 3.918247731788025e-13,  Error =1.2402264601973911e-06
Completed 58 % :  mod = 3.618871805412641e-13,  Error =1.245566025431799e-06
Completed 58 % :  mod = 3.342433118940727e-13,  Error =1.2509047735420609e-06
Completed 58 % :  mod = 3.0871354596655004e-13,  Error =1.256242953218134e-06
Completed 59 % :  mod = 2.8513293419918595e-13,  Error =1.261582617928525e-06
Completed 59 % :  mod = 2.63359760369533e-13,  Error =1.2669216005178896e-06
Completed 59 % :  mod = 2.4324948417057653e-13,  Error =1.2722616204996484e-06
Completed 59 % :  mod = 2.2468122505220013e-13,  Error =1.2776007167758507e-06
Completed 60 % :  mod = 2.0753170219625358e-13,  Error =1.2829404028025237e-06
Completed 60 % :  mod = 1.9169781904101837e-13,  Error =1.288278227207229e-06
Completed 60 % :  mod = 1.7707663660428534e-13,  Error =1.2936160729282165e-06
Completed 60 % :  mod = 1.6357364424687076e-13,  Error =1.2989546434027943e-06
Completed 61 % :  mod = 1.511076567787633e-13,  Error =1.3042924891237817e-06
Completed 61 % :  mod = 1.3959589246472226e-13,  Error =1.3096316280325482e-06
Completed 61 % :  mod = 1.2896913428046474e-13,  Error =1.3149695519132365e-06
Completed 61 % :  mod = 1.191568110418529e-13,  Error =1.3203088826685416e-06
Completed 62 % :  mod = 1.1009992159624757e-13,  Error =1.3256462452204687e-06
Completed 62 % :  mod = 1.0173957446016619e-13,  Error =1.330984467529106e-06
Completed 62 % :  mod = 9.402172134555223e-14,  Error =1.3363248569930875e-06
Completed 62 % :  mod = 8.689995315773486e-14,  Error =1.3416639106367256e-06
Completed 63 % :  mod = 8.032697198660061e-14,  Error =1.3470027937501072e-06
Completed 63 % :  mod = 7.426325237018587e-14,  Error =1.3523410942184455e-06
Completed 63 % :  mod = 6.866852266447402e-14,  Error =1.357680908142811e-06
Completed 63 % :  mod = 6.350913950501907e-14,  Error =1.3630195780933718e-06
Completed 64 % :  mod = 5.875155143536113e-14,  Error =1.3683581912005138e-06
Completed 64 % :  mod = 5.4365001174307523e-14,  Error =1.3736967545696643e-06
Completed 64 % :  mod = 5.032311027700654e-14,  Error =1.3790353108333875e-06
Completed 64 % :  mod = 4.6599034316541364e-14,  Error =1.3843735828800163e-06
Completed 65 % :  mod = 4.3170378495141335e-14,  Error =1.389712465993398e-06
Completed 65 % :  mod = 4.0014371108276826e-14,  Error =1.3950516049021644e-06
Completed 65 % :  mod = 3.711203337308727e-14,  Error =1.400389791683665e-06
Completed 65 % :  mod = 3.444408910819172e-14,  Error =1.4057287316404654e-06
Completed 66 % :  mod = 3.199449447161261e-14,  Error =1.4110672594824791e-06
Completed 66 % :  mod = 2.974731665144785e-14,  Error =1.4164057162702193e-06
Completed 66 % :  mod = 2.7688030613445876e-14,  Error =1.4217448267572763e-06
Completed 66 % :  mod = 2.580425263221006e-14,  Error =1.4270831272256146e-06
Completed 67 % :  mod = 2.4083471368537788e-14,  Error =1.4324226569328857e-06
Completed 67 % :  mod = 2.2515338714590656e-14,  Error =1.4377614476757117e-06
Completed 67 % :  mod = 2.1089439726905456e-14,  Error =1.4431007357984527e-06
Completed 67 % :  mod = 1.979719959250003e-14,  Error =1.4484392636404664e-06
Completed 68 % :  mod = 1.8630208908355137e-14,  Error =1.4537776777956424e-06
Completed 68 % :  mod = 1.7580929276454843e-14,  Error =1.459116738544708e-06
Completed 68 % :  mod = 1.6643050773558833e-14,  Error =1.4644550603293283e-06
Completed 68 % :  mod = 1.5810344297245918e-14,  Error =1.469794661090873e-06
Completed 69 % :  mod = 1.507780231032748e-14,  Error =1.475132954453784e-06
Completed 69 % :  mod = 1.4440559488796815e-14,  Error =1.4804724273176362e-06
Completed 69 % :  mod = 1.3894783737882399e-14,  Error =1.4858107064696924e-06
Completed 69 % :  mod = 1.3436915084813223e-14,  Error =1.4911490069380307e-06
Completed 70 % :  mod = 1.3064004989495126e-14,  Error =1.4964880392653868e-06
Completed 70 % :  mod = 1.2773810876107067e-14,  Error =1.5018257570886817e-06
Completed 70 % :  mod = 1.256440540343034e-14,  Error =1.5071648746811661e-06
Completed 70 % :  mod = 1.2434529255415278e-14,  Error =1.5125035588425817e-06
Completed 71 % :  mod = 1.2383319872572637e-14,  Error =1.5178418166783558e-06
Completed 71 % :  mod = 1.2410469275966521e-14,  Error =1.523180273466096e-06
Completed 71 % :  mod = 1.2516135115416638e-14,  Error =1.5285185597235795e-06
Completed 71 % :  mod = 1.2701021040744752e-14,  Error =1.5338577057377734e-06
Completed 72 % :  mod = 1.2966238908890878e-14,  Error =1.5391954732990598e-06
Completed 72 % :  mod = 1.3313550177239703e-14,  Error =1.5445346122078263e-06
Completed 72 % :  mod = 1.3745043466084576e-14,  Error =1.549873218209541e-06
Completed 72 % :  mod = 1.4263584583603127e-14,  Error =1.5552131955587356e-06
Completed 73 % :  mod = 1.4872291864013085e-14,  Error =1.5605510554905777e-06
Completed 73 % :  mod = 1.5575090580414757e-14,  Error =1.5658895975434461e-06
Completed 73 % :  mod = 1.6376560427368528e-14,  Error =1.5712289069824692e-06
Completed 73 % :  mod = 1.7281521108267664e-14,  Error =1.5765679108881159e-06
Completed 74 % :  mod = 1.8295983075227675e-14,  Error =1.5819064600464117e-06
Completed 74 % :  mod = 1.9426046887733138e-14,  Error =1.587245336054366e-06
Completed 74 % :  mod = 2.0679218053547874e-14,  Error =1.5925849297104833e-06
Completed 74 % :  mod = 2.2063032639641156e-14,  Error =1.5979234149199328e-06
Completed 75 % :  mod = 2.3586431734156793e-14,  Error =1.6032622269790409e-06
Completed 75 % :  mod = 2.5259327168423128e-14,  Error =1.6086012664118243e-06
Completed 75 % :  mod = 2.7091779067503398e-14,  Error =1.6139392116087947e-06
Completed 75 % :  mod = 2.909595790823645e-14,  Error =1.61927816577645e-06
Completed 76 % :  mod = 3.1283916000212824e-14,  Error =1.6246168712541476e-06
Completed 76 % :  mod = 3.367018494668722e-14,  Error =1.6299569693956073e-06
Completed 76 % :  mod = 3.626911477106971e-14,  Error =1.6352953480236465e-06
Completed 76 % :  mod = 3.9097966569356766e-14,  Error =1.6406338545493782e-06
Completed 77 % :  mod = 4.21737518250934e-14,  Error =1.6459721123851523e-06
Completed 77 % :  mod = 4.551635377391532e-14,  Error =1.651309787575883e-06
Completed 77 % :  mod = 4.914751123899812e-14,  Error =1.6566483367341789e-06
Completed 77 % :  mod = 5.308906028449204e-14,  Error =1.661986573253671e-06
Completed 78 % :  mod = 5.736717893026525e-14,  Error =1.6673255345267535e-06
Completed 78 % :  mod = 6.200759362303836e-14,  Error =1.6726646521192379e-06
Completed 78 % :  mod = 6.704112375606569e-14,  Error =1.678004082350526e-06
Completed 78 % :  mod = 7.249803820092008e-14,  Error =1.6833420914963426e-06
Completed 79 % :  mod = 7.841361558113906e-14,  Error =1.688680711708912e-06
Completed 79 % :  mod = 8.482632410016447e-14,  Error =1.6940196729819945e-06
Completed 79 % :  mod = 9.177472555149604e-14,  Error =1.6993585063573846e-06
Completed 79 % :  mod = 9.930496660427373e-14,  Error =1.704697503157604e-06
Completed 80 % :  mod = 1.0746232837566729e-13,  Error =1.7100355904631215e-06
Completed 80 % :  mod = 1.1630098564779517e-13,  Error =1.7153750562215464e-06
Completed 80 % :  mod = 1.2587408607342897e-13,  Error =1.7207137048558252e-06
Completed 80 % :  mod = 1.3624351713222096e-13,  Error =1.7260522113815568e-06
Completed 81 % :  mod = 1.4747670295639663e-13,  Error =1.7313911797600667e-06
Completed 81 % :  mod = 1.5964118608794877e-13,  Error =1.736729181800456e-06
Completed 81 % :  mod = 1.7281774674528741e-13,  Error =1.7420682780766583e-06
Completed 81 % :  mod = 1.8708560832492587e-13,  Error =1.7474061593247825e-06
Completed 82 % :  mod = 2.025395135242792e-13,  Error =1.752745397709532e-06
Completed 82 % :  mod = 2.1927237136389284e-13,  Error =1.7580835205421863e-06
Completed 82 % :  mod = 2.373923350347576e-13,  Error =1.7634220554896274e-06
Completed 82 % :  mod = 2.5701719619182005e-13,  Error =1.76876101676271e-06
Completed 83 % :  mod = 2.78264920266663e-13,  Error =1.7740996014481425e-06
Completed 83 % :  mod = 3.0127656273260066e-13,  Error =1.779438285609558e-06
Completed 83 % :  mod = 3.261904246222831e-13,  Error =1.7847766216050331e-06
Completed 83 % :  mod = 3.5317187103365005e-13,  Error =1.7901159239386288e-06
Completed 84 % :  mod = 3.823830255929572e-13,  Error =1.7954544162535058e-06
Completed 84 % :  mod = 4.1401258296491126e-13,  Error =1.8007923543450488e-06
Completed 84 % :  mod = 4.4826601181296934e-13,  Error =1.8061314719375332e-06
Completed 84 % :  mod = 4.853490280848368e-13,  Error =1.8114695379267687e-06
Completed 85 % :  mod = 5.255075803919179e-13,  Error =1.8168087905223729e-06
Completed 85 % :  mod = 5.689827300227936e-13,  Error =1.8221467925627621e-06
Completed 85 % :  mod = 6.160626694602321e-13,  Error =1.8274857751521267e-06
Completed 85 % :  mod = 6.670298154187958e-13,  Error =1.8328241111476018e-06
Completed 86 % :  mod = 7.222127997434282e-13,  Error =1.838162390299658e-06
Completed 86 % :  mod = 7.819693335839131e-13,  Error =1.8435012307804755e-06
Completed 86 % :  mod = 8.46657329831062e-13,  Error =1.848839296769711e-06
Completed 86 % :  mod = 9.167045960099386e-13,  Error =1.854178627525016e-06
Completed 87 % :  mod = 9.92530049506412e-13,  Error =1.8595165300894223e-06
Completed 87 % :  mod = 1.0746343519690234e-12,  Error =1.8648558608447274e-06
Completed 87 % :  mod = 1.1635075098433826e-12,  Error =1.8701935360354582e-06
Completed 87 % :  mod = 1.2597350442476612e-12,  Error =1.87553228414572e-06
Completed 88 % :  mod = 1.3638896111116257e-12,  Error =1.88087012276128e-06
Completed 88 % :  mod = 1.4766369821200467e-12,  Error =1.8862085440218834e-06
Completed 88 % :  mod = 1.5987006350114332e-12,  Error =1.8915472139724443e-06
Completed 88 % :  mod = 1.730802314821207e-12,  Error =1.896885663654757e-06
Completed 89 % :  mod = 1.8738037886783217e-12,  Error =1.9022243549216e-06
Completed 89 % :  mod = 2.0285452172193077e-12,  Error =1.9075618453712195e-06
Completed 89 % :  mod = 2.1960292255834796e-12,  Error =1.912900962963704e-06
Completed 89 % :  mod = 2.3772311522848362e-12,  Error =1.91823924211576e-06
Completed 90 % :  mod = 2.5732821931298112e-12,  Error =1.923577357842987e-06
Completed 90 % :  mod = 2.7854059975587784e-12,  Error =1.9289151822476924e-06
Completed 90 % :  mod = 3.014813298543575e-12,  Error =1.9342519337328667e-06
Completed 90 % :  mod = 3.2629454822903807e-12,  Error =1.9395894739204778e-06
Completed 91 % :  mod = 3.5311905311252413e-12,  Error =1.9449255006520616e-06
Completed 91 % :  mod = 3.821198062159702e-12,  Error =1.9502624084566378e-06
Completed 91 % :  mod = 4.134545036565153e-12,  Error =1.9555984778207858e-06
Completed 91 % :  mod = 4.473046187365714e-12,  Error =1.9609345613957885e-06
Completed 92 % :  mod = 4.838635262192757e-12,  Error =1.9662696928435253e-06
Completed 92 % :  mod = 5.233173026440913e-12,  Error =1.971603531103483e-06
Completed 92 % :  mod = 5.6588532795624255e-12,  Error =1.9769374901557057e-06
Completed 92 % :  mod = 6.1176978182169045e-12,  Error =1.9822697581162174e-06
Completed 93 % :  mod = 6.612075849879411e-12,  Error =1.987602423980661e-06
Completed 93 % :  mod = 7.144106777175547e-12,  Error =1.9929331784851456e-06
Completed 93 % :  mod = 7.716158305661453e-12,  Error =1.998262980862364e-06
Completed 93 % :  mod = 8.33060308363802e-12,  Error =2.003590758192786e-06
Completed 94 % :  mod = 8.989450287044667e-12,  Error =2.0089167520609408e-06
Completed 94 % :  mod = 9.694969016928833e-12,  Error =2.014241403003325e-06
Completed 94 % :  mod = 1.0448777521614884e-11,  Error =2.019563702049254e-06
Completed 94 % :  mod = 1.1252621867445872e-11,  Error =2.024883599460736e-06
Completed 95 % :  mod = 1.2107302075161951e-11,  Error =2.030199098612684e-06
Completed 95 % :  mod = 1.3013377218964654e-11,  Error =2.035511641906851e-06
Completed 95 % :  mod = 1.397064019654314e-11,  Error =2.040820511695074e-06
Completed 95 % :  mod = 1.497741981843651e-11,  Error =2.04612375398483e-06
Completed 96 % :  mod = 1.6031408623365307e-11,  Error =2.0514232375035135e-06
Completed 96 % :  mod = 1.7128144282304217e-11,  Error =2.0567162053453103e-06
Completed 96 % :  mod = 1.8262054075387593e-11,  Error =2.062003389369238e-06
Completed 96 % :  mod = 1.9424820634186748e-11,  Error =2.06728300611303e-06
Completed 97 % :  mod = 2.0606558066746584e-11,  Error =2.0725555813783103e-06
Completed 97 % :  mod = 2.179418754614135e-11,  Error =2.077819672763326e-06
Completed 97 % :  mod = 2.2972646251444154e-11,  Error =2.0830751807920933e-06
Completed 97 % :  mod = 2.4124390180288025e-11,  Error =2.088322844429058e-06
Completed 98 % :  mod = 2.522911039441956e-11,  Error =2.093561334959304e-06
Completed 98 % :  mod = 2.626544564853424e-11,  Error =2.098791064497618e-06
Completed 98 % :  mod = 2.7210328554508677e-11,  Error =2.1040118127757523e-06
Completed 98 % :  mod = 2.8041213436013192e-11,  Error =2.1092255053645204e-06
Completed 99 % :  mod = 2.8736050097854462e-11,  Error =2.11443074960016e-06
Completed 99 % :  mod = 2.9275487588247076e-11,  Error =2.119630330810196e-06
Completed 99 % :  mod = 2.964362218387873e-11,  Error =2.1248267998430492e-06
Completed 99 % :  mod = 2.9829038895271396e-11,  Error =2.130019325363719e-06
Completed 100 % :  mod = 2.9825972568867374e-11,  Error =2.135211140341653e-06
Finished 18/21 frames
Finished all frames!
