/opt/local/miniconda_23_9/lib/python3.11/site-packages/conda/base/context.py:201: FutureWarning: Adding 'defaults' to channel list implicitly is deprecated and will be removed in 25.3. 

To remove this warning, please choose a default channel explicitly with conda's regular configuration system, e.g. by adding 'defaults' to the list of channels:

  conda config --add channels defaults

For more information see https://docs.conda.io/projects/conda/en/stable/user-guide/configuration/use-condarc.html

  deprecated.topic(
JOB 14507 ARRAY_ID 4  -> i=4 ; range=[1.95e-10, 2.05e-10] ; intervals=20 (frames=21)
Analytic t0 extension enabled (--extend-time-using-t0).
Completed 0 % :  mod = 1.5752380944118232e-16,  Error =-1.4210854715202004e-14
Completed 0 % :  mod = 1.5744799818294547e-16,  Error =1.8404122670290235e-09
Completed 0 % :  mod = 1.5722063709673125e-16,  Error =3.680646898374107e-09
Completed 0 % :  mod = 1.5684194693636563e-16,  Error =5.521187063095567e-09
Completed 0 % :  mod = 1.5631228809410175e-16,  Error =7.36157090841516e-09
Completed 1 % :  mod = 1.5563247715230056e-16,  Error =9.201073680742411e-09
Completed 1 % :  mod = 1.5480262174783926e-16,  Error =1.1041684899737447e-08
Completed 1 % :  mod = 1.5382376030257935e-16,  Error =1.2882054534202325e-08
Completed 1 % :  mod = 1.5269684014511735e-16,  Error =1.4722530750077567e-08
Completed 2 % :  mod = 1.514234845140078e-16,  Error =1.656264458915757e-08
Completed 2 % :  mod = 1.5000389549981414e-16,  Error =1.8402928958494158e-08
Completed 2 % :  mod = 1.4843992304027754e-16,  Error =2.0243355436377897e-08
Completed 2 % :  mod = 1.4673307136334192e-16,  Error =2.2084137185629515e-08
Completed 3 % :  mod = 1.4488575387184198e-16,  Error =2.392377496107656e-08
Completed 3 % :  mod = 1.4289826343941336e-16,  Error =2.5764187228105584e-08
Completed 3 % :  mod = 1.407732291562355e-16,  Error =2.76045000191516e-08
Completed 3 % :  mod = 1.3851269477880682e-16,  Error =2.9444912286180625e-08
Completed 4 % :  mod = 1.361188361023311e-16,  Error =3.1285210866371926e-08
Completed 4 % :  mod = 1.3359499617725396e-16,  Error =3.312521101861421e-08
Completed 4 % :  mod = 1.3094158213153315e-16,  Error =3.496547407166872e-08
Completed 4 % :  mod = 1.2816213088607037e-16,  Error =3.6805708703013806e-08
Completed 5 % :  mod = 1.252593193524242e-16,  Error =3.864608544290604e-08
Completed 5 % :  mod = 1.2223717776133414e-16,  Error =4.048578006177195e-08
Completed 5 % :  mod = 1.190961907372416e-16,  Error =4.232607153653589e-08
Completed 5 % :  mod = 1.158405701287293e-16,  Error =4.416650511984699e-08
Completed 6 % :  mod = 1.1247344784839155e-16,  Error =4.6006846332602436e-08
Completed 6 % :  mod = 1.0899948071628185e-16,  Error =4.784662621659663e-08
Completed 6 % :  mod = 1.0541922397738638e-16,  Error =4.968663347426627e-08
Completed 6 % :  mod = 1.0173749570027933e-16,  Error =5.152685389475664e-08
Completed 7 % :  mod = 9.795784242183701e-17,  Error =5.336706720981965e-08
Completed 7 % :  mod = 9.40854714508106e-17,  Error =5.52069394643695e-08
Completed 7 % :  mod = 9.012100601609287e-17,  Error =5.704750094537303e-08
Completed 7 % :  mod = 8.606979554640399e-17,  Error =5.8887941634111485e-08
Completed 8 % :  mod = 8.193573838887455e-17,  Error =6.072833258485844e-08
Completed 8 % :  mod = 7.772281881402128e-17,  Error =6.256884432787047e-08
Completed 8 % :  mod = 7.343682062378352e-17,  Error =6.440872368784767e-08
Completed 8 % :  mod = 6.907843244602122e-17,  Error =6.624959070222758e-08
Completed 9 % :  mod = 6.465355492193524e-17,  Error =6.809062824686407e-08
Completed 9 % :  mod = 6.016644596372869e-17,  Error =6.993116841158553e-08
Completed 9 % :  mod = 5.562325622794257e-17,  Error =7.177057881335713e-08
Completed 9 % :  mod = 5.102471502938322e-17,  Error =7.361060738730885e-08
Completed 10 % :  mod = 4.637706142951961e-17,  Error =7.545101965433787e-08
Completed 10 % :  mod = 4.168476602936985e-17,  Error =7.729145323764897e-08
Completed 10 % :  mod = 3.695425240337831e-17,  Error =7.913072863630077e-08
Completed 10 % :  mod = 3.218628109241943e-17,  Error =8.097133985529581e-08
Completed 11 % :  mod = 2.7387327111231917e-17,  Error =8.281170948976069e-08
Completed 11 % :  mod = 2.256201419264479e-17,  Error =8.465191569939634e-08
Completed 11 % :  mod = 1.7716932846489778e-17,  Error =8.649160321283489e-08
Completed 11 % :  mod = 1.2852858916482665e-17,  Error =8.833160336507717e-08
Completed 12 % :  mod = 7.976414552113609e-18,  Error =9.017205115924298e-08
Completed 12 % :  mod = 3.0922921422024713e-18,  Error =9.201264106195595e-08
Completed 12 % :  mod = 1.7948063084562674e-18,  Error =9.385254884364258e-08
Completed 12 % :  mod = 6.6782195143897174e-18,  Error =9.569243530904714e-08
Completed 13 % :  mod = 1.1557165893316593e-17,  Error =9.753243546128942e-08
Completed 13 % :  mod = 1.6424988554161008e-17,  Error =9.937296852058353e-08
Completed 13 % :  mod = 2.1277002345933463e-17,  Error =1.0121298998910788e-07
Completed 13 % :  mod = 2.6106604195996677e-17,  Error =1.030528835599398e-07
Completed 14 % :  mod = 3.09130181055385e-17,  Error =1.0489340951380655e-07
Completed 14 % :  mod = 3.5689676002001314e-17,  Error =1.0673367256686106e-07
Completed 14 % :  mod = 4.043198144951632e-17,  Error =1.0857405641218065e-07
Completed 14 % :  mod = 4.513349060771415e-17,  Error =1.1041388603416635e-07
Completed 15 % :  mod = 4.9793449604864046e-17,  Error =1.1225391460811807e-07
Completed 15 % :  mod = 5.4405482119214135e-17,  Error =1.1409403555262543e-07
Completed 15 % :  mod = 5.896514608747743e-17,  Error =1.159344051870903e-07
Completed 15 % :  mod = 6.346626122970725e-17,  Error =1.1777373032373362e-07
Completed 16 % :  mod = 6.790810779537309e-17,  Error =1.1961366652712968e-07
Completed 16 % :  mod = 7.228458889467376e-17,  Error =1.2145382299877383e-07
Completed 16 % :  mod = 7.659149510886956e-17,  Error =1.2329397236499062e-07
Completed 16 % :  mod = 8.082467993664613e-17,  Error =1.251340719932159e-07
Completed 17 % :  mod = 8.497841628963488e-17,  Error =1.2697352502755166e-07
Completed 17 % :  mod = 8.90520418029603e-17,  Error =1.2881401545428162e-07
Completed 17 % :  mod = 9.303995041511718e-17,  Error =1.3065442772131064e-07
Completed 17 % :  mod = 9.693830400806329e-17,  Error =1.3249455577124536e-07
Completed 18 % :  mod = 1.0074184305727126e-16,  Error =1.343339448567349e-07
Completed 18 % :  mod = 1.04449959068003e-16,  Error =1.3617428606949034e-07
Completed 18 % :  mod = 1.0805753691044685e-16,  Error =1.3801452070083542e-07
Completed 18 % :  mod = 1.1156110433888524e-16,  Error =1.3985489744072765e-07
Completed 19 % :  mod = 1.1495595459223517e-16,  Error =1.4169409467967853e-07
Completed 19 % :  mod = 1.182415375953893e-16,  Error =1.4353415167533967e-07
Completed 19 % :  mod = 1.214133086629659e-16,  Error =1.453743792012574e-07
Completed 19 % :  mod = 1.2446821885892587e-16,  Error =1.4721474883572228e-07
Completed 20 % :  mod = 1.2740332171422852e-16,  Error =1.490551966298881e-07
Completed 20 % :  mod = 1.302146909126988e-16,  Error =1.5089486993247192e-07
Completed 20 % :  mod = 1.329018772435653e-16,  Error =1.5273533193749245e-07
Completed 20 % :  mod = 1.3546113962741136e-16,  Error =1.5457576552080354e-07
Completed 21 % :  mod = 1.3789001368639706e-16,  Error =1.5641611383898635e-07
Completed 21 % :  mod = 1.4018526995231462e-16,  Error =1.5825572319272396e-07
Completed 21 % :  mod = 1.4234653893392417e-16,  Error =1.600958654535134e-07
Completed 21 % :  mod = 1.443707929433886e-16,  Error =1.6193586560575568e-07
Completed 22 % :  mod = 1.4625608619341328e-16,  Error =1.6377607181539133e-07
Completed 22 % :  mod = 1.4799993109340229e-16,  Error =1.6561581617224874e-07
Completed 22 % :  mod = 1.4960204852159768e-16,  Error =1.6745591580047403e-07
Completed 22 % :  mod = 1.510601701419647e-16,  Error =1.6929611490468233e-07
Completed 23 % :  mod = 1.523728909882329e-16,  Error =1.7113612216235197e-07
Completed 23 % :  mod = 1.53538509860075e-16,  Error =1.7297566756724336e-07
Completed 23 % :  mod = 1.5455684136563623e-16,  Error =1.7481610115055446e-07
Completed 23 % :  mod = 1.5542640464482494e-16,  Error =1.7665659868271177e-07
Completed 24 % :  mod = 1.5614636372823459e-16,  Error =1.7849691857918515e-07
Completed 24 % :  mod = 1.56716025645307e-16,  Error =1.8033658477634162e-07
Completed 24 % :  mod = 1.5713470393953132e-16,  Error =1.8217641439832732e-07
Completed 24 % :  mod = 1.5740233248815735e-16,  Error =1.8401666324052712e-07
Completed 25 % :  mod = 1.5751845473918575e-16,  Error =1.858571181401203e-07
Completed 25 % :  mod = 1.5748295923002897e-16,  Error =1.8769708276522579e-07
Completed 25 % :  mod = 1.5729598575421053e-16,  Error =1.8953693370349356e-07
Completed 25 % :  mod = 1.5695756574459371e-16,  Error =1.9137718965112072e-07
Completed 26 % :  mod = 1.564680686924184e-16,  Error =1.932170548002432e-07
Completed 26 % :  mod = 1.5582796634912765e-16,  Error =1.9505723258816943e-07
Completed 26 % :  mod = 1.5503822284542422e-16,  Error =1.9689682062562497e-07
Completed 26 % :  mod = 1.5409896158631573e-16,  Error =1.9873700551897855e-07
Completed 27 % :  mod = 1.5301137474586002e-16,  Error =2.0057733962630664e-07
Completed 27 % :  mod = 1.5177651031019442e-16,  Error =2.0241716924829234e-07
Completed 27 % :  mod = 1.503961365846734e-16,  Error =2.042572546656629e-07
Completed 27 % :  mod = 1.4887047463331566e-16,  Error =2.06097389821025e-07
Completed 28 % :  mod = 1.4720152044293931e-16,  Error =2.0793765997950686e-07
Completed 28 % :  mod = 1.4539087807184845e-16,  Error =2.0977784487286044e-07
Completed 28 % :  mod = 1.4344029080318402e-16,  Error =2.1161827135074418e-07
Completed 28 % :  mod = 1.4135250265353182e-16,  Error =2.134576959633705e-07
Completed 29 % :  mod = 1.3912784713177506e-16,  Error =2.1529816507381838e-07
Completed 29 % :  mod = 1.367692757734357e-16,  Error =2.1713817233148802e-07
Completed 29 % :  mod = 1.3427906192933098e-16,  Error =2.1897860591479912e-07
Completed 29 % :  mod = 1.3166067613911843e-16,  Error =2.208183715879386e-07
Completed 30 % :  mod = 1.2891453550862194e-16,  Error =2.226589401743695e-07
Completed 30 % :  mod = 1.2604431318505035e-16,  Error =2.2449930980883437e-07
Completed 30 % :  mod = 1.230527655926986e-16,  Error =2.263394520696238e-07
Completed 30 % :  mod = 1.199440435755793e-16,  Error =2.2817901168536991e-07
Completed 31 % :  mod = 1.1671865093838426e-16,  Error =2.3001926763299707e-07
Completed 31 % :  mod = 1.133809083556456e-16,  Error =2.3185970121630817e-07
Completed 31 % :  mod = 1.0993403056141639e-16,  Error =2.3370024848645699e-07
Completed 31 % :  mod = 1.0638278568324136e-16,  Error =2.355398081022031e-07
Completed 32 % :  mod = 1.0272773728961159e-16,  Error =2.3737997878470196e-07
Completed 32 % :  mod = 9.897380979350877e-17,  Error =2.3922021341604705e-07
Completed 32 % :  mod = 9.512461999046249e-17,  Error =2.4106014251401575e-07
Completed 32 % :  mod = 9.118386801444906e-17,  Error =2.4290003608484767e-07
Completed 33 % :  mod = 8.715697934310623e-17,  Error =2.447397946525598e-07
Completed 33 % :  mod = 8.304460548456395e-17,  Error =2.46580547980102e-07
Completed 33 % :  mod = 7.885229702752761e-17,  Error =2.484209815634131e-07
Completed 33 % :  mod = 7.458408839033857e-17,  Error =2.5026071170941577e-07
Completed 34 % :  mod = 7.024584562770832e-17,  Error =2.521002997468713e-07
Completed 34 % :  mod = 6.583826212378535e-17,  Error =2.539402643719768e-07
Completed 34 % :  mod = 6.136730397043647e-17,  Error =2.557805629521681e-07
Completed 34 % :  mod = 5.683727953788217e-17,  Error =2.5762097521919713e-07
Completed 35 % :  mod = 5.225439361129479e-17,  Error =2.5946059878378946e-07
Completed 35 % :  mod = 4.761938295010617e-17,  Error =2.6130088315312605e-07
Completed 35 % :  mod = 4.2938539968934786e-17,  Error =2.631408904107957e-07
Completed 35 % :  mod = 3.821636540919233e-17,  Error =2.6498119609641435e-07
Completed 36 % :  mod = 3.345740705818783e-17,  Error =2.6682102571840005e-07
Completed 36 % :  mod = 2.86681756028239e-17,  Error =2.6866089086752254e-07
Completed 36 % :  mod = 2.3849432721348342e-17,  Error =2.7050167261677416e-07
Completed 36 % :  mod = 1.9007734492199882e-17,  Error =2.7234212751636733e-07
Completed 37 % :  mod = 1.4147742750214506e-17,  Error =2.7418219161745583e-07
Completed 37 % :  mod = 9.276086417423637e-18,  Error =2.760221420317066e-07
Completed 37 % :  mod = 4.393549867843129e-18,  Error =2.778623553467696e-07
Completed 37 % :  mod = 4.932143501493503e-19,  Error =2.7970238392072133e-07
Completed 38 % :  mod = 5.379508212566016e-18,  Error =2.815428743474513e-07
Completed 38 % :  mod = 1.0258667538801836e-17,  Error =2.8338234159264175e-07
Completed 38 % :  mod = 1.5129910901671888e-17,  Error =2.8522283912479907e-07
Completed 38 % :  mod = 1.9986593817809475e-17,  Error =2.8706318744298187e-07
Completed 39 % :  mod = 2.482403589251362e-17,  Error =2.889036636588571e-07
Completed 39 % :  mod = 2.963565721420419e-17,  Error =2.907433795940051e-07
Completed 39 % :  mod = 3.44206916585376e-17,  Error =2.9258364975248696e-07
Completed 39 % :  mod = 3.9172590850194575e-17,  Error =2.9442351490160945e-07
Completed 40 % :  mod = 4.3886783995905296e-17,  Error =2.9626345821043287e-07
Completed 40 % :  mod = 4.855873768062388e-17,  Error =2.981037212634874e-07
Completed 40 % :  mod = 5.3182104999208993e-17,  Error =2.9994325245752407e-07
Completed 40 % :  mod = 5.775614686578332e-17,  Error =3.017833307694673e-07
Completed 41 % :  mod = 6.227460100612196e-17,  Error =3.0362351566282086e-07
Completed 41 % :  mod = 6.673311195240829e-17,  Error =3.0546365081818294e-07
Completed 41 % :  mod = 7.112564154466462e-17,  Error =3.073030683253819e-07
Completed 41 % :  mod = 7.54514883854303e-17,  Error =3.0914328874587227e-07
Completed 42 % :  mod = 7.970470763104048e-17,  Error =3.1098332442525134e-07
Completed 42 % :  mod = 8.388120830467941e-17,  Error =3.1282347379146813e-07
Completed 42 % :  mod = 8.797534608773856e-17,  Error =3.146633105188812e-07
Completed 42 % :  mod = 9.198645954592061e-17,  Error =3.1650356646650835e-07
Completed 43 % :  mod = 9.590903221172044e-17,  Error =3.1834355951332327e-07
Completed 43 % :  mod = 9.973929059058116e-17,  Error =3.201837515121042e-07
Completed 43 % :  mod = 1.0347206449348159e-16,  Error =3.220228776967815e-07
Completed 43 % :  mod = 1.0710676114211525e-16,  Error =3.2386326864752846e-07
Completed 44 % :  mod = 1.1063836668459674e-16,  Error =3.2570392249908764e-07
Completed 44 % :  mod = 1.140634750496575e-16,  Error =3.275439581784667e-07
Completed 44 % :  mod = 1.173787939033632e-16,  Error =3.2938369542989676e-07
Completed 44 % :  mod = 1.2057987565065652e-16,  Error =3.3122336162705324e-07
Completed 45 % :  mod = 1.236661975650891e-16,  Error =3.3306416469258693e-07
Completed 45 % :  mod = 1.2663348627652014e-16,  Error =3.34904498799915e-07
Completed 45 % :  mod = 1.294788907518721e-16,  Error =3.367445842172856e-07
Completed 45 % :  mod = 1.3219859468999139e-16,  Error =3.385842148873053e-07
Completed 46 % :  mod = 1.3479216955962192e-16,  Error =3.404243571480947e-07
Completed 46 % :  mod = 1.372560064751487e-16,  Error =3.422648617856794e-07
Completed 46 % :  mod = 1.3958772077826333e-16,  Error =3.441053593178367e-07
Completed 46 % :  mod = 1.4178422486223307e-16,  Error =3.459444997133687e-07
Completed 47 % :  mod = 1.4384517017382732e-16,  Error =3.4778499724552603e-07
Completed 47 % :  mod = 1.4576765015546992e-16,  Error =3.4962518924430697e-07
Completed 47 % :  mod = 1.4754982841450222e-16,  Error =3.5146548782449827e-07
Completed 47 % :  mod = 1.491893618584416e-16,  Error =3.5330545244960376e-07
Completed 48 % :  mod = 1.5068597203761433e-16,  Error =3.5514530338787154e-07
Completed 48 % :  mod = 1.5203754788369963e-16,  Error =3.5698608513712315e-07
Completed 48 % :  mod = 1.532427866389315e-16,  Error =3.588260426568013e-07
Completed 48 % :  mod = 1.543005141721292e-16,  Error =3.6066628439357373e-07
Completed 49 % :  mod = 1.5520939391451923e-16,  Error =3.625057019007727e-07
Completed 49 % :  mod = 1.5596927635320586e-16,  Error =3.6434622785463944e-07
Completed 49 % :  mod = 1.5657902101291954e-16,  Error =3.6618625642859115e-07
Completed 49 % :  mod = 1.570380580696158e-16,  Error =3.680266686956202e-07
Completed 50 % :  mod = 1.5734585021778797e-16,  Error =3.698661217299559e-07
Completed 50 % :  mod = 1.5750233283395072e-16,  Error =3.7170673294895096e-07
Completed 50 % :  mod = 1.5750722364272002e-16,  Error =3.7354730153538185e-07
Completed 50 % :  mod = 1.5736050982279636e-16,  Error =3.753875219558722e-07
Completed 51 % :  mod = 1.5706247121972074e-16,  Error =3.7722682577623345e-07
Completed 51 % :  mod = 1.5661317442153245e-16,  Error =3.790670817238606e-07
Completed 51 % :  mod = 1.5601313465835556e-16,  Error =3.8090720266836797e-07
Completed 51 % :  mod = 1.5526291622246417e-16,  Error =3.827477499385168e-07
Completed 52 % :  mod = 1.5436326207714473e-16,  Error =3.8458836115751183e-07
Completed 52 % :  mod = 1.533154777718978e-16,  Error =3.864279918275315e-07
Completed 52 % :  mod = 1.5211972005744943e-16,  Error =3.8826888726362085e-07
Completed 52 % :  mod = 1.5077755111608524e-16,  Error =3.9010905084069236e-07
Completed 53 % :  mod = 1.4929025106150194e-16,  Error =3.919494062643025e-07
Completed 53 % :  mod = 1.4765992532685242e-16,  Error =3.937892074645788e-07
Completed 53 % :  mod = 1.4588685789358072e-16,  Error =3.956296055207531e-07
Completed 53 % :  mod = 1.439733652292935e-16,  Error =3.974699183117991e-07
Completed 54 % :  mod = 1.4192128403684216e-16,  Error =3.9931014583771685e-07
Completed 54 % :  mod = 1.3973351560052644e-16,  Error =4.011499683542752e-07
Completed 54 % :  mod = 1.3741039560057867e-16,  Error =4.0299021009104763e-07
Completed 54 % :  mod = 1.349550056983709e-16,  Error =4.048307786774785e-07
Completed 55 % :  mod = 1.3236972972503096e-16,  Error =4.066709493599774e-07
Completed 55 % :  mod = 1.2965815159565909e-16,  Error =4.085109637230744e-07
Completed 55 % :  mod = 1.2682070490799262e-16,  Error =4.103512125652742e-07
Completed 55 % :  mod = 1.2386119888045115e-16,  Error =4.1219141877490983e-07
Completed 56 % :  mod = 1.2078246639983753e-16,  Error =4.140320228884775e-07
Completed 56 % :  mod = 1.175874696516241e-16,  Error =4.158726554237546e-07
Completed 56 % :  mod = 1.142806486311463e-16,  Error =4.17712101352663e-07
Completed 56 % :  mod = 1.1086251872362456e-16,  Error =4.1955207308319586e-07
Completed 57 % :  mod = 1.073376731596028e-16,  Error =4.21392329030823e-07
Completed 57 % :  mod = 1.0370952240474657e-16,  Error =4.2323280524669826e-07
Completed 57 % :  mod = 9.998305699478778e-17,  Error =4.2507221564846986e-07
Completed 57 % :  mod = 9.615887456771899e-17,  Error =4.2691240054182344e-07
Completed 58 % :  mod = 9.224214867298263e-17,  Error =4.287527701762883e-07
Completed 58 % :  mod = 8.823663072975298e-17,  Error =4.3059340271156543e-07
Completed 58 % :  mod = 8.414783451719819e-17,  Error =4.324328983784653e-07
Completed 58 % :  mod = 7.997643144748169e-17,  Error =4.3427324669664813e-07
Completed 59 % :  mod = 7.572804221286578e-17,  Error =4.3611341027371964e-07
Completed 59 % :  mod = 7.140675629090136e-17,  Error =4.3795342463681664e-07
Completed 59 % :  mod = 6.701852307474662e-17,  Error =4.397930268851269e-07
Completed 59 % :  mod = 6.256402700465968e-17,  Error =4.4163316914591633e-07
Completed 60 % :  mod = 5.804930613722065e-17,  Error =4.4347329719585105e-07
Completed 60 % :  mod = 5.3478719404064956e-17,  Error =4.4531334708608483e-07
Completed 60 % :  mod = 4.885665225830641e-17,  Error =4.471536669825582e-07
Completed 60 % :  mod = 4.418943490637773e-17,  Error =4.4899325502001375e-07
Completed 61 % :  mod = 3.947783192165885e-17,  Error =4.5083309885285416e-07
Completed 61 % :  mod = 3.472822495087684e-17,  Error =4.526734755927464e-07
Completed 61 % :  mod = 2.994518675185546e-17,  Error =4.545134544287066e-07
Completed 61 % :  mod = 2.5135272472455258e-17,  Error =4.5635287193590557e-07
Completed 62 % :  mod = 2.0299233864756675e-17,  Error =4.581932486757978e-07
Completed 62 % :  mod = 1.544365089203863e-17,  Error =4.600334477800061e-07
Completed 62 % :  mod = 1.0573215012542795e-17,  Error =4.6187383873075305e-07
Completed 62 % :  mod = 5.694552459963602e-18,  Error =4.637134907170548e-07
Completed 63 % :  mod = 8.084476600156924e-19,  Error =4.6555374666468197e-07
Completed 63 % :  mod = 4.0784253839261256e-18,  Error =4.67394158931711e-07
Completed 63 % :  mod = 8.961379349523244e-18,  Error =4.692345427770306e-07
Completed 63 % :  mod = 1.3833760809518592e-17,  Error =4.710741308144861e-07
Completed 64 % :  mod = 1.8694772827090764e-17,  Error =4.7291460703036137e-07
Completed 64 % :  mod = 2.3537795269002344e-17,  Error =4.747551187733734e-07
Completed 64 % :  mod = 2.835816505964643e-17,  Error =4.765958365737788e-07
Completed 64 % :  mod = 3.315122998016166e-17,  Error =4.784358225151664e-07
Completed 65 % :  mod = 3.7910488287535786e-17,  Error =4.802755384503143e-07
Completed 65 % :  mod = 4.263517390912401e-17,  Error =4.821159649281981e-07
Completed 65 % :  mod = 4.731881239887431e-17,  Error =4.839566187797573e-07
Completed 65 % :  mod = 5.1956911752470204e-17,  Error =4.857970878902051e-07
Completed 66 % :  mod = 5.654317500579985e-17,  Error =4.876363490780022e-07
Completed 66 % :  mod = 6.107685335361374e-17,  Error =4.894767258178945e-07
Completed 66 % :  mod = 6.555175209200324e-17,  Error =4.913169817655216e-07
Completed 66 % :  mod = 6.996355871484482e-17,  Error =4.931574366651148e-07
Completed 67 % :  mod = 7.430628283184114e-17,  Error =4.949971597056901e-07
Completed 67 % :  mod = 7.857925075608208e-17,  Error =4.968375932890012e-07
Completed 67 % :  mod = 8.277658288777361e-17,  Error =4.986777923932095e-07
Completed 67 % :  mod = 8.689422898874515e-17,  Error =5.005183041362216e-07
Completed 68 % :  mod = 9.092824532032999e-17,  Error =5.023584250807289e-07
Completed 68 % :  mod = 9.487317383465377e-17,  Error =5.041977004793807e-07
Completed 68 % :  mod = 9.872837305315146e-17,  Error =5.060376722099136e-07
Completed 68 % :  mod = 1.0248855367279367e-16,  Error =5.078780489498058e-07
Completed 69 % :  mod = 1.0615008240613733e-16,  Error =5.097181627888858e-07
Completed 69 % :  mod = 1.0970802341476855e-16,  Error =5.115573600278367e-07
Completed 69 % :  mod = 1.1316182600319453e-16,  Error =5.133982838856355e-07
Completed 69 % :  mod = 1.1650670544855952e-16,  Error =5.152386250983909e-07
Completed 70 % :  mod = 1.1973943440230608e-16,  Error =5.170789521002916e-07
Completed 70 % :  mod = 1.2285569673939548e-16,  Error =5.189185117160378e-07
Completed 70 % :  mod = 1.2585497604063154e-16,  Error =5.207584408140065e-07
Completed 70 % :  mod = 1.2873310657275066e-16,  Error =5.225987536050525e-07
Completed 71 % :  mod = 1.314873384255052e-16,  Error =5.244389456038334e-07
Completed 71 % :  mod = 1.341139778238698e-16,  Error =5.262785762738531e-07
Completed 71 % :  mod = 1.366125947373235e-16,  Error =5.281190098571642e-07
Completed 71 % :  mod = 1.3897972984484584e-16,  Error =5.299596637087234e-07
Completed 72 % :  mod = 1.4121308839232121e-16,  Error =5.318003104548552e-07
Completed 72 % :  mod = 1.4331051371309754e-16,  Error =5.336406516676107e-07
Completed 72 % :  mod = 1.4526925548333688e-16,  Error =5.354804528678869e-07
Completed 72 % :  mod = 1.470889797805657e-16,  Error =5.373200266944878e-07
Completed 73 % :  mod = 1.487671169682111e-16,  Error =5.391603465909611e-07
Completed 73 % :  mod = 1.5030207668814786e-16,  Error =5.410006735928619e-07
Completed 73 % :  mod = 1.516918320893813e-16,  Error =5.428402474194627e-07
Completed 73 % :  mod = 1.5293615528365267e-16,  Error =5.4468036836397e-07
Completed 74 % :  mod = 1.5403328763328087e-16,  Error =5.465204893084774e-07
Completed 74 % :  mod = 1.549821511668314e-16,  Error =5.48360176821916e-07
Completed 74 % :  mod = 1.5578153706323657e-16,  Error =5.501998572299271e-07
Completed 74 % :  mod = 1.5643134254530528e-16,  Error =5.52040326340375e-07
Completed 75 % :  mod = 1.5693057024001395e-16,  Error =5.538807030802673e-07
Completed 75 % :  mod = 1.5727873516102968e-16,  Error =5.557218614171688e-07
Completed 75 % :  mod = 1.5747548074180966e-16,  Error =5.575614068220602e-07
Completed 75 % :  mod = 1.5752075419789107e-16,  Error =5.594017196131063e-07
Completed 76 % :  mod = 1.574143974860781e-16,  Error =5.612421958289815e-07
Completed 76 % :  mod = 1.5715654140430514e-16,  Error =5.630822030866511e-07
Completed 76 % :  mod = 1.5674741017021696e-16,  Error =5.649224590342783e-07
Completed 76 % :  mod = 1.561876501220647e-16,  Error =5.667618694360499e-07
Completed 77 % :  mod = 1.554773770651341e-16,  Error =5.686017416905997e-07
Completed 77 % :  mod = 1.546174448566125e-16,  Error =5.70441741842842e-07
Completed 77 % :  mod = 1.5360867674800452e-16,  Error =5.722820191067512e-07
Completed 77 % :  mod = 1.524525663690025e-16,  Error =5.741217279364719e-07
Completed 78 % :  mod = 1.5114926824728462e-16,  Error =5.759620052003811e-07
Completed 78 % :  mod = 1.4970047572496234e-16,  Error =5.778024600999743e-07
Completed 78 % :  mod = 1.4810760777867773e-16,  Error =5.796426734150373e-07
Completed 78 % :  mod = 1.4637289216091674e-16,  Error =5.814823822447579e-07
Completed 79 % :  mod = 1.4449661399049677e-16,  Error =5.833221763396068e-07
Completed 79 % :  mod = 1.424812709909762e-16,  Error =5.85162233335268e-07
Completed 79 % :  mod = 1.403287737944737e-16,  Error =5.870022548037923e-07
Completed 79 % :  mod = 1.3804214471215233e-16,  Error =5.888416794164186e-07
Completed 80 % :  mod = 1.3562177422496004e-16,  Error =5.906816156198147e-07
Completed 80 % :  mod = 1.3307085219983276e-16,  Error =5.925214878743645e-07
Completed 80 % :  mod = 1.3039184120515286e-16,  Error =5.943614738157521e-07
Completed 80 % :  mod = 1.2758734091448923e-16,  Error =5.962016871308151e-07
Completed 81 % :  mod = 1.2466121570886855e-16,  Error =5.980411614814329e-07
Completed 81 % :  mod = 1.2161394530134733e-16,  Error =5.998817087515818e-07
Completed 81 % :  mod = 1.1844963467911293e-16,  Error =6.017220073317731e-07
Completed 81 % :  mod = 1.151712958135708e-16,  Error =6.035628175027341e-07
Completed 82 % :  mod = 1.1178347757770455e-16,  Error =6.054025476487368e-07
Completed 82 % :  mod = 1.0828674400529435e-16,  Error =6.072424341141414e-07
Completed 82 % :  mod = 1.0468576427240411e-16,  Error =6.090830737548458e-07
Completed 82 % :  mod = 1.0098402137809936e-16,  Error =6.109234362838833e-07
Completed 83 % :  mod = 9.718663717303424e-17,  Error =6.127629319507832e-07
Completed 83 % :  mod = 9.329418799530054e-17,  Error =6.146037492271716e-07
Completed 83 % :  mod = 8.93119409174487e-17,  Error =6.164442254430469e-07
Completed 83 % :  mod = 8.524374605163984e-17,  Error =6.18284460074392e-07
Completed 84 % :  mod = 8.109348328853714e-17,  Error =6.201247373383012e-07
Completed 84 % :  mod = 7.686687594249766e-17,  Error =6.219642330052011e-07
Completed 84 % :  mod = 7.256461822485046e-17,  Error =6.238047305373584e-07
Completed 84 % :  mod = 6.819249316205307e-17,  Error =6.256453559672082e-07
Completed 85 % :  mod = 6.37547321448302e-17,  Error =6.274856687582542e-07
Completed 85 % :  mod = 5.925743464792247e-17,  Error =6.293251644251541e-07
Completed 85 % :  mod = 5.470128904069588e-17,  Error =6.31165356423935e-07
Completed 85 % :  mod = 5.009249359427544e-17,  Error =6.330055413172886e-07
Completed 86 % :  mod = 4.543549791997123e-17,  Error =6.348460175331638e-07
Completed 86 % :  mod = 4.0736644631925153e-17,  Error =6.366858258388675e-07
Completed 86 % :  mod = 3.599670905686511e-17,  Error =6.38525712304272e-07
Completed 86 % :  mod = 3.12221419627981e-17,  Error =6.403664727372416e-07
Completed 87 % :  mod = 2.641750437192295e-17,  Error =6.422068423717064e-07
Completed 87 % :  mod = 2.158938601858956e-17,  Error =6.440463451440337e-07
Completed 87 % :  mod = 1.6738566779019208e-17,  Error =6.458864092451222e-07
Completed 87 % :  mod = 1.1871619947347122e-17,  Error =6.477266012439031e-07
Completed 88 % :  mod = 6.993250216704772e-18,  Error =6.495669140349491e-07
Completed 88 % :  mod = 2.108159178296335e-18,  Error =6.514070136631744e-07
Completed 88 % :  mod = 2.7770203684376454e-18,  Error =6.532464524866555e-07
Completed 88 % :  mod = 7.661478975568998e-18,  Error =6.550867723831288e-07
Completed 89 % :  mod = 1.2538554944034526e-17,  Error =6.569273409695597e-07
Completed 89 % :  mod = 1.7403577340011508e-17,  Error =6.587679095559906e-07
Completed 89 % :  mod = 2.2249900180868386e-17,  Error =6.606076041748565e-07
Completed 89 % :  mod = 2.7076744882853596e-17,  Error =6.624481514450054e-07
Completed 90 % :  mod = 3.18775425979277e-17,  Error =6.642880805429741e-07
Completed 90 % :  mod = 3.664764601861422e-17,  Error =6.66128670445687e-07
Completed 90 % :  mod = 4.138057661465686e-17,  Error =6.679686492816472e-07
Completed 90 % :  mod = 4.607559995306924e-17,  Error =6.698089478618385e-07
Completed 91 % :  mod = 5.0726262680904956e-17,  Error =6.716490617009185e-07
Completed 91 % :  mod = 5.532809440394104e-17,  Error =6.734891684345712e-07
Completed 91 % :  mod = 5.987487637833232e-17,  Error =6.753291046379672e-07
Completed 91 % :  mod = 6.436585023455345e-17,  Error =6.771695240104236e-07
Completed 92 % :  mod = 6.87948676425089e-17,  Error =6.790090054664688e-07
Completed 92 % :  mod = 7.315768402828292e-17,  Error =6.808493395737969e-07
Completed 92 % :  mod = 7.745007043099385e-17,  Error =6.826899294765099e-07
Completed 92 % :  mod = 8.166623012400528e-17,  Error =6.845300788427267e-07
Completed 93 % :  mod = 8.580550493004355e-17,  Error =6.863706403237302e-07
Completed 93 % :  mod = 8.98621742747874e-17,  Error =6.882105623162715e-07
Completed 93 % :  mod = 9.383234441229839e-17,  Error =6.90050704577061e-07
Completed 93 % :  mod = 9.771067532303582e-17,  Error =6.918899586594307e-07
Completed 94 % :  mod = 1.0149651446489396e-16,  Error =6.937302714504767e-07
Completed 94 % :  mod = 1.0518466057787987e-16,  Error =6.955708897748991e-07
Completed 94 % :  mod = 1.0877157798186277e-16,  Error =6.974112167767998e-07
Completed 94 % :  mod = 1.122524096790809e-16,  Error =6.99250399804896e-07
Completed 95 % :  mod = 1.1562661407302817e-16,  Error =7.010906841742326e-07
Completed 95 % :  mod = 1.1888953847955415e-16,  Error =7.029310680195522e-07
Completed 95 % :  mod = 1.2203801350444305e-16,  Error =7.047710752772218e-07
Completed 95 % :  mod = 1.2506783231389457e-16,  Error =7.066109262154896e-07
Completed 96 % :  mod = 1.2797852155380318e-16,  Error =7.084508624188857e-07
Completed 96 % :  mod = 1.307660115989527e-16,  Error =7.10291082839376e-07
Completed 96 % :  mod = 1.3342763417148218e-16,  Error =7.121315022118324e-07
Completed 96 % :  mod = 1.3596084067622556e-16,  Error =7.139718576354426e-07
Completed 97 % :  mod = 1.3836222654117915e-16,  Error =7.158115380434538e-07
Completed 97 % :  mod = 1.4063142460154855e-16,  Error =7.176520782081752e-07
Completed 97 % :  mod = 1.4276527228735802e-16,  Error =7.194921991526826e-07
Completed 97 % :  mod = 1.4476168856728276e-16,  Error =7.213324124677456e-07
Completed 98 % :  mod = 1.466180532950337e-16,  Error =7.231720786649021e-07
Completed 98 % :  mod = 1.4833407964573346e-16,  Error =7.250119864465887e-07
Completed 98 % :  mod = 1.4990731352960094e-16,  Error =7.268519723879763e-07
Completed 98 % :  mod = 1.5133626162713654e-16,  Error =7.286919583293638e-07
Completed 99 % :  mod = 1.52619069140913e-16,  Error =7.305314326799817e-07
Completed 99 % :  mod = 1.5375550368487695e-16,  Error =7.323721007423956e-07
Completed 99 % :  mod = 1.547439483794248e-16,  Error =7.342124916931425e-07
Completed 99 % :  mod = 1.5558345356951457e-16,  Error =7.360522218391452e-07
Completed 100 % :  mod = 1.562729422659887e-16,  Error =7.3789159671378e-07
Finished 5/21 frames
Finished all frames!
