/opt/local/miniconda_23_9/lib/python3.11/site-packages/conda/base/context.py:201: FutureWarning: Adding 'defaults' to channel list implicitly is deprecated and will be removed in 25.3. 

To remove this warning, please choose a default channel explicitly with conda's regular configuration system, e.g. by adding 'defaults' to the list of channels:

  conda config --add channels defaults

For more information see https://docs.conda.io/projects/conda/en/stable/user-guide/configuration/use-condarc.html

  deprecated.topic(
JOB 14515 ARRAY_ID 12  -> i=12 ; range=[1.95e-10, 2.05e-10] ; intervals=20 (frames=21)
Analytic t0 extension enabled (--extend-time-using-t0).
Extending simulation time for p0=2.007e-10 from 10000000000.0 to 5.034e+10
Completed 0 % :  mod = 1.6057142855703052e-16,  Error =-1.4210854715202004e-14
Completed 0 % :  mod = 1.6102363827174591e-16,  Error =1.0002445094414725e-08
Completed 0 % :  mod = 1.6238266903140305e-16,  Error =2.0004037537546537e-08
Completed 0 % :  mod = 1.6465638535907337e-16,  Error =3.000581472178965e-08
Completed 0 % :  mod = 1.6785723808073458e-16,  Error =4.000776243628934e-08
Completed 1 % :  mod = 1.7200339782120386e-16,  Error =5.0009404617412656e-08
Completed 1 % :  mod = 1.7711865295072973e-16,  Error =6.001227603746884e-08
Completed 1 % :  mod = 1.8323100337795075e-16,  Error =7.001440849307983e-08
Completed 1 % :  mod = 1.903752389752624e-16,  Error =8.001574514082677e-08
Completed 2 % :  mod = 1.9859228657142228e-16,  Error =9.001760048477081e-08
Completed 2 % :  mod = 2.0792711082564937e-16,  Error =1.0001923556046677e-07
Completed 2 % :  mod = 2.1843290518989632e-16,  Error =1.1002072142218822e-07
Completed 2 % :  mod = 2.3016980921021335e-16,  Error =1.2002296756463693e-07
Completed 3 % :  mod = 2.432020472056118e-16,  Error =1.300243326340933e-07
Completed 3 % :  mod = 2.576039051649778e-16,  Error =1.400262448214562e-07
Completed 3 % :  mod = 2.7345780796573826e-16,  Error =1.500275885746305e-07
Completed 3 % :  mod = 2.908505079323935e-16,  Error =1.6002883995724915e-07
Completed 4 % :  mod = 3.0988274640946933e-16,  Error =1.7003137031679216e-07
Completed 4 % :  mod = 3.30658675258856e-16,  Error =1.800327922296674e-07
Completed 4 % :  mod = 3.532967392996456e-16,  Error =1.9003436335651713e-07
Completed 4 % :  mod = 3.779264731029087e-16,  Error =2.0003627554388004e-07
Completed 5 % :  mod = 4.0468265794294384e-16,  Error =2.100367879620535e-07
Completed 5 % :  mod = 4.337178528597745e-16,  Error =2.200392543727503e-07
Completed 5 % :  mod = 4.65198181673193e-16,  Error =2.3004020732741992e-07
Completed 5 % :  mod = 4.9929591219038905e-16,  Error =2.4004129528520934e-07
Completed 6 % :  mod = 5.362054794698966e-16,  Error =2.500433851082562e-07
Completed 6 % :  mod = 5.761380474192592e-16,  Error =2.600466899593812e-07
Completed 6 % :  mod = 6.193121390617373e-16,  Error =2.700477779171706e-07
Completed 6 % :  mod = 6.659739514200689e-16,  Error =2.800489227183789e-07
Completed 7 % :  mod = 7.163904395627649e-16,  Error =2.900495914559542e-07
Completed 7 % :  mod = 7.708374912300726e-16,  Error =3.0005173101699256e-07
Completed 7 % :  mod = 8.296304512978434e-16,  Error =3.100550785006817e-07
Completed 7 % :  mod = 8.930910595235457e-16,  Error =3.20057196745438e-07
Completed 8 % :  mod = 9.61581206287798e-16,  Error =3.3005891708626223e-07
Completed 8 % :  mod = 1.035492703058529e-15,  Error =3.4006208693426743e-07
Completed 8 % :  mod = 1.1152300232674964e-15,  Error =3.5006318910291156e-07
Completed 8 % :  mod = 1.201247885571611e-15,  Error =3.600635380962558e-07
Completed 9 % :  mod = 1.2940383637940537e-15,  Error =3.700655497596017e-07
Completed 9 % :  mod = 1.3941092448809217e-15,  Error =3.8006682245850243e-07
Completed 9 % :  mod = 1.5020312076127541e-15,  Error =3.9006906860095114e-07
Completed 9 % :  mod = 1.6184216338010652e-15,  Error =4.000710092100235e-07
Completed 10 % :  mod = 1.7439174474510396e-15,  Error =4.100727508671298e-07
Completed 10 % :  mod = 1.879234325745646e-15,  Error =4.2007415146372296e-07
Completed 10 % :  mod = 2.0251463737704207e-15,  Error =4.300757723285642e-07
Completed 10 % :  mod = 2.1824520540814103e-15,  Error =4.4007772714849125e-07
Completed 11 % :  mod = 2.3520624789297794e-15,  Error =4.500797317064098e-07
Completed 11 % :  mod = 2.5349057895788666e-15,  Error =4.6008052834167756e-07
Completed 11 % :  mod = 2.7320246888600184e-15,  Error =4.700817015645953e-07
Completed 11 % :  mod = 2.9445468557138125e-15,  Error =4.800838340202063e-07
Completed 12 % :  mod = 3.173635263223203e-15,  Error =4.900854264633381e-07
Completed 12 % :  mod = 3.420596337028105e-15,  Error =5.000865002102728e-07
Completed 12 % :  mod = 3.686842884760954e-15,  Error =5.100895847931497e-07
Completed 12 % :  mod = 3.973831877692379e-15,  Error =5.200908859137598e-07
Completed 13 % :  mod = 4.283199935419214e-15,  Error =5.300919241335578e-07
Completed 13 % :  mod = 4.616716875692297e-15,  Error =5.400948310807507e-07
Completed 13 % :  mod = 4.976207789246478e-15,  Error =5.500963951021731e-07
Completed 13 % :  mod = 5.363722763458739e-15,  Error =5.600982717623992e-07
Completed 14 % :  mod = 5.7814786635155275e-15,  Error =5.701001342117706e-07
Completed 14 % :  mod = 6.231761563357576e-15,  Error =5.801014211215261e-07
Completed 14 % :  mod = 6.717179450235917e-15,  Error =5.901034612065814e-07
Completed 14 % :  mod = 7.240388633018223e-15,  Error =6.001043360015501e-07
Completed 15 % :  mod = 7.804372863171272e-15,  Error =6.101048128925868e-07
Completed 15 % :  mod = 8.412358550040628e-15,  Error =6.201074143064034e-07
Completed 15 % :  mod = 9.067672716775473e-15,  Error =6.301096178162879e-07
Completed 15 % :  mod = 9.774052468086201e-15,  Error =6.401103718189916e-07
Completed 16 % :  mod = 1.0535538828385342e-14,  Error =6.501123905877648e-07
Completed 16 % :  mod = 1.1356298808568657e-14,  Error =6.601135993378193e-07
Completed 16 % :  mod = 1.2241012996742289e-14,  Error =6.70114552292489e-07
Completed 16 % :  mod = 1.3194742616649853e-14,  Error =6.801165426395528e-07
Completed 17 % :  mod = 1.4222706678339467e-14,  Error =6.90117964552428e-07
Completed 17 % :  mod = 1.5330767386772358e-14,  Error =7.001204451739795e-07
Completed 17 % :  mod = 1.652526365523267e-14,  Error =7.101221584093764e-07
Completed 17 % :  mod = 1.781273200864343e-14,  Error =7.201243050758421e-07
Completed 18 % :  mod = 1.9200629261230737e-14,  Error =7.30126316739188e-07
Completed 18 % :  mod = 2.0696550266294128e-14,  Error =7.401275468055246e-07
Completed 18 % :  mod = 2.2309025841146935e-14,  Error =7.501294803091696e-07
Completed 18 % :  mod = 2.4047280402007726e-14,  Error =7.601332043805087e-07
Completed 19 % :  mod = 2.5920825965764492e-14,  Error =7.701349602484697e-07
Completed 19 % :  mod = 2.794034677631618e-14,  Error =7.801361547876695e-07
Completed 19 % :  mod = 3.011739573585364e-14,  Error =7.901380456587503e-07
Completed 19 % :  mod = 3.2463885896456934e-14,  Error =8.001393538847879e-07
Completed 20 % :  mod = 3.499319842628794e-14,  Error =8.101410458039027e-07
Completed 20 % :  mod = 3.771980238645752e-14,  Error =8.201429793075476e-07
Completed 20 % :  mod = 4.0658617828216826e-14,  Error =8.301452041337143e-07
Completed 20 % :  mod = 4.3826403460813185e-14,  Error =8.401467397334272e-07
Completed 21 % :  mod = 4.724128044273255e-14,  Error =8.501502648528003e-07
Completed 21 % :  mod = 5.0921934641117044e-14,  Error =8.60151317283453e-07
Completed 21 % :  mod = 5.488968262815156e-14,  Error =8.70153968435261e-07
Completed 21 % :  mod = 5.916623508477629e-14,  Error =8.80154907179076e-07
Completed 22 % :  mod = 6.377597794406228e-14,  Error =8.901568335772936e-07
Completed 22 % :  mod = 6.874527951283225e-14,  Error =9.001587670809386e-07
Completed 22 % :  mod = 7.410132947259245e-14,  Error =9.101604021566345e-07
Completed 22 % :  mod = 7.987466767943948e-14,  Error =9.201611774756202e-07
Completed 23 % :  mod = 8.609831628492084e-14,  Error =9.301638144165736e-07
Completed 23 % :  mod = 9.280632559971905e-14,  Error =9.401644547324395e-07
Completed 23 % :  mod = 1.0003694106722679e-13,  Error =9.501653153165535e-07
Completed 23 % :  mod = 1.0783151607959504e-13,  Error =9.60167497510156e-07
Completed 24 % :  mod = 1.162326906128266e-13,  Error =9.701677186058077e-07
Completed 24 % :  mod = 1.2528835732061912e-13,  Error =9.801689770938538e-07
Completed 24 % :  mod = 1.35050299507971e-13,  Error =9.901717774596364e-07
Completed 24 % :  mod = 1.4557190962637945e-13,  Error =1.0001733343756314e-06
Completed 25 % :  mod = 1.569140936041118e-13,  Error =1.0101748344482075e-06
Completed 25 % :  mod = 1.691388757561392e-13,  Error =1.0201781961427514e-06
Completed 25 % :  mod = 1.8231591763474308e-13,  Error =1.030179127781139e-06
Completed 25 % :  mod = 1.965205344065141e-13,  Error =1.0401817007732461e-06
Completed 26 % :  mod = 2.118303729062307e-13,  Error =1.0501833429543694e-06
Completed 26 % :  mod = 2.283326362098402e-13,  Error =1.0601850348734843e-06
Completed 26 % :  mod = 2.461215972136513e-13,  Error =1.0701873875973433e-06
Completed 26 % :  mod = 2.652944357927389e-13,  Error =1.0801893779444072e-06
Completed 27 % :  mod = 2.85960282948813e-13,  Error =1.0901907430138635e-06
Completed 27 % :  mod = 3.082371026523452e-13,  Error =1.1001926125686623e-06
Completed 27 % :  mod = 3.32246473576208e-13,  Error =1.110194482123461e-06
Completed 27 % :  mod = 3.581249082443792e-13,  Error =1.1201957121897976e-06
Completed 28 % :  mod = 3.8601993963798236e-13,  Error =1.1301991165169056e-06
Completed 28 % :  mod = 4.1608357666397924e-13,  Error =1.1402010002825591e-06
Completed 28 % :  mod = 4.484864649268936e-13,  Error =1.1502009016339798e-06
Completed 28 % :  mod = 4.834129695264663e-13,  Error =1.1602040856928397e-06
Completed 29 % :  mod = 5.21052960777857e-13,  Error =1.1702050812800735e-06
Completed 29 % :  mod = 5.616228727516098e-13,  Error =1.180206965045727e-06
Completed 29 % :  mod = 6.053427443465629e-13,  Error =1.190208102741508e-06
Completed 29 % :  mod = 6.524594351690671e-13,  Error =1.2002100078234434e-06
Completed 30 % :  mod = 7.03239398623892e-13,  Error =1.2102120479084988e-06
Completed 30 % :  mod = 7.579566493020282e-13,  Error =1.220213547981075e-06
Completed 30 % :  mod = 8.169183899568205e-13,  Error =1.2302155738552756e-06
Completed 30 % :  mod = 8.804558648486199e-13,  Error =1.2402181468473827e-06
Completed 31 % :  mod = 9.489091837432233e-13,  Error =1.250220243775857e-06
Completed 31 % :  mod = 1.022659234124196e-12,  Error =1.2602210119894153e-06
Completed 31 % :  mod = 1.102116039740944e-12,  Error =1.2702229739147697e-06
Completed 31 % :  mod = 1.187699547656555e-12,  Error =1.280223862920593e-06
Completed 32 % :  mod = 1.2798792384311497e-12,  Error =1.2902248940349637e-06
Completed 32 % :  mod = 1.3791591854385761e-12,  Error =1.3002262164718559e-06
Completed 32 % :  mod = 1.4860535939372146e-12,  Error =1.3102267857334482e-06
Completed 32 % :  mod = 1.6011452265776507e-12,  Error =1.3202293445147006e-06
Completed 33 % :  mod = 1.7250184530242904e-12,  Error =1.3302299848305665e-06
Completed 33 % :  mod = 1.858322941415064e-12,  Error =1.3402299359199787e-06
Completed 33 % :  mod = 2.00175035096005e-12,  Error =1.350230462549007e-06
Completed 33 % :  mod = 2.1559970246266192e-12,  Error =1.3602314012928218e-06
Completed 34 % :  mod = 2.3218321784257233e-12,  Error =1.370230577890652e-06
Completed 34 % :  mod = 2.500066706104135e-12,  Error =1.3802315237398943e-06
Completed 34 % :  mod = 2.6915042966846198e-12,  Error =1.3902317448355461e-06
Completed 34 % :  mod = 2.897023026666188e-12,  Error =1.400230694059701e-06
Completed 35 % :  mod = 3.1175326249590782e-12,  Error =1.4102308512065065e-06
Completed 35 % :  mod = 3.3539093931809636e-12,  Error =1.4202301628074565e-06
Completed 35 % :  mod = 3.60709148127442e-12,  Error =1.430227655419003e-06
Completed 35 % :  mod = 3.8780189603598675e-12,  Error =1.4402253256662334e-06
Completed 36 % :  mod = 4.167545837047244e-12,  Error =1.4502219940482064e-06
Completed 36 % :  mod = 4.476572850692529e-12,  Error =1.460218456372786e-06
Completed 36 % :  mod = 4.805835033305872e-12,  Error =1.4702128225962952e-06
Completed 36 % :  mod = 5.1560359615767085e-12,  Error =1.4802065706476242e-06
Completed 37 % :  mod = 5.527739669400408e-12,  Error =1.4902000415872863e-06
Completed 37 % :  mod = 5.921224162158419e-12,  Error =1.5001904358769025e-06
Completed 37 % :  mod = 6.336599659657987e-12,  Error =1.5101802262051933e-06
Completed 37 % :  mod = 6.773658634528592e-12,  Error =1.5201696825783984e-06
Completed 38 % :  mod = 7.231685108815242e-12,  Error =1.5301553659696765e-06
Completed 38 % :  mod = 7.709576560327888e-12,  Error =1.5401389532598841e-06
Completed 38 % :  mod = 8.205652946110328e-12,  Error =1.55012163105539e-06
Completed 38 % :  mod = 8.717434464512632e-12,  Error =1.5600996476905493e-06
Completed 39 % :  mod = 9.241784637032063e-12,  Error =1.5700748221547656e-06
Completed 39 % :  mod = 9.774711817002046e-12,  Error =1.5800472468185944e-06
Completed 39 % :  mod = 1.0311172817675499e-11,  Error =1.5900171987937028e-06
Completed 39 % :  mod = 1.0845337607710735e-11,  Error =1.5999853317794077e-06
Completed 40 % :  mod = 1.137026203158459e-11,  Error =1.60994760989297e-06
Completed 40 % :  mod = 1.1878257454036528e-11,  Error =1.6199060013377675e-06
Completed 40 % :  mod = 1.2360899522978356e-11,  Error =1.6298613729759381e-06
Completed 40 % :  mod = 1.2809140721574438e-11,  Error =1.6398125097794036e-06
Completed 41 % :  mod = 1.3213844127375237e-11,  Error =1.649760307032011e-06
Completed 41 % :  mod = 1.3566026449573702e-11,  Error =1.6597058731804282e-06
Completed 41 % :  mod = 1.3857215716428308e-11,  Error =1.6696468918553364e-06
Completed 41 % :  mod = 1.4080068364529842e-11,  Error =1.6795869512975514e-06
Completed 42 % :  mod = 1.422869055584714e-11,  Error =1.6895263144078854e-06
Completed 42 % :  mod = 1.429899528314435e-11,  Error =1.699462551130182e-06
Completed 42 % :  mod = 1.4289039514281481e-11,  Error =1.7093994628680775e-06
Completed 42 % :  mod = 1.419909161329904e-11,  Error =1.71933802306512e-06
Completed 43 % :  mod = 1.4031662529064557e-11,  Error =1.7292773435428899e-06
Completed 43 % :  mod = 1.3791273780970804e-11,  Error =1.7392188311760037e-06
Completed 43 % :  mod = 1.3484268005473244e-11,  Error =1.7491605390773657e-06
Completed 43 % :  mod = 1.31183018097857e-11,  Error =1.7591054373156112e-06
Completed 44 % :  mod = 1.2701943902098214e-11,  Error =1.7690541014303562e-06
Completed 44 % :  mod = 1.2244349748016686e-11,  Error =1.7790063893130537e-06
Completed 44 % :  mod = 1.1754645765017522e-11,  Error =1.788963125193277e-06
Completed 44 % :  mod = 1.1241659727866529e-11,  Error =1.798923413787179e-06
Completed 45 % :  mod = 1.0713772324942744e-11,  Error =1.808885727427878e-06
Completed 45 % :  mod = 1.0178469296313698e-11,  Error =1.8188532422414028e-06
Completed 45 % :  mod = 9.642337277764487e-12,  Error =1.8288248710973676e-06
Completed 45 % :  mod = 9.111139098421568e-12,  Error =1.8387990721180358e-06
Completed 46 % :  mod = 8.589556994728884e-12,  Error =1.8487757813545613e-06
Completed 46 % :  mod = 8.08136600110952e-12,  Error =1.8587559935667741e-06
Completed 46 % :  mod = 7.589622563514541e-12,  Error =1.868738372934331e-06
Completed 46 % :  mod = 7.116472070985024e-12,  Error =1.8787232107797536e-06
Completed 47 % :  mod = 6.663556874783736e-12,  Error =1.8887102442022297e-06
Completed 47 % :  mod = 6.231845233162556e-12,  Error =1.8986986418667584e-06
Completed 47 % :  mod = 5.821844169794114e-12,  Error =1.9086895264308623e-06
Completed 47 % :  mod = 5.433774948363472e-12,  Error =1.9186800770398804e-06
Completed 48 % :  mod = 5.067453264661515e-12,  Error =1.9286737966695e-06
Completed 48 % :  mod = 4.722461555696268e-12,  Error =1.9386677720945045e-06
Completed 48 % :  mod = 4.398280694068842e-12,  Error =1.9486632680809635e-06
Completed 48 % :  mod = 4.094173194795432e-12,  Error =1.9586589417031064e-06
Completed 49 % :  mod = 3.809312621610644e-12,  Error =1.968655503503669e-06
Completed 49 % :  mod = 3.5428769518066947e-12,  Error =1.9786527545306853e-06
Completed 49 % :  mod = 3.2939386857021036e-12,  Error =1.988650268458514e-06
Completed 49 % :  mod = 3.0615599114979907e-12,  Error =1.998649366896643e-06
Completed 50 % :  mod = 2.844857734739682e-12,  Error =2.0086491261395167e-06
Completed 50 % :  mod = 2.642890203287498e-12,  Error =2.0186489706475186e-06
Completed 50 % :  mod = 2.4548040245107924e-12,  Error =2.0286482964593233e-06
Completed 50 % :  mod = 2.279725758521087e-12,  Error =2.0386480628076242e-06
Completed 51 % :  mod = 2.116819480282978e-12,  Error =2.048649015762294e-06
Completed 51 % :  mod = 1.965324161319409e-12,  Error =2.0586496347618777e-06
Completed 51 % :  mod = 1.824477760894668e-12,  Error =2.0686502324451794e-06
Completed 51 % :  mod = 1.6935608329857236e-12,  Error =2.078652677539594e-06
Completed 52 % :  mod = 1.571924086785179e-12,  Error =2.088653218379477e-06
Completed 52 % :  mod = 1.4589254259571545e-12,  Error =2.0986537663247873e-06
Completed 52 % :  mod = 1.3539634289674845e-12,  Error =2.108654619803474e-06
Completed 52 % :  mod = 1.2564981198928361e-12,  Error =2.1186558498698105e-06
Completed 53 % :  mod = 1.1659994509074528e-12,  Error =2.1286573712586687e-06
Completed 53 % :  mod = 1.081973320398981e-12,  Error =2.1386593260785958e-06
Completed 53 % :  mod = 1.0039775049817293e-12,  Error =2.1486606627263427e-06
Completed 53 % :  mod = 9.315798747888673e-13,  Error =2.1586617009461406e-06
Completed 54 % :  mod = 8.643787928809655e-13,  Error =2.1686645865770515e-06
Completed 54 % :  mod = 8.020154958871967e-13,  Error =2.178665795327106e-06
Completed 54 % :  mod = 7.44135955131344e-13,  Error =2.1886682333160934e-06
Completed 54 % :  mod = 6.904291698372227e-13,  Error =2.198669605490977e-06
Completed 55 % :  mod = 6.405924764573153e-13,  Error =2.2086706081836383e-06
Completed 55 % :  mod = 5.943453222601725e-13,  Error =2.2186727051121125e-06
Completed 55 % :  mod = 5.514375517588171e-13,  Error =2.2286752354716555e-06
Completed 55 % :  mod = 5.116260336438928e-13,  Error =2.238676586330257e-06
Completed 56 % :  mod = 4.746855935452412e-13,  Error =2.2486781858788163e-06
Completed 56 % :  mod = 4.4041557169387433e-13,  Error =2.258679081990067e-06
Completed 56 % :  mod = 4.0862110603959195e-13,  Error =2.2686801131044376e-06
Completed 56 % :  mod = 3.7912182787415773e-13,  Error =2.2786819471320996e-06
Completed 57 % :  mod = 3.517570671149053e-13,  Error =2.2886835040480946e-06
Completed 57 % :  mod = 3.263708815226552e-13,  Error =2.2986853380757566e-06
Completed 57 % :  mod = 3.0281898193173267e-13,  Error =2.3086874492150855e-06
Completed 57 % :  mod = 2.8097287185704144e-13,  Error =2.3186893258753116e-06
Completed 58 % :  mod = 2.6070632837037397e-13,  Error =2.328691721231735e-06
Completed 58 % :  mod = 2.41908693399277e-13,  Error =2.338693420256277e-06
Completed 58 % :  mod = 2.244726260958718e-13,  Error =2.348695112175392e-06
Completed 58 % :  mod = 2.082988492233521e-13,  Error =2.3586970741007462e-06
Completed 59 % :  mod = 1.9329898065415774e-13,  Error =2.368699000498964e-06
Completed 59 % :  mod = 1.79387309046446e-13,  Error =2.378699626603975e-06
Completed 59 % :  mod = 1.6648457922166664e-13,  Error =2.3887009490408673e-06
Completed 59 % :  mod = 1.5452024762780532e-13,  Error =2.3987020583149388e-06
Completed 60 % :  mod = 1.434259192491932e-13,  Error =2.4087033096975574e-06
Completed 60 % :  mod = 1.33138366597729e-13,  Error =2.418705271622912e-06
Completed 60 % :  mod = 1.2360132580080045e-13,  Error =2.4287067645900606e-06
Completed 60 % :  mod = 1.1476026263668953e-13,  Error =2.438707873864132e-06
Completed 61 % :  mod = 1.0656477975847141e-13,  Error =2.4487113847726505e-06
Completed 61 % :  mod = 9.897004575745199e-14,  Error =2.4587134390685605e-06
Completed 61 % :  mod = 9.193208554200451e-14,  Error =2.4687150528279744e-06
Completed 61 % :  mod = 8.541239595249975e-14,  Error =2.478717490816962e-06
Completed 62 % :  mod = 7.937368660274855e-14,  Error =2.4887197795919747e-06
Completed 62 % :  mod = 7.378152777360504e-14,  Error =2.4987216065142093e-06
Completed 62 % :  mod = 6.860532292936798e-14,  Error =2.5087223747277676e-06
Completed 62 % :  mod = 6.38154630307715e-14,  Error =2.518722965305642e-06
Completed 63 % :  mod = 5.938463735755524e-14,  Error =2.528725040917834e-06
Completed 63 % :  mod = 5.5288601853529453e-14,  Error =2.5387252549080586e-06
Completed 63 % :  mod = 5.15039244160143e-14,  Error =2.548726342865848e-06
Completed 63 % :  mod = 4.800902543864418e-14,  Error =2.55872930665646e-06
Completed 64 % :  mod = 4.4784781168073446e-14,  Error =2.568731261476387e-06
Completed 64 % :  mod = 4.181274526829604e-14,  Error =2.57873303866063e-06
Completed 64 % :  mod = 3.907597215311047e-14,  Error =2.588734929531711e-06
Completed 64 % :  mod = 3.6559486064477024e-14,  Error =2.5987367422430907e-06
Completed 65 % :  mod = 3.424871222734407e-14,  Error =2.608739400500326e-06
Completed 65 % :  mod = 3.2131005935248246e-14,  Error =2.6187407868860646e-06
Completed 65 % :  mod = 3.0194249231994634e-14,  Error =2.628743025923086e-06
Completed 65 % :  mod = 2.8427400998654815e-14,  Error =2.6387453928577997e-06
Completed 66 % :  mod = 2.6820792831367396e-14,  Error =2.6487466016078542e-06
Completed 66 % :  mod = 2.536522966109287e-14,  Error =2.6587480022044474e-06
Completed 66 % :  mod = 2.4052415279722538e-14,  Error =2.668750404666298e-06
Completed 66 % :  mod = 2.2875165764618975e-14,  Error =2.6787515778892157e-06
Completed 67 % :  mod = 2.1826741186732937e-14,  Error =2.68875367481769e-06
Completed 67 % :  mod = 2.0901168225414526e-14,  Error =2.698755452001933e-06
Completed 67 % :  mod = 2.0093381979688715e-14,  Error =2.708756511538013e-06
Completed 67 % :  mod = 1.9398754792891853e-14,  Error =2.718758203457128e-06
Completed 68 % :  mod = 1.8813332374893035e-14,  Error =2.728760044590217e-06
Completed 68 % :  mod = 1.8333911179256933e-14,  Error =2.738762532317196e-06
Completed 68 % :  mod = 1.7957714487949624e-14,  Error =2.7487641816037467e-06
Completed 68 % :  mod = 1.768268361887737e-14,  Error =2.758765781152306e-06
Completed 69 % :  mod = 1.75072356615907e-14,  Error =2.7687678283427886e-06
Completed 69 % :  mod = 1.7430380398333423e-14,  Error =2.7787704013348957e-06
Completed 69 % :  mod = 1.7451697234492332e-14,  Error =2.788771389816702e-06
Completed 69 % :  mod = 1.7571296155982478e-14,  Error =2.7987721153976963e-06
Completed 70 % :  mod = 1.778987213033112e-14,  Error =2.8087739138982215e-06
Completed 70 % :  mod = 1.810862125879116e-14,  Error =2.8187753144948147e-06
Completed 70 % :  mod = 1.8529352034408258e-14,  Error =2.828776622720852e-06
Completed 70 % :  mod = 1.905447996638085e-14,  Error =2.8387778669980435e-06
Completed 71 % :  mod = 1.968687870626483e-14,  Error =2.84878022682733e-06
Completed 71 % :  mod = 2.0430147272651256e-14,  Error =2.8587813787339655e-06
Completed 71 % :  mod = 2.1288544580389543e-14,  Error =2.868783980147782e-06
Completed 71 % :  mod = 2.2266768027550245e-14,  Error =2.878785494431213e-06
Completed 72 % :  mod = 2.3370483324459728e-14,  Error =2.888787527410841e-06
Completed 72 % :  mod = 2.4605730261003384e-14,  Error =2.898787656135937e-06
Completed 72 % :  mod = 2.597954813907586e-14,  Error =2.9087899804380868e-06
Completed 72 % :  mod = 2.7499800817832744e-14,  Error =2.918792318951091e-06
Completed 73 % :  mod = 2.917480740567119e-14,  Error =2.9287939611322145e-06
Completed 73 % :  mod = 3.101411602260421e-14,  Error =2.9387947435566275e-06
Completed 73 % :  mod = 3.302825245346991e-14,  Error =2.9487974160247177e-06
Completed 73 % :  mod = 3.522823831212277e-14,  Error =2.9587983547685326e-06
Completed 74 % :  mod = 3.7626616209173364e-14,  Error =2.9688002456396134e-06
Completed 74 % :  mod = 4.023710927390169e-14,  Error =2.978801020958599e-06
Completed 74 % :  mod = 4.307400224200643e-14,  Error =2.98880315341421e-06
Completed 74 % :  mod = 4.6153470153858324e-14,  Error =2.9988042626882816e-06
Completed 75 % :  mod = 4.949313148366763e-14,  Error =3.0088059972399606e-06
Completed 75 % :  mod = 5.311126058097802e-14,  Error =3.018807205990015e-06
Completed 75 % :  mod = 5.702881202140446e-14,  Error =3.0288094237107543e-06
Completed 75 % :  mod = 6.126722198687972e-14,  Error =3.0388112577384163e-06
Completed 76 % :  mod = 6.585065721810741e-14,  Error =3.048811237249538e-06
Completed 76 % :  mod = 7.080533728372086e-14,  Error =3.0588136539222432e-06
Completed 76 % :  mod = 7.615837202296185e-14,  Error =3.0688148626722977e-06
Completed 76 % :  mod = 8.194028276235749e-14,  Error =3.0788162561634635e-06
Completed 77 % :  mod = 8.818414204829672e-14,  Error =3.0888190849509556e-06
Completed 77 % :  mod = 9.492411087572435e-14,  Error =3.098820172908745e-06
Completed 77 % :  mod = 1.0219861581360043e-13,  Error =3.108822383524057e-06
Completed 77 % :  mod = 1.1004926225501146e-13,  Error =3.1188249423053094e-06
Completed 78 % :  mod = 1.1851899689158452e-13,  Error =3.1288275579299807e-06
Completed 78 % :  mod = 1.2765610219482485e-13,  Error =3.138829541171617e-06
Completed 78 % :  mod = 1.3751282771282313e-13,  Error =3.1488310412441933e-06
Completed 78 % :  mod = 1.4814308396732524e-13,  Error =3.1588326976361714e-06
Completed 79 % :  mod = 1.596074571980422e-13,  Error =3.168833593747422e-06
Completed 79 % :  mod = 1.7197148861656193e-13,  Error =3.178835662254187e-06
Completed 79 % :  mod = 1.8530278190991304e-13,  Error =3.188837872869499e-06
Completed 79 % :  mod = 1.9967848125005326e-13,  Error =3.1988402326987853e-06
Completed 80 % :  mod = 2.1517716680187665e-13,  Error =3.2088413419728568e-06
Completed 80 % :  mod = 2.31887114396409e-13,  Error =3.218843282581929e-06
Completed 80 % :  mod = 2.499037807936434e-13,  Error =3.2288464808516437e-06
Completed 80 % :  mod = 2.693255857630208e-13,  Error =3.2388482509304595e-06
Completed 81 % :  mod = 2.902630718332527e-13,  Error =3.2488500281147026e-06
Completed 81 % :  mod = 3.128357473512066e-13,  Error =3.258851648979544e-06
Completed 81 % :  mod = 3.3716679721687493e-13,  Error =3.268853483007206e-06
Completed 81 % :  mod = 3.633945518703159e-13,  Error =3.2788539243711057e-06
Completed 82 % :  mod = 3.9166852248237003e-13,  Error =3.2888561918298365e-06
Completed 82 % :  mod = 4.2214276567848597e-13,  Error =3.2988590987770294e-06
Completed 82 % :  mod = 4.549902356157613e-13,  Error =3.308861423079179e-06
Completed 82 % :  mod = 4.903977996704008e-13,  Error =3.3188639818604315e-06
Completed 83 % :  mod = 5.285579086371824e-13,  Error =3.3288657803609567e-06
Completed 83 % :  mod = 5.696899435008691e-13,  Error =3.3388679838708413e-06
Completed 83 % :  mod = 6.140169368803263e-13,  Error =3.3488680557525186e-06
Completed 83 % :  mod = 6.617891070758868e-13,  Error =3.3588689518637693e-06
Completed 84 % :  mod = 7.132765273879157e-13,  Error =3.368871333009338e-06
Completed 84 % :  mod = 7.687569206117163e-13,  Error =3.378874104953411e-06
Completed 84 % :  mod = 8.285416368186849e-13,  Error =3.3888744184196185e-06
Completed 84 % :  mod = 8.929663716259371e-13,  Error =3.3988775811621963e-06
Completed 85 % :  mod = 9.623757683286734e-13,  Error =3.4088786478037036e-06
Completed 85 % :  mod = 1.0371557637261106e-12,  Error =3.418880055505724e-06
Completed 85 % :  mod = 1.1177217687092454e-12,  Error =3.428881811373685e-06
Completed 85 % :  mod = 1.2044991681601307e-12,  Error =3.4388830201237397e-06
Completed 86 % :  mod = 1.2979634606407838e-12,  Error =3.448884328349777e-06
Completed 86 % :  mod = 1.398625079056951e-12,  Error =3.4588857928952166e-06
Completed 86 % :  mod = 1.5070045530260021e-12,  Error =3.4688874848143314e-06
Completed 86 % :  mod = 1.6236917014595845e-12,  Error =3.4788890062031896e-06
Completed 87 % :  mod = 1.7492776958050314e-12,  Error =3.488889731784184e-06
Completed 87 % :  mod = 1.88441956480171e-12,  Error =3.498889718400733e-06
Completed 87 % :  mod = 2.0298164748988545e-12,  Error =3.508892589820789e-06
Completed 87 % :  mod = 2.186171805109328e-12,  Error =3.5188928038110134e-06
Completed 88 % :  mod = 2.3542621404199465e-12,  Error =3.528892897008973e-06
Completed 88 % :  mod = 2.534905480851229e-12,  Error =3.538893167842616e-06
Completed 88 % :  mod = 2.7289115024332245e-12,  Error =3.548892436811002e-06
Completed 88 % :  mod = 2.937164008935912e-12,  Error =3.558890774968404e-06
Completed 89 % :  mod = 3.1605773143849672e-12,  Error =3.5688893831320456e-06
Completed 89 % :  mod = 3.40002995458741e-12,  Error =3.578887771027439e-06
Completed 89 % :  mod = 3.656460787835937e-12,  Error =3.5888853204824045e-06
Completed 89 % :  mod = 3.930807749286527e-12,  Error =3.598881640698437e-06
Completed 90 % :  mod = 4.223918158635935e-12,  Error =3.6088773640585714e-06
Completed 90 % :  mod = 4.536682468766409e-12,  Error =3.6188727250419106e-06
Completed 90 % :  mod = 4.869818386416173e-12,  Error =3.628867986549267e-06
Completed 90 % :  mod = 5.224005838701236e-12,  Error =3.6388613295912364e-06
Completed 91 % :  mod = 5.599776516703163e-12,  Error =3.64885409709359e-06
Completed 91 % :  mod = 5.997364707469363e-12,  Error =3.6588446121754714e-06
Completed 91 % :  mod = 6.416825706018335e-12,  Error =3.6688331803702567e-06
Completed 91 % :  mod = 6.857883066330077e-12,  Error =3.67882285701171e-06
Completed 92 % :  mod = 7.319735241659668e-12,  Error =3.688808199342475e-06
Completed 92 % :  mod = 7.801177986900312e-12,  Error =3.6987919713737938e-06
Completed 92 % :  mod = 8.300411436380397e-12,  Error =3.7087735123009224e-06
Completed 92 % :  mod = 8.814817177872397e-12,  Error =3.7187505270708243e-06
Completed 93 % :  mod = 9.341104068375274e-12,  Error =3.7287254386342283e-06
Completed 93 % :  mod = 9.875111620278699e-12,  Error =3.7386985809462203e-06
Completed 93 % :  mod = 1.0411618593004498e-11,  Error =3.748666813407908e-06
Completed 93 % :  mod = 1.094461549383432e-11,  Error =3.758632821870833e-06
Completed 94 % :  mod = 1.1466987356499812e-11,  Error =3.768595156827814e-06
Completed 94 % :  mod = 1.197089545835341e-11,  Error =3.778553349320646e-06
Completed 94 % :  mod = 1.2447800207621832e-11,  Error =3.788508116997491e-06
Completed 94 % :  mod = 1.2888590829167417e-11,  Error =3.798458308779118e-06
Completed 95 % :  mod = 1.328413082551485e-11,  Error =3.808404194671766e-06
Completed 95 % :  mod = 1.3625513424325272e-11,  Error =3.818347821038515e-06
Completed 95 % :  mod = 1.3904429152795267e-11,  Error =3.828289266039064e-06
Completed 95 % :  mod = 1.4113777600481135e-11,  Error =3.838230036024015e-06
Completed 96 % :  mod = 1.4247982705112136e-11,  Error =3.848168525166784e-06
Completed 96 % :  mod = 1.430333745961846e-11,  Error =3.858105415588398e-06
Completed 96 % :  mod = 1.4278311006497028e-11,  Error =3.8680409417679584e-06
Completed 96 % :  mod = 1.417359200276151e-11,  Error =3.8779790543230774e-06
Completed 97 % :  mod = 1.3992094909089073e-11,  Error =3.887917728206958e-06
Completed 97 % :  mod = 1.3738693927683197e-11,  Error =3.89785964927114e-06
Completed 97 % :  mod = 1.3420021977394204e-11,  Error =3.907802039293529e-06
Completed 97 % :  mod = 1.3043943243981519e-11,  Error =3.9177477404450656e-06
Completed 98 % :  mod = 1.2619150336058504e-11,  Error =3.927697946437547e-06
Completed 98 % :  mod = 1.2154843411201294e-11,  Error =3.937651342766912e-06
Completed 98 % :  mod = 1.1660119421005476e-11,  Error =3.9476082918099564e-06
Completed 98 % :  mod = 1.1143718240407237e-11,  Error =3.957569546741979e-06
Completed 99 % :  mod = 1.0613889432562927e-11,  Error =3.967533345416996e-06
Completed 99 % :  mod = 1.0077957790631336e-11,  Error =3.977500881546803e-06
Completed 99 % :  mod = 9.542334133017948e-12,  Error =3.9874723114508015e-06
Completed 99 % :  mod = 9.012601471826819e-12,  Error =3.997445709558178e-06
Completed 100 % :  mod = 8.493267380523238e-12,  Error =4.007422340635003e-06
Finished 13/21 frames
Finished all frames!
