/opt/local/miniconda_23_9/lib/python3.11/site-packages/conda/base/context.py:201: FutureWarning: Adding 'defaults' to channel list implicitly is deprecated and will be removed in 25.3. 

To remove this warning, please choose a default channel explicitly with conda's regular configuration system, e.g. by adding 'defaults' to the list of channels:

  conda config --add channels defaults

For more information see https://docs.conda.io/projects/conda/en/stable/user-guide/configuration/use-condarc.html

  deprecated.topic(
JOB 14514 ARRAY_ID 11  -> i=11 ; range=[1.95e-10, 2.05e-10] ; intervals=20 (frames=21)
Analytic t0 extension enabled (--extend-time-using-t0).
Extending simulation time for p0=2.002e-10 from 10000000000.0 to 8.323e+10
Completed 0 % :  mod = 1.6019047616108715e-16,  Error =-1.4210854715202004e-14
Completed 0 % :  mod = 1.6060153539808683e-16,  Error =1.638044011542661e-08
Completed 0 % :  mod = 1.6183682996767096e-16,  Error =3.2761093393673946e-08
Completed 0 % :  mod = 1.6390257757970896e-16,  Error =4.913997031508188e-08
Completed 0 % :  mod = 1.6680957676690497e-16,  Error =6.551996278858496e-08
Completed 1 % :  mod = 1.7057246133657204e-16,  Error =8.190017553033613e-08
Completed 1 % :  mod = 1.7521091250042221e-16,  Error =9.828050906435237e-08
Completed 1 % :  mod = 1.8074828678872548e-16,  Error =1.1466014626648757e-07
Completed 1 % :  mod = 1.872135364018006e-16,  Error =1.310400818965718e-07
Completed 2 % :  mod = 1.946392101212697e-16,  Error =1.4741957699015984e-07
Completed 2 % :  mod = 2.0306413627037513e-16,  Error =1.6379990341874873e-07
Completed 2 % :  mod = 2.1253074027065047e-16,  Error =1.8017875191844723e-07
Completed 2 % :  mod = 2.2308852257450487e-16,  Error =1.9655796279494098e-07
Completed 3 % :  mod = 2.3479063692922156e-16,  Error =2.1293848817549588e-07
Completed 3 % :  mod = 2.476982725213493e-16,  Error =2.293183243295971e-07
Completed 3 % :  mod = 2.618764183983758e-16,  Error =2.456974428355352e-07
Completed 3 % :  mod = 2.7739921222536347e-16,  Error =2.620783021711759e-07
Completed 4 % :  mod = 2.9434566619102587e-16,  Error =2.7845831596096104e-07
Completed 4 % :  mod = 3.128018270348008e-16,  Error =2.948378394762585e-07
Completed 4 % :  mod = 3.328641963352856e-16,  Error =3.1121793853117197e-07
Completed 4 % :  mod = 3.5463378928548777e-16,  Error =3.275982223271967e-07
Completed 5 % :  mod = 3.7822443131436854e-16,  Error =3.4397845638522995e-07
Completed 5 % :  mod = 4.0375491108966087e-16,  Error =3.6035762462915955e-07
Completed 5 % :  mod = 4.3135872010429314e-16,  Error =3.767380576391588e-07
Completed 5 % :  mod = 4.611748483792193e-16,  Error =3.931180287963798e-07
Completed 6 % :  mod = 4.93359188078741e-16,  Error =4.0949804258616496e-07
Completed 6 % :  mod = 5.280737985673134e-16,  Error =4.2587835480389913e-07
Completed 6 % :  mod = 5.655001912920739e-16,  Error =4.4225829043398335e-07
Completed 6 % :  mod = 6.058268264825943e-16,  Error =4.5863811237722985e-07
Completed 7 % :  mod = 6.492645538728816e-16,  Error =4.7501796984761313e-07
Completed 7 % :  mod = 6.960320906151466e-16,  Error =4.913981896947917e-07
Completed 7 % :  mod = 7.463739639129643e-16,  Error =5.077782745388504e-07
Completed 7 % :  mod = 8.005463772446412e-16,  Error =5.241585725457298e-07
Completed 8 % :  mod = 8.588244464875156e-16,  Error =5.405389202906008e-07
Completed 8 % :  mod = 9.215128760796293e-16,  Error =5.569195451471387e-07
Completed 8 % :  mod = 9.889273165917688e-16,  Error =5.732988768158975e-07
Completed 8 % :  mod = 1.0614202574968912e-15,  Error =5.896796437809826e-07
Completed 9 % :  mod = 1.1393567283260398e-15,  Error =6.060577888433727e-07
Completed 9 % :  mod = 1.2231442329905437e-15,  Error =6.22437745789739e-07
Completed 9 % :  mod = 1.3132046652424636e-15,  Error =6.388174682570025e-07
Completed 9 % :  mod = 1.4100089108286862e-15,  Error =6.551963451784104e-07
Completed 10 % :  mod = 1.5140444174097204e-15,  Error =6.715756057928957e-07
Completed 10 % :  mod = 1.625855150485211e-15,  Error =6.879562874928524e-07
Completed 10 % :  mod = 1.746004114977757e-15,  Error =7.043348659863113e-07
Completed 10 % :  mod = 1.8751195180115488e-15,  Error =7.207143042364805e-07
Completed 11 % :  mod = 2.013851501627767e-15,  Error =7.370936074835299e-07
Completed 11 % :  mod = 2.1629254422190506e-15,  Error =7.53475170256479e-07
Completed 11 % :  mod = 2.3230919841159087e-15,  Error =7.698545658740841e-07
Completed 11 % :  mod = 2.495188578929163e-15,  Error =7.862347359832711e-07
Completed 12 % :  mod = 2.680091020417472e-15,  Error =8.026151760986977e-07
Completed 12 % :  mod = 2.8787383480004437e-15,  Error =8.189937688030113e-07
Completed 12 % :  mod = 3.092169218045266e-15,  Error =8.353731928423258e-07
Completed 12 % :  mod = 3.3214583347781365e-15,  Error =8.51753604536043e-07
Completed 13 % :  mod = 3.567804569473028e-15,  Error =8.681335401661272e-07
Completed 13 % :  mod = 3.8324483591262976e-15,  Error =8.845137600133057e-07
Completed 13 % :  mod = 4.11677342139279e-15,  Error =9.008941574961682e-07
Completed 13 % :  mod = 4.422211436547605e-15,  Error =9.172728283601828e-07
Completed 14 % :  mod = 4.7503594335657004e-15,  Error =9.336524300351812e-07
Completed 14 % :  mod = 5.10286975312844e-15,  Error =9.500321809241541e-07
Completed 14 % :  mod = 5.481585538877351e-15,  Error =9.664124434038968e-07
Completed 14 % :  mod = 5.888413759451529e-15,  Error =9.827919313920574e-07
Completed 15 % :  mod = 6.325481572558485e-15,  Error =9.991720872903898e-07
Completed 15 % :  mod = 6.794989771161965e-15,  Error =1.0155506160458572e-06
Completed 15 % :  mod = 7.299393236396401e-15,  Error =1.0319315535411988e-06
Completed 15 % :  mod = 7.841258867021959e-15,  Error =1.048312661566797e-06
Completed 16 % :  mod = 8.423338579716255e-15,  Error =1.0646928956248303e-06
Completed 16 % :  mod = 9.048675860845702e-15,  Error =1.081072028341623e-06
Completed 16 % :  mod = 9.720419491595412e-15,  Error =1.0974514523809376e-06
Completed 16 % :  mod = 1.0442081764805117e-14,  Error =1.1138326811988009e-06
Completed 17 % :  mod = 1.1217296486560126e-14,  Error =1.1302116291744824e-06
Completed 17 % :  mod = 1.2050116953531329e-14,  Error =1.146592246925593e-06
Completed 17 % :  mod = 1.294473668475459e-14,  Error =1.1629697596049482e-06
Completed 17 % :  mod = 1.3905833282524235e-14,  Error =1.17934919074969e-06
Completed 18 % :  mod = 1.493824615367572e-14,  Error =1.1957293466480223e-06
Completed 18 % :  mod = 1.6047373349587892e-14,  Error =1.2121092538563971e-06
Completed 18 % :  mod = 1.723879962576474e-14,  Error =1.2284904116199868e-06
Completed 18 % :  mod = 1.8518754415396296e-14,  Error =1.244870425409772e-06
Completed 19 % :  mod = 1.9893682597532283e-14,  Error =1.2612497926056676e-06
Completed 19 % :  mod = 2.137077299611375e-14,  Error =1.2776301190342565e-06
Completed 19 % :  mod = 2.2957463052279863e-14,  Error =1.2940087543711343e-06
Completed 19 % :  mod = 2.4662048700342536e-14,  Error =1.310389336595108e-06
Completed 20 % :  mod = 2.6493204182978496e-14,  Error =1.3267707927866468e-06
Completed 20 % :  mod = 2.84602287569164e-14,  Error =1.3431493428583963e-06
Completed 20 % :  mod = 3.057340669832794e-14,  Error =1.3595294419133097e-06
Completed 20 % :  mod = 3.2843377854725925e-14,  Error =1.3759091501697185e-06
Completed 21 % :  mod = 3.528201015342005e-14,  Error =1.392289647128564e-06
Completed 21 % :  mod = 3.790158180206306e-14,  Error =1.408670911473564e-06
Completed 21 % :  mod = 4.071578813465013e-14,  Error =1.4250513657998454e-06
Completed 21 % :  mod = 4.373879783876496e-14,  Error =1.4414317490718531e-06
Completed 22 % :  mod = 4.6986414852138896e-14,  Error =1.4578125302477929e-06
Completed 22 % :  mod = 5.047498921145682e-14,  Error =1.4741927785166808e-06
Completed 22 % :  mod = 5.422275784983306e-14,  Error =1.490573268370099e-06
Completed 22 % :  mod = 5.824858765042739e-14,  Error =1.5069512997456513e-06
Completed 23 % :  mod = 6.257352267671726e-14,  Error =1.5233320667107364e-06
Completed 23 % :  mod = 6.72193335916627e-14,  Error =1.5397107233638962e-06
Completed 23 % :  mod = 7.221030307427402e-14,  Error =1.5560913553258615e-06
Completed 23 % :  mod = 7.757181936715639e-14,  Error =1.5724727902011182e-06
Completed 24 % :  mod = 8.333109822578971e-14,  Error =1.5888535003227844e-06
Completed 24 % :  mod = 8.951823630341539e-14,  Error =1.6052330948923554e-06
Completed 24 % :  mod = 9.616436746610842e-14,  Error =1.6216122560308577e-06
Completed 24 % :  mod = 1.0330421639926214e-13,  Error =1.6379927458842758e-06
Completed 25 % :  mod = 1.1097370303059912e-13,  Error =1.6543728165174798e-06
Completed 25 % :  mod = 1.1921288893872427e-13,  Error =1.6707536758531205e-06
Completed 25 % :  mod = 1.2806321240437178e-13,  Error =1.687133199368418e-06
Completed 25 % :  mod = 1.3757088785342372e-13,  Error =1.7035122539255099e-06
Completed 26 % :  mod = 1.4778371440804286e-13,  Error =1.7198913582205932e-06
Completed 26 % :  mod = 1.5875499771203253e-13,  Error =1.7362719688662764e-06
Completed 26 % :  mod = 1.7053986597547903e-13,  Error =1.7526528708344813e-06
Completed 26 % :  mod = 1.8319979402239077e-13,  Error =1.7690340570197804e-06
Completed 27 % :  mod = 1.9679835042714022e-13,  Error =1.7854131897365733e-06
Completed 27 % :  mod = 2.114064155525232e-13,  Error =1.8017930329961018e-06
Completed 27 % :  mod = 2.2709727132793943e-13,  Error =1.8181728762556304e-06
Completed 27 % :  mod = 2.439526187340942e-13,  Error =1.8345529113616976e-06
Completed 28 % :  mod = 2.6205781152197943e-13,  Error =1.8509319730242169e-06
Completed 28 % :  mod = 2.8150427494383695e-13,  Error =1.8673110702138729e-06
Completed 28 % :  mod = 3.0239303765529713e-13,  Error =1.883691162163359e-06
Completed 28 % :  mod = 3.2482847622791233e-13,  Error =1.9000705151483999e-06
Completed 29 % :  mod = 3.48926898562491e-13,  Error =1.9164514100111774e-06
Completed 29 % :  mod = 3.748084104530212e-13,  Error =1.932831317219552e-06
Completed 29 % :  mod = 4.0260680202551875e-13,  Error =1.94921081231314e-06
Completed 29 % :  mod = 4.3246014551788837e-13,  Error =1.9655906555726688e-06
Completed 30 % :  mod = 4.645221753108791e-13,  Error =1.981970171982539e-06
Completed 30 % :  mod = 4.989514130159523e-13,  Error =1.998349922871512e-06
Completed 30 % :  mod = 5.359242556986185e-13,  Error =2.01472828820215e-06
Completed 30 % :  mod = 5.756223884003099e-13,  Error =2.0311084867330464e-06
Completed 31 % :  mod = 6.18247820088595e-13,  Error =2.047489125800439e-06
Completed 31 % :  mod = 6.640083001355198e-13,  Error =2.063869317225908e-06
Completed 31 % :  mod = 7.131345661316682e-13,  Error =2.0802493949645395e-06
Completed 31 % :  mod = 7.658660582809932e-13,  Error =2.0966295863900086e-06
Completed 32 % :  mod = 8.224575086956234e-13,  Error =2.1130089962184684e-06
Completed 32 % :  mod = 8.831886300375259e-13,  Error =2.1293878731398763e-06
Completed 32 % :  mod = 9.483451984595524e-13,  Error =2.145767417971456e-06
Completed 32 % :  mod = 1.0182431163771911e-12,  Error =2.1621471475441467e-06
Completed 33 % :  mod = 1.0932037017895058e-12,  Error =2.1785261807849565e-06
Completed 33 % :  mod = 1.1735810102316814e-12,  Error =2.1949052424474758e-06
Completed 33 % :  mod = 1.259732953334475e-12,  Error =2.2112835154075583e-06
Completed 33 % :  mod = 1.3520521583451385e-12,  Error =2.2276622999584106e-06
Completed 34 % :  mod = 1.4509320995920551e-12,  Error =2.2440396136858e-06
Completed 34 % :  mod = 1.5568017131740316e-12,  Error =2.260418909827422e-06
Completed 34 % :  mod = 1.6700855276121613e-12,  Error =2.2767972041037865e-06
Completed 34 % :  mod = 1.791242141514454e-12,  Error =2.2931752070576294e-06
Completed 35 % :  mod = 1.9207170948158348e-12,  Error =2.309552506574164e-06
Completed 35 % :  mod = 2.058985144814632e-12,  Error =2.3259301187295023e-06
Completed 35 % :  mod = 2.2064943294292706e-12,  Error =2.3423073756134727e-06
Completed 35 % :  mod = 2.3637117352134915e-12,  Error =2.3586861317426155e-06
Completed 36 % :  mod = 2.5310652064208838e-12,  Error =2.3750630617769275e-06
Completed 36 % :  mod = 2.7089504375438647e-12,  Error =2.391438158610981e-06
Completed 36 % :  mod = 2.8977440762110975e-12,  Error =2.4078135680838386e-06
Completed 36 % :  mod = 3.097724443912394e-12,  Error =2.4241880964837037e-06
Completed 37 % :  mod = 3.3091228333256435e-12,  Error =2.440563143579766e-06
Completed 37 % :  mod = 3.5320209537396495e-12,  Error =2.456936563532963e-06
Completed 37 % :  mod = 3.7664028633329105e-12,  Error =2.473310431128084e-06
Completed 37 % :  mod = 4.012035299294767e-12,  Error =2.4896825010500834e-06
Completed 38 % :  mod = 4.2685201895919165e-12,  Error =2.5060532493625942e-06
Completed 38 % :  mod = 4.535158872072765e-12,  Error =2.522423024231557e-06
Completed 38 % :  mod = 4.811007247423706e-12,  Error =2.538791328277057e-06
Completed 38 % :  mod = 5.094729078208959e-12,  Error =2.5551583320293503e-06
Completed 39 % :  mod = 5.384659782461697e-12,  Error =2.5715249734048484e-06
Completed 39 % :  mod = 5.67866057364133e-12,  Error =2.587888864979959e-06
Completed 39 % :  mod = 5.974202507120564e-12,  Error =2.60425200337977e-06
Completed 39 % :  mod = 6.2682554000020574e-12,  Error =2.6206121717109454e-06
Completed 40 % :  mod = 6.557338740370931e-12,  Error =2.6369693131300664e-06
Completed 40 % :  mod = 6.837597377053197e-12,  Error =2.653326305335213e-06
Completed 40 % :  mod = 7.104770637492027e-12,  Error =2.669681400391255e-06
Completed 40 % :  mod = 7.354399363607238e-12,  Error =2.686034271448534e-06
Completed 41 % :  mod = 7.581859029609662e-12,  Error =2.7023854798358116e-06
Completed 41 % :  mod = 7.78262200217246e-12,  Error =2.718734542384027e-06
Completed 41 % :  mod = 7.952362406234256e-12,  Error =2.735081473304035e-06
Completed 41 % :  mod = 8.087236465007235e-12,  Error =2.7514270186657086e-06
Completed 42 % :  mod = 8.184018468759632e-12,  Error =2.7677721163854585e-06
Completed 42 % :  mod = 8.240331235330072e-12,  Error =2.784117484111448e-06
Completed 42 % :  mod = 8.254749443850142e-12,  Error =2.800459661500554e-06
Completed 42 % :  mod = 8.226907157649753e-12,  Error =2.8168044323706454e-06
Completed 43 % :  mod = 8.157514963311432e-12,  Error =2.833149125081036e-06
Completed 43 % :  mod = 8.048305934943775e-12,  Error =2.84949563678083e-06
Completed 43 % :  mod = 7.901957348145901e-12,  Error =2.86584310060789e-06
Completed 43 % :  mod = 7.721894833095905e-12,  Error =2.8821906354892235e-06
Completed 44 % :  mod = 7.512149292891447e-12,  Error =2.898541225704321e-06
Completed 44 % :  mod = 7.277138656050581e-12,  Error =2.914892313299333e-06
Completed 44 % :  mod = 7.021425951827303e-12,  Error =2.931246228854434e-06
Completed 44 % :  mod = 6.749616134306822e-12,  Error =2.9476002580963723e-06
Completed 45 % :  mod = 6.466101053902368e-12,  Error =2.963956518442501e-06
Completed 45 % :  mod = 6.175039175485498e-12,  Error =2.98031500989282e-06
Completed 45 % :  mod = 5.880158469979969e-12,  Error =2.9966770682676724e-06
Completed 45 % :  mod = 5.584812700269142e-12,  Error =3.0130402848271842e-06
Completed 46 % :  mod = 5.291843191536255e-12,  Error =3.0294058319668693e-06
Completed 46 % :  mod = 5.003691104897488e-12,  Error =3.0457728286137353e-06
Completed 46 % :  mod = 4.7223027916688265e-12,  Error =3.0621399815800032e-06
Completed 46 % :  mod = 4.4492712305991565e-12,  Error =3.0785085769480247e-06
Completed 47 % :  mod = 4.185766943354833e-12,  Error =3.094879772902459e-06
Completed 47 % :  mod = 3.932686123531843e-12,  Error =3.111250109100183e-06
Completed 47 % :  mod = 3.690593468347481e-12,  Error =3.1276236853727823e-06
Completed 47 % :  mod = 3.459851705265362e-12,  Error =3.143998227983502e-06
Completed 48 % :  mod = 3.240622767851746e-12,  Error =3.1603710368699467e-06
Completed 48 % :  mod = 3.03287510010987e-12,  Error =3.1767463894993853e-06
Completed 48 % :  mod = 2.8364886602828637e-12,  Error =3.1931217776559606e-06
Completed 48 % :  mod = 2.6512030536735156e-12,  Error =3.209498935063948e-06
Completed 49 % :  mod = 2.4767174363891737e-12,  Error =3.2258741455848394e-06
Completed 49 % :  mod = 2.3126393926354896e-12,  Error =3.242251445101374e-06
Completed 49 % :  mod = 2.158569191997115e-12,  Error =3.2586288796210283e-06
Completed 49 % :  mod = 2.014050336715578e-12,  Error =3.2750073799547863e-06
Completed 50 % :  mod = 1.8786402762268723e-12,  Error =3.2913843526216624e-06
Completed 50 % :  mod = 1.7518635725339559e-12,  Error =3.3077617445087526e-06
Completed 50 % :  mod = 1.6332712474006284e-12,  Error =3.324139079552424e-06
Completed 50 % :  mod = 1.5223972696900046e-12,  Error =3.3405163577526764e-06
Completed 51 % :  mod = 1.4188084949758476e-12,  Error =3.3568942257033996e-06
Completed 51 % :  mod = 1.322064877587659e-12,  Error =3.3732744171288687e-06
Completed 51 % :  mod = 1.231761657071728e-12,  Error =3.3896539832767303e-06
Completed 51 % :  mod = 1.147493434441317e-12,  Error =3.4060344162867295e-06
Completed 52 % :  mod = 1.0688863019296793e-12,  Error =3.422413819009762e-06
Completed 52 % :  mod = 9.95584009361804e-13,  Error =3.4387941738600603e-06
Completed 52 % :  mod = 9.272386983035326e-13,  Error =3.4551747063460425e-06
Completed 52 % :  mod = 8.635348641838865e-13,  Error =3.4715526311401845e-06
Completed 53 % :  mod = 8.041625767326554e-13,  Error =3.4879323820291575e-06
Completed 53 % :  mod = 7.488415875864238e-13,  Error =3.5043112234234286e-06
Completed 53 % :  mod = 6.972977631392993e-13,  Error =3.520691159053513e-06
Completed 53 % :  mod = 6.492837749713233e-13,  Error =3.537069183323638e-06
Completed 54 % :  mod = 6.045584391504304e-13,  Error =3.553450802940006e-06
Completed 54 % :  mod = 5.629045120831334e-13,  Error =3.5698310512088938e-06
Completed 54 % :  mod = 5.241106305625431e-13,  Error =3.586210553407909e-06
Completed 54 % :  mod = 4.87986643892049e-13,  Error =3.602591554852097e-06
Completed 55 % :  mod = 4.543478619840731e-13,  Error =3.6189709220479926e-06
Completed 55 % :  mod = 4.230282821920974e-13,  Error =3.6353502537167515e-06
Completed 55 % :  mod = 3.9386687356086894e-13,  Error =3.6517292869575613e-06
Completed 55 % :  mod = 3.6671773713916526e-13,  Error =3.6681101605040567e-06
Completed 56 % :  mod = 3.4144448716502535e-13,  Error =3.6844884974129855e-06
Completed 56 % :  mod = 3.1791641111586417e-13,  Error =3.700868617784181e-06
Completed 56 % :  mod = 2.960161919003856e-13,  Error =3.717247594181572e-06
Completed 56 % :  mod = 2.756302527113242e-13,  Error =3.7336280129807164e-06
Completed 57 % :  mod = 2.566566943065481e-13,  Error =3.7500076217611422e-06
Completed 57 % :  mod = 2.3899691646132385e-13,  Error =3.766388559256484e-06
Completed 57 % :  mod = 2.2256248421466967e-13,  Error =3.7827681111934908e-06
Completed 57 % :  mod = 2.0726786139734983e-13,  Error =3.7991485157817806e-06
Completed 58 % :  mod = 1.9303635132298943e-13,  Error =3.815527840345112e-06
Completed 58 % :  mod = 1.7979379809262183e-13,  Error =3.8319078612403246e-06
Completed 58 % :  mod = 1.6747372664595292e-13,  Error =3.848287576602161e-06
Completed 58 % :  mod = 1.5601188558337056e-13,  Error =3.864666602737543e-06
Completed 59 % :  mod = 1.4535069398159096e-13,  Error =3.881046652054465e-06
Completed 59 % :  mod = 1.3543451573475576e-13,  Error =3.8974263745217286e-06
Completed 59 % :  mod = 1.2621350582847507e-13,  Error =3.913805471711385e-06
Completed 59 % :  mod = 1.1763952045757848e-13,  Error =3.930187389755702e-06
Completed 60 % :  mod = 1.096690723683222e-13,  Error =3.946569322010873e-06
Completed 60 % :  mod = 1.0226164415145518e-13,  Error =3.96294763760352e-06
Completed 60 % :  mod = 9.537854105453394e-14,  Error =3.979327829028989e-06
Completed 60 % :  mod = 8.898513312006172e-14,  Error =3.995708510728946e-06
Completed 61 % :  mod = 8.304801469901543e-14,  Error =4.012088247407064e-06
Completed 61 % :  mod = 7.753730887568488e-14,  Error =4.028468360672832e-06
Completed 61 % :  mod = 7.242421697690283e-14,  Error =4.04484788418813e-06
Completed 61 % :  mod = 6.768300460265879e-14,  Error =4.061226732687828e-06
Completed 62 % :  mod = 6.328889108298613e-14,  Error =4.077607570707187e-06
Completed 62 % :  mod = 5.921975802654837e-14,  Error =4.0939869165868e-06
Completed 62 % :  mod = 5.545433538371112e-14,  Error =4.110368166720946e-06
Completed 62 % :  mod = 5.197366764563283e-14,  Error =4.126747889188209e-06
Completed 63 % :  mod = 4.875955934917538e-14,  Error =4.143127362965515e-06
Completed 63 % :  mod = 4.579582923853291e-14,  Error =4.159508279144575e-06
Completed 63 % :  mod = 4.306698333037238e-14,  Error =4.175888520308035e-06
Completed 63 % :  mod = 4.055916701345275e-14,  Error =4.192267972769059e-06
Completed 64 % :  mod = 3.825961691532417e-14,  Error =4.208647787606878e-06
Completed 64 % :  mod = 3.615631055111685e-14,  Error =4.225028803261921e-06
Completed 64 % :  mod = 3.423865782197627e-14,  Error =4.241407985716705e-06
Completed 64 % :  mod = 3.2496632619090933e-14,  Error =4.257786585526446e-06
Completed 65 % :  mod = 3.0921463709134966e-14,  Error =4.274165334550162e-06
Completed 65 % :  mod = 2.95049154426161e-14,  Error =4.2905457959818705e-06
Completed 65 % :  mod = 2.8239855224694693e-14,  Error =4.306925575292553e-06
Completed 65 % :  mod = 2.7119668658992765e-14,  Error =4.323306399101057e-06
Completed 66 % :  mod = 2.613871533693283e-14,  Error =4.339685766296952e-06
Completed 66 % :  mod = 2.5291866304550636e-14,  Error =4.356064977173446e-06
Completed 66 % :  mod = 2.4574857433225666e-14,  Error =4.372445481237719e-06
Completed 66 % :  mod = 2.3983939755908854e-14,  Error =4.388826710055582e-06
Completed 67 % :  mod = 2.3516137795627885e-14,  Error =4.40520496880481e-06
Completed 67 % :  mod = 2.316900560360987e-14,  Error =4.421585870773015e-06
Completed 67 % :  mod = 2.2940795288180472e-14,  Error =4.437964221892798e-06
Completed 67 % :  mod = 2.2830313658159883e-14,  Error =4.454344448845404e-06
Completed 68 % :  mod = 2.283700755533182e-14,  Error =4.470724462635189e-06
Completed 68 % :  mod = 2.2960902551209438e-14,  Error =4.487104092731897e-06
Completed 68 % :  mod = 2.3202646490649958e-14,  Error =4.503485378393179e-06
Completed 68 % :  mod = 2.3563456710648854e-14,  Error =4.519864880592195e-06
Completed 69 % :  mod = 2.404521981434835e-14,  Error =4.536244553321467e-06
Completed 69 % :  mod = 2.4650361689323527e-14,  Error =4.5526235652459945e-06
Completed 69 % :  mod = 2.5382046426373373e-14,  Error =4.5690042895785155e-06
Completed 69 % :  mod = 2.6243958361099985e-14,  Error =4.585383756250394e-06
Completed 70 % :  mod = 2.724060417712208e-14,  Error =4.601763826883598e-06
Completed 70 % :  mod = 2.8377002366601508e-14,  Error =4.6181436061942804e-06
Completed 70 % :  mod = 2.965909472493916e-14,  Error =4.634523826041459e-06
Completed 70 % :  mod = 3.109333696471754e-14,  Error =4.6509031932373546e-06
Completed 71 % :  mod = 3.2687228110827515e-14,  Error =4.667284230208679e-06
Completed 71 % :  mod = 3.4448793785555064e-14,  Error =4.68366457795355e-06
Completed 71 % :  mod = 3.638724429300392e-14,  Error =4.700044449634788e-06
Completed 71 % :  mod = 3.851244700680152e-14,  Error =4.716425564765814e-06
Completed 72 % :  mod = 4.083519146778517e-14,  Error =4.732804192997264e-06
Completed 72 % :  mod = 4.336762158623398e-14,  Error =4.749184007835083e-06
Completed 72 % :  mod = 4.612248788677684e-14,  Error =4.765563673458928e-06
Completed 72 % :  mod = 4.9114193019967244e-14,  Error =4.78194447595115e-06
Completed 73 % :  mod = 5.2357799202416876e-14,  Error =4.798323942623028e-06
Completed 73 % :  mod = 5.587026339116553e-14,  Error =4.814703231659223e-06
Completed 73 % :  mod = 5.966926862187028e-14,  Error =4.831083970202599e-06
Completed 73 % :  mod = 6.377467411116829e-14,  Error =4.847464026624948e-06
Completed 74 % :  mod = 6.820714635889326e-14,  Error =4.863844750957469e-06
Completed 74 % :  mod = 7.298985393687403e-14,  Error =4.880225056069776e-06
Completed 74 % :  mod = 7.814687028842309e-14,  Error =4.896604878013022e-06
Completed 74 % :  mod = 8.370514803500931e-14,  Error =4.9129864621022534e-06
Completed 75 % :  mod = 8.969266051100839e-14,  Error =4.9293664545757565e-06
Completed 75 % :  mod = 9.614069596283196e-14,  Error =4.945748266038663e-06
Completed 75 % :  mod = 1.03081699540175e-13,  Error =4.962127988505927e-06
Completed 75 % :  mod = 1.1055193445681472e-13,  Error =4.97850870573302e-06
Completed 76 % :  mod = 1.185893814960362e-13,  Error =4.994888634257677e-06
Completed 76 % :  mod = 1.2723481391881024e-13,  Error =5.011267347754256e-06
Completed 76 % :  mod = 1.3653337945477993e-13,  Error =5.027647212330066e-06
Completed 76 % :  mod = 1.465318296384133e-13,  Error =5.044026913481048e-06
Completed 77 % :  mod = 1.5728235549983913e-13,  Error =5.060408128088056e-06
Completed 77 % :  mod = 1.6883898108596574e-13,  Error =5.076786045776771e-06
Completed 77 % :  mod = 1.8126199665721887e-13,  Error =5.0931668411635656e-06
Completed 77 % :  mod = 1.9461378835649815e-13,  Error =5.109546719950231e-06
Completed 78 % :  mod = 2.0896395886145323e-13,  Error =5.125926932691982e-06
Completed 78 % :  mod = 2.243845065539019e-13,  Error =5.142306342520442e-06
Completed 78 % :  mod = 2.4095573720353025e-13,  Error =5.158687635287151e-06
Completed 78 % :  mod = 2.587606920545227e-13,  Error =5.175067300910996e-06
Completed 79 % :  mod = 2.7789196923153975e-13,  Error =5.1914477197101405e-06
Completed 79 % :  mod = 2.9844528382499276e-13,  Error =5.207827832975909e-06
Completed 79 % :  mod = 3.205273351595794e-13,  Error =5.224208088350224e-06
Completed 79 % :  mod = 3.4424954736442285e-13,  Error =5.240588116350864e-06
Completed 80 % :  mod = 3.697312164976724e-13,  Error =5.256967860134409e-06
Completed 80 % :  mod = 3.971041135880817e-13,  Error =5.2733472557520145e-06
Completed 80 % :  mod = 4.265042560112268e-13,  Error =5.2897272695418e-06
Completed 80 % :  mod = 4.580831160700636e-13,  Error =5.306107581759534e-06
Completed 81 % :  mod = 4.91996914564029e-13,  Error =5.3224878655555585e-06
Completed 81 % :  mod = 5.284195159969678e-13,  Error =5.338867786974788e-06
Completed 81 % :  mod = 5.675300346802581e-13,  Error =5.355245320970425e-06
Completed 81 % :  mod = 6.09527653331291e-13,  Error =5.371625661609869e-06
Completed 82 % :  mod = 6.546172632720616e-13,  Error =5.388005426709697e-06
Completed 82 % :  mod = 7.030264680520169e-13,  Error =5.40438539076149e-06
Completed 82 % :  mod = 7.549889265552296e-13,  Error =5.420766356678541e-06
Completed 82 % :  mod = 8.107638256503052e-13,  Error =5.4371465481040104e-06
Completed 83 % :  mod = 8.706165293693932e-13,  Error =5.45352448000358e-06
Completed 83 % :  mod = 9.348408218335806e-13,  Error =5.469903577193236e-06
Completed 83 % :  mod = 1.0037363833274718e-12,  Error =5.486282702804601e-06
Completed 83 % :  mod = 1.0776341115151414e-12,  Error =5.502664478740371e-06
Completed 84 % :  mod = 1.1568737919665744e-12,  Error =5.519043241974941e-06
Completed 84 % :  mod = 1.2418130353511856e-12,  Error =5.5354216854652805e-06
Completed 84 % :  mod = 1.3328405776372515e-12,  Error =5.551802559011776e-06
Completed 84 % :  mod = 1.43034640099203e-12,  Error =5.568181691728569e-06
Completed 85 % :  mod = 1.5347559569533908e-12,  Error =5.584560589966259e-06
Completed 85 % :  mod = 1.6464909622968613e-12,  Error =5.600937321048605e-06
Completed 85 % :  mod = 1.7660074814319503e-12,  Error =5.617315771644371e-06
Completed 85 % :  mod = 1.8937496028195476e-12,  Error =5.63369435013783e-06
Completed 86 % :  mod = 2.0301913366976698e-12,  Error =5.6500728007335965e-06
Completed 86 % :  mod = 2.175781654438469e-12,  Error =5.6664493328639765e-06
Completed 86 % :  mod = 2.3309899226255735e-12,  Error =5.682826241582006e-06
Completed 86 % :  mod = 2.496240476730804e-12,  Error =5.699201814479693e-06
Completed 87 % :  mod = 2.6719610214720998e-12,  Error =5.71558047823828e-06
Completed 87 % :  mod = 2.8585046379875457e-12,  Error =5.731956953525241e-06
Completed 87 % :  mod = 3.0562002932819695e-12,  Error =5.7483322990492525e-06
Completed 87 % :  mod = 3.265270439808418e-12,  Error =5.764707111666212e-06
Completed 88 % :  mod = 3.4858309014709335e-12,  Error =5.781081263478427e-06
Completed 88 % :  mod = 3.7178964960815535e-12,  Error =5.797456800848977e-06
Completed 88 % :  mod = 3.961272358351407e-12,  Error =5.8138287784004206e-06
Completed 88 % :  mod = 4.215606345315461e-12,  Error =5.830199704348615e-06
Completed 89 % :  mod = 4.480254737972982e-12,  Error =5.846569536060997e-06
Completed 89 % :  mod = 4.7543369309679255e-12,  Error =5.862938721179489e-06
Completed 89 % :  mod = 5.036589423921978e-12,  Error =5.87930549045268e-06
Completed 89 % :  mod = 5.325428306543564e-12,  Error =5.895670263100783e-06
Completed 90 % :  mod = 5.618802534201869e-12,  Error =5.912034126254184e-06
Completed 90 % :  mod = 5.914275210563841e-12,  Error =5.928397733612201e-06
Completed 90 % :  mod = 6.208895190368185e-12,  Error =5.944757369036324e-06
Completed 90 % :  mod = 6.499313731002346e-12,  Error =5.961115427055574e-06
Completed 91 % :  mod = 6.781700187314507e-12,  Error =5.977472703477815e-06
Completed 91 % :  mod = 7.0519118610585334e-12,  Error =5.993828615658003e-06
Completed 91 % :  mod = 7.305478903503882e-12,  Error =6.010181216709043e-06
Completed 91 % :  mod = 7.537835551809322e-12,  Error =6.026533405645296e-06
Completed 92 % :  mod = 7.744393740519808e-12,  Error =6.042884280077487e-06
Completed 92 % :  mod = 7.920772752006248e-12,  Error =6.059231729693693e-06
Completed 92 % :  mod = 8.063021743959498e-12,  Error =6.075578944830795e-06
Completed 92 % :  mod = 8.167767055331914e-12,  Error =6.091924959150674e-06
Completed 93 % :  mod = 8.232451317067718e-12,  Error =6.108269275273415e-06
Completed 93 % :  mod = 8.255443053572784e-12,  Error =6.124613150859659e-06
Completed 93 % :  mod = 8.23615933823723e-12,  Error =6.140958184630563e-06
Completed 93 % :  mod = 8.175093030944926e-12,  Error =6.157301598364029e-06
Completed 94 % :  mod = 8.073775248248811e-12,  Error =6.17364838717549e-06
Completed 94 % :  mod = 7.934705586252227e-12,  Error =6.189993442262676e-06
Completed 94 % :  mod = 7.761168160688606e-12,  Error =6.206340145809008e-06
Completed 94 % :  mod = 7.557101864451172e-12,  Error =6.222688867296711e-06
Completed 95 % :  mod = 7.326832516431031e-12,  Error =6.239040885702707e-06
Completed 95 % :  mod = 7.07494727896387e-12,  Error =6.255394737308961e-06
Completed 95 % :  mod = 6.8060176702222334e-12,  Error =6.271750081054961e-06
Completed 95 % :  mod = 6.5245181170573054e-12,  Error =6.288105851126602e-06
Completed 96 % :  mod = 6.2346611449270676e-12,  Error =6.304464939432819e-06
Completed 96 % :  mod = 5.940256831755309e-12,  Error =6.320826479111474e-06
Completed 96 % :  mod = 5.6447494429408595e-12,  Error =6.337188303007224e-06
Completed 96 % :  mod = 5.3510737722267444e-12,  Error =6.353552954863062e-06
Completed 97 % :  mod = 5.061762968740014e-12,  Error =6.369919169912919e-06
Completed 97 % :  mod = 4.778850324591725e-12,  Error =6.386286223403204e-06
Completed 97 % :  mod = 4.504008909431392e-12,  Error =6.4026541721773356e-06
Completed 97 % :  mod = 4.238480616402615e-12,  Error =6.419025972093095e-06
Completed 98 % :  mod = 3.983224418548862e-12,  Error =6.43539665645676e-06
Completed 98 % :  mod = 3.73885844164851e-12,  Error =6.451770090620812e-06
Completed 98 % :  mod = 3.505801558177673e-12,  Error =6.468143688209693e-06
Completed 98 % :  mod = 3.284220152663207e-12,  Error =6.484518813465456e-06
Completed 99 % :  mod = 3.0741552413580386e-12,  Error =6.50089315712421e-06
Completed 99 % :  mod = 2.8754703681075505e-12,  Error =6.517267898686896e-06
Completed 99 % :  mod = 2.68796167813546e-12,  Error =6.533644587136678e-06
Completed 99 % :  mod = 2.5113062604384272e-12,  Error =6.5500212755864595e-06
Completed 100 % :  mod = 2.345147833124597e-12,  Error =6.566397956930814e-06
Finished 12/21 frames
Finished all frames!
