/opt/local/miniconda_23_9/lib/python3.11/site-packages/conda/base/context.py:201: FutureWarning: Adding 'defaults' to channel list implicitly is deprecated and will be removed in 25.3. 

To remove this warning, please choose a default channel explicitly with conda's regular configuration system, e.g. by adding 'defaults' to the list of channels:

  conda config --add channels defaults

For more information see https://docs.conda.io/projects/conda/en/stable/user-guide/configuration/use-condarc.html

  deprecated.topic(
JOB 14499 ARRAY_ID 27  -> i=27 ; range=[1.9e-10, 5.0e-10] ; intervals=30 (frames=31)
Analytic t0 extension enabled (--extend-time-using-t0).
THIS SHOULD ONLY BE REACHED ONCE
Completed 0 % :  mod = 3.6799999990224087e-16,  Error =-1.4210854715202004e-14
Completed 0 % :  mod = 3.6943392266398037e-16,  Error =1.7011537067901372e-08
Completed 0 % :  mod = 3.737468637811302e-16,  Error =3.402288939469145e-08
Completed 0 % :  mod = 3.809724369786524e-16,  Error =5.103421329977209e-08
Completed 0 % :  mod = 3.911669484408434e-16,  Error =6.804548746686123e-08
Completed 1 % :  mod = 4.044098465907923e-16,  Error =8.505688953164281e-08
Completed 1 % :  mod = 4.20804336375383e-16,  Error =1.0206842659954418e-07
Completed 1 % :  mod = 4.4047817418586315e-16,  Error =1.1907998498372763e-07
Completed 1 % :  mod = 4.635846822914677e-16,  Error =1.3609158600047522e-07
Completed 2 % :  mod = 4.903039373945614e-16,  Error =1.5310291701098322e-07
Completed 2 % :  mod = 5.208441546072017e-16,  Error =1.7011436170832894e-07
Completed 2 % :  mod = 5.553959054857753e-16,  Error =1.8710382221343025e-07
Completed 2 % :  mod = 5.943179110683837e-16,  Error =2.0411526691077597e-07
Completed 3 % :  mod = 6.378714746086051e-16,  Error =2.2112675424068584e-07
Completed 3 % :  mod = 6.863960009262744e-16,  Error =2.3813831262486929e-07
Completed 3 % :  mod = 7.402696505276712e-16,  Error =2.551498923253348e-07
Completed 3 % :  mod = 7.999122689622618e-16,  Error =2.721613583389626e-07
Completed 4 % :  mod = 8.657886443633487e-16,  Error =2.891727035603253e-07
Completed 4 % :  mod = 9.384121601742584e-16,  Error =3.061840843088248e-07
Completed 4 % :  mod = 1.0183487746108706e-15,  Error =3.2319545795189697e-07
Completed 4 % :  mod = 1.1062214375992941e-15,  Error =3.402069168600974e-07
Completed 5 % :  mod = 1.2027149482906166e-15,  Error =3.572183828737252e-07
Completed 5 % :  mod = 1.3084381079967618e-15,  Error =3.742078646951086e-07
Completed 5 % :  mod = 1.4244885550950978e-15,  Error =3.912193093924543e-07
Completed 5 % :  mod = 1.5516401160146921e-15,  Error =4.082307754060821e-07
Completed 6 % :  mod = 1.6908837010170047e-15,  Error =4.2524209931116275e-07
Completed 6 % :  mod = 1.843304441405144e-15,  Error =4.4225352979765375e-07
Completed 6 % :  mod = 2.0100901455844744e-15,  Error =4.5926501002213627e-07
Completed 6 % :  mod = 2.192540609394e-15,  Error =4.762764689303367e-07
Completed 7 % :  mod = 2.39207765559746e-15,  Error =4.932879278385371e-07
Completed 7 % :  mod = 2.610256299063839e-15,  Error =5.102993370087461e-07
Completed 7 % :  mod = 2.848776820398985e-15,  Error =5.273105614378437e-07
Completed 7 % :  mod = 3.1091459924713777e-15,  Error =5.443000929972186e-07
Completed 8 % :  mod = 3.3940669954075217e-15,  Error =5.613117650682398e-07
Completed 8 % :  mod = 3.70543813985044e-15,  Error =5.783233305578506e-07
Completed 8 % :  mod = 4.04568598856139e-15,  Error =5.953345976195124e-07
Completed 8 % :  mod = 4.4174620953602935e-15,  Error =6.12346021000576e-07
Completed 9 % :  mod = 4.823663727344246e-15,  Error =6.293574870142038e-07
Completed 9 % :  mod = 5.2674564501235684e-15,  Error =6.463688748681307e-07
Completed 9 % :  mod = 5.75229875381582e-15,  Error =6.633804261468867e-07
Completed 9 % :  mod = 6.281969058218053e-15,  Error =6.80391920582224e-07
Completed 10 % :  mod = 6.860595084646197e-15,  Error =6.974032658035867e-07
Completed 10 % :  mod = 7.492686129213836e-15,  Error =7.14414781555206e-07
Completed 10 % :  mod = 8.182236081617642e-15,  Error =7.314043912742818e-07
Completed 10 % :  mod = 8.93640386290933e-15,  Error =7.484158146553455e-07
Completed 11 % :  mod = 9.760213561644586e-15,  Error =7.65427415672093e-07
Completed 11 % :  mod = 1.0660085153411717e-14,  Error =7.824389527399944e-07
Completed 11 % :  mod = 1.1643031400790898e-14,  Error =7.994506461272977e-07
Completed 11 % :  mod = 1.271671243910619e-14,  Error =8.164621334572075e-07
Completed 12 % :  mod = 1.3889495544257303e-14,  Error =8.334735781545533e-07
Completed 12 % :  mod = 1.5170520285600547e-14,  Error =8.504852928581386e-07
Completed 12 % :  mod = 1.6569769729242366e-14,  Error =8.674971070377069e-07
Completed 12 % :  mod = 1.8098148346045333e-14,  Error =8.845085872621894e-07
Completed 13 % :  mod = 1.9765313523944732e-14,  Error =9.014980832944275e-07
Completed 13 % :  mod = 2.1588573870123484e-14,  Error =9.185096558894656e-07
Completed 13 % :  mod = 2.358007520497583e-14,  Error =9.355212213790765e-07
Completed 13 % :  mod = 2.5755337402071002e-14,  Error =9.52532822395824e-07
Completed 14 % :  mod = 2.81313124134374e-14,  Error =9.69543975770648e-07
Completed 14 % :  mod = 3.072651632057218e-14,  Error =9.86555583892823e-07
Completed 14 % :  mod = 3.356117372357346e-14,  Error =1.003567092539015e-06
Completed 14 % :  mod = 3.6657375263832716e-14,  Error =1.0205786580286258e-06
Completed 15 % :  mod = 4.003924979040894e-14,  Error =1.0375902874670828e-06
Completed 15 % :  mod = 4.373315247630618e-14,  Error =1.0546019169055398e-06
Completed 15 % :  mod = 4.776787009585364e-14,  Error =1.0716131555454922e-06
Completed 15 % :  mod = 5.2168897079313246e-14,  Error =1.0886027794754227e-06
Completed 16 % :  mod = 5.698192513495921e-14,  Error =1.1056143875975977e-06
Completed 16 % :  mod = 6.223901657008624e-14,  Error =1.1226256901863962e-06
Completed 16 % :  mod = 6.798114020155343e-14,  Error =1.1396372059380155e-06
Completed 16 % :  mod = 7.425304469166268e-14,  Error =1.1566486506353613e-06
Completed 17 % :  mod = 8.110360738004584e-14,  Error =1.1736601592815532e-06
Completed 17 % :  mod = 8.858621507460527e-14,  Error =1.190671447659497e-06
Completed 17 % :  mod = 9.67591801507624e-14,  Error =1.2076831197305182e-06
Completed 17 % :  mod = 1.0568619499673138e-13,  Error =1.2246946496929922e-06
Completed 18 % :  mod = 1.154368283349147e-13,  Error =1.241706172550039e-06
Completed 18 % :  mod = 1.260870674081891e-13,  Error =1.2587176669853761e-06
Completed 18 % :  mod = 1.3770420854673878e-13,  Error =1.2757067437974001e-06
Completed 18 % :  mod = 1.5040886162278194e-13,  Error =1.2927182808653015e-06
Completed 19 % :  mod = 1.642856594269249e-13,  Error =1.3097299458308953e-06
Completed 19 % :  mod = 1.7944274458184043e-13,  Error =1.326741411844523e-06
Completed 19 % :  mod = 1.9599823710763908e-13,  Error =1.3437529844395613e-06
Completed 19 % :  mod = 2.1408115483959192e-13,  Error =1.3607645144020353e-06
Completed 20 % :  mod = 2.3383241893120224e-13,  Error =1.377775937783099e-06
Completed 20 % :  mod = 2.5540595201474066e-13,  Error =1.3947874748510003e-06
Completed 20 % :  mod = 2.7896987777464034e-13,  Error =1.4117989621809102e-06
Completed 20 % :  mod = 3.0470783110180864e-13,  Error =1.4288105205650936e-06
Completed 21 % :  mod = 3.327824439194041e-13,  Error =1.445799824750793e-06
Completed 21 % :  mod = 3.634851883540932e-13,  Error =1.462811411556686e-06
Completed 21 % :  mod = 3.970205922843555e-13,  Error =1.4798229912571514e-06
Completed 21 % :  mod = 4.336499986258388e-13,  Error =1.4968344501653519e-06
Completed 22 % :  mod = 4.736588619310689e-13,  Error =1.5138458948626976e-06
Completed 22 % :  mod = 5.173589729032134e-13,  Error =1.5308575811445735e-06
Completed 22 % :  mod = 5.650908881545516e-13,  Error =1.5478688055736711e-06
Completed 22 % :  mod = 6.172265840790886e-13,  Error =1.564880314219863e-06
Completed 23 % :  mod = 6.741723557144568e-13,  Error =1.5818919649746022e-06
Completed 23 % :  mod = 7.363719828250308e-13,  Error =1.598903729416179e-06
Completed 23 % :  mod = 8.043101881700506e-13,  Error =1.6159154654360464e-06
Completed 23 % :  mod = 8.784162543000496e-13,  Error =1.6329050396279854e-06
Completed 24 % :  mod = 9.594595507012769e-13,  Error =1.649916562485032e-06
Completed 24 % :  mod = 1.0479799467161359e-12,  Error =1.6669283411374636e-06
Completed 24 % :  mod = 1.1446672797563554e-12,  Error =1.683939821361946e-06
Completed 24 % :  mod = 1.2502750305296395e-12,  Error =1.7009512873755739e-06
Completed 25 % :  mod = 1.3656261942622935e-12,  Error =1.7179626752295007e-06
Completed 25 % :  mod = 1.4916196934857853e-12,  Error =1.7349738783423163e-06
Completed 25 % :  mod = 1.6292373823705623e-12,  Error =1.7519851880365422e-06
Completed 25 % :  mod = 1.7795516968679992e-12,  Error =1.7689963200950842e-06
Completed 26 % :  mod = 1.9437340103824016e-12,  Error =1.7860073171505064e-06
Completed 26 % :  mod = 2.1228217079683587e-12,  Error =1.8029962376431286e-06
Completed 26 % :  mod = 2.318674030217627e-12,  Error =1.8200072631202602e-06
Completed 26 % :  mod = 2.532595582287351e-12,  Error =1.8370182388594003e-06
Completed 27 % :  mod = 2.7662533672603943e-12,  Error =1.854028788272899e-06
Completed 27 % :  mod = 3.0214681636081573e-12,  Error =1.871039565060073e-06
Completed 27 % :  mod = 3.300228705400065e-12,  Error =1.8880501855278453e-06
Completed 27 % :  mod = 3.604707168646852e-12,  Error =1.9050608059956176e-06
Completed 28 % :  mod = 3.93727608368234e-12,  Error =1.9220706306555257e-06
Completed 28 % :  mod = 4.300526804094707e-12,  Error =1.93908027767975e-06
Completed 28 % :  mod = 4.697289674791687e-12,  Error =1.9560897470682903e-06
Completed 28 % :  mod = 5.130656054584023e-12,  Error =1.973098726182343e-06
Completed 29 % :  mod = 5.603363460544149e-12,  Error =1.9900852947785097e-06
Completed 29 % :  mod = 6.12031848894508e-12,  Error =2.007093350187006e-06
Completed 29 % :  mod = 6.684963451142159e-12,  Error =2.0241001621457144e-06
Completed 29 % :  mod = 7.301696820043608e-12,  Error =2.0411065619896362e-06
Completed 30 % :  mod = 7.975322438687931e-12,  Error =2.05811198839001e-06
Completed 30 % :  mod = 8.711086787272025e-12,  Error =2.0751159794940577e-06
Completed 30 % :  mod = 9.51471964813612e-12,  Error =2.0921189971545573e-06
Completed 30 % :  mod = 1.0392478469649369e-11,  Error =2.109120543991594e-06
Completed 31 % :  mod = 1.1351196754048913e-11,  Error =2.1261197247213204e-06
Completed 31 % :  mod = 1.2398336819378696e-11,  Error =2.143116660136002e-06
Completed 31 % :  mod = 1.3542047311267998e-11,  Error =2.160110803117732e-06
Completed 31 % :  mod = 1.478953981331477e-11,  Error =2.1770795441966584e-06
Completed 32 % :  mod = 1.615374584229261e-11,  Error =2.19406599200056e-06
Completed 32 % :  mod = 1.764372686441113e-11,  Error =2.2110478994363802e-06
Completed 32 % :  mod = 1.9271060222634156e-11,  Error =2.2280243783256992e-06
Completed 32 % :  mod = 2.1048383191108188e-11,  Error =2.24499391521249e-06
Completed 33 % :  mod = 2.298948822684193e-11,  Error =2.26195535901752e-06
Completed 33 % :  mod = 2.5109426211511423e-11,  Error =2.2789072460227544e-06
Completed 33 % :  mod = 2.742461816257626e-11,  Error =2.2958477217116524e-06
Completed 33 % :  mod = 2.995297585102947e-11,  Error =2.312774540769169e-06
Completed 34 % :  mod = 3.2714031685416115e-11,  Error =2.3296850528709e-06
Completed 34 % :  mod = 3.572500906337485e-11,  Error =2.3465543605993844e-06
Completed 34 % :  mod = 3.901687343924602e-11,  Error =2.363422304085816e-06
Completed 34 % :  mod = 4.261116417200517e-11,  Error =2.380263033785468e-06
Completed 35 % :  mod = 4.6535380571700423e-11,  Error =2.39707133431466e-06
Completed 35 % :  mod = 5.081942945498577e-11,  Error =2.4138403418305643e-06
Completed 35 % :  mod = 5.5495803888992514e-11,  Error =2.4305638675059527e-06
Completed 35 % :  mod = 6.059976307490883e-11,  Error =2.4472329158697903e-06
Completed 36 % :  mod = 6.61695076564571e-11,  Error =2.4638374398477936e-06
Completed 36 % :  mod = 7.224634184688489e-11,  Error =2.4803656160088394e-06
Completed 36 % :  mod = 7.887480959904682e-11,  Error =2.4968036456129994e-06
Completed 36 % :  mod = 8.610278604420969e-11,  Error =2.513135441972736e-06
Completed 37 % :  mod = 9.39708746896498e-11,  Error =2.529320788369205e-06
Completed 37 % :  mod = 1.0255385578493219e-10,  Error =2.545380958451915e-06
Completed 37 % :  mod = 1.1189945889716876e-10,  Error =2.5612696248344946e-06
Completed 37 % :  mod = 1.220676454214807e-10,  Error =2.5769582308043937e-06
Completed 38 % :  mod = 1.3311998283753573e-10,  Error =2.5924152069478623e-06
Completed 38 % :  mod = 1.4511823632548032e-10,  Error =2.607604820070719e-06
Completed 38 % :  mod = 1.5812220614860218e-10,  Error =2.6224872726743342e-06
Completed 38 % :  mod = 1.7218650721578612e-10,  Error =2.6370207777404175e-06
Completed 39 % :  mod = 1.8735589288609236e-10,  Error =2.651159775268752e-06
Completed 39 % :  mod = 2.0365862390488946e-10,  Error =2.6648582789334796e-06
Completed 39 % :  mod = 2.2107404418897378e-10,  Error =2.6780523540992363e-06
Completed 39 % :  mod = 2.39611894214156e-10,  Error =2.6907328063430214e-06
Completed 40 % :  mod = 2.591611107569368e-10,  Error =2.702842472501743e-06
Completed 40 % :  mod = 2.795587420832763e-10,  Error =2.714350628707507e-06
Completed 40 % :  mod = 3.005452440499578e-10,  Error =2.7252384029452514e-06
Completed 40 % :  mod = 3.217403561367299e-10,  Error =2.735501254846895e-06
Completed 41 % :  mod = 3.4262154695234576e-10,  Error =2.745155093464291e-06
Completed 41 % :  mod = 3.625109705641446e-10,  Error =2.7542360001575616e-06
Completed 41 % :  mod = 3.8057865844081e-10,  Error =2.7628050460748454e-06
Completed 41 % :  mod = 3.958700431654965e-10,  Error =2.7709475531878525e-06
Completed 42 % :  mod = 4.07363863972624e-10,  Error =2.778771793998658e-06
Completed 42 % :  mod = 4.140566222356756e-10,  Error =2.7863985110343492e-06
Completed 42 % :  mod = 4.1510721692397323e-10,  Error =2.793994163141633e-06
Completed 42 % :  mod = 4.099140489509241e-10,  Error =2.8017054063411706e-06
Completed 43 % :  mod = 3.982841534450727e-10,  Error =2.809690258231967e-06
Completed 43 % :  mod = 3.8051837744024696e-10,  Error =2.818096270118531e-06
Completed 43 % :  mod = 3.5744753769638765e-10,  Error =2.8270497125504335e-06
Completed 43 % :  mod = 3.3037952267640014e-10,  Error =2.8366447750727275e-06
Completed 44 % :  mod = 3.0094929458090495e-10,  Error =2.846938784273334e-06
Completed 44 % :  mod = 2.7089813041887403e-10,  Error =2.857950910595264e-06
Completed 44 % :  mod = 2.4183899266059233e-10,  Error =2.8696664386984594e-06
Completed 44 % :  mod = 2.1510314323876317e-10,  Error =2.882028226736111e-06
Completed 45 % :  mod = 1.9150600063456495e-10,  Error =2.8950110717573807e-06
Completed 45 % :  mod = 1.7154642176142183e-10,  Error =2.908534476375735e-06
Completed 45 % :  mod = 1.55317240059242e-10,  Error =2.9225323956438842e-06
Completed 45 % :  mod = 1.4262549532382657e-10,  Error =2.9369393459433013e-06
Completed 46 % :  mod = 1.3308061257678243e-10,  Error =2.951695933006704e-06
Completed 46 % :  mod = 1.2617155611843648e-10,  Error =2.966747615573695e-06
Completed 46 % :  mod = 1.2132563937217824e-10,  Error =2.9820463467444824e-06
Completed 46 % :  mod = 1.1794737645163092e-10,  Error =2.9975505384527423e-06
Completed 47 % :  mod = 1.154420617358002e-10,  Error =3.0132246990888234e-06
Completed 47 % :  mod = 1.132349012197311e-10,  Error =3.0290403145727396e-06
Completed 47 % :  mod = 1.1080161641703e-10,  Error =3.044953174935472e-06
Completed 47 % :  mod = 1.0769718490253095e-10,  Error =3.060987538106019e-06
Completed 48 % :  mod = 1.0362578078284001e-10,  Error =3.077110136473493e-06
Completed 48 % :  mod = 9.84779564137518e-11,  Error =3.0933118608800214e-06
Completed 48 % :  mod = 9.236219663238824e-11,  Error =3.1095855064222633e-06
Completed 48 % :  mod = 8.559969117256694e-11,  Error =3.1259242163628187e-06
Completed 49 % :  mod = 7.8678961713257e-11,  Error =3.142319059179499e-06
Completed 49 % :  mod = 7.217499871773461e-11,  Error =3.1587615083594756e-06
Completed 49 % :  mod = 6.664952149010932e-11,  Error =3.1752409697105577e-06
Completed 49 % :  mod = 6.2556894721152e-11,  Error =3.1917474814235902e-06
Completed 50 % :  mod = 6.017927559372529e-11,  Error =3.208271643018179e-06
Completed 50 % :  mod = 5.960427860525501e-11,  Error =3.224783824862243e-06
Completed 50 % :  mod = 6.074528465578803e-11,  Error =3.241317983793124e-06
Completed 50 % :  mod = 6.339723224934404e-11,  Error =3.2578434954189106e-06
Completed 51 % :  mod = 6.72950394402112e-11,  Error =3.2743506537258327e-06
Completed 51 % :  mod = 7.217165909887742e-11,  Error =3.2908291771605036e-06
Completed 51 % :  mod = 7.779006364658722e-11,  Error =3.3072692886548793e-06
Completed 51 % :  mod = 8.394251383844388e-11,  Error =3.323661232457198e-06
Completed 52 % :  mod = 9.04215197664095e-11,  Error =3.3399949757040304e-06
Completed 52 % :  mod = 9.698135510081424e-11,  Error =3.356261643716607e-06
Completed 52 % :  mod = 1.0331758769013064e-10,  Error =3.3724517294331235e-06
Completed 52 % :  mod = 1.0908134344826696e-10,  Error =3.3885361006014136e-06
Completed 53 % :  mod = 1.1397855546046976e-10,  Error =3.404546525587193e-06
Completed 53 % :  mod = 1.1782908760086756e-10,  Error =3.420450710223122e-06
Completed 53 % :  mod = 1.207046494392878e-10,  Error =3.436233420472945e-06
Completed 53 % :  mod = 1.2299114754468636e-10,  Error =3.451873944015915e-06
Completed 54 % :  mod = 1.2538988237459131e-10,  Error =3.467344193097688e-06
Completed 54 % :  mod = 1.288362708517893e-10,  Error =3.4826086334760475e-06
Completed 54 % :  mod = 1.3434981295754565e-10,  Error =3.497624618375994e-06
Completed 54 % :  mod = 1.4285394093821922e-10,  Error =3.5123450956575653e-06
Completed 55 % :  mod = 1.5501504968381644e-10,  Error =3.526718082014213e-06
Completed 55 % :  mod = 1.7114129964915413e-10,  Error =3.5406861442766058e-06
Completed 55 % :  mod = 1.911308254411989e-10,  Error =3.554168635844235e-06
Completed 55 % :  mod = 2.1462637835563992e-10,  Error =3.5671327225372806e-06
Completed 56 % :  mod = 2.4094531704382846e-10,  Error =3.579492762639802e-06
Completed 56 % :  mod = 2.6926306080533564e-10,  Error =3.591188985296867e-06
Completed 56 % :  mod = 2.98630882156735e-10,  Error =3.602178146877577e-06
Completed 56 % :  mod = 3.27950383829993e-10,  Error =3.6124421924910166e-06
Completed 57 % :  mod = 3.5590295987591767e-10,  Error =3.6219950700910886e-06
Completed 57 % :  mod = 3.8091213657439683e-10,  Error =3.630886929784083e-06
Completed 57 % :  mod = 4.012399937857697e-10,  Error =3.639206255456884e-06
Completed 57 % :  mod = 4.1526585115110007e-10,  Error =3.647078123947267e-06
Completed 58 % :  mod = 4.2187463284330334e-10,  Error =3.6546473225484988e-06
Completed 58 % :  mod = 4.2081584568320755e-10,  Error =3.6621048735696604e-06
Completed 58 % :  mod = 4.1275616492466805e-10,  Error =3.6696141521019854e-06
Completed 58 % :  mod = 3.9912347044177846e-10,  Error =3.677333786811232e-06
Completed 59 % :  mod = 3.8165690757483186e-10,  Error =3.685400947972539e-06
Completed 59 % :  mod = 3.61923808100073e-10,  Error =3.693925449965718e-06
Completed 59 % :  mod = 3.4100505725193784e-10,  Error =3.7029906749808106e-06
Completed 59 % :  mod = 3.1946959970466975e-10,  Error =3.712653821708045e-06
Completed 60 % :  mod = 2.9759454404456533e-10,  Error =3.72294815775831e-06
Completed 60 % :  mod = 2.756581964677172e-10,  Error =3.7338851726076427e-06
Completed 60 % :  mod = 2.541192384114049e-10,  Error =3.7454548831306056e-06
Completed 60 % :  mod = 2.336210902749548e-10,  Error =3.7576153602003615e-06
Completed 61 % :  mod = 2.1471500060429578e-10,  Error =3.77036063525793e-06
Completed 61 % :  mod = 1.978219450091932e-10,  Error =3.7836309516592337e-06
Completed 61 % :  mod = 1.8300395281277815e-10,  Error =3.797378987258071e-06
Completed 61 % :  mod = 1.6998710147815558e-10,  Error =3.811556680943795e-06
Completed 62 % :  mod = 1.582590872449264e-10,  Error =3.826116760308196e-06
Completed 62 % :  mod = 1.4723357517073796e-10,  Error =3.8410146245837495e-06
Completed 62 % :  mod = 1.3643440649580455e-10,  Error =3.856209588093407e-06
Completed 62 % :  mod = 1.2563930656455888e-10,  Error =3.871664048915591e-06
Completed 63 % :  mod = 1.1492578052232139e-10,  Error =3.887344895758815e-06
Completed 63 % :  mod = 1.0459964292295972e-10,  Error =3.9032226055724095e-06
Completed 63 % :  mod = 9.505461277525068e-11,  Error =3.919248989348034e-06
Completed 63 % :  mod = 8.65619555787856e-11,  Error =3.9354424288262635e-06
Completed 64 % :  mod = 7.923509036943496e-11,  Error =3.951761819109834e-06
Completed 64 % :  mod = 7.294876015715594e-11,  Error =3.968188529768213e-06
Completed 64 % :  mod = 6.74007653030375e-11,  Error =3.984706992810061e-06
Completed 64 % :  mod = 6.221924791160231e-11,  Error =4.001302805534124e-06
Completed 65 % :  mod = 5.7094295075270086e-11,  Error =4.0179645637294925e-06
Completed 65 % :  mod = 5.188869308261715e-11,  Error =4.0346821208459005e-06
Completed 65 % :  mod = 4.6684256789435394e-11,  Error =4.051446637731715e-06
Completed 65 % :  mod = 4.174301155121684e-11,  Error =4.068250355260261e-06
Completed 66 % :  mod = 3.7404020886182593e-11,  Error =4.0850644680290316e-06
Completed 66 % :  mod = 3.392817826466737e-11,  Error =4.101927380872894e-06
Completed 66 % :  mod = 3.142323100689759e-11,  Error =4.118813173192848e-06
Completed 66 % :  mod = 2.977098314787368e-11,  Error =4.135717937003847e-06
Completed 67 % :  mod = 2.865913475686686e-11,  Error =4.152639021981486e-06
Completed 67 % :  mod = 2.7673992829653518e-11,  Error =4.169573266210591e-06
Completed 67 % :  mod = 2.643121383919368e-11,  Error =4.186518232529579e-06
Completed 67 % :  mod = 2.4700776469423044e-11,  Error =4.203472570907252e-06
Completed 68 % :  mod = 2.24807391454608e-11,  Error =4.22043461156818e-06
Completed 68 % :  mod = 1.9990991209800465e-11,  Error =4.237403402385098e-06
Completed 68 % :  mod = 1.7589009394362626e-11,  Error =4.254378296764116e-06
Completed 68 % :  mod = 1.5641849526623695e-11,  Error =4.271335541261578e-06
Completed 69 % :  mod = 1.4387860412390656e-11,  Error =4.288318827150306e-06
Completed 69 % :  mod = 1.3868347853937458e-11,  Error =4.305305090213096e-06
Completed 69 % :  mod = 1.390456968503352e-11,  Error =4.322294593350762e-06
Completed 69 % :  mod = 1.4164337623017906e-11,  Error =4.339286192589498e-06
Completed 70 % :  mod = 1.4279326645800493e-11,  Error =4.356279269757124e-06
Completed 70 % :  mod = 1.3975260217139632e-11,  Error =4.373273924329624e-06
Completed 70 % :  mod = 1.3168889868841089e-11,  Error =4.390269936038749e-06
Completed 70 % :  mod = 1.1996766648258827e-11,  Error =4.407266793293729e-06
Completed 71 % :  mod = 1.076571327853188e-11,  Error =4.424264332669736e-06
Completed 71 % :  mod = 9.930769767147213e-12,  Error =4.441240307073713e-06
Completed 71 % :  mod = 9.80370295516069e-12,  Error =4.458238095139677e-06
Completed 71 % :  mod = 1.0005531929634723e-11,  Error =4.475235655831966e-06
Completed 72 % :  mod = 1.0991687083520456e-11,  Error =4.4922332023134e-06
Completed 72 % :  mod = 1.2380328932917503e-11,  Error =4.509230279836629e-06
Completed 72 % :  mod = 1.3727263330040868e-11,  Error =4.526226746293105e-06
Completed 72 % :  mod = 1.468982132234282e-11,  Error =4.543221940878084e-06
Completed 73 % :  mod = 1.5086370268216475e-11,  Error =4.5602158209590016e-06
Completed 73 % :  mod = 1.4960586959838134e-11,  Error =4.577208358114149e-06
Completed 73 % :  mod = 1.4566531306909833e-11,  Error =4.594198955487627e-06
Completed 73 % :  mod = 1.4281236752940265e-11,  Error =4.611187478076317e-06
Completed 74 % :  mod = 1.4476028345843328e-11,  Error =4.628151231145239e-06
Completed 74 % :  mod = 1.539374967920048e-11,  Error =4.64513311015935e-06
Completed 74 % :  mod = 1.7068964658517266e-11,  Error =4.662111329878371e-06
Completed 74 % :  mod = 1.9322295423356392e-11,  Error =4.679084526060251e-06
Completed 75 % :  mod = 2.1831147566576055e-11,  Error =4.696052037900245e-06
Completed 75 % :  mod = 2.4251719568568653e-11,  Error =4.713012167201214e-06
Completed 75 % :  mod = 2.634818370150521e-11,  Error =4.729963826832773e-06
Completed 75 % :  mod = 2.8081790439076033e-11,  Error =4.746905069907825e-06
Completed 76 % :  mod = 2.962841695888953e-11,  Error =4.763833800325301e-06
Completed 76 % :  mod = 3.1320475358637904e-11,  Error =4.780747531185625e-06
Completed 76 % :  mod = 3.353145279817193e-11,  Error =4.797621997454371e-06
Completed 76 % :  mod = 3.655901243964541e-11,  Error =4.814497060579015e-06
Completed 77 % :  mod = 4.050468812123483e-11,  Error =4.831347403921882e-06
Completed 77 % :  mod = 4.524308249312e-11,  Error =4.848168082105531e-06
Completed 77 % :  mod = 5.04608239714827e-11,  Error =4.864953965011409e-06
Completed 77 % :  mod = 5.5770066239038477e-11,  Error =4.881698686176605e-06
Completed 78 % :  mod = 6.085341742297142e-11,  Error =4.898395353336582e-06
Completed 78 % :  mod = 6.558537261066849e-11,  Error =4.9150345731163725e-06
Completed 78 % :  mod = 7.008652792638059e-11,  Error =4.931607762159729e-06
Completed 78 % :  mod = 7.469608056679705e-11,  Error =4.948101846480313e-06
Completed 79 % :  mod = 7.987645006308363e-11,  Error =4.964503041549051e-06
Completed 79 % :  mod = 8.607153522825057e-11,  Error =4.980773475438127e-06
Completed 79 % :  mod = 9.360943234814366e-11,  Error =4.996934649170726e-06
Completed 79 % :  mod = 1.0257169418148637e-10,  Error =5.01294334043223e-06
Completed 80 % :  mod = 1.1282476484596083e-10,  Error =5.028772328330433e-06
Completed 80 % :  mod = 1.2410463891450402e-10,  Error =5.044390533726073e-06
Completed 80 % :  mod = 1.3616158023271122e-10,  Error =5.059762521852917e-06
Completed 80 % :  mod = 1.4889221087189977e-10,  Error =5.074848751007721e-06
Completed 81 % :  mod = 1.624021739075966e-10,  Error =5.089606219144116e-06
Completed 81 % :  mod = 1.7697799036842364e-10,  Error =5.103989344945603e-06
Completed 81 % :  mod = 1.9297980254155155e-10,  Error =5.1179509412691004e-06
Completed 81 % :  mod = 2.1068360920601993e-10,  Error =5.1314431885884915e-06
Completed 82 % :  mod = 2.3009045278386613e-10,  Error =5.144403559143029e-06
Completed 82 % :  mod = 2.5092372136973585e-10,  Error =5.156824109064928e-06
Completed 82 % :  mod = 2.725008837772957e-10,  Error =5.168653551379521e-06
Completed 82 % :  mod = 2.9400475364768895e-10,  Error =5.179868495019946e-06
Completed 83 % :  mod = 3.1471214758141364e-10,  Error =5.190462317727906e-06
Completed 83 % :  mod = 3.341874988330664e-10,  Error =5.200447176889611e-06
Completed 83 % :  mod = 3.5229592563273667e-10,  Error =5.209855025611887e-06
Completed 83 % :  mod = 3.6901365637247585e-10,  Error =5.218738074574958e-06
Completed 84 % :  mod = 3.841287983832169e-10,  Error =5.227169516786034e-06
Completed 84 % :  mod = 3.9699252026799985e-10,  Error =5.235240465140123e-06
Completed 84 % :  mod = 4.0646504751557256e-10,  Error =5.243052832781814e-06
Completed 84 % :  mod = 4.1119098797534214e-10,  Error =5.2507570487136945e-06
Completed 85 % :  mod = 4.0995646308649174e-10,  Error =5.258487966841585e-06
Completed 85 % :  mod = 4.0217864912653774e-10,  Error =5.266398808601025e-06
Completed 85 % :  mod = 3.880999793689996e-10,  Error =5.274638617436267e-06
Completed 85 % :  mod = 3.686731931413725e-10,  Error =5.283339639561291e-06
Completed 86 % :  mod = 3.452236630520739e-10,  Error =5.292609799312231e-06
Completed 86 % :  mod = 3.191092994259432e-10,  Error =5.302525131867242e-06
Completed 86 % :  mod = 2.915431934518877e-10,  Error =5.313128191630767e-06
Completed 86 % :  mod = 2.635854152660135e-10,  Error =5.324430865982777e-06
Completed 87 % :  mod = 2.362047956978982e-10,  Error =5.33641581057509e-06
Completed 87 % :  mod = 2.1035395805200895e-10,  Error =5.349024569056837e-06
Completed 87 % :  mod = 1.868303283634824e-10,  Error =5.3622324855950865e-06
Completed 87 % :  mod = 1.6642097074049675e-10,  Error =5.375957478293003e-06
Completed 88 % :  mod = 1.4966435868210065e-10,  Error =5.390133452465307e-06
Completed 88 % :  mod = 1.367667476848585e-10,  Error =5.40469815035749e-06
Completed 88 % :  mod = 1.2752201000783945e-10,  Error =5.419596398326121e-06
Completed 88 % :  mod = 1.2132548440632036e-10,  Error =5.434777598622986e-06
Completed 89 % :  mod = 1.1729511895859168e-10,  Error =5.4501961983532965e-06
Completed 89 % :  mod = 1.1445756085786304e-10,  Error =5.465811710791968e-06
Completed 89 % :  mod = 1.119328846526629e-10,  Error =5.481589312239521e-06
Completed 89 % :  mod = 1.0907357816312586e-10,  Error =5.4974806573682145e-06
Completed 90 % :  mod = 1.0551570569563249e-10,  Error =5.513505442422684e-06
Completed 90 % :  mod = 1.0119558702480527e-10,  Error =5.529627607359089e-06
Completed 90 % :  mod = 9.62638214460545e-11,  Error =5.545834937947802e-06
Completed 90 % :  mod = 9.097093939630828e-11,  Error =5.56211752211766e-06
Completed 91 % :  mod = 8.555238867321127e-11,  Error =5.57846697546438e-06
Completed 91 % :  mod = 8.016788972067957e-11,  Error =5.594875233327912e-06
Completed 91 % :  mod = 7.491382932731233e-11,  Error =5.6113341813102124e-06
Completed 91 % :  mod = 6.988268061742014e-11,  Error =5.6278362734474285e-06
Completed 92 % :  mod = 6.522463650679094e-11,  Error =5.644373167967842e-06
Completed 92 % :  mod = 6.11801740230772e-11,  Error =5.660936182039222e-06
Completed 92 % :  mod = 5.8076726015848165e-11,  Error =5.677495025224744e-06
Completed 92 % :  mod = 5.6268517937099726e-11,  Error =5.694084080687389e-06
Completed 93 % :  mod = 5.6083507777477776e-11,  Error =5.710673953274181e-06
Completed 93 % :  mod = 5.7712232514817874e-11,  Error =5.7272569762290004e-06
Completed 93 % :  mod = 6.113506614189895e-11,  Error =5.743825568060856e-06
Completed 93 % :  mod = 6.609452947583761e-11,  Error =5.76037192701051e-06
Completed 94 % :  mod = 7.213299725066171e-11,  Error =5.7768868586549615e-06
Completed 94 % :  mod = 7.868234974018413e-11,  Error =5.793361317785184e-06
Completed 94 % :  mod = 8.517417728578087e-11,  Error =5.809785903920783e-06
Completed 94 % :  mod = 9.114208575696109e-11,  Error =5.826152772669957e-06
Completed 95 % :  mod = 9.629812960379694e-11,  Error =5.842455038873595e-06
Completed 95 % :  mod = 1.0056392023298131e-10,  Error =5.858664174240857e-06
Completed 95 % :  mod = 1.0407563076230162e-10,  Error =5.87481390823541e-06
Completed 95 % :  mod = 1.0708969075144246e-10,  Error =5.89087233038299e-06
Completed 96 % :  mod = 1.0993205270741228e-10,  Error =5.906824625867557e-06
Completed 96 % :  mod = 1.1294849396326571e-10,  Error =5.922651375556143e-06
Completed 96 % :  mod = 1.1650854389247968e-10,  Error =5.938327866772397e-06
Completed 96 % :  mod = 1.2103505850905797e-10,  Error =5.953823816184922e-06
Completed 97 % :  mod = 1.270236813991999e-10,  Error =5.9691020979357745e-06
Completed 97 % :  mod = 1.350349426034182e-10,  Error =5.98411889285444e-06
Completed 97 % :  mod = 1.456607263411064e-10,  Error =5.998824349262577e-06
Completed 97 % :  mod = 1.5944285973757586e-10,  Error =6.0131441799171625e-06
Completed 98 % :  mod = 1.7684749121053855e-10,  Error =6.027055505342105e-06
Completed 98 % :  mod = 1.9802002676105213e-10,  Error =6.040475170721038e-06
Completed 98 % :  mod = 2.2271378348098057e-10,  Error =6.053337926914537e-06
Completed 98 % :  mod = 2.5020258695201696e-10,  Error =6.065582589087626e-06
Completed 99 % :  mod = 2.793197375865793e-10,  Error =6.077157635786534e-06
Completed 99 % :  mod = 3.0859733723068315e-10,  Error =6.08802986334922e-06
Completed 99 % :  mod = 3.364557019511965e-10,  Error =6.098194909043286e-06
Completed 99 % :  mod = 3.613958818176422e-10,  Error =6.107684285439063e-06
Completed 100 % :  mod = 3.8216584585518526e-10,  Error =6.116563170621703e-06
Finished 28/31 frames
Finished all frames!
