/opt/local/miniconda_23_9/lib/python3.11/site-packages/conda/base/context.py:201: FutureWarning: Adding 'defaults' to channel list implicitly is deprecated and will be removed in 25.3. 

To remove this warning, please choose a default channel explicitly with conda's regular configuration system, e.g. by adding 'defaults' to the list of channels:

  conda config --add channels defaults

For more information see https://docs.conda.io/projects/conda/en/stable/user-guide/configuration/use-condarc.html

  deprecated.topic(
JOB 14475 ARRAY_ID 3  -> i=3 ; range=[1.9e-10, 5.0e-10] ; intervals=30 (frames=31)
Analytic t0 extension enabled (--extend-time-using-t0).
Extending simulation time for p0=2.200e-10 from 10000000000.0 to 1.076e+10
Completed 0 % :  mod = 1.7599999994650231e-16,  Error =-1.4210854715202004e-14
Completed 0 % :  mod = 1.7663384875266336e-16,  Error =3.0849491849949118e-09
Completed 0 % :  mod = 1.7853996022585082e-16,  Error =6.170154165374697e-09
Completed 0 % :  mod = 1.817320632377876e-16,  Error =9.25516019378847e-09
Completed 0 % :  mod = 1.862331489634069e-16,  Error =1.2340159116774885e-08
Completed 1 % :  mod = 1.9207564272762439e-16,  Error =1.5425030142068863e-08
Completed 1 % :  mod = 1.9930162098515278e-16,  Error =1.8510121435610927e-08
Completed 1 % :  mod = 2.079631343862297e-16,  Error =2.159553957881144e-08
Completed 1 % :  mod = 2.181225731319545e-16,  Error =2.468046744752428e-08
Completed 2 % :  mod = 2.298531052249167e-16,  Error =2.7765572951921058e-08
Completed 2 % :  mod = 2.432392337304346e-16,  Error =3.0851040833113075e-08
Completed 2 % :  mod = 2.58377371511985e-16,  Error =3.3936231602638145e-08
Completed 2 % :  mod = 2.75376552296337e-16,  Error =3.702144368844529e-08
Completed 3 % :  mod = 2.9435922890284324e-16,  Error =4.01070465727571e-08
Completed 3 % :  mod = 3.1546211826013435e-16,  Error =4.319187496548693e-08
Completed 3 % :  mod = 3.3883722602440403e-16,  Error =4.6277030207875214e-08
Completed 3 % :  mod = 3.6464282265931147e-16,  Error =4.9360707521373115e-08
Completed 4 % :  mod = 3.9308403034520606e-16,  Error =5.244579881491518e-08
Completed 4 % :  mod = 4.2435655500023536e-16,  Error =5.5531238274397765e-08
Completed 4 % :  mod = 4.58685646590594e-16,  Error =5.861614482682853e-08
Completed 4 % :  mod = 4.96318568478227e-16,  Error =6.170125033122531e-08
Completed 5 % :  mod = 5.375263907483976e-16,  Error =6.478652636587867e-08
Completed 5 % :  mod = 5.82605916765033e-16,  Error =6.787153239429244e-08
Completed 5 % :  mod = 6.318818538994467e-16,  Error =7.09562399947572e-08
Completed 5 % :  mod = 6.857091255001504e-16,  Error =7.404162971624828e-08
Completed 6 % :  mod = 7.444754358765363e-16,  Error =7.712666416637148e-08
Completed 6 % :  mod = 8.086040783185625e-16,  Error =8.021220310183708e-08
Completed 6 % :  mod = 8.785569494980016e-16,  Error =8.329710965426784e-08
Completed 6 % :  mod = 9.548379124746187e-16,  Error =8.63822364749467e-08
Completed 7 % :  mod = 1.0379964110618578e-15,  Error =8.946726381964254e-08
Completed 7 % :  mod = 1.1286314107220753e-15,  Error =9.25527743333987e-08
Completed 7 % :  mod = 1.2273573354240111e-15,  Error =9.56366363880079e-08
Completed 7 % :  mod = 1.3349589567472008e-15,  Error =9.87219053172339e-08
Completed 8 % :  mod = 1.4521760481628445e-15,  Error =1.0180724530073348e-07
Completed 8 % :  mod = 1.5798529160241025e-15,  Error =1.0489233659427555e-07
Completed 8 % :  mod = 1.7189091865970879e-15,  Error =1.0797777605375813e-07
Completed 8 % :  mod = 1.8703464548869317e-15,  Error =1.1106299524499263e-07
Completed 9 % :  mod = 2.0352555094400483e-15,  Error =1.1414821443622714e-07
Completed 9 % :  mod = 2.2148241465125864e-15,  Error =1.1723334125690599e-07
Completed 9 % :  mod = 2.4103457736276796e-15,  Error =1.2031816254420846e-07
Completed 9 % :  mod = 2.6232287069821338e-15,  Error =1.2340344568428918e-07
Completed 10 % :  mod = 2.8550062885891015e-15,  Error =1.264889988306095e-07
Completed 10 % :  mod = 3.107347984456963e-15,  Error =1.2957421091641663e-07
Completed 10 % :  mod = 3.382071366920885e-15,  Error =1.3265932352624077e-07
Completed 10 % :  mod = 3.681155209325507e-15,  Error =1.3574411639183381e-07
Completed 11 % :  mod = 4.006753779033842e-15,  Error =1.3882893057370893e-07
Completed 11 % :  mod = 4.3610744938474644e-15,  Error =1.4191225261583895e-07
Completed 11 % :  mod = 4.746933840989789e-15,  Error =1.4499710943027821e-07
Completed 11 % :  mod = 5.166984535228725e-15,  Error =1.4808261994403438e-07
Completed 12 % :  mod = 5.624252107527923e-15,  Error =1.5116778939727737e-07
Completed 12 % :  mod = 6.122030183619332e-15,  Error =1.5425282384740058e-07
Completed 12 % :  mod = 6.663904181073388e-15,  Error =1.573378725083785e-07
Completed 12 % :  mod = 7.25377710435773e-15,  Error =1.6042311301589507e-07
Completed 13 % :  mod = 7.895897718143574e-15,  Error =1.6350806220088998e-07
Completed 13 % :  mod = 8.594891107390047e-15,  Error =1.665932103378509e-07
Completed 13 % :  mod = 9.3557919817036e-15,  Error =1.6967844373994012e-07
Completed 13 % :  mod = 1.0184080996838704e-14,  Error =1.7276342134664446e-07
Completed 14 % :  mod = 1.1085724165407944e-14,  Error =1.7584879685728083e-07
Completed 14 % :  mod = 1.2067215853161572e-14,  Error =1.78934506323003e-07
Completed 14 % :  mod = 1.3135625597099983e-14,  Error =1.8201982499022051e-07
Completed 14 % :  mod = 1.429864894507984e-14,  Error =1.8510492338918993e-07
Completed 15 % :  mod = 1.5564170791149516e-14,  Error =1.88188842287218e-07
Completed 15 % :  mod = 1.6942250765459744e-14,  Error =1.9127391936990534e-07
Completed 15 % :  mod = 1.8442362789405597e-14,  Error =1.9435938725109736e-07
Completed 15 % :  mod = 2.007531191692468e-14,  Error =1.9744472012916958e-07
Completed 16 % :  mod = 2.1852859997684932e-14,  Error =2.0053007432352388e-07
Completed 16 % :  mod = 2.3787810374692492e-14,  Error =2.0361561325898947e-07
Completed 16 % :  mod = 2.5894100167972945e-14,  Error =2.0670034928116365e-07
Completed 16 % :  mod = 2.8186900603101032e-14,  Error =2.0978560399953494e-07
Completed 17 % :  mod = 3.0682726294735956e-14,  Error =2.1287113582957318e-07
Completed 17 % :  mod = 3.339955424451412e-14,  Error =2.1595621291226053e-07
Completed 17 % :  mod = 3.635695325955641e-14,  Error =2.190414889469139e-07
Completed 17 % :  mod = 3.957622493496046e-14,  Error =2.2212674366528518e-07
Completed 18 % :  mod = 4.3080557113226757e-14,  Error =2.2521190601310082e-07
Completed 18 % :  mod = 4.689519082130038e-14,  Error =2.2829688361980516e-07
Completed 18 % :  mod = 5.1047602154766416e-14,  Error =2.3138169069625292e-07
Completed 18 % :  mod = 5.5565942977203095e-14,  Error =2.3446536800975082e-07
Completed 19 % :  mod = 6.0486129401376e-14,  Error =2.3755011824277972e-07
Completed 19 % :  mod = 6.584198633404246e-14,  Error =2.4063498216264634e-07
Completed 19 % :  mod = 7.167209093223795e-14,  Error =2.4372026530272706e-07
Completed 19 % :  mod = 7.801843620583232e-14,  Error =2.468056266025087e-07
Completed 20 % :  mod = 8.492673354332922e-14,  Error =2.4989068947434134e-07
Completed 20 % :  mod = 9.244674187324312e-14,  Error =2.529756457647636e-07
Completed 20 % :  mod = 1.0063262607354881e-13,  Error =2.5606099285369055e-07
Completed 20 % :  mod = 1.095433471250658e-13,  Error =2.591457715084289e-07
Completed 21 % :  mod = 1.1924308668755028e-13,  Error =2.6223165150440764e-07
Completed 21 % :  mod = 1.2980170939367214e-13,  Error =2.653171478073091e-07
Completed 21 % :  mod = 1.4129526602887518e-13,  Error =2.684025446342275e-07
Completed 21 % :  mod = 1.5380654116428546e-13,  Error =2.7148762882234223e-07
Completed 22 % :  mod = 1.6742564942256628e-13,  Error =2.7457297591126917e-07
Completed 22 % :  mod = 1.8225068440405557e-13,  Error =2.7765848642502533e-07
Completed 22 % :  mod = 1.983821515503641e-13,  Error =2.80742298741643e-07
Completed 22 % :  mod = 2.159482755630595e-13,  Error =2.8382717687236436e-07
Completed 23 % :  mod = 2.350698136854783e-13,  Error =2.869125097504366e-07
Completed 23 % :  mod = 2.5588448815193675e-13,  Error =2.899977573633805e-07
Completed 23 % :  mod = 2.785422146301785e-13,  Error =2.930832323499999e-07
Completed 23 % :  mod = 3.032061813586683e-13,  Error =2.961683165381146e-07
Completed 24 % :  mod = 3.300540238871465e-13,  Error =2.992533367773831e-07
Completed 24 % :  mod = 3.592791036188893e-13,  Error =3.0233824332981385e-07
Completed 24 % :  mod = 3.9109189922776065e-13,  Error =3.0542314277681726e-07
Completed 24 % :  mod = 4.2572152121298944e-13,  Error =3.085079853804018e-07
Completed 25 % :  mod = 4.634173600517834e-13,  Error =3.115931548336448e-07
Completed 25 % :  mod = 5.044508798035893e-13,  Error =3.1467843086829816e-07
Completed 25 % :  mod = 5.491175701257989e-13,  Error =3.177634937401308e-07
Completed 25 % :  mod = 5.977390701249053e-13,  Error =3.208489474104681e-07
Completed 26 % :  mod = 6.506654793950137e-13,  Error =3.2393407423114695e-07
Completed 26 % :  mod = 7.082778724833275e-13,  Error =3.2701886709674e-07
Completed 26 % :  mod = 7.709666547689175e-13,  Error =3.3010285704904163e-07
Completed 26 % :  mod = 8.392298969887703e-13,  Error =3.331878986045922e-07
Completed 27 % :  mod = 9.135365794091281e-13,  Error =3.362729330547154e-07
Completed 27 % :  mod = 9.944215182590016e-13,  Error =3.393580172428301e-07
Completed 27 % :  mod = 1.082466795396895e-12,  Error =3.4244292379526087e-07
Completed 27 % :  mod = 1.1783059171635814e-12,  Error =3.455280079833756e-07
Completed 28 % :  mod = 1.2826283338161415e-12,  Error =3.4861371744909775e-07
Completed 28 % :  mod = 1.3961843495165185e-12,  Error =3.5169902190546054e-07
Completed 28 % :  mod = 1.5197904541492011e-12,  Error =3.547837934547715e-07
Completed 28 % :  mod = 1.6543351109776177e-12,  Error =3.578686929017749e-07
Completed 29 % :  mod = 1.800785035789485e-12,  Error =3.609537984061717e-07
Completed 29 % :  mod = 1.9601920045822897e-12,  Error =3.6403865522061096e-07
Completed 29 % :  mod = 2.1337002291234592e-12,  Error =3.6712310702569084e-07
Completed 29 % :  mod = 2.3225543403893836e-12,  Error =3.7020795673470275e-07
Completed 30 % :  mod = 2.528108020357855e-12,  Error =3.7329265722974014e-07
Completed 30 % :  mod = 2.751746357240362e-12,  Error =3.7637648375721255e-07
Completed 30 % :  mod = 2.9952360744259946e-12,  Error =3.794611771468226e-07
Completed 30 % :  mod = 3.2602369268333397e-12,  Error =3.825459131689968e-07
Completed 31 % :  mod = 3.5486394158402888e-12,  Error =3.856304928717691e-07
Completed 31 % :  mod = 3.862497317966845e-12,  Error =3.8871481677915654e-07
Completed 31 % :  mod = 4.2040409508985545e-12,  Error =3.9179872857175724e-07
Completed 31 % :  mod = 4.575691270951255e-12,  Error =3.948823490418363e-07
Completed 32 % :  mod = 4.980074776697724e-12,  Error =3.9796579898165874e-07
Completed 32 % :  mod = 5.4200391640331166e-12,  Error =4.0104866627643787e-07
Completed 32 % :  mod = 5.898669636774364e-12,  Error =4.041315690983538e-07
Completed 32 % :  mod = 6.4193057225071826e-12,  Error =4.07213683217833e-07
Completed 33 % :  mod = 6.985558372293186e-12,  Error =4.102953496953887e-07
Completed 33 % :  mod = 7.601327028333988e-12,  Error =4.1337611378367e-07
Completed 33 % :  mod = 8.270816221599483e-12,  Error =4.1645598258810423e-07
Completed 33 % :  mod = 8.998551103744338e-12,  Error =4.195352900637772e-07
Completed 34 % :  mod = 9.78908396306508e-12,  Error =4.2261211063987503e-07
Completed 34 % :  mod = 1.0648207097567209e-11,  Error =4.2568891700511813e-07
Completed 34 % :  mod = 1.1581193626141846e-11,  Error =4.28764188598052e-07
Completed 34 % :  mod = 1.2593951135140443e-11,  Error =4.318381243706426e-07
Completed 35 % :  mod = 1.3692730889673377e-11,  Error =4.3490907586374306e-07
Completed 35 % :  mod = 1.488410834202075e-11,  Error =4.379772917673108e-07
Completed 35 % :  mod = 1.617494851781785e-11,  Error =4.4104301366587606e-07
Completed 35 % :  mod = 1.757235160546058e-11,  Error =4.4410517574533515e-07
Completed 36 % :  mod = 1.9083572965543392e-11,  Error =4.4716264113731086e-07
Completed 36 % :  mod = 2.071591050067814e-11,  Error =4.502154382635126e-07
Completed 36 % :  mod = 2.2476550906776786e-11,  Error =4.5326301290060655e-07
Completed 36 % :  mod = 2.437236482472175e-11,  Error =4.563033471072231e-07
Completed 37 % :  mod = 2.6409639450032492e-11,  Error =4.593362419313962e-07
Completed 37 % :  mod = 2.8593735944702808e-11,  Error =4.623597931185941e-07
Completed 37 % :  mod = 3.0928658362535224e-11,  Error =4.653731338066791e-07
Completed 37 % :  mod = 3.341556544743023e-11,  Error =4.68372881812229e-07
Completed 38 % :  mod = 3.605589311863559e-11,  Error =4.713601029493475e-07
Completed 38 % :  mod = 3.8845029046642304e-11,  Error =4.7433184136025375e-07
Completed 38 % :  mod = 4.177508805778471e-11,  Error =4.772857877810566e-07
Completed 38 % :  mod = 4.483304045631655e-11,  Error =4.802200024300873e-07
Completed 39 % :  mod = 4.7999680265175814e-11,  Error =4.831321120946086e-07
Completed 39 % :  mod = 5.124860071637995e-11,  Error =4.860198217215839e-07
Completed 39 % :  mod = 5.454527781032403e-11,  Error =4.888808575742587e-07
Completed 39 % :  mod = 5.784640182914201e-11,  Error =4.917130453918617e-07
Completed 40 % :  mod = 6.109963417014258e-11,  Error =4.945161364844353e-07
Completed 40 % :  mod = 6.42439927433334e-11,  Error =4.972883616005674e-07
Completed 40 % :  mod = 6.72110693049914e-11,  Error =5.000301612767544e-07
Completed 40 % :  mod = 6.992724011723672e-11,  Error =5.027426297488091e-07
Completed 41 % :  mod = 7.231693336137765e-11,  Error =5.054279483829305e-07
Completed 41 % :  mod = 7.430685897909286e-11,  Error =5.080889522446341e-07
Completed 41 % :  mod = 7.583042986288074e-11,  Error =5.107296416895224e-07
Completed 41 % :  mod = 7.683491530920384e-11,  Error =5.13355971065721e-07
Completed 42 % :  mod = 7.728255712169033e-11,  Error =5.159741007787488e-07
Completed 42 % :  mod = 7.715640468887109e-11,  Error =5.185907170357495e-07
Completed 42 % :  mod = 7.646125610322156e-11,  Error =5.212120015585242e-07
Completed 42 % :  mod = 7.522320645029554e-11,  Error =5.238442071231475e-07
Completed 43 % :  mod = 7.34872222509716e-11,  Error =5.264935580839847e-07
Completed 43 % :  mod = 7.131316738041634e-11,  Error =5.291651703487332e-07
Completed 43 % :  mod = 6.877093276486574e-11,  Error =5.318626321582087e-07
Completed 43 % :  mod = 6.593537625498173e-11,  Error =5.34588146194892e-07
Completed 44 % :  mod = 6.288167611450377e-11,  Error =5.373434106559216e-07
Completed 44 % :  mod = 5.968150685859096e-11,  Error =5.401294629336917e-07
Completed 44 % :  mod = 5.6400234417373365e-11,  Error =5.429457203831589e-07
Completed 44 % :  mod = 5.309514963926473e-11,  Error =5.457913303530404e-07
Completed 45 % :  mod = 4.981463379210437e-11,  Error =5.486644738539326e-07
Completed 45 % :  mod = 4.659925869155768e-11,  Error =5.515612926387803e-07
Completed 45 % :  mod = 4.347747488827919e-11,  Error =5.54483008841089e-07
Completed 45 % :  mod = 4.047362336297843e-11,  Error =5.574259205332055e-07
Completed 46 % :  mod = 3.7604078011661534e-11,  Error =5.603875621318366e-07
Completed 46 % :  mod = 3.48794914205672e-11,  Error =5.633668607174513e-07
Completed 46 % :  mod = 3.230580391053726e-11,  Error =5.66360085940687e-07
Completed 46 % :  mod = 2.9885178912211815e-11,  Error =5.693669606898766e-07
Completed 47 % :  mod = 2.7616834317886258e-11,  Error =5.723852396499751e-07
Completed 47 % :  mod = 2.5497754861527787e-11,  Error =5.754132459401262e-07
Completed 47 % :  mod = 2.3523284718968324e-11,  Error =5.784495655802857e-07
Completed 47 % :  mod = 2.1687610616568598e-11,  Error =5.814932961811792e-07
Completed 48 % :  mod = 1.998415082789276e-11,  Error =5.845434998263954e-07
Completed 48 % :  mod = 1.8405864577778195e-11,  Error =5.875989970149931e-07
Completed 48 % :  mod = 1.694549311214463e-11,  Error =5.906596385329976e-07
Completed 48 % :  mod = 1.5595741874891738e-11,  Error =5.937237474995527e-07
Completed 49 % :  mod = 1.4349413791966188e-11,  Error =5.9678986730205e-07
Completed 49 % :  mod = 1.3199916057059533e-11,  Error =5.99858445582413e-07
Completed 49 % :  mod = 1.2139649297557721e-11,  Error =6.02930363413634e-07
Completed 49 % :  mod = 1.1162621567447165e-11,  Error =6.060041286559681e-07
Completed 50 % :  mod = 1.0262730056960934e-11,  Error =6.090801036862104e-07
Completed 50 % :  mod = 9.434221755858477e-12,  Error =6.121577200701722e-07
Completed 50 % :  mod = 8.671696596455206e-12,  Error =6.152364164790924e-07
Completed 50 % :  mod = 7.970103002077348e-12,  Error =6.183161360695522e-07
Completed 51 % :  mod = 7.324729116291219e-12,  Error =6.213969641066797e-07
Completed 51 % :  mod = 6.73119141733584e-12,  Error =6.244784032105599e-07
Completed 51 % :  mod = 6.185421024731944e-12,  Error =6.275603396943552e-07
Completed 51 % :  mod = 5.683647741004903e-12,  Error =6.306425532898174e-07
Completed 52 % :  mod = 5.222382530557575e-12,  Error =6.337253140031862e-07
Completed 52 % :  mod = 4.798399711819509e-12,  Error =6.368086928887351e-07
Completed 52 % :  mod = 4.408719905170798e-12,  Error =6.398923204642415e-07
Completed 52 % :  mod = 4.0505939515124e-12,  Error =6.429762251514148e-07
Completed 53 % :  mod = 3.721604935074054e-12,  Error =6.460587087531167e-07
Completed 53 % :  mod = 3.41917309355416e-12,  Error =6.491426205457174e-07
Completed 53 % :  mod = 3.141275521093278e-12,  Error =6.522270012965237e-07
Completed 53 % :  mod = 2.8859316443317042e-12,  Error =6.553115596830139e-07
Completed 54 % :  mod = 2.651318283339484e-12,  Error =6.58396373864889e-07
Completed 54 % :  mod = 2.4357579316126754e-12,  Error =6.614815788452688e-07
Completed 54 % :  mod = 2.237707772732778e-12,  Error =6.645663077620156e-07
Completed 54 % :  mod = 2.0557491514323027e-12,  Error =6.676508235159417e-07
Completed 55 % :  mod = 1.8885775690394947e-12,  Error =6.707357655955093e-07
Completed 55 % :  mod = 1.7349934707352357e-12,  Error =6.7382104873559e-07
Completed 55 % :  mod = 1.5938939643024294e-12,  Error =6.769055147515246e-07
Completed 55 % :  mod = 1.464265330362741e-12,  Error =6.799907481536138e-07
Completed 56 % :  mod = 1.3451760438962596e-12,  Error =6.830761094533955e-07
Completed 56 % :  mod = 1.2357701412689695e-12,  Error =6.861610231112536e-07
Completed 56 % :  mod = 1.1352609867322103e-12,  Error =6.89246299145907e-07
Completed 56 % :  mod = 1.0429585645265652e-12,  Error =6.923303317307727e-07
Completed 57 % :  mod = 9.581298069960242e-13,  Error =6.954152951266224e-07
Completed 57 % :  mod = 8.802001199929008e-13,  Error =6.985004787907201e-07
Completed 57 % :  mod = 8.086086899560464e-13,  Error =7.015857192982367e-07
Completed 57 % :  mod = 7.428403163287814e-13,  Error =7.046706471669495e-07
Completed 58 % :  mod = 6.824216168601316e-13,  Error =7.077558450419019e-07
Completed 58 % :  mod = 6.26917587363504e-13,  Error =7.108413058176666e-07
Completed 58 % :  mod = 5.75928530595199e-13,  Error =7.139265463251832e-07
Completed 58 % :  mod = 5.29087271400796e-13,  Error =7.170115594590243e-07
Completed 59 % :  mod = 4.860565526464639e-13,  Error =7.20096466011455e-07
Completed 59 % :  mod = 4.4652657091189707e-13,  Error =7.231815999375613e-07
Completed 59 % :  mod = 4.102126862160546e-13,  Error =7.262666272822571e-07
Completed 59 % :  mod = 3.768533548010959e-13,  Error =7.293515622563973e-07
Completed 60 % :  mod = 3.462082841888976e-13,  Error =7.324369590833157e-07
Completed 60 % :  mod = 3.1805675357251845e-13,  Error =7.355223345939521e-07
Completed 60 % :  mod = 2.922052740640715e-13,  Error =7.386063813896726e-07
Completed 60 % :  mod = 2.684484060379132e-13,  Error =7.416919629577023e-07
Completed 61 % :  mod = 2.4662511124905465e-13,  Error =7.447772745194925e-07
Completed 61 % :  mod = 2.2657818974808283e-13,  Error =7.478624226564534e-07
Completed 61 % :  mod = 2.0816322717465827e-13,  Error =7.509477555345256e-07
Completed 61 % :  mod = 1.9124758292382343e-13,  Error =7.540329249877686e-07
Completed 62 % :  mod = 1.7570943869049864e-13,  Error =7.571180873355843e-07
Completed 62 % :  mod = 1.6143690077616844e-13,  Error =7.602034273190839e-07
Completed 62 % :  mod = 1.4832717321096547e-13,  Error =7.632883196606599e-07
Completed 62 % :  mod = 1.362858166583646e-13,  Error =7.663733043727916e-07
Completed 63 % :  mod = 1.2522608514940435e-13,  Error =7.694585590911629e-07
Completed 63 % :  mod = 1.1506831688908462e-13,  Error =7.72543650384705e-07
Completed 63 % :  mod = 1.0573936021215004e-13,  Error =7.756287843108112e-07
Completed 63 % :  mod = 9.71720330009142e-14,  Error =7.787140532400372e-07
Completed 64 % :  mod = 8.930462726440519e-14,  Error =7.817992297987075e-07
Completed 64 % :  mod = 8.208304560014891e-14,  Error =7.84883276594428e-07
Completed 64 % :  mod = 7.544987525342016e-14,  Error =7.879684105205342e-07
Completed 64 % :  mod = 6.936014845748921e-14,  Error =7.910535870792046e-07
Completed 65 % :  mod = 6.377001011010138e-14,  Error =7.941386783727467e-07
Completed 65 % :  mod = 5.863920209614088e-14,  Error =7.972238122988529e-07
Completed 65 % :  mod = 5.393076732090836e-14,  Error =8.003093086017543e-07
Completed 65 % :  mod = 4.961078556498491e-14,  Error =8.033945277929888e-07
Completed 66 % :  mod = 4.5648135995301564e-14,  Error =8.064793064477271e-07
Completed 66 % :  mod = 4.201427757479452e-14,  Error =8.095642272110126e-07
Completed 66 % :  mod = 3.868304138775224e-14,  Error =8.126495671945122e-07
Completed 66 % :  mod = 3.5630436577763664e-14,  Error =8.157346584880543e-07
Completed 67 % :  mod = 3.283447459225906e-14,  Error =8.188200126824086e-07
Completed 67 % :  mod = 3.027501258383009e-14,  Error =8.219051181868053e-07
Completed 67 % :  mod = 2.7933612677959678e-14,  Error =8.2499057896257e-07
Completed 67 % :  mod = 2.5793411482488668e-14,  Error =8.280752084033338e-07
Completed 68 % :  mod = 2.3839692319583034e-14,  Error =8.311586867648657e-07
Completed 68 % :  mod = 2.2056926870004395e-14,  Error =8.342440551700747e-07
Completed 68 % :  mod = 2.043303522336821e-14,  Error =8.373293525210102e-07
Completed 68 % :  mod = 1.895631816970599e-14,  Error =8.404145859230994e-07
Completed 69 % :  mod = 1.761613793907243e-14,  Error =8.435002669671121e-07
Completed 69 % :  mod = 1.6402842583692337e-14,  Error =8.465856637940306e-07
Completed 69 % :  mod = 1.5307694949409004e-14,  Error =8.496712169403509e-07
Completed 69 % :  mod = 1.4322807779953027e-14,  Error =8.527565924509872e-07
Completed 70 % :  mod = 1.344108609745369e-14,  Error =8.5584189690735e-07
Completed 70 % :  mod = 1.2656177300597171e-14,  Error =8.589265618752506e-07
Completed 70 % :  mod = 1.196242729158723e-14,  Error =8.620117668556304e-07
Completed 70 % :  mod = 1.1354840038128497e-14,  Error =8.65097504743062e-07
Completed 71 % :  mod = 1.0829040547529787e-14,  Error =8.681823473466466e-07
Completed 71 % :  mod = 1.0381242019103478e-14,  Error =8.712678862821122e-07
Completed 71 % :  mod = 1.0008218095823179e-14,  Error =8.743537946998003e-07
Completed 71 % :  mod = 9.707280774982457e-15,  Error =8.774386941468038e-07
Completed 72 % :  mod = 9.47633556139276e-15,  Error =8.805224140928658e-07
Completed 72 % :  mod = 9.313547511202275e-15,  Error =8.836078322360663e-07
Completed 72 % :  mod = 9.217844187641958e-15,  Error =8.86693094059865e-07
Completed 72 % :  mod = 9.188536393544803e-15,  Error =8.897781782479797e-07
Completed 73 % :  mod = 9.225412063789989e-15,  Error =8.928634969151972e-07
Completed 73 % :  mod = 9.328735870117343e-15,  Error =8.959486166304487e-07
Completed 73 % :  mod = 9.499252015084957e-15,  Error =8.990342763581793e-07
Completed 73 % :  mod = 9.73818965475509e-15,  Error =9.021196518688157e-07
Completed 74 % :  mod = 1.0047270841799396e-14,  Error =9.052051694879992e-07
Completed 74 % :  mod = 1.0428721697865569e-14,  Error =9.082905094714988e-07
Completed 74 % :  mod = 1.0885288603931772e-14,  Error =9.113753733913654e-07
Completed 74 % :  mod = 1.1420259172333696e-14,  Error =9.144605215283264e-07
Completed 75 % :  mod = 1.2037486889353886e-14,  Error =9.175455204513128e-07
Completed 75 % :  mod = 1.2741418901924579e-14,  Error =9.206307467479746e-07
Completed 75 % :  mod = 1.3537126620880522e-14,  Error =9.237158664632261e-07
Completed 75 % :  mod = 1.4429989060297262e-14,  Error =9.268000766837758e-07
Completed 76 % :  mod = 1.5427101970115218e-14,  Error =9.298855658812499e-07
Completed 76 % :  mod = 1.6535331826798715e-14,  Error =9.329707353344929e-07
Completed 76 % :  mod = 1.776266163665047e-14,  Error =9.360556774140605e-07
Completed 76 % :  mod = 1.9117933746695884e-14,  Error =9.391410529246969e-07
Completed 77 % :  mod = 2.0610911241491925e-14,  Error =9.422256752600333e-07
Completed 77 % :  mod = 2.2252346747235e-14,  Error =9.453111715629348e-07
Completed 77 % :  mod = 2.4054060700831283e-14,  Error =9.483962486456221e-07
Completed 77 % :  mod = 2.602902899981558e-14,  Error =9.51481176514335e-07
Completed 78 % :  mod = 2.819147849068537e-14,  Error =9.545669072963392e-07
Completed 78 % :  mod = 3.055698822113277e-14,  Error =9.576514301556927e-07
Completed 78 % :  mod = 3.314259810634799e-14,  Error =9.60736628030645e-07
Completed 78 % :  mod = 3.596692970550551e-14,  Error =9.63822152755256e-07
Completed 79 % :  mod = 3.905032202352073e-14,  Error =9.669074501061914e-07
Completed 79 % :  mod = 4.24149823635647e-14,  Error =9.699927474571268e-07
Completed 79 % :  mod = 4.608372082375519e-14,  Error =9.730769505722492e-07
Completed 79 % :  mod = 5.0085705345108825e-14,  Error =9.761624113480138e-07
Completed 80 % :  mod = 5.444845385130441e-14,  Error =9.792475097469833e-07
Completed 80 % :  mod = 5.920338611781222e-14,  Error =9.823331481584319e-07
Completed 80 % :  mod = 6.438474430491691e-14,  Error =9.854182891899654e-07
Completed 80 % :  mod = 7.002984690950679e-14,  Error =9.885036718060292e-07
Completed 81 % :  mod = 7.617936049690361e-14,  Error =9.915889691569646e-07
Completed 81 % :  mod = 8.287758699764648e-14,  Error =9.946739325528142e-07
Completed 81 % :  mod = 9.01727738603618e-14,  Error =9.97759038057211e-07
Completed 81 % :  mod = 9.81174584416388e-14,  Error =1.0008442146158814e-06
Completed 82 % :  mod = 1.0676885394968494e-13,  Error =1.003928879583782e-06
Completed 82 % :  mod = 1.1618927325088148e-13,  Error =1.0070136866602297e-06
Completed 82 % :  mod = 1.2644658041465176e-13,  Error =1.0100990834871482e-06
Completed 82 % :  mod = 1.3761466885864856e-13,  Error =1.0131845229466308e-06
Completed 83 % :  mod = 1.4977397918765067e-13,  Error =1.0162698629301303e-06
Completed 83 % :  mod = 1.6300692919174984e-13,  Error =1.0193540660452527e-06
Completed 83 % :  mod = 1.7741868919317522e-13,  Error =1.0224391502333674e-06
Completed 83 % :  mod = 1.9310833590960595e-13,  Error =1.025524412057166e-06
Completed 84 % :  mod = 2.101888956663823e-13,  Error =1.0286095175615628e-06
Completed 84 % :  mod = 2.2878341134428864e-13,  Error =1.0316946585930964e-06
Completed 84 % :  mod = 2.490258058103741e-13,  Error =1.0347797072540743e-06
Completed 84 % :  mod = 2.7106184619015485e-13,  Error =1.0378643438002655e-06
Completed 85 % :  mod = 2.950502203025606e-13,  Error =1.0409500035279962e-06
Completed 85 % :  mod = 3.2116370642267126e-13,  Error =1.0440351374541024e-06
Completed 85 % :  mod = 3.4959041382154196e-13,  Error =1.0471204490158925e-06
Completed 85 % :  mod = 3.805351008510573e-13,  Error =1.050205845842811e-06
Completed 86 % :  mod = 4.1422061441655787e-13,  Error =1.0532910863503275e-06
Completed 86 % :  mod = 4.508895008305883e-13,  Error =1.0563762771198526e-06
Completed 86 % :  mod = 4.908057982288088e-13,  Error =1.0594613826242494e-06
Completed 86 % :  mod = 5.342569756929024e-13,  Error =1.0625465591829197e-06
Completed 87 % :  mod = 5.815375983280824e-13,  Error =1.0656307480871874e-06
Completed 87 % :  mod = 6.330234343168891e-13,  Error =1.0687156404287634e-06
Completed 87 % :  mod = 6.8906826930667e-13,  Error =1.0718004475052112e-06
Completed 87 % :  mod = 7.500755323399886e-13,  Error =1.0748857235398646e-06
Completed 88 % :  mod = 8.164843815149463e-13,  Error =1.0779707082519963e-06
Completed 88 % :  mod = 8.887729098970954e-13,  Error =1.081056190344043e-06
Completed 88 % :  mod = 9.674615322207747e-13,  Error =1.0841417292795086e-06
Completed 88 % :  mod = 1.053116601183264e-12,  Error =1.0872263374039903e-06
Completed 89 % :  mod = 1.146354389230864e-12,  Error =1.0903110947424466e-06
Completed 89 % :  mod = 1.2478455462564657e-12,  Error =1.093396015505732e-06
Completed 89 % :  mod = 1.358320018040391e-12,  Error =1.0964808083713251e-06
Completed 89 % :  mod = 1.478572313122507e-12,  Error =1.0995658428214483e-06
Completed 90 % :  mod = 1.609467052625997e-12,  Error =1.1026504864730668e-06
Completed 90 % :  mod = 1.7519449067827925e-12,  Error =1.1057353574983608e-06
Completed 90 % :  mod = 1.9070291435556512e-12,  Error =1.108820271156219e-06
Completed 90 % :  mod = 2.075767321581094e-12,  Error =1.1119041829488197e-06
Completed 91 % :  mod = 2.2594959735828695e-12,  Error =1.1149893026640711e-06
Completed 91 % :  mod = 2.4594722977570153e-12,  Error =1.1180739605265444e-06
Completed 91 % :  mod = 2.677129117893737e-12,  Error =1.1211585970727356e-06
Completed 91 % :  mod = 2.9140241144732043e-12,  Error =1.1242432691460635e-06
Completed 92 % :  mod = 3.1718502952347408e-12,  Error =1.1273278488488359e-06
Completed 92 % :  mod = 3.4524475941839923e-12,  Error =1.1304125564493006e-06
Completed 92 % :  mod = 3.757815403897799e-12,  Error =1.1334967027210041e-06
Completed 92 % :  mod = 4.090125657772753e-12,  Error =1.1365805150376218e-06
Completed 93 % :  mod = 4.45173631297158e-12,  Error =1.1396640431371452e-06
Completed 93 % :  mod = 4.845205534544771e-12,  Error =1.1427472443870101e-06
Completed 93 % :  mod = 5.273307044368987e-12,  Error =1.1458304953748666e-06
Completed 93 % :  mod = 5.7390467071040274e-12,  Error =1.1489129434494316e-06
Completed 94 % :  mod = 6.245679779836825e-12,  Error =1.1519951286231844e-06
Completed 94 % :  mod = 6.7967279860988064e-12,  Error =1.1550767382573213e-06
Completed 94 % :  mod = 7.39599599037517e-12,  Error =1.1581583194697487e-06
Completed 94 % :  mod = 8.047334346608231e-12,  Error =1.1612375203640113e-06
Completed 95 % :  mod = 8.755646043003735e-12,  Error =1.1643167781016928e-06
Completed 95 % :  mod = 9.525447077166988e-12,  Error =1.1673954105617668e-06
Completed 95 % :  mod = 1.0361829236617696e-11,  Error =1.170472479827822e-06
Completed 95 % :  mod = 1.1270235146088591e-11,  Error =1.173548248800671e-06
Completed 96 % :  mod = 1.2256459639738199e-11,  Error =1.1766220779918513e-06
Completed 96 % :  mod = 1.3326643617292167e-11,  Error =1.179693690289696e-06
Completed 96 % :  mod = 1.4487258882808897e-11,  Error =1.182763185170188e-06
Completed 96 % :  mod = 1.5745080432916994e-11,  Error =1.1858297881417457e-06
Completed 97 % :  mod = 1.7107140312902557e-11,  Error =1.188893506309796e-06
Completed 97 % :  mod = 1.85806561317002e-11,  Error =1.1919530678028423e-06
Completed 97 % :  mod = 2.0172927857704646e-11,  Error =1.1950079255029777e-06
Completed 97 % :  mod = 2.1891196923656866e-11,  Error =1.1980569993852441e-06
Completed 98 % :  mod = 2.374245995913827e-11,  Error =1.2011000762868207e-06
Completed 98 % :  mod = 2.5733225633956564e-11,  Error =1.2041351453717652e-06
Completed 98 % :  mod = 2.7868375852587234e-11,  Error =1.207160977401145e-06
Completed 98 % :  mod = 3.0154002166708963e-11,  Error =1.2101778992246182e-06
Completed 99 % :  mod = 3.259213024033977e-11,  Error =1.2131834168371824e-06
Completed 99 % :  mod = 3.518323884402738e-11,  Error =1.2161758178308446e-06
Completed 99 % :  mod = 3.792476952294422e-11,  Error =1.219153183740218e-06
Completed 99 % :  mod = 4.081029067391773e-11,  Error =1.2221133403045314e-06
Completed 100 % :  mod = 4.3828555004396896e-11,  Error =1.2250540848413038e-06
Finished 4/31 frames
Finished all frames!
