/opt/local/miniconda_23_9/lib/python3.11/site-packages/conda/base/context.py:201: FutureWarning: Adding 'defaults' to channel list implicitly is deprecated and will be removed in 25.3. 

To remove this warning, please choose a default channel explicitly with conda's regular configuration system, e.g. by adding 'defaults' to the list of channels:

  conda config --add channels defaults

For more information see https://docs.conda.io/projects/conda/en/stable/user-guide/configuration/use-condarc.html

  deprecated.topic(
JOB 14486 ARRAY_ID 14  -> i=14 ; range=[1.9e-10, 5.0e-10] ; intervals=30 (frames=31)
Analytic t0 extension enabled (--extend-time-using-t0).
Completed 0 % :  mod = 2.6399999999730165e-16,  Error =-1.4210854715202004e-14
Completed 0 % :  mod = 2.6502755198175343e-16,  Error =6.368615856899851e-09
Completed 0 % :  mod = 2.681144357586171e-16,  Error =1.273131289281082e-08
Completed 0 % :  mod = 2.732903306716686e-16,  Error =1.9099758219454088e-08
Completed 0 % :  mod = 2.805859886077457e-16,  Error =2.546247657164713e-08
Completed 1 % :  mod = 2.900618700589763e-16,  Error =3.182508834242981e-08
Completed 1 % :  mod = 3.018033980706163e-16,  Error =3.819344129851743e-08
Completed 1 % :  mod = 3.1588032185608465e-16,  Error =4.455597490959917e-08
Completed 1 % :  mod = 3.324117189242445e-16,  Error =5.091878563234786e-08
Completed 2 % :  mod = 3.515447517371042e-16,  Error =5.728688279305061e-08
Completed 2 % :  mod = 3.733930935223923e-16,  Error =6.364998483832096e-08
Completed 2 % :  mod = 3.9814279663861644e-16,  Error =7.001251134397535e-08
Completed 2 % :  mod = 4.2601312040317993e-16,  Error =7.638102772489219e-08
Completed 3 % :  mod = 4.571696480733449e-16,  Error =8.27436679173843e-08
Completed 3 % :  mod = 4.918784968870593e-16,  Error =8.910641469128677e-08
Completed 3 % :  mod = 5.304464596549179e-16,  Error =9.547508028617813e-08
Completed 3 % :  mod = 5.73102663442044e-16,  Error =1.0183774890037967e-07
Completed 4 % :  mod = 6.20212020733424e-16,  Error =1.0820058093941043e-07
Completed 4 % :  mod = 6.721904250163526e-16,  Error =1.1456941706455837e-07
Completed 4 % :  mod = 7.293466642610619e-16,  Error =1.2093222778730706e-07
Completed 4 % :  mod = 7.922303352577104e-16,  Error =1.2730081522249748e-07
Completed 5 % :  mod = 8.612150140708279e-16,  Error =1.336636046289641e-07
Completed 5 % :  mod = 9.368915560187561e-16,  Error =1.400262448214562e-07
Completed 5 % :  mod = 1.019927406830512e-15,  Error =1.4639492462720227e-07
Completed 5 % :  mod = 1.1108158763439067e-15,  Error =1.527575435034123e-07
Completed 6 % :  mod = 1.2103356723875978e-15,  Error =1.591201339579129e-07
Completed 6 % :  mod = 1.3193642927640047e-15,  Error =1.6548863612797504e-07
Completed 6 % :  mod = 1.4385494781055921e-15,  Error =1.7185164580268975e-07
Completed 6 % :  mod = 1.568912550796221e-15,  Error =1.7821430020603657e-07
Completed 7 % :  mod = 1.711602815017717e-15,  Error =1.8458259631870533e-07
Completed 7 % :  mod = 1.867467978489919e-15,  Error =1.90945208089488e-07
Completed 7 % :  mod = 2.0378438414321613e-15,  Error =1.9730794775796312e-07
Completed 7 % :  mod = 2.2242323241612577e-15,  Error =2.0367659914199976e-07
Completed 8 % :  mod = 2.4277407297294556e-15,  Error =2.100392180182098e-07
Completed 8 % :  mod = 2.6501133003936307e-15,  Error =2.164018937378387e-07
Completed 8 % :  mod = 2.8933102029494228e-15,  Error =2.2277050959473854e-07
Completed 8 % :  mod = 3.158776260641286e-15,  Error =2.2913318531436744e-07
Completed 9 % :  mod = 3.448786818618914e-15,  Error =2.3549586103399633e-07
Completed 9 % :  mod = 3.765898179924114e-15,  Error =2.4186448399632354e-07
Completed 9 % :  mod = 4.1119942866590794e-15,  Error =2.482273799842005e-07
Completed 9 % :  mod = 4.490403011642576e-15,  Error =2.5459598163024566e-07
Completed 10 % :  mod = 4.903372463861858e-15,  Error =2.609586147173104e-07
Completed 10 % :  mod = 5.354442364535192e-15,  Error =2.673214893889053e-07
Completed 10 % :  mod = 5.8475885943965446e-15,  Error =2.736900839295231e-07
Completed 10 % :  mod = 6.385740896791234e-15,  Error =2.800527383328699e-07
Completed 11 % :  mod = 6.973512024449431e-15,  Error =2.8641567695331105e-07
Completed 11 % :  mod = 7.616082750581848e-15,  Error =2.927842075450826e-07
Completed 11 % :  mod = 8.317270526950308e-15,  Error =2.9914689037013886e-07
Completed 11 % :  mod = 9.08308561293724e-15,  Error =3.0550970109288755e-07
Completed 12 % :  mod = 9.920278065694706e-15,  Error =3.1187813931410346e-07
Completed 12 % :  mod = 1.0833821577696172e-14,  Error =3.182407226631767e-07
Completed 12 % :  mod = 1.1831546641492472e-14,  Error =3.246032846959679e-07
Completed 12 % :  mod = 1.2922247391576811e-14,  Error =3.309715523869272e-07
Completed 13 % :  mod = 1.4112403600630772e-14,  Error =3.373342281065561e-07
Completed 13 % :  mod = 1.5412216768758747e-14,  Error =3.436973869952453e-07
Completed 13 % :  mod = 1.6833143688656598e-14,  Error =3.500658962707348e-07
Completed 13 % :  mod = 1.8383625976393252e-14,  Error =3.564285719903637e-07
Completed 14 % :  mod = 2.00785722858601e-14,  Error =3.627970315278617e-07
Completed 14 % :  mod = 2.192805216861894e-14,  Error =3.6915969303663587e-07
Completed 14 % :  mod = 2.3947918582468384e-14,  Error =3.7552240428340156e-07
Completed 14 % :  mod = 2.6155974985053053e-14,  Error =3.818908851371816e-07
Completed 15 % :  mod = 2.856533925217037e-14,  Error =3.882534471699728e-07
Completed 15 % :  mod = 3.11966634631042e-14,  Error =3.946161726275932e-07
Completed 15 % :  mod = 3.407314054999735e-14,  Error =4.0098480269534775e-07
Completed 15 % :  mod = 3.7211859414554786e-14,  Error =4.073478692134813e-07
Completed 16 % :  mod = 4.0639723884412e-14,  Error =4.137105165114008e-07
Completed 16 % :  mod = 4.438694770482728e-14,  Error =4.20079039997745e-07
Completed 16 % :  mod = 4.847579283829107e-14,  Error =4.264417157173739e-07
Completed 16 % :  mod = 5.294130718016432e-14,  Error =4.3280429906644713e-07
Completed 17 % :  mod = 5.78228504971738e-14,  Error =4.3917303571561206e-07
Completed 17 % :  mod = 6.314942363757765e-14,  Error =4.4553591038720697e-07
Completed 17 % :  mod = 6.896668379192013e-14,  Error =4.5189865716110944e-07
Completed 17 % :  mod = 7.532590524218716e-14,  Error =4.582670669606159e-07
Completed 18 % :  mod = 8.226486757119844e-14,  Error =4.646296574151165e-07
Completed 18 % :  mod = 8.984304872020426e-14,  Error =4.7099259603555765e-07
Completed 18 % :  mod = 9.81272439712764e-14,  Error =4.773614250552782e-07
Completed 18 % :  mod = 1.0716666900087295e-13,  Error =4.837242144617449e-07
Completed 19 % :  mod = 1.1704824236122856e-13,  Error =4.900928018969353e-07
Completed 19 % :  mod = 1.2783066958619282e-13,  Error =4.96455413667718e-07
Completed 19 % :  mod = 1.3960637316568375e-13,  Error =5.028181888633299e-07
Completed 19 % :  mod = 1.5247914591691905e-13,  Error =5.091866555062552e-07
Completed 20 % :  mod = 1.665254637608154e-13,  Error =5.155492885933199e-07
Completed 20 % :  mod = 1.8186572578691035e-13,  Error =5.219120282617951e-07
Completed 20 % :  mod = 1.9863514323808816e-13,  Error =5.28280665434977e-07
Completed 20 % :  mod = 2.1693334147631968e-13,  Error =5.346432772057597e-07
Completed 21 % :  mod = 2.369171646865818e-13,  Error =5.41005881871115e-07
Completed 21 % :  mod = 2.587627528619536e-13,  Error =5.473743200923309e-07
Completed 21 % :  mod = 2.825998879792978e-13,  Error =5.53737059760806e-07
Completed 21 % :  mod = 3.086328911212171e-13,  Error =5.600996004773151e-07
Completed 22 % :  mod = 3.3709121989182936e-13,  Error =5.664683868644715e-07
Completed 22 % :  mod = 3.681439409467836e-13,  Error =5.728309844243995e-07
Completed 22 % :  mod = 4.020572230572767e-13,  Error =5.791937880417208e-07
Completed 22 % :  mod = 4.3912998005119775e-13,  Error =5.855623612660565e-07
Completed 23 % :  mod = 4.795824538522488e-13,  Error =5.919249659314119e-07
Completed 23 % :  mod = 5.238036096247896e-13,  Error =5.982936457371579e-07
Completed 23 % :  mod = 5.720561543127425e-13,  Error =6.046563711947783e-07
Completed 23 % :  mod = 6.247536795721361e-13,  Error =6.110189758601337e-07
Completed 24 % :  mod = 6.823606573996301e-13,  Error =6.173873714487854e-07
Completed 24 % :  mod = 7.452193099348402e-13,  Error =6.237500542738417e-07
Completed 24 % :  mod = 8.138684148849523e-13,  Error =6.301130994756932e-07
Completed 24 % :  mod = 8.889130289011952e-13,  Error =6.364819284954137e-07
Completed 25 % :  mod = 9.707989499868508e-13,  Error =6.428446894801709e-07
Completed 25 % :  mod = 1.0602280243094907e-12,  Error =6.492074007269366e-07
Completed 25 % :  mod = 1.1579884329745352e-12,  Error =6.555760023729817e-07
Completed 25 % :  mod = 1.2646608831492353e-12,  Error =6.619385004569267e-07
Completed 26 % :  mod = 1.3811596245734777e-12,  Error =6.683010767005726e-07
Completed 26 % :  mod = 1.5085113605836967e-12,  Error =6.746696996628998e-07
Completed 26 % :  mod = 1.6474725018029955e-12,  Error =6.810322048522721e-07
Completed 26 % :  mod = 1.7992339385624978e-12,  Error =6.873947384633539e-07
Completed 27 % :  mod = 1.965133021314579e-12,  Error =6.937631695791424e-07
Completed 27 % :  mod = 2.146154954556633e-12,  Error =7.001257458227883e-07
Completed 27 % :  mod = 2.3438508804872343e-12,  Error =7.064882012741691e-07
Completed 27 % :  mod = 2.5599626610225224e-12,  Error =7.128560568503417e-07
Completed 28 % :  mod = 2.795773339822587e-12,  Error =7.192181143977905e-07
Completed 28 % :  mod = 3.0535492345448448e-12,  Error =7.255859344468263e-07
Completed 28 % :  mod = 3.3348203131824643e-12,  Error =7.319478996237194e-07
Completed 28 % :  mod = 3.641995625234904e-12,  Error =7.383099287494588e-07
Completed 29 % :  mod = 3.977780179665652e-12,  Error =7.446773366837078e-07
Completed 29 % :  mod = 4.344165622744942e-12,  Error =7.510387476372671e-07
Completed 29 % :  mod = 4.744288279280184e-12,  Error =7.573998885845867e-07
Completed 29 % :  mod = 5.181669403749263e-12,  Error =7.637666001869547e-07
Completed 30 % :  mod = 5.6589003180359735e-12,  Error =7.70127236648932e-07
Completed 30 % :  mod = 6.180062405964136e-12,  Error =7.76487290465866e-07
Completed 30 % :  mod = 6.7497371350348045e-12,  Error =7.82852652037036e-07
Completed 30 % :  mod = 7.37129314851494e-12,  Error =7.892119242569606e-07
Completed 31 % :  mod = 8.050037733898139e-12,  Error =7.95570137768209e-07
Completed 31 % :  mod = 8.791926620927847e-12,  Error =8.019334813980095e-07
Completed 31 % :  mod = 9.601332500274147e-12,  Error =8.082898261818627e-07
Completed 31 % :  mod = 1.0485148093228268e-11,  Error =8.146447711965266e-07
Completed 32 % :  mod = 1.1451104177912088e-11,  Error =8.210047326429049e-07
Completed 32 % :  mod = 1.2504862477999381e-11,  Error =8.273570770711558e-07
Completed 32 % :  mod = 1.3655355530363208e-11,  Error =8.337072046060712e-07
Completed 32 % :  mod = 1.4912592872132244e-11,  Error =8.400605366887248e-07
Completed 33 % :  mod = 1.628387360445373e-11,  Error =8.464050083034635e-07
Completed 33 % :  mod = 1.7782161517501732e-11,  Error =8.52751739444102e-07
Completed 33 % :  mod = 1.9416069324912145e-11,  Error =8.590890132609275e-07
Completed 33 % :  mod = 2.1199227886884378e-11,  Error =8.654210006397989e-07
Completed 34 % :  mod = 2.3146862866244453e-11,  Error =8.717525616930288e-07
Completed 34 % :  mod = 2.526990775439227e-11,  Error =8.780712974498783e-07
Completed 34 % :  mod = 2.7585733710199222e-11,  Error =8.843819045978307e-07
Completed 34 % :  mod = 3.011366779071931e-11,  Error =8.906881419079582e-07
Completed 35 % :  mod = 3.286732152096415e-11,  Error =8.969770490807605e-07
Completed 35 % :  mod = 3.5868473693253705e-11,  Error =9.032516175011551e-07
Completed 35 % :  mod = 3.914118344497607e-11,  Error =9.095151369820087e-07
Completed 35 % :  mod = 4.270179193823863e-11,  Error =9.157529348158278e-07
Completed 36 % :  mod = 4.657679891667616e-11,  Error =9.219680237038119e-07
Completed 36 % :  mod = 5.079508865842132e-11,  Error =9.281610928724149e-07
Completed 36 % :  mod = 5.537489766234519e-11,  Error =9.34315657730167e-07
Completed 36 % :  mod = 6.034664734948199e-11,  Error =9.404318532801881e-07
Completed 37 % :  mod = 6.574259356342458e-11,  Error =9.465087131843575e-07
Completed 37 % :  mod = 7.157984614348839e-11,  Error =9.525274009547502e-07
Completed 37 % :  mod = 7.789512995773792e-11,  Error =9.584896432102141e-07
Completed 37 % :  mod = 8.470086889426795e-11,  Error =9.643751042176518e-07
Completed 38 % :  mod = 9.202308073730654e-11,  Error =9.701778083126555e-07
Completed 38 % :  mod = 9.988427705286292e-11,  Error =9.758905719081667e-07
Completed 38 % :  mod = 1.082773218316642e-10,  Error =9.814893076054432e-07
Completed 38 % :  mod = 1.1720540514508247e-10,  Error =9.869648138760567e-07
Completed 39 % :  mod = 1.2665876995366998e-10,  Error =9.923075197093567e-07
Completed 39 % :  mod = 1.36581864651664e-10,  Error =9.974916395094624e-07
Completed 39 % :  mod = 1.469196804917088e-10,  Error =1.0025086467635447e-06
Completed 39 % :  mod = 1.5758725225538985e-10,  Error =1.007349034409799e-06
Completed 40 % :  mod = 1.6843216726687248e-10,  Error =1.011994115174275e-06
Completed 40 % :  mod = 1.7928705541110248e-10,  Error =1.0164411889945768e-06
Completed 40 % :  mod = 1.899355764648373e-10,  Error =1.0206927498757068e-06
Completed 40 % :  mod = 2.000814951387269e-10,  Error =1.024745976963004e-06
Completed 41 % :  mod = 2.094106623759437e-10,  Error =1.0286166371997751e-06
Completed 41 % :  mod = 2.1756862463344285e-10,  Error =1.032327261896171e-06
Completed 41 % :  mod = 2.241606133979645e-10,  Error =1.035899536816487e-06
Completed 41 % :  mod = 2.288251702424207e-10,  Error =1.0393726128654635e-06
Completed 42 % :  mod = 2.3124057712219173e-10,  Error =1.0427902665810507e-06
Completed 42 % :  mod = 2.311675640772318e-10,  Error =1.0461913433346126e-06
Completed 42 % :  mod = 2.2849931636993087e-10,  Error =1.049628394866886e-06
Completed 42 % :  mod = 2.232930672314271e-10,  Error =1.053140543660902e-06
Completed 43 % :  mod = 2.1577120754681214e-10,  Error =1.0567721773213634e-06
Completed 43 % :  mod = 2.0630721791102527e-10,  Error =1.0605613525171975e-06
Completed 43 % :  mod = 1.9542269577265177e-10,  Error =1.0645273533782529e-06
Completed 43 % :  mod = 1.8367530229194882e-10,  Error =1.0686911480206618e-06
Completed 44 % :  mod = 1.716117114006016e-10,  Error =1.073064574086402e-06
Completed 44 % :  mod = 1.5973920819214394e-10,  Error =1.0776396450751236e-06
Completed 44 % :  mod = 1.4841108133913103e-10,  Error =1.082413611186439e-06
Completed 44 % :  mod = 1.3783876554186357e-10,  Error =1.0873799141108975e-06
Completed 45 % :  mod = 1.281214584189353e-10,  Error =1.0925143669737736e-06
Completed 45 % :  mod = 1.1921185068367813e-10,  Error =1.0978057858324064e-06
Completed 45 % :  mod = 1.1098568312873688e-10,  Error =1.103243143063537e-06
Completed 45 % :  mod = 1.0330358916934472e-10,  Error =1.1088001912185064e-06
Completed 46 % :  mod = 9.600644960845609e-11,  Error =1.1144672669161082e-06
Completed 46 % :  mod = 8.897171040069365e-11,  Error =1.120237186569284e-06
Completed 46 % :  mod = 8.215081640648506e-11,  Error =1.126087127545361e-06
Completed 46 % :  mod = 7.552995107849714e-11,  Error =1.1320172745854507e-06
Completed 47 % :  mod = 6.917090659360561e-11,  Error =1.1380075477518403e-06
Completed 47 % :  mod = 6.314817971627684e-11,  Error =1.1440544156471333e-06
Completed 47 % :  mod = 5.754345597826823e-11,  Error =1.1501553416337629e-06
Completed 47 % :  mod = 5.243637595713137e-11,  Error =1.1562924271402153e-06
Completed 48 % :  mod = 4.785808992387193e-11,  Error =1.1624650610997378e-06
Completed 48 % :  mod = 4.380339044324473e-11,  Error =1.1686730019278002e-06
Completed 48 % :  mod = 4.024360152851569e-11,  Error =1.1749003476779762e-06
Completed 48 % :  mod = 3.7114025572349975e-11,  Error =1.181148967077661e-06
Completed 49 % :  mod = 3.4338154924733346e-11,  Error =1.1874210485984804e-06
Completed 49 % :  mod = 3.1843851776924424e-11,  Error =1.1937016282104196e-06
Completed 49 % :  mod = 2.955677785424797e-11,  Error =1.1999943012597214e-06
Completed 49 % :  mod = 2.7416053503383977e-11,  Error =1.2063033167919457e-06
Completed 50 % :  mod = 2.538518397435457e-11,  Error =1.2126154231850705e-06
Completed 50 % :  mod = 2.344401072274539e-11,  Error =1.2189350471203397e-06
Completed 50 % :  mod = 2.1594590442343208e-11,  Error =1.2252667644929716e-06
Completed 50 % :  mod = 1.9860459053168284e-11,  Error =1.2315978423771412e-06
Completed 51 % :  mod = 1.8267057376083643e-11,  Error =1.2379334179968282e-06
Completed 51 % :  mod = 1.6837059410368753e-11,  Error =1.2442786925248583e-06
Completed 51 % :  mod = 1.558617795920645e-11,  Error =1.2506213806773303e-06
Completed 51 % :  mod = 1.4511921668622704e-11,  Error =1.2569727019240418e-06
Completed 52 % :  mod = 1.3605009660919558e-11,  Error =1.2633200228151509e-06
Completed 52 % :  mod = 1.2846615847679005e-11,  Error =1.2696696529701512e-06
Completed 52 % :  mod = 1.2215791508060734e-11,  Error =1.2760264809230648e-06
Completed 52 % :  mod = 1.1692381255619371e-11,  Error =1.2823785411342215e-06
Completed 53 % :  mod = 1.1254033001281337e-11,  Error =1.2887316245269176e-06
Completed 53 % :  mod = 1.0879316772624082e-11,  Error =1.295091031749962e-06
Completed 53 % :  mod = 1.0551388992528671e-11,  Error =1.3014455291227023e-06
Completed 53 % :  mod = 1.026030079388785e-11,  Error =1.307800332028819e-06
Completed 54 % :  mod = 1.0007535990451517e-11,  Error =1.3141613948164377e-06
Completed 54 % :  mod = 9.80642934514004e-12,  Error =1.3205170006358458e-06
Completed 54 % :  mod = 9.676512857211471e-12,  Error =1.3268727059312369e-06
Completed 54 % :  mod = 9.637880247034643e-12,  Error =1.33323429452048e-06
Completed 55 % :  mod = 9.705175758253072e-12,  Error =1.3395899287615975e-06
Completed 55 % :  mod = 9.884850753995049e-12,  Error =1.3459455701081424e-06
Completed 55 % :  mod = 1.0176819622596426e-11,  Error =1.3523062207809744e-06
Completed 55 % :  mod = 1.0576027121926466e-11,  Error =1.3586608105242703e-06
Completed 56 % :  mod = 1.1076106202345635e-11,  Error =1.3650146470922664e-06
Completed 56 % :  mod = 1.1669078790481576e-11,  Error =1.37137359956796e-06
Completed 56 % :  mod = 1.234243680647299e-11,  Error =1.3777259511016382e-06
Completed 56 % :  mod = 1.3083619878725e-11,  Error =1.3840826724731414e-06
Completed 57 % :  mod = 1.387878952145838e-11,  Error =1.3904324163149795e-06
Completed 57 % :  mod = 1.4723680678230594e-11,  Error =1.3967802985348499e-06
Completed 57 % :  mod = 1.5627868455606337e-11,  Error =1.4031317476792537e-06
Completed 57 % :  mod = 1.661450740590053e-11,  Error =1.4094752316395898e-06
Completed 58 % :  mod = 1.772225604214669e-11,  Error =1.4158159515886837e-06
Completed 58 % :  mod = 1.899591902141934e-11,  Error =1.4221587605334207e-06
Completed 58 % :  mod = 2.047389731531174e-11,  Error =1.4284916147744298e-06
Completed 58 % :  mod = 2.2188676337723098e-11,  Error =1.4348192109991942e-06
Completed 59 % :  mod = 2.4161354868241487e-11,  Error =1.441146416425454e-06
Completed 59 % :  mod = 2.6394948805803356e-11,  Error =1.4474607255010596e-06
Completed 59 % :  mod = 2.8885620200988573e-11,  Error =1.4537660817381948e-06
Completed 59 % :  mod = 3.1618605028179386e-11,  Error =1.4600669331343852e-06
Completed 60 % :  mod = 3.456103925604804e-11,  Error =1.4663494027900015e-06
Completed 60 % :  mod = 3.7681940405517826e-11,  Error =1.472617313424962e-06
Completed 60 % :  mod = 4.095565943385994e-11,  Error =1.4788737914273042e-06
Completed 60 % :  mod = 4.436634323752976e-11,  Error =1.4851051517439373e-06
Completed 61 % :  mod = 4.794288106603134e-11,  Error =1.4913186845433302e-06
Completed 61 % :  mod = 5.174107835753769e-11,  Error =1.4974992836869205e-06
Completed 61 % :  mod = 5.5862895983952457e-11,  Error =1.5036468710150075e-06
Completed 61 % :  mod = 6.043430049750684e-11,  Error =1.5097623062843013e-06
Completed 62 % :  mod = 6.55711032083371e-11,  Error =1.5158259500935856e-06
Completed 62 % :  mod = 7.138263681342048e-11,  Error =1.5218366513636283e-06
Completed 62 % :  mod = 7.794421507239464e-11,  Error =1.5277885481168596e-06
Completed 62 % :  mod = 8.526408967820843e-11,  Error =1.5336606935534292e-06
Completed 63 % :  mod = 9.331270069947157e-11,  Error =1.539446849108117e-06
Completed 63 % :  mod = 1.0200696717060513e-10,  Error =1.5451387014309148e-06
Completed 63 % :  mod = 1.111910001857947e-10,  Error =1.5507122910207727e-06
Completed 63 % :  mod = 1.2070234375373713e-10,  Error =1.556159439530802e-06
Completed 64 % :  mod = 1.3037898746036379e-10,  Error =1.561471087541122e-06
Completed 64 % :  mod = 1.4006663726636074e-10,  Error =1.5666247676904277e-06
Completed 64 % :  mod = 1.4970115752610566e-10,  Error =1.5716133674459343e-06
Completed 64 % :  mod = 1.5929145052242228e-10,  Error =1.5764298808562671e-06
Completed 65 % :  mod = 1.6887430516132463e-10,  Error =1.5810564377716219e-06
Completed 65 % :  mod = 1.7852107953302705e-10,  Error =1.5854923489655448e-06
Completed 65 % :  mod = 1.882516029222577e-10,  Error =1.589738708673849e-06
Completed 65 % :  mod = 1.9795152293939455e-10,  Error =1.5937906496787946e-06
Completed 66 % :  mod = 2.0739858759563055e-10,  Error =1.597665232111467e-06
Completed 66 % :  mod = 2.1618521063380566e-10,  Error =1.6013728654229453e-06
Completed 66 % :  mod = 2.2380139872914145e-10,  Error =1.6049427031816776e-06
Completed 66 % :  mod = 2.296535818596979e-10,  Error =1.608410926223769e-06
Completed 67 % :  mod = 2.3313023005928795e-10,  Error =1.611813118529426e-06
Completed 67 % :  mod = 2.337344445540133e-10,  Error =1.6151987551893399e-06
Completed 67 % :  mod = 2.3116410179739608e-10,  Error =1.6186205940016407e-06
Completed 67 % :  mod = 2.2541814685473285e-10,  Error =1.6221212391087647e-06
Completed 68 % :  mod = 2.1681745674193082e-10,  Error =1.6257483892445634e-06
Completed 68 % :  mod = 2.0596275844780796e-10,  Error =1.6295416500611282e-06
Completed 68 % :  mod = 1.9367138101462404e-10,  Error =1.6335213430807016e-06
Completed 68 % :  mod = 1.807769416696871e-10,  Error =1.6377064895323201e-06
Completed 69 % :  mod = 1.6802304243883812e-10,  Error =1.6421067030591985e-06
Completed 69 % :  mod = 1.5600575562364194e-10,  Error =1.6467112473605994e-06
Completed 69 % :  mod = 1.4505788761055027e-10,  Error =1.6515137062356189e-06
Completed 69 % :  mod = 1.3528726244432827e-10,  Error =1.6565047147309997e-06
Completed 70 % :  mod = 1.2663031418238704e-10,  Error =1.6616586151485535e-06
Completed 70 % :  mod = 1.18844106889132e-10,  Error =1.666968586278017e-06
Completed 70 % :  mod = 1.1163751009269366e-10,  Error =1.672407520914021e-06
Completed 70 % :  mod = 1.0469358991250822e-10,  Error =1.6779657769916412e-06
Completed 71 % :  mod = 9.776249173550217e-11,  Error =1.683635751703605e-06
Completed 71 % :  mod = 9.073077276890342e-11,  Error =1.6893951837460008e-06
Completed 71 % :  mod = 8.360249331393144e-11,  Error =1.6952382466683957e-06
Completed 71 % :  mod = 7.649946555227178e-11,  Error =1.7011615440765127e-06
Completed 72 % :  mod = 6.963292366134001e-11,  Error =1.707145017348921e-06
Completed 72 % :  mod = 6.320469437705667e-11,  Error =1.7131859593177978e-06
Completed 72 % :  mod = 5.737737352167786e-11,  Error =1.7192817054478837e-06
Completed 72 % :  mod = 5.225952208956133e-11,  Error =1.7254135471489462e-06
Completed 73 % :  mod = 4.786861394599105e-11,  Error =1.731580901775942e-06
Completed 73 % :  mod = 4.416139265395199e-11,  Error =1.7377833003706655e-06
Completed 73 % :  mod = 4.1058216117134374e-11,  Error =1.7440042938687839e-06
Completed 73 % :  mod = 3.843845631512677e-11,  Error =1.7502456728379912e-06
Completed 74 % :  mod = 3.6166196007520355e-11,  Error =1.7565096257499135e-06
Completed 74 % :  mod = 3.4109704301090314e-11,  Error =1.7627820909638103e-06
Completed 74 % :  mod = 3.214875055919617e-11,  Error =1.769066436452249e-06
Completed 74 % :  mod = 3.020262214367366e-11,  Error =1.7753660799257887e-06
Completed 75 % :  mod = 2.8250195405060958e-11,  Error =1.7816687218896732e-06
Completed 75 % :  mod = 2.631827499726941e-11,  Error =1.7879840328305363e-06
Completed 75 % :  mod = 2.4479587121493706e-11,  Error =1.7942997843078956e-06
Completed 75 % :  mod = 2.2813426643658338e-11,  Error =1.8006208506449184e-06
Completed 76 % :  mod = 2.1385658844191767e-11,  Error =1.8069519640562248e-06
Completed 76 % :  mod = 2.0237178666287042e-11,  Error =1.8132809316284693e-06
Completed 76 % :  mod = 1.9375569892758622e-11,  Error =1.8196130469050331e-06
Completed 76 % :  mod = 1.878886312741499e-11,  Error =1.8259528005160064e-06
Completed 77 % :  mod = 1.8454858356963303e-11,  Error =1.832288823777617e-06
Completed 77 % :  mod = 1.834082551978656e-11,  Error =1.838625315997433e-06
Completed 77 % :  mod = 1.840365012784757e-11,  Error =1.8449685228461021e-06
Completed 77 % :  mod = 1.8587714052798056e-11,  Error =1.851306421940535e-06
Completed 78 % :  mod = 1.883240721417089e-11,  Error =1.8576439089201813e-06
Completed 78 % :  mod = 1.9088588660886828e-11,  Error =1.8639867036540636e-06
Completed 78 % :  mod = 1.933666310720416e-11,  Error =1.8703230324490505e-06
Completed 78 % :  mod = 1.9599239071682434e-11,  Error =1.8766586293850196e-06
Completed 79 % :  mod = 1.9936742117771576e-11,  Error =1.8829980348300523e-06
Completed 79 % :  mod = 2.0428775743244138e-11,  Error =1.8893300790523426e-06
Completed 79 % :  mod = 2.1153351038374513e-11,  Error =1.8956588831997578e-06
Completed 79 % :  mod = 2.2170079669236614e-11,  Error =1.901990607677817e-06
Completed 80 % :  mod = 2.3510789049535518e-11,  Error =1.9083119013885153e-06
Completed 80 % :  mod = 2.5189665727594425e-11,  Error =1.914634061961351e-06
Completed 80 % :  mod = 2.719740461390951e-11,  Error =1.9209436530331914e-06
Completed 80 % :  mod = 2.9510412284738097e-11,  Error =1.92724596104199e-06
Completed 81 % :  mod = 3.2082653092524915e-11,  Error =1.9335447021262553e-06
Completed 81 % :  mod = 3.4836104200176085e-11,  Error =1.9398267170345207e-06
Completed 81 % :  mod = 3.768590221636204e-11,  Error =1.9460962192852094e-06
Completed 81 % :  mod = 4.055943171076973e-11,  Error =1.952356960543966e-06
Completed 82 % :  mod = 4.342115007909821e-11,  Error =1.95859477258864e-06
Completed 82 % :  mod = 4.631442195769607e-11,  Error =1.964812980759234e-06
Completed 82 % :  mod = 4.9359644546738415e-11,  Error =1.97101300614122e-06
Completed 82 % :  mod = 5.2727250746632076e-11,  Error =1.9771797923340273e-06
Completed 83 % :  mod = 5.661891974781766e-11,  Error =1.983312927222869e-06
Completed 83 % :  mod = 6.122286500002085e-11,  Error =1.9894122615937704e-06
Completed 83 % :  mod = 6.666870951024774e-11,  Error =1.9954582413106436e-06
Completed 83 % :  mod = 7.303364576897461e-11,  Error =2.0014470649698524e-06
Completed 84 % :  mod = 8.032215328880854e-11,  Error =2.0073743769444263e-06
Completed 84 % :  mod = 8.843403617238878e-11,  Error =2.013217617502505e-06
Completed 84 % :  mod = 9.720939074394255e-11,  Error =2.0189757279354126e-06
Completed 84 % :  mod = 1.0638103010228578e-10,  Error =2.0246256369205184e-06
Completed 85 % :  mod = 1.156656565426159e-10,  Error =2.0301607790429443e-06
Completed 85 % :  mod = 1.2480398355802121e-10,  Error =2.0355741412458883e-06
Completed 85 % :  mod = 1.3361095773384416e-10,  Error =2.040844002237918e-06
Completed 85 % :  mod = 1.4208445679928873e-10,  Error =2.0459643295112073e-06
Completed 86 % :  mod = 1.5039028985629276e-10,  Error =2.050928429753185e-06
Completed 86 % :  mod = 1.5879197390253806e-10,  Error =2.0557161661827195e-06
Completed 86 % :  mod = 1.676004940911671e-10,  Error =2.060322849217755e-06
Completed 86 % :  mod = 1.7704321879521662e-10,  Error =2.0647439882282015e-06
Completed 87 % :  mod = 1.8714629594436652e-10,  Error =2.0689675181984057e-06
Completed 87 % :  mod = 1.9773491999456842e-10,  Error =2.0729978444933295e-06
Completed 87 % :  mod = 2.0839604345577383e-10,  Error =2.076846421061873e-06
Completed 87 % :  mod = 2.1846530232376202e-10,  Error =2.0805235365628505e-06
Completed 88 % :  mod = 2.2713681837773297e-10,  Error =2.0840593322191125e-06
Completed 88 % :  mod = 2.335242634571241e-10,  Error =2.087493918168093e-06
Completed 88 % :  mod = 2.3679813676829493e-10,  Error =2.09086628899513e-06
Completed 88 % :  mod = 2.3640149707286837e-10,  Error =2.094230779903228e-06
Completed 89 % :  mod = 2.3217228243213037e-10,  Error =2.0976449306431277e-06
Completed 89 % :  mod = 2.2443440701652457e-10,  Error =2.101153505407183e-06
Completed 89 % :  mod = 2.1390525448039378e-10,  Error =2.104807471425829e-06
Completed 89 % :  mod = 2.0158786623828837e-10,  Error =2.108633879061017e-06
Completed 90 % :  mod = 1.8850795911653896e-10,  Error =2.1126593097164914e-06
Completed 90 % :  mod = 1.755647112442564e-10,  Error =2.1168975550267533e-06
Completed 90 % :  mod = 1.6345989573826895e-10,  Error =2.1213419003629497e-06
Completed 90 % :  mod = 1.5258125541454985e-10,  Error =2.125989070123069e-06
Completed 91 % :  mod = 1.4304277966921412e-10,  Error =2.130830566215991e-06
Completed 91 % :  mod = 1.3473549943573255e-10,  Error =2.13584274177947e-06
Completed 91 % :  mod = 1.2733197982713243e-10,  Error =2.1410135815358444e-06
Completed 91 % :  mod = 1.2040226984660028e-10,  Error =2.1463320507564276e-06
Completed 92 % :  mod = 1.1353755281158447e-10,  Error =2.1517742041510246e-06
Completed 92 % :  mod = 1.0641990423999206e-10,  Error =2.1573320623247128e-06
Completed 92 % :  mod = 9.891479598082991e-11,  Error =2.162999784616204e-06
Completed 92 % :  mod = 9.11091602018301e-11,  Error =2.168756729759025e-06
Completed 93 % :  mod = 8.322650379908654e-11,  Error =2.1745986131804784e-06
Completed 93 % :  mod = 7.556518481714866e-11,  Error =2.180521406103253e-06
Completed 93 % :  mod = 6.843334272987214e-11,  Error =2.1865048012159605e-06
Completed 93 % :  mod = 6.203937664691053e-11,  Error =2.192551264101894e-06
Completed 94 % :  mod = 5.651758715139795e-11,  Error =2.198640871142743e-06
Completed 94 % :  mod = 5.188923798769781e-11,  Error =2.204771014646667e-06
Completed 94 % :  mod = 4.809992395268124e-11,  Error =2.210940813540674e-06
Completed 94 % :  mod = 4.504249924951604e-11,  Error =2.217132752946327e-06
Completed 95 % :  mod = 4.255020419503602e-11,  Error =2.2233477920963196e-06
Completed 95 % :  mod = 4.0427134946412645e-11,  Error =2.2295875581335167e-06
Completed 95 % :  mod = 3.848025408933448e-11,  Error =2.2358377052000833e-06
Completed 95 % :  mod = 3.654586348860901e-11,  Error =2.2421010967832444e-06
Completed 96 % :  mod = 3.453119059734249e-11,  Error =2.2483818895580043e-06
Completed 96 % :  mod = 3.2437151976321493e-11,  Error =2.254666370049563e-06
Completed 96 % :  mod = 3.0336762249859365e-11,  Error =2.2609590573097194e-06
Completed 96 % :  mod = 2.8346366094746915e-11,  Error =2.2672649109267695e-06
Completed 97 % :  mod = 2.6589111043859513e-11,  Error =2.2735706863841187e-06
Completed 97 % :  mod = 2.5152578170976255e-11,  Error =2.279881783806559e-06
Completed 97 % :  mod = 2.408465032031289e-11,  Error =2.286202246182256e-06
Completed 97 % :  mod = 2.3401424414603227e-11,  Error =2.2925198663870106e-06
Completed 98 % :  mod = 2.3092443190333758e-11,  Error =2.298839675063391e-06
Completed 98 % :  mod = 2.3129690789909887e-11,  Error =2.305166447058582e-06
Completed 98 % :  mod = 2.3461706351651466e-11,  Error =2.311487776296417e-06
Completed 98 % :  mod = 2.400938081804061e-11,  Error =2.317814391972206e-06
Completed 99 % :  mod = 2.4669742427177107e-11,  Error =2.3241347548719204e-06
Completed 99 % :  mod = 2.5341552282525403e-11,  Error =2.330453547472189e-06
Completed 99 % :  mod = 2.595708709019382e-11,  Error =2.336776155686948e-06
Completed 99 % :  mod = 2.6508589288264715e-11,  Error =2.3430903368648615e-06
Completed 100 % :  mod = 2.7059638395574796e-11,  Error =2.3494011003322157e-06
Finished 15/31 frames
Finished all frames!
