/opt/local/miniconda_23_9/lib/python3.11/site-packages/conda/base/context.py:201: FutureWarning: Adding 'defaults' to channel list implicitly is deprecated and will be removed in 25.3. 

To remove this warning, please choose a default channel explicitly with conda's regular configuration system, e.g. by adding 'defaults' to the list of channels:

  conda config --add channels defaults

For more information see https://docs.conda.io/projects/conda/en/stable/user-guide/configuration/use-condarc.html

  deprecated.topic(
JOB 14474 ARRAY_ID 2  -> i=2 ; range=[1.9e-10, 5.0e-10] ; intervals=30 (frames=31)
Analytic t0 extension enabled (--extend-time-using-t0).
Extending simulation time for p0=2.100e-10 from 10000000000.0 to 1.488e+10
Completed 0 % :  mod = 1.6799999999358298e-16,  Error =-1.4210854715202004e-14
Completed 0 % :  mod = 1.68578738305023e-16,  Error =3.542226068020682e-09
Completed 0 % :  mod = 1.703189403015943e-16,  Error =7.084835829118674e-09
Completed 0 % :  mod = 1.7323164956825757e-16,  Error =1.062633714354888e-08
Completed 0 % :  mod = 1.7733850944083657e-16,  Error =1.416889716665537e-08
Completed 1 % :  mod = 1.826655784350722e-16,  Error =1.7710327426812e-08
Completed 1 % :  mod = 1.8925243848744365e-16,  Error =2.125279507936284e-08
Completed 1 % :  mod = 1.9714319512670615e-16,  Error =2.4795006936528807e-08
Completed 1 % :  mod = 2.0638953881763937e-16,  Error =2.833631640442036e-08
Completed 2 % :  mod = 2.1706015972398427e-16,  Error =3.187916064462115e-08
Completed 2 % :  mod = 2.292227810353457e-16,  Error =3.5420669064478716e-08
Completed 2 % :  mod = 2.429677644788269e-16,  Error =3.896365541322666e-08
Completed 2 % :  mod = 2.5838672609753236e-16,  Error =4.250641438829916e-08
Completed 3 % :  mod = 2.7558102581198976e-16,  Error =4.604811465469538e-08
Completed 3 % :  mod = 2.946783908036313e-16,  Error =4.959052546382736e-08
Completed 3 % :  mod = 3.158000416511909e-16,  Error =5.3132154675950005e-08
Completed 3 % :  mod = 3.3910287988611274e-16,  Error =5.6674892334740434e-08
Completed 4 % :  mod = 3.647348168790523e-16,  Error =6.021650733600836e-08
Completed 4 % :  mod = 3.9288626102502046e-16,  Error =6.375899630484128e-08
Completed 4 % :  mod = 4.237445933413837e-16,  Error =6.730175527991378e-08
Completed 4 % :  mod = 4.575128986109438e-16,  Error =7.084330633233549e-08
Completed 5 % :  mod = 4.944420484091766e-16,  Error =7.438669058501546e-08
Completed 5 % :  mod = 5.3476642575851625e-16,  Error =7.792824874286453e-08
Completed 5 % :  mod = 5.787856008386413e-16,  Error =8.147105035050117e-08
Completed 5 % :  mod = 6.267924612955554e-16,  Error =8.501365300617181e-08
Completed 6 % :  mod = 6.791030395989942e-16,  Error =8.855514721517466e-08
Completed 6 % :  mod = 7.361059685168886e-16,  Error =9.209805540422167e-08
Completed 6 % :  mod = 7.981630272774625e-16,  Error =9.563978409232732e-08
Completed 6 % :  mod = 8.657352479419532e-16,  Error =9.918216647974987e-08
Completed 7 % :  mod = 9.392514983255632e-16,  Error =1.0272376727016308e-07
Completed 7 % :  mod = 1.0192579362667531e-15,  Error =1.0626639124211579e-07
Completed 7 % :  mod = 1.106286799239949e-15,  Error =1.0980924258774394e-07
Completed 7 % :  mod = 1.200911097744439e-15,  Error =1.1335077232388358e-07
Completed 8 % :  mod = 1.3038338150495119e-15,  Error =1.1689360945865701e-07
Completed 8 % :  mod = 1.4157081730482625e-15,  Error =1.2043572894526733e-07
Completed 8 % :  mod = 1.5373653082411258e-15,  Error =1.2397887161341714e-07
Completed 8 % :  mod = 1.6696144922117064e-15,  Error =1.275214032148142e-07
Completed 9 % :  mod = 1.8133265144827522e-15,  Error =1.310628903183897e-07
Completed 9 % :  mod = 1.9695690288065106e-15,  Error =1.3460549297406033e-07
Completed 9 % :  mod = 2.139333670985236e-15,  Error =1.3814736377071313e-07
Completed 9 % :  mod = 2.3238816503816224e-15,  Error =1.4169034301403372e-07
Completed 10 % :  mod = 2.524384245075371e-15,  Error =1.452324696060714e-07
Completed 10 % :  mod = 2.7423310251114617e-15,  Error =1.4877537068969104e-07
Completed 10 % :  mod = 2.9791717531399783e-15,  Error =1.5231760386313908e-07
Completed 10 % :  mod = 3.2364659308126445e-15,  Error =1.5585919044269758e-07
Completed 11 % :  mod = 3.5161250274065716e-15,  Error =1.5940177178208614e-07
Completed 11 % :  mod = 3.819923978904336e-15,  Error =1.6294335125621728e-07
Completed 11 % :  mod = 4.1501197487446625e-15,  Error =1.6648642287009352e-07
Completed 11 % :  mod = 4.50890876765094e-15,  Error =1.7002908947461037e-07
Completed 12 % :  mod = 4.898653524146997e-15,  Error =1.7357093184955374e-07
Completed 12 % :  mod = 5.322249488538544e-15,  Error =1.7711364108663474e-07
Completed 12 % :  mod = 5.782385124736903e-15,  Error =1.8065540530187718e-07
Completed 12 % :  mod = 6.282478846992931e-15,  Error =1.8419818559323176e-07
Completed 13 % :  mod = 6.825704629673165e-15,  Error =1.8773947374484123e-07
Completed 13 % :  mod = 7.416098183226782e-15,  Error =1.9128160744230627e-07
Completed 13 % :  mod = 8.057586719768843e-15,  Error =1.948250130112683e-07
Completed 13 % :  mod = 8.754394229549327e-15,  Error =1.983665853799721e-07
Completed 14 % :  mod = 9.511697367350075e-15,  Error =2.0190968541555776e-07
Completed 14 % :  mod = 1.0334302589680431e-14,  Error =2.0545137147109926e-07
Completed 14 % :  mod = 1.1228321116211719e-14,  Error =2.0899462072065944e-07
Completed 14 % :  mod = 1.2199699867762696e-14,  Error =2.125375715422706e-07
Completed 15 % :  mod = 1.3254835007304689e-14,  Error =2.1607922207067531e-07
Completed 15 % :  mod = 1.4401565285132584e-14,  Error =2.1962189578061952e-07
Completed 15 % :  mod = 1.5647168735737617e-14,  Error =2.2316341130590445e-07
Completed 15 % :  mod = 1.7000899115848275e-14,  Error =2.267063621275156e-07
Completed 16 % :  mod = 1.847134824781335e-14,  Error =2.3024825424045048e-07
Completed 16 % :  mod = 2.0069440283241843e-14,  Error =2.3379098479381355e-07
Completed 16 % :  mod = 2.1805805529048773e-14,  Error =2.3733403509140771e-07
Completed 16 % :  mod = 2.369187731536552e-14,  Error =2.408759911531888e-07
Completed 17 % :  mod = 2.574166751039372e-14,  Error =2.444187856553981e-07
Completed 17 % :  mod = 2.796818566830314e-14,  Error =2.479601519667085e-07
Completed 17 % :  mod = 3.038797286396831e-14,  Error =2.5150315252631117e-07
Completed 17 % :  mod = 3.301712520089639e-14,  Error =2.5504573386569973e-07
Completed 18 % :  mod = 3.5872954665148016e-14,  Error =2.585872209692752e-07
Completed 18 % :  mod = 3.897667755848781e-14,  Error =2.6213044179712597e-07
Completed 18 % :  mod = 4.234799244899673e-14,  Error =2.656726607597193e-07
Completed 18 % :  mod = 4.601194522359665e-14,  Error =2.692156542138946e-07
Completed 19 % :  mod = 4.999179006973966e-14,  Error =2.7275721237174366e-07
Completed 19 % :  mod = 5.431709367483749e-14,  Error =2.7629985765997844e-07
Completed 19 % :  mod = 5.901662724836854e-14,  Error =2.7984261663505094e-07
Completed 19 % :  mod = 6.412133534273467e-14,  Error =2.833842458471736e-07
Completed 20 % :  mod = 6.966914124658489e-14,  Error =2.869270048222461e-07
Completed 20 % :  mod = 7.569525530445346e-14,  Error =2.9046915273056584e-07
Completed 20 % :  mod = 8.22444458858068e-14,  Error =2.940123167149977e-07
Completed 20 % :  mod = 8.936027681799727e-14,  Error =2.9755504016293344e-07
Completed 21 % :  mod = 9.708960259037275e-14,  Error =3.010968825378768e-07
Completed 21 % :  mod = 1.0548984447275906e-13,  Error =3.046397907269238e-07
Completed 21 % :  mod = 1.1461431572341553e-13,  Error =3.0818145546618325e-07
Completed 21 % :  mod = 1.2453080173629101e-13,  Error =3.1172443470950384e-07
Completed 22 % :  mod = 1.3530223824642238e-13,  Error =3.152666820938066e-07
Completed 22 % :  mod = 1.470086451827047e-13,  Error =3.188091710626395e-07
Completed 22 % :  mod = 1.5972788881144252e-13,  Error =3.2235177371831014e-07
Completed 22 % :  mod = 1.735437166847869e-13,  Error =3.2589310450248377e-07
Completed 23 % :  mod = 1.8855876305042029e-13,  Error =3.2943586347755627e-07
Completed 23 % :  mod = 2.048683182270338e-13,  Error =3.329774287408327e-07
Completed 23 % :  mod = 2.225935392292875e-13,  Error =3.3652010955620426e-07
Completed 23 % :  mod = 2.418523206864982e-13,  Error =3.4006325222435407e-07
Completed 24 % :  mod = 2.6277146030262796e-13,  Error =3.436055067140842e-07
Completed 24 % :  mod = 2.855063505422738e-13,  Error =3.4714875596364436e-07
Completed 24 % :  mod = 3.102012608102311e-13,  Error =3.506904562300406e-07
Completed 24 % :  mod = 3.370396222464338e-13,  Error =3.5423312283455743e-07
Completed 25 % :  mod = 3.6619173265661545e-13,  Error =3.5777458862185085e-07
Completed 25 % :  mod = 3.978741165204033e-13,  Error =3.6131771707914595e-07
Completed 25 % :  mod = 4.32297456272716e-13,  Error =3.6486106580468913e-07
Completed 25 % :  mod = 4.696883344753148e-13,  Error =3.684029792339061e-07
Completed 26 % :  mod = 5.103244264549161e-13,  Error =3.7194548951902107e-07
Completed 26 % :  mod = 5.544635039796003e-13,  Error =3.754868984628956e-07
Completed 26 % :  mod = 6.024333069409587e-13,  Error =3.7902988481164357e-07
Completed 26 % :  mod = 6.545526995172628e-13,  Error =3.825723524641944e-07
Completed 27 % :  mod = 7.111645815124844e-13,  Error =3.8611450037251416e-07
Completed 27 % :  mod = 7.726891605042995e-13,  Error =3.8965698934134707e-07
Completed 27 % :  mod = 8.395164453665777e-13,  Error =3.9319888145428195e-07
Completed 27 % :  mod = 9.121422968008393e-13,  Error =3.9674192464644875e-07
Completed 28 % :  mod = 9.91026875268162e-13,  Error =4.0028416492532415e-07
Completed 28 % :  mod = 1.0767552244670707e-12,  Error =4.0382682442441364e-07
Completed 28 % :  mod = 1.169896314038705e-12,  Error =4.073694270800843e-07
Completed 28 % :  mod = 1.2710618014990305e-12,  Error =4.10910978132506e-07
Completed 29 % :  mod = 1.3810011482098298e-12,  Error =4.1445422738206616e-07
Completed 29 % :  mod = 1.5004094090947007e-12,  Error =4.179958921213256e-07
Completed 29 % :  mod = 1.6301702127422777e-12,  Error =4.2153784107767933e-07
Completed 29 % :  mod = 1.7711422547943608e-12,  Error =4.250804508387773e-07
Completed 30 % :  mod = 1.9242480844486278e-12,  Error =4.28621603987267e-07
Completed 30 % :  mod = 2.090617824355458e-12,  Error =4.32164014796399e-07
Completed 30 % :  mod = 2.271298001979697e-12,  Error =4.357051324177519e-07
Completed 30 % :  mod = 2.4676188771107857e-12,  Error =4.392478416548329e-07
Completed 31 % :  mod = 2.6808110263271624e-12,  Error =4.427885329505443e-07
Completed 31 % :  mod = 2.912438494780479e-12,  Error =4.4633103613023195e-07
Completed 31 % :  mod = 3.1640166414514848e-12,  Error =4.4987262270979045e-07
Completed 31 % :  mod = 3.4371695422151376e-12,  Error =4.534136266443056e-07
Completed 32 % :  mod = 3.733884804601518e-12,  Error =4.5695477268736795e-07
Completed 32 % :  mod = 4.0559922152597924e-12,  Error =4.604950092357285e-07
Completed 32 % :  mod = 4.405816302645588e-12,  Error =4.640361623842182e-07
Completed 32 % :  mod = 4.785596252079887e-12,  Error =4.675767115713825e-07
Completed 33 % :  mod = 5.19772059179026e-12,  Error =4.711160670467507e-07
Completed 33 % :  mod = 5.6451071911492135e-12,  Error =4.7465613306485466e-07
Completed 33 % :  mod = 6.130411408531962e-12,  Error =4.781942166687259e-07
Completed 33 % :  mod = 6.6570029294985835e-12,  Error =4.817324565919989e-07
Completed 34 % :  mod = 7.2279224858671895e-12,  Error =4.852692967460825e-07
Completed 34 % :  mod = 7.847025939767506e-12,  Error =4.88805795839653e-07
Completed 34 % :  mod = 8.517938139372306e-12,  Error =4.923416270230518e-07
Completed 34 % :  mod = 9.244448275125488e-12,  Error =4.958752839456793e-07
Completed 35 % :  mod = 1.003115050571855e-11,  Error =4.994081450604426e-07
Completed 35 % :  mod = 1.0882014144249912e-11,  Error =5.029384482213572e-07
Completed 35 % :  mod = 1.1802056030913806e-11,  Error =5.064679697852625e-07
Completed 35 % :  mod = 1.279573496981977e-11,  Error =5.09994613651088e-07
Completed 36 % :  mod = 1.3867489250568017e-11,  Error =5.135180387583205e-07
Completed 36 % :  mod = 1.5022608782666583e-11,  Error =5.170391048636702e-07
Completed 36 % :  mod = 1.626504468269242e-11,  Error =5.205557442877762e-07
Completed 36 % :  mod = 1.759975890195774e-11,  Error =5.240689304741863e-07
Completed 37 % :  mod = 1.9029852112232463e-11,  Error =5.275765744272576e-07
Completed 37 % :  mod = 2.0559209211276126e-11,  Error =5.310787614121182e-07
Completed 37 % :  mod = 2.2189571743990484e-11,  Error =5.345746885154767e-07
Completed 37 % :  mod = 2.3921216023295562e-11,  Error =5.380624372719467e-07
Completed 38 % :  mod = 2.5754051262807825e-11,  Error =5.415423132149044e-07
Completed 38 % :  mod = 2.768379296648498e-11,  Error =5.45011317854005e-07
Completed 38 % :  mod = 2.9705354015549845e-11,  Error =5.48469600403223e-07
Completed 38 % :  mod = 3.18086640791504e-11,  Error =5.519157539879416e-07
Completed 39 % :  mod = 3.397950820655157e-11,  Error =5.553465030061489e-07
Completed 39 % :  mod = 3.620078090199998e-11,  Error =5.587635101278465e-07
Completed 39 % :  mod = 3.8447851930425614e-11,  Error =5.621630592145266e-07
Completed 39 % :  mod = 4.06929919840758e-11,  Error =5.655463795051219e-07
Completed 40 % :  mod = 4.290050992418825e-11,  Error =5.689104014550139e-07
Completed 40 % :  mod = 4.5031888593360386e-11,  Error =5.722571856381364e-07
Completed 40 % :  mod = 4.7042434384699494e-11,  Error =5.755852043876075e-07
Completed 40 % :  mod = 4.8884624526656975e-11,  Error =5.788938679529565e-07
Completed 41 % :  mod = 5.051145652387574e-11,  Error =5.821866295718792e-07
Completed 41 % :  mod = 5.18756504549531e-11,  Error =5.854636029312132e-07
Completed 41 % :  mod = 5.293597145109639e-11,  Error =5.887285965400224e-07
Completed 41 % :  mod = 5.3657425388402145e-11,  Error =5.919844667801044e-07
Completed 42 % :  mod = 5.401542416634874e-11,  Error =5.952332102765467e-07
Completed 42 % :  mod = 5.399767457813717e-11,  Error =5.984814777093561e-07
Completed 42 % :  mod = 5.3604809705365735e-11,  Error =6.017319051920822e-07
Completed 42 % :  mod = 5.285029789921557e-11,  Error =6.049885499237462e-07
Completed 43 % :  mod = 5.176011499782796e-11,  Error =6.082537069573846e-07
Completed 43 % :  mod = 5.0369068055044535e-11,  Error =6.115327053635156e-07
Completed 43 % :  mod = 4.8719930716689044e-11,  Error =6.148270585981663e-07
Completed 43 % :  mod = 4.6859925537573574e-11,  Error =6.181374558877906e-07
Completed 44 % :  mod = 4.4836056382368137e-11,  Error =6.214667820358954e-07
Completed 44 % :  mod = 4.269623814376831e-11,  Error =6.248144188703009e-07
Completed 44 % :  mod = 4.0483039678525505e-11,  Error =6.281814250996831e-07
Completed 44 % :  mod = 3.823627807005749e-11,  Error =6.315661380540405e-07
Completed 45 % :  mod = 3.599054274708793e-11,  Error =6.349668382199525e-07
Completed 45 % :  mod = 3.377303951580536e-11,  Error =6.383856998581905e-07
Completed 45 % :  mod = 3.160789367770618e-11,  Error =6.418177136424674e-07
Completed 45 % :  mod = 2.951175255975179e-11,  Error =6.452652243638113e-07
Completed 46 % :  mod = 2.749895258077439e-11,  Error =6.487236632324311e-07
Completed 46 % :  mod = 2.5577620927212417e-11,  Error =6.521946787074739e-07
Completed 46 % :  mod = 2.3754149915089006e-11,  Error =6.556748815000901e-07
Completed 46 % :  mod = 2.2032052191545196e-11,  Error =6.591626942054063e-07
Completed 47 % :  mod = 2.041123641020967e-11,  Error =6.626590192126969e-07
Completed 47 % :  mod = 1.889167536307903e-11,  Error =6.661605738145226e-07
Completed 47 % :  mod = 1.7470328388244588e-11,  Error =6.69669432795672e-07
Completed 47 % :  mod = 1.6144426005801552e-11,  Error =6.731826971417831e-07
Completed 48 % :  mod = 1.491041314464613e-11,  Error =6.766994573581542e-07
Completed 48 % :  mod = 1.3763298498085194e-11,  Error =6.802207224154699e-07
Completed 48 % :  mod = 1.269910814011679e-11,  Error =6.8374401962501e-07
Completed 48 % :  mod = 1.1712549610732412e-11,  Error =6.872712603467335e-07
Completed 49 % :  mod = 1.079942156154924e-11,  Error =6.908003129524332e-07
Completed 49 % :  mod = 9.954562497537027e-12,  Error =6.943325843167258e-07
Completed 49 % :  mod = 9.173682753138356e-12,  Error =6.978649693678562e-07
Completed 49 % :  mod = 8.452590216291616e-12,  Error =7.01398434443945e-07
Completed 50 % :  mod = 7.78671280659322e-12,  Error =7.04934208783925e-07
Completed 50 % :  mod = 7.172439203301613e-12,  Error =7.084698765424946e-07
Completed 50 % :  mod = 6.605687450171737e-12,  Error =7.120076688238441e-07
Completed 50 % :  mod = 6.083101980529138e-12,  Error =7.155460650665191e-07
Completed 51 % :  mod = 5.601501613193401e-12,  Error =7.190836939230394e-07
Completed 51 % :  mod = 5.157538780963885e-12,  Error =7.226234259860576e-07
Completed 51 % :  mod = 4.7485756332477765e-12,  Error =7.261625114551862e-07
Completed 51 % :  mod = 4.371714482044673e-12,  Error =7.297031174857693e-07
Completed 52 % :  mod = 4.024673186636715e-12,  Error =7.33242998762762e-07
Completed 52 % :  mod = 3.704959212882502e-12,  Error =7.367840737515507e-07
Completed 52 % :  mod = 3.4105341468282834e-12,  Error =7.403253903248697e-07
Completed 52 % :  mod = 3.13949175947138e-12,  Error =7.438662095182735e-07
Completed 53 % :  mod = 2.8898591614350808e-12,  Error =7.474074834590283e-07
Completed 53 % :  mod = 2.660083747928538e-12,  Error =7.50948558447817e-07
Completed 53 % :  mod = 2.4484832703065057e-12,  Error =7.544904576661793e-07
Completed 53 % :  mod = 2.2536837211380794e-12,  Error =7.58032108194584e-07
Completed 54 % :  mod = 2.0744044135725817e-12,  Error =7.615732613430737e-07
Completed 54 % :  mod = 1.9093252169842487e-12,  Error =7.651155726762227e-07
Completed 54 % :  mod = 1.7574075779831066e-12,  Error =7.686570953069349e-07
Completed 54 % :  mod = 1.6175300321138905e-12,  Error =7.721996766463235e-07
Completed 55 % :  mod = 1.488810382624733e-12,  Error =7.757416184972499e-07
Completed 55 % :  mod = 1.3702967028914333e-12,  Error =7.792841145715101e-07
Completed 55 % :  mod = 1.2612120093210387e-12,  Error =7.828268238085911e-07
Completed 55 % :  mod = 1.1608333314395699e-12,  Error =7.863687798703722e-07
Completed 56 % :  mod = 1.0684170043775302e-12,  Error =7.899117306919834e-07
Completed 56 % :  mod = 9.833780890183384e-13,  Error =7.934534878017985e-07
Completed 56 % :  mod = 9.050860733434879e-13,  Error =7.9699616861717e-07
Completed 56 % :  mod = 8.330264084075163e-13,  Error =8.005386362697209e-07
Completed 57 % :  mod = 7.667205250698068e-13,  Error =8.040802867981256e-07
Completed 57 % :  mod = 7.056764220149873e-13,  Error =8.076226833964029e-07
Completed 57 % :  mod = 6.495071288509568e-13,  Error =8.11164859726432e-07
Completed 57 % :  mod = 5.977957174963891e-13,  Error =8.147078176534706e-07
Completed 58 % :  mod = 5.502142685609829e-13,  Error =8.182492621244819e-07
Completed 58 % :  mod = 5.064095125117709e-13,  Error =8.217922413678025e-07
Completed 58 % :  mod = 4.660931817571063e-13,  Error =8.253352277165504e-07
Completed 58 % :  mod = 4.289972303788234e-13,  Error =8.288768711395278e-07
Completed 59 % :  mod = 3.9484617165295733e-13,  Error =8.324197651177201e-07
Completed 59 % :  mod = 3.634233373692877e-13,  Error =8.359616927577918e-07
Completed 59 % :  mod = 3.344953463026828e-13,  Error =8.39504565419702e-07
Completed 59 % :  mod = 3.078717674903699e-13,  Error =8.430470330722528e-07
Completed 60 % :  mod = 2.83375542291662e-13,  Error =8.465889607123245e-07
Completed 60 % :  mod = 2.608247148718887e-13,  Error =8.501318262688073e-07
Completed 60 % :  mod = 2.400761834597766e-13,  Error =8.53673753908879e-07
Completed 60 % :  mod = 2.2097582259852398e-13,  Error =8.572161078745921e-07
Completed 61 % :  mod = 2.0340242075311772e-13,  Error =8.607583623643222e-07
Completed 61 % :  mod = 1.8722543377942844e-13,  Error =8.643009223874287e-07
Completed 61 % :  mod = 1.7233835129906e-13,  Error =8.678434610942531e-07
Completed 61 % :  mod = 1.5864215220377298e-13,  Error =8.713850263575296e-07
Completed 62 % :  mod = 1.4603509087784862e-13,  Error =8.749280482334143e-07
Completed 62 % :  mod = 1.3443715712412004e-13,  Error =8.78469876397503e-07
Completed 62 % :  mod = 1.2376219154461383e-13,  Error =8.820132251230461e-07
Completed 62 % :  mod = 1.1393990678185004e-13,  Error =8.855563820020507e-07
Completed 63 % :  mod = 1.0490496702848965e-13,  Error =8.890982527987035e-07
Completed 63 % :  mod = 9.659025199565021e-14,  Error =8.926409620357845e-07
Completed 63 % :  mod = 8.894299119136692e-14,  Error =8.961826836184628e-07
Completed 63 % :  mod = 8.190637298893726e-14,  Error =8.997246752073806e-07
Completed 64 % :  mod = 7.543573823522169e-14,  Error =9.03267114438222e-07
Completed 64 % :  mod = 6.948301627252798e-14,  Error =9.068098165698757e-07
Completed 64 % :  mod = 6.400901287178828e-14,  Error =9.103529166054614e-07
Completed 64 % :  mod = 5.897731390162188e-14,  Error =9.138944037090369e-07
Completed 65 % :  mod = 5.4350538471578936e-14,  Error =9.174371768949641e-07
Completed 65 % :  mod = 5.009932164060059e-14,  Error =9.209789340047791e-07
Completed 65 % :  mod = 4.619208072847355e-14,  Error =9.245214229736121e-07
Completed 65 % :  mod = 4.260309089739517e-14,  Error =9.28063613514496e-07
Completed 66 % :  mod = 3.930847564174644e-14,  Error =9.316050082475158e-07
Completed 66 % :  mod = 3.6283758856205257e-14,  Error =9.351476606411779e-07
Completed 66 % :  mod = 3.3509743431911875e-14,  Error =9.386896593355232e-07
Completed 66 % :  mod = 3.096582084038318e-14,  Error =9.422319493523901e-07
Completed 67 % :  mod = 2.8635845429114434e-14,  Error =9.457740191010089e-07
Completed 67 % :  mod = 2.650250749744165e-14,  Error =9.493163943830041e-07
Completed 67 % :  mod = 2.4551764953793057e-14,  Error =9.528588194029908e-07
Completed 67 % :  mod = 2.2770636111817133e-14,  Error =9.564007115159257e-07
Completed 68 % :  mod = 2.114588874264966e-14,  Error =9.599435770724085e-07
Completed 68 % :  mod = 1.9667210943061973e-14,  Error =9.634853341822236e-07
Completed 68 % :  mod = 1.8323617429075497e-14,  Error =9.670281286844329e-07
Completed 68 % :  mod = 1.7106268906529978e-14,  Error =9.70570582126129e-07
Completed 69 % :  mod = 1.6007059265363903e-14,  Error =9.74112118967696e-07
Completed 69 % :  mod = 1.5017822317594665e-14,  Error =9.776551621598628e-07
Completed 69 % :  mod = 1.4132279616065416e-14,  Error =9.811972745410458e-07
Completed 69 % :  mod = 1.3343852315793728e-14,  Error =9.847402040463749e-07
Completed 70 % :  mod = 1.2647536484288996e-14,  Error =9.882821174755918e-07
Completed 70 % :  mod = 1.2038159058490996e-14,  Error =9.918249972429294e-07
Completed 70 % :  mod = 1.1511721476942052e-14,  Error =9.95367955169968e-07
Completed 70 % :  mod = 1.1064706765425454e-14,  Error =9.989095417495264e-07
Completed 71 % :  mod = 1.0693794029579976e-14,  Error =1.0024524925711376e-06
Completed 71 % :  mod = 1.0396629129098721e-14,  Error =1.00599425678638e-06
Completed 71 % :  mod = 1.0171004414207654e-14,  Error =1.0095365610141016e-06
Completed 71 % :  mod = 1.0015455297163861e-14,  Error =1.0130795899954137e-06
Completed 72 % :  mod = 9.92892418707404e-15,  Error =1.016621787641725e-06
Completed 72 % :  mod = 9.910768231943148e-15,  Error =1.0201644897733786e-06
Completed 72 % :  mod = 9.960872196102677e-15,  Error =1.0237063037266125e-06
Completed 72 % :  mod = 1.0079608313413214e-14,  Error =1.027249261653651e-06
Completed 73 % :  mod = 1.026773016190471e-14,  Error =1.0307909050766284e-06
Completed 73 % :  mod = 1.0526635332239953e-14,  Error =1.0343339553742226e-06
Completed 73 % :  mod = 1.0858066310002695e-14,  Error =1.0378769843555347e-06
Completed 73 % :  mod = 1.1264186787038256e-14,  Error =1.0414183435614177e-06
Completed 74 % :  mod = 1.1748013895531937e-14,  Error =1.0449607898976865e-06
Completed 74 % :  mod = 1.2312618368300649e-14,  Error =1.048502355160963e-06
Completed 74 % :  mod = 1.2962194737883298e-14,  Error =1.0520450715034713e-06
Completed 74 % :  mod = 1.3701077281486961e-14,  Error =1.0555878446893985e-06
Completed 75 % :  mod = 1.4534118966125668e-14,  Error =1.059129630220923e-06
Completed 75 % :  mod = 1.5467508553914604e-14,  Error =1.0626727799945002e-06
Completed 75 % :  mod = 1.6507170081979374e-14,  Error =1.06621492790282e-06
Completed 75 % :  mod = 1.766082732126895e-14,  Error =1.0697577934593028e-06
Completed 76 % :  mod = 1.893580229144854e-14,  Error =1.0732998987350584e-06
Completed 76 % :  mod = 2.034156694057047e-14,  Error =1.0768424303364554e-06
Completed 76 % :  mod = 2.188747972218204e-14,  Error =1.0803844432416554e-06
Completed 76 % :  mod = 2.3583713028832468e-14,  Error =1.0839258663963847e-06
Completed 77 % :  mod = 2.5442868382004976e-14,  Error =1.0874682416783799e-06
Completed 77 % :  mod = 2.747674544510203e-14,  Error =1.091009799836229e-06
Completed 77 % :  mod = 2.970045412169763e-14,  Error =1.0945528785555325e-06
Completed 77 % :  mod = 3.212879120620403e-14,  Error =1.0980956730577418e-06
Completed 78 % :  mod = 3.4777741828507995e-14,  Error =1.1016376078032408e-06
Completed 78 % :  mod = 3.76669853814031e-14,  Error =1.1051801180883558e-06
Completed 78 % :  mod = 4.0814859187176063e-14,  Error =1.108722273102103e-06
Completed 78 % :  mod = 4.4244749171304105e-14,  Error =1.112264726543799e-06
Completed 79 % :  mod = 4.797842401368513e-14,  Error =1.1158060786442547e-06
Completed 79 % :  mod = 5.2043621582272594e-14,  Error =1.1193492355232593e-06
Completed 79 % :  mod = 5.646738571318907e-14,  Error =1.1228918737060667e-06
Completed 79 % :  mod = 6.127884258299866e-14,  Error =1.1264334816019073e-06
Completed 80 % :  mod = 6.651373695379627e-14,  Error =1.1299765461103561e-06
Completed 80 % :  mod = 7.220529323033717e-14,  Error =1.1335186655969665e-06
Completed 80 % :  mod = 7.839579439370519e-14,  Error =1.1370615737860135e-06
Completed 80 % :  mod = 8.512642022371376e-14,  Error =1.1406045388184793e-06
Completed 81 % :  mod = 9.244148722189526e-14,  Error =1.1441461609251746e-06
Completed 81 % :  mod = 1.0039533922432018e-13,  Error =1.1476886072614434e-06
Completed 81 % :  mod = 1.0903845654154383e-13,  Error =1.1512301867355745e-06
Completed 81 % :  mod = 1.184350487595086e-13,  Error =1.1547729883432112e-06
Completed 82 % :  mod = 1.2864475227164967e-13,  Error =1.1583150012484111e-06
Completed 82 % :  mod = 1.3974341421495616e-13,  Error =1.1618573338978422e-06
Completed 82 % :  mod = 1.5180485971685894e-13,  Error =1.1654002065597524e-06
Completed 82 % :  mod = 1.6490850464494457e-13,  Error =1.168941693663328e-06
Completed 83 % :  mod = 1.7915169315463238e-13,  Error =1.1724841755267335e-06
Completed 83 % :  mod = 1.9462481778234973e-13,  Error =1.176026259486207e-06
Completed 83 % :  mod = 2.1144282291301702e-13,  Error =1.1795685992410654e-06
Completed 83 % :  mod = 2.297175707927443e-13,  Error =1.1831116353278048e-06
Completed 84 % :  mod = 2.4956938115699626e-13,  Error =1.1866531579585171e-06
Completed 84 % :  mod = 2.7114571984655903e-13,  Error =1.1901958600901708e-06
Completed 84 % :  mod = 2.945835067408428e-13,  Error =1.193737205085199e-06
Completed 84 % :  mod = 3.2005683805321535e-13,  Error =1.1972796798431773e-06
Completed 85 % :  mod = 3.477273538134697e-13,  Error =1.2008212948444452e-06
Completed 85 % :  mod = 3.7780057886200025e-13,  Error =1.204364338036612e-06
Completed 85 % :  mod = 4.1047650154343065e-13,  Error =1.2079068341108723e-06
Completed 85 % :  mod = 4.459702099401673e-13,  Error =1.2114482430547469e-06
Completed 86 % :  mod = 4.845453004835562e-13,  Error =1.2149909665026826e-06
Completed 86 % :  mod = 5.264464840234177e-13,  Error =1.2185320770186081e-06
Completed 86 % :  mod = 5.71984900240551e-13,  Error =1.2220751912650485e-06
Completed 86 % :  mod = 6.214632728182456e-13,  Error =1.2256176802338814e-06
Completed 87 % :  mod = 6.752071527532435e-13,  Error =1.2291591602320295e-06
Completed 87 % :  mod = 7.336154943282327e-13,  Error =1.2327018055202643e-06
Completed 87 % :  mod = 7.970585969080908e-13,  Error =1.2362438255308916e-06
Completed 87 % :  mod = 8.660072674961946e-13,  Error =1.2397863287105793e-06
Completed 88 % :  mod = 9.408984409047797e-13,  Error =1.2433279295009925e-06
Completed 88 % :  mod = 1.022287637750561e-12,  Error =1.2468704539969622e-06
Completed 88 % :  mod = 1.1107151499204783e-12,  Error =1.250413042441778e-06
Completed 88 % :  mod = 1.2067618347909062e-12,  Error =1.2539543874368064e-06
Completed 89 % :  mod = 1.3111394300501e-12,  Error =1.2574971819390157e-06
Completed 89 % :  mod = 1.4245080818448409e-12,  Error =1.2610391451062242e-06
Completed 89 % :  mod = 1.547707050706855e-12,  Error =1.2645815061773646e-06
Completed 89 % :  mod = 1.6815520268830647e-12,  Error =1.2681245848966682e-06
Completed 90 % :  mod = 1.826919452622239e-12,  Error =1.2716661146328079e-06
Completed 90 % :  mod = 1.9848830166759454e-12,  Error =1.2752091009815558e-06
Completed 90 % :  mod = 2.1564372476233926e-12,  Error =1.2787505383471398e-06
Completed 90 % :  mod = 2.3428463427542454e-12,  Error =1.282292259929818e-06
Completed 91 % :  mod = 2.5452801942756932e-12,  Error =1.2858336688736927e-06
Completed 91 % :  mod = 2.765225773448314e-12,  Error =1.2893756178300464e-06
Completed 91 % :  mod = 3.0041243912406796e-12,  Error =1.2929172683584511e-06
Completed 91 % :  mod = 3.2635213096661844e-12,  Error =1.2964580236030088e-06
Completed 92 % :  mod = 3.545307940235951e-12,  Error =1.3000000080864993e-06
Completed 92 % :  mod = 3.851227002380221e-12,  Error =1.3035405785899457e-06
Completed 92 % :  mod = 4.183492600491564e-12,  Error =1.3070814404159137e-06
Completed 92 % :  mod = 4.544239738067814e-12,  Error =1.3106220464464968e-06
Completed 93 % :  mod = 4.935747724685896e-12,  Error =1.3141612456024632e-06
Completed 93 % :  mod = 5.360801900582357e-12,  Error =1.3177011837228747e-06
Completed 93 % :  mod = 5.821942261515667e-12,  Error =1.3212399707640543e-06
Completed 93 % :  mod = 6.322392701738435e-12,  Error =1.3247787080672424e-06
Completed 94 % :  mod = 6.8650711039508595e-12,  Error =1.3283157187515826e-06
Completed 94 % :  mod = 7.453678506329791e-12,  Error =1.3318529994421624e-06
Completed 94 % :  mod = 8.091707103184789e-12,  Error =1.3353896122225706e-06
Completed 94 % :  mod = 8.78281876830459e-12,  Error =1.3389235249405829e-06
Completed 95 % :  mod = 9.531458338879218e-12,  Error =1.342457970565647e-06
Completed 95 % :  mod = 1.034149790343593e-11,  Error =1.3459897942880161e-06
Completed 95 % :  mod = 1.1217834163410426e-11,  Error =1.3495206019342731e-06
Completed 95 % :  mod = 1.2164867299201708e-11,  Error =1.353049597696554e-06
Completed 96 % :  mod = 1.3187020781485857e-11,  Error =1.3565748986366089e-06
Completed 96 % :  mod = 1.4289584591298818e-11,  Error =1.3600984871686705e-06
Completed 96 % :  mod = 1.5476638601873538e-11,  Error =1.3636174500675224e-06
Completed 96 % :  mod = 1.6753311339050656e-11,  Error =1.3671334215814568e-06
Completed 97 % :  mod = 1.812305381041212e-11,  Error =1.3706442132388474e-06
Completed 97 % :  mod = 1.9590191810430303e-11,  Error =1.3741506421638405e-06
Completed 97 % :  mod = 2.1157146897103846e-11,  Error =1.3776510883189985e-06
Completed 97 % :  mod = 2.2825107342394367e-11,  Error =1.3811433348109858e-06
Completed 98 % :  mod = 2.4595116273501992e-11,  Error =1.384628681933009e-06
Completed 98 % :  mod = 2.6464407155470867e-11,  Error =1.388103100907756e-06
Completed 98 % :  mod = 2.842969975032761e-11,  Error =1.3915690999510844e-06
Completed 98 % :  mod = 3.0483162974287586e-11,  Error =1.395023183192734e-06
Completed 99 % :  mod = 3.261320509630472e-11,  Error =1.3984635529595835e-06
Completed 99 % :  mod = 3.48056807940559e-11,  Error =1.401890671104411e-06
Completed 99 % :  mod = 3.703926037292923e-11,  Error =1.405300949386401e-06
Completed 99 % :  mod = 3.92896763398145e-11,  Error =1.4086953754599563e-06
Completed 100 % :  mod = 4.15246974653898e-11,  Error =1.4120710716269969e-06
Finished 3/31 frames
Finished all frames!
