/opt/local/miniconda_23_9/lib/python3.11/site-packages/conda/base/context.py:201: FutureWarning: Adding 'defaults' to channel list implicitly is deprecated and will be removed in 25.3. 

To remove this warning, please choose a default channel explicitly with conda's regular configuration system, e.g. by adding 'defaults' to the list of channels:

  conda config --add channels defaults

For more information see https://docs.conda.io/projects/conda/en/stable/user-guide/configuration/use-condarc.html

  deprecated.topic(
JOB 14512 ARRAY_ID 9  -> i=9 ; range=[1.95e-10, 2.05e-10] ; intervals=20 (frames=21)
Analytic t0 extension enabled (--extend-time-using-t0).
Completed 0 % :  mod = 1.594285714208992e-16,  Error =-1.4210854715202004e-14
Completed 0 % :  mod = 1.5941086463761052e-16,  Error =1.93055171848755e-09
Completed 0 % :  mod = 1.5935774754476815e-16,  Error =3.86181397971086e-09
Completed 0 % :  mod = 1.5926923451463525e-16,  Error =5.792387014480482e-09
Completed 0 % :  mod = 1.5914534064325797e-16,  Error =7.724047179635818e-09
Completed 1 % :  mod = 1.589861675187553e-16,  Error =9.653952304233826e-09
Completed 1 % :  mod = 1.5879162260029624e-16,  Error =1.1584475601011945e-08
Completed 1 % :  mod = 1.5856180447747e-16,  Error =1.3515673913389037e-08
Completed 1 % :  mod = 1.582967656762455e-16,  Error =1.5446445900124672e-08
Completed 2 % :  mod = 1.579966926741521e-16,  Error =1.7376514449551905e-08
Completed 2 % :  mod = 1.5766141036739385e-16,  Error =1.930769855107428e-08
Completed 2 % :  mod = 1.5729110781843952e-16,  Error =2.123869791148536e-08
Completed 2 % :  mod = 1.5688586464342306e-16,  Error =2.3169469898220996e-08
Completed 3 % :  mod = 1.5644595686217514e-16,  Error =2.5099929246152897e-08
Completed 3 % :  mod = 1.559711287724889e-16,  Error =2.703067991660646e-08
Completed 3 % :  mod = 1.5546165370585797e-16,  Error =2.896193507240241e-08
Completed 3 % :  mod = 1.5491764596830328e-16,  Error =3.0892771007984265e-08
Completed 4 % :  mod = 1.5433922689688093e-16,  Error =3.282440275143017e-08
Completed 4 % :  mod = 1.5372677673617875e-16,  Error =3.475479815051585e-08
Completed 4 % :  mod = 1.5307993974683454e-16,  Error =3.6685968041183514e-08
Completed 4 % :  mod = 1.5239910139501377e-16,  Error =3.861676134420122e-08
Completed 5 % :  mod = 1.5168440891886547e-16,  Error =4.0547512014654785e-08
Completed 5 % :  mod = 1.5093632946864056e-16,  Error =4.247772977805653e-08
Completed 5 % :  mod = 1.5015443280702296e-16,  Error =4.440895651214305e-08
Completed 5 % :  mod = 1.4933917910492718e-16,  Error =4.6339842185716407e-08
Completed 6 % :  mod = 1.484907533923165e-16,  Error =4.8270692332152976e-08
Completed 6 % :  mod = 1.476097068816716e-16,  Error =5.020108773123866e-08
Completed 6 % :  mod = 1.4669552175792901e-16,  Error =5.213202314280352e-08
Completed 6 % :  mod = 1.4574875099132825e-16,  Error =5.40630225032146e-08
Completed 7 % :  mod = 1.4476960778767219e-16,  Error =5.59937163302493e-08
Completed 7 % :  mod = 1.4375871542755238e-16,  Error =5.792348645172751e-08
Completed 7 % :  mod = 1.4271549090373335e-16,  Error =5.985436501987351e-08
Completed 7 % :  mod = 1.4164056809505826e-16,  Error =6.178564149195154e-08
Completed 8 % :  mod = 1.4053417969777316e-16,  Error =6.371623584300323e-08
Completed 8 % :  mod = 1.3939657422795335e-16,  Error =6.564731336311525e-08
Completed 8 % :  mod = 1.382284843608264e-16,  Error =6.75775453373717e-08
Completed 8 % :  mod = 1.3702922348478508e-16,  Error =6.950809705585925e-08
Completed 9 % :  mod = 1.357995246369485e-16,  Error =7.143940194964671e-08
Completed 9 % :  mod = 1.345396647677255e-16,  Error =7.337047946975872e-08
Completed 9 % :  mod = 1.3325043946976898e-16,  Error =7.53001216935445e-08
Completed 9 % :  mod = 1.3193110417713007e-16,  Error =7.723047446006603e-08
Completed 10 % :  mod = 1.3058246570109874e-16,  Error =7.916142408248561e-08
Completed 10 % :  mod = 1.2920481805268397e-16,  Error =8.109251581345234e-08
Completed 10 % :  mod = 1.2779904026638295e-16,  Error =8.302269804971729e-08
Completed 10 % :  mod = 1.2636431782778626e-16,  Error =8.495359793414536e-08
Completed 11 % :  mod = 1.2490152263695832e-16,  Error =8.688456887284701e-08
Completed 11 % :  mod = 1.234109840151805e-16,  Error =8.881597324261747e-08
Completed 11 % :  mod = 1.21893648153676e-16,  Error =9.0746127057173e-08
Completed 11 % :  mod = 1.203486289869124e-16,  Error =9.26766858810879e-08
Completed 12 % :  mod = 1.187768805643287e-16,  Error =9.460762129265277e-08
Completed 12 % :  mod = 1.171787502500834e-16,  Error =9.653859933678177e-08
Completed 12 % :  mod = 1.1555458587362405e-16,  Error =9.846953474834663e-08
Completed 12 % :  mod = 1.139054264771976e-16,  Error =1.00399446978372e-07
Completed 13 % :  mod = 1.1223030824029409e-16,  Error =1.0233035396822743e-07
Completed 13 % :  mod = 1.1053025614309002e-16,  Error =1.042613533286385e-07
Completed 13 % :  mod = 1.0880565668572661e-16,  Error =1.0619252321930617e-07
Completed 13 % :  mod = 1.0705759151025236e-16,  Error =1.0812257045245133e-07
Completed 14 % :  mod = 1.0528504659663385e-16,  Error =1.100534205988879e-07
Completed 14 % :  mod = 1.0348911868296575e-16,  Error =1.1198438443216219e-07
Completed 14 % :  mod = 1.0167019980115962e-16,  Error =1.1391548326855627e-07
Completed 14 % :  mod = 9.982943745752022e-17,  Error =1.1584548076370993e-07
Completed 15 % :  mod = 9.796577291256229e-17,  Error =1.1777657960010401e-07
Completed 15 % :  mod = 9.608034395321837e-17,  Error =1.1970782054504525e-07
Completed 15 % :  mod = 9.417357099403481e-17,  Error =1.2163886964344783e-07
Completed 15 % :  mod = 9.224666476893444e-17,  Error =1.2356887424402885e-07
Completed 16 % :  mod = 9.02984949356102e-17,  Error =1.2549980255016635e-07
Completed 16 % :  mod = 8.833026323239577e-17,  Error =1.2743059585318406e-07
Completed 16 % :  mod = 8.634241923195407e-17,  Error =1.2936134652363762e-07
Completed 16 % :  mod = 8.433539136214363e-17,  Error =1.3129256615229679e-07
Completed 17 % :  mod = 8.23104417971816e-17,  Error =1.3322282654826267e-07
Completed 17 % :  mod = 8.026640638375341e-17,  Error =1.3515371222183603e-07
Completed 17 % :  mod = 7.820453747330647e-17,  Error =1.3708449131399902e-07
Completed 17 % :  mod = 7.612529301370738e-17,  Error =1.390153414604356e-07
Completed 18 % :  mod = 7.402998956629862e-17,  Error =1.4094567291067506e-07
Completed 18 % :  mod = 7.191739990524387e-17,  Error =1.4287675753621443e-07
Completed 18 % :  mod = 6.978883387104312e-17,  Error =1.44807508206668e-07
Completed 18 % :  mod = 6.764477427868016e-17,  Error =1.4673856441049793e-07
Completed 19 % :  mod = 6.548655252704968e-17,  Error =1.4866888164988268e-07
Completed 19 % :  mod = 6.331291900474005e-17,  Error =1.505994902117891e-07
Completed 19 % :  mod = 6.112523090834132e-17,  Error =1.5253068141873882e-07
Completed 19 % :  mod = 5.89239590587184e-17,  Error =1.5446160261944897e-07
Completed 20 % :  mod = 5.670959614532364e-17,  Error =1.5639296435665528e-07
Completed 20 % :  mod = 5.448353906941649e-17,  Error =1.583230684332193e-07
Completed 20 % :  mod = 5.22444818162073e-17,  Error =1.6025401805563888e-07
Completed 20 % :  mod = 4.999381689255852e-17,  Error =1.6218476872609244e-07
Completed 21 % :  mod = 4.7732054824004455e-17,  Error =1.6411596703846953e-07
Completed 21 % :  mod = 4.546059783677975e-17,  Error =1.660461492747345e-07
Completed 21 % :  mod = 4.317813097220439e-17,  Error =1.6797721968941914e-07
Completed 21 % :  mod = 4.0886082409304736e-17,  Error =1.6990816931183872e-07
Completed 22 % :  mod = 3.858494613000284e-17,  Error =1.7183945999477146e-07
Completed 22 % :  mod = 3.6276165305973675e-17,  Error =1.7376943617364304e-07
Completed 22 % :  mod = 3.395841127835832e-17,  Error =1.7570067001315692e-07
Completed 22 % :  mod = 3.163310705630431e-17,  Error =1.7763164095185857e-07
Completed 23 % :  mod = 2.9300774177187864e-17,  Error =1.7956249109829514e-07
Completed 23 % :  mod = 2.6962880679801104e-17,  Error =1.8149285097024404e-07
Completed 23 % :  mod = 2.461805303073689e-17,  Error =1.834236869058259e-07
Completed 23 % :  mod = 2.226775704573945e-17,  Error =1.8535455126311717e-07
Completed 24 % :  mod = 1.991252227549719e-17,  Error =1.8728530193357074e-07
Completed 24 % :  mod = 1.7552855523231656e-17,  Error =1.892159176009045e-07
Completed 24 % :  mod = 1.5190238631311452e-17,  Error =1.9114631299999019e-07
Completed 24 % :  mod = 1.2823308767978609e-17,  Error =1.9307728393869183e-07
Completed 25 % :  mod = 1.0453521874508795e-17,  Error =1.9500858172705193e-07
Completed 25 % :  mod = 8.081413757143793e-18,  Error =1.9693914055096684e-07
Completed 25 % :  mod = 5.708472462106797e-18,  Error =1.988697562183006e-07
Completed 25 % :  mod = 3.3333022255117005e-18,  Error =2.0080054952131832e-07
Completed 26 % :  mod = 9.573919724610985e-19,  Error =2.0273135703519074e-07
Completed 26 % :  mod = 1.418720216056543e-18,  Error =2.0466207217850751e-07
Completed 26 % :  mod = 3.793577054597059e-18,  Error =2.0659247468302055e-07
Completed 26 % :  mod = 6.16854132321963e-18,  Error =2.0852355220313257e-07
Completed 27 % :  mod = 8.54212771573684e-18,  Error =2.1045436682243235e-07
Completed 27 % :  mod = 1.0913829532324714e-17,  Error =2.123854727642538e-07
Completed 27 % :  mod = 1.3282153453483651e-17,  Error =2.1431572605479232e-07
Completed 27 % :  mod = 1.564847109976563e-17,  Error =2.1624658330665625e-07
Completed 28 % :  mod = 1.801132430684708e-17,  Error =2.1817781714617013e-07
Completed 28 % :  mod = 2.0370171374824362e-17,  Error =2.2010878808487178e-07
Completed 28 % :  mod = 2.272448647532183e-17,  Error =2.2203971639100928e-07
Completed 28 % :  mod = 2.5072824265315414e-17,  Error =2.239693515093677e-07
Completed 29 % :  mod = 2.741652953368597e-17,  Error =2.2590008796896655e-07
Completed 29 % :  mod = 2.975413879113474e-17,  Error =2.278312436487795e-07
Completed 29 % :  mod = 3.208515143829477e-17,  Error =2.297620369517972e-07
Completed 29 % :  mod = 3.440809850579573e-17,  Error =2.3169260998656682e-07
Completed 30 % :  mod = 3.6724332692433094e-17,  Error =2.3362343881672132e-07
Completed 30 % :  mod = 3.903242126968713e-17,  Error =2.355542889631579e-07
Completed 30 % :  mod = 4.133183080946032e-17,  Error =2.3748502542275673e-07
Completed 30 % :  mod = 4.362114243850819e-17,  Error =2.3941536397842356e-07
Completed 31 % :  mod = 4.590169469015822e-17,  Error =2.4134607912174033e-07
Completed 31 % :  mod = 4.817204072212148e-17,  Error =2.4327678715962975e-07
Completed 31 % :  mod = 5.043168629398196e-17,  Error =2.452076230952116e-07
Completed 31 % :  mod = 5.267923946756389e-17,  Error =2.4713816060284444e-07
Completed 32 % :  mod = 5.4915984802659785e-17,  Error =2.4906885442987914e-07
Completed 32 % :  mod = 5.714053113657569e-17,  Error =2.509998608957176e-07
Completed 32 % :  mod = 5.93523939482678e-17,  Error =2.529308034127098e-07
Completed 32 % :  mod = 6.155106452165939e-17,  Error =2.5486175303512937e-07
Completed 33 % :  mod = 6.37351892790756e-17,  Error =2.5679194948224904e-07
Completed 33 % :  mod = 6.5906043733021e-17,  Error =2.5872327569231857e-07
Completed 33 % :  mod = 6.806225093796839e-17,  Error =2.6065457348067866e-07
Completed 33 % :  mod = 7.020334017645046e-17,  Error =2.625854449433973e-07
Completed 34 % :  mod = 7.232799312936595e-17,  Error =2.645157692882094e-07
Completed 34 % :  mod = 7.443742880244382e-17,  Error =2.664469036517403e-07
Completed 34 % :  mod = 7.65303306860404e-17,  Error =2.6837787459044193e-07
Completed 34 % :  mod = 7.860623855754239e-17,  Error =2.7030905158653695e-07
Completed 35 % :  mod = 8.066385689701416e-17,  Error =2.722394896181868e-07
Completed 35 % :  mod = 8.27043864605124e-17,  Error =2.741702118669309e-07
Completed 35 % :  mod = 8.472655033966529e-17,  Error =2.761009767482392e-07
Completed 35 % :  mod = 8.672988815676314e-17,  Error =2.780315000450173e-07
Completed 36 % :  mod = 8.871395938643098e-17,  Error =2.799623288751718e-07
Completed 36 % :  mod = 9.067754910714413e-17,  Error =2.8189231215947075e-07
Completed 36 % :  mod = 9.262178223283686e-17,  Error =2.8382320493847146e-07
Completed 36 % :  mod = 9.454544048156326e-17,  Error =2.8575413324460897e-07
Completed 37 % :  mod = 9.644810617881276e-17,  Error =2.8768513260502004e-07
Completed 37 % :  mod = 9.832859102793666e-17,  Error =2.896148956210709e-07
Completed 37 % :  mod = 1.0018799326629448e-16,  Error =2.915464989428074e-07
Completed 37 % :  mod = 1.0202514894736678e-16,  Error =2.9347798147227877e-07
Completed 38 % :  mod = 1.0383963238333082e-16,  Error =2.954087534590144e-07
Completed 38 % :  mod = 1.0563033778880399e-16,  Error =2.9733883621929635e-07
Completed 38 % :  mod = 1.0739830823853872e-16,  Error =2.992702476944942e-07
Completed 38 % :  mod = 1.0914241457930008e-16,  Error =3.0120116178977696e-07
Completed 39 % :  mod = 1.1086227775557237e-16,  Error =3.031320332524956e-07
Completed 39 % :  mod = 1.1255684709288129e-16,  Error =3.050623291755983e-07
Completed 39 % :  mod = 1.1422709152991686e-16,  Error =3.069932574817358e-07
Completed 39 % :  mod = 1.1587196390772237e-16,  Error =3.0892400815218934e-07
Completed 40 % :  mod = 1.1749110450612896e-16,  Error =3.10854979090891e-07
Completed 40 % :  mod = 1.1908414114555974e-16,  Error =3.1278622003583223e-07
Completed 40 % :  mod = 1.2065010416354167e-16,  Error =3.147168001760292e-07
Completed 40 % :  mod = 1.221899063021819e-16,  Error =3.166478990124233e-07
Completed 41 % :  mod = 1.2370256032141936e-16,  Error =3.1857866389373157e-07
Completed 41 % :  mod = 1.251877371584666e-16,  Error =3.2050973430841623e-07
Completed 41 % :  mod = 1.2664453161923956e-16,  Error =3.2243997338810004e-07
Completed 41 % :  mod = 1.2807377900106054e-16,  Error =3.243707453748357e-07
Completed 42 % :  mod = 1.2947457648798975e-16,  Error =3.2630155999413546e-07
Completed 42 % :  mod = 1.3084661745451385e-16,  Error =3.282326659359569e-07
Completed 42 % :  mod = 1.3218905776281774e-16,  Error =3.3016247868999926e-07
Completed 42 % :  mod = 1.335026786332912e-16,  Error =3.3209319383331604e-07
Completed 43 % :  mod = 1.3478664843922586e-16,  Error =3.340239800309064e-07
Completed 43 % :  mod = 1.360406761164437e-16,  Error =3.359552422921297e-07
Completed 43 % :  mod = 1.3726400081387751e-16,  Error =3.378853676849758e-07
Completed 43 % :  mod = 1.384573348891311e-16,  Error =3.3981611835542935e-07
Completed 44 % :  mod = 1.3961991139068023e-16,  Error =3.4174694718558385e-07
Completed 44 % :  mod = 1.407514753917999e-16,  Error =3.4367807444368736e-07
Completed 44 % :  mod = 1.4185177718734267e-16,  Error =3.4560883932499564e-07
Completed 44 % :  mod = 1.4292014329719358e-16,  Error =3.4753909972096153e-07
Completed 45 % :  mod = 1.439571991215945e-16,  Error =3.494702482953471e-07
Completed 45 % :  mod = 1.449622797624293e-16,  Error =3.5140104159836483e-07
Completed 45 % :  mod = 1.4593515526348767e-16,  Error =3.533319272719382e-07
Completed 45 % :  mod = 1.468752460296542e-16,  Error =3.5526187502910034e-07
Completed 46 % :  mod = 1.4778309644916947e-16,  Error =3.5719249780186146e-07
Completed 46 % :  mod = 1.4865811607017253e-16,  Error =3.5912361084911026e-07
Completed 46 % :  mod = 1.495001162954837e-16,  Error =3.6105425493815346e-07
Completed 46 % :  mod = 1.5030859414759174e-16,  Error =3.6298428085501655e-07
Completed 47 % :  mod = 1.5108401103818212e-16,  Error =3.649150670526069e-07
Completed 47 % :  mod = 1.5182586915962243e-16,  Error =3.668458816719067e-07
Completed 47 % :  mod = 1.5253400679810293e-16,  Error =3.687769591920187e-07
Completed 47 % :  mod = 1.5320799381970508e-16,  Error =3.707073190639676e-07
Completed 48 % :  mod = 1.5384822778811079e-16,  Error =3.7263805552356644e-07
Completed 48 % :  mod = 1.5445429097711072e-16,  Error =3.745691259382511e-07
Completed 48 % :  mod = 1.550260394055795e-16,  Error =3.7650060136229513e-07
Completed 48 % :  mod = 1.5556335463159318e-16,  Error =3.784313022947572e-07
Completed 49 % :  mod = 1.5606592139594078e-16,  Error =3.803616053232872e-07
Completed 49 % :  mod = 1.5653402507593365e-16,  Error =3.8229257626198887e-07
Completed 49 % :  mod = 1.5696735992493786e-16,  Error =3.842235472006905e-07
Completed 49 % :  mod = 1.5736582931791812e-16,  Error =3.861544115579818e-07
Completed 50 % :  mod = 1.5772919905936349e-16,  Error =3.880848069570675e-07
Completed 50 % :  mod = 1.5805768948950964e-16,  Error =3.90016033691154e-07
Completed 50 % :  mod = 1.583510740642663e-16,  Error =3.919473527957962e-07
Completed 50 % :  mod = 1.5860927797548686e-16,  Error =3.9387783346001015e-07
Completed 51 % :  mod = 1.5883217202789935e-16,  Error =3.9580758937063365e-07
Completed 51 % :  mod = 1.5901988577866723e-16,  Error =3.977385460984806e-07
Completed 51 % :  mod = 1.5917226800883478e-16,  Error =3.996694388774813e-07
Completed 51 % :  mod = 1.592892974185012e-16,  Error =4.0160034586733673e-07
Completed 52 % :  mod = 1.5937094826166995e-16,  Error =4.035311960137733e-07
Completed 52 % :  mod = 1.5941717638757581e-16,  Error =4.054616198345684e-07
Completed 52 % :  mod = 1.594280241892252e-16,  Error =4.073926191949795e-07
Completed 52 % :  mod = 1.5940346266359787e-16,  Error =4.09323746453083e-07
Completed 53 % :  mod = 1.5934348302189983e-16,  Error =4.112552431934091e-07
Completed 53 % :  mod = 1.5924816074436196e-16,  Error =4.131850701583062e-07
Completed 53 % :  mod = 1.5911743684266684e-16,  Error =4.151163324195295e-07
Completed 53 % :  mod = 1.589513600687718e-16,  Error =4.170473744125047e-07
Completed 54 % :  mod = 1.587499810357906e-16,  Error =4.189785940411639e-07
Completed 54 % :  mod = 1.585134464131856e-16,  Error =4.2090892549140335e-07
Completed 54 % :  mod = 1.5824160281065194e-16,  Error =4.2283986800839557e-07
Completed 54 % :  mod = 1.5793461592280608e-16,  Error =4.2477106632077266e-07
Completed 55 % :  mod = 1.5759255192409702e-16,  Error =4.2670194488891866e-07
Completed 55 % :  mod = 1.572156282596283e-16,  Error =4.28632333182577e-07
Completed 55 % :  mod = 1.5680364563057107e-16,  Error =4.3056304832589376e-07
Completed 55 % :  mod = 1.563568349754126e-16,  Error =4.324943532196812e-07
Completed 56 % :  mod = 1.5587528242433418e-16,  Error =4.3442512520641685e-07
Completed 56 % :  mod = 1.5535911308840345e-16,  Error =4.363563661513581e-07
Completed 56 % :  mod = 1.5480866440561154e-16,  Error =4.3828699602954657e-07
Completed 56 % :  mod = 1.542236034874607e-16,  Error =4.402177324891454e-07
Completed 57 % :  mod = 1.5360429429342043e-16,  Error =4.421486963224197e-07
Completed 57 % :  mod = 1.529508677248227e-16,  Error =4.4407944699287327e-07
Completed 57 % :  mod = 1.5226373778556405e-16,  Error =4.4600960791285615e-07
Completed 57 % :  mod = 1.5154252624730942e-16,  Error =4.4794087017407946e-07
Completed 58 % :  mod = 1.5078765316271362e-16,  Error =4.4987201874846505e-07
Completed 58 % :  mod = 1.4999927610968334e-16,  Error =4.5180229335528566e-07
Completed 58 % :  mod = 1.4917792562118395e-16,  Error =4.537324471698412e-07
Completed 58 % :  mod = 1.483231142810395e-16,  Error =4.556631552077306e-07
Completed 59 % :  mod = 1.4743534496336366e-16,  Error =4.575944174689539e-07
Completed 59 % :  mod = 1.4651483661252478e-16,  Error =4.5952532445880934e-07
Completed 59 % :  mod = 1.4556217146027654e-16,  Error =4.614557695958865e-07
Completed 59 % :  mod = 1.4457678759248907e-16,  Error =4.633867334291608e-07
Completed 60 % :  mod = 1.4355929888057446e-16,  Error =4.6531795305782e-07
Completed 60 % :  mod = 1.4250992132207017e-16,  Error =4.672489239965216e-07
Completed 60 % :  mod = 1.4142887985840402e-16,  Error =4.691801223088987e-07
Completed 60 % :  mod = 1.403168859166016e-16,  Error =4.7111009138234294e-07
Completed 61 % :  mod = 1.3917328266355774e-16,  Error =4.730406431008305e-07
Completed 61 % :  mod = 1.3799875712446997e-16,  Error =4.74971670882951e-07
Completed 61 % :  mod = 1.367935876973132e-16,  Error =4.769023789208404e-07
Completed 61 % :  mod = 1.355585316142394e-16,  Error =4.788325895788148e-07
Completed 62 % :  mod = 1.3429286581599568e-16,  Error =4.807635534120891e-07
Completed 62 % :  mod = 1.3299738031176579e-16,  Error =4.826942330282691e-07
Completed 62 % :  mod = 1.316723487949349e-16,  Error =4.846250050150047e-07
Completed 62 % :  mod = 1.3031861038853566e-16,  Error =4.865549740884489e-07
Completed 63 % :  mod = 1.2893539912332085e-16,  Error =4.884860160814242e-07
Completed 63 % :  mod = 1.2752354460974607e-16,  Error =4.904170580743994e-07
Completed 63 % :  mod = 1.2608335538617981e-16,  Error =4.923479650642548e-07
Completed 63 % :  mod = 1.2461576611501546e-16,  Error =4.942781757222292e-07
Completed 64 % :  mod = 1.2311990825660984e-16,  Error =4.962086705972979e-07
Completed 64 % :  mod = 1.2159669631082891e-16,  Error =4.981400252290769e-07
Completed 64 % :  mod = 1.2004648524155305e-16,  Error =5.000709393243596e-07
Completed 64 % :  mod = 1.184696031292927e-16,  Error =5.020016047296849e-07
Completed 65 % :  mod = 1.1686704683008354e-16,  Error =5.039318367039414e-07
Completed 65 % :  mod = 1.1523790489428816e-16,  Error =5.058633476551222e-07
Completed 65 % :  mod = 1.1358315897849848e-16,  Error =5.077946099163455e-07
Completed 65 % :  mod = 1.1190317697129194e-16,  Error =5.097253250596623e-07
Completed 66 % :  mod = 1.1019903911884974e-16,  Error =5.11655521506782e-07
Completed 66 % :  mod = 1.0846973595063184e-16,  Error =5.135862721772355e-07
Completed 66 % :  mod = 1.0671633447792964e-16,  Error =5.1551710100739e-07
Completed 66 % :  mod = 1.0493924229398998e-16,  Error =5.174478587832709e-07
Completed 67 % :  mod = 1.0313955649879905e-16,  Error =5.193781262846642e-07
Completed 67 % :  mod = 1.0131624022145902e-16,  Error =5.213093743350328e-07
Completed 67 % :  mod = 9.947043155909517e-17,  Error =5.232406365962561e-07
Completed 67 % :  mod = 9.760251892470389e-17,  Error =5.251714512155559e-07
Completed 68 % :  mod = 9.571292175055453e-17,  Error =5.271018892472057e-07
Completed 68 % :  mod = 9.380284627277535e-17,  Error =5.290319364803509e-07
Completed 68 % :  mod = 9.187116271774596e-17,  Error =5.309631134764459e-07
Completed 68 % :  mod = 8.991907008376427e-17,  Error =5.328941838911305e-07
Completed 69 % :  mod = 8.794701411778285e-17,  Error =5.348251548298322e-07
Completed 69 % :  mod = 8.59562164104701e-17,  Error =5.367551452195585e-07
Completed 69 % :  mod = 8.394552899023214e-17,  Error =5.38685895890012e-07
Completed 69 % :  mod = 8.191620534588972e-17,  Error =5.406174281574749e-07
Completed 70 % :  mod = 7.986867752421655e-17,  Error =5.425481361953643e-07
Completed 70 % :  mod = 7.780423871870276e-17,  Error =5.444780910579539e-07
Completed 70 % :  mod = 7.572170295914512e-17,  Error =5.464086996198603e-07
Completed 70 % :  mod = 7.362233805492871e-17,  Error =5.483398481942459e-07
Completed 71 % :  mod = 7.15066195315082e-17,  Error =5.50271067822905e-07
Completed 71 % :  mod = 6.937588545692195e-17,  Error =5.522014845382728e-07
Completed 71 % :  mod = 6.722888053289163e-17,  Error =5.541321996815896e-07
Completed 71 % :  mod = 6.506694220707016e-17,  Error =5.560630924605903e-07
Completed 72 % :  mod = 6.289055923980198e-17,  Error =5.579938644473259e-07
Completed 72 % :  mod = 6.070019645489256e-17,  Error =5.599249419674379e-07
Completed 72 % :  mod = 5.849723726021761e-17,  Error =5.618552307851132e-07
Completed 72 % :  mod = 5.628041374299445e-17,  Error =5.63786421992063e-07
Completed 73 % :  mod = 5.405107570688639e-17,  Error =5.657171939787986e-07
Completed 73 % :  mod = 5.180973517669261e-17,  Error =5.676485912431417e-07
Completed 73 % :  mod = 4.9557801926670845e-17,  Error =5.695786384762869e-07
Completed 73 % :  mod = 4.72939454368058e-17,  Error =5.715092754599027e-07
Completed 74 % :  mod = 4.5019589233232885e-17,  Error =5.734399337598006e-07
Completed 74 % :  mod = 4.2735241153149426e-17,  Error =5.753711107558956e-07
Completed 74 % :  mod = 4.044230781718707e-17,  Error =5.773013924681436e-07
Completed 74 % :  mod = 3.813947917805068e-17,  Error =5.792324202502641e-07
Completed 75 % :  mod = 3.582818641329634e-17,  Error =5.811638033037525e-07
Completed 75 % :  mod = 3.350892060971397e-17,  Error =5.830947813478815e-07
Completed 75 % :  mod = 3.118315202914359e-17,  Error =5.850246225236333e-07
Completed 75 % :  mod = 2.8849531901897643e-17,  Error =5.869557071491727e-07
Completed 76 % :  mod = 2.650949006136372e-17,  Error =5.888868983561224e-07
Completed 76 % :  mod = 2.4163565674204835e-17,  Error =5.908176987645675e-07
Completed 76 % :  mod = 2.181228079478509e-17,  Error =5.927482362722003e-07
Completed 76 % :  mod = 1.945708391975464e-17,  Error =5.946785748278671e-07
Completed 77 % :  mod = 1.709662653791987e-17,  Error =5.966096310316971e-07
Completed 77 % :  mod = 1.4732380151891726e-17,  Error =5.985408222386468e-07
Completed 77 % :  mod = 1.236484732559112e-17,  Error =6.004717079122202e-07
Completed 77 % :  mod = 9.995525204227985e-18,  Error =6.024014780336984e-07
Completed 78 % :  mod = 7.623039995901235e-18,  Error =6.04332527132101e-07
Completed 78 % :  mod = 5.248846814705928e-18,  Error =6.062630859560159e-07
Completed 78 % :  mod = 2.8734955806530473e-18,  Error =6.08194106632709e-07
Completed 78 % :  mod = 4.984648273887423e-19,  Error =6.101242675526919e-07
Completed 79 % :  mod = 1.8776438456112958e-18,  Error =6.120551603316926e-07
Completed 79 % :  mod = 4.253326003607986e-18,  Error =6.13986244957232e-07
Completed 79 % :  mod = 6.628059178646925e-18,  Error =6.159171164199506e-07
Completed 79 % :  mod = 9.000382156176038e-18,  Error =6.178471210205316e-07
Completed 80 % :  mod = 1.1371648203677461e-17,  Error =6.197783832817549e-07
Completed 80 % :  mod = 1.3740383853986296e-17,  Error =6.217089563165246e-07
Completed 80 % :  mod = 1.610608106311007e-17,  Error =6.236401759451837e-07
Completed 80 % :  mod = 1.8468189755941437e-17,  Error =6.255709692482014e-07
Completed 81 % :  mod = 2.0825248976422262e-17,  Error =6.275015635992531e-07
Completed 81 % :  mod = 2.317864032297066e-17,  Error =6.294325771705189e-07
Completed 81 % :  mod = 2.5526873526315545e-17,  Error =6.313637186394772e-07
Completed 81 % :  mod = 2.7869434700501365e-17,  Error =6.332945048370675e-07
Completed 82 % :  mod = 3.02048809323471e-17,  Error =6.3522455917564e-07
Completed 82 % :  mod = 3.2534547860048076e-17,  Error =6.371555798523332e-07
Completed 82 % :  mod = 3.48569849707014e-17,  Error =6.390869131678301e-07
Completed 82 % :  mod = 3.717169161324132e-17,  Error =6.410179267390959e-07
Completed 83 % :  mod = 3.947720869276608e-17,  Error =6.429482084513438e-07
Completed 83 % :  mod = 4.177488084306018e-17,  Error =6.44879250444319e-07
Completed 83 % :  mod = 4.4063284641385775e-17,  Error =6.468102213830207e-07
Completed 83 % :  mod = 4.6341892398210846e-17,  Error =6.487409507371922e-07
Completed 84 % :  mod = 4.861020480663814e-17,  Error =6.506723480015353e-07
Completed 84 % :  mod = 5.086682553409488e-17,  Error =6.526024947106634e-07
Completed 84 % :  mod = 5.3113046895191815e-17,  Error =6.545332027485529e-07
Completed 84 % :  mod = 5.534746826635674e-17,  Error =6.564642731632375e-07
Completed 85 % :  mod = 5.756960703940102e-17,  Error =6.583958054307004e-07
Completed 85 % :  mod = 5.977806517569186e-17,  Error =6.603257531878626e-07
Completed 85 % :  mod = 6.197413137092483e-17,  Error =6.622561983249398e-07
Completed 85 % :  mod = 6.415644315523348e-17,  Error =6.641874676915904e-07
Completed 86 % :  mod = 6.632449253632413e-17,  Error =6.661179696720865e-07
Completed 86 % :  mod = 6.847694909757905e-17,  Error =6.680480737486505e-07
Completed 86 % :  mod = 7.061507330715543e-17,  Error =6.699794710129936e-07
Completed 86 % :  mod = 7.273749969665708e-17,  Error =6.719108114339178e-07
Completed 87 % :  mod = 7.484377052501253e-17,  Error =6.738419102703119e-07
Completed 87 % :  mod = 7.693259378780377e-17,  Error =6.757721209282863e-07
Completed 87 % :  mod = 7.900515705789647e-17,  Error =6.777033405569455e-07
Completed 87 % :  mod = 8.106017169129387e-17,  Error =6.796342049142368e-07
Completed 88 % :  mod = 8.309719245803124e-17,  Error =6.815647068947328e-07
Completed 88 % :  mod = 8.511574269528061e-17,  Error =6.834954575651864e-07
Completed 88 % :  mod = 8.711458762918259e-17,  Error =6.854251211052542e-07
Completed 88 % :  mod = 8.909490030524336e-17,  Error =6.873564188936143e-07
Completed 89 % :  mod = 9.105540686531958e-17,  Error =6.892877095765471e-07
Completed 89 % :  mod = 9.299569072057525e-17,  Error =6.91218566828411e-07
Completed 89 % :  mod = 9.491456300567499e-17,  Error =6.931489409112146e-07
Completed 89 % :  mod = 9.681311166991946e-17,  Error =6.95079826584788e-07
Completed 90 % :  mod = 9.869015953189941e-17,  Error =6.970107762072075e-07
Completed 90 % :  mod = 1.0054529527605525e-16,  Error =6.989420171521488e-07
Completed 90 % :  mod = 1.0237735206073541e-16,  Error =7.008723059698241e-07
Completed 90 % :  mod = 1.0418741266536171e-16,  Error =7.028032129596795e-07
Completed 91 % :  mod = 1.059743392513028e-16,  Error =7.047339281029963e-07
Completed 91 % :  mod = 1.0773771197269901e-16,  Error =7.066649487796894e-07
Completed 91 % :  mod = 1.0947646438694562e-16,  Error =7.085952091756553e-07
Completed 91 % :  mod = 1.111916094284015e-16,  Error =7.105260948492287e-07
Completed 92 % :  mod = 1.12882043017744e-16,  Error =7.124572647398963e-07
Completed 92 % :  mod = 1.145474071408643e-16,  Error =7.143881290971876e-07
Completed 92 % :  mod = 1.1618733437447403e-16,  Error =7.163192563552911e-07
Completed 92 % :  mod = 1.1780079777384272e-16,  Error =7.182490122659146e-07
Completed 93 % :  mod = 1.193887557311076e-16,  Error =7.201802461054285e-07
Completed 93 % :  mod = 1.2095019836213828e-16,  Error =7.22111174411566e-07
Completed 93 % :  mod = 1.2248476325842892e-16,  Error =7.24041754551763e-07
Completed 93 % :  mod = 1.2399153131892139e-16,  Error =7.25971837312045e-07
Completed 94 % :  mod = 1.2547137097986128e-16,  Error =7.279027087747636e-07
Completed 94 % :  mod = 1.2692332896729143e-16,  Error =7.29833594448337e-07
Completed 94 % :  mod = 1.2834710113724035e-16,  Error =7.317645511761839e-07
Completed 94 % :  mod = 1.297418117122345e-16,  Error =7.336944349844998e-07
Completed 95 % :  mod = 1.3110825923175774e-16,  Error =7.356254272394835e-07
Completed 95 % :  mod = 1.3244559102769487e-16,  Error =7.375566610789974e-07
Completed 95 % :  mod = 1.3375350274927927e-16,  Error =7.394873406951774e-07
Completed 95 % :  mod = 1.3503119032525675e-16,  Error =7.414173310849037e-07
Completed 96 % :  mod = 1.362794096953096e-16,  Error =7.433482878127506e-07
Completed 96 % :  mod = 1.3749735689158121e-16,  Error =7.452793013840164e-07
Completed 96 % :  mod = 1.3868475594593973e-16,  Error =7.472104996963935e-07
Completed 96 % :  mod = 1.3984135648115347e-16,  Error =7.491412929994112e-07
Completed 97 % :  mod = 1.409664478456787e-16,  Error =7.51071510762813e-07
Completed 97 % :  mod = 1.4206067839401928e-16,  Error =7.530026522317712e-07
Completed 97 % :  mod = 1.4312336141117043e-16,  Error =7.549335236944898e-07
Completed 97 % :  mod = 1.4415424993202051e-16,  Error =7.568644377897726e-07
Completed 98 % :  mod = 1.451527157128943e-16,  Error =7.587946768694565e-07
Completed 98 % :  mod = 1.4611935634008556e-16,  Error =7.607252570096534e-07
Completed 98 % :  mod = 1.4705353483282386e-16,  Error =7.626561853157909e-07
Completed 98 % :  mod = 1.479550423797033e-16,  Error =7.645872059924841e-07
Completed 99 % :  mod = 1.4882335046401125e-16,  Error =7.665175516535783e-07
Completed 99 % :  mod = 1.496589538431516e-16,  Error =7.684480323177922e-07
Completed 99 % :  mod = 1.50461306836414e-16,  Error =7.703790672053401e-07
Completed 99 % :  mod = 1.512302481952778e-16,  Error =7.723104076262644e-07
Completed 100 % :  mod = 1.5196530621999867e-16,  Error =7.742404193322727e-07
Finished 10/21 frames
Finished all frames!
