/opt/local/miniconda_23_9/lib/python3.11/site-packages/conda/base/context.py:201: FutureWarning: Adding 'defaults' to channel list implicitly is deprecated and will be removed in 25.3. 

To remove this warning, please choose a default channel explicitly with conda's regular configuration system, e.g. by adding 'defaults' to the list of channels:

  conda config --add channels defaults

For more information see https://docs.conda.io/projects/conda/en/stable/user-guide/configuration/use-condarc.html

  deprecated.topic(
JOB 14471 ARRAY_ID 30  -> i=30 ; range=[1.9e-10, 5.0e-10] ; intervals=30 (frames=31)
Analytic t0 extension enabled (--extend-time-using-t0).
THIS SHOULD ONLY BE REACHED ONCE
Completed 0 % :  mod = 3.920000001745892e-16,  Error =-1.4210854715202004e-14
Completed 0 % :  mod = 3.9352796902927774e-16,  Error =2.074244065397579e-08
Completed 0 % :  mod = 3.981154171671361e-16,  Error =4.145658039078626e-08
Completed 0 % :  mod = 4.058106484204197e-16,  Error =6.219886472536018e-08
Completed 0 % :  mod = 4.166524784461678e-16,  Error =8.291280551020463e-08
Completed 1 % :  mod = 4.3073356698262276e-16,  Error =1.0362688129816888e-07
Completed 1 % :  mod = 4.481895532454747e-16,  Error =1.2436900931334094e-07
Completed 1 % :  mod = 4.691084895769541e-16,  Error =1.4508292167647596e-07
Completed 1 % :  mod = 4.936745036930783e-16,  Error =1.6579704009700436e-07
Completed 2 % :  mod = 5.221201115145426e-16,  Error =1.8653948075098015e-07
Completed 2 % :  mod = 5.545888036486162e-16,  Error =2.0725347837924346e-07
Completed 2 % :  mod = 5.913691439131447e-16,  Error =2.2796753285092564e-07
Completed 2 % :  mod = 6.32806892356609e-16,  Error =2.487100800863118e-07
Completed 3 % :  mod = 6.791110704887663e-16,  Error =2.694243619316694e-07
Completed 3 % :  mod = 7.306949983346278e-16,  Error =2.90138444825061e-07
Completed 3 % :  mod = 7.880420202735751e-16,  Error =3.1088060836736986e-07
Completed 3 % :  mod = 8.514414110851902e-16,  Error =3.3159486179101805e-07
Completed 4 % :  mod = 9.214603290176265e-16,  Error =3.5230898021154644e-07
Completed 4 % :  mod = 9.987537381614453e-16,  Error =3.7305142086552223e-07
Completed 4 % :  mod = 1.0837115303051686e-15,  Error =3.937652763852384e-07
Completed 4 % :  mod = 1.1770946293078743e-15,  Error =4.14479160326664e-07
Completed 5 % :  mod = 1.2797757375991756e-15,  Error =4.35221366501537e-07
Completed 5 % :  mod = 1.392272786461407e-15,  Error =4.559355346600569e-07
Completed 5 % :  mod = 1.515594058603253e-15,  Error =4.7664978808370506e-07
Completed 5 % :  mod = 1.6508914005461521e-15,  Error =4.973921434725526e-07
Completed 6 % :  mod = 1.7988472853059117e-15,  Error =5.181060203085508e-07
Completed 6 % :  mod = 1.960788293450156e-15,  Error =5.388200321476688e-07
Completed 6 % :  mod = 2.1382265398831585e-15,  Error =5.595624372745078e-07
Completed 6 % :  mod = 2.3320570557411924e-15,  Error =5.802763567430702e-07
Completed 7 % :  mod = 2.5440181304758553e-15,  Error =6.00990304633342e-07
Completed 7 % :  mod = 2.776088578428926e-15,  Error =6.217325747570612e-07
Completed 7 % :  mod = 3.029439009059677e-15,  Error =6.424468139698547e-07
Completed 7 % :  mod = 3.306341792149139e-15,  Error =6.631607618601265e-07
Completed 8 % :  mod = 3.609381737244185e-15,  Error =6.839031954086749e-07
Completed 8 % :  mod = 3.9400874503353686e-15,  Error =7.046173209346307e-07
Completed 8 % :  mod = 4.301425346269504e-15,  Error =7.253313540900308e-07
Completed 8 % :  mod = 4.696768203743053e-15,  Error =7.460736668463142e-07
Completed 9 % :  mod = 5.1281102201756466e-15,  Error =7.667880339568001e-07
Completed 9 % :  mod = 5.599320700386575e-15,  Error =7.875022873804483e-07
Completed 9 % :  mod = 6.114797819527475e-15,  Error =8.082447635615608e-07
Completed 9 % :  mod = 6.677141763398829e-15,  Error =8.28958818033243e-07
Completed 10 % :  mod = 7.291397105787592e-15,  Error =8.496728369777884e-07
Completed 10 % :  mod = 7.963297059921197e-15,  Error =8.704152492100548e-07
Completed 10 % :  mod = 8.696230827546783e-15,  Error =8.911292184166086e-07
Completed 10 % :  mod = 9.496773388800464e-15,  Error =9.118430597254701e-07
Completed 11 % :  mod = 1.0372396592949945e-14,  Error =9.325854506414544e-07
Completed 11 % :  mod = 1.132751727096481e-14,  Error =9.532994624805724e-07
Completed 11 % :  mod = 1.2370703659069262e-14,  Error =9.740136874825112e-07
Completed 11 % :  mod = 1.3511692247343193e-14,  Error =9.947562560341794e-07
Completed 12 % :  mod = 1.4756238433791268e-14,  Error =1.0154702891895795e-06
Completed 12 % :  mod = 1.611550689806629e-14,  Error =1.0361843223449796e-06
Completed 12 % :  mod = 1.7602184201867215e-14,  Error =1.0569265711524167e-06
Completed 12 % :  mod = 1.9223769475085146e-14,  Error =1.0776407037837998e-06
Completed 13 % :  mod = 2.0994809820581702e-14,  Error =1.0983548150989009e-06
Completed 13 % :  mod = 2.2931834974239578e-14,  Error =1.1190969715357824e-06
Completed 13 % :  mod = 2.504461571546339e-14,  Error =1.1398111396943023e-06
Completed 13 % :  mod = 2.7352105670586723e-14,  Error =1.1605250165303005e-06
Completed 14 % :  mod = 2.9875841401305564e-14,  Error =1.18126739323543e-06
Completed 14 % :  mod = 3.262855318271231e-14,  Error =1.201981405074548e-06
Completed 14 % :  mod = 3.563922646489122e-14,  Error =1.2227237746742503e-06
Completed 14 % :  mod = 3.8923047744153406e-14,  Error =1.2434377865133683e-06
Completed 15 % :  mod = 4.2509476008322754e-14,  Error =1.2641517272982128e-06
Completed 15 % :  mod = 4.6431984552529064e-14,  Error =1.2848938553133848e-06
Completed 15 % :  mod = 5.0710359363523473e-14,  Error =1.305607909785067e-06
Completed 15 % :  mod = 5.5382981551211294e-14,  Error =1.326322077943587e-06
Completed 16 % :  mod = 6.04934621733552e-14,  Error =1.3470642699076052e-06
Completed 16 % :  mod = 6.606757961084868e-14,  Error =1.3677783670118515e-06
Completed 16 % :  mod = 7.215533904578741e-14,  Error =1.3884925564866535e-06
Completed 16 % :  mod = 7.881355943814025e-14,  Error =1.4092349260863557e-06
Completed 17 % :  mod = 8.607582630601033e-14,  Error =1.4299489805580379e-06
Completed 17 % :  mod = 9.400728915565528e-14,  Error =1.450663113189421e-06
Completed 17 % :  mod = 1.0268197481634617e-13,  Error =1.471405539632542e-06
Completed 17 % :  mod = 1.1214364027704933e-13,  Error =1.4921194164685403e-06
Completed 18 % :  mod = 1.224771657722135e-13,  Error =1.512833364358812e-06
Completed 18 % :  mod = 1.3377899733629192e-13,  Error =1.5335757623802238e-06
Completed 18 % :  mod = 1.4610614384289108e-13,  Error =1.5542899305387436e-06
Completed 18 % :  mod = 1.5956919164423448e-13,  Error =1.5750040844864088e-06
Completed 19 % :  mod = 1.7429379558265018e-13,  Error =1.595746354610128e-06
Completed 19 % :  mod = 1.9035422974058654e-13,  Error =1.616460522768648e-06
Completed 19 % :  mod = 2.0789457163394566e-13,  Error =1.6371745701349028e-06
Completed 19 % :  mod = 2.2707853074827986e-13,  Error =1.6579166484120833e-06
Completed 20 % :  mod = 2.4800287512311804e-13,  Error =1.6786304897209448e-06
Completed 20 % :  mod = 2.708553162125611e-13,  Error =1.699344664984892e-06
Completed 20 % :  mod = 2.958491429470103e-13,  Error =1.720086871159765e-06
Completed 20 % :  mod = 3.2311042958017667e-13,  Error =1.740800961158584e-06
Completed 21 % :  mod = 3.5288373601098295e-13,  Error =1.761515271425651e-06
Completed 21 % :  mod = 3.854469457137908e-13,  Error =1.7822577120796268e-06
Completed 21 % :  mod = 4.209643144729735e-13,  Error =1.8029717310241722e-06
Completed 21 % :  mod = 4.597544671315532e-13,  Error =1.8236856504927346e-06
Completed 22 % :  mod = 5.021794440963097e-13,  Error =1.844427785613334e-06
Completed 22 % :  mod = 5.484532459037544e-13,  Error =1.865141875612153e-06
Completed 22 % :  mod = 5.989909927625532e-13,  Error =1.8858559514001172e-06
Completed 22 % :  mod = 6.542643688273482e-13,  Error =1.9065986336386231e-06
Completed 23 % :  mod = 7.145521844449212e-13,  Error =1.9273124678420572e-06
Completed 23 % :  mod = 7.803952785911972e-13,  Error =1.9480265009974573e-06
Completed 23 % :  mod = 8.524081845133337e-13,  Error =1.968768501114937e-06
Completed 23 % :  mod = 9.309541496985833e-13,  Error =1.989482512954055e-06
Completed 24 % :  mod = 1.0167378054269873e-12,  Error =2.0101963755791985e-06
Completed 24 % :  mod = 1.1105597952575182e-12,  Error =2.0309386172812083e-06
Completed 24 % :  mod = 1.212893374965855e-12,  Error =2.0516525367497707e-06
Completed 24 % :  mod = 1.3246565716875284e-12,  Error =2.072366399374914e-06
Completed 25 % :  mod = 1.4468925015722554e-12,  Error =2.093108740552907e-06
Completed 25 % :  mod = 1.5802177431920263e-12,  Error =2.1138225605454863e-06
Completed 25 % :  mod = 1.725828344415362e-12,  Error =2.134536167375245e-06
Completed 25 % :  mod = 1.8850833241604155e-12,  Error =2.1552781888090067e-06
Completed 26 % :  mod = 2.0587859857645327e-12,  Error =2.175991731689919e-06
Completed 26 % :  mod = 2.248494591956026e-12,  Error =2.1967053527305325e-06
Completed 26 % :  mod = 2.4559797296098473e-12,  Error =2.217446898100661e-06
Completed 26 % :  mod = 2.6822879692437833e-12,  Error =2.2381604622978557e-06
Completed 27 % :  mod = 2.929449475253514e-12,  Error =2.2588733799011607e-06
Completed 27 % :  mod = 3.199771032712411e-12,  Error =2.2796146126324857e-06
Completed 27 % :  mod = 3.4946161368600127e-12,  Error =2.3003274449706623e-06
Completed 27 % :  mod = 3.816629747218541e-12,  Error =2.3210398865103343e-06
Completed 28 % :  mod = 4.1688172056975676e-12,  Error =2.3417804229097783e-06
Completed 28 % :  mod = 4.5529548775514e-12,  Error =2.3624923102261164e-06
Completed 28 % :  mod = 4.973087459155255e-12,  Error =2.3832323705619274e-06
Completed 28 % :  mod = 5.4313339445195055e-12,  Error =2.403943753392923e-06
Completed 29 % :  mod = 5.931804926704638e-12,  Error =2.4246543119943453e-06
Completed 29 % :  mod = 6.479171037125862e-12,  Error =2.445392297545368e-06
Completed 29 % :  mod = 7.076192764215639e-12,  Error =2.4661013355853356e-06
Completed 29 % :  mod = 7.728225260474818e-12,  Error =2.4868091657026525e-06
Completed 30 % :  mod = 8.44135321600878e-12,  Error =2.507544067498202e-06
Completed 30 % :  mod = 9.219172593506647e-12,  Error =2.528249595457055e-06
Completed 30 % :  mod = 1.00686596115907e-11,  Error =2.5489534252187696e-06
Completed 30 % :  mod = 1.099774072490958e-11,  Error =2.569683502429143e-06
Completed 31 % :  mod = 1.2011099730025393e-11,  Error =2.590382784717349e-06
Completed 31 % :  mod = 1.3117823937244327e-11,  Error =2.611079231940039e-06
Completed 31 % :  mod = 1.4328238127438981e-11,  Error =2.631800740005019e-06
Completed 31 % :  mod = 1.5648441885423915e-11,  Error =2.6524900178515054e-06
Completed 32 % :  mod = 1.7090270890890015e-11,  Error =2.6731744497965337e-06
Completed 32 % :  mod = 1.8667171823554512e-11,  Error =2.6938815835819696e-06
Completed 32 % :  mod = 2.0387085413588973e-11,  Error =2.7145537302430967e-06
Completed 32 % :  mod = 2.226542331701249e-11,  Error =2.7352172935479757e-06
Completed 33 % :  mod = 2.4319693213027827e-11,  Error =2.755899835449327e-06
Completed 33 % :  mod = 2.6560226621265138e-11,  Error =2.7765422032643983e-06
Completed 33 % :  mod = 2.9007083058476436e-11,  Error =2.797170886026379e-06
Completed 33 % :  mod = 3.1683046019205274e-11,  Error =2.8178111364240976e-06
Completed 34 % :  mod = 3.4601542809768034e-11,  Error =2.838404171257025e-06
Completed 34 % :  mod = 3.778866153336699e-11,  Error =2.858973665809117e-06
Completed 34 % :  mod = 4.127402233266331e-11,  Error =2.8795438709039445e-06
Completed 34 % :  mod = 4.5075038219294634e-11,  Error =2.900053054588625e-06
Completed 35 % :  mod = 4.9225583536885955e-11,  Error =2.9205229665763e-06
Completed 35 % :  mod = 5.3764090322708644e-11,  Error =2.9409747099862216e-06
Completed 35 % :  mod = 5.871303865883148e-11,  Error =2.9613432630526404e-06
Completed 35 % :  mod = 6.41162646517735e-11,  Error =2.9816464746090787e-06
Completed 36 % :  mod = 7.002342063510148e-11,  Error =3.0019000192282874e-06
Completed 36 % :  mod = 7.6463235923025e-11,  Error =3.0220342495113073e-06
Completed 36 % :  mod = 8.349200546027248e-11,  Error =3.042060228608534e-06
Completed 36 % :  mod = 9.1173244768179e-11,  Error =3.061985928809463e-06
Completed 37 % :  mod = 9.954277894046438e-11,  Error =3.0817342846489737e-06
Completed 37 % :  mod = 1.0867157271199897e-10,  Error =3.1013070298513412e-06
Completed 37 % :  mod = 1.186389027828014e-10,  Error =3.1207000645849803e-06
Completed 37 % :  mod = 1.2948660394683944e-10,  Error =3.1398262692050594e-06
Completed 38 % :  mod = 1.4129989732355734e-10,  Error =3.158674246606097e-06
Completed 38 % :  mod = 1.54171413033917e-10,  Error =3.177225657680083e-06
Completed 38 % :  mod = 1.6814069441889745e-10,  Error =3.195382419107773e-06
Completed 38 % :  mod = 1.8329644417118608e-10,  Error =3.2131183900219185e-06
Completed 39 % :  mod = 1.9972661070946256e-10,  Error =3.2304017025808207e-06
Completed 39 % :  mod = 2.174371831778884e-10,  Error =3.247128127270571e-06
Completed 39 % :  mod = 2.3647700089966073e-10,  Error =3.263264062525195e-06
Completed 39 % :  mod = 2.5686527606759477e-10,  Error =3.278775302817394e-06
Completed 40 % :  mod = 2.784821198303955e-10,  Error =3.2935687954704918e-06
Completed 40 % :  mod = 3.012125826800025e-10,  Error =3.3076249152941273e-06
Completed 40 % :  mod = 3.2484206335812495e-10,  Error =3.320933721795427e-06
Completed 40 % :  mod = 3.4892204525363816e-10,  Error =3.3334472746560095e-06
Completed 41 % :  mod = 3.7293438277369846e-10,  Error =3.345196184056931e-06
Completed 41 % :  mod = 3.961717110057489e-10,  Error =3.356231182749525e-06
Completed 41 % :  mod = 4.17638288199451e-10,  Error =3.366588089193101e-06
Completed 41 % :  mod = 4.362653034177414e-10,  Error =3.376378465702601e-06
Completed 42 % :  mod = 4.5085799079574855e-10,  Error =3.3857414010185494e-06
Completed 42 % :  mod = 4.601531028364326e-10,  Error =3.394807322365523e-06
Completed 42 % :  mod = 4.6307428410007e-10,  Error =3.403782137922917e-06
Completed 42 % :  mod = 4.587940475029184e-10,  Error =3.4128392769616767e-06
Completed 43 % :  mod = 4.469414560645678e-10,  Error =3.4221943323586856e-06
Completed 43 % :  mod = 4.276792471371706e-10,  Error =3.432056487895352e-06
Completed 43 % :  mod = 4.01900801490761e-10,  Error =3.4425691879391707e-06
Completed 43 % :  mod = 3.7103983780822657e-10,  Error =3.4538769000391767e-06
Completed 44 % :  mod = 3.3696064058341276e-10,  Error =3.4660787591178632e-06
Completed 44 % :  mod = 3.018629453243788e-10,  Error =3.479171439835227e-06
Completed 44 % :  mod = 2.676961600451502e-10,  Error =3.4931545442873357e-06
Completed 44 % :  mod = 2.3605168084132154e-10,  Error =3.5079973059737313e-06
Completed 45 % :  mod = 2.0814756392848736e-10,  Error =3.5235861943760938e-06
Completed 45 % :  mod = 1.8454973484383069e-10,  Error =3.5398571398559397e-06
Completed 45 % :  mod = 1.6539783835070997e-10,  Error =3.5567489931054297e-06
Completed 45 % :  mod = 1.5056760765618532e-10,  Error =3.5741344319717427e-06
Completed 46 % :  mod = 1.39625125297676e-10,  Error =3.5919604570722186e-06
Completed 46 % :  mod = 1.320220574059678e-10,  Error =3.610183412661172e-06
Completed 46 % :  mod = 1.27172663509195e-10,  Error =3.6286921556438756e-06
Completed 46 % :  mod = 1.24436563388004e-10,  Error =3.6474572198130772e-06
Completed 47 % :  mod = 1.2318137629609628e-10,  Error =3.6664577862666192e-06
Completed 47 % :  mod = 1.2277606597113549e-10,  Error =3.6856032110677006e-06
Completed 47 % :  mod = 1.225829674596299e-10,  Error =3.7048867795874685e-06
Completed 47 % :  mod = 1.2198453681376127e-10,  Error =3.7243099413331038e-06
Completed 48 % :  mod = 1.2043396168466502e-10,  Error =3.7438011091239787e-06
Completed 48 % :  mod = 1.1752331579357434e-10,  Error =3.763374323284552e-06
Completed 48 % :  mod = 1.1305257959564212e-10,  Error =3.7830493440083046e-06
Completed 48 % :  mod = 1.071099831581773e-10,  Error =3.802766244120903e-06
Completed 49 % :  mod = 1.0005022938999904e-10,  Error =3.822546055687326e-06
Completed 49 % :  mod = 9.247115987569087e-11,  Error =3.8424062793751546e-06
Completed 49 % :  mod = 8.516510360246764e-11,  Error =3.862279989164108e-06
Completed 49 % :  mod = 7.893238832439383e-11,  Error =3.882179200331848e-06
Completed 50 % :  mod = 7.448745183711379e-11,  Error =3.902115437881548e-06
Completed 50 % :  mod = 7.289872227400668e-11,  Error =3.922019260471643e-06
Completed 50 % :  mod = 7.367789456945614e-11,  Error =3.941904921589412e-06
Completed 50 % :  mod = 7.603548362393969e-11,  Error =3.9617847349404656e-06
Completed 51 % :  mod = 8.131927503960609e-11,  Error =3.981588207579989e-06
Completed 51 % :  mod = 8.882040137128785e-11,  Error =4.001323141267221e-06
Completed 51 % :  mod = 9.800207349806367e-11,  Error =4.020993905839987e-06
Completed 51 % :  mod = 1.0845853989496199e-10,  Error =4.040522632919874e-06
Completed 52 % :  mod = 1.1986379608928343e-10,  Error =4.059912392051501e-06
Completed 52 % :  mod = 1.3192835724410542e-10,  Error =4.0791647322180324e-06
Completed 52 % :  mod = 1.442936186131973e-10,  Error =4.098205096170204e-06
Completed 52 % :  mod = 1.5657022584815913e-10,  Error =4.117039402729006e-06
Completed 53 % :  mod = 1.6825912329614476e-10,  Error =4.135674274152734e-06
Completed 53 % :  mod = 1.787449729684931e-10,  Error =4.154041448600765e-06
Completed 53 % :  mod = 1.8751253872496835e-10,  Error =4.172150404713193e-06
Completed 53 % :  mod = 1.942617973671762e-10,  Error =4.19000770079947e-06
Completed 54 % :  mod = 1.9906544344494583e-10,  Error =4.2075406483377265e-06
Completed 54 % :  mod = 2.0253997547395836e-10,  Error =4.224739761582441e-06
Completed 54 % :  mod = 2.058148010875407e-10,  Error =4.241582104214103e-06
Completed 54 % :  mod = 2.1038830763623478e-10,  Error =4.257963958309574e-06
Completed 55 % :  mod = 2.1788371676304705e-10,  Error =4.273845554791933e-06
Completed 55 % :  mod = 2.2971542327336004e-10,  Error =4.289184445838146e-06
Completed 55 % :  mod = 2.4670987556642374e-10,  Error =4.303879855171999e-06
Completed 55 % :  mod = 2.6900645962287485e-10,  Error =4.317896653560638e-06
Completed 56 % :  mod = 2.960221659192727e-10,  Error =4.331199114915307e-06
Completed 56 % :  mod = 3.2646434811861644e-10,  Error =4.343702975972974e-06
Completed 56 % :  mod = 3.5885629373407853e-10,  Error =4.355409352285733e-06
Completed 56 % :  mod = 3.9145440138021815e-10,  Error =4.366281203260769e-06
Completed 57 % :  mod = 4.226466069978537e-10,  Error =4.3763683095221495e-06
Completed 57 % :  mod = 4.507044347216467e-10,  Error =4.385762025549411e-06
Completed 57 % :  mod = 4.734536113469172e-10,  Error =4.394567056920096e-06
Completed 57 % :  mod = 4.884061677482141e-10,  Error =4.402979953965769e-06
Completed 58 % :  mod = 4.928720337669775e-10,  Error =4.411250110081255e-06
Completed 58 % :  mod = 4.846945263115502e-10,  Error =4.419635125429977e-06
Completed 58 % :  mod = 4.631837976388987e-10,  Error =4.42844010706267e-06
Completed 58 % :  mod = 4.2968067023461675e-10,  Error =4.437938024182131e-06
Completed 59 % :  mod = 3.8781104638456234e-10,  Error =4.448287207026169e-06
Completed 59 % :  mod = 3.424651800504454e-10,  Error =4.459588005545356e-06
Completed 59 % :  mod = 2.9862419749927113e-10,  Error =4.471861828392321e-06
Completed 59 % :  mod = 2.602772550412686e-10,  Error =4.485028505030186e-06
Completed 60 % :  mod = 2.2932474785077245e-10,  Error =4.499037245864201e-06
Completed 60 % :  mod = 2.058378707209543e-10,  Error =4.513835499153629e-06
Completed 60 % :  mod = 1.887510595091453e-10,  Error =4.529303218703262e-06
Completed 60 % :  mod = 1.7652109082525558e-10,  Error =4.54537073579786e-06
Completed 61 % :  mod = 1.6792350056343703e-10,  Error =4.561968516725301e-06
Completed 61 % :  mod = 1.6234044987532736e-10,  Error =4.578961622314637e-06
Completed 61 % :  mod = 1.5962139082454635e-10,  Error =4.596293727843204e-06
Completed 61 % :  mod = 1.598700356463846e-10,  Error =4.613924410534764e-06
Completed 62 % :  mod = 1.630880216444278e-10,  Error =4.63175341991473e-06
Completed 62 % :  mod = 1.6883276202458133e-10,  Error =4.649759574704149e-06
Completed 62 % :  mod = 1.7596532145586673e-10,  Error =4.667925026069497e-06
Completed 62 % :  mod = 1.8257534676423588e-10,  Error =4.686161545919276e-06
Completed 63 % :  mod = 1.863823780988914e-10,  Error =4.704469020566648e-06
Completed 63 % :  mod = 1.8535617539218772e-10,  Error =4.722870365014842e-06
Completed 63 % :  mod = 1.784481551385332e-10,  Error =4.741333810898141e-06
Completed 63 % :  mod = 1.659938900265822e-10,  Error =4.759905905871165e-06
Completed 64 % :  mod = 1.496442558288561e-10,  Error =4.7786151640139e-06
Completed 64 % :  mod = 1.3206836288967262e-10,  Error =4.797382416654727e-06
Completed 64 % :  mod = 1.1623167018921365e-10,  Error =4.81618348402435e-06
Completed 64 % :  mod = 1.0890235607605863e-10,  Error =4.834995280589283e-06
Completed 65 % :  mod = 1.1281814181402302e-10,  Error =4.853736172094614e-06
Completed 65 % :  mod = 1.1436250536154627e-10,  Error =4.872417243007021e-06
Completed 65 % :  mod = 1.1404222173051986e-10,  Error =4.891048639876772e-06
Completed 65 % :  mod = 1.222752722346024e-10,  Error =4.909545481268651e-06
Completed 66 % :  mod = 1.381252719812128e-10,  Error =4.9278762261906195e-06
Completed 66 % :  mod = 1.55614196910327e-10,  Error =4.945996401772845e-06
Completed 66 % :  mod = 1.738812128385153e-10,  Error =4.963788661882518e-06
Completed 66 % :  mod = 1.928275782412365e-10,  Error =4.9812194760079365e-06
Completed 67 % :  mod = 2.128726509495435e-10,  Error =4.998265225708565e-06
Completed 67 % :  mod = 2.34455766949473e-10,  Error =5.014842514583506e-06
Completed 67 % :  mod = 2.5758535050754934e-10,  Error =5.030946525153013e-06
Completed 67 % :  mod = 2.8116664102311374e-10,  Error =5.04657906930106e-06
Completed 68 % :  mod = 3.027343431181135e-10,  Error =5.06169219960384e-06
Completed 68 % :  mod = 3.192480797282681e-10,  Error =5.076326729636094e-06
Completed 68 % :  mod = 3.28198257156283e-10,  Error =5.090548725661392e-06
Completed 68 % :  mod = 3.2885195719191466e-10,  Error =5.104383099308052e-06
Completed 69 % :  mod = 3.229214646308454e-10,  Error =5.117901018536486e-06
Completed 69 % :  mod = 3.141544691240772e-10,  Error =5.131137974956346e-06
Completed 69 % :  mod = 3.0731434118490887e-10,  Error =5.144047605654123e-06
Completed 69 % :  mod = 3.0661596140363287e-10,  Error =5.156634784952985e-06
Completed 70 % :  mod = 3.143482510381541e-10,  Error =5.168919969378294e-06
Completed 70 % :  mod = 3.299111468969308e-10,  Error =5.180888514644266e-06
Completed 70 % :  mod = 3.5003245153374613e-10,  Error =5.192573972578884e-06
Completed 70 % :  mod = 3.7013117313317103e-10,  Error =5.204008985515429e-06
Completed 71 % :  mod = 3.862858335611232e-10,  Error =5.215193439767063e-06
Completed 71 % :  mod = 3.970411021594878e-10,  Error =5.226215392895028e-06
Completed 71 % :  mod = 4.0331809550746776e-10,  Error =5.2371231689107844e-06
Completed 71 % :  mod = 4.0697022336426147e-10,  Error =5.248020251258367e-06
Completed 72 % :  mod = 4.086515133725737e-10,  Error =5.259014592695621e-06
Completed 72 % :  mod = 4.067704333331502e-10,  Error =5.2701787538467215e-06
Completed 72 % :  mod = 3.9816326209708405e-10,  Error =5.281654310351769e-06
Completed 72 % :  mod = 3.797891977261342e-10,  Error =5.2936148762228186e-06
Completed 73 % :  mod = 3.5046073326783935e-10,  Error =5.306193244791757e-06
Completed 73 % :  mod = 3.115039785741081e-10,  Error =5.31952498050714e-06
Completed 73 % :  mod = 2.6679877488401994e-10,  Error =5.333649490069092e-06
Completed 73 % :  mod = 2.222888185087995e-10,  Error =5.3484437430029175e-06
Completed 74 % :  mod = 1.8408014438706958e-10,  Error =5.363795430923801e-06
Completed 74 % :  mod = 1.71043339374934e-10,  Error =5.379625555690382e-06
Completed 74 % :  mod = 1.6634379312532337e-10,  Error =5.39585473546822e-06
Completed 74 % :  mod = 1.563933493195223e-10,  Error =5.412498062185023e-06
Completed 75 % :  mod = 1.4774756095912183e-10,  Error =5.429546050095269e-06
Completed 75 % :  mod = 1.5325448865088952e-10,  Error =5.446870197545195e-06
Completed 75 % :  mod = 1.6325647600234079e-10,  Error =5.4643867457571105e-06
Completed 75 % :  mod = 1.71977260600954e-10,  Error =5.482025393632739e-06
Completed 76 % :  mod = 1.7871296669290947e-10,  Error =5.499671424047392e-06
Completed 76 % :  mod = 1.8424244044978317e-10,  Error =5.517307236857505e-06
Completed 76 % :  mod = 1.9038151007641983e-10,  Error =5.534928725126065e-06
Completed 76 % :  mod = 1.9888694825179687e-10,  Error =5.55246525379971e-06
Completed 77 % :  mod = 2.1009326079548087e-10,  Error =5.569919935055623e-06
Completed 77 % :  mod = 2.220826328836592e-10,  Error =5.587294452880087e-06
Completed 77 % :  mod = 2.311430886477636e-10,  Error =5.604524766056329e-06
Completed 77 % :  mod = 2.3354195537104647e-10,  Error =5.621639914465959e-06
Completed 78 % :  mod = 2.2719642617507758e-10,  Error =5.638692037734927e-06
Completed 78 % :  mod = 2.1261345138961599e-10,  Error =5.655654106817565e-06
Completed 78 % :  mod = 1.9276903247396793e-10,  Error =5.672512848775568e-06
Completed 78 % :  mod = 1.725474915798133e-10,  Error =5.689182600576714e-06
Completed 79 % :  mod = 1.700862397650108e-10,  Error =5.7054871902550985e-06
Completed 79 % :  mod = 1.8258853470228278e-10,  Error =5.721371600486691e-06
Completed 79 % :  mod = 1.8752315547477032e-10,  Error =5.736860671845534e-06
Completed 79 % :  mod = 1.9262045794631153e-10,  Error =5.751942516951658e-06
Completed 80 % :  mod = 2.2283324058278132e-10,  Error =5.766610335911082e-06
Completed 80 % :  mod = 2.6156503029246443e-10,  Error =5.780769583907386e-06
Completed 80 % :  mod = 2.996212415275231e-10,  Error =5.7942338074212785e-06
Completed 80 % :  mod = 3.340802718699426e-10,  Error =5.806911275385573e-06
Completed 81 % :  mod = 3.6464744325909094e-10,  Error =5.818778781474521e-06
Completed 81 % :  mod = 3.9282793415595005e-10,  Error =5.829825212799733e-06
Completed 81 % :  mod = 4.206619339321238e-10,  Error =5.8401296740839825e-06
Completed 81 % :  mod = 4.485607030980182e-10,  Error =5.8497940997881415e-06
Completed 82 % :  mod = 4.734427362535036e-10,  Error =5.858915756107308e-06
Completed 82 % :  mod = 4.889723319662876e-10,  Error =5.867690717309415e-06
Completed 82 % :  mod = 4.87976499347226e-10,  Error =5.876395746895469e-06
Completed 82 % :  mod = 4.665617586233105e-10,  Error =5.8853266011738015e-06
Completed 83 % :  mod = 4.2717113241825885e-10,  Error =5.894779768311764e-06
Completed 83 % :  mod = 3.784475016645734e-10,  Error =5.904927618871625e-06
Completed 83 % :  mod = 3.3197557359685276e-10,  Error =5.91577234132501e-06
Completed 83 % :  mod = 2.968557522157553e-10,  Error =5.92731234405619e-06
Completed 84 % :  mod = 2.765759557329316e-10,  Error =5.939569753365959e-06
Completed 84 % :  mod = 2.687202157868234e-10,  Error =5.952520957919205e-06
Completed 84 % :  mod = 2.6700371520398234e-10,  Error =5.966153892700277e-06
Completed 84 % :  mod = 2.64645273286817e-10,  Error =5.980421619256049e-06
Completed 85 % :  mod = 2.57199481548696e-10,  Error =5.9952127031692726e-06
Completed 85 % :  mod = 2.4400685335835794e-10,  Error =6.010505749998174e-06
Completed 85 % :  mod = 2.2802482349673458e-10,  Error =6.026201582187696e-06
Completed 85 % :  mod = 2.1401921998820719e-10,  Error =6.042265326300367e-06
Completed 86 % :  mod = 2.0629281214383576e-10,  Error =6.058680206422196e-06
Completed 86 % :  mod = 2.0669494887581374e-10,  Error =6.0753746922159735e-06
Completed 86 % :  mod = 2.1359047883368914e-10,  Error =6.092332540674761e-06
Completed 86 % :  mod = 2.22321516972981e-10,  Error =6.1095156382862115e-06
Completed 87 % :  mod = 2.268044052352524e-10,  Error =6.126827408081681e-06
Completed 87 % :  mod = 2.2193532140707248e-10,  Error =6.144306517796849e-06
Completed 87 % :  mod = 2.0549697803677672e-10,  Error =6.16205457504293e-06
Completed 87 % :  mod = 1.7912388502418504e-10,  Error =6.18008898811695e-06
Completed 88 % :  mod = 1.476477454527121e-10,  Error =6.198408051716342e-06
Completed 88 % :  mod = 1.175795270667463e-10,  Error =6.216923722490719e-06
Completed 88 % :  mod = 1.204455203670697e-10,  Error =6.235474209859149e-06
Completed 88 % :  mod = 1.2229082911766472e-10,  Error =6.25406115517535e-06
Completed 89 % :  mod = 1.1681105553071058e-10,  Error =6.272763855008634e-06
Completed 89 % :  mod = 1.0587691877349431e-10,  Error =6.291578230843697e-06
Completed 89 % :  mod = 1.1833994177836828e-10,  Error =6.310496843298097e-06
Completed 89 % :  mod = 1.3696673732202784e-10,  Error =6.329448481778854e-06
Completed 90 % :  mod = 1.5090270440446844e-10,  Error =6.348294540714505e-06
Completed 90 % :  mod = 1.5774597150160086e-10,  Error =6.3670309060626096e-06
Completed 90 % :  mod = 1.5804991186792944e-10,  Error =6.3856894954028576e-06
Completed 90 % :  mod = 1.5507914549689594e-10,  Error =6.404212676613952e-06
Completed 91 % :  mod = 1.5360366021874495e-10,  Error =6.422589400756351e-06
Completed 91 % :  mod = 1.580606414395899e-10,  Error =6.440804760643459e-06
Completed 91 % :  mod = 1.7065187512035685e-10,  Error =6.4587873254140504e-06
Completed 91 % :  mod = 1.902238214232466e-10,  Error =6.476543546796165e-06
Completed 92 % :  mod = 2.124194971353193e-10,  Error =6.494057089412308e-06
Completed 92 % :  mod = 2.3110228347972672e-10,  Error =6.5112305591696895e-06
Completed 92 % :  mod = 2.41002450581532e-10,  Error =6.528068240641005e-06
Completed 92 % :  mod = 2.398729206464461e-10,  Error =6.544609398417833e-06
Completed 93 % :  mod = 2.2967126081707797e-10,  Error =6.560809715949745e-06
Completed 93 % :  mod = 2.1613761681699224e-10,  Error =6.576619533404937e-06
Completed 93 % :  mod = 2.0705116915886926e-10,  Error =6.59193395335933e-06
Completed 93 % :  mod = 2.11607689524452e-10,  Error =6.606620864602064e-06
Completed 94 % :  mod = 2.283634302173016e-10,  Error =6.620697909909268e-06
Completed 94 % :  mod = 2.6224288431034235e-10,  Error =6.634215210965522e-06
Completed 94 % :  mod = 3.054119925068321e-10,  Error =6.647113288238415e-06
Completed 94 % :  mod = 3.4890568487266144e-10,  Error =6.659323737778777e-06
Completed 95 % :  mod = 3.844343534473381e-10,  Error =6.670791272256338e-06
Completed 95 % :  mod = 4.080692981870004e-10,  Error =6.681499385763345e-06
Completed 95 % :  mod = 4.2204304194686586e-10,  Error =6.69155636501273e-06
Completed 95 % :  mod = 4.3267106215852717e-10,  Error =6.7010925306476565e-06
Completed 96 % :  mod = 4.4594305205347024e-10,  Error =6.7101945049330425e-06
Completed 96 % :  mod = 4.6305090964036616e-10,  Error =6.718985908094055e-06
Completed 96 % :  mod = 4.786876145671293e-10,  Error =6.727611683743362e-06
Completed 96 % :  mod = 4.835525032608732e-10,  Error =6.736247478045243e-06
Completed 97 % :  mod = 4.695365485579857e-10,  Error =6.745197083546373e-06
Completed 97 % :  mod = 4.3384404543505414e-10,  Error =6.754802612363164e-06
Completed 97 % :  mod = 3.810439818545322e-10,  Error =6.765271017172836e-06
Completed 97 % :  mod = 3.2165088125544636e-10,  Error =6.7766613582875834e-06
Completed 98 % :  mod = 2.6822758172957757e-10,  Error =6.788907469967853e-06
Completed 98 % :  mod = 2.3047009603538615e-10,  Error =6.801904646636103e-06
Completed 98 % :  mod = 2.13466128147291e-10,  Error =6.815674950644279e-06
Completed 98 % :  mod = 2.0708325051177217e-10,  Error =6.8302541933462635e-06
Completed 99 % :  mod = 2.099293913785485e-10,  Error =6.845540141853235e-06
Completed 99 % :  mod = 2.1172498832461047e-10,  Error =6.861441711691896e-06
Completed 99 % :  mod = 2.0739934444046102e-10,  Error =6.877785949654935e-06
Completed 99 % :  mod = 1.9630113809822765e-10,  Error =6.894499620102579e-06
Completed 100 % :  mod = 1.814864574659685e-10,  Error =6.911523584562929e-06
Finished 31/31 frames
Finished all frames!
