/opt/local/miniconda_23_9/lib/python3.11/site-packages/conda/base/context.py:201: FutureWarning: Adding 'defaults' to channel list implicitly is deprecated and will be removed in 25.3. 

To remove this warning, please choose a default channel explicitly with conda's regular configuration system, e.g. by adding 'defaults' to the list of channels:

  conda config --add channels defaults

For more information see https://docs.conda.io/projects/conda/en/stable/user-guide/configuration/use-condarc.html

  deprecated.topic(
JOB 14516 ARRAY_ID 13  -> i=13 ; range=[1.95e-10, 2.05e-10] ; intervals=20 (frames=21)
Analytic t0 extension enabled (--extend-time-using-t0).
Extending simulation time for p0=2.012e-10 from 10000000000.0 to 3.982e+10
Completed 0 % :  mod = 1.609523809529739e-16,  Error =-1.4210854715202004e-14
Completed 0 % :  mod = 1.6142496903756136e-16,  Error =7.986038497165282e-09
Completed 0 % :  mod = 1.6284531331935307e-16,  Error =1.5971934885783412e-08
Completed 0 % :  mod = 1.6522175555293512e-16,  Error =2.395685783085355e-08
Completed 0 % :  mod = 1.6856825275678311e-16,  Error =3.194143260998317e-08
Completed 1 % :  mod = 1.7290444576585545e-16,  Error =3.9927130046635284e-08
Completed 1 % :  mod = 1.782557957163944e-16,  Error =4.791286301042419e-08
Completed 1 % :  mod = 1.8465372409794354e-16,  Error =5.5898922823871544e-08
Completed 1 % :  mod = 1.9213578465181886e-16,  Error =6.388423656744635e-08
Completed 2 % :  mod = 2.0074591328305124e-16,  Error =7.187031769717578e-08
Completed 2 % :  mod = 2.1053466830465571e-16,  Error =7.985535432908364e-08
Completed 2 % :  mod = 2.2155950619896808e-16,  Error =8.784071070522259e-08
Completed 2 % :  mod = 2.338851710646171e-16,  Error =9.582725368773026e-08
Completed 3 % :  mod = 2.475840316409254e-16,  Error =1.038132495523314e-07
Completed 3 % :  mod = 2.627364987756246e-16,  Error =1.117985632959062e-07
Completed 3 % :  mod = 2.79431548409798e-16,  Error =1.1978452363337055e-07
Completed 3 % :  mod = 2.9776720041205737e-16,  Error =1.2776931868074826e-07
Completed 4 % :  mod = 3.1785109470983963e-16,  Error =1.3575461821346835e-07
Completed 4 % :  mod = 3.398011624947753e-16,  Error =1.4373989642990637e-07
Completed 4 % :  mod = 3.6374627819610735e-16,  Error =1.5172518175177174e-07
Completed 4 % :  mod = 3.8982701273203674e-16,  Error =1.5971038891393619e-07
Completed 5 % :  mod = 4.1819650970078605e-16,  Error =1.6769652688708447e-07
Completed 5 % :  mod = 4.490213283293426e-16,  Error =1.7568147825386404e-07
Completed 5 % :  mod = 4.824824303516279e-16,  Error =1.8366655751833605e-07
Completed 5 % :  mod = 5.187762932385059e-16,  Error =1.9165302944657014e-07
Completed 6 % :  mod = 5.58116004661131e-16,  Error =1.9963813713275158e-07
Completed 6 % :  mod = 6.007369784123781e-16,  Error =2.0762436037102816e-07
Completed 6 % :  mod = 6.468808898872629e-16,  Error =2.156100862293897e-07
Completed 6 % :  mod = 6.968227767428569e-16,  Error =2.2359576234975975e-07
Completed 7 % :  mod = 7.5085583955792915e-16,  Error =2.3158084161423176e-07
Completed 7 % :  mod = 8.09297349918773e-16,  Error =2.395669866928074e-07
Completed 7 % :  mod = 8.724904109180432e-16,  Error =2.475530536116821e-07
Completed 7 % :  mod = 9.408060303795639e-16,  Error =2.555384241986758e-07
Completed 8 % :  mod = 1.014645333101178e-15,  Error =2.6352454796096936e-07
Completed 8 % :  mod = 1.0944418223665419e-15,  Error =2.715110412054855e-07
Completed 8 % :  mod = 1.1806639944045479e-15,  Error =2.7949601388854717e-07
Completed 8 % :  mod = 1.273818108307003e-15,  Error =2.874809723607541e-07
Completed 9 % :  mod = 1.3744510686496657e-15,  Error =2.9546585977868745e-07
Completed 9 % :  mod = 1.4831537085720976e-15,  Error =3.034514648447839e-07
Completed 9 % :  mod = 1.600564270088392e-15,  Error =3.114377733481888e-07
Completed 9 % :  mod = 1.7273720681353954e-15,  Error =3.194235063119777e-07
Completed 10 % :  mod = 1.8643216200134225e-15,  Error =3.274085500493129e-07
Completed 10 % :  mod = 2.0122170097462636e-15,  Error =3.3539379273861414e-07
Completed 10 % :  mod = 2.17192653461318e-15,  Error =3.43379603862104e-07
Completed 10 % :  mod = 2.34438788748714e-15,  Error =3.5136550735614946e-07
Completed 11 % :  mod = 2.530613649520882e-15,  Error =3.5935190823011e-07
Completed 11 % :  mod = 2.73169716235378e-15,  Error =3.673382451552243e-07
Completed 11 % :  mod = 2.9488190384885558e-15,  Error =3.753237791670472e-07
Completed 11 % :  mod = 3.1832540640100922e-15,  Error =3.833097395045115e-07
Completed 12 % :  mod = 3.436378628218297e-15,  Error =3.912956998419759e-07
Completed 12 % :  mod = 3.709678889400015e-15,  Error =3.992816317577308e-07
Completed 12 % :  mod = 4.004790341669458e-15,  Error =4.0726769157117815e-07
Completed 12 % :  mod = 4.323386148945935e-15,  Error =4.1525365901406985e-07
Completed 13 % :  mod = 4.667365469008815e-15,  Error =4.232390367064909e-07
Completed 13 % :  mod = 5.038747884520149e-15,  Error =4.3122561521613534e-07
Completed 13 % :  mod = 5.439713830546532e-15,  Error =4.392109715922743e-07
Completed 13 % :  mod = 5.8726174802235884e-15,  Error =4.4719725167396973e-07
Completed 14 % :  mod = 6.34000051100592e-15,  Error =4.551827359478011e-07
Completed 14 % :  mod = 6.8446069999668895e-15,  Error =4.631676162603071e-07
Completed 14 % :  mod = 7.389399618547447e-15,  Error =4.711529868473008e-07
Completed 14 % :  mod = 7.977576967159842e-15,  Error =4.791387766545085e-07
Completed 15 % :  mod = 8.612592328716283e-15,  Error =4.871235290693221e-07
Completed 15 % :  mod = 9.298174024613226e-15,  Error =4.951091057137091e-07
Completed 15 % :  mod = 1.0038347260467963e-14,  Error =5.03094916837199e-07
Completed 15 % :  mod = 1.0837457708159e-14,  Error =5.110809553343643e-07
Completed 16 % :  mod = 1.1700197131467847e-14,  Error =5.190667309307173e-07
Completed 16 % :  mod = 1.2631630856643762e-14,  Error =5.270522791533949e-07
Completed 16 % :  mod = 1.3637227491814088e-14,  Error =5.35037578686115e-07
Completed 16 % :  mod = 1.4722891110100347e-14,  Error =5.430228213754162e-07
Completed 17 % :  mod = 1.5894995863352863e-14,  Error =5.510078722181788e-07
Completed 17 % :  mod = 1.7160423372782398e-14,  Error =5.589941309835922e-07
Completed 17 % :  mod = 1.8526603218055275e-14,  Error =5.669797786822528e-07
Completed 17 % :  mod = 2.000155649486667e-14,  Error =5.749663145593331e-07
Completed 18 % :  mod = 2.1593942894700665e-14,  Error =5.829519196254296e-07
Completed 18 % :  mod = 2.331311160544093e-14,  Error =5.909368994139186e-07
Completed 18 % :  mod = 2.516915615871862e-14,  Error =5.989222913171943e-07
Completed 18 % :  mod = 2.7173183302695737e-14,  Error =6.069084079740605e-07
Completed 19 % :  mod = 2.93365551606429e-14,  Error =6.148937927719089e-07
Completed 19 % :  mod = 3.167216736188415e-14,  Error =6.228794049434327e-07
Completed 19 % :  mod = 3.419373254632552e-14,  Error =6.308649815878198e-07
Completed 19 % :  mod = 3.6916055103551656e-14,  Error =6.388507642896002e-07
Completed 20 % :  mod = 3.98551180266867e-14,  Error =6.468358506594996e-07
Completed 20 % :  mod = 4.3028176729978605e-14,  Error =6.548216759938441e-07
Completed 20 % :  mod = 4.645386037925136e-14,  Error =6.628080981840867e-07
Completed 20 % :  mod = 5.015228120558069e-14,  Error =6.707931845539861e-07
Completed 21 % :  mod = 5.4145152527165366e-14,  Error =6.787792301565787e-07
Completed 21 % :  mod = 5.845591624706941e-14,  Error =6.867640607310932e-07
Completed 21 % :  mod = 6.310988039055879e-14,  Error =6.947504758159084e-07
Completed 21 % :  mod = 6.813436759513665e-14,  Error =7.027359671951672e-07
Completed 22 % :  mod = 7.355887550319046e-14,  Error =7.107218920054947e-07
Completed 22 % :  mod = 7.941524976919537e-14,  Error =7.187081152437713e-07
Completed 22 % :  mod = 8.573787088083359e-14,  Error =7.266935071470471e-07
Completed 22 % :  mod = 9.256385588368558e-14,  Error =7.34679140634853e-07
Completed 23 % :  mod = 9.993327601079475e-14,  Error =7.426646959629579e-07
Completed 23 % :  mod = 1.0788939165924376e-13,  Error =7.506500523390969e-07
Completed 23 % :  mod = 1.1647890605398152e-13,  Error =7.586358421463046e-07
Completed 23 % :  mod = 1.2575223892083903e-13,  Error =7.666217101132133e-07
Completed 24 % :  mod = 1.3576382194660373e-13,  Error =7.74607379128156e-07
Completed 24 % :  mod = 1.465724176280392e-13,  Error =7.825928776128421e-07
Completed 24 % :  mod = 1.5824146330431518e-13,  Error =7.905778289796217e-07
Completed 24 % :  mod = 1.7083944245300058e-13,  Error =7.985634198348635e-07
Completed 25 % :  mod = 1.8444170822569862e-13,  Error =8.065497567599778e-07
Completed 25 % :  mod = 1.9912533711305347e-13,  Error =8.145351131361167e-07
Completed 25 % :  mod = 2.1497780206292655e-13,  Error =8.225208034673415e-07
Completed 25 % :  mod = 2.3209210604827807e-13,  Error =8.305066501179681e-07
Completed 26 % :  mod = 2.505686423999835e-13,  Error =8.384923404491929e-07
Completed 26 % :  mod = 2.705157795760673e-13,  Error =8.464773486593913e-07
Completed 26 % :  mod = 2.92050491464127e-13,  Error =8.544631810991632e-07
Completed 26 % :  mod = 3.1529903674368503e-13,  Error =8.624485232644474e-07
Completed 27 % :  mod = 3.403976908714439e-13,  Error =8.70433375155244e-07
Completed 27 % :  mod = 3.6749353435204675e-13,  Error =8.784194918121102e-07
Completed 27 % :  mod = 3.9674530151601367e-13,  Error =8.864051679324803e-07
Completed 27 % :  mod = 4.2832429388342346e-13,  Error =8.943910714265257e-07
Completed 28 % :  mod = 4.624153624278629e-13,  Error =9.023758025250572e-07
Completed 28 % :  mod = 4.992179634365999e-13,  Error =9.103611375849141e-07
Completed 28 % :  mod = 5.389472925068054e-13,  Error =9.183464015904974e-07
Completed 28 % :  mod = 5.818355012794312e-13,  Error =9.26331253481294e-07
Completed 29 % :  mod = 6.281330018480283e-13,  Error =9.343161622155094e-07
Completed 29 % :  mod = 6.781098631912016e-13,  Error =9.423017743870332e-07
Completed 29 % :  mod = 7.320573039032089e-13,  Error =9.502872160283005e-07
Completed 29 % :  mod = 7.90289285374943e-13,  Error =9.582726150370036e-07
Completed 30 % :  mod = 8.531442083295809e-13,  Error =9.662578293045954e-07
Completed 30 % :  mod = 9.209867150217673e-13,  Error =9.742430506776145e-07
Completed 30 % :  mod = 9.942095982515614e-13,  Error =9.822277675652913e-07
Completed 30 % :  mod = 1.0732358158827882e-12,  Error =9.902135218453623e-07
Completed 31 % :  mod = 1.158520607622629e-12,  Error =9.981988995377833e-07
Completed 31 % :  mod = 1.2505633338898168e-12,  Error =1.006183673268879e-06
Completed 31 % :  mod = 1.3498720279100345e-12,  Error =1.0141694559706593e-06
Completed 31 % :  mod = 1.4570212964559674e-12,  Error =1.022154506813422e-06
Completed 32 % :  mod = 1.5726183920848768e-12,  Error =1.0301386694777648e-06
Completed 32 % :  mod = 1.6973145554385384e-12,  Error =1.0381244663904e-06
Completed 32 % :  mod = 1.831807404462935e-12,  Error =1.0461087498470079e-06
Completed 32 % :  mod = 1.9768432325690113e-12,  Error =1.0540927490865215e-06
Completed 33 % :  mod = 2.1332191382059574e-12,  Error =1.0620783612580453e-06
Completed 33 % :  mod = 2.3017848862687896e-12,  Error =1.0700622965487128e-06
Completed 33 % :  mod = 2.483444372688369e-12,  Error =1.0780464236859189e-06
Completed 33 % :  mod = 2.6791565283592783e-12,  Error =1.0860304371362872e-06
Completed 34 % :  mod = 2.8899354558396907e-12,  Error =1.0940138750470396e-06
Completed 34 % :  mod = 3.1168495394513374e-12,  Error =1.1019981371873655e-06
Completed 34 % :  mod = 3.361019205332829e-12,  Error =1.109980942715083e-06
Completed 34 % :  mod = 3.6236129329052296e-12,  Error =1.1179627250612612e-06
Completed 35 % :  mod = 3.905841028558888e-12,  Error =1.1259450900524826e-06
Completed 35 % :  mod = 4.208946567745782e-12,  Error =1.1339266308141305e-06
Completed 35 % :  mod = 4.5341927926428485e-12,  Error =1.1419069636531276e-06
Completed 35 % :  mod = 4.8828461191760355e-12,  Error =1.1498864935788333e-06
Completed 36 % :  mod = 5.256153763934007e-12,  Error =1.1578656824440259e-06
Completed 36 % :  mod = 5.655314856352823e-12,  Error =1.1658430594252422e-06
Completed 36 % :  mod = 6.0814437643163135e-12,  Error =1.1738198537614153e-06
Completed 36 % :  mod = 6.535524252011726e-12,  Error =1.181795965976562e-06
Completed 37 % :  mod = 7.018353037283839e-12,  Error =1.1897694349727317e-06
Completed 37 % :  mod = 7.530471358151776e-12,  Error =1.19774247764326e-06
Completed 37 % :  mod = 8.072139381982421e-12,  Error =1.205713886065496e-06
Completed 37 % :  mod = 8.643019411172199e-12,  Error =1.213681919409737e-06
Completed 38 % :  mod = 9.24239357285162e-12,  Error =1.2216477287552152e-06
Completed 38 % :  mod = 9.868825986053239e-12,  Error =1.2296111151499645e-06
Completed 38 % :  mod = 1.0520082890779753e-11,  Error =1.2375701885503076e-06
Completed 38 % :  mod = 1.1192994229509738e-11,  Error =1.2455268461053493e-06
Completed 39 % :  mod = 1.1883317339082152e-11,  Error =1.2534788496054716e-06
Completed 39 % :  mod = 1.258561360344038e-11,  Error =1.2614263127375125e-06
Completed 39 % :  mod = 1.3293152428619994e-11,  Error =1.2693702373667293e-06
Completed 39 % :  mod = 1.3997860214438699e-11,  Error =1.2773092663564967e-06
Completed 40 % :  mod = 1.4690334408939873e-11,  Error =1.2852430018028826e-06
Completed 40 % :  mod = 1.535994329822225e-11,  Error =1.2931711879105023e-06
Completed 40 % :  mod = 1.5995029847932082e-11,  Error =1.3010943433755529e-06
Completed 40 % :  mod = 1.65832317025941e-11,  Error =1.3090134061144454e-06
Completed 41 % :  mod = 1.711191884375306e-11,  Error =1.31692762295188e-06
Completed 41 % :  mod = 1.7568735746993023e-11,  Error =1.324837135996404e-06
Completed 41 % :  mod = 1.79422176839737e-11,  Error =1.3327425136822058e-06
Completed 41 % :  mod = 1.822243389061489e-11,  Error =1.3406459657971936e-06
Completed 42 % :  mod = 1.840159738390488e-11,  Error =1.3485474426033761e-06
Completed 42 % :  mod = 1.8474576035769455e-11,  Error =1.3564471359472918e-06
Completed 42 % :  mod = 1.843924477269727e-11,  Error =1.3643469856106094e-06
Completed 42 % :  mod = 1.829663492506052e-11,  Error =1.3722476523980731e-06
Completed 43 % :  mod = 1.8050861490673566e-11,  Error =1.3801498184307093e-06
Completed 43 % :  mod = 1.7708837723066236e-11,  Error =1.3880541587241169e-06
Completed 43 % :  mod = 1.727981317986203e-11,  Error =1.3959625349002636e-06
Completed 43 % :  mod = 1.6774736622646743e-11,  Error =1.4038766451562879e-06
Completed 44 % :  mod = 1.620582852792666e-11,  Error =1.4117934625801354e-06
Completed 44 % :  mod = 1.5585642216934784e-11,  Error =1.4197148487937739e-06
Completed 44 % :  mod = 1.492668869498983e-11,  Error =1.4276413224934004e-06
Completed 44 % :  mod = 1.4240913030436625e-11,  Error =1.4355729476278611e-06
Completed 45 % :  mod = 1.3539332880981255e-11,  Error =1.4435109747523711e-06
Completed 45 % :  mod = 1.2831795128722259e-11,  Error =1.4514528459130815e-06
Completed 45 % :  mod = 1.212684170681179e-11,  Error =1.4594001171985838e-06
Completed 45 % :  mod = 1.1431667985320012e-11,  Error =1.467350607242679e-06
Completed 46 % :  mod = 1.075215349297316e-11,  Error =1.4753043231507945e-06
Completed 46 % :  mod = 1.0092944428478996e-11,  Error =1.4832623449478888e-06
Completed 46 % :  mod = 9.457569302199759e-12,  Error =1.491224537630842e-06
Completed 46 % :  mod = 8.848572139386657e-12,  Error =1.4991886203574722e-06
Completed 47 % :  mod = 8.267651182525191e-12,  Error =1.5071562060597898e-06
Completed 47 % :  mod = 7.715794413120043e-12,  Error =1.515125333639844e-06
Completed 47 % :  mod = 7.193406159892427e-12,  Error =1.5230973460234054e-06
Completed 47 % :  mod = 6.700421439072268e-12,  Error =1.5310713195049175e-06
Completed 48 % :  mod = 6.236406475659331e-12,  Error =1.5390457122066437e-06
Completed 48 % :  mod = 5.800645131510912e-12,  Error =1.5470233591940996e-06
Completed 48 % :  mod = 5.392211812203044e-12,  Error =1.555000238795401e-06
Completed 48 % :  mod = 5.010031935116298e-12,  Error =1.562977907099139e-06
Completed 49 % :  mod = 4.652931301274841e-12,  Error =1.5709567335875363e-06
Completed 49 % :  mod = 4.3196758019756866e-12,  Error =1.5789376206498673e-06
Completed 49 % :  mod = 4.009002868601268e-12,  Error =1.5869199216922425e-06
Completed 49 % :  mod = 3.7196459788867096e-12,  Error =1.5949009650739754e-06
Completed 50 % :  mod = 3.4503272513224016e-12,  Error =1.6028839127102401e-06
Completed 50 % :  mod = 3.199877922135828e-12,  Error =1.6108669669279152e-06
Completed 50 % :  mod = 2.9670860054122187e-12,  Error =1.6188498221936243e-06
Completed 50 % :  mod = 2.7508137939135677e-12,  Error =1.6268327414081796e-06
Completed 51 % :  mod = 2.549974455459867e-12,  Error =1.6348170888136337e-06
Completed 51 % :  mod = 2.3635348321611866e-12,  Error =1.6428013083213955e-06
Completed 51 % :  mod = 2.1905167600589205e-12,  Error =1.650785684148559e-06
Completed 51 % :  mod = 2.029997257875892e-12,  Error =1.6587710618409801e-06
Completed 52 % :  mod = 1.8811078642347854e-12,  Error =1.6667561908434436e-06
Completed 52 % :  mod = 1.743033347655712e-12,  Error =1.6747406945682997e-06
Completed 52 % :  mod = 1.6150099674974807e-12,  Error =1.682725603302515e-06
Completed 52 % :  mod = 1.4963234250250167e-12,  Error =1.6907110733654918e-06
Completed 53 % :  mod = 1.3863066140978088e-12,  Error =1.6986959252562883e-06
Completed 53 % :  mod = 1.2843372565445712e-12,  Error =1.7066805568788368e-06
Completed 53 % :  mod = 1.189835486115292e-12,  Error =1.7146652950827956e-06
Completed 53 % :  mod = 1.1022614303846136e-12,  Error =1.7226502180278658e-06
Completed 54 % :  mod = 1.0211128273013638e-12,  Error =1.7306353683466114e-06
Completed 54 % :  mod = 9.459227022191018e-13,  Error =1.7386206536684767e-06
Completed 54 % :  mod = 8.762571245777999e-13,  Error =1.7466065287408128e-06
Completed 54 % :  mod = 8.117130572079357e-13,  Error =1.7545915653727207e-06
Completed 55 % :  mod = 7.519163056273826e-13,  Error =1.7625771207008256e-06
Completed 55 % :  mod = 6.965195722213902e-13,  Error =1.7705630597220079e-06
Completed 55 % :  mod = 6.452006172743949e-13,  Error =1.7785482100407535e-06
Completed 55 % :  mod = 5.976605258215479e-13,  Error =1.7865349732915092e-06
Completed 56 % :  mod = 5.536220790291954e-13,  Error =1.7945205996738878e-06
Completed 56 % :  mod = 5.128242740325891e-13,  Error =1.8025071781835322e-06
Completed 56 % :  mod = 4.750369990879096e-13,  Error =1.8104919021766364e-06
Completed 56 % :  mod = 4.4003508258798847e-13,  Error =1.8184769388085442e-06
Completed 57 % :  mod = 4.0761377852511245e-13,  Error =1.8264625438746407e-06
Completed 57 % :  mod = 3.775833365822827e-13,  Error =1.8344480636756089e-06
Completed 57 % :  mod = 3.4976791999325513e-13,  Error =1.8424329937261064e-06
Completed 57 % :  mod = 3.240045987282842e-13,  Error =1.8504176111378001e-06
Completed 58 % :  mod = 3.0014241286614147e-13,  Error =1.8584034791047088e-06
Completed 58 % :  mod = 2.7804150235782174e-13,  Error =1.8663876559799064e-06
Completed 58 % :  mod = 2.575722987709439e-13,  Error =1.8743730194614727e-06
Completed 58 % :  mod = 2.386147744952872e-13,  Error =1.8823589442718003e-06
Completed 59 % :  mod = 2.2105774614799294e-13,  Error =1.8903449046092646e-06
Completed 59 % :  mod = 2.0479822831880682e-13,  Error =1.8983306020459167e-06
Completed 59 % :  mod = 1.8974083378669014e-13,  Error =1.9063169816035952e-06
Completed 59 % :  mod = 1.7579721761758684e-13,  Error =1.914302529826273e-06
Completed 60 % :  mod = 1.6288556180562124e-13,  Error =1.922287651723309e-06
Completed 60 % :  mod = 1.5093009722556968e-13,  Error =1.930272951256029e-06
Completed 60 % :  mod = 1.398606609298292e-13,  Error =1.9382587055361e-06
Completed 60 % :  mod = 1.2961228592261665e-13,  Error =1.946244083228521e-06
Completed 61 % :  mod = 1.201248207567691e-13,  Error =1.9542292122309846e-06
Completed 61 % :  mod = 1.1134257755143585e-13,  Error =1.9622145259745594e-06
Completed 61 % :  mod = 1.032140059124146e-13,  Error =1.9702011186950585e-06
Completed 61 % :  mod = 9.569139067115315e-14,  Error =1.978185949269573e-06
Completed 62 % :  mod = 8.87305724350144e-14,  Error =1.9861717532876355e-06
Completed 62 % :  mod = 8.229068877771378e-14,  Error =1.9941568893955264e-06
Completed 62 % :  mod = 7.633335760298481e-14,  Error =2.002143887125385e-06
Completed 62 % :  mod = 7.082480632003857e-14,  Error =2.0101286750673353e-06
Completed 63 % :  mod = 6.57320724223747e-14,  Error =2.018114997781595e-06
Completed 63 % :  mod = 6.10252576276908e-14,  Error =2.026101313390427e-06
Completed 63 % :  mod = 5.667672905617489e-14,  Error =2.03408660581772e-06
Completed 63 % :  mod = 5.266095708190888e-14,  Error =2.0420729285319794e-06
Completed 64 % :  mod = 4.8954365293058745e-14,  Error =2.050058476754657e-06
Completed 64 % :  mod = 4.5535192401205754e-14,  Error =2.058044131558745e-06
Completed 64 % :  mod = 4.2383364483611006e-14,  Error =2.0660292179286444e-06
Completed 64 % :  mod = 3.948037694175031e-14,  Error =2.0740149508924333e-06
Completed 65 % :  mod = 3.680918616696861e-14,  Error =2.082000364111991e-06
Completed 65 % :  mod = 3.4354109426448574e-14,  Error =2.089985642328429e-06
Completed 65 % :  mod = 3.2100732593798175e-14,  Error =2.0979712473945256e-06
Completed 65 % :  mod = 3.0035825841613616e-14,  Error =2.1059564048186985e-06
Completed 66 % :  mod = 2.814726586365087e-14,  Error =2.1139425214755647e-06
Completed 66 % :  mod = 2.642396452786121e-14,  Error =2.121927764164866e-06
Completed 66 % :  mod = 2.4855804106391492e-14,  Error =2.1299136889751935e-06
Completed 66 % :  mod = 2.3433577703845896e-14,  Error =2.137898960086204e-06
Completed 67 % :  mod = 2.2148935077265993e-14,  Error =2.1458850767430704e-06
Completed 67 % :  mod = 2.0994333909247305e-14,  Error =2.153870845233996e-06
Completed 67 % :  mod = 1.996299534000205e-14,  Error =2.1618563224024e-06
Completed 67 % :  mod = 1.9048864082933043e-14,  Error =2.1698419203630692e-06
Completed 68 % :  mod = 1.8246573148585905e-14,  Error =2.1778266727778828e-06
Completed 68 % :  mod = 1.7551412142279997e-14,  Error =2.185811759147782e-06
Completed 68 % :  mod = 1.6959299543528336e-14,  Error =2.193797151051058e-06
Completed 68 % :  mod = 1.6466714325187704e-14,  Error =2.201784759847669e-06
Completed 69 % :  mod = 1.607086367854501e-14,  Error =2.2097699456935516e-06
Completed 69 % :  mod = 1.576936883440421e-14,  Error =2.2177551386448613e-06
Completed 69 % :  mod = 1.556045973776873e-14,  Error =2.2257418166304888e-06
Completed 69 % :  mod = 1.5442909816223254e-14,  Error =2.233727016687226e-06
Completed 70 % :  mod = 1.541602884291601e-14,  Error =2.2417120675299884e-06
Completed 70 % :  mod = 1.547965908525753e-14,  Error =2.2496964078300152e-06
Completed 70 % :  mod = 1.5634174106129154e-14,  Error =2.2576812739316665e-06
Completed 70 % :  mod = 1.5880481048193986e-14,  Error =2.265667077949729e-06
Completed 71 % :  mod = 1.622002612983998e-14,  Error =2.2736531235523216e-06
Completed 71 % :  mod = 1.665480285210409e-14,  Error =2.281639282841752e-06
Completed 71 % :  mod = 1.7187363846948863e-14,  Error =2.2896256623994304e-06
Completed 71 % :  mod = 1.7820835972481447e-14,  Error =2.29761160852604e-06
Completed 72 % :  mod = 1.855893843281019e-14,  Error =2.305597298857265e-06
Completed 72 % :  mod = 1.940600476176529e-14,  Error =2.3135821507480614e-06
Completed 72 % :  mod = 2.0367008354914076e-14,  Error =2.321567933449842e-06
Completed 72 % :  mod = 2.1447591407750954e-14,  Error =2.329553552726793e-06
Completed 73 % :  mod = 2.2654098231585647e-14,  Error =2.3375393354285734e-06
Completed 73 % :  mod = 2.3993612548790577e-14,  Error =2.345525437874585e-06
Completed 73 % :  mod = 2.5473998831203668e-14,  Error =2.3535098279126032e-06
Completed 73 % :  mod = 2.710394869834327e-14,  Error =2.3614955537709648e-06
Completed 74 % :  mod = 2.8893031959466737e-14,  Error =2.369480775143984e-06
Completed 74 % :  mod = 3.0851752549436297e-14,  Error =2.3774666644271747e-06
Completed 74 % :  mod = 3.299161043584668e-14,  Error =2.3854521771227155e-06
Completed 74 % :  mod = 3.53251691211507e-14,  Error =2.3934377679779573e-06
Completed 75 % :  mod = 3.786639599098198e-14,  Error =2.4014244957015762e-06
Completed 75 % :  mod = 4.062969881329857e-14,  Error =2.4094102144545104e-06
Completed 75 % :  mod = 4.363154649498207e-14,  Error =2.417395720044624e-06
Completed 75 % :  mod = 4.688956298902183e-14,  Error =2.425381374848712e-06
Completed 76 % :  mod = 5.042287627219262e-14,  Error =2.4333675838761337e-06
Completed 76 % :  mod = 5.42522305221711e-14,  Error =2.4413528336708623e-06
Completed 76 % :  mod = 5.840010766376526e-14,  Error =2.449339298493669e-06
Completed 76 % :  mod = 6.289085961369102e-14,  Error =2.4573249604031844e-06
Completed 77 % :  mod = 6.775085105592682e-14,  Error =2.465310011245947e-06
Completed 77 % :  mod = 7.30086139891924e-14,  Error =2.4732957939477274e-06
Completed 77 % :  mod = 7.869501541176179e-14,  Error =2.481281001109892e-06
Completed 77 % :  mod = 8.48434382871264e-14,  Error =2.489266066163509e-06
Completed 78 % :  mod = 9.148997722189238e-14,  Error =2.4972523888777687e-06
Completed 78 % :  mod = 9.867365043443149e-14,  Error =2.5052381360524123e-06
Completed 78 % :  mod = 1.064366284112288e-13,  Error =2.513223805067355e-06
Completed 78 % :  mod = 1.148244810375855e-13,  Error =2.5212106180561022e-06
Completed 79 % :  mod = 1.2388644495030284e-13,  Error =2.5291953846817705e-06
Completed 79 % :  mod = 1.336757119061302e-13,  Error =2.537181622130902e-06
Completed 79 % :  mod = 1.4424974029984498e-13,  Error =2.545167220091571e-06
Completed 79 % :  mod = 1.5567059185907362e-13,  Error =2.553153450435275e-06
Completed 80 % :  mod = 1.6800529474602655e-13,  Error =2.5611389347091063e-06
Completed 80 % :  mod = 1.8132623564534782e-13,  Error =2.569124646356613e-06
Completed 80 % :  mod = 1.9571158318758262e-13,  Error =2.5771105853777954e-06
Completed 80 % :  mod = 2.1124574450893145e-13,  Error =2.5850960057027805e-06
Completed 81 % :  mod = 2.2801985800770406e-13,  Error =2.5930824349984505e-06
Completed 81 % :  mod = 2.4613422018630593e-13,  Error =2.6010687435018554e-06
Completed 81 % :  mod = 2.656914295115847e-13,  Error =2.609054170932268e-06
Completed 81 % :  mod = 2.8680793382945317e-13,  Error =2.617039612573535e-06
Completed 82 % :  mod = 3.096075467958106e-13,  Error =2.625025246061341e-06
Completed 82 % :  mod = 3.3422392090452055e-13,  Error =2.6330108937600016e-06
Completed 82 % :  mod = 3.6080132111361043e-13,  Error =2.640996299874132e-06
Completed 82 % :  mod = 3.8949545797915474e-13,  Error =2.6489815425634333e-06
Completed 83 % :  mod = 4.204743841150039e-13,  Error =2.6569664655085035e-06
Completed 83 % :  mod = 4.539194587998396e-13,  Error =2.6649525821653697e-06
Completed 83 % :  mod = 4.900263849995502e-13,  Error =2.6729381943368935e-06
Completed 83 % :  mod = 5.290063231909474e-13,  Error =2.6809244246805974e-06
Completed 84 % :  mod = 5.710870871482258e-13,  Error =2.6889097597404543e-06
Completed 84 % :  mod = 6.165144260745144e-13,  Error =2.696895450071679e-06
Completed 84 % :  mod = 6.655533975733183e-13,  Error =2.704881062243203e-06
Completed 84 % :  mod = 7.184898362272013e-13,  Error =2.7128669302101116e-06
Completed 85 % :  mod = 7.756319215043677e-13,  Error =2.7208522439536864e-06
Completed 85 % :  mod = 8.373118482779308e-13,  Error =2.728837174004184e-06
Completed 85 % :  mod = 9.038876029175693e-13,  Error =2.7368233332936143e-06
Completed 85 % :  mod = 9.75744845796317e-13,  Error =2.744808504928642e-06
Completed 86 % :  mod = 1.0532988998033896e-12,  Error =2.7527933568194385e-06
Completed 86 % :  mod = 1.1369968425494278e-12,  Error =2.760778109234252e-06
Completed 86 % :  mod = 1.2273196958915545e-12,  Error =2.7687631529715873e-06
Completed 86 % :  mod = 1.3247847032763213e-12,  Error =2.776747493271614e-06
Completed 87 % :  mod = 1.4299476800989205e-12,  Error =2.7847335175579246e-06
Completed 87 % :  mod = 1.5434054149734521e-12,  Error =2.79271804970449e-06
Completed 87 % :  mod = 1.6657980918585848e-12,  Error =2.800702752381312e-06
Completed 87 % :  mod = 1.7978254967425479e-12,  Error =2.8086879169109125e-06
Completed 88 % :  mod = 1.9401952077113442e-12,  Error =2.8166727616962817e-06
Completed 88 % :  mod = 2.0937044384272396e-12,  Error =2.8246574999002405e-06
Completed 88 % :  mod = 2.2591898450026494e-12,  Error =2.8326426360081314e-06
Completed 88 % :  mod = 2.437541900993392e-12,  Error =2.84062637945226e-06
Completed 89 % :  mod = 2.6297059565545547e-12,  Error =2.8486100163149786e-06
Completed 89 % :  mod = 2.836682585774204e-12,  Error =2.8565936673885517e-06
Completed 89 % :  mod = 3.0595269761533445e-12,  Error =2.86457805742657e-06
Completed 89 % :  mod = 3.2993470545038567e-12,  Error =2.8725610405899715e-06
Completed 90 % :  mod = 3.557299970012742e-12,  Error =2.880543192418372e-06
Completed 90 % :  mod = 3.834586468515227e-12,  Error =2.888525763466987e-06
Completed 90 % :  mod = 4.132442592040943e-12,  Error =2.896507126592951e-06
Completed 90 % :  mod = 4.452128020965625e-12,  Error =2.9044882836615216e-06
Completed 91 % :  mod = 4.794910246175562e-12,  Error =2.912468460181117e-06
Completed 91 % :  mod = 5.1620436181646166e-12,  Error =2.920446902976437e-06
Completed 91 % :  mod = 5.554742173689169e-12,  Error =2.928424748915859e-06
Completed 91 % :  mod = 5.9741449994104156e-12,  Error =2.9364017777311346e-06
Completed 92 % :  mod = 6.4212727754631866e-12,  Error =2.944376909397306e-06
Completed 92 % :  mod = 6.8969740708742515e-12,  Error =2.952351294993605e-06
Completed 92 % :  mod = 7.401859978384229e-12,  Error =2.9603250268905867e-06
Completed 92 % :  mod = 7.936225827453904e-12,  Error =2.968295781613506e-06
Completed 93 % :  mod = 8.499959065848442e-12,  Error =2.9762640849639865e-06
Completed 93 % :  mod = 9.09243303407407e-12,  Error =2.9842295532489516e-06
Completed 93 % :  mod = 9.712387368612076e-12,  Error =2.992192072781563e-06
Completed 93 % :  mod = 1.0357797249351571e-11,  Error =3.0001529225387458e-06
Completed 94 % :  mod = 1.102580402125683e-11,  Error =3.008110411428788e-06
Completed 94 % :  mod = 1.1712305993974846e-11,  Error =3.0160636654841255e-06
Completed 94 % :  mod = 1.2412234929265863e-11,  Error =3.0240141555282207e-06
Completed 94 % :  mod = 1.3119184566632054e-11,  Error =3.031958883070729e-06
Completed 95 % :  mod = 1.3825412935056241e-11,  Error =3.039898444967548e-06
Completed 95 % :  mod = 1.4521838474497482e-11,  Error =3.047832933589234e-06
Completed 95 % :  mod = 1.5198116903430258e-11,  Error =3.055762732628864e-06
Completed 95 % :  mod = 1.5842818051414476e-11,  Error =3.0636881405143868e-06
Completed 96 % :  mod = 1.6443716685781476e-11,  Error =3.071608524862768e-06
Completed 96 % :  mod = 1.6988201849484038e-11,  Error =3.0795236796166137e-06
Completed 96 % :  mod = 1.7463795469325022e-11,  Error =3.087434429005498e-06
Completed 96 % :  mod = 1.7858754208835208e-11,  Error =3.0953417535783956e-06
Completed 97 % :  mod = 1.816271122950409e-11,  Error =3.103246605462573e-06
Completed 97 % :  mod = 1.8367300239894193e-11,  Error =3.1111473717260196e-06
Completed 97 % :  mod = 1.846669681447594e-11,  Error =3.119047576660705e-06
Completed 97 % :  mod = 1.845801452176574e-11,  Error =3.1269467868355605e-06
Completed 98 % :  mod = 1.8341506981093064e-11,  Error =3.13484528646768e-06
Completed 98 % :  mod = 1.81205499574686e-11,  Error =3.1427476727685644e-06
Completed 98 % :  mod = 1.7801405814453336e-11,  Error =3.1506523612279125e-06
Completed 98 % :  mod = 1.739280038020865e-11,  Error =3.1585595365868357e-06
Completed 99 % :  mod = 1.6905363988838214e-11,  Error =3.1664715507417895e-06
Completed 99 % :  mod = 1.635100031159088e-11,  Error =3.1743869612910203e-06
Completed 99 % :  mod = 1.5742247418188914e-11,  Error =3.1823088590954285e-06
Completed 99 % :  mod = 1.5091686768919025e-11,  Error =3.1902348709422768e-06
Completed 100 % :  mod = 1.4411440805745529e-11,  Error =3.198165607898318e-06
Finished 14/21 frames
Finished all frames!
