/opt/local/miniconda_23_9/lib/python3.11/site-packages/conda/base/context.py:201: FutureWarning: Adding 'defaults' to channel list implicitly is deprecated and will be removed in 25.3. 

To remove this warning, please choose a default channel explicitly with conda's regular configuration system, e.g. by adding 'defaults' to the list of channels:

  conda config --add channels defaults

For more information see https://docs.conda.io/projects/conda/en/stable/user-guide/configuration/use-condarc.html

  deprecated.topic(
JOB 14505 ARRAY_ID 2  -> i=2 ; range=[1.95e-10, 2.05e-10] ; intervals=20 (frames=21)
Analytic t0 extension enabled (--extend-time-using-t0).
Completed 0 % :  mod = 1.5676190475269315e-16,  Error =-1.4210854715202004e-14
Completed 0 % :  mod = 1.566632484202988e-16,  Error =1.8051196093438193e-09
Completed 0 % :  mod = 1.563674047409786e-16,  Error =3.6104594869357243e-09
Completed 0 % :  mod = 1.5587474501542996e-16,  Error =5.415451198587107e-09
Completed 0 % :  mod = 1.5518588957741354e-16,  Error =7.220009479169676e-09
Completed 1 % :  mod = 1.5430209982566468e-16,  Error =9.02392827129006e-09
Completed 1 % :  mod = 1.5322377689108168e-16,  Error =1.0828820506958436e-08
Completed 1 % :  mod = 1.5195259767556135e-16,  Error =1.2633826429464534e-08
Completed 1 % :  mod = 1.5049015760371014e-16,  Error =1.4439109463637578e-08
Completed 2 % :  mod = 1.48838998704948e-16,  Error =1.624295009605703e-08
Completed 2 % :  mod = 1.4699987950389666e-16,  Error =1.804800575655463e-08
Completed 2 % :  mod = 1.449757336482973e-16,  Error =1.985323905273617e-08
Completed 2 % :  mod = 1.4276910694158145e-16,  Error =2.1657932336438535e-08
Completed 3 % :  mod = 1.403837775828957e-16,  Error =2.346246930073903e-08
Completed 3 % :  mod = 1.3782082700749342e-16,  Error =2.5267077319313103e-08
Completed 3 % :  mod = 1.3508440249217077e-16,  Error =2.707228929921257e-08
Completed 3 % :  mod = 1.321779543106603e-16,  Error =2.8877060742615868e-08
Completed 4 % :  mod = 1.291051349306555e-16,  Error =3.068183929144652e-08
Completed 4 % :  mod = 1.258711445781736e-16,  Error =3.2486298096046085e-08
Completed 4 % :  mod = 1.224774604426922e-16,  Error =3.4291240069705964e-08
Completed 4 % :  mod = 1.1892961465644931e-16,  Error =3.6095855193707393e-08
Completed 5 % :  mod = 1.1523207580421029e-16,  Error =3.79012448092908e-08
Completed 5 % :  mod = 1.1139106831668701e-16,  Error =3.970515649598383e-08
Completed 5 % :  mod = 1.0740834157747747e-16,  Error =4.1509963466523914e-08
Completed 5 % :  mod = 1.0329042447145774e-16,  Error =4.3314663855653635e-08
Completed 6 % :  mod = 9.904249975045457e-17,  Error =4.511964846187766e-08
Completed 6 % :  mod = 9.467168452815716e-17,  Error =4.692416410989608e-08
Completed 6 % :  mod = 9.017998290809335e-17,  Error =4.8729482671205915e-08
Completed 6 % :  mod = 8.557477613306168e-17,  Error =5.053463780768652e-08
Completed 7 % :  mod = 8.086185188241062e-17,  Error =5.234006295040672e-08
Completed 7 % :  mod = 7.604910332034029e-17,  Error =5.414419490534783e-08
Completed 7 % :  mod = 7.113872516381095e-17,  Error =5.594895924332377e-08
Completed 7 % :  mod = 6.613880129385272e-17,  Error =5.775325462309411e-08
Completed 8 % :  mod = 6.10556354988175e-17,  Error =5.955821791303606e-08
Completed 8 % :  mod = 5.589562085086456e-17,  Error =6.136273356105448e-08
Completed 8 % :  mod = 5.066735816720808e-17,  Error =6.31669649919786e-08
Completed 8 % :  mod = 4.53732416187335e-17,  Error =6.497164406482625e-08
Completed 9 % :  mod = 4.002201683096099e-17,  Error =6.677666419818706e-08
Completed 9 % :  mod = 3.462041178080033e-17,  Error =6.858135037646207e-08
Completed 9 % :  mod = 2.917742433215971e-17,  Error =7.038584470819842e-08
Completed 9 % :  mod = 2.3695537474442864e-17,  Error =7.21907866818583e-08
Completed 10 % :  mod = 1.8183820519283403e-17,  Error =7.399584944778326e-08
Completed 10 % :  mod = 1.2649219405682509e-17,  Error =7.580067773460542e-08
Completed 10 % :  mod = 7.100926074799602e-18,  Error =7.760466047557202e-08
Completed 10 % :  mod = 1.5414667879242056e-18,  Error =7.940964508179604e-08
Completed 11 % :  mod = 4.019927584596682e-18,  Error =8.121474337485779e-08
Completed 11 % :  mod = 9.576259921961474e-18,  Error =8.301974929736389e-08
Completed 11 % :  mod = 1.5118324686229434e-17,  Error =8.48235970352107e-08
Completed 11 % :  mod = 2.064357979628182e-17,  Error =8.662869532827244e-08
Completed 12 % :  mod = 2.6142849699475102e-17,  Error =8.843381493761626e-08
Completed 12 % :  mod = 3.16092233017914e-17,  Error =9.023879243841293e-08
Completed 12 % :  mod = 3.7035803054295356e-17,  Error =9.20435354601068e-08
Completed 12 % :  mod = 4.241362175046023e-17,  Error =9.38480368972705e-08
Completed 13 % :  mod = 4.774023057378135e-17,  Error =9.565312808490489e-08
Completed 13 % :  mod = 5.300674188216714e-17,  Error =9.745813400741099e-08
Completed 13 % :  mod = 5.820653704164504e-17,  Error =9.92625857065832e-08
Completed 13 % :  mod = 6.333103777567257e-17,  Error =1.0106663950182337e-07
Completed 14 % :  mod = 6.837788424135969e-17,  Error =1.0287185148172284e-07
Completed 14 % :  mod = 7.333866664851495e-17,  Error =1.0467655897627992e-07
Completed 14 % :  mod = 7.820714965798212e-17,  Error =1.0648103909716156e-07
Completed 14 % :  mod = 8.297528847301504e-17,  Error =1.0828535579321397e-07
Completed 15 % :  mod = 8.764092332503433e-17,  Error =1.1009036882114742e-07
Completed 15 % :  mod = 9.21962570544897e-17,  Error =1.1189537474365352e-07
Completed 15 % :  mod = 9.663553201902869e-17,  Error =1.1370029540103133e-07
Completed 15 % :  mod = 1.0095147373385056e-16,  Error =1.1550439893426301e-07
Completed 16 % :  mod = 1.0514211568044655e-16,  Error =1.1730948301647004e-07
Completed 16 % :  mod = 1.0920040547201039e-16,  Error =1.1911426867072805e-07
Completed 16 % :  mod = 1.1312125387982336e-16,  Error =1.2091921064438793e-07
Completed 16 % :  mod = 1.1689972677153156e-16,  Error =1.227242876211676e-07
Completed 17 % :  mod = 1.2052962215369724e-16,  Error =1.2452860431722002e-07
Completed 17 % :  mod = 1.2400930313928572e-16,  Error =1.2633400103823078e-07
Completed 17 % :  mod = 1.2733290098524853e-16,  Error =1.2813894301189066e-07
Completed 17 % :  mod = 1.3049621387256783e-16,  Error =1.2994392761811469e-07
Completed 18 % :  mod = 1.3349411312634942e-16,  Error =1.3174791746450865e-07
Completed 18 % :  mod = 1.3632522655735466e-16,  Error =1.335525965373563e-07
Completed 18 % :  mod = 1.389847373377803e-16,  Error =1.3535732534819545e-07
Completed 18 % :  mod = 1.4146932211441902e-16,  Error =1.3716211810788081e-07
Completed 19 % :  mod = 1.437749574290726e-16,  Error =1.389662216411125e-07
Completed 19 % :  mod = 1.4590057575346172e-16,  Error =1.4077149756985818e-07
Completed 19 % :  mod = 1.4784256416946592e-16,  Error =1.4257622638069734e-07
Completed 19 % :  mod = 1.4959846987977384e-16,  Error =1.4438141704431473e-07
Completed 20 % :  mod = 1.511660672515498e-16,  Error =1.4618615296058124e-07
Completed 20 % :  mod = 1.5254289263073691e-16,  Error =1.4799060465975344e-07
Completed 20 % :  mod = 1.537283086229744e-16,  Error =1.4979554663341332e-07
Completed 20 % :  mod = 1.5472021698124096e-16,  Error =1.5160045307993641e-07
Completed 21 % :  mod = 1.555173935299288e-16,  Error =1.5340560821641702e-07
Completed 21 % :  mod = 1.5611862463998293e-16,  Error =1.5520998886131565e-07
Completed 21 % :  mod = 1.5652361816155075e-16,  Error =1.5701539979318113e-07
Completed 21 % :  mod = 1.567316110205172e-16,  Error =1.5882063308936267e-07
Completed 22 % :  mod = 1.5674233138465346e-16,  Error =1.606259516506725e-07
Completed 22 % :  mod = 1.5655586538414083e-16,  Error =1.6243061651266544e-07
Completed 22 % :  mod = 1.561723251019523e-16,  Error =1.6423597060111206e-07
Completed 22 % :  mod = 1.555922152216591e-16,  Error =1.66040834415071e-07
Completed 23 % :  mod = 1.5481625234016564e-16,  Error =1.6784544953907243e-07
Completed 23 % :  mod = 1.5384587042676259e-16,  Error =1.6964983728939842e-07
Completed 23 % :  mod = 1.5268149361830902e-16,  Error =1.714547437359215e-07
Completed 23 % :  mod = 1.5132492702969667e-16,  Error =1.7325996282124834e-07
Completed 24 % :  mod = 1.4977790815380222e-16,  Error =1.7506478400264314e-07
Completed 24 % :  mod = 1.4804236163311592e-16,  Error =1.7687000308796996e-07
Completed 24 % :  mod = 1.4612127379644425e-16,  Error =1.786745329468431e-07
Completed 24 % :  mod = 1.440155497344737e-16,  Error =1.804800930926831e-07
Completed 25 % :  mod = 1.4172854960994881e-16,  Error =1.8228494980121468e-07
Completed 25 % :  mod = 1.3926315035704007e-16,  Error =1.8408932334068595e-07
Completed 25 % :  mod = 1.3662357499126848e-16,  Error =1.8589351213904592e-07
Completed 25 % :  mod = 1.338110041578621e-16,  Error =1.8769818410646621e-07
Completed 26 % :  mod = 1.3083000068847737e-16,  Error =1.895029413390148e-07
Completed 26 % :  mod = 1.2768434117959845e-16,  Error =1.9130774830955488e-07
Completed 26 % :  mod = 1.243793186048687e-16,  Error =1.93111880264496e-07
Completed 26 % :  mod = 1.2091644318929152e-16,  Error =1.9491637459623234e-07
Completed 27 % :  mod = 1.1730138691032716e-16,  Error =1.9672144446758466e-07
Completed 27 % :  mod = 1.135386770825645e-16,  Error =1.985264930226549e-07
Completed 27 % :  mod = 1.0963464892721871e-16,  Error =2.0033122183349406e-07
Completed 27 % :  mod = 1.0559110145872451e-16,  Error =2.0213629881027373e-07
Completed 28 % :  mod = 1.0141463702593617e-16,  Error =2.0394097077769402e-07
Completed 28 % :  mod = 9.711052373537986e-17,  Error =2.0574567116682374e-07
Completed 28 % :  mod = 9.268419192437943e-17,  Error =2.0755081209244963e-07
Completed 28 % :  mod = 8.814303400267169e-17,  Error =2.0935479483341624e-07
Completed 29 % :  mod = 8.34891343103039e-17,  Error =2.111598220722044e-07
Completed 29 % :  mod = 7.873016200062656e-17,  Error =2.1296517616065103e-07
Completed 29 % :  mod = 7.387208151114528e-17,  Error =2.1476976996837038e-07
Completed 29 % :  mod = 6.892302630202813e-17,  Error =2.1657380955275585e-07
Completed 30 % :  mod = 6.388526264135836e-17,  Error =2.183782044085092e-07
Completed 30 % :  mod = 5.876707582864523e-17,  Error =2.2018309664417757e-07
Completed 30 % :  mod = 5.3574923145943076e-17,  Error =2.2198850757604305e-07
Completed 30 % :  mod = 4.831746625993987e-17,  Error =2.2379273900696717e-07
Completed 31 % :  mod = 4.2997083986980956e-17,  Error =2.2559778045661005e-07
Completed 31 % :  mod = 3.762258704136094e-17,  Error =2.2740293559309066e-07
Completed 31 % :  mod = 3.220074243257475e-17,  Error =2.2920760756051095e-07
Completed 31 % :  mod = 2.6740551074759102e-17,  Error =2.3101214452481145e-07
Completed 32 % :  mod = 2.1244526201108866e-17,  Error =2.328170225496251e-07
Completed 32 % :  mod = 1.5721769279903966e-17,  Error =2.3462193610157556e-07
Completed 32 % :  mod = 1.017920955143697e-17,  Error =2.364268993915175e-07
Completed 32 % :  mod = 4.623845635774323e-18,  Error =2.3823219663654527e-07
Completed 33 % :  mod = 9.35100282133407e-19,  Error =2.4003657017601654e-07
Completed 33 % :  mod = 6.49511238415193e-18,  Error =2.4184125635429154e-07
Completed 33 % :  mod = 1.2046940878177736e-17,  Error =2.436461983279514e-07
Completed 33 % :  mod = 1.7583600430732968e-17,  Error =2.4545096266592736e-07
Completed 34 % :  mod = 2.3095937667954268e-17,  Error =2.472550875154411e-07
Completed 34 % :  mod = 2.8581411439301083e-17,  Error =2.4905970263944255e-07
Completed 34 % :  mod = 3.403090616272429e-17,  Error =2.5086485777592316e-07
Completed 34 % :  mod = 3.9437584208184167e-17,  Error =2.526698210658651e-07
Completed 35 % :  mod = 4.479247573251576e-17,  Error =2.544741946053364e-07
Completed 35 % :  mod = 5.0093141793682954e-17,  Error =2.562788452564746e-07
Completed 35 % :  mod = 5.53307710053069e-17,  Error =2.580836664378694e-07
Completed 35 % :  mod = 6.049874468171625e-17,  Error =2.598888855231962e-07
Completed 36 % :  mod = 6.559056640487395e-17,  Error =2.6169316669211184e-07
Completed 36 % :  mod = 7.059785311286209e-17,  Error =2.634974052284633e-07
Completed 36 % :  mod = 7.551829242227827e-17,  Error =2.653020985121657e-07
Completed 36 % :  mod = 8.03436772538799e-17,  Error =2.671068841664237e-07
Completed 37 % :  mod = 8.506794809608972e-17,  Error =2.6891162718811756e-07
Completed 37 % :  mod = 8.968330685877925e-17,  Error =2.707153399228446e-07
Completed 37 % :  mod = 9.418765715608355e-17,  Error =2.725202890019318e-07
Completed 37 % :  mod = 9.857346812891079e-17,  Error =2.74325614668669e-07
Completed 38 % :  mod = 1.02835197873952e-16,  Error =2.7613091191369676e-07
Completed 38 % :  mod = 1.0696586012715116e-16,  Error =2.779351930826124e-07
Completed 38 % :  mod = 1.1096358251349295e-16,  Error =2.797405116439222e-07
Completed 38 % :  mod = 1.1482162707820146e-16,  Error =2.815454323013e-07
Completed 39 % :  mod = 1.1853514628439319e-16,  Error =2.833505092780797e-07
Completed 39 % :  mod = 1.2209808000010541e-16,  Error =2.851547762361406e-07
Completed 39 % :  mod = 1.255087797577749e-16,  Error =2.869597466315099e-07
Completed 39 % :  mod = 1.2876150600962508e-16,  Error =2.8876468149974244e-07
Completed 40 % :  mod = 1.3185217129435781e-16,  Error =2.905696732113938e-07
Completed 40 % :  mod = 1.347768688896388e-16,  Error =2.923748141370197e-07
Completed 40 % :  mod = 1.375308568275102e-16,  Error =2.9417957847499565e-07
Completed 40 % :  mod = 1.4011288704752407e-16,  Error =2.95984371234681e-07
Completed 41 % :  mod = 1.425185519177864e-16,  Error =2.977894268951786e-07
Completed 41 % :  mod = 1.4474483445210926e-16,  Error =2.995940846517442e-07
Completed 41 % :  mod = 1.4678815631886154e-16,  Error =3.0139835871523246e-07
Completed 41 % :  mod = 1.4864756595014609e-16,  Error =3.0320316568577255e-07
Completed 42 % :  mod = 1.5031987916589365e-16,  Error =3.050086334610569e-07
Completed 42 % :  mod = 1.5180299580622775e-16,  Error =3.0681342622074226e-07
Completed 42 % :  mod = 1.5309455059988559e-16,  Error =3.086179347633333e-07
Completed 42 % :  mod = 1.5419396979371477e-16,  Error =3.104224930439159e-07
Completed 43 % :  mod = 1.5509931509674494e-16,  Error =3.122275131772767e-07
Completed 43 % :  mod = 1.5580942819762457e-16,  Error =3.1403278200059503e-07
Completed 43 % :  mod = 1.5632326721067338e-16,  Error =3.15837070274938e-07
Completed 43 % :  mod = 1.5664059825057315e-16,  Error =3.1764233909825634e-07
Completed 44 % :  mod = 1.5676075874565325e-16,  Error =3.194477713464039e-07
Completed 44 % :  mod = 1.5668361588172655e-16,  Error =3.2125262094950813e-07
Completed 44 % :  mod = 1.5640926519815382e-16,  Error =3.2305764108286894e-07
Completed 44 % :  mod = 1.5593826225011395e-16,  Error =3.2486194356806664e-07
Completed 45 % :  mod = 1.5527084273238275e-16,  Error =3.266672763402312e-07
Completed 45 % :  mod = 1.544079920238649e-16,  Error =3.284725309526948e-07
Completed 45 % :  mod = 1.5335077863511668e-16,  Error =3.302775510860556e-07
Completed 45 % :  mod = 1.521010947417893e-16,  Error =3.3208174698984294e-07
Completed 46 % :  mod = 1.506595042225666e-16,  Error =3.338865894875198e-07
Completed 46 % :  mod = 1.4902826910623114e-16,  Error =3.3569163804259006e-07
Completed 46 % :  mod = 1.4720946654669865e-16,  Error =3.374965373836858e-07
Completed 46 % :  mod = 1.4520621630734815e-16,  Error =3.393007048657637e-07
Completed 47 % :  mod = 1.4301942042863764e-16,  Error =3.411055118363038e-07
Completed 47 % :  mod = 1.4065262125984158e-16,  Error =3.4291008432774106e-07
Completed 47 % :  mod = 1.3810878755217843e-16,  Error =3.447150973556745e-07
Completed 47 % :  mod = 1.3539223377632568e-16,  Error =3.4651920799433356e-07
Completed 48 % :  mod = 1.3250422195140415e-16,  Error =3.48324419974233e-07
Completed 48 % :  mod = 1.2944942926678995e-16,  Error =3.5012926957733725e-07
Completed 48 % :  mod = 1.2623169146238105e-16,  Error =3.519343039215528e-07
Completed 48 % :  mod = 1.2285508126532095e-16,  Error =3.5373913220837494e-07
Completed 49 % :  mod = 1.1932527871808088e-16,  Error =3.555428023105378e-07
Completed 49 % :  mod = 1.1564388917143467e-16,  Error =3.5734776560047976e-07
Completed 49 % :  mod = 1.1181695409408246e-16,  Error =3.5915265783614814e-07
Completed 49 % :  mod = 1.0784927361511889e-16,  Error =3.60957599809808e-07
Completed 50 % :  mod = 1.0374750907171564e-16,  Error =3.627617033430397e-07
Completed 50 % :  mod = 9.951355568975243e-17,  Error =3.6456654584071657e-07
Completed 50 % :  mod = 9.515434296801578e-17,  Error =3.6637162281749625e-07
Completed 50 % :  mod = 9.067535407999114e-17,  Error =3.6817667847799385e-07
Completed 51 % :  mod = 8.608411383601213e-17,  Error =3.6998039121272086e-07
Completed 51 % :  mod = 8.13826968567538e-17,  Error =3.717849708095855e-07
Completed 51 % :  mod = 7.657883774623264e-17,  Error =3.735896711987152e-07
Completed 51 % :  mod = 7.167860573539809e-17,  Error =3.7539415131959686e-07
Completed 52 % :  mod = 6.668814439805717e-17,  Error =3.77198979606419e-07
Completed 52 % :  mod = 6.161578907814619e-17,  Error =3.7900337446217236e-07
Completed 52 % :  mod = 5.646387433784773e-17,  Error =3.808086219692086e-07
Completed 52 % :  mod = 5.124088074299442e-17,  Error =3.826131234063723e-07
Completed 53 % :  mod = 4.595338577532333e-17,  Error =3.8441804406375013e-07
Completed 53 % :  mod = 4.061021824370497e-17,  Error =3.8622197706672523e-07
Completed 53 % :  mod = 3.5213795686877107e-17,  Error =3.880269900946587e-07
Completed 53 % :  mod = 2.977304710596194e-17,  Error =3.898319391737459e-07
Completed 54 % :  mod = 2.4294837841549717e-17,  Error =3.916369806233888e-07
Completed 54 % :  mod = 1.878825436927176e-17,  Error =3.9344105573491106e-07
Completed 54 % :  mod = 1.3255817418647246e-17,  Error =3.952464382450671e-07
Completed 54 % :  mod = 7.70670760880096e-18,  Error =3.970514939055647e-07
Completed 55 % :  mod = 2.1478881978281624e-18,  Error =3.9885686220486605e-07
Completed 55 % :  mod = 3.411407617478678e-18,  Error =4.00660653099294e-07
Completed 55 % :  mod = 8.968630156278942e-18,  Error =4.0246591481718497e-07
Completed 55 % :  mod = 1.4514574811210082e-17,  Error =4.0427063652259676e-07
Completed 56 % :  mod = 2.0042251027216623e-17,  Error =4.0607557849625664e-07
Completed 56 % :  mod = 2.5544693478251775e-17,  Error =4.0788058441876274e-07
Completed 56 % :  mod = 3.1012805814215657e-17,  Error =4.096846240031482e-07
Completed 56 % :  mod = 3.644408291862315e-17,  Error =4.114894949225345e-07
Completed 57 % :  mod = 4.182947967487357e-17,  Error =4.13294806378417e-07
Completed 57 % :  mod = 4.716223501883263e-17,  Error =4.1509926518301654e-07
Completed 57 % :  mod = 5.243352494961713e-17,  Error =4.169033260836841e-07
Completed 57 % :  mod = 5.764093544400692e-17,  Error =4.187084456930279e-07
Completed 58 % :  mod = 6.277580333604916e-17,  Error =4.205131958201491e-07
Completed 58 % :  mod = 6.783165511026999e-17,  Error =4.2231786068214205e-07
Completed 58 % :  mod = 7.280014761621607e-17,  Error =4.2412186473939073e-07
Completed 58 % :  mod = 7.767902916486243e-17,  Error =4.2592718330070056e-07
Completed 59 % :  mod = 8.246013718962321e-17,  Error =4.2773223896119816e-07
Completed 59 % :  mod = 8.713744888506081e-17,  Error =4.2953724488370426e-07
Completed 59 % :  mod = 9.170328480976589e-17,  Error =4.31341469209201e-07
Completed 59 % :  mod = 9.615554661331954e-17,  Error =4.331464111828609e-07
Completed 60 % :  mod = 1.0048677431566866e-16,  Error =4.3495217738609426e-07
Completed 60 % :  mod = 1.0469153054845421e-16,  Error =4.367575101582588e-07
Completed 60 % :  mod = 1.0876450770727576e-16,  Error =4.385622318636706e-07
Completed 60 % :  mod = 1.1269903106497545e-16,  Error =4.403662643426287e-07
Completed 61 % :  mod = 1.1649331582428534e-16,  Error =4.421707160418009e-07
Completed 61 % :  mod = 1.2014096746548008e-16,  Error =4.43975721964307e-07
Completed 61 % :  mod = 1.2363739627353335e-16,  Error =4.457804436697188e-07
Completed 61 % :  mod = 1.2697690886768652e-16,  Error =4.4758472483863443e-07
Completed 62 % :  mod = 1.3015796477914508e-16,  Error =4.493896881285764e-07
Completed 62 % :  mod = 1.3317519115963776e-16,  Error =4.511949569518947e-07
Completed 62 % :  mod = 1.3602480572581367e-16,  Error =4.529993589130754e-07
Completed 62 % :  mod = 1.3870216416872606e-16,  Error =4.548036756091278e-07
Completed 63 % :  mod = 1.412060477411399e-16,  Error =4.5660850389595e-07
Completed 63 % :  mod = 1.435322107317661e-16,  Error =4.584137585084136e-07
Completed 63 % :  mod = 1.456777029492512e-16,  Error =4.6021873600921026e-07
Completed 63 % :  mod = 1.4763908270186155e-16,  Error =4.620226476959033e-07
Completed 64 % :  mod = 1.4941546594031746e-16,  Error =4.6382745466644337e-07
Completed 64 % :  mod = 1.5100377374328265e-16,  Error =4.6563283007117207e-07
Completed 64 % :  mod = 1.524020146734324e-16,  Error =4.674378430991055e-07
Completed 64 % :  mod = 1.5360844048454206e-16,  Error =4.6924262875336353e-07
Completed 65 % :  mod = 1.5462114711023914e-16,  Error =4.710469880819801e-07
Completed 65 % :  mod = 1.5543968161743945e-16,  Error =4.728517239982466e-07
Completed 65 % :  mod = 1.560625785522903e-16,  Error =4.746569786107102e-07
Completed 65 % :  mod = 1.564890354978987e-16,  Error =4.7646194190065216e-07
Completed 66 % :  mod = 1.5671847492710076e-16,  Error =4.78265789638499e-07
Completed 66 % :  mod = 1.5675079607895808e-16,  Error =4.800706463470306e-07
Completed 66 % :  mod = 1.5658581139026678e-16,  Error =4.818758085889385e-07
Completed 66 % :  mod = 1.5622373794423885e-16,  Error =4.836811484665304e-07
Completed 67 % :  mod = 1.556652990586212e-16,  Error =4.854855575331385e-07
Completed 67 % :  mod = 1.5491073342671933e-16,  Error =4.872904000308154e-07
Completed 67 % :  mod = 1.5396118695217557e-16,  Error =4.890955480618686e-07
Completed 67 % :  mod = 1.5281785811629993e-16,  Error =4.909005610898021e-07
Completed 68 % :  mod = 1.5148217111731207e-16,  Error =4.927054106929063e-07
Completed 68 % :  mod = 1.4995647059865828e-16,  Error =4.945096350184031e-07
Completed 68 % :  mod = 1.482414553728598e-16,  Error =4.963144206726611e-07
Completed 68 % :  mod = 1.4633984371050583e-16,  Error =4.981195402820049e-07
Completed 69 % :  mod = 1.4425404482682924e-16,  Error =4.999241909331431e-07
Completed 69 % :  mod = 1.419876275408841e-16,  Error =5.017282873609474e-07
Completed 69 % :  mod = 1.3954161274864265e-16,  Error =5.035333856540092e-07
Completed 69 % :  mod = 1.3691996776341907e-16,  Error =5.053377449826257e-07
Completed 70 % :  mod = 1.3412598843466528e-16,  Error =5.071424666880375e-07
Completed 70 % :  mod = 1.3116439894595595e-16,  Error =5.089464210072947e-07
Completed 70 % :  mod = 1.280365675574218e-16,  Error =5.107514198243734e-07
Completed 70 % :  mod = 1.2474758091284218e-16,  Error =5.125568662833757e-07
Completed 71 % :  mod = 1.2130156612648581e-16,  Error =5.143622203718223e-07
Completed 71 % :  mod = 1.1770435016878027e-16,  Error =5.161665370678747e-07
Completed 71 % :  mod = 1.139575734422778e-16,  Error =5.179713298275601e-07
Completed 71 % :  mod = 1.1006735129324705e-16,  Error =5.197761794306643e-07
Completed 72 % :  mod = 1.0603859758811685e-16,  Error =5.215812706182987e-07
Completed 72 % :  mod = 1.0187637963531971e-16,  Error =5.23386418649352e-07
Completed 72 % :  mod = 9.758767113610614e-17,  Error =5.25190607447712e-07
Completed 72 % :  mod = 9.317444424415281e-17,  Error =5.269956204756454e-07
Completed 73 % :  mod = 8.864394532011963e-17,  Error =5.288008324555449e-07
Completed 73 % :  mod = 8.400186428094643e-17,  Error =5.306058312726236e-07
Completed 73 % :  mod = 7.925598251805305e-17,  Error =5.324102332338043e-07
Completed 73 % :  mod = 7.440846222986192e-17,  Error =5.342154665299859e-07
Completed 74 % :  mod = 6.94672763518035e-17,  Error =5.36019996388859e-07
Completed 74 % :  mod = 6.443865825848006e-17,  Error =5.378247251996982e-07
Completed 74 % :  mod = 5.933099742245925e-17,  Error =5.396288642600666e-07
Completed 74 % :  mod = 5.414661723898537e-17,  Error =5.414342254539406e-07
Completed 75 % :  mod = 4.8894088436577817e-17,  Error =5.432391034787543e-07
Completed 75 % :  mod = 4.358002173929453e-17,  Error =5.450440667686962e-07
Completed 75 % :  mod = 3.821325919089583e-17,  Error =5.468480495096628e-07
Completed 75 % :  mod = 3.279626227408951e-17,  Error =5.486529417453312e-07
Completed 76 % :  mod = 2.7337989613403462e-17,  Error =5.504578268755722e-07
Completed 76 % :  mod = 2.184530112105517e-17,  Error =5.522628896414972e-07
Completed 76 % :  mod = 1.6325123607494152e-17,  Error =5.540677250337467e-07
Completed 76 % :  mod = 1.07866226474978e-17,  Error =5.558721909437736e-07
Completed 77 % :  mod = 5.232319746067119e-18,  Error =5.576772110771344e-07
Completed 77 % :  mod = 3.285637907267287e-19,  Error =5.594823022647688e-07
Completed 77 % :  mod = 5.889037304430691e-18,  Error =5.612878695160362e-07
Completed 77 % :  mod = 1.1439881298431194e-17,  Error =5.630922714772169e-07
Completed 78 % :  mod = 1.6978549297212494e-17,  Error =5.648973484539965e-07
Completed 78 % :  mod = 2.2495848325639404e-17,  Error =5.667020417376989e-07
Completed 78 % :  mod = 2.798483673571017e-17,  Error =5.685074100370002e-07
Completed 78 % :  mod = 3.3436416781457625e-17,  Error =5.703119114741639e-07
Completed 79 % :  mod = 3.8848103819116814e-17,  Error =5.72116796604405e-07
Completed 79 % :  mod = 4.421089729644255e-17,  Error =5.739215183098167e-07
Completed 79 % :  mod = 4.9518037079878736e-17,  Error =5.757264602834766e-07
Completed 79 % :  mod = 5.4760760896895394e-17,  Error =5.775307059252555e-07
Completed 80 % :  mod = 5.993667948799195e-17,  Error =5.793356692151974e-07
Completed 80 % :  mod = 6.5037151555803e-17,  Error =5.811408811950969e-07
Completed 80 % :  mod = 7.005576526150914e-17,  Error =5.829462210726888e-07
Completed 80 % :  mod = 7.498620761437414e-17,  Error =5.847512767331864e-07
Completed 81 % :  mod = 7.982034360326627e-17,  Error =5.865552665795803e-07
Completed 81 % :  mod = 8.45559731345513e-17,  Error =5.883605993517449e-07
Completed 81 % :  mod = 8.918517936598407e-17,  Error =5.901656976448066e-07
Completed 81 % :  mod = 9.3702123850006e-17,  Error =5.919707390944495e-07
Completed 82 % :  mod = 9.809939003354618e-17,  Error =5.937748426276812e-07
Completed 82 % :  mod = 1.0237497076284823e-16,  Error =5.955796424927939e-07
Completed 82 % :  mod = 1.0652168740266491e-16,  Error =5.97384349987351e-07
Completed 82 % :  mod = 1.1053432757776379e-16,  Error =5.991891072198996e-07
Completed 83 % :  mod = 1.1440632047555148e-16,  Error =6.00993224963986e-07
Completed 83 % :  mod = 1.1813588729581946e-16,  Error =6.027981029887997e-07
Completed 83 % :  mod = 1.2171676085295795e-16,  Error =6.046030875950237e-07
Completed 83 % :  mod = 1.2514443916478433e-16,  Error =6.064078945655638e-07
Completed 84 % :  mod = 1.2841459643858648e-16,  Error =6.082128578555057e-07
Completed 84 % :  mod = 1.3152191033580928e-16,  Error =6.100174374523704e-07
Completed 84 % :  mod = 1.344649671530871e-16,  Error =6.118223794260302e-07
Completed 84 % :  mod = 1.3723877030592979e-16,  Error =6.136276695656306e-07
Completed 85 % :  mod = 1.3983983751905489e-16,  Error =6.154326186447179e-07
Completed 85 % :  mod = 1.4226395818465055e-16,  Error =6.172371058710269e-07
Completed 85 % :  mod = 1.4451001431642013e-16,  Error =6.190422396912254e-07
Completed 85 % :  mod = 1.4657418170329542e-16,  Error =6.208471532431759e-07
Completed 86 % :  mod = 1.48453862998153e-16,  Error =6.226522515362376e-07
Completed 86 % :  mod = 1.5014603925025102e-16,  Error =6.244563266477599e-07
Completed 86 % :  mod = 1.51649949918715e-16,  Error =6.262608636120603e-07
Completed 86 % :  mod = 1.529629854038087e-16,  Error =6.280660258539683e-07
Completed 87 % :  mod = 1.540834840030791e-16,  Error =6.298705770291235e-07
Completed 87 % :  mod = 1.5500971649545563e-16,  Error =6.316743039747053e-07
Completed 87 % :  mod = 1.5574125590064586e-16,  Error =6.33479778855417e-07
Completed 87 % :  mod = 1.5627676275474413e-16,  Error =6.352848771484787e-07
Completed 88 % :  mod = 1.5661557665742889e-16,  Error =6.370896414864546e-07
Completed 88 % :  mod = 1.5675726447625188e-16,  Error =6.388942921375929e-07
Completed 88 % :  mod = 1.5670169996277213e-16,  Error =6.406983814599698e-07
Completed 88 % :  mod = 1.564489225114663e-16,  Error =6.425034584367495e-07
Completed 89 % :  mod = 1.559992250476688e-16,  Error =6.443084430429735e-07
Completed 89 % :  mod = 1.5535316752095557e-16,  Error =6.461137900259928e-07
Completed 89 % :  mod = 1.5451195182475662e-16,  Error =6.479182275143103e-07
Completed 89 % :  mod = 1.5347595706628646e-16,  Error =6.497221107792939e-07
Completed 90 % :  mod = 1.5224677742938063e-16,  Error =6.515268466955604e-07
Completed 90 % :  mod = 1.508259778363605e-16,  Error =6.533320160428957e-07
Completed 90 % :  mod = 1.4921602214807812e-16,  Error =6.551363327389481e-07
Completed 90 % :  mod = 1.474176389555568e-16,  Error =6.569414949808561e-07
Completed 91 % :  mod = 1.4543371398176102e-16,  Error =6.587469911778498e-07
Completed 91 % :  mod = 1.4326673662674425e-16,  Error =6.605520823654842e-07
Completed 91 % :  mod = 1.409204034055676e-16,  Error =6.623558235219207e-07
Completed 91 % :  mod = 1.3839579937239963e-16,  Error =6.641604315404948e-07
Completed 92 % :  mod = 1.356969998393232e-16,  Error =6.659650395590688e-07
Completed 92 % :  mod = 1.3282739102527217e-16,  Error =6.677705073343532e-07
Completed 92 % :  mod = 1.297906023402805e-16,  Error =6.695755487839961e-07
Completed 92 % :  mod = 1.2659176276943508e-16,  Error =6.713791478318853e-07
Completed 93 % :  mod = 1.23232326444554e-16,  Error =6.731840898055452e-07
Completed 93 % :  mod = 1.1971778703397678e-16,  Error =6.749891952040343e-07
Completed 93 % :  mod = 1.160525625610538e-16,  Error =6.767939950691471e-07
Completed 93 % :  mod = 1.1224281588324014e-16,  Error =6.78598084391524e-07
Completed 94 % :  mod = 1.0829030258798834e-16,  Error =6.804032963714235e-07
Completed 94 % :  mod = 1.0420148895294189e-16,  Error =6.822080393931174e-07
Completed 94 % :  mod = 9.998151295877687e-17,  Error =6.840133579544272e-07
Completed 94 % :  mod = 9.563747078117323e-17,  Error =6.8581740464424e-07
Completed 95 % :  mod = 9.117133364322947e-17,  Error =6.876225455698659e-07
Completed 95 % :  mod = 8.659043181273887e-17,  Error =6.894273809621154e-07
Completed 95 % :  mod = 8.190055100449594e-17,  Error =6.912321666163734e-07
Completed 95 % :  mod = 7.710952099998638e-17,  Error =6.930366112101183e-07
Completed 96 % :  mod = 7.221952286769034e-17,  Error =6.948419368768555e-07
Completed 96 % :  mod = 6.723863469837364e-17,  Error =6.966473407032936e-07
Completed 96 % :  mod = 6.217311116653932e-17,  Error =6.984518705621667e-07
Completed 96 % :  mod = 5.70293238893495e-17,  Error =7.002567343761257e-07
Completed 97 % :  mod = 5.181587327042806e-17,  Error =7.02060731327947e-07
Completed 97 % :  mod = 4.6535123547062035e-17,  Error =7.03865694617889e-07
Completed 97 % :  mod = 4.1195796459931394e-17,  Error =7.056706650132583e-07
Completed 97 % :  mod = 3.580463079099267e-17,  Error =7.074752943481144e-07
Completed 98 % :  mod = 3.037058356211131e-17,  Error =7.092800231589536e-07
Completed 98 % :  mod = 2.4896131558836458e-17,  Error =7.110848514457757e-07
Completed 98 % :  mod = 1.939035546653514e-17,  Error =7.128896726271705e-07
Completed 98 % :  mod = 1.3860166482622816e-17,  Error =7.146945435465568e-07
Completed 99 % :  mod = 8.314750706295827e-18,  Error =7.164990663000026e-07
Completed 99 % :  mod = 2.7566578700935807e-18,  Error =7.183044061775945e-07
Completed 99 % :  mod = 2.8049121232111093e-18,  Error =7.201100373777081e-07
Completed 99 % :  mod = 8.362958999190571e-18,  Error =7.219149580350859e-07
Completed 100 % :  mod = 1.390824697611292e-17,  Error =7.237189194597704e-07
Finished 3/21 frames
Finished all frames!
