/opt/local/miniconda_23_9/lib/python3.11/site-packages/conda/base/context.py:201: FutureWarning: Adding 'defaults' to channel list implicitly is deprecated and will be removed in 25.3. 

To remove this warning, please choose a default channel explicitly with conda's regular configuration system, e.g. by adding 'defaults' to the list of channels:

  conda config --add channels defaults

For more information see https://docs.conda.io/projects/conda/en/stable/user-guide/configuration/use-condarc.html

  deprecated.topic(
JOB 14478 ARRAY_ID 6  -> i=6 ; range=[1.9e-10, 5.0e-10] ; intervals=30 (frames=31)
Analytic t0 extension enabled (--extend-time-using-t0).
Completed 0 % :  mod = 2.0000000006375426e-16,  Error =-1.4210854715202004e-14
Completed 0 % :  mod = 2.0075650739874652e-16,  Error =3.334243103836343e-09
Completed 0 % :  mod = 2.0303000700509634e-16,  Error =6.666617480277637e-09
Completed 0 % :  mod = 2.068376757018137e-16,  Error =9.998899486163282e-09
Completed 0 % :  mod = 2.1220829006843355e-16,  Error =1.333102517264706e-08
Completed 1 % :  mod = 2.1918242517515799e-16,  Error =1.666361981733644e-08
Completed 1 % :  mod = 2.2781278617888433e-16,  Error =1.9996662103949348e-08
Completed 1 % :  mod = 2.381645887228893e-16,  Error =2.332895121526235e-08
Completed 1 % :  mod = 2.5031604986852254e-16,  Error =2.666165954678945e-08
Completed 2 % :  mod = 2.643589879045484e-16,  Error =2.999399839609396e-08
Completed 2 % :  mod = 2.803995270016301e-16,  Error =3.332662146249277e-08
Completed 2 % :  mod = 2.985588688684438e-16,  Error =3.6659365321156656e-08
Completed 2 % :  mod = 3.189742331526374e-16,  Error =3.9991576272768725e-08
Completed 3 % :  mod = 3.417998858331272e-16,  Error =4.3323993281774165e-08
Completed 3 % :  mod = 3.6720830151225603e-16,  Error =4.665675135129277e-08
Completed 3 % :  mod = 3.953914839062436e-16,  Error =4.998949520995666e-08
Completed 3 % :  mod = 4.265623966608511e-16,  Error =5.332208985464604e-08
Completed 4 % :  mod = 4.609565708735042e-16,  Error =5.665452817993355e-08
Completed 4 % :  mod = 4.988339020397761e-16,  Error =5.998718677346915e-08
Completed 4 % :  mod = 5.4048061067823455e-16,  Error =6.331976720730381e-08
Completed 4 % :  mod = 5.862113947577931e-16,  Error =6.665241869541205e-08
Completed 5 % :  mod = 6.363718135288393e-16,  Error =6.998514834322123e-08
Completed 5 % :  mod = 6.913408905572243e-16,  Error =7.331768614449174e-08
Completed 5 % :  mod = 7.515339946909392e-16,  Error =7.665018131319812e-08
Completed 5 % :  mod = 8.174059769357928e-16,  Error =7.9982726219896e-08
Completed 6 % :  mod = 8.89454585884161e-16,  Error =8.331544876227781e-08
Completed 6 % :  mod = 9.682242415197364e-16,  Error =8.664780892786439e-08
Completed 6 % :  mod = 1.0543101608842306e-15,  Error =8.998051015396413e-08
Completed 6 % :  mod = 1.1483628424302705e-15,  Error =9.33130408498073e-08
Completed 7 % :  mod = 1.2510929853678985e-15,  Error =9.664534417197501e-08
Completed 7 % :  mod = 1.3632768568259772e-15,  Error =9.997820171747662e-08
Completed 7 % :  mod = 1.4857621497384921e-15,  Error =1.0331106636840559e-07
Completed 7 % :  mod = 1.6194744198606811e-15,  Error =1.066437391727959e-07
Completed 8 % :  mod = 1.7654240483550454e-15,  Error =1.0997649724231451e-07
Completed 8 % :  mod = 1.924713880700909e-15,  Error =1.1330927662811519e-07
Completed 8 % :  mod = 2.0985475681905107e-15,  Error =1.1664173626968477e-07
Completed 8 % :  mod = 2.2882386605050924e-15,  Error =1.1997416038411757e-07
Completed 9 % :  mod = 2.495220544289959e-15,  Error =1.2330702503504654e-07
Completed 9 % :  mod = 2.72105725419829e-15,  Error =1.2663985415883872e-07
Completed 9 % :  mod = 2.9674552809977792e-15,  Error =1.2997228537869887e-07
Completed 9 % :  mod = 3.2362765075380444e-15,  Error =1.3330522108390142e-07
Completed 10 % :  mod = 3.529552254380824e-15,  Error =1.3663817099995867e-07
Completed 10 % :  mod = 3.849498617589692e-15,  Error =1.3997092196404992e-07
Completed 10 % :  mod = 4.198533232785939e-15,  Error =1.4330359476844023e-07
Completed 10 % :  mod = 4.579293531231491e-15,  Error =1.4663635283795884e-07
Completed 11 % :  mod = 4.994906216971105e-15,  Error =1.4997119990312058e-07
Completed 11 % :  mod = 5.448033536581685e-15,  Error =1.53303318484177e-07
Completed 11 % :  mod = 5.942328240342323e-15,  Error =1.566359912885673e-07
Completed 11 % :  mod = 6.481525387862748e-15,  Error =1.599685859332567e-07
Completed 12 % :  mod = 7.069699359820486e-15,  Error =1.6330108820739042e-07
Completed 12 % :  mod = 7.71129463362914e-15,  Error =1.666341873374222e-07
Completed 12 % :  mod = 8.411159330988907e-15,  Error =1.6996656881929084e-07
Completed 12 % :  mod = 9.174581888664282e-15,  Error =1.7329948320821131e-07
Completed 13 % :  mod = 1.0007331018131893e-14,  Error =1.7663213469631955e-07
Completed 13 % :  mod = 1.091569927680227e-14,  Error =1.7996469381387215e-07
Completed 13 % :  mod = 1.1906550642899196e-14,  Error =1.832972102988606e-07
Completed 13 % :  mod = 1.2987372365208441e-14,  Error =1.8663002521179806e-07
Completed 14 % :  mod = 1.416633151338375e-14,  Error =1.8996255590764122e-07
Completed 14 % :  mod = 1.5452336753552736e-14,  Error =1.932952855554504e-07
Completed 14 % :  mod = 1.685510563770196e-14,  Error =1.966280578358237e-07
Completed 14 % :  mod = 1.838523799382921e-14,  Error =1.9996102196273569e-07
Completed 15 % :  mod = 2.0054296072713825e-14,  Error =2.032935100260147e-07
Completed 15 % :  mod = 2.1874891906150987e-14,  Error =2.0662664468318326e-07
Completed 15 % :  mod = 2.3860782589369503e-14,  Error =2.09959146957317e-07
Completed 15 % :  mod = 2.6026974259806145e-14,  Error =2.1329196187025445e-07
Completed 16 % :  mod = 2.8389835468102265e-14,  Error =2.166242438761401e-07
Completed 16 % :  mod = 3.096722085907956e-14,  Error =2.1995666088514554e-07
Completed 16 % :  mod = 3.377860612181092e-14,  Error =2.2328878657162932e-07
Completed 16 % :  mod = 3.684523513988152e-14,  Error =2.2662140253260077e-07
Completed 17 % :  mod = 4.0190280487588694e-14,  Error =2.2995391191216186e-07
Completed 17 % :  mod = 4.383901855824312e-14,  Error =2.3328617970719279e-07
Completed 17 % :  mod = 4.7819020572579925e-14,  Error =2.3661876014102745e-07
Completed 17 % :  mod = 5.2160360896751367e-14,  Error =2.399516461082385e-07
Completed 18 % :  mod = 5.689584429086476e-14,  Error =2.4328439707232974e-07
Completed 18 % :  mod = 6.206125379722769e-14,  Error =2.466171622472757e-07
Completed 18 % :  mod = 6.769562113142138e-14,  Error =2.499497213648283e-07
Completed 18 % :  mod = 7.384152162481844e-14,  Error =2.5328206731956016e-07
Completed 19 % :  mod = 8.054539592908177e-14,  Error =2.5661444169600145e-07
Completed 19 % :  mod = 8.785790090897213e-14,  Error =2.599468089670154e-07
Completed 19 % :  mod = 9.583429244581917e-14,  Error =2.63279467560551e-07
Completed 19 % :  mod = 1.0453484297399627e-13,  Error =2.666118419369923e-07
Completed 20 % :  mod = 1.1402529688458637e-13,  Error =2.6994443658168166e-07
Completed 20 % :  mod = 1.2437736729593666e-13,  Error =2.7327667595500316e-07
Completed 20 % :  mod = 1.3566927793533517e-13,  Error =2.7660908585858124e-07
Completed 20 % :  mod = 1.4798635421115385e-13,  Error =2.799417515575442e-07
Completed 21 % :  mod = 1.614216679241388e-13,  Error =2.8327436751851565e-07
Completed 21 % :  mod = 1.7607674049087217e-13,  Error =2.8660702611205124e-07
Completed 21 % :  mod = 1.9206231002878259e-13,  Error =2.8993973444357835e-07
Completed 21 % :  mod = 2.0949916807818272e-13,  Error =2.93272513829379e-07
Completed 22 % :  mod = 2.285304984672831e-13,  Error =2.9660650824325785e-07
Completed 22 % :  mod = 2.49278205241174e-13,  Error =2.9993920236393024e-07
Completed 22 % :  mod = 2.7190953796738e-13,  Error =3.0327176148148283e-07
Completed 22 % :  mod = 2.965955034650507e-13,  Error =3.06604292177326e-07
Completed 23 % :  mod = 3.235226329492046e-13,  Error =3.099368299785965e-07
Completed 23 % :  mod = 3.528943911775705e-13,  Error =3.1326958094268775e-07
Completed 23 % :  mod = 3.849327134152382e-13,  Error =3.166023176959243e-07
Completed 23 % :  mod = 4.1987968187840043e-13,  Error =3.199349905003146e-07
Completed 24 % :  mod = 4.579993542668314e-13,  Error =3.2326749277444833e-07
Completed 24 % :  mod = 4.995797580263431e-13,  Error =3.265999879431547e-07
Completed 24 % :  mod = 5.449350654969277e-13,  Error =3.2993263943126294e-07
Completed 24 % :  mod = 5.944079662545527e-13,  Error =3.332652411813797e-07
Completed 25 % :  mod = 6.483722543787788e-13,  Error =3.3659788556406056e-07
Completed 25 % :  mod = 7.072356501446036e-13,  Error =3.3993039494362165e-07
Completed 25 % :  mod = 7.714428772400126e-13,  Error =3.4326310327514875e-07
Completed 25 % :  mod = 8.414790184058038e-13,  Error =3.465952858050514e-07
Completed 26 % :  mod = 9.178731747222477e-13,  Error =3.4992788755516813e-07
Completed 26 % :  mod = 1.0012024556449495e-12,  Error =3.532605177269943e-07
Completed 26 % :  mod = 1.0920963293137474e-12,  Error =3.5659303421198274e-07
Completed 26 % :  mod = 1.1912413654641727e-12,  Error =3.599255506969712e-07
Completed 27 % :  mod = 1.299386405780667e-12,  Error =3.632577900702927e-07
Completed 27 % :  mod = 1.4173481994763373e-12,  Error =3.665905268235292e-07
Completed 27 % :  mod = 1.546017545223362e-12,  Error =3.6992317831163746e-07
Completed 27 % :  mod = 1.6863659837870584e-12,  Error =3.7325556689893347e-07
Completed 28 % :  mod = 1.8394530892232466e-12,  Error =3.765881544381955e-07
Completed 28 % :  mod = 2.0064344104481293e-12,  Error =3.799204577603632e-07
Completed 28 % :  mod = 2.1885701186769558e-12,  Error =3.8325250528714605e-07
Completed 28 % :  mod = 2.3872344202230253e-12,  Error =3.865848228201685e-07
Completed 29 % :  mod = 2.603925798478667e-12,  Error =3.8991676376554096e-07
Completed 29 % :  mod = 2.8402781527393966e-12,  Error =3.932490955094181e-07
Completed 29 % :  mod = 3.0980729053192916e-12,  Error =3.965813490935943e-07
Completed 29 % :  mod = 3.3792521522718534e-12,  Error =3.999131763521291e-07
Completed 30 % :  mod = 3.685932935914609e-12,  Error =4.032446767610054e-07
Completed 30 % :  mod = 4.020422719433256e-12,  Error =4.0657656796838637e-07
Completed 30 % :  mod = 4.385236145050399e-12,  Error =4.0990799021756175e-07
Completed 30 % :  mod = 4.7831131561601085e-12,  Error =4.1323908561707867e-07
Completed 31 % :  mod = 5.217038560423e-12,  Error =4.1656991811578337e-07
Completed 31 % :  mod = 5.6902631042625605e-12,  Error =4.199005587679494e-07
Completed 31 % :  mod = 6.206326117465782e-12,  Error =4.2323070914562777e-07
Completed 31 % :  mod = 6.7690797686417235e-12,  Error =4.265600779262968e-07
Completed 32 % :  mod = 7.382714946389521e-12,  Error =4.298889777487602e-07
Completed 32 % :  mod = 8.051788743537155e-12,  Error =4.3321752940528313e-07
Completed 32 % :  mod = 8.78125346965626e-12,  Error =4.36545484205908e-07
Completed 32 % :  mod = 9.576487046204683e-12,  Error =4.398722950327283e-07
Completed 33 % :  mod = 1.0443324542351616e-11,  Error =4.431979263586072e-07
Completed 33 % :  mod = 1.1388657794807548e-11,  Error =4.4652434638692284e-07
Completed 33 % :  mod = 1.2418249540418974e-11,  Error =4.4984726343955117e-07
Completed 33 % :  mod = 1.3540021163845937e-11,  Error =4.531684041353401e-07
Completed 34 % :  mod = 1.4761957903551686e-11,  Error =4.564873208323661e-07
Completed 34 % :  mod = 1.6092656778514244e-11,  Error =4.5980382878951787e-07
Completed 34 % :  mod = 1.754134899321215e-11,  Error =4.631171890423502e-07
Completed 34 % :  mod = 1.911791481599786e-11,  Error =4.6642701789778584e-07
Completed 35 % :  mod = 2.0832887566021948e-11,  Error =4.6973237743941354e-07
Completed 35 % :  mod = 2.269744232808071e-11,  Error =4.7303304029355786e-07
Completed 35 % :  mod = 2.4723363741899845e-11,  Error =4.7632718747081526e-07
Completed 35 % :  mod = 2.6922985634472455e-11,  Error =4.796145347540914e-07
Completed 36 % :  mod = 2.930909333215912e-11,  Error =4.828932489431281e-07
Completed 36 % :  mod = 3.189477716388903e-11,  Error =4.861624844920698e-07
Completed 36 % :  mod = 3.469322292666539e-11,  Error =4.894197189742044e-07
Completed 36 % :  mod = 3.7717421949033704e-11,  Error =4.926635099877785e-07
Completed 37 % :  mod = 4.097977994847125e-11,  Error =4.958913919494989e-07
Completed 37 % :  mod = 4.4491600345553576e-11,  Error =4.991005440047047e-07
Completed 37 % :  mod = 4.8262414468558275e-11,  Error =5.022882234584358e-07
Completed 37 % :  mod = 5.229912883585048e-11,  Error =5.054505294310729e-07
Completed 38 % :  mod = 5.660495952027408e-11,  Error =5.085843568508608e-07
Completed 38 % :  mod = 6.117812709749968e-11,  Error =5.116844192798453e-07
Completed 38 % :  mod = 6.601029515384529e-11,  Error =5.147475334865703e-07
Completed 38 % :  mod = 7.108475381730193e-11,  Error =5.177683277679535e-07
Completed 39 % :  mod = 7.637438097507439e-11,  Error =5.207418141139897e-07
Completed 39 % :  mod = 8.183946167400136e-11,  Error =5.236631608340758e-07
Completed 39 % :  mod = 8.742551380110474e-11,  Error =5.265276783461559e-07
Completed 39 % :  mod = 9.306135597518419e-11,  Error =5.293314444543284e-07
Completed 40 % :  mod = 9.865775651602052e-11,  Error =5.320711551348722e-07
Completed 40 % :  mod = 1.041071058730059e-10,  Error =5.347454674620167e-07
Completed 40 % :  mod = 1.0928463139242519e-10,  Error =5.373534790464873e-07
Completed 40 % :  mod = 1.1405168076915397e-10,  Error =5.398979112669622e-07
Completed 41 % :  mod = 1.1826148700036504e-10,  Error =5.423837521334463e-07
Completed 41 % :  mod = 1.2176754532976507e-10,  Error =5.448179365430406e-07
Completed 41 % :  mod = 1.2443426306994633e-10,  Error =5.472098720815666e-07
Completed 41 % :  mod = 1.2614892880494654e-10,  Error =5.495710269087795e-07
Completed 42 % :  mod = 1.2683341602474668e-10,  Error =5.519156545119586e-07
Completed 42 % :  mod = 1.2645359634197393e-10,  Error =5.54258619445136e-07
Completed 42 % :  mod = 1.250244262536311e-10,  Error =5.566135214962742e-07
Completed 42 % :  mod = 1.2260925328860513e-10,  Error =5.589957723373118e-07
Completed 43 % :  mod = 1.1931303678911758e-10,  Error =5.614168472334313e-07
Completed 43 % :  mod = 1.1527061464665631e-10,  Error =5.638873687985324e-07
Completed 43 % :  mod = 1.1063238990223677e-10,  Error =5.664155793283498e-07
Completed 43 % :  mod = 1.0555037262691336e-10,  Error =5.690059126095548e-07
Completed 44 % :  mod = 1.0016714361027094e-10,  Error =5.716620066209543e-07
Completed 44 % :  mod = 9.460592218776024e-11,  Error =5.743853321860115e-07
Completed 44 % :  mod = 8.898103276552424e-11,  Error =5.77171689997158e-07
Completed 44 % :  mod = 8.337923909724868e-11,  Error =5.800201208217004e-07
Completed 45 % :  mod = 7.787445932881828e-11,  Error =5.829262121892498e-07
Completed 45 % :  mod = 7.25264482226089e-11,  Error =5.858853882045878e-07
Completed 45 % :  mod = 6.738187255148666e-11,  Error =5.88893605879548e-07
Completed 45 % :  mod = 6.247477187980324e-11,  Error =5.919453514025008e-07
Completed 46 % :  mod = 5.7827034483863e-11,  Error =5.95036247830194e-07
Completed 46 % :  mod = 5.3449511481285516e-11,  Error =5.981613426797594e-07
Completed 46 % :  mod = 4.934401061652711e-11,  Error =6.013158753148673e-07
Completed 46 % :  mod = 4.5505921999819356e-11,  Error =6.044966056606427e-07
Completed 47 % :  mod = 4.192689651507673e-11,  Error =6.076999525816973e-07
Completed 47 % :  mod = 3.859696422573431e-11,  Error =6.109228607442674e-07
Completed 47 % :  mod = 3.55057241003748e-11,  Error =6.141625803479656e-07
Completed 47 % :  mod = 3.2642614631827564e-11,  Error =6.174167808126185e-07
Completed 48 % :  mod = 2.999660267216318e-11,  Error =6.206825915455738e-07
Completed 48 % :  mod = 2.755576599140751e-11,  Error =6.239587833078986e-07
Completed 48 % :  mod = 2.5307159894141823e-11,  Error =6.27243473161343e-07
Completed 48 % :  mod = 2.32371239971033e-11,  Error =6.305356947677865e-07
Completed 49 % :  mod = 2.1331931016121985e-11,  Error =6.338346381085103e-07
Completed 49 % :  mod = 1.9578517669895775e-11,  Error =6.371387684112051e-07
Completed 49 % :  mod = 1.7965019629082117e-11,  Error =6.404472898680069e-07
Completed 49 % :  mod = 1.6480941486053316e-11,  Error =6.437595274633168e-07
Completed 50 % :  mod = 1.511696377158413e-11,  Error =6.470754243537158e-07
Completed 50 % :  mod = 1.386453810409754e-11,  Error =6.503936731405702e-07
Completed 50 % :  mod = 1.2715483279416847e-11,  Error =6.537139043416573e-07
Completed 50 % :  mod = 1.1661753851987978e-11,  Error =6.570364448066357e-07
Completed 51 % :  mod = 1.0695445092365624e-11,  Error =6.603605200439233e-07
Completed 51 % :  mod = 9.808983977215282e-12,  Error =6.636858245201438e-07
Completed 51 % :  mod = 8.995383484455075e-12,  Error =6.670124719221349e-07
Completed 51 % :  mod = 8.248428008880192e-12,  Error =6.703398867102806e-07
Completed 52 % :  mod = 7.562706028006393e-12,  Error =6.736681825714186e-07
Completed 52 % :  mod = 6.933485556971736e-12,  Error =6.769973381892669e-07
Completed 52 % :  mod = 6.3564989502143186e-12,  Error =6.803269343436114e-07
Completed 52 % :  mod = 5.827733152285732e-12,  Error =6.83657269462401e-07
Completed 53 % :  mod = 5.343302441307898e-12,  Error =6.869878035331567e-07
Completed 53 % :  mod = 4.899432332568158e-12,  Error =6.903184726070322e-07
Completed 53 % :  mod = 4.4925329187797404e-12,  Error =6.936497740639425e-07
Completed 53 % :  mod = 4.11930675244343e-12,  Error =6.969811323642716e-07
Completed 54 % :  mod = 3.776829586392741e-12,  Error =7.003124053994725e-07
Completed 54 % :  mod = 3.4625628328096017e-12,  Error =7.036444245045459e-07
Completed 54 % :  mod = 3.17429417569126e-12,  Error =7.069763654499184e-07
Completed 54 % :  mod = 2.9100369080696104e-12,  Error =7.103088748294795e-07
Completed 55 % :  mod = 2.667931748930545e-12,  Error =7.136411426245104e-07
Completed 55 % :  mod = 2.446185444027131e-12,  Error =7.16973204362148e-07
Completed 55 % :  mod = 2.2429476628549398e-12,  Error =7.203071490380353e-07
Completed 55 % :  mod = 2.0567984581491982e-12,  Error =7.236393742005021e-07
Completed 56 % :  mod = 1.8860974013010343e-12,  Error =7.269714217272849e-07
Completed 56 % :  mod = 1.7294983090403745e-12,  Error =7.303038387362903e-07
Completed 56 % :  mod = 1.5858332512216373e-12,  Error =7.336361917964496e-07
Completed 56 % :  mod = 1.4540854389077504e-12,  Error =7.369682393232324e-07
Completed 57 % :  mod = 1.3333436140056813e-12,  Error =7.403005923833916e-07
Completed 57 % :  mod = 1.2227573876174346e-12,  Error =7.436329596544056e-07
Completed 57 % :  mod = 1.121508143199139e-12,  Error =7.469654335068299e-07
Completed 57 % :  mod = 1.028802144004663e-12,  Error =7.502981702600664e-07
Completed 58 % :  mod = 9.438838645290042e-13,  Error =7.536302675248407e-07
Completed 58 % :  mod = 8.660589702041262e-13,  Error =7.569627129555556e-07
Completed 58 % :  mod = 7.947122017037893e-13,  Error =7.60295208124262e-07
Completed 58 % :  mod = 7.293100927188649e-13,  Error =7.636278809286523e-07
Completed 59 % :  mod = 6.693886360626435e-13,  Error =7.669604968896238e-07
Completed 59 % :  mod = 6.145331518275647e-13,  Error =7.702931270614499e-07
Completed 59 % :  mod = 5.643582327937931e-13,  Error =7.736257927604129e-07
Completed 59 % :  mod = 5.184935904499395e-13,  Error =7.769583660888202e-07
Completed 60 % :  mod = 4.765798086223024e-13,  Error =7.802906623055605e-07
Completed 60 % :  mod = 4.382744841766e-13,  Error =7.836232214231131e-07
Completed 60 % :  mod = 4.0326355417233624e-13,  Error =7.869555957995544e-07
Completed 60 % :  mod = 3.7126972462086344e-13,  Error =7.902877143806109e-07
Completed 61 % :  mod = 3.420533718962528e-13,  Error =7.936200674407701e-07
Completed 61 % :  mod = 3.154070886267643e-13,  Error =7.969526052420406e-07
Completed 61 % :  mod = 2.911472289056161e-13,  Error =8.002855480526705e-07
Completed 61 % :  mod = 2.6910478426869494e-13,  Error =8.036179366399665e-07
Completed 62 % :  mod = 2.4911792491350113e-13,  Error =8.069508012908955e-07
Completed 62 % :  mod = 2.3102940411123157e-13,  Error =8.102827919742595e-07
Completed 62 % :  mod = 2.1468994650038597e-13,  Error =8.136153155646753e-07
Completed 62 % :  mod = 1.9996428756196174e-13,  Error =8.169481588993222e-07
Completed 63 % :  mod = 1.8673507897663006e-13,  Error =8.202805616974729e-07
Completed 63 % :  mod = 1.7490309292469868e-13,  Error =8.236131208150255e-07
Completed 63 % :  mod = 1.6438521257975056e-13,  Error =8.269458930953988e-07
Completed 63 % :  mod = 1.5511115887058754e-13,  Error =8.302786795866268e-07
Completed 64 % :  mod = 1.4701881427133946e-13,  Error =8.336112955475983e-07
Completed 64 % :  mod = 1.4004961724882428e-13,  Error =8.369439470357065e-07
Completed 64 % :  mod = 1.341470950347031e-13,  Error =8.402766553672336e-07
Completed 64 % :  mod = 1.2925938864362066e-13,  Error =8.43609448963889e-07
Completed 65 % :  mod = 1.253429687009692e-13,  Error =8.469420862411425e-07
Completed 65 % :  mod = 1.223646896065598e-13,  Error =8.502751356331828e-07
Completed 65 % :  mod = 1.2030226969001372e-13,  Error =8.53607765805009e-07
Completed 65 % :  mod = 1.1914423937807426e-13,  Error =8.569404243985446e-07
Completed 66 % :  mod = 1.188886297134974e-13,  Error =8.602729195672509e-07
Completed 66 % :  mod = 1.1953954441591962e-13,  Error =8.636055497390771e-07
Completed 66 % :  mod = 1.2110469422457634e-13,  Error =8.669400273220162e-07
Completed 66 % :  mod = 1.2359055784570653e-13,  Error =8.70272053532517e-07
Completed 67 % :  mod = 1.2701025646486403e-13,  Error =8.736043781709668e-07
Completed 67 % :  mod = 1.313836072526819e-13,  Error =8.76936731231126e-07
Completed 67 % :  mod = 1.3673995607982845e-13,  Error =8.802694821952173e-07
Completed 67 % :  mod = 1.43120017916322e-13,  Error =8.836022757918727e-07
Completed 68 % :  mod = 1.5057719306779142e-13,  Error =8.869347354334423e-07
Completed 68 % :  mod = 1.5917641372350038e-13,  Error =8.902674863975335e-07
Completed 68 % :  mod = 1.689900735283525e-13,  Error =8.936003581538898e-07
Completed 68 % :  mod = 1.800940895881668e-13,  Error =8.969327751628953e-07
Completed 69 % :  mod = 1.925674320809112e-13,  Error =9.002654266510035e-07
Completed 69 % :  mod = 2.0649508812166174e-13,  Error =9.035979289251372e-07
Completed 69 % :  mod = 2.2197236533579593e-13,  Error =9.069306088349549e-07
Completed 69 % :  mod = 2.391096195047318e-13,  Error =9.10263118214516e-07
Completed 70 % :  mod = 2.580371060440168e-13,  Error =9.135955423289488e-07
Completed 70 % :  mod = 2.789076977340784e-13,  Error =9.169282293441938e-07
Completed 70 % :  mod = 3.018945837656659e-13,  Error =9.202611437331143e-07
Completed 70 % :  mod = 3.271847140154451e-13,  Error =9.235937170615216e-07
Completed 71 % :  mod = 3.549728034506668e-13,  Error =9.269265532907411e-07
Completed 71 % :  mod = 3.8546014896558756e-13,  Error =9.302589063509004e-07
Completed 71 % :  mod = 4.188588831938555e-13,  Error =9.335915436281539e-07
Completed 71 % :  mod = 4.55400428026881e-13,  Error =9.369240459022876e-07
Completed 72 % :  mod = 4.953468176200978e-13,  Error =9.402567116012506e-07
Completed 72 % :  mod = 5.390017489415443e-13,  Error =9.435887236008966e-07
Completed 72 % :  mod = 5.867156391172149e-13,  Error =9.469212756130219e-07
Completed 72 % :  mod = 6.388807378821068e-13,  Error =9.502539342065575e-07
Completed 73 % :  mod = 6.959189574717346e-13,  Error =9.53586670959794e-07
Completed 73 % :  mod = 7.582702653188557e-13,  Error =9.569191234959362e-07
Completed 73 % :  mod = 8.263888266792839e-13,  Error =9.602519170925916e-07
Completed 73 % :  mod = 9.007502811631345e-13,  Error =9.63584589896982e-07
Completed 74 % :  mod = 9.818702647967343e-13,  Error =9.669173550719279e-07
Completed 74 % :  mod = 1.0703304163530887e-12,  Error =9.702498999786258e-07
Completed 74 % :  mod = 1.1668024903991021e-12,  Error =9.73582331198486e-07
Completed 74 % :  mod = 1.2720585876131046e-12,  Error =9.76914620309799e-07
Completed 75 % :  mod = 1.3869613616669172e-12,  Error =9.80247406801027e-07
Completed 75 % :  mod = 1.5124396208832111e-12,  Error =9.835800014457163e-07
Completed 75 % :  mod = 1.6494632811767806e-12,  Error =9.869125392469869e-07
Completed 75 % :  mod = 1.7990326078335556e-12,  Error =9.902448638854366e-07
Completed 76 % :  mod = 1.9621921583969036e-12,  Error =9.93577380370425e-07
Completed 76 % :  mod = 2.140071628973456e-12,  Error =9.969100176476786e-07
Completed 76 % :  mod = 2.3339435719969847e-12,  Error =1.0002419017496322e-06
Completed 76 % :  mod = 2.5452757537138424e-12,  Error =1.0035740558578254e-06
Completed 77 % :  mod = 2.7757535522951437e-12,  Error =1.0069061815443092e-06
Completed 77 % :  mod = 3.0272606739761485e-12,  Error =1.010238086962545e-06
Completed 77 % :  mod = 3.301992918203196e-12,  Error =1.0135716408399276e-06
Completed 77 % :  mod = 3.60175722608523e-12,  Error =1.0169033757279067e-06
Completed 78 % :  mod = 3.928890394368618e-12,  Error =1.0202348832422103e-06
Completed 78 % :  mod = 4.28566942370341e-12,  Error =1.0235665399704885e-06
Completed 78 % :  mod = 4.6745511194011355e-12,  Error =1.0268974151017574e-06
Completed 78 % :  mod = 5.098297546290297e-12,  Error =1.030228048648496e-06
Completed 79 % :  mod = 5.5600895061561315e-12,  Error =1.0335583553455763e-06
Completed 79 % :  mod = 6.063576319811521e-12,  Error =1.0368884275635537e-06
Completed 79 % :  mod = 6.6128361448109936e-12,  Error =1.0402181942481548e-06
Completed 79 % :  mod = 7.212263914708304e-12,  Error =1.0435473427605757e-06
Completed 80 % :  mod = 7.866443298946682e-12,  Error =1.046876377586159e-06
Completed 80 % :  mod = 8.58007738151958e-12,  Error =1.0502039700099886e-06
Completed 80 % :  mod = 9.358039052353365e-12,  Error =1.0535307808368088e-06
Completed 80 % :  mod = 1.0205554519825334e-11,  Error =1.0568572790248254e-06
Completed 81 % :  mod = 1.1128466765393915e-11,  Error =1.0601819724342931e-06
Completed 81 % :  mod = 1.2133472798662193e-11,  Error =1.0635051452823063e-06
Completed 81 % :  mod = 1.3228222638360905e-11,  Error =1.0668269609936942e-06
Completed 81 % :  mod = 1.4421219861533371e-11,  Error =1.0701465384954645e-06
Completed 82 % :  mod = 1.5721553568362762e-11,  Error =1.0734634940945398e-06
Completed 82 % :  mod = 1.7138580396853327e-11,  Error =1.0767777283149371e-06
Completed 82 % :  mod = 1.8681720309976414e-11,  Error =1.0800880687611425e-06
Completed 82 % :  mod = 2.0360500320478177e-11,  Error =1.0833943662191814e-06
Completed 83 % :  mod = 2.2184873344504734e-11,  Error =1.086696087782002e-06
Completed 83 % :  mod = 2.416569324277523e-11,  Error =1.0899924447471676e-06
Completed 83 % :  mod = 2.631511217544779e-11,  Error =1.0932814120678813e-06
Completed 83 % :  mod = 2.8646649761696365e-11,  Error =1.0965626415782026e-06
Completed 84 % :  mod = 3.117478945508003e-11,  Error =1.099834136653044e-06
Completed 84 % :  mod = 3.391415038392453e-11,  Error =1.1030950801682593e-06
Completed 84 % :  mod = 3.687847899785666e-11,  Error =1.1063424238955122e-06
Completed 84 % :  mod = 4.0079804420838524e-11,  Error =1.1095749457012971e-06
Completed 85 % :  mod = 4.3528032320027344e-11,  Error =1.1127889720796702e-06
Completed 85 % :  mod = 4.723101409074345e-11,  Error =1.1159826982520826e-06
Completed 85 % :  mod = 5.1194812285620314e-11,  Error =1.1191519746489575e-06
Completed 85 % :  mod = 5.542364261960292e-11,  Error =1.1222938383070868e-06
Completed 86 % :  mod = 5.991895024846956e-11,  Error =1.125403173318773e-06
Completed 86 % :  mod = 6.467732722580965e-11,  Error =1.1284769598773892e-06
Completed 86 % :  mod = 6.968742217762325e-11,  Error =1.1315098973341264e-06
Completed 86 % :  mod = 7.492644274065723e-11,  Error =1.1344964221393639e-06
Completed 87 % :  mod = 8.035708301397415e-11,  Error =1.1374317878676266e-06
Completed 87 % :  mod = 8.592558036430046e-11,  Error =1.1403121646935688e-06
Completed 87 % :  mod = 9.156115498199623e-11,  Error =1.143132394076929e-06
Completed 87 % :  mod = 9.717654165227121e-11,  Error =1.1458895414762083e-06
Completed 88 % :  mod = 1.0266901216146177e-10,  Error =1.1485811697298232e-06
Completed 88 % :  mod = 1.0792145309625617e-10,  Error =1.1512070798858076e-06
Completed 88 % :  mod = 1.128037013839242e-10,  Error =1.1537683235474105e-06
Completed 88 % :  mod = 1.1717747301068132e-10,  Error =1.156270883484467e-06
Completed 89 % :  mod = 1.2089185816167168e-10,  Error =1.1587180779315531e-06
Completed 89 % :  mod = 1.238075893134277e-10,  Error =1.1611200960714996e-06
Completed 89 % :  mod = 1.2579927705939093e-10,  Error =1.1634884629074804e-06
Completed 89 % :  mod = 1.2677260082833977e-10,  Error =1.165836138738996e-06
Completed 90 % :  mod = 1.266774448670299e-10,  Error =1.168177945487514e-06
Completed 90 % :  mod = 1.255160708652743e-10,  Error =1.1705284137519811e-06
Completed 90 % :  mod = 1.2334373434629436e-10,  Error =1.1729021380801896e-06
Completed 90 % :  mod = 1.202612542744811e-10,  Error =1.175311766132836e-06
Completed 91 % :  mod = 1.16401448929433e-10,  Error =1.1777680342106578e-06
Completed 91 % :  mod = 1.1191305611228096e-10,  Error =1.1802793835613556e-06
Completed 91 % :  mod = 1.0694606887600578e-10,  Error =1.1828524151269448e-06
Completed 91 % :  mod = 1.01641300141545e-10,  Error =1.1854904045094372e-06
Completed 92 % :  mod = 9.6125044358514e-11,  Error =1.1881942612035346e-06
Completed 92 % :  mod = 9.050783710426554e-11,  Error =1.1909637791518435e-06
Completed 92 % :  mod = 8.488528109555897e-11,  Error =1.1937956330143606e-06
Completed 92 % :  mod = 7.933899051990815e-11,  Error =1.1966861634959969e-06
Completed 93 % :  mod = 7.393663698742949e-11,  Error =1.199631888937347e-06
Completed 93 % :  mod = 6.873123779482124e-11,  Error =1.2026273026322087e-06
Completed 93 % :  mod = 6.376058946706174e-11,  Error =1.2056678428962186e-06
Completed 93 % :  mod = 5.904781089499327e-11,  Error =1.2087486780387735e-06
Completed 94 % :  mod = 5.460342794848297e-11,  Error =1.2118645997816202e-06
Completed 94 % :  mod = 5.042868487421471e-11,  Error =1.21501167882343e-06
Completed 94 % :  mod = 4.651921477064771e-11,  Error =1.2181858082271901e-06
Completed 94 % :  mod = 4.286808536147568e-11,  Error =1.221383755023453e-06
Completed 95 % :  mod = 3.946756339730466e-11,  Error =1.2246018457062746e-06
Completed 95 % :  mod = 3.6309515010753205e-11,  Error =1.2278368259899253e-06
Completed 95 % :  mod = 3.3384892002698986e-11,  Error =1.231086947939275e-06
Completed 95 % :  mod = 3.068301029614949e-11,  Error =1.2343497886035948e-06
Completed 96 % :  mod = 2.819123500633145e-11,  Error =1.2376235858369e-06
Completed 96 % :  mod = 2.589534934464729e-11,  Error =1.2409066343366248e-06
Completed 96 % :  mod = 2.3780494321464392e-11,  Error =1.2441974632793062e-06
Completed 96 % :  mod = 2.1832297510338273e-11,  Error =1.2474947226337463e-06
Completed 97 % :  mod = 2.0037753061305048e-11,  Error =1.250797581064944e-06
Completed 97 % :  mod = 1.8385563638247163e-11,  Error =1.2541052072378989e-06
Completed 97 % :  mod = 1.686591599083061e-11,  Error =1.2574163932299598e-06
Completed 97 % :  mod = 1.5469901940197434e-11,  Error =1.2607314019419391e-06
Completed 98 % :  mod = 1.4188906866915842e-11,  Error =1.264048925975203e-06
Completed 98 % :  mod = 1.3014239075074253e-11,  Error =1.2673684466335544e-06
Completed 98 % :  mod = 1.1937117721615018e-11,  Error =1.270690297872079e-06
Completed 98 % :  mod = 1.0948961376717709e-11,  Error =1.2740141954736828e-06
Completed 99 % :  mod = 1.0041797557529887e-11,  Error =1.2773392015219542e-06
Completed 99 % :  mod = 9.20858552613145e-12,  Error =1.2806654012820218e-06
Completed 99 % :  mod = 8.443311183733077e-12,  Error =1.2839928587027316e-06
Completed 99 % :  mod = 7.740447900661054e-12,  Error =1.28732300908041e-06
Completed 100 % :  mod = 7.096231438109396e-12,  Error =1.2906517952160357e-06
Finished 7/31 frames
Finished all frames!
