/opt/local/miniconda_23_9/lib/python3.11/site-packages/conda/base/context.py:201: FutureWarning: Adding 'defaults' to channel list implicitly is deprecated and will be removed in 25.3. 

To remove this warning, please choose a default channel explicitly with conda's regular configuration system, e.g. by adding 'defaults' to the list of channels:

  conda config --add channels defaults

For more information see https://docs.conda.io/projects/conda/en/stable/user-guide/configuration/use-condarc.html

  deprecated.topic(
JOB 14503 ARRAY_ID 0  -> i=0 ; range=[1.95e-10, 2.05e-10] ; intervals=20 (frames=21)
Analytic t0 extension enabled (--extend-time-using-t0).
Completed 0 % :  mod = 1.559999999608064e-16,  Error =-1.4210854715202004e-14
Completed 0 % :  mod = 1.5587872546023636e-16,  Error =1.7702177501632832e-09
Completed 0 % :  mod = 1.5551509184817558e-16,  Error =3.540549187164288e-09
Completed 0 % :  mod = 1.5490966264141638e-16,  Error =5.310631934207777e-09
Completed 0 % :  mod = 1.5406338061906191e-16,  Error =7.081006003772927e-09
Completed 1 % :  mod = 1.5297804686349844e-16,  Error =8.850548738337238e-09
Completed 1 % :  mod = 1.5165447340759354e-16,  Error =1.0620311741149635e-08
Completed 1 % :  mod = 1.500951081372737e-16,  Error =1.2390380277338409e-08
Completed 1 % :  mod = 1.4830237758686584e-16,  Error =1.41605127623734e-08
Completed 2 % :  mod = 1.4627992114427005e-16,  Error =1.5930041286082997e-08
Completed 2 % :  mod = 1.4402926454412619e-16,  Error =1.7700322985092498e-08
Completed 2 % :  mod = 1.4155467335005802e-16,  Error =1.9470299150725623e-08
Completed 2 % :  mod = 1.388599879548545e-16,  Error =2.1240339265204966e-08
Completed 3 % :  mod = 1.3595061786122775e-16,  Error =2.3010066740880575e-08
Completed 3 % :  mod = 1.3282874723958524e-16,  Error =2.478018501506085e-08
Completed 3 % :  mod = 1.2950035133247932e-16,  Error =2.6550459608642996e-08
Completed 3 % :  mod = 1.2597061506308584e-16,  Error =2.832017287346389e-08
Completed 4 % :  mod = 1.2224501803767386e-16,  Error =3.0090205882515875e-08
Completed 4 % :  mod = 1.183309583528469e-16,  Error =3.1859784144216974e-08
Completed 4 % :  mod = 1.1423139090454818e-16,  Error =3.36299947889529e-08
Completed 4 % :  mod = 1.0995421624990452e-16,  Error =3.5399935427449236e-08
Completed 5 % :  mod = 1.0550608052664386e-16,  Error =3.717029528615967e-08
Completed 5 % :  mod = 1.0089578860709774e-16,  Error =3.8939589330766466e-08
Completed 5 % :  mod = 9.612680725691215e-17,  Error =4.070957260182695e-08
Completed 5 % :  mod = 9.120836501998861e-17,  Error =4.247987561711852e-08
Completed 6 % :  mod = 8.614811517814962e-17,  Error =4.424963151450356e-08
Completed 6 % :  mod = 8.095603047935405e-17,  Error =4.601842107376797e-08
Completed 6 % :  mod = 7.563601759423743e-17,  Error =4.7788418555683165e-08
Completed 6 % :  mod = 7.019840800865054e-17,  Error =4.955837340503422e-08
Completed 7 % :  mod = 6.465165483636942e-17,  Error =5.1328576944342785e-08
Completed 7 % :  mod = 5.900666321299966e-17,  Error =5.309787809437694e-08
Completed 7 % :  mod = 5.3267686191058284e-17,  Error =5.4867818732873275e-08
Completed 7 % :  mod = 4.744588584912866e-17,  Error =5.663785174192526e-08
Completed 8 % :  mod = 4.155031552391881e-17,  Error =5.840820449520834e-08
Completed 8 % :  mod = 3.5590145081205564e-17,  Error =6.017795328716602e-08
Completed 8 % :  mod = 2.9577058550538804e-17,  Error =6.19472331209181e-08
Completed 8 % :  mod = 2.3515583091411034e-17,  Error =6.371725191911537e-08
Completed 9 % :  mod = 1.7417549506232082e-17,  Error =6.54875620398343e-08
Completed 9 % :  mod = 1.1292433769304203e-17,  Error =6.725768741944194e-08
Completed 9 % :  mod = 5.152224777931798e-18,  Error =6.902678961751008e-08
Completed 9 % :  mod = 9.984526493815597e-19,  Error =7.079638919549325e-08
Completed 10 % :  mod = 7.14757792397425e-18,  Error =7.256657141851974e-08
Completed 10 % :  mod = 1.3285590802519115e-17,  Error =7.433633442133214e-08
Completed 10 % :  mod = 1.940049882049536e-17,  Error =7.610582741790495e-08
Completed 10 % :  mod = 2.548770078574566e-17,  Error =7.787616596033331e-08
Completed 11 % :  mod = 3.153527531958311e-17,  Error =7.964628423451359e-08
Completed 11 % :  mod = 3.7533817792033293e-17,  Error =8.141667251493345e-08
Completed 11 % :  mod = 4.3471635746643826e-17,  Error =8.318612287894211e-08
Completed 11 % :  mod = 4.934425832390265e-17,  Error =8.495608483372052e-08
Completed 12 % :  mod = 5.51401585034799e-17,  Error =8.672622442418287e-08
Completed 12 % :  mod = 6.085032942587821e-17,  Error =8.849614374639714e-08
Completed 12 % :  mod = 6.64658896528606e-17,  Error =9.026608438489347e-08
Completed 12 % :  mod = 7.197591900447409e-17,  Error =9.203532869150877e-08
Completed 13 % :  mod = 7.737627330584978e-17,  Error =9.380551801996262e-08
Completed 13 % :  mod = 8.265632178685152e-17,  Error =9.557555813444196e-08
Completed 13 % :  mod = 8.780785457650213e-17,  Error =9.734583983345146e-08
Completed 13 % :  mod = 9.28208857953505e-17,  Error =9.911548204399878e-08
Completed 14 % :  mod = 9.769163538309365e-17,  Error =1.0088538715535833e-07
Completed 14 % :  mod = 1.0241049331047129e-16,  Error =1.0265581806834234e-07
Completed 14 % :  mod = 1.069701280689192e-16,  Error =1.0442580133940282e-07
Completed 14 % :  mod = 1.1136171627793966e-16,  Error =1.0619535117939449e-07
Completed 15 % :  mod = 1.1558195397137098e-16,  Error =1.0796559024583985e-07
Completed 15 % :  mod = 1.196224882276888e-16,  Error =1.097357298363022e-07
Completed 15 % :  mod = 1.2347703304292438e-16,  Error =1.1150625311984186e-07
Completed 15 % :  mod = 1.2713816379899582e-16,  Error =1.1327534110705528e-07
Completed 16 % :  mod = 1.3060313192982398e-16,  Error =1.1504561570063743e-07
Completed 16 % :  mod = 1.3386503662944984e-16,  Error =1.1681590450507429e-07
Completed 16 % :  mod = 1.3691880547126085e-16,  Error =1.1858639226147716e-07
Completed 16 % :  mod = 1.397596969525883e-16,  Error =1.2035653895736687e-07
Completed 17 % :  mod = 1.4238228161498774e-16,  Error =1.2212641564701698e-07
Completed 17 % :  mod = 1.4478458347907215e-16,  Error =1.2389663339718027e-07
Completed 17 % :  mod = 1.4696177930638853e-16,  Error =1.2566661666824075e-07
Completed 17 % :  mod = 1.4891047920738905e-16,  Error =1.2743644361989936e-07
Completed 18 % :  mod = 1.5062700807031093e-16,  Error =1.292064339963872e-07
Completed 18 % :  mod = 1.5211008133536166e-16,  Error =1.3097657358684955e-07
Completed 18 % :  mod = 1.5335665399561007e-16,  Error =1.3274655685791004e-07
Completed 18 % :  mod = 1.5436478538194154e-16,  Error =1.3451646196926959e-07
Completed 19 % :  mod = 1.5513265378415327e-16,  Error =1.362861041798169e-07
Completed 19 % :  mod = 1.55659678831648e-16,  Error =1.3805588139348401e-07
Completed 19 % :  mod = 1.5594468199884798e-16,  Error =1.398257651885615e-07
Completed 19 % :  mod = 1.559872246732334e-16,  Error =1.4159621031240022e-07
Completed 20 % :  mod = 1.557872383539098e-16,  Error =1.433664280625635e-07
Completed 20 % :  mod = 1.553452581750347e-16,  Error =1.45135736318025e-07
Completed 20 % :  mod = 1.546616200236356e-16,  Error =1.4690601091160715e-07
Completed 20 % :  mod = 1.537375147813006e-16,  Error =1.4867654130057417e-07
Completed 21 % :  mod = 1.5257437708940464e-16,  Error =1.504461977219762e-07
Completed 21 % :  mod = 1.5117462764031154e-16,  Error =1.5221555571542922e-07
Completed 21 % :  mod = 1.4953931865945926e-16,  Error =1.539853897725152e-07
Completed 21 % :  mod = 1.476715052350427e-16,  Error =1.5575552936297754e-07
Completed 22 % :  mod = 1.4557409454502346e-16,  Error =1.5752552684489274e-07
Completed 22 % :  mod = 1.432513226330172e-16,  Error =1.592950269468929e-07
Completed 22 % :  mod = 1.407049345399237e-16,  Error =1.6106510258850903e-07
Completed 22 % :  mod = 1.3793978131814404e-16,  Error =1.6283551218521097e-07
Completed 23 % :  mod = 1.3496015924038227e-16,  Error =1.646054030857158e-07
Completed 23 % :  mod = 1.3177201821678446e-16,  Error =1.663747326574594e-07
Completed 23 % :  mod = 1.2837776363687314e-16,  Error =1.681451635704434e-07
Completed 23 % :  mod = 1.2478390691133396e-16,  Error =1.6991552342915384e-07
Completed 24 % :  mod = 1.2099603502481926e-16,  Error =1.7168593302585577e-07
Completed 24 % :  mod = 1.1702004246637408e-16,  Error =1.7345608682717284e-07
Completed 24 % :  mod = 1.1286380968229665e-16,  Error =1.7522556561289093e-07
Completed 24 % :  mod = 1.0853046475947091e-16,  Error =1.769953001939939e-07
Completed 25 % :  mod = 1.0402837866229832e-16,  Error =1.7876532609761853e-07
Completed 25 % :  mod = 9.936455083802594e-17,  Error =1.8053548700436295e-07
Completed 25 % :  mod = 9.454819023671454e-17,  Error =1.823043547233283e-07
Completed 25 % :  mod = 8.95829264751932e-17,  Error =1.8407449431379064e-07
Completed 26 % :  mod = 8.447838012927501e-17,  Error =1.858447475910907e-07
Completed 26 % :  mod = 7.924248468821498e-17,  Error =1.8761453191018518e-07
Completed 26 % :  mod = 7.388555623162498e-17,  Error =1.8938411727731363e-07
Completed 26 % :  mod = 6.841162648950938e-17,  Error =1.9115452687401557e-07
Completed 27 % :  mod = 6.283132897204012e-17,  Error =1.929245527776402e-07
Completed 27 % :  mod = 5.715334230310775e-17,  Error =1.9469472789523934e-07
Completed 27 % :  mod = 5.1388823339718026e-17,  Error =1.964635600870679e-07
Completed 27 % :  mod = 4.554210847283467e-17,  Error =1.982336570449661e-07
Completed 28 % :  mod = 3.96245863768301e-17,  Error =2.000039529548303e-07
Completed 28 % :  mod = 3.364545592050137e-17,  Error =2.0177416359956624e-07
Completed 28 % :  mod = 2.7614012649379624e-17,  Error =2.035441681869088e-07
Completed 28 % :  mod = 2.1542080386538265e-17,  Error =2.0531358302378067e-07
Completed 29 % :  mod = 1.54342251172598e-17,  Error =2.07083523662277e-07
Completed 29 % :  mod = 9.302371787447523e-18,  Error =2.088539901023978e-07
Completed 29 % :  mod = 3.1560574276726528e-18,  Error =2.1062426469597995e-07
Completed 29 % :  mod = 2.992699441354722e-18,  Error =2.1239373637627068e-07
Completed 30 % :  mod = 9.139271571287979e-18,  Error =2.1416420992181884e-07
Completed 30 % :  mod = 1.527163082544241e-17,  Error =2.1593440635570005e-07
Completed 30 % :  mod = 2.1380247411077152e-17,  Error =2.1770475910898313e-07
Completed 30 % :  mod = 2.745319565850588e-17,  Error =2.1947460737692381e-07
Completed 31 % :  mod = 3.3485899966471465e-17,  Error =2.212452088201644e-07
Completed 31 % :  mod = 3.946654095799629e-17,  Error =2.230153057780626e-07
Completed 31 % :  mod = 4.538582158828436e-17,  Error =2.247855874770721e-07
Completed 31 % :  mod = 5.123220392856147e-17,  Error =2.2655520837133736e-07
Completed 32 % :  mod = 5.700129027310099e-17,  Error =2.2832549007034686e-07
Completed 32 % :  mod = 6.26817532622934e-17,  Error =2.3009616967328839e-07
Completed 32 % :  mod = 6.826475617735358e-17,  Error =2.3186622399862244e-07
Completed 32 % :  mod = 7.374162075628252e-17,  Error =2.3363620726968293e-07
Completed 33 % :  mod = 7.910170904281248e-17,  Error =2.3540567894997366e-07
Completed 33 % :  mod = 8.43409803630487e-17,  Error =2.3717588248928223e-07
Completed 33 % :  mod = 8.94491209638248e-17,  Error =2.3894587997119743e-07
Completed 33 % :  mod = 9.441818805010386e-17,  Error =2.4071588455854e-07
Completed 34 % :  mod = 9.92385470357012e-17,  Error =2.4248576835361746e-07
Completed 34 % :  mod = 1.03906575800112e-16,  Error =2.4425640532399484e-07
Completed 34 % :  mod = 1.0841305102101238e-16,  Error =2.4602643122761947e-07
Completed 34 % :  mod = 1.127509642038673e-16,  Error =2.4779631502269694e-07
Completed 35 % :  mod = 1.1691194071366137e-16,  Error =2.4956604249837255e-07
Completed 35 % :  mod = 1.2089284796571602e-16,  Error =2.513364520950745e-07
Completed 35 % :  mod = 1.24685788194639e-16,  Error =2.53106634318101e-07
Completed 35 % :  mod = 1.282848691861319e-16,  Error =2.548764754806143e-07
Completed 36 % :  mod = 1.3168449558033872e-16,  Error =2.566465582276578e-07
Completed 36 % :  mod = 1.3487813611423908e-16,  Error =2.584159730645297e-07
Completed 36 % :  mod = 1.3786339392861055e-16,  Error =2.601861694984109e-07
Completed 36 % :  mod = 1.4063430308668265e-16,  Error =2.619559111849412e-07
Completed 37 % :  mod = 1.4318655077213912e-16,  Error =2.6372605077540356e-07
Completed 37 % :  mod = 1.4551528872431341e-16,  Error =2.654955935099679e-07
Completed 37 % :  mod = 1.4761875825382567e-16,  Error =2.6726571178414815e-07
Completed 37 % :  mod = 1.4949270496399037e-16,  Error =2.6903559557922563e-07
Completed 38 % :  mod = 1.5113422772560414e-16,  Error =2.7080579201310684e-07
Completed 38 % :  mod = 1.5254024813431858e-16,  Error =2.7257515000655985e-07
Completed 38 % :  mod = 1.5370970595138355e-16,  Error =2.743451190667656e-07
Completed 38 % :  mod = 1.5464018322447097e-16,  Error =2.7611489628043273e-07
Completed 39 % :  mod = 1.553302239089076e-16,  Error =2.778852348228611e-07
Completed 39 % :  mod = 1.5577862166516762e-16,  Error =2.796548415062716e-07
Completed 39 % :  mod = 1.5598505110107756e-16,  Error =2.8142496688587926e-07
Completed 39 % :  mod = 1.5594895304254332e-16,  Error =2.8319476541582844e-07
Completed 40 % :  mod = 1.5567038234197928e-16,  Error =2.8496523185594924e-07
Completed 40 % :  mod = 1.5514978195460347e-16,  Error =2.867351156510267e-07
Completed 40 % :  mod = 1.5438830765852677e-16,  Error =2.8850445232819766e-07
Completed 40 % :  mod = 1.5338652917439607e-16,  Error =2.902744213884034e-07
Completed 41 % :  mod = 1.521462715728354e-16,  Error =2.9204412754779696e-07
Completed 41 % :  mod = 1.5066945375776953e-16,  Error =2.9381424582197724e-07
Completed 41 % :  mod = 1.489591045027101e-16,  Error =2.9558314906807936e-07
Completed 41 % :  mod = 1.4701652103365273e-16,  Error =2.973530541794389e-07
Completed 42 % :  mod = 1.4484535245786973e-16,  Error =2.9912352772498707e-07
Completed 42 % :  mod = 1.4244897506812757e-16,  Error =3.0089358205032113e-07
Completed 42 % :  mod = 1.3983222089167329e-16,  Error =3.026630110980477e-07
Completed 42 % :  mod = 1.369970437808125e-16,  Error =3.044331577939374e-07
Completed 43 % :  mod = 1.3394886316442475e-16,  Error =3.0620323343555356e-07
Completed 43 % :  mod = 1.3069242783470788e-16,  Error =3.0797356487255456e-07
Completed 43 % :  mod = 1.272342123928103e-16,  Error =3.0974307918540944e-07
Completed 43 % :  mod = 1.235768257146852e-16,  Error =3.1151319035416236e-07
Completed 44 % :  mod = 1.1972731155344123e-16,  Error =3.1328359284543694e-07
Completed 44 % :  mod = 1.1569163713831853e-16,  Error =3.150542156049596e-07
Completed 44 % :  mod = 1.1147608537135854e-16,  Error =3.168243125628578e-07
Completed 44 % :  mod = 1.0708901330998868e-16,  Error =3.185935284477637e-07
Completed 45 % :  mod = 1.0253370367216865e-16,  Error =3.2036324171258457e-07
Completed 45 % :  mod = 9.78189771500592e-17,  Error =3.221336868364233e-07
Completed 45 % :  mod = 9.295216856094699e-17,  Error =3.2390360615863756e-07
Completed 45 % :  mod = 8.794286529002302e-17,  Error =3.256729215195264e-07
Completed 46 % :  mod = 8.279485194708367e-17,  Error =3.274427697874671e-07
Completed 46 % :  mod = 7.751811632443521e-17,  Error =3.2921267489882666e-07
Completed 46 % :  mod = 7.21208458040819e-17,  Error =3.30982715013306e-07
Completed 46 % :  mod = 6.661367699812298e-17,  Error =3.3275245669983633e-07
Completed 47 % :  mod = 6.100075604598131e-17,  Error =3.3452328551675237e-07
Completed 47 % :  mod = 5.5292983223576367e-17,  Error =3.3629373774601845e-07
Completed 47 % :  mod = 4.949924451863851e-17,  Error =3.3806390575819023e-07
Completed 47 % :  mod = 4.363091842087886e-17,  Error =3.3983290848027536e-07
Completed 48 % :  mod = 3.7692406254939243e-17,  Error =3.4160311201958393e-07
Completed 48 % :  mod = 3.169529263359967e-17,  Error =3.433727968626954e-07
Completed 48 % :  mod = 2.564890489714608e-17,  Error =3.451430785617049e-07
Completed 48 % :  mod = 1.9562628391904862e-17,  Error =3.4691304762191066e-07
Completed 49 % :  mod = 1.3448396180489072e-17,  Error =3.486821995579703e-07
Completed 49 % :  mod = 7.310814107946983e-18,  Error =3.504520975639025e-07
Completed 49 % :  mod = 1.1618560272356044e-18,  Error =3.522219458318432e-07
Completed 49 % :  mod = 4.988905048717198e-18,  Error =3.539922772688442e-07
Completed 50 % :  mod = 1.112944263758794e-17,  Error =3.557618697414e-07
Completed 50 % :  mod = 1.7255150325641677e-17,  Error =3.5753192406673406e-07
Completed 50 % :  mod = 2.335402649767209e-17,  Error =3.593020636571964e-07
Completed 50 % :  mod = 2.941658571849867e-17,  Error =3.610719616631286e-07
Completed 51 % :  mod = 3.5431016262564464e-17,  Error =3.628410709666241e-07
Completed 51 % :  mod = 4.1392777580390804e-17,  Error =3.6461111108110345e-07
Completed 51 % :  mod = 4.729017731892289e-17,  Error =3.663809522436168e-07
Completed 51 % :  mod = 5.3114059209165215e-17,  Error =3.681510278852329e-07
Completed 52 % :  mod = 5.885535662782117e-17,  Error =3.6992140195479806e-07
Completed 52 % :  mod = 6.450289607087516e-17,  Error =3.716903052009002e-07
Completed 52 % :  mod = 7.005243797919393e-17,  Error =3.734603524208069e-07
Completed 52 % :  mod = 7.549305891580082e-17,  Error =3.7523028595387586e-07
Completed 53 % :  mod = 8.081629930457126e-17,  Error =3.7700023369779956e-07
Completed 53 % :  mod = 8.601183546617149e-17,  Error =3.7877008196574025e-07
Completed 53 % :  mod = 9.107574713318468e-17,  Error =3.8054005813137337e-07
Completed 53 % :  mod = 9.5998049822027e-17,  Error =3.823101337729895e-07
Completed 54 % :  mod = 1.0077110369256092e-16,  Error =3.8408057179140087e-07
Completed 54 % :  mod = 1.0538565538546654e-16,  Error =3.8585002215540953e-07
Completed 54 % :  mod = 1.0983823317201419e-16,  Error =3.8762056675523127e-07
Completed 54 % :  mod = 1.1412004412229241e-16,  Error =3.893910616170615e-07
Completed 55 % :  mod = 1.1822441583558885e-16,  Error =3.9116084593615597e-07
Completed 55 % :  mod = 1.221434378286093e-16,  Error =3.9293029630016463e-07
Completed 55 % :  mod = 1.2587416699273429e-16,  Error =3.9470082668913165e-07
Completed 55 % :  mod = 1.294091809846286e-16,  Error =3.9647102312301286e-07
Completed 56 % :  mod = 1.3274298877259092e-16,  Error =3.982409637615092e-07
Completed 56 % :  mod = 1.3587041417054067e-16,  Error =4.000109470325697e-07
Completed 56 % :  mod = 1.3878545494915798e-16,  Error =4.017805181888434e-07
Completed 56 % :  mod = 1.4148592559386692e-16,  Error =4.0355035935135675e-07
Completed 57 % :  mod = 1.4396641954878626e-16,  Error =4.053203639386993e-07
Completed 57 % :  mod = 1.4622306777999837e-16,  Error =4.0708983561899004e-07
Completed 57 % :  mod = 1.4825160301781944e-16,  Error =4.0885885965735724e-07
Completed 57 % :  mod = 1.5005050262953693e-16,  Error =4.106291129346573e-07
Completed 58 % :  mod = 1.5161609812083294e-16,  Error =4.123987409343499e-07
Completed 58 % :  mod = 1.5294596378456117e-16,  Error =4.1416890184109434e-07
Completed 58 % :  mod = 1.5403764470375992e-16,  Error =4.15938352205103e-07
Completed 58 % :  mod = 1.5489030749396204e-16,  Error =4.1770803704821446e-07
Completed 59 % :  mod = 1.5550214822934793e-16,  Error =4.1947745188508634e-07
Completed 59 % :  mod = 1.5587221942622468e-16,  Error =4.2124721488789874e-07
Completed 59 % :  mod = 1.559999316150083e-16,  Error =4.23016835782164e-07
Completed 59 % :  mod = 1.558851967526623e-16,  Error =4.247867124718141e-07
Completed 60 % :  mod = 1.5552809673006735e-16,  Error =4.2655696574911417e-07
Completed 60 % :  mod = 1.5492917598716287e-16,  Error =4.283275600869274e-07
Completed 60 % :  mod = 1.5408937347734169e-16,  Error =4.300980123161935e-07
Completed 60 % :  mod = 1.5301047880585905e-16,  Error =4.318671997793899e-07
Completed 61 % :  mod = 1.5169329252845155e-16,  Error =4.3363768043036544e-07
Completed 61 % :  mod = 1.5014025617209472e-16,  Error =4.3540804739450323e-07
Completed 61 % :  mod = 1.483537887230924e-16,  Error =4.371778103973156e-07
Completed 61 % :  mod = 1.4633750883813054e-16,  Error =4.3894753787299123e-07
Completed 62 % :  mod = 1.4409294292393326e-16,  Error =4.407177556231545e-07
Completed 62 % :  mod = 1.416243470832461e-16,  Error =4.424880089004546e-07
Completed 62 % :  mod = 1.389355469230045e-16,  Error =4.4425752321330947e-07
Completed 62 % :  mod = 1.3603193778045268e-16,  Error =4.460268598904804e-07
Completed 63 % :  mod = 1.3291570971965992e-16,  Error =4.477969213212418e-07
Completed 63 % :  mod = 1.2959281823424145e-16,  Error =4.495670751225589e-07
Completed 63 % :  mod = 1.2606843795931424e-16,  Error =4.513374349812693e-07
Completed 63 % :  mod = 1.223495810600273e-16,  Error =4.5310682850185913e-07
Completed 64 % :  mod = 1.1843903647921338e-16,  Error =4.5487717414971485e-07
Completed 64 % :  mod = 1.1434434448514382e-16,  Error =4.5664760506269886e-07
Completed 64 % :  mod = 1.100718755576074e-16,  Error =4.584176309663235e-07
Completed 64 % :  mod = 1.0562826218585194e-16,  Error =4.6018725186058873e-07
Completed 65 % :  mod = 1.01022298488861e-16,  Error =4.6195680880600776e-07
Completed 65 % :  mod = 9.625745552328001e-17,  Error =4.6372665707394845e-07
Completed 65 % :  mod = 9.134294585808491e-17,  Error =4.6549675403184665e-07
Completed 65 % :  mod = 8.628641698483391e-17,  Error =4.672672417882495e-07
Completed 66 % :  mod = 8.109784190997984e-17,  Error =4.6903646477858274e-07
Completed 66 % :  mod = 7.578111510324416e-17,  Error =4.708066896341734e-07
Completed 66 % :  mod = 7.03465652587431e-17,  Error =4.7257677948664423e-07
Completed 66 % :  mod = 6.480264430118057e-17,  Error =4.7434632222120854e-07
Completed 67 % :  mod = 5.916024594072996e-17,  Error =4.761148986176522e-07
Completed 67 % :  mod = 5.342362333330585e-17,  Error =4.778850524189693e-07
Completed 67 % :  mod = 4.760394114243103e-17,  Error =4.796551138497307e-07
Completed 67 % :  mod = 4.171023998691161e-17,  Error =4.814253884433128e-07
Completed 68 % :  mod = 3.57516902495123e-17,  Error =4.831951940786894e-07
Completed 68 % :  mod = 2.973997880321633e-17,  Error =4.849645662829971e-07
Completed 68 % :  mod = 2.3679621950770673e-17,  Error =4.867350753556821e-07
Completed 68 % :  mod = 1.7582451683657285e-17,  Error =4.885047673042209e-07
Completed 69 % :  mod = 1.1457945113551763e-17,  Error =4.902751769009228e-07
Completed 69 % :  mod = 5.3180856059881615e-18,  Error =4.92044499367239e-07
Completed 69 % :  mod = 8.325008831566039e-19,  Error =4.938142552646241e-07
Completed 69 % :  mod = 6.981793144835453e-18,  Error =4.955844374876506e-07
Completed 70 % :  mod = 1.3120232745178819e-17,  Error =4.973547760300789e-07
Completed 70 % :  mod = 1.9235823445654362e-17,  Error =4.991240913909678e-07
Completed 70 % :  mod = 2.5323963433719297e-17,  Error =5.008939751860453e-07
Completed 70 % :  mod = 3.137273251975885e-17,  Error =5.026639513516784e-07
Completed 71 % :  mod = 3.737272038693189e-17,  Error =5.044339346227389e-07
Completed 71 % :  mod = 4.331222951230479e-17,  Error =5.062034631464485e-07
Completed 71 % :  mod = 4.918679699797888e-17,  Error =5.079736027369108e-07
Completed 71 % :  mod = 5.49848830023248e-17,  Error =5.097436570622449e-07
Completed 72 % :  mod = 6.069747766731547e-17,  Error =5.115140169209553e-07
Completed 72 % :  mod = 6.631570808501397e-17,  Error =5.132838225563319e-07
Completed 72 % :  mod = 7.18286338612411e-17,  Error =5.150534647668792e-07
Completed 72 % :  mod = 7.723211542232013e-17,  Error =5.168238459418717e-07
Completed 73 % :  mod = 8.251552473815066e-17,  Error =5.185940565866076e-07
Completed 73 % :  mod = 8.76706300691681e-17,  Error =5.2036419617707e-07
Completed 73 % :  mod = 9.268744558762012e-17,  Error =5.22133554170523e-07
Completed 73 % :  mod = 9.756219728196195e-17,  Error =5.239035161253014e-07
Completed 74 % :  mod = 1.0228524787767189e-16,  Error =5.256736343994817e-07
Completed 74 % :  mod = 1.068492717081488e-16,  Error =5.274434329294309e-07
Completed 74 % :  mod = 1.112454420841725e-16,  Error =5.292132954082263e-07
Completed 74 % :  mod = 1.154704333260902e-16,  Error =5.309834136824065e-07
Completed 75 % :  mod = 1.1951589747546127e-16,  Error =5.327533330046208e-07
Completed 75 % :  mod = 1.2337554284145022e-16,  Error =5.345236857579039e-07
Completed 75 % :  mod = 1.270419221619059e-16,  Error =5.36293185859904e-07
Completed 75 % :  mod = 1.3051229421197707e-16,  Error =5.380634746643409e-07
Completed 76 % :  mod = 1.3377975079277802e-16,  Error =5.398337350470683e-07
Completed 76 % :  mod = 1.3683919667853056e-16,  Error =5.416039670080863e-07
Completed 76 % :  mod = 1.396858946058666e-16,  Error =5.433742842342326e-07
Completed 76 % :  mod = 1.4231440079577738e-16,  Error =5.451439832881988e-07
Completed 77 % :  mod = 1.447227253619018e-16,  Error =5.469143360414819e-07
Completed 77 % :  mod = 1.4690604403181107e-16,  Error =5.486842056257046e-07
Completed 77 % :  mod = 1.4886095393956154e-16,  Error =5.5045444469215e-07
Completed 77 % :  mod = 1.5058375924217632e-16,  Error =5.522241863786803e-07
Completed 78 % :  mod = 1.5207318473734358e-16,  Error =5.539944822885445e-07
Completed 78 % :  mod = 1.5332616515220713e-16,  Error =5.557648492526823e-07
Completed 78 % :  mod = 1.543407450834977e-16,  Error =5.575349888431447e-07
Completed 78 % :  mod = 1.5511510556104827e-16,  Error =5.593041265683496e-07
Completed 79 % :  mod = 1.5564865034273356e-16,  Error =5.610740956285554e-07
Completed 79 % :  mod = 1.5594018503144783e-16,  Error =5.628444839089752e-07
Completed 79 % :  mod = 1.5598927737362224e-16,  Error =5.646143677040527e-07
Completed 79 % :  mod = 1.5579595947420431e-16,  Error =5.663838393843434e-07
Completed 80 % :  mod = 1.5536037639999397e-16,  Error =5.681537800228398e-07
Completed 80 % :  mod = 1.5468325038306355e-16,  Error =5.699236638179173e-07
Completed 80 % :  mod = 1.5376561726033512e-16,  Error =5.716935902455589e-07
Completed 80 % :  mod = 1.526089045387508e-16,  Error =5.73463843522859e-07
Completed 81 % :  mod = 1.5121553177330107e-16,  Error =5.75233222832594e-07
Completed 81 % :  mod = 1.4958653019971588e-16,  Error =5.770040374386554e-07
Completed 81 % :  mod = 1.4772494885743187e-16,  Error =5.787743333485196e-07
Completed 81 % :  mod = 1.4563369502780822e-16,  Error =5.805444729389819e-07
Completed 82 % :  mod = 1.4331697719900645e-16,  Error =5.823136888238878e-07
Completed 82 % :  mod = 1.4077654470292575e-16,  Error =5.840840628934529e-07
Completed 82 % :  mod = 1.3801724455946174e-16,  Error =5.858545790715652e-07
Completed 82 % :  mod = 1.3504334765721338e-16,  Error =5.876247755054465e-07
Completed 83 % :  mod = 1.3186080550898922e-16,  Error =5.893942685020193e-07
Completed 83 % :  mod = 1.2847202086767356e-16,  Error =5.911650262646617e-07
Completed 83 % :  mod = 1.2488347913946155e-16,  Error =5.929349526923033e-07
Completed 83 % :  mod = 1.2110077020413767e-16,  Error =5.947050851773383e-07
Completed 84 % :  mod = 1.1712978157141056e-16,  Error =5.964750044995526e-07
Completed 84 % :  mod = 1.1297837114690674e-16,  Error =5.982447603969376e-07
Completed 84 % :  mod = 1.0864967285947323e-16,  Error =6.000148928819726e-07
Completed 84 % :  mod = 1.041520549851745e-16,  Error =6.017849898398708e-07
Completed 85 % :  mod = 9.94924900878877e-17,  Error =6.035561028738812e-07
Completed 85 % :  mod = 9.468019694044336e-17,  Error =6.053254608673342e-07
Completed 85 % :  mod = 8.971880536646575e-17,  Error =6.070954654546767e-07
Completed 85 % :  mod = 8.461790885160288e-17,  Error =6.088660313707805e-07
Completed 86 % :  mod = 7.938545200034923e-17,  Error =6.106359791147042e-07
Completed 86 % :  mod = 7.403174799718454e-17,  Error =6.124045697220026e-07
Completed 86 % :  mod = 6.856080520426087e-17,  Error =6.141745885201999e-07
Completed 86 % :  mod = 6.298326881567631e-17,  Error =6.159444936315595e-07
Completed 87 % :  mod = 5.73078126990329e-17,  Error =6.177143205832181e-07
Completed 87 % :  mod = 5.1545570498580433e-17,  Error =6.194835506789786e-07
Completed 87 % :  mod = 4.570089545908763e-17,  Error =6.212535481608938e-07
Completed 87 % :  mod = 3.978516989597595e-17,  Error =6.230234959048175e-07
Completed 88 % :  mod = 3.380757349779199e-17,  Error =6.247943318271609e-07
Completed 88 % :  mod = 2.777741783669126e-17,  Error =6.265646916858714e-07
Completed 88 % :  mod = 2.170652135907318e-17,  Error =6.283341278390253e-07
Completed 88 % :  mod = 1.5599436711932886e-17,  Error =6.301041679535047e-07
Completed 89 % :  mod = 9.468105488183495e-18,  Error =6.318744780742236e-07
Completed 89 % :  mod = 3.322060168902857e-18,  Error =6.336445892429765e-07
Completed 89 % :  mod = 2.8266969069196707e-18,  Error =6.35413698546472e-07
Completed 89 % :  mod = 8.973515588374257e-18,  Error =6.371842005137296e-07
Completed 90 % :  mod = 1.5106376113979894e-17,  Error =6.389543401041919e-07
Completed 90 % :  mod = 2.1215763114957654e-17,  Error =6.407237904682006e-07
Completed 90 % :  mod = 2.7289727553768903e-17,  Error =6.424931342507989e-07
Completed 90 % :  mod = 3.3323700756794145e-17,  Error =6.442629398861754e-07
Completed 91 % :  mod = 3.9305875909861316e-17,  Error =6.460332500068944e-07
Completed 91 % :  mod = 4.5226931566346345e-17,  Error =6.478028851120143e-07
Completed 91 % :  mod = 5.1075333468089004e-17,  Error =6.495725273225617e-07
Completed 91 % :  mod = 5.684669817822822e-17,  Error =6.513430008681098e-07
Completed 92 % :  mod = 6.252966902394153e-17,  Error =6.531132115128457e-07
Completed 92 % :  mod = 6.811541399103354e-17,  Error =6.548836211095477e-07
Completed 92 % :  mod = 7.359526603614229e-17,  Error =6.566534906937704e-07
Completed 92 % :  mod = 7.895855354708887e-17,  Error =6.584230831663263e-07
Completed 93 % :  mod = 8.420124717201317e-17,  Error =6.601937059258489e-07
Completed 93 % :  mod = 8.931303786233852e-17,  Error =6.619639378868669e-07
Completed 93 % :  mod = 9.428595350981507e-17,  Error =6.637343759052783e-07
Completed 93 % :  mod = 9.911036521512481e-17,  Error =6.655035917901841e-07
Completed 94 % :  mod = 1.0378266140431578e-16,  Error =6.672734613744069e-07
Completed 94 % :  mod = 1.0829358354818924e-16,  Error =6.690434943834589e-07
Completed 94 % :  mod = 1.1263613297497995e-16,  Error =6.708136552902033e-07
Completed 94 % :  mod = 1.1680193618704583e-16,  Error =6.725829493348101e-07
Completed 95 % :  mod = 1.2078782875325477e-16,  Error =6.743530818198451e-07
Completed 95 % :  mod = 1.2458592262758668e-16,  Error =6.761230082474867e-07
Completed 95 % :  mod = 1.2819032404477953e-16,  Error =6.778930128348293e-07
Completed 95 % :  mod = 1.315940745030266e-16,  Error =6.796630884764454e-07
Completed 96 % :  mod = 1.3479462995665517e-16,  Error =6.814334483351558e-07
Completed 96 % :  mod = 1.377856198224789e-16,  Error =6.832030976511305e-07
Completed 96 % :  mod = 1.4056236334390528e-16,  Error =6.849729743407806e-07
Completed 96 % :  mod = 1.4312056564409758e-16,  Error =6.867432276180807e-07
Completed 97 % :  mod = 1.4545536388333095e-16,  Error =6.88511995861063e-07
Completed 97 % :  mod = 1.4756497497039747e-16,  Error =6.902820786081065e-07
Completed 97 % :  mod = 1.494451591393687e-16,  Error =6.92051763451218e-07
Completed 97 % :  mod = 1.5109299851063387e-16,  Error =6.938220238339454e-07
Completed 98 % :  mod = 1.525053850047401e-16,  Error =6.955919857887238e-07
Completed 98 % :  mod = 1.536812775114889e-16,  Error =6.973620401140579e-07
Completed 98 % :  mod = 1.5461823796772358e-16,  Error =6.991326628735806e-07
Completed 98 % :  mod = 1.5531478049857003e-16,  Error =7.009030014160089e-07
Completed 99 % :  mod = 1.5576971318846437e-16,  Error =7.02672480201727e-07
Completed 99 % :  mod = 1.5598269544578937e-16,  Error =7.044429395364205e-07
Completed 99 % :  mod = 1.559531374390695e-16,  Error =7.062132567625667e-07
Completed 99 % :  mod = 1.5568111232209017e-16,  Error =7.079831050305074e-07
Completed 100 % :  mod = 1.5516729590141184e-16,  Error =7.097525553945161e-07
Finished 1/21 frames
Finished all frames!
