/opt/local/miniconda_23_9/lib/python3.11/site-packages/conda/base/context.py:201: FutureWarning: Adding 'defaults' to channel list implicitly is deprecated and will be removed in 25.3. 

To remove this warning, please choose a default channel explicitly with conda's regular configuration system, e.g. by adding 'defaults' to the list of channels:

  conda config --add channels defaults

For more information see https://docs.conda.io/projects/conda/en/stable/user-guide/configuration/use-condarc.html

  deprecated.topic(
JOB 14540 ARRAY_ID 5  -> i=5 ; range=[2.0015e-10, 2.1e-10] ; intervals=6 (frames=7)
Analytic t0 extension enabled (--extend-time-using-t0).
Extending simulation time for p0=2.072e-10 from 10000000000.0 to 2.082e+10
Completed 0 % :  mod = 1.6574857142713245e-16,  Error =-1.4210854715202004e-14
Completed 0 % :  mod = 1.6655218819727446e-16,  Error =4.696850908203487e-09
Completed 0 % :  mod = 1.6897083282381745e-16,  Error =9.394945266194554e-09
Completed 0 % :  mod = 1.730279562907176e-16,  Error =1.4091824596107472e-08
Completed 0 % :  mod = 1.78762905149871e-16,  Error =1.8789243938499567e-08
Completed 1 % :  mod = 1.862312866696553e-16,  Error =2.348684802200296e-08
Completed 1 % :  mod = 1.9550551663529043e-16,  Error =2.8183670508497016e-08
Completed 1 % :  mod = 2.066755320683338e-16,  Error =3.288079142294009e-08
Completed 1 % :  mod = 2.1984964689332522e-16,  Error =3.757867261811043e-08
Completed 2 % :  mod = 2.3515243911170736e-16,  Error =4.227513272780925e-08
Completed 2 % :  mod = 2.527382010687785e-16,  Error =4.697221100968818e-08
Completed 2 % :  mod = 2.7277472583480715e-16,  Error =5.166906191789167e-08
Completed 2 % :  mod = 2.9545629678408245e-16,  Error =5.636598388036873e-08
Completed 3 % :  mod = 3.210028533832664e-16,  Error =6.106343874989761e-08
Completed 3 % :  mod = 3.4966212242224224e-16,  Error =6.576079414344349e-08
Completed 3 % :  mod = 3.8171200334450684e-16,  Error =7.045698424690272e-08
Completed 3 % :  mod = 4.1746327793576133e-16,  Error =7.515333066976382e-08
Completed 4 % :  mod = 4.572545430671772e-16,  Error =7.98491939235646e-08
Completed 4 % :  mod = 5.014869888321671e-16,  Error =8.454636457599918e-08
Completed 4 % :  mod = 5.505822662052816e-16,  Error =8.924360628270733e-08
Completed 4 % :  mod = 6.050164436335355e-16,  Error =9.39409119382617e-08
Completed 5 % :  mod = 6.653173611441221e-16,  Error =9.863820338296136e-08
Completed 5 % :  mod = 7.320697435613695e-16,  Error =1.0333495481518185e-07
Completed 5 % :  mod = 8.059208793601401e-16,  Error =1.080319123047957e-07
Completed 5 % :  mod = 8.8758688966089755e-16,  Error =1.1272930322547836e-07
Completed 6 % :  mod = 9.778414092453014e-16,  Error =1.1742486094590276e-07
Completed 6 % :  mod = 1.0775944152142217e-15,  Error =1.2212245081855144e-07
Completed 6 % :  mod = 1.1877966632768603e-15,  Error =1.268195433112851e-07
Completed 6 % :  mod = 1.3095167711093718e-15,  Error =1.315168418614121e-07
Completed 7 % :  mod = 1.4439350381783147e-15,  Error =1.3621355066106844e-07
Completed 7 % :  mod = 1.5923548880266674e-15,  Error =1.4091006761418612e-07
Completed 7 % :  mod = 1.7562155247058866e-15,  Error =1.4560727379375749e-07
Completed 7 % :  mod = 1.9371058825565526e-15,  Error =1.503044870787562e-07
Completed 8 % :  mod = 2.1367396368752693e-15,  Error =1.5500064165507865e-07
Completed 8 % :  mod = 2.357129562782743e-15,  Error =1.5969865785336879e-07
Completed 8 % :  mod = 2.600376168036604e-15,  Error =1.6439635430742783e-07
Completed 8 % :  mod = 2.8688381705612562e-15,  Error =1.690937097009737e-07
Completed 9 % :  mod = 3.1651187922202244e-15,  Error =1.7379008454554423e-07
Completed 9 % :  mod = 3.4920910211705545e-15,  Error =1.7848740441195332e-07
Completed 9 % :  mod = 3.8529254548139315e-15,  Error =1.8318458216981526e-07
Completed 9 % :  mod = 4.251121029401339e-15,  Error =1.8788166755712155e-07
Completed 10 % :  mod = 4.690450133755984e-15,  Error =1.925781560885298e-07
Completed 10 % :  mod = 5.175342239873267e-15,  Error =1.9727499989130592e-07
Completed 10 % :  mod = 5.710418735163278e-15,  Error =2.0197130368160288e-07
Completed 10 % :  mod = 6.300868164818972e-15,  Error =2.0666859512630253e-07
Completed 11 % :  mod = 6.95241602090545e-15,  Error =2.1136527550424944e-07
Completed 11 % :  mod = 7.671380242766943e-15,  Error =2.1606219036129914e-07
Completed 11 % :  mod = 8.464732499477975e-15,  Error =2.2075897021522906e-07
Completed 11 % :  mod = 9.340165796090307e-15,  Error =2.254554090086458e-07
Completed 12 % :  mod = 1.0305973726511707e-14,  Error =2.301507677771042e-07
Completed 12 % :  mod = 1.1371893893276592e-14,  Error =2.3484739131163224e-07
Completed 12 % :  mod = 1.2548085329346896e-14,  Error =2.3954434169581873e-07
Completed 12 % :  mod = 1.3845953356880347e-14,  Error =2.4424132050171465e-07
Completed 13 % :  mod = 1.5278083161887243e-14,  Error =2.4893860484098695e-07
Completed 13 % :  mod = 1.6858361856310357e-14,  Error =2.5363532074607065e-07
Completed 13 % :  mod = 1.8602113122711046e-14,  Error =2.583324985039326e-07
Completed 13 % :  mod = 2.052624579064141e-14,  Error =2.6302937072841814e-07
Completed 14 % :  mod = 2.264898852135796e-14,  Error =2.6772556793730473e-07
Completed 14 % :  mod = 2.499174352060831e-14,  Error =2.7242251121606387e-07
Completed 14 % :  mod = 2.7576838981425104e-14,  Error =2.771190068528995e-07
Completed 14 % :  mod = 3.0429342071916026e-14,  Error =2.818158648665303e-07
Completed 15 % :  mod = 3.357691295944408e-14,  Error =2.865129857809734e-07
Completed 15 % :  mod = 3.7050073009155365e-14,  Error =2.912097656349033e-07
Completed 15 % :  mod = 4.088250072407662e-14,  Error =2.9590721339900483e-07
Completed 15 % :  mod = 4.511135833132392e-14,  Error =3.0060471090109786e-07
Completed 16 % :  mod = 4.9776708607518194e-14,  Error =3.053012207487882e-07
Completed 16 % :  mod = 5.4925588932726426e-14,  Error =3.099984340337869e-07
Completed 16 % :  mod = 6.060707164681014e-14,  Error =3.146954838939564e-07
Completed 16 % :  mod = 6.687624858520861e-14,  Error =3.1939234190758725e-07
Completed 17 % :  mod = 7.379391016512123e-14,  Error =3.2408986072596235e-07
Completed 17 % :  mod = 8.142713479744741e-14,  Error =3.2878716638151673e-07
Completed 17 % :  mod = 8.984993927134673e-14,  Error =3.3348491967899463e-07
Completed 17 % :  mod = 9.914399634970548e-14,  Error =3.381814082104029e-07
Completed 18 % :  mod = 1.0939735296240802e-13,  Error =3.428779677960847e-07
Completed 18 % :  mod = 1.2071338390505583e-13,  Error =3.475754368764683e-07
Completed 18 % :  mod = 1.3319993538118316e-13,  Error =3.522722877846718e-07
Completed 18 % :  mod = 1.469780817236814e-13,  Error =3.569687834215074e-07
Completed 19 % :  mod = 1.6218141972510562e-13,  Error =3.6166567696227503e-07
Completed 19 % :  mod = 1.789573634381181e-13,  Error =3.6636206601770027e-07
Completed 19 % :  mod = 1.9746857272860722e-13,  Error =3.710587606065019e-07
Completed 19 % :  mod = 2.178945293714094e-13,  Error =3.7575558309299595e-07
Completed 20 % :  mod = 2.404287185856587e-13,  Error =3.8045219952209663e-07
Completed 20 % :  mod = 2.6529830498924924e-13,  Error =3.85149604653634e-07
Completed 20 % :  mod = 2.927402703948068e-13,  Error =3.8984609318504226e-07
Completed 20 % :  mod = 3.2302065543989104e-13,  Error =3.945428872498269e-07
Completed 21 % :  mod = 3.5643300403151194e-13,  Error =3.9923957473320115e-07
Completed 21 % :  mod = 3.9330120277882667e-13,  Error =4.0393711486785833e-07
Completed 21 % :  mod = 4.3398261226885636e-13,  Error =4.086334826070015e-07
Completed 21 % :  mod = 4.788715196836214e-13,  Error =4.133306674702908e-07
Completed 22 % :  mod = 5.283929300691623e-13,  Error =4.180266088837925e-07
Completed 22 % :  mod = 5.830457863608322e-13,  Error =4.2272397138276574e-07
Completed 22 % :  mod = 6.433505024650135e-13,  Error =4.274204385978919e-07
Completed 22 % :  mod = 7.098912126537229e-13,  Error =4.3211798583797645e-07
Completed 23 % :  mod = 7.833123041141107e-13,  Error =4.36815057014428e-07
Completed 23 % :  mod = 8.643245911551446e-13,  Error =4.4151193634434094e-07
Completed 23 % :  mod = 9.537121079924141e-13,  Error =4.462089790990831e-07
Completed 23 % :  mod = 1.0523395772633436e-12,  Error =4.509060929080988e-07
Completed 24 % :  mod = 1.1611386125468343e-12,  Error =4.5560202721617316e-07
Completed 24 % :  mod = 1.281202459761903e-12,  Error =4.6029859390728234e-07
Completed 24 % :  mod = 1.4136704398950217e-12,  Error =4.649953524449302e-07
Completed 24 % :  mod = 1.5598203881498157e-12,  Error =4.6969225309112517e-07
Completed 25 % :  mod = 1.7210605173924642e-12,  Error =4.743887984659523e-07
Completed 25 % :  mod = 1.898942286583067e-12,  Error =4.790856564795831e-07
Completed 25 % :  mod = 2.0951743888520133e-12,  Error =4.837824505443677e-07
Completed 25 % :  mod = 2.311637902833205e-12,  Error =4.884784914338525e-07
Completed 26 % :  mod = 2.550354363210604e-12,  Error =4.93174290738807e-07
Completed 26 % :  mod = 2.8136913834064398e-12,  Error =4.97870694005087e-07
Completed 26 % :  mod = 3.1041060911610416e-12,  Error =5.025663796232038e-07
Completed 26 % :  mod = 3.424343923036789e-12,  Error =5.072622357715773e-07
Completed 27 % :  mod = 3.77741533658571e-12,  Error =5.119576229617451e-07
Completed 27 % :  mod = 4.166616767258778e-12,  Error =5.166526477751177e-07
Completed 27 % :  mod = 4.595551572093401e-12,  Error =5.213470046783186e-07
Completed 27 % :  mod = 5.068150233064542e-12,  Error =5.260401678697235e-07
Completed 28 % :  mod = 5.588583638204267e-12,  Error =5.307322652470248e-07
Completed 28 % :  mod = 6.161688265861742e-12,  Error =5.354246255251383e-07
Completed 28 % :  mod = 6.792376071839975e-12,  Error =5.401151526029935e-07
Completed 28 % :  mod = 7.486027252489288e-12,  Error =5.448049265055488e-07
Completed 29 % :  mod = 8.248385230285314e-12,  Error =5.494931443195128e-07
Completed 29 % :  mod = 9.085530721620174e-12,  Error =5.541798131503128e-07
Completed 29 % :  mod = 1.0003833099532472e-11,  Error =5.588647411514103e-07
Completed 29 % :  mod = 1.1009870914712127e-11,  Error =5.635464219722053e-07
Completed 30 % :  mod = 1.211008983198996e-11,  Error =5.68223626373765e-07
Completed 30 % :  mod = 1.331149362396434e-11,  Error =5.728978891283987e-07
Completed 30 % :  mod = 1.4620130530126155e-11,  Error =5.77568052051447e-07
Completed 30 % :  mod = 1.6041589416333376e-11,  Error =5.822322535209423e-07
Completed 31 % :  mod = 1.7580357562343357e-11,  Error =5.868899037864139e-07
Completed 31 % :  mod = 1.9239252533370438e-11,  Error =5.915395533406809e-07
Completed 31 % :  mod = 2.1018707126285256e-11,  Error =5.961810956023328e-07
Completed 31 % :  mod = 2.291589606322443e-11,  Error =6.008098836218778e-07
Completed 32 % :  mod = 2.492331094607931e-11,  Error =6.054265355714961e-07
Completed 32 % :  mod = 2.70291734979766e-11,  Error =6.100292964106302e-07
Completed 32 % :  mod = 2.921389466265132e-11,  Error =6.146155442365853e-07
Completed 32 % :  mod = 3.145043974441766e-11,  Error =6.191842842895312e-07
Completed 33 % :  mod = 3.3703025928619405e-11,  Error =6.23733747318056e-07
Completed 33 % :  mod = 3.5926677881570284e-11,  Error =6.282626117126711e-07
Completed 33 % :  mod = 3.8067559589158665e-11,  Error =6.327693498064946e-07
Completed 33 % :  mod = 4.0064380465004994e-11,  Error =6.372543452926038e-07
Completed 34 % :  mod = 4.1850779412745994e-11,  Error =6.417172428996309e-07
Completed 34 % :  mod = 4.336070805033209e-11,  Error =6.46163051953863e-07
Completed 34 % :  mod = 4.453149830144708e-11,  Error =6.505924545763264e-07
Completed 34 % :  mod = 4.5310985174748745e-11,  Error =6.550102540359148e-07
Completed 35 % :  mod = 4.5662517817448315e-11,  Error =6.594205927967778e-07
Completed 35 % :  mod = 4.556905598935693e-11,  Error =6.638305052319993e-07
Completed 35 % :  mod = 4.5035161451660026e-11,  Error =6.682438069560703e-07
Completed 35 % :  mod = 4.4086459532378565e-11,  Error =6.726653154487394e-07
Completed 36 % :  mod = 4.276697355338096e-11,  Error =6.771005374162087e-07
Completed 36 % :  mod = 4.113328627665473e-11,  Error =6.815539919102775e-07
Completed 36 % :  mod = 3.9250457080185434e-11,  Error =6.860269365915883e-07
Completed 36 % :  mod = 3.718551018135967e-11,  Error =6.905213538743737e-07
Completed 37 % :  mod = 3.50029158884356e-11,  Error =6.950379685122243e-07
Completed 37 % :  mod = 3.276109603967485e-11,  Error =6.995749188831724e-07
Completed 37 % :  mod = 3.051028160157489e-11,  Error =7.041329013190989e-07
Completed 37 % :  mod = 2.8291589742968165e-11,  Error =7.087108073733361e-07
Completed 38 % :  mod = 2.6137461381882898e-11,  Error =7.13303229815665e-07
Completed 38 % :  mod = 2.4070693914826867e-11,  Error =7.179124139611304e-07
Completed 38 % :  mod = 2.210798844415886e-11,  Error =7.225348710448998e-07
Completed 38 % :  mod = 2.0259475011013112e-11,  Error =7.271689028698347e-07
Completed 39 % :  mod = 1.8530337301481762e-11,  Error =7.318125270217024e-07
Completed 39 % :  mod = 1.6921920649419914e-11,  Error =7.364662337749905e-07
Completed 39 % :  mod = 1.543269726396793e-11,  Error =7.411262643586269e-07
Completed 39 % :  mod = 1.4059072656866795e-11,  Error =7.457926045617569e-07
Completed 40 % :  mod = 1.2796270231709603e-11,  Error =7.504638688260457e-07
Completed 40 % :  mod = 1.1637891856316888e-11,  Error =7.551391121296547e-07
Completed 40 % :  mod = 1.0577767385580408e-11,  Error =7.598186257951056e-07
Completed 40 % :  mod = 9.609254478805202e-12,  Error =7.64501287164876e-07
Completed 41 % :  mod = 8.725705282650434e-12,  Error =7.691864070125121e-07
Completed 41 % :  mod = 7.920616736789266e-12,  Error =7.738738005969026e-07
Completed 41 % :  mod = 7.187732579831598e-12,  Error =7.785626863210382e-07
Completed 41 % :  mod = 6.521108799767111e-12,  Error =7.832536894625264e-07
Completed 42 % :  mod = 5.915263081343988e-12,  Error =7.879443515435014e-07
Completed 42 % :  mod = 5.36473825095714e-12,  Error =7.926370031441365e-07
Completed 42 % :  mod = 4.864805077594322e-12,  Error =7.973301734409688e-07
Completed 42 % :  mod = 4.410979315788468e-12,  Error =8.020242248107934e-07
Completed 43 % :  mod = 3.9991316165924566e-12,  Error =8.067188801419434e-07
Completed 43 % :  mod = 3.625470770344154e-12,  Error =8.114145799709149e-07
Completed 43 % :  mod = 3.2865243868180168e-12,  Error =8.16109832157963e-07
Completed 43 % :  mod = 2.979118275779632e-12,  Error =8.208049493418912e-07
Completed 44 % :  mod = 2.7004065207820467e-12,  Error =8.25500237056076e-07
Completed 44 % :  mod = 2.4476415206751475e-12,  Error =8.301966900603475e-07
Completed 44 % :  mod = 2.2184751504028887e-12,  Error =8.348930933266274e-07
Completed 44 % :  mod = 2.0107198900375854e-12,  Error =8.395893260626508e-07
Completed 45 % :  mod = 1.822386990273766e-12,  Error =8.442858359103411e-07
Completed 45 % :  mod = 1.6516694447584615e-12,  Error =8.489825376045701e-07
Completed 45 % :  mod = 1.4969261499659232e-12,  Error =8.536793529856368e-07
Completed 45 % :  mod = 1.3566672450571202e-12,  Error =8.583754791402498e-07
Completed 46 % :  mod = 1.2295638954797703e-12,  Error =8.630717758251194e-07
Completed 46 % :  mod = 1.1143405077648266e-12,  Error =8.677694935954605e-07
Completed 46 % :  mod = 1.009909882235632e-12,  Error =8.724662947656725e-07
Completed 46 % :  mod = 9.152626469607048e-13,  Error =8.771631669901581e-07
Completed 47 % :  mod = 8.294834610275416e-13,  Error =8.818602594828917e-07
Completed 47 % :  mod = 7.517423525139343e-13,  Error =8.865577783012668e-07
Completed 47 % :  mod = 6.812868295940383e-13,  Error =8.912546363148977e-07
Completed 47 % :  mod = 6.174347022933995e-13,  Error =8.959514943285285e-07
Completed 48 % :  mod = 5.595781596610039e-13,  Error =9.006475067963038e-07
Completed 48 % :  mod = 5.0713442874916e-13,  Error =9.053446987650204e-07
Completed 48 % :  mod = 4.596070869984141e-13,  Error =9.100413649321126e-07
Completed 48 % :  mod = 4.1653557847217264e-13,  Error =9.147382584728803e-07
Completed 49 % :  mod = 3.7750247579079413e-13,  Error =9.194358199238195e-07
Completed 49 % :  mod = 3.421294525785889e-13,  Error =9.241326353048862e-07
Completed 49 % :  mod = 3.100736299131392e-13,  Error =9.288295359510812e-07
Completed 49 % :  mod = 2.8102426267383474e-13,  Error =9.335266994980884e-07
Completed 50 % :  mod = 2.547045583035903e-13,  Error =9.382226764387269e-07
Completed 50 % :  mod = 2.308492048334695e-13,  Error =9.429198541965889e-07
Completed 50 % :  mod = 2.0923224307163818e-13,  Error =9.47616996427314e-07
Completed 50 % :  mod = 1.8964408610505837e-13,  Error =9.523141741851759e-07
Completed 51 % :  mod = 1.7189481255443634e-13,  Error =9.570109540391059e-07
Completed 51 % :  mod = 1.5581232684094341e-13,  Error =9.617076912604716e-07
Completed 51 % :  mod = 1.4124069183515333e-13,  Error =9.66404876123761e-07
Completed 51 % :  mod = 1.2803861780413446e-13,  Error =9.711019259839304e-07
Completed 52 % :  mod = 1.160802844282323e-13,  Error =9.757973202795256e-07
Completed 52 % :  mod = 1.0524512856364372e-13,  Error =9.804950167335846e-07
Completed 52 % :  mod = 9.543050609654125e-14,  Error =9.851920665937541e-07
Completed 52 % :  mod = 8.654124903795832e-14,  Error =9.89888903291103e-07
Completed 53 % :  mod = 7.849116181250534e-14,  Error =9.945858181481526e-07
Completed 53 % :  mod = 7.120218561776747e-14,  Error =9.99282569580373e-07
Completed 53 % :  mod = 6.460364162347559e-14,  Error =1.0039795910188332e-06
Completed 53 % :  mod = 5.863154570701442e-14,  Error =1.0086769819395158e-06
Completed 54 % :  mod = 5.322897736227554e-14,  Error =1.0133736623174627e-06
Completed 54 % :  mod = 4.8341466478070913e-14,  Error =1.0180707548101964e-06
Completed 54 % :  mod = 4.3922713568915694e-14,  Error =1.022767648350964e-06
Completed 54 % :  mod = 3.99298709964068e-14,  Error =1.0274641581986543e-06
Completed 55 % :  mod = 3.632422104122426e-14,  Error =1.0321611441099776e-06
Completed 55 % :  mod = 3.307080047299306e-14,  Error =1.0368581015995915e-06
Completed 55 % :  mod = 3.0138061527310526e-14,  Error =1.0415551230380515e-06
Completed 55 % :  mod = 2.7497566013890546e-14,  Error =1.0462523079013408e-06
Completed 56 % :  mod = 2.5124142536973122e-14,  Error =1.050948576164501e-06
Completed 56 % :  mod = 2.299386145027175e-14,  Error =1.0556456118138158e-06
Completed 56 % :  mod = 2.108654783612045e-14,  Error =1.0603424698274466e-06
Completed 56 % :  mod = 1.9383706830463274e-14,  Error =1.0650392283650945e-06
Completed 57 % :  mod = 1.7868826290877073e-14,  Error =1.0697370171897091e-06
Completed 57 % :  mod = 1.6527216684286805e-14,  Error =1.0744342375801352e-06
Completed 57 % :  mod = 1.53458686659028e-14,  Error =1.0791308682200906e-06
Completed 57 % :  mod = 1.431332691541069e-14,  Error =1.083827200432097e-06
Completed 58 % :  mod = 1.3419738371010287e-14,  Error =1.0885234686952572e-06
Completed 58 % :  mod = 1.2656093568722677e-14,  Error =1.093220603820555e-06
Completed 58 % :  mod = 1.2015172756633899e-14,  Error =1.097917404990767e-06
Completed 58 % :  mod = 1.1490761027672652e-14,  Error =1.1026138864167478e-06
Completed 59 % :  mod = 1.1077773250714465e-14,  Error =1.1073108012737976e-06
Completed 59 % :  mod = 1.0772204767825451e-14,  Error =1.1120078724502491e-06
Completed 59 % :  mod = 1.057109252695818e-14,  Error =1.1167044817739225e-06
Completed 59 % :  mod = 1.047248636828957e-14,  Error =1.1214020005922976e-06
Completed 60 % :  mod = 1.0475419808873733e-14,  Error =1.126097977532936e-06
Completed 60 % :  mod = 1.0579922425639146e-14,  Error =1.130795375559046e-06
Completed 60 % :  mod = 1.0787016748653364e-14,  Error =1.1354926243711816e-06
Completed 60 % :  mod = 1.1098710943004443e-14,  Error =1.1401901858221208e-06
Completed 61 % :  mod = 1.1518027462595854e-14,  Error =1.1448874417396837e-06
Completed 61 % :  mod = 1.204903233590738e-14,  Error =1.1495845129161353e-06
Completed 61 % :  mod = 1.269687462297563e-14,  Error =1.1542817830445529e-06
Completed 61 % :  mod = 1.346783635538954e-14,  Error =1.1589793444954921e-06
Completed 62 % :  mod = 1.4369206683034922e-14,  Error =1.163675506177242e-06
Completed 62 % :  mod = 1.541007352848878e-14,  Error =1.1683724849831378e-06
Completed 62 % :  mod = 1.6600369232040472e-14,  Error =1.1730702951240346e-06
Completed 62 % :  mod = 1.795163588323437e-14,  Error =1.1777668689205711e-06
Completed 63 % :  mod = 1.9476976468048187e-14,  Error =1.182463606141937e-06
Completed 63 % :  mod = 2.1191181947047804e-14,  Error =1.1871600094082169e-06
Completed 63 % :  mod = 2.3110874669583744e-14,  Error =1.191857847970823e-06
Completed 63 % :  mod = 2.525466953980056e-14,  Error =1.1965547983550096e-06
Completed 64 % :  mod = 2.764286953698512e-14,  Error =1.2012507042413745e-06
Completed 64 % :  mod = 3.029955329723131e-14,  Error =1.2059479246318006e-06
Completed 64 % :  mod = 3.3250046474419827e-14,  Error =1.2106451379167993e-06
Completed 64 % :  mod = 3.652295941404402e-14,  Error =1.2153425217320546e-06
Completed 65 % :  mod = 4.0150028909474487e-14,  Error =1.2200394152728222e-06
Completed 65 % :  mod = 4.4166425891278385e-14,  Error =1.2247367067175219e-06
Completed 65 % :  mod = 4.861109648138568e-14,  Error =1.2294336642071357e-06
Completed 65 % :  mod = 5.3527139642863115e-14,  Error =1.2341309059138439e-06
Completed 66 % :  mod = 5.896112519338399e-14,  Error =1.2388270604901663e-06
Completed 66 % :  mod = 6.496783999940684e-14,  Error =1.2435241671937547e-06
Completed 66 % :  mod = 7.160453449666109e-14,  Error =1.2482215794307194e-06
Completed 66 % :  mod = 7.893556275312406e-14,  Error =1.2529190840382398e-06
Completed 67 % :  mod = 8.703201135981577e-14,  Error =1.2576160557387084e-06
Completed 67 % :  mod = 9.597238866348306e-14,  Error =1.2623140293044344e-06
Completed 67 % :  mod = 1.0584338593757883e-13,  Error =1.267010702576954e-06
Completed 67 % :  mod = 1.1674071779657537e-13,  Error =1.271708619299261e-06
Completed 68 % :  mod = 1.287676173570441e-13,  Error =1.2764054133640457e-06
Completed 68 % :  mod = 1.4204533901937642e-13,  Error =1.2811029606041302e-06
Completed 68 % :  mod = 1.5670042399035515e-13,  Error =1.2858004581062232e-06
Completed 68 % :  mod = 1.7287497107814355e-13,  Error =1.2904969253213494e-06
Completed 69 % :  mod = 1.9072580995152594e-13,  Error =1.295194017814083e-06
Completed 69 % :  mod = 2.1042602082155012e-13,  Error =1.2998911529393808e-06
Completed 69 % :  mod = 2.3216661130232353e-13,  Error =1.3045881814832683e-06
Completed 69 % :  mod = 2.5615836667104476e-13,  Error =1.3092855226659594e-06
Completed 70 % :  mod = 2.8262853775338903e-13,  Error =1.3139822101493337e-06
Completed 70 % :  mod = 3.118439527341517e-13,  Error =1.3186790042141183e-06
Completed 70 % :  mod = 3.4408298558615205e-13,  Error =1.3233760398634331e-06
Completed 70 % :  mod = 3.7965815645583546e-13,  Error =1.328073174988731e-06
Completed 71 % :  mod = 4.189143023643604e-13,  Error =1.3327699548426608e-06
Completed 71 % :  mod = 4.622319096543642e-13,  Error =1.3374666707477445e-06
Completed 71 % :  mod = 5.100307882554684e-13,  Error =1.3421636495536404e-06
Completed 71 % :  mod = 5.62774121982368e-13,  Error =1.3468610333688957e-06
Completed 72 % :  mod = 6.209611647567221e-13,  Error =1.3515570600475257e-06
Completed 72 % :  mod = 6.85178012329975e-13,  Error =1.3562544509682084e-06
Completed 72 % :  mod = 7.56035939016179e-13,  Error =1.3609512521384204e-06
Completed 72 % :  mod = 8.342210197307511e-13,  Error =1.3656484796342738e-06
Completed 73 % :  mod = 9.204900283991205e-13,  Error =1.3703457852898282e-06
Completed 73 % :  mod = 1.0156776556976114e-12,  Error =1.3750429701531175e-06
Completed 73 % :  mod = 1.1207044409545631e-12,  Error =1.379740218965253e-06
Completed 73 % :  mod = 1.236585480898794e-12,  Error =1.3844370556626018e-06
Completed 74 % :  mod = 1.3644141303256249e-12,  Error =1.3891332173443516e-06
Completed 74 % :  mod = 1.5054731941355099e-12,  Error =1.393830068252555e-06
Completed 74 % :  mod = 1.6610989967533857e-12,  Error =1.398526471518835e-06
Completed 74 % :  mod = 1.8327897735620505e-12,  Error =1.4032227824145593e-06
Completed 75 % :  mod = 2.022195819527244e-12,  Error =1.4079195906901987e-06
Completed 75 % :  mod = 2.23113421689942e-12,  Error =1.41261580210994e-06
Completed 75 % :  mod = 2.461604744208173e-12,  Error =1.417311850104852e-06
Completed 75 % :  mod = 2.7158069721849996e-12,  Error =1.4220077488857896e-06
Completed 76 % :  mod = 2.9961585134245e-12,  Error =1.426703107654248e-06
Completed 76 % :  mod = 3.305251848187476e-12,  Error =1.4313980187807829e-06
Completed 76 % :  mod = 3.646118084463441e-12,  Error =1.4360932354406941e-06
Completed 76 % :  mod = 4.0218914300576e-12,  Error =1.4407888784262468e-06
Completed 77 % :  mod = 4.4360621746179835e-12,  Error =1.4454837113930807e-06
Completed 77 % :  mod = 4.892440591334859e-12,  Error =1.450177059325597e-06
Completed 77 % :  mod = 5.395176147007943e-12,  Error =1.454869789085933e-06
Completed 77 % :  mod = 5.948774062785793e-12,  Error =1.4595628243796455e-06
Completed 78 % :  mod = 6.558107443454887e-12,  Error =1.4642542822684845e-06
Completed 78 % :  mod = 7.228287237392031e-12,  Error =1.4689434948422786e-06
Completed 78 % :  mod = 7.965185194480533e-12,  Error =1.473632295301286e-06
Completed 78 % :  mod = 8.774641636264428e-12,  Error =1.4783191772949067e-06
Completed 79 % :  mod = 9.66292920079052e-12,  Error =1.4830038708169013e-06
Completed 79 % :  mod = 1.0636562519606007e-11,  Error =1.487686141388167e-06
Completed 79 % :  mod = 1.1702193760991728e-11,  Error =1.492365598210199e-06
Completed 79 % :  mod = 1.2866459114624054e-11,  Error =1.4970424615512457e-06
Completed 80 % :  mod = 1.4135761673243068e-11,  Error =1.5017140384543382e-06
Completed 80 % :  mod = 1.5515696677699627e-11,  Error =1.506379959437254e-06
Completed 80 % :  mod = 1.701173765251666e-11,  Error =1.511040338186831e-06
Completed 80 % :  mod = 1.8627123750324513e-11,  Error =1.5156930217585796e-06
Completed 81 % :  mod = 2.0363240001778933e-11,  Error =1.5203365322236095e-06
Completed 81 % :  mod = 2.2218546735457375e-11,  Error =1.5249711964315793e-06
Completed 81 % :  mod = 2.4187605402348692e-11,  Error =1.5295931774517157e-06
Completed 81 % :  mod = 2.625996340393626e-11,  Error =1.534201921060685e-06
Completed 82 % :  mod = 2.8418948223396388e-11,  Error =1.5387946135092534e-06
Completed 82 % :  mod = 3.0640036067255114e-11,  Error =1.5433692013289146e-06
Completed 82 % :  mod = 3.2891540989320226e-11,  Error =1.5479258195227885e-06
Completed 82 % :  mod = 3.5131388716153186e-11,  Error =1.552462343568095e-06
Completed 83 % :  mod = 3.730883836824914e-11,  Error =1.5569774873824826e-06
Completed 83 % :  mod = 3.9365046829173845e-11,  Error =1.5614708459565918e-06
Completed 83 % :  mod = 4.123528761322433e-11,  Error =1.5659427532455084e-06
Completed 83 % :  mod = 4.2852523196283706e-11,  Error =1.5703946303347038e-06
Completed 84 % :  mod = 4.4152206029365523e-11,  Error =1.5748301933626863e-06
Completed 84 % :  mod = 4.507772178094301e-11,  Error =1.5792515526413808e-06
Completed 84 % :  mod = 4.558663045562217e-11,  Error =1.5836645133049387e-06
Completed 84 % :  mod = 4.565425060771657e-11,  Error =1.5880739283602452e-06
Completed 85 % :  mod = 4.527728096255198e-11,  Error =1.5924850629289722e-06
Completed 85 % :  mod = 4.4473974314707826e-11,  Error =1.5969036368801426e-06
Completed 85 % :  mod = 4.328200790088686e-11,  Error =1.6013340200515813e-06
Completed 85 % :  mod = 4.175428761740801e-11,  Error =1.6057817759929094e-06
Completed 86 % :  mod = 3.995352598263281e-11,  Error =1.6102479989399399e-06
Completed 86 % :  mod = 3.794696334887303e-11,  Error =1.6147339891858792e-06
Completed 86 % :  mod = 3.5799680505525116e-11,  Error =1.6192427736427817e-06
Completed 86 % :  mod = 3.3572965978865574e-11,  Error =1.623772178049876e-06
Completed 87 % :  mod = 3.132016970023469e-11,  Error =1.6283233605918213e-06
Completed 87 % :  mod = 2.9085735110195993e-11,  Error =1.6328939551613075e-06
Completed 87 % :  mod = 2.6904920643306714e-11,  Error =1.6374818443409822e-06
Completed 87 % :  mod = 2.4804279723891916e-11,  Error =1.6420857420484936e-06
Completed 88 % :  mod = 2.2802606719578613e-11,  Error =1.6467037724510192e-06
Completed 88 % :  mod = 2.0912459438191523e-11,  Error =1.6513336191792405e-06
Completed 88 % :  mod = 1.913994140139527e-11,  Error =1.6559744437927293e-06
Completed 88 % :  mod = 1.748803773595069e-11,  Error =1.66062402939815e-06
Completed 89 % :  mod = 1.5956155341250052e-11,  Error =1.6652822196761008e-06
Completed 89 % :  mod = 1.4541361992035989e-11,  Error =1.66994735195658e-06
Completed 89 % :  mod = 1.3239092482874867e-11,  Error =1.6746172875059528e-06
Completed 89 % :  mod = 1.2043708776379612e-11,  Error =1.6792923176467411e-06
Completed 90 % :  mod = 1.094893280273063e-11,  Error =1.6839705452298404e-06
Completed 90 % :  mod = 9.94835673241359e-12,  Error =1.6886512881342242e-06
Completed 90 % :  mod = 9.03493006562459e-12,  Error =1.6933352782189104e-06
Completed 90 % :  mod = 8.202285073418511e-12,  Error =1.6980217125706076e-06
Completed 91 % :  mod = 7.444067264718506e-12,  Error =1.7027098877520075e-06
Completed 91 % :  mod = 6.754214374622208e-12,  Error =1.7073997611305458e-06
Completed 91 % :  mod = 6.1270034849426645e-12,  Error =1.7120907145340425e-06
Completed 91 % :  mod = 5.557075851138377e-12,  Error =1.7167827408570702e-06
Completed 92 % :  mod = 5.039445649203733e-12,  Error =1.7214753427197138e-06
Completed 92 % :  mod = 4.5695835731635165e-12,  Error =1.7261687332847941e-06
Completed 92 % :  mod = 4.1430537755201035e-12,  Error =1.7308635733570554e-06
Completed 92 % :  mod = 3.756040190130136e-12,  Error =1.735558896598377e-06
Completed 93 % :  mod = 3.404957798662625e-12,  Error =1.7402541203637156e-06
Completed 93 % :  mod = 3.086527305640707e-12,  Error =1.7449494507104646e-06
Completed 93 % :  mod = 2.797754176787692e-12,  Error =1.7496452002774276e-06
Completed 93 % :  mod = 2.5359076986755398e-12,  Error =1.7543409853715275e-06
Completed 94 % :  mod = 2.298500545153248e-12,  Error =1.7590373886378075e-06
Completed 94 % :  mod = 2.083308616509321e-12,  Error =1.7637325058217357e-06
Completed 94 % :  mod = 1.888190979587485e-12,  Error =1.7684292004105373e-06
Completed 94 % :  mod = 1.711320506268888e-12,  Error =1.7731257742070738e-06
Completed 95 % :  mod = 1.550998034716439e-12,  Error =1.7778224048470292e-06
Completed 95 % :  mod = 1.4056807993201215e-12,  Error =1.7825187583753177e-06
Completed 95 % :  mod = 1.2739685090984431e-12,  Error =1.7872153179609995e-06
Completed 95 % :  mod = 1.154590542740462e-12,  Error =1.7919122541343313e-06
Completed 96 % :  mod = 1.0463942036294665e-12,  Error =1.7966094532084753e-06
Completed 96 % :  mod = 9.483519410717687e-13,  Error =1.801305074877746e-06
Completed 96 % :  mod = 8.594779687827271e-13,  Error =1.8060015349874448e-06
Completed 96 % :  mod = 7.78932335949945e-13,  Error =1.810699373550051e-06
Completed 97 % :  mod = 7.059355070754957e-13,  Error =1.815395975768297e-06
Completed 97 % :  mod = 6.397807621788596e-13,  Error =1.8200930043121843e-06
Completed 97 % :  mod = 5.798274419856039e-13,  Error =1.8247893365241907e-06
Completed 97 % :  mod = 5.254948086145892e-13,  Error =1.829486542703762e-06
Completed 98 % :  mod = 4.762564686744265e-13,  Error =1.8341836565127778e-06
Completed 98 % :  mod = 4.3164348591987456e-13,  Error =1.8388796121371342e-06
Completed 98 % :  mod = 3.9120631195893765e-13,  Error =1.843575930138286e-06
Completed 98 % :  mod = 3.5456204703182315e-13,  Error =1.8482731576341394e-06
Completed 99 % :  mod = 3.2135549935073025e-13,  Error =1.8529704561842664e-06
Completed 99 % :  mod = 2.912647759028196e-13,  Error =1.8576672928816151e-06
Completed 99 % :  mod = 2.63998170349939e-13,  Error =1.8623643853743488e-06
Completed 99 % :  mod = 2.3929134132561244e-13,  Error =1.8670614991833645e-06
Completed 100 % :  mod = 2.169047542652586e-13,  Error =1.8717579877147728e-06
Finished 6/7 frames
Finished all frames!
