/opt/local/miniconda_23_9/lib/python3.11/site-packages/conda/base/context.py:201: FutureWarning: Adding 'defaults' to channel list implicitly is deprecated and will be removed in 25.3. 

To remove this warning, please choose a default channel explicitly with conda's regular configuration system, e.g. by adding 'defaults' to the list of channels:

  conda config --add channels defaults

For more information see https://docs.conda.io/projects/conda/en/stable/user-guide/configuration/use-condarc.html

  deprecated.topic(
JOB 14535 ARRAY_ID 0  -> i=0 ; range=[2.0015e-10, 2.1e-10] ; intervals=6 (frames=7)
Analytic t0 extension enabled (--extend-time-using-t0).
Extending simulation time for p0=2.002e-10 from 10000000000.0 to 1.000e+11
Completed 0 % :  mod = 1.6012000001100611e-16,  Error =-1.4210854715202004e-14
Completed 0 % :  mod = 1.6049365248634492e-16,  Error =1.9645597149064997e-08
Completed 0 % :  mod = 1.616163580551884e-16,  Error =3.929014269488107e-08
Completed 0 % :  mod = 1.6349326834669272e-16,  Error =5.893388532740573e-08
Completed 0 % :  mod = 1.6613329059679023e-16,  Error =7.857870798488875e-08
Completed 1 % :  mod = 1.6954869210076026e-16,  Error =9.822260693681528e-08
Completed 1 % :  mod = 1.7375522599638098e-16,  Error =1.178674295942983e-07
Completed 1 % :  mod = 1.78772849049906e-16,  Error =1.375125222580209e-07
Completed 1 % :  mod = 1.8462484494801263e-16,  Error =1.5715649936964837e-07
Completed 2 % :  mod = 1.9133825132979307e-16,  Error =1.7680102359918237e-07
Completed 2 % :  mod = 1.989449063253257e-16,  Error =1.9644527782247678e-07
Completed 2 % :  mod = 2.0748006556138967e-16,  Error =2.1609103129094365e-07
Completed 2 % :  mod = 2.1698319966697295e-16,  Error =2.357358468429993e-07
Completed 3 % :  mod = 2.2749940389243373e-16,  Error =2.5538121661838886e-07
Completed 3 % :  mod = 2.3907737363664997e-16,  Error =2.750263234929662e-07
Completed 3 % :  mod = 2.5177063632574665e-16,  Error =2.9467106799074827e-07
Completed 3 % :  mod = 2.6563947238497206e-16,  Error =3.1431675040494156e-07
Completed 4 % :  mod = 2.8074810313480783e-16,  Error =3.339643654953761e-07
Completed 4 % :  mod = 2.971663418434716e-16,  Error =3.5360896788461105e-07
Completed 4 % :  mod = 3.1497216398387544e-16,  Error =3.732559292757287e-07
Completed 4 % :  mod = 3.3424804334049995e-16,  Error =3.9290096509603245e-07
Completed 5 % :  mod = 3.5508305609837885e-16,  Error =4.125453969550108e-07
Completed 5 % :  mod = 3.7757611692875153e-16,  Error =4.321898359194165e-07
Completed 5 % :  mod = 4.018314252046946e-16,  Error =4.5183462304976274e-07
Completed 5 % :  mod = 4.2796109786531296e-16,  Error =4.714784793691251e-07
Completed 6 % :  mod = 4.560891531175697e-16,  Error =4.911236146654119e-07
Completed 6 % :  mod = 4.863458927425535e-16,  Error =5.107677623072959e-07
Completed 6 % :  mod = 5.188711838311616e-16,  Error =5.304114480964017e-07
Completed 6 % :  mod = 5.538194181454623e-16,  Error =5.500567752392271e-07
Completed 7 % :  mod = 5.913524692444653e-16,  Error =5.69701931851796e-07
Completed 7 % :  mod = 6.316438376929671e-16,  Error =5.893471595186384e-07
Completed 7 % :  mod = 6.748848073015604e-16,  Error =6.089920887575317e-07
Completed 7 % :  mod = 7.212737025837184e-16,  Error =6.286358313900564e-07
Completed 8 % :  mod = 7.710307654957132e-16,  Error =6.482824019826694e-07
Completed 8 % :  mod = 8.243864411115766e-16,  Error =6.6792809150229e-07
Completed 8 % :  mod = 8.815873544683147e-16,  Error =6.875719122945156e-07
Completed 8 % :  mod = 9.42905071080679e-16,  Error =7.072157757193054e-07
Completed 9 % :  mod = 1.0086236128211689e-15,  Error =7.268605344279422e-07
Completed 9 % :  mod = 1.0790467375747117e-15,  Error =7.465047744403819e-07
Completed 9 % :  mod = 1.1545087674981696e-15,  Error =7.661494265676083e-07
Completed 9 % :  mod = 1.2353592218140162e-15,  Error =7.857949668732545e-07
Completed 10 % :  mod = 1.3219718538619263e-15,  Error =8.054377431676585e-07
Completed 10 % :  mod = 1.4147578566236648e-15,  Error =8.250817558064227e-07
Completed 10 % :  mod = 1.514146906741977e-15,  Error =8.447248731613399e-07
Completed 10 % :  mod = 1.6205984894503547e-15,  Error =8.643674220820685e-07
Completed 11 % :  mod = 1.7346180296806558e-15,  Error =8.840124223752355e-07
Completed 11 % :  mod = 1.8567335076154887e-15,  Error =9.036564563302818e-07
Completed 11 % :  mod = 1.9875094514305503e-15,  Error =9.233005044961828e-07
Completed 11 % :  mod = 2.1275667710694624e-15,  Error =9.42946066118111e-07
Completed 12 % :  mod = 2.277554079581742e-15,  Error =9.62590767983329e-07
Completed 12 % :  mod = 2.4381647426076958e-15,  Error =9.822359388067525e-07
Completed 12 % :  mod = 2.610161254408794e-15,  Error =1.0018805696176969e-06
Completed 12 % :  mod = 2.7943401790064813e-15,  Error =1.0215253496426158e-06
Completed 13 % :  mod = 2.9915529855693356e-15,  Error =1.0411697530798847e-06
Completed 13 % :  mod = 3.2027359079788212e-15,  Error =1.0608145899482224e-06
Completed 13 % :  mod = 3.428866965196744e-15,  Error =1.080460037883313e-06
Completed 13 % :  mod = 3.6709915872172315e-15,  Error =1.100102757334298e-06
Completed 14 % :  mod = 3.9302592482594236e-15,  Error =1.119748830546996e-06
Completed 14 % :  mod = 4.207870659402072e-15,  Error =1.1393945129611893e-06
Completed 14 % :  mod = 4.505109202532491e-15,  Error =1.1590385113890989e-06
Completed 14 % :  mod = 4.823386022598386e-15,  Error =1.1786845988126515e-06
Completed 15 % :  mod = 5.164175150539942e-15,  Error =1.1983309775587259e-06
Completed 15 % :  mod = 5.5290520023434815e-15,  Error =1.21797474861296e-06
Completed 15 % :  mod = 5.919748836952046e-15,  Error =1.2376193083696307e-06
Completed 15 % :  mod = 6.33805772927201e-15,  Error =1.2572634844332242e-06
Completed 16 % :  mod = 6.785964599746999e-15,  Error =1.276909017633443e-06
Completed 16 % :  mod = 7.265543787293689e-15,  Error =1.2965542097731486e-06
Completed 16 % :  mod = 7.77901234848744e-15,  Error =1.3161970358055441e-06
Completed 16 % :  mod = 8.328807992865253e-15,  Error =1.3358423061049507e-06
Completed 17 % :  mod = 8.917476944738458e-15,  Error =1.3554879600974346e-06
Completed 17 % :  mod = 9.547740548085838e-15,  Error =1.37513328724026e-06
Completed 17 % :  mod = 1.0222591003093547e-14,  Error =1.3947806962733011e-06
Completed 17 % :  mod = 1.0945153668965762e-14,  Error =1.4144282118877527e-06
Completed 18 % :  mod = 1.1718768852079834e-14,  Error =1.4340716418814736e-06
Completed 18 % :  mod = 1.2547109324569881e-14,  Error =1.453717942467847e-06
Completed 18 % :  mod = 1.3434011233565246e-14,  Error =1.4733629143393046e-06
Completed 18 % :  mod = 1.4383574587401492e-14,  Error =1.4930072822494367e-06
Completed 19 % :  mod = 1.5400307468718245e-14,  Error =1.5126512664664915e-06
Completed 19 % :  mod = 1.648891842887585e-14,  Error =1.5322956770091878e-06
Completed 19 % :  mod = 1.765443989678871e-14,  Error =1.5519403149255595e-06
Completed 19 % :  mod = 1.890240515370036e-14,  Error =1.5715859120746245e-06
Completed 20 % :  mod = 2.0238593521539943e-14,  Error =1.5912314168531339e-06
Completed 20 % :  mod = 2.1669181848695374e-14,  Error =1.6108755716004453e-06
Completed 20 % :  mod = 2.320096166151946e-14,  Error =1.6305211332223735e-06
Completed 20 % :  mod = 2.4841026445338893e-14,  Error =1.6501667730040026e-06
Completed 21 % :  mod = 2.6596957643407924e-14,  Error =1.669812320415076e-06
Completed 21 % :  mod = 2.847709104380717e-14,  Error =1.689457995723842e-06
Completed 21 % :  mod = 3.0490132995556756e-14,  Error =1.7091024062665383e-06
Completed 21 % :  mod = 3.264538871615223e-14,  Error =1.7287453673020536e-06
Completed 22 % :  mod = 3.495308923563226e-14,  Error =1.7483912344573582e-06
Completed 22 % :  mod = 3.7423920300934665e-14,  Error =1.7680369737149704e-06
Completed 22 % :  mod = 4.006930250081766e-14,  Error =1.7876798636962121e-06
Completed 22 % :  mod = 4.290179263658882e-14,  Error =1.807325993752329e-06
Completed 23 % :  mod = 4.5934379681233684e-14,  Error =1.8269707240392563e-06
Completed 23 % :  mod = 4.918145744352048e-14,  Error =1.8466159943386629e-06
Completed 23 % :  mod = 5.265805912163443e-14,  Error =1.8662611722675138e-06
Completed 23 % :  mod = 5.6380251289096716e-14,  Error =1.8859058101838855e-06
Completed 24 % :  mod = 6.036569848575422e-14,  Error =1.9055503557297016e-06
Completed 24 % :  mod = 6.463284940781777e-14,  Error =1.9251962868338524e-06
Completed 24 % :  mod = 6.920142036561698e-14,  Error =1.944839489453898e-06
Completed 24 % :  mod = 7.409308813835312e-14,  Error =1.964484908967279e-06
Completed 25 % :  mod = 7.933049087345711e-14,  Error =1.9841295468836506e-06
Completed 25 % :  mod = 8.493782113672827e-14,  Error =2.003773104775064e-06
Completed 25 % :  mod = 9.094167605832405e-14,  Error =2.023418225860496e-06
Completed 25 % :  mod = 9.736983074736835e-14,  Error =2.043064654344562e-06
Completed 26 % :  mod = 1.0425196559345193e-13,  Error =2.0627077859103338e-06
Completed 26 % :  mod = 1.1162070909778018e-13,  Error =2.082353923071878e-06
Completed 26 % :  mod = 1.1951013179704915e-13,  Error =2.1019999678628665e-06
Completed 26 % :  mod = 1.2795663799025382e-13,  Error =2.121644243402443e-06
Completed 27 % :  mod = 1.3700024453696083e-13,  Error =2.1412885047311647e-06
Completed 27 % :  mod = 1.4668273110165043e-13,  Error =2.1609335050243317e-06
Completed 27 % :  mod = 1.570487329332349e-13,  Error =2.1805794787610466e-06
Completed 27 % :  mod = 1.681473083075408e-13,  Error =2.2002240243068627e-06
Completed 28 % :  mod = 1.8002966593734277e-13,  Error =2.219868235897593e-06
Completed 28 % :  mod = 1.9275050309184224e-13,  Error =2.2395109624540055e-06
Completed 28 % :  mod = 2.0636992542698273e-13,  Error =2.259155976958027e-06
Completed 28 % :  mod = 2.209506535021193e-13,  Error =2.278800280919313e-06
Completed 29 % :  mod = 2.3655965948486665e-13,  Error =2.2984436824913246e-06
Completed 29 % :  mod = 2.532705159883512e-13,  Error =2.3180888248930387e-06
Completed 29 % :  mod = 2.711599598300288e-13,  Error =2.337733057800051e-06
Completed 29 % :  mod = 2.9030989032561316e-13,  Error =2.3573768999085587e-06
Completed 30 % :  mod = 3.108102382789001e-13,  Error =2.377024031829933e-06
Completed 30 % :  mod = 3.3275473467231345e-13,  Error =2.3966698563526734e-06
Completed 30 % :  mod = 3.562433436862245e-13,  Error =2.416311453146136e-06
Completed 30 % :  mod = 3.8138575825430914e-13,  Error =2.4359557286857125e-06
Completed 31 % :  mod = 4.082950655259973e-13,  Error =2.4555988957786212e-06
Completed 31 % :  mod = 4.3709627762609053e-13,  Error =2.475245267419268e-06
Completed 31 % :  mod = 4.679194129278834e-13,  Error =2.49488977033252e-06
Completed 31 % :  mod = 5.009028391005069e-13,  Error =2.514534692465986e-06
Completed 32 % :  mod = 5.361980864114434e-13,  Error =2.534179330382358e-06
Completed 32 % :  mod = 5.739624046215783e-13,  Error =2.553824970163987e-06
Completed 32 % :  mod = 6.143627668358572e-13,  Error =2.5734679311995023e-06
Completed 32 % :  mod = 6.57581647234857e-13,  Error =2.593111815940574e-06
Completed 33 % :  mod = 7.038077616135099e-13,  Error =2.6127560275313044e-06
Completed 33 % :  mod = 7.532408007098314e-13,  Error =2.632399684898701e-06
Completed 33 % :  mod = 8.060982855855844e-13,  Error =2.652044351236782e-06
Completed 33 % :  mod = 8.626039797452046e-13,  Error =2.6716881151855887e-06
Completed 34 % :  mod = 9.229933726012298e-13,  Error =2.691333378379568e-06
Completed 34 % :  mod = 9.875216689592353e-13,  Error =2.710976872322135e-06
Completed 34 % :  mod = 1.056449170477484e-12,  Error =2.7306197338816673e-06
Completed 34 % :  mod = 1.1300474260112583e-12,  Error =2.750263597306457e-06
Completed 35 % :  mod = 1.2086082852275005e-12,  Error =2.7699076099452213e-06
Completed 35 % :  mod = 1.2924252686351244e-12,  Error =2.7895527168197987e-06
Completed 35 % :  mod = 1.381800106611488e-12,  Error =2.8091973405253157e-06
Completed 35 % :  mod = 1.477052548318908e-12,  Error =2.828841651592029e-06
Completed 36 % :  mod = 1.5784963429199952e-12,  Error =2.8484860266075884e-06
Completed 36 % :  mod = 1.6864455645875831e-12,  Error =2.868129769240113e-06
Completed 36 % :  mod = 1.8012244750258038e-12,  Error =2.8877752313860583e-06
Completed 36 % :  mod = 1.9231362208777794e-12,  Error =2.9074183345301208e-06
Completed 37 % :  mod = 2.0524678830353286e-12,  Error =2.92706010185384e-06
Completed 37 % :  mod = 2.189499155192495e-12,  Error =2.946702259976064e-06
Completed 37 % :  mod = 2.3344613346407667e-12,  Error =2.966343110699654e-06
Completed 37 % :  mod = 2.487539577410858e-12,  Error =2.9859849561830742e-06
Completed 38 % :  mod = 2.648878684491463e-12,  Error =3.0056255084787153e-06
Completed 38 % :  mod = 2.8185298529370203e-12,  Error =3.0252646112671755e-06
Completed 38 % :  mod = 2.9964486843952873e-12,  Error =3.0449033303625583e-06
Completed 38 % :  mod = 3.18249666545251e-12,  Error =3.0645407846918715e-06
Completed 39 % :  mod = 3.3763666277165816e-12,  Error =3.0841792693081516e-06
Completed 39 % :  mod = 3.5776165453378658e-12,  Error =3.103816851535157e-06
Completed 39 % :  mod = 3.785588645954497e-12,  Error =3.123455051934343e-06
Completed 39 % :  mod = 3.999403848123517e-12,  Error =3.1430892946104905e-06
Completed 40 % :  mod = 4.217961963517108e-12,  Error =3.162723771765741e-06
Completed 40 % :  mod = 4.439866301596462e-12,  Error =3.18235731100458e-06
Completed 40 % :  mod = 4.6634301375661225e-12,  Error =3.201987652801108e-06
Completed 40 % :  mod = 4.886693586680324e-12,  Error =3.22161906041174e-06
Completed 41 % :  mod = 5.1073703162945465e-12,  Error =3.2412478816468138e-06
Completed 41 % :  mod = 5.322890068353645e-12,  Error =3.260876255239964e-06
Completed 41 % :  mod = 5.530456835847692e-12,  Error =3.280503534597301e-06
Completed 41 % :  mod = 5.727049517924289e-12,  Error =3.3001292294443374e-06
Completed 42 % :  mod = 5.909523591498191e-12,  Error =3.319753517416757e-06
Completed 42 % :  mod = 6.074725257977282e-12,  Error =3.33937626351144e-06
Completed 42 % :  mod = 6.21955905846509e-12,  Error =3.3589988248650116e-06
Completed 42 % :  mod = 6.341137356243973e-12,  Error =3.3786181532491355e-06
Completed 43 % :  mod = 6.436919599438989e-12,  Error =3.3982369274099256e-06
Completed 43 % :  mod = 6.50480612759858e-12,  Error =3.417856007104092e-06
Completed 43 % :  mod = 6.543265557630086e-12,  Error =3.4374731399111624e-06
Completed 43 % :  mod = 6.551416798528093e-12,  Error =3.4570912816889177e-06
Completed 44 % :  mod = 6.5290687266161625e-12,  Error =3.476710162431118e-06
Completed 44 % :  mod = 6.476740879013629e-12,  Error =3.496327380503317e-06
Completed 44 % :  mod = 6.395622813438058e-12,  Error =3.515945842025303e-06
Completed 44 % :  mod = 6.287521379485128e-12,  Error =3.5355650354063073e-06
Completed 45 % :  mod = 6.15476390291806e-12,  Error =3.555185294601415e-06
Completed 45 % :  mod = 6.0000611186974016e-12,  Error =3.574806648032336e-06
Completed 45 % :  mod = 5.826412424227116e-12,  Error =3.5944299483503528e-06
Completed 45 % :  mod = 5.636965992668917e-12,  Error =3.614053575518028e-06
Completed 46 % :  mod = 5.4348735484342035e-12,  Error =3.6336802295977577e-06
Completed 46 % :  mod = 5.2232407234029645e-12,  Error =3.653306919204624e-06
Completed 46 % :  mod = 5.004977930749318e-12,  Error =3.6729341204022603e-06
Completed 46 % :  mod = 4.782794869948544e-12,  Error =3.6925639079754546e-06
Completed 47 % :  mod = 4.559132638779085e-12,  Error =3.712193375804418e-06
Completed 47 % :  mod = 4.336111921476972e-12,  Error =3.73182577817488e-06
Completed 47 % :  mod = 4.115578961253356e-12,  Error =3.7514572994723494e-06
Completed 47 % :  mod = 3.899083243317789e-12,  Error =3.771092458748626e-06
Completed 48 % :  mod = 3.687866628181286e-12,  Error =3.790727184593834e-06
Completed 48 % :  mod = 3.4829369426385978e-12,  Error =3.8103644328657538e-06
Completed 48 % :  mod = 3.28506628390832e-12,  Error =3.83000325143712e-06
Completed 48 % :  mod = 3.094795712127849e-12,  Error =3.849640563657886e-06
Completed 49 % :  mod = 2.9125105199121288e-12,  Error =3.8692800572448505e-06
Completed 49 % :  mod = 2.738441678654188e-12,  Error =3.888921540351475e-06
Completed 49 % :  mod = 2.5726712716901294e-12,  Error =3.908562604237886e-06
Completed 49 % :  mod = 2.4151970989195983e-12,  Error =3.928203483383186e-06
Completed 50 % :  mod = 2.2659304989746277e-12,  Error =3.947844156471092e-06
Completed 50 % :  mod = 2.1246976276500232e-12,  Error =3.967486890132932e-06
Completed 50 % :  mod = 1.9912906652742435e-12,  Error =3.987128515348104e-06
Completed 50 % :  mod = 1.8654614643817802e-12,  Error =4.006770538467208e-06
Completed 51 % :  mod = 1.746918752074744e-12,  Error =4.026413272129048e-06
Completed 51 % :  mod = 1.6353674561178083e-12,  Error =4.0460565955413585e-06
Completed 51 % :  mod = 1.530499738997011e-12,  Error =4.065698469446488e-06
Completed 51 % :  mod = 1.4319896613840393e-12,  Error =4.0853415512742686e-06
Completed 52 % :  mod = 1.3395232039973e-12,  Error =4.104985343644785e-06
Completed 52 % :  mod = 1.2527883475927213e-12,  Error =4.1246278570383765e-06
Completed 52 % :  mod = 1.1714686593253504e-12,  Error =4.144270668859917e-06
Completed 52 % :  mod = 1.0952663619545087e-12,  Error =4.163915555466247e-06
Completed 53 % :  mod = 1.0238926092370402e-12,  Error =4.183560200488046e-06
Completed 53 % :  mod = 9.570609794213415e-13,  Error =4.20320496630211e-06
Completed 53 % :  mod = 8.945054005486592e-13,  Error =4.222850783719423e-06
Completed 53 % :  mod = 8.359712509916729e-13,  Error =4.242494888728743e-06
Completed 54 % :  mod = 7.812093027843865e-13,  Error =4.262139697175371e-06
Completed 54 % :  mod = 7.299917960365985e-13,  Error =4.2817844274622985e-06
Completed 54 % :  mod = 6.820946979688728e-13,  Error =4.301428901953841e-06
Completed 54 % :  mod = 6.373121947260288e-13,  Error =4.3210736748733325e-06
Completed 55 % :  mod = 5.954496378833599e-13,  Error =4.340718952278166e-06
Completed 55 % :  mod = 5.563186800402807e-13,  Error =4.36036425810471e-06
Completed 55 % :  mod = 5.197469022939991e-13,  Error =4.380009713145228e-06
Completed 55 % :  mod = 4.855718545054631e-13,  Error =4.399655402664848e-06
Completed 56 % :  mod = 4.5363692944090725e-13,  Error =4.419300623226263e-06
Completed 56 % :  mod = 4.2379909287026793e-13,  Error =4.438945175877507e-06
Completed 56 % :  mod = 3.959239110481175e-13,  Error =4.45858911035657e-06
Completed 56 % :  mod = 3.698821003288827e-13,  Error =4.4782331869441805e-06
Completed 57 % :  mod = 3.4555576140636744e-13,  Error =4.497877441167475e-06
Completed 57 % :  mod = 3.2283426466183914e-13,  Error =4.517521944080727e-06
Completed 57 % :  mod = 3.0161139131776483e-13,  Error =4.537165921192354e-06
Completed 57 % :  mod = 2.817903763371261e-13,  Error =4.556811092015778e-06
Completed 58 % :  mod = 2.6328052243340756e-13,  Error =4.5764547351723195e-06
Completed 58 % :  mod = 2.459948459722692e-13,  Error =4.596100573905915e-06
Completed 58 % :  mod = 2.298541641172753e-13,  Error =4.6157461284224155e-06
Completed 58 % :  mod = 2.1478431885229038e-13,  Error =4.63539062423024e-06
Completed 59 % :  mod = 2.0071424694029152e-13,  Error =4.655036008216484e-06
Completed 59 % :  mod = 1.8757929608930645e-13,  Error =4.674681413519011e-06
Completed 59 % :  mod = 1.7531895509235034e-13,  Error =4.694324289289398e-06
Completed 59 % :  mod = 1.6387527663718875e-13,  Error =4.713969502745385e-06
Completed 60 % :  mod = 1.5319556907468037e-13,  Error =4.733614431984279e-06
Completed 60 % :  mod = 1.4323054406944247e-13,  Error =4.753257769607444e-06
Completed 60 % :  mod = 1.3393303134688105e-13,  Error =4.772901981198174e-06
Completed 60 % :  mod = 1.2526016318557834e-13,  Error =4.792547585452667e-06
Completed 61 % :  mod = 1.1717186536859194e-13,  Error =4.812193203918014e-06
Completed 61 % :  mod = 1.0962981269799758e-13,  Error =4.831837294716479e-06
Completed 61 % :  mod = 1.0259947233572929e-13,  Error =4.8514805186528065e-06
Completed 61 % :  mod = 9.604751616667755e-14,  Error =4.87112493630093e-06
Completed 62 % :  mod = 8.994369558178241e-14,  Error =4.890770348708884e-06
Completed 62 % :  mod = 8.425977396903787e-14,  Error =4.910415732695128e-06
Completed 62 % :  mod = 7.896879240065347e-14,  Error =4.930061827224108e-06
Completed 62 % :  mod = 7.404631313449637e-14,  Error =4.9497071543669335e-06
Completed 63 % :  mod = 6.946955496891781e-14,  Error =4.969350733574629e-06
Completed 63 % :  mod = 6.521680295410528e-14,  Error =4.988994973587069e-06
Completed 63 % :  mod = 6.12684092787108e-14,  Error =5.0086392562320725e-06
Completed 63 % :  mod = 5.760609541272326e-14,  Error =5.028280895658099e-06
Completed 64 % :  mod = 5.421248118455019e-14,  Error =5.047926002532677e-06
Completed 64 % :  mod = 5.107188548471619e-14,  Error =5.067571507311186e-06
Completed 64 % :  mod = 4.8169766192623566e-14,  Error =5.0872163583903784e-06
Completed 64 % :  mod = 4.549234873156355e-14,  Error =5.106861785009187e-06
Completed 65 % :  mod = 4.3027260449502974e-14,  Error =5.126507822694748e-06
Completed 65 % :  mod = 4.0763084932670975e-14,  Error =5.14615047109146e-06
Completed 65 % :  mod = 3.868907452581304e-14,  Error =5.165794640049626e-06
Completed 65 % :  mod = 3.6795645072430886e-14,  Error =5.185441217747666e-06
Completed 66 % :  mod = 3.507402593352792e-14,  Error =5.205085408022114e-06
Completed 66 % :  mod = 3.3516044364319314e-14,  Error =5.224731133068872e-06
Completed 66 % :  mod = 3.211450163087839e-14,  Error =5.244375728352679e-06
Completed 66 % :  mod = 3.0862903934280403e-14,  Error =5.264019556250332e-06
Completed 67 % :  mod = 2.9755309517123084e-14,  Error =5.28366490470944e-06
Completed 67 % :  mod = 2.878660214091425e-14,  Error =5.303310324222821e-06
Completed 67 % :  mod = 2.7952291543741698e-14,  Error =5.322954045539063e-06
Completed 67 % :  mod = 2.7248416855304443e-14,  Error =5.342599038726803e-06
Completed 68 % :  mod = 2.6671728989565717e-14,  Error =5.362244856144116e-06
Completed 68 % :  mod = 2.6219552126845343e-14,  Error =5.381889017996855e-06
Completed 68 % :  mod = 2.5889739526658592e-14,  Error =5.401534636462202e-06
Completed 68 % :  mod = 2.568077253518675e-14,  Error =5.421180119924429e-06
Completed 69 % :  mod = 2.5591677044843236e-14,  Error =5.440824622837681e-06
Completed 69 % :  mod = 2.5622030057848366e-14,  Error =5.460470354989866e-06
Completed 69 % :  mod = 2.577197096757704e-14,  Error =5.480116080036623e-06
Completed 69 % :  mod = 2.6042211675287826e-14,  Error =5.49975973740402e-06
Completed 70 % :  mod = 2.6434009885010477e-14,  Error =5.519404602694067e-06
Completed 70 % :  mod = 2.6949171249821122e-14,  Error =5.539049475089541e-06
Completed 70 % :  mod = 2.7590141630863204e-14,  Error =5.5586952925068545e-06
Completed 70 % :  mod = 2.8359894561286296e-14,  Error =5.578341934153741e-06
Completed 71 % :  mod = 2.9261983936720547e-14,  Error =5.597986962868617e-06
Completed 71 % :  mod = 3.0300692521235094e-14,  Error =5.617632425014563e-06
Completed 71 % :  mod = 3.148083491291616e-14,  Error =5.6372773045154645e-06
Completed 71 % :  mod = 3.280786296643345e-14,  Error =5.656921601371323e-06
Completed 72 % :  mod = 3.4288076639568857e-14,  Error =5.676566317447396e-06
Completed 72 % :  mod = 3.5928334256404774e-14,  Error =5.6962100813962024e-06
Completed 72 % :  mod = 3.7736215134703167e-14,  Error =5.71585405850783e-06
Completed 72 % :  mod = 3.9720301735247946e-14,  Error =5.735499186698689e-06
Completed 73 % :  mod = 4.188978467658843e-14,  Error =5.755143270391727e-06
Completed 73 % :  mod = 4.42546896462427e-14,  Error =5.774789180179596e-06
Completed 73 % :  mod = 4.6826242788501256e-14,  Error =5.794434244421609e-06
Completed 73 % :  mod = 4.961635364096053e-14,  Error =5.814078605226314e-06
Completed 74 % :  mod = 5.263791594645577e-14,  Error =5.833723463410934e-06
Completed 74 % :  mod = 5.590527150575646e-14,  Error =5.853367881059057e-06
Completed 74 % :  mod = 5.943354942760587e-14,  Error =5.873013499524404e-06
Completed 74 % :  mod = 6.323905338573254e-14,  Error =5.8926584856067166e-06
Completed 75 % :  mod = 6.7339843279901e-14,  Error =5.912302633248601e-06
Completed 75 % :  mod = 7.175490297062002e-14,  Error =5.931947377746383e-06
Completed 75 % :  mod = 7.650463029566417e-14,  Error =5.951591631969677e-06
Completed 75 % :  mod = 8.16115608335677e-14,  Error =5.971236014090664e-06
Completed 76 % :  mod = 8.709932888779565e-14,  Error =5.990881241757506e-06
Completed 76 % :  mod = 9.299328071952082e-14,  Error =6.010524415955842e-06
Completed 76 % :  mod = 9.932137074560171e-14,  Error =6.030170290216574e-06
Completed 76 % :  mod = 1.0611287183496735e-13,  Error =6.0498146794429886e-06
Completed 77 % :  mod = 1.1339913703024038e-13,  Error =6.069460297908336e-06
Completed 77 % :  mod = 1.212147054863549e-13,  Error =6.089105667683725e-06
Completed 77 % :  mod = 1.295953596576482e-13,  Error =6.108751762212705e-06
Completed 77 % :  mod = 1.3858080639510826e-13,  Error =6.128398744920105e-06
Completed 78 % :  mod = 1.482125591556079e-13,  Error =6.14804423548776e-06
Completed 78 % :  mod = 1.585350206440663e-13,  Error =6.167686819935625e-06
Completed 78 % :  mod = 1.6959704523298026e-13,  Error =6.187331074158919e-06
Completed 78 % :  mod = 1.814496753951375e-13,  Error =6.206976159717215e-06
Completed 79 % :  mod = 1.941474730457976e-13,  Error =6.226620186566834e-06
Completed 79 % :  mod = 2.077504369263624e-13,  Error =6.246266309517523e-06
Completed 79 % :  mod = 2.2232121396806515e-13,  Error =6.265910876379621e-06
Completed 79 % :  mod = 2.3792673189276206e-13,  Error =6.28555579140766e-06
Completed 80 % :  mod = 2.5464054808073835e-13,  Error =6.305200820122536e-06
Completed 80 % :  mod = 2.725394142071647e-13,  Error =6.324845521987754e-06
Completed 80 % :  mod = 2.917052729099435e-13,  Error =6.34448858960468e-06
Completed 80 % :  mod = 3.122281293348492e-13,  Error =6.3641341796483175e-06
Completed 81 % :  mod = 3.3420181646601495e-13,  Error =6.38377827755221e-06
Completed 81 % :  mod = 3.577264288315017e-13,  Error =6.403422183609564e-06
Completed 81 % :  mod = 3.829118234551298e-13,  Error =6.423068214189698e-06
Completed 81 % :  mod = 4.09872393335993e-13,  Error =6.442712248144744e-06
Completed 82 % :  mod = 4.387300202493597e-13,  Error =6.462355777614448e-06
Completed 82 % :  mod = 4.69618325949666e-13,  Error =6.482000060259452e-06
Completed 82 % :  mod = 5.026762081106984e-13,  Error =6.501645017920055e-06
Completed 82 % :  mod = 5.380513993573438e-13,  Error =6.52128835554322e-06
Completed 83 % :  mod = 5.759055989608814e-13,  Error =6.540934442966773e-06
Completed 83 % :  mod = 6.164064521982892e-13,  Error =6.560578810876905e-06
Completed 83 % :  mod = 6.597317981240912e-13,  Error =6.58022177191242e-06
Completed 83 % :  mod = 7.060758091379738e-13,  Error =6.599865784551184e-06
Completed 84 % :  mod = 7.556389919981411e-13,  Error =6.619510216410163e-06
Completed 84 % :  mod = 8.086331809125693e-13,  Error =6.639154669585423e-06
Completed 84 % :  mod = 8.652887841560407e-13,  Error =6.6587985472210676e-06
Completed 84 % :  mod = 9.258397272019793e-13,  Error =6.678442986185473e-06
Completed 85 % :  mod = 9.905417314000092e-13,  Error =6.69808712672193e-06
Completed 85 % :  mod = 1.059655593601463e-12,  Error =6.717732588867875e-06
Completed 85 % :  mod = 1.1334533426668808e-12,  Error =6.7373751733157405e-06
Completed 85 % :  mod = 1.2122273062167967e-12,  Error =6.75701844699006e-06
Completed 86 % :  mod = 1.2962714158385418e-12,  Error =6.776662566210234e-06
Completed 86 % :  mod = 1.3858877468132873e-12,  Error =6.79630611699622e-06
Completed 86 % :  mod = 1.4813963337829214e-12,  Error =6.815948601968103e-06
Completed 86 % :  mod = 1.5831110625660823e-12,  Error =6.8355921314378065e-06
Completed 87 % :  mod = 1.6913459843827373e-12,  Error =6.855233692704132e-06
Completed 87 % :  mod = 1.806425171433404e-12,  Error =6.874875808193792e-06
Completed 87 % :  mod = 1.9286512924293266e-12,  Error =6.8945189468649914e-06
Completed 87 % :  mod = 2.0583106321011908e-12,  Error =6.91415998943512e-06
Completed 88 % :  mod = 2.1956817402048305e-12,  Error =6.933803675224226e-06
Completed 88 % :  mod = 2.340994261411466e-12,  Error =6.953445875979014e-06
Completed 88 % :  mod = 2.494431136519893e-12,  Error =6.973087529615896e-06
Completed 88 % :  mod = 2.6561343322056325e-12,  Error =6.992728749821708e-06
Completed 89 % :  mod = 2.826151397013645e-12,  Error =7.012368854475426e-06
Completed 89 % :  mod = 3.0044334008580927e-12,  Error =7.032007474094826e-06
Completed 89 % :  mod = 3.1908363478475505e-12,  Error =7.051646385036747e-06
Completed 89 % :  mod = 3.3850543725943323e-12,  Error =7.071284223059138e-06
Completed 90 % :  mod = 3.586613873048256e-12,  Error =7.090919552865671e-06
Completed 90 % :  mod = 3.7948718666495045e-12,  Error =7.1105552663652816e-06
Completed 90 % :  mod = 4.0089397723650165e-12,  Error =7.130190653015234e-06
Completed 90 % :  mod = 4.2276799737160255e-12,  Error =7.14982358118732e-06
Completed 91 % :  mod = 4.449709453544346e-12,  Error =7.16945757517351e-06
Completed 91 % :  mod = 4.673328695125212e-12,  Error =7.189089487269484e-06
Completed 91 % :  mod = 4.896537529203442e-12,  Error =7.208719225104687e-06
Completed 91 % :  mod = 5.117063439925044e-12,  Error =7.2283488137259155e-06
Completed 92 % :  mod = 5.3323235721691526e-12,  Error =7.247975815971586e-06
Completed 92 % :  mod = 5.53948610534723e-12,  Error =7.267601752403152e-06
Completed 92 % :  mod = 5.735547805057582e-12,  Error =7.287227987262668e-06
Completed 92 % :  mod = 5.917351725920102e-12,  Error =7.306851287580685e-06
Completed 93 % :  mod = 6.081744560286618e-12,  Error =7.326472633906178e-06
Completed 93 % :  mod = 6.225636610911426e-12,  Error =7.346094008653381e-06
Completed 93 % :  mod = 6.346151615949332e-12,  Error =7.365712768603316e-06
Completed 93 % :  mod = 6.4407658783886e-12,  Error =7.385331755926927e-06
Completed 94 % :  mod = 6.5074019046677945e-12,  Error =7.404951567480111e-06
Completed 94 % :  mod = 6.544554796448206e-12,  Error =7.424568998715131e-06
Completed 94 % :  mod = 6.5513728060842335e-12,  Error =7.444187851035622e-06
Completed 94 % :  mod = 6.527695742020349e-12,  Error =7.4638056091203e-06
Completed 95 % :  mod = 6.474073774175238e-12,  Error =7.4834223298125835e-06
Completed 95 % :  mod = 6.3917249443190065e-12,  Error =7.5030421555766225e-06
Completed 95 % :  mod = 6.282481262120541e-12,  Error =7.52266080183972e-06
Completed 95 % :  mod = 6.148690574303466e-12,  Error =7.5422815299930335e-06
Completed 96 % :  mod = 5.993078676445121e-12,  Error =7.56190297579451e-06
Completed 96 % :  mod = 5.818654556919042e-12,  Error =7.5815263897993646e-06
Completed 96 % :  mod = 5.6285705243812225e-12,  Error =7.601150144864732e-06
Completed 96 % :  mod = 5.425977436922485e-12,  Error =7.6207757970792045e-06
Completed 97 % :  mod = 5.213967321312877e-12,  Error =7.64040394329868e-06
Completed 97 % :  mod = 4.995468220936507e-12,  Error =7.660030959755204e-06
Completed 97 % :  mod = 4.773153229261202e-12,  Error =7.679661074178057e-06
Completed 97 % :  mod = 4.549450947140341e-12,  Error =7.699291799667662e-06
Completed 98 % :  mod = 4.326496052594799e-12,  Error =7.71892480599945e-06
Completed 98 % :  mod = 4.106094885921118e-12,  Error =7.738557229686194e-06
Completed 98 % :  mod = 3.889784728372858e-12,  Error =7.758192353435334e-06
Completed 98 % :  mod = 3.678821362267567e-12,  Error =7.777826901644858e-06
Completed 99 % :  mod = 3.4741760769375896e-12,  Error =7.797463972281093e-06
Completed 99 % :  mod = 3.276612092747416e-12,  Error =7.817101305818142e-06
Completed 99 % :  mod = 3.0866853382311588e-12,  Error =7.836739442268481e-06
Completed 99 % :  mod = 2.904750481802075e-12,  Error =7.856380300097499e-06
Completed 100 % :  mod = 2.7310400796755157e-12,  Error =7.876020255537242e-06
Finished 1/7 frames
Finished all frames!
