/opt/local/miniconda_23_9/lib/python3.11/site-packages/conda/base/context.py:201: FutureWarning: Adding 'defaults' to channel list implicitly is deprecated and will be removed in 25.3. 

To remove this warning, please choose a default channel explicitly with conda's regular configuration system, e.g. by adding 'defaults' to the list of channels:

  conda config --add channels defaults

For more information see https://docs.conda.io/projects/conda/en/stable/user-guide/configuration/use-condarc.html

  deprecated.topic(
JOB 14495 ARRAY_ID 23  -> i=23 ; range=[1.9e-10, 5.0e-10] ; intervals=30 (frames=31)
Analytic t0 extension enabled (--extend-time-using-t0).
THIS SHOULD ONLY BE REACHED ONCE
Completed 0 % :  mod = 3.3599999998716596e-16,  Error =-1.4210854715202004e-14
Completed 0 % :  mod = 3.3731101849573353e-16,  Error =1.2861292475463415e-08
Completed 0 % :  mod = 3.4125430531503534e-16,  Error =2.572243573695232e-08
Completed 0 % :  mod = 3.4786063652694203e-16,  Error =3.8583415573612e-08
Completed 0 % :  mod = 3.571815589253006e-16,  Error =5.144433146142546e-08
Completed 1 % :  mod = 3.6927374668638257e-16,  Error =6.429029042465118e-08
Completed 1 % :  mod = 3.8426033712149743e-16,  Error =7.71513626318665e-08
Completed 1 % :  mod = 4.0224557277221005e-16,  Error =9.001264800190256e-08
Completed 1 % :  mod = 4.2336980912787054e-16,  Error =1.0287390495022919e-07
Completed 2 % :  mod = 4.477668430661496e-16,  Error =1.1571979996460868e-07
Completed 2 % :  mod = 4.756851241776896e-16,  Error =1.2858076559041365e-07
Completed 2 % :  mod = 5.073155007107918e-16,  Error =1.4144206517130442e-07
Completed 2 % :  mod = 5.429048055315914e-16,  Error =1.5430298816454524e-07
Completed 3 % :  mod = 5.826808421128339e-16,  Error =1.6714901818204453e-07
Completed 3 % :  mod = 6.270486544341044e-16,  Error =1.8001018986524286e-07
Completed 3 % :  mod = 6.763097542747743e-16,  Error =1.9287134023215913e-07
Completed 3 % :  mod = 7.308485676206731e-16,  Error =2.0573236270138295e-07
Completed 4 % :  mod = 7.910906908910782e-16,  Error =2.1859361254428222e-07
Completed 4 % :  mod = 8.574234917328724e-16,  Error =2.3143950755866172e-07
Completed 4 % :  mod = 9.305224777841177e-16,  Error =2.443006863472874e-07
Completed 4 % :  mod = 1.0108829614868883e-15,  Error =2.571619646118961e-07
Completed 5 % :  mod = 1.0991320562775088e-15,  Error =2.700230794516756e-07
Completed 5 % :  mod = 1.195838062843956e-15,  Error =2.828690242040466e-07
Completed 5 % :  mod = 1.301985762556339e-15,  Error =2.9573052273690337e-07
Completed 5 % :  mod = 1.418293746548129e-15,  Error =3.085915949441187e-07
Completed 6 % :  mod = 1.5456696510507617e-15,  Error =3.2145294426300097e-07
Completed 6 % :  mod = 1.6849342952442893e-15,  Error =3.3429869006340596e-07
Completed 6 % :  mod = 1.837505863435129e-15,  Error =3.4715993280087787e-07
Completed 6 % :  mod = 2.004416749716243e-15,  Error =3.6002094816467434e-07
Completed 7 % :  mod = 2.1869694744527784e-15,  Error =3.728821980075736e-07
Completed 7 % :  mod = 2.3863408174577876e-15,  Error =3.857278940699871e-07
Completed 7 % :  mod = 2.6045610488770286e-15,  Error =3.9858907996404014e-07
Completed 7 % :  mod = 2.8431064547001323e-15,  Error =4.114499816409989e-07
Completed 8 % :  mod = 3.1038385676725217e-15,  Error =4.2431099700479535e-07
Completed 8 % :  mod = 3.3887920588510067e-15,  Error =4.371720834228654e-07
Completed 8 % :  mod = 3.699804161723336e-15,  Error =4.500181773892109e-07
Completed 8 % :  mod = 4.040042020780824e-15,  Error =4.6287915012044323e-07
Completed 9 % :  mod = 4.411807096092283e-15,  Error =4.757404852284708e-07
Completed 9 % :  mod = 4.818000524822703e-15,  Error =4.886014224325663e-07
Completed 9 % :  mod = 5.261241409669395e-15,  Error =5.01447182443826e-07
Completed 9 % :  mod = 5.746043420153238e-15,  Error =5.143082972836055e-07
Completed 10 % :  mod = 6.275685745274649e-15,  Error =5.271691705388548e-07
Completed 10 % :  mod = 6.854301550128566e-15,  Error =5.400302427460701e-07
Completed 10 % :  mod = 7.485621810430635e-15,  Error =5.528760738116034e-07
Completed 10 % :  mod = 8.176075494876783e-15,  Error =5.657372597056565e-07
Completed 11 % :  mod = 8.930332702664494e-15,  Error =5.785982750694529e-07
Completed 11 % :  mod = 9.754279404946463e-15,  Error =5.914593117495315e-07
Completed 11 % :  mod = 1.0654345441233006e-14,  Error =6.04320327113328e-07
Completed 11 % :  mod = 1.1636334651190016e-14,  Error =6.171663358145452e-07
Completed 12 % :  mod = 1.2710246968273999e-14,  Error =6.300274009163331e-07
Completed 12 % :  mod = 1.388334605931424e-14,  Error =6.428885725995315e-07
Completed 12 % :  mod = 1.516478641373055e-14,  Error =6.557499361292685e-07
Completed 12 % :  mod = 1.656283111864782e-14,  Error =6.685956748242461e-07
Completed 13 % :  mod = 1.8091716974389727e-14,  Error =6.814564983415039e-07
Completed 13 % :  mod = 1.976178489521848e-14,  Error =6.943174284401721e-07
Completed 13 % :  mod = 2.1586067558155587e-14,  Error =7.071786001233704e-07
Completed 13 % :  mod = 2.3576328515827075e-14,  Error =7.200244027671943e-07
Completed 14 % :  mod = 2.5752835292180616e-14,  Error =7.328853826038539e-07
Completed 14 % :  mod = 2.8130309086884752e-14,  Error =7.457463553350863e-07
Completed 14 % :  mod = 3.0727302961683295e-14,  Error =7.586072712228997e-07
Completed 14 % :  mod = 3.356056315912606e-14,  Error =7.714531164992877e-07
Completed 15 % :  mod = 3.665894177599523e-14,  Error =7.843143450259049e-07
Completed 15 % :  mod = 4.0043395232828724e-14,  Error =7.971754385494023e-07
Completed 15 % :  mod = 4.3740334733467144e-14,  Error =8.100363544372158e-07
Completed 15 % :  mod = 4.7778610042767126e-14,  Error =8.228976469126792e-07
Completed 16 % :  mod = 5.218426126570387e-14,  Error =8.35743449556503e-07
Completed 16 % :  mod = 5.700215270949542e-14,  Error =8.486046780831202e-07
Completed 16 % :  mod = 6.226487100961667e-14,  Error =8.614658071337544e-07
Completed 16 % :  mod = 6.801348474442411e-14,  Error =8.743269077626792e-07
Completed 17 % :  mod = 7.428506287238724e-14,  Error =8.871728667259049e-07
Completed 17 % :  mod = 8.114347109353271e-14,  Error =9.000338963005561e-07
Completed 17 % :  mod = 8.8635097385179e-14,  Error =9.128949898240535e-07
Completed 17 % :  mod = 9.681840404416707e-14,  Error =9.257560407149867e-07
Completed 18 % :  mod = 1.0574615972694792e-13,  Error =9.386021133650502e-07
Completed 18 % :  mod = 1.1550927889460075e-13,  Error =9.514631926776929e-07
Completed 18 % :  mod = 1.26173796035826e-13,  Error =9.643246556834129e-07
Completed 18 % :  mod = 1.3782293366053091e-13,  Error =9.771859907914404e-07
Completed 19 % :  mod = 1.5054759792066204e-13,  Error =9.900468427304077e-07
Completed 19 % :  mod = 1.6442984163752617e-13,  Error =1.0028925672145306e-06
Completed 19 % :  mod = 1.7961103253938017e-13,  Error =1.0157534688914893e-06
Completed 19 % :  mod = 1.961938510664636e-13,  Error =1.0286144842552858e-06
Completed 20 % :  mod = 2.1430770423042825e-13,  Error =1.041475414353954e-06
Completed 20 % :  mod = 2.3406939601044216e-13,  Error =1.054321302262906e-06
Completed 20 % :  mod = 2.556801665217405e-13,  Error =1.067182445524395e-06
Completed 20 % :  mod = 2.7928618361412675e-13,  Error =1.0800433827284905e-06
Completed 21 % :  mod = 3.0507166090187876e-13,  Error =1.0929046112551077e-06
Completed 21 % :  mod = 3.3320287129851083e-13,  Error =1.1057504138989316e-06
Completed 21 % :  mod = 3.639662843786081e-13,  Error =1.118611606898412e-06
Completed 21 % :  mod = 3.975699729445243e-13,  Error =1.1314727643707556e-06
Completed 22 % :  mod = 4.3427616875107967e-13,  Error =1.1443338507888257e-06
Completed 22 % :  mod = 4.743215643926272e-13,  Error =1.1571797884357693e-06
Completed 22 % :  mod = 5.181139548159299e-13,  Error =1.1700406332693092e-06
Completed 22 % :  mod = 5.659495352609604e-13,  Error =1.1829018831122085e-06
Completed 23 % :  mod = 6.182015970334614e-13,  Error =1.1957631329551077e-06
Completed 23 % :  mod = 6.752778955149063e-13,  Error =1.2086242975328787e-06
Completed 23 % :  mod = 7.375464733788248e-13,  Error =1.2214699864898648e-06
Completed 23 % :  mod = 8.056414280269659e-13,  Error =1.2343309876428066e-06
Completed 24 % :  mod = 8.800233238226191e-13,  Error =1.2471920740608766e-06
Completed 24 % :  mod = 9.612726042628045e-13,  Error =1.2600531746898014e-06
Completed 24 % :  mod = 1.0499131794091228e-12,  Error =1.2728987215382404e-06
Completed 24 % :  mod = 1.1468476916283926e-12,  Error =1.2857595379500708e-06
Completed 25 % :  mod = 1.2527317527617338e-12,  Error =1.298620567524722e-06
Completed 25 % :  mod = 1.36839162148062e-12,  Error =1.3114816184156552e-06
Completed 25 % :  mod = 1.4945730757812046e-12,  Error =1.3243273713214876e-06
Completed 25 % :  mod = 1.6325610198952417e-12,  Error =1.3371881522061813e-06
Completed 26 % :  mod = 1.783288697908882e-12,  Error =1.3500486701900627e-06
Completed 26 % :  mod = 1.947932262771653e-12,  Error =1.3629095079181752e-06
Completed 26 % :  mod = 2.1277764387774702e-12,  Error =1.3757700401129114e-06
Completed 26 % :  mod = 2.3239807883517157e-12,  Error =1.3886154732745126e-06
Completed 27 % :  mod = 2.5385431563093387e-12,  Error =1.4014761191560865e-06
Completed 27 % :  mod = 2.7729145438394023e-12,  Error =1.414336459504284e-06
Completed 27 % :  mod = 3.028923616467021e-12,  Error =1.427196949066456e-06
Completed 27 % :  mod = 3.308220823526018e-12,  Error =1.440041799583014e-06
Completed 28 % :  mod = 3.613649846608223e-12,  Error =1.452901891241254e-06
Completed 28 % :  mod = 3.947275850377168e-12,  Error =1.4657615921009892e-06
Completed 28 % :  mod = 4.311701495962841e-12,  Error =1.478621122430468e-06
Completed 28 % :  mod = 4.709275618351581e-12,  Error =1.4914649142383496e-06
Completed 29 % :  mod = 5.144045410968735e-12,  Error =1.5043238192902209e-06
Completed 29 % :  mod = 5.618949620232389e-12,  Error =1.517182106169912e-06
Completed 29 % :  mod = 6.13769179279051e-12,  Error =1.5300396896122948e-06
Completed 29 % :  mod = 6.703613769035785e-12,  Error =1.5428816766416276e-06
Completed 30 % :  mod = 7.322474363791707e-12,  Error =1.5557381374264878e-06
Completed 30 % :  mod = 7.99845388413699e-12,  Error =1.5685939871445953e-06
Completed 30 % :  mod = 8.736820371413827e-12,  Error =1.5814485863074879e-06
Completed 30 % :  mod = 9.543326562264151e-12,  Error =1.5943018141229004e-06
Completed 31 % :  mod = 1.0423161103665903e-11,  Error =1.6071386426119716e-06
Completed 31 % :  mod = 1.1385267969368915e-11,  Error =1.6199885806145176e-06
Completed 31 % :  mod = 1.2436133972297426e-11,  Error =1.6328364935702666e-06
Completed 31 % :  mod = 1.358393303735334e-11,  Error =1.6456818059396028e-06
Completed 32 % :  mod = 1.483603195615623e-11,  Error =1.6585087720955016e-06
Completed 32 % :  mod = 1.6205135931450688e-11,  Error =1.6713473414142754e-06
Completed 32 % :  mod = 1.7700445676169143e-11,  Error =1.6841814129975319e-06
Completed 32 % :  mod = 1.9333552858206562e-11,  Error =1.6970105747304842e-06
Completed 33 % :  mod = 2.1114888136493612e-11,  Error =1.7098184201813638e-06
Completed 33 % :  mod = 2.3062460065053122e-11,  Error =1.7226338613340886e-06
Completed 33 % :  mod = 2.5189269012539855e-11,  Error =1.7354405486003088e-06
Completed 33 % :  mod = 2.7511687722820704e-11,  Error =1.7482367269394672e-06
Completed 34 % :  mod = 3.0047546745396937e-11,  Error =1.761020833157545e-06
Completed 34 % :  mod = 3.281281786543868e-11,  Error =1.77377464183337e-06
Completed 34 % :  mod = 3.5835160967543753e-11,  Error =1.7865258215010726e-06
Completed 34 % :  mod = 3.913436118126606e-11,  Error =1.7992562604263185e-06
Completed 35 % :  mod = 4.2735307631712e-11,  Error =1.8119619298317957e-06
Completed 35 % :  mod = 4.666010507243153e-11,  Error =1.8246227426743644e-06
Completed 35 % :  mod = 5.094725072625431e-11,  Error =1.837263425841229e-06
Completed 35 % :  mod = 5.562380217027143e-11,  Error =1.8498623788332225e-06
Completed 36 % :  mod = 6.072371454329195e-11,  Error =1.8624117501531146e-06
Completed 36 % :  mod = 6.627655302179732e-11,  Error =1.874888027941779e-06
Completed 36 % :  mod = 7.233446364559228e-11,  Error =1.8873102689553889e-06
Completed 36 % :  mod = 7.893258252152513e-11,  Error =1.899651145720327e-06
Completed 37 % :  mod = 8.611470490142416e-11,  Error =1.911896156059356e-06
Completed 37 % :  mod = 9.391700707934617e-11,  Error =1.9240145832100097e-06
Completed 37 % :  mod = 1.024054062583495e-10,  Error =1.9360166945148194e-06
Completed 37 % :  mod = 1.1161921108381988e-10,  Error =1.9478658543903293e-06
Completed 38 % :  mod = 1.216062560472966e-10,  Error =1.9595384941339944e-06
Completed 38 % :  mod = 1.324123046555202e-10,  Error =1.97100714416365e-06
Completed 38 % :  mod = 1.4406423291101281e-10,  Error =1.982228994279467e-06
Completed 38 % :  mod = 1.5662305311809058e-10,  Error =1.9931989712063114e-06
Completed 39 % :  mod = 1.7009614047604237e-10,  Error =2.0038698451685377e-06
Completed 39 % :  mod = 1.8448522343830707e-10,  Error =2.0142067214123927e-06
Completed 39 % :  mod = 1.997460159126567e-10,  Error =2.0241642673113347e-06
Completed 39 % :  mod = 2.158511827358425e-10,  Error =2.0337348018983903e-06
Completed 40 % :  mod = 2.326681504171015e-10,  Error =2.042878712416041e-06
Completed 40 % :  mod = 2.5001524997203144e-10,  Error =2.0515754002303765e-06
Completed 40 % :  mod = 2.6760644571973373e-10,  Error =2.059804863563386e-06
Completed 40 % :  mod = 2.851195214711645e-10,  Error =2.067588546594834e-06
Completed 41 % :  mod = 3.020580901320916e-10,  Error =2.074933306062121e-06
Completed 41 % :  mod = 3.17832341024902e-10,  Error =2.0818728145854948e-06
Completed 41 % :  mod = 3.317496072714055e-10,  Error =2.0884584444047505e-06
Completed 41 % :  mod = 3.430339012305692e-10,  Error =2.0947525101178144e-06
Completed 42 % :  mod = 3.509306102596138e-10,  Error =2.1008563066970964e-06
Completed 42 % :  mod = 3.5470080138565964e-10,  Error =2.106860861772475e-06
Completed 42 % :  mod = 3.537718379825302e-10,  Error =2.1128756344523936e-06
Completed 42 % :  mod = 3.478300908359807e-10,  Error =2.1190050958352913e-06
Completed 43 % :  mod = 3.368721975466803e-10,  Error =2.1253731077308657e-06
Completed 43 % :  mod = 3.2130006330502307e-10,  Error =2.1320708043504055e-06
Completed 43 % :  mod = 3.0189710940319675e-10,  Error =2.139179997584506e-06
Completed 43 % :  mod = 2.797907092185542e-10,  Error =2.1467502264727045e-06
Completed 44 % :  mod = 2.5621235439204927e-10,  Error =2.154832635881121e-06
Completed 44 % :  mod = 2.3249148353613722e-10,  Error =2.1634275029214223e-06
Completed 44 % :  mod = 2.0979068050170354e-10,  Error =2.1725215688661592e-06
Completed 44 % :  mod = 1.8903453880398005e-10,  Error =2.1820736577637945e-06
Completed 45 % :  mod = 1.7075475565694668e-10,  Error =2.1920663755281566e-06
Completed 45 % :  mod = 1.5523881632829104e-10,  Error =2.2024435466505565e-06
Completed 45 % :  mod = 1.424691850205201e-10,  Error =2.2131582468887245e-06
Completed 45 % :  mod = 1.322121105962845e-10,  Error =2.22416522177582e-06
Completed 46 % :  mod = 1.240938347251483e-10,  Error =2.23540900634589e-06
Completed 46 % :  mod = 1.176262816600604e-10,  Error =2.246879034828453e-06
Completed 46 % :  mod = 1.1231520491273774e-10,  Error =2.2585288519394453e-06
Completed 46 % :  mod = 1.0766131317866594e-10,  Error =2.2703310662564036e-06
Completed 47 % :  mod = 1.0321327719051044e-10,  Error =2.282248054541469e-06
Completed 47 % :  mod = 9.858311728750037e-11,  Error =2.294290567306234e-06
Completed 47 % :  mod = 9.351305837248369e-11,  Error =2.3064290601837456e-06
Completed 47 % :  mod = 8.788445071404679e-11,  Error =2.3186529674035228e-06
Completed 48 % :  mod = 8.174502382798735e-11,  Error =2.3309374057589594e-06
Completed 48 % :  mod = 7.526944601164375e-11,  Error =2.343303989960077e-06
Completed 48 % :  mod = 6.876677990450467e-11,  Error =2.355729506575699e-06
Completed 48 % :  mod = 6.259249219841013e-11,  Error =2.3682070136032962e-06
Completed 49 % :  mod = 5.7086463637968256e-11,  Error =2.3807285884913654e-06
Completed 49 % :  mod = 5.251631383858813e-11,  Error =2.393271728351465e-06
Completed 49 % :  mod = 4.90183758785963e-11,  Error =2.405859532927934e-06
Completed 49 % :  mod = 4.6623012607762835e-11,  Error =2.4184714533248552e-06
Completed 50 % :  mod = 4.5252594595862925e-11,  Error =2.431102068101154e-06
Completed 50 % :  mod = 4.476661281319767e-11,  Error =2.4437309988911693e-06
Completed 50 % :  mod = 4.500207588887111e-11,  Error =2.456383860760525e-06
Completed 50 % :  mod = 4.580674410403699e-11,  Error =2.469041582742193e-06
Completed 51 % :  mod = 4.7046209699923926e-11,  Error =2.4817006476496317e-06
Completed 51 % :  mod = 4.8594243916941946e-11,  Error =2.4943433203361565e-06
Completed 51 % :  mod = 5.032307903103976e-11,  Error =2.5069959193046998e-06
Completed 51 % :  mod = 5.208132892350583e-11,  Error =2.5196414270567402e-06
Completed 52 % :  mod = 5.371026476356899e-11,  Error =2.532276930367061e-06
Completed 52 % :  mod = 5.5073649888927555e-11,  Error =2.5448857385867996e-06
Completed 52 % :  mod = 5.6112086169219494e-11,  Error =2.5574941204808965e-06
Completed 52 % :  mod = 5.687855955840199e-11,  Error =2.5700841277398467e-06
Completed 53 % :  mod = 5.7567839964855094e-11,  Error =2.582651504212663e-06
Completed 53 % :  mod = 5.850081890917406e-11,  Error =2.595189371845663e-06
Completed 53 % :  mod = 6.007183955339351e-11,  Error =2.607676172772244e-06
Completed 53 % :  mod = 6.268410573274153e-11,  Error =2.620132512731743e-06
Completed 54 % :  mod = 6.666614334374291e-11,  Error =2.6325325706011427e-06
Completed 54 % :  mod = 7.22256762221354e-11,  Error =2.6448638053011564e-06
Completed 54 % :  mod = 7.941910613175044e-11,  Error =2.6570968074679513e-06
Completed 54 % :  mod = 8.819965800450815e-11,  Error =2.6692432797403853e-06
Completed 55 % :  mod = 9.839703179417604e-11,  Error =2.6812685476329534e-06
Completed 55 % :  mod = 1.0978264062444276e-10,  Error =2.693150662480548e-06
Completed 55 % :  mod = 1.2206696927267262e-10,  Error =2.7048532018625338e-06
Completed 55 % :  mod = 1.349610770988138e-10,  Error =2.7163807914121207e-06
Completed 56 % :  mod = 1.48081402049429e-10,  Error =2.7276971437117936e-06
Completed 56 % :  mod = 1.6101292535240474e-10,  Error =2.7387808216872145e-06
Completed 56 % :  mod = 1.7333575951436482e-10,  Error =2.7496119017200726e-06
Completed 56 % :  mod = 1.8469729907520997e-10,  Error =2.7601593899362342e-06
Completed 57 % :  mod = 1.9497790412317527e-10,  Error =2.7704301217568172e-06
Completed 57 % :  mod = 2.0430957054620498e-10,  Error =2.7803924567137983e-06
Completed 57 % :  mod = 2.131683459664808e-10,  Error =2.7900255474833102e-06
Completed 57 % :  mod = 2.2228541297380538e-10,  Error =2.7992966025180976e-06
Completed 58 % :  mod = 2.325239199287101e-10,  Error =2.8082057781375624e-06
Completed 58 % :  mod = 2.4458564461412295e-10,  Error =2.8167225067932122e-06
Completed 58 % :  mod = 2.588322270968792e-10,  Error =2.824833082115674e-06
Completed 58 % :  mod = 2.751193596830362e-10,  Error =2.8325235206239086e-06
Completed 59 % :  mod = 2.928714625745202e-10,  Error =2.839818158406615e-06
Completed 59 % :  mod = 3.1107262267630227e-10,  Error =2.8467274404420095e-06
Completed 59 % :  mod = 3.284956772143289e-10,  Error =2.8532893310284635e-06
Completed 59 % :  mod = 3.437855039510523e-10,  Error =2.859555330303465e-06
Completed 60 % :  mod = 3.555782447192774e-10,  Error =2.865618697001082e-06
Completed 60 % :  mod = 3.624185613282477e-10,  Error =2.8715727609096575e-06
Completed 60 % :  mod = 3.6294864635041736e-10,  Error =2.8775354650178997e-06
Completed 60 % :  mod = 3.5615151468805166e-10,  Error =2.8836362986339736e-06
Completed 61 % :  mod = 3.417383493972311e-10,  Error =2.889998391708559e-06
Completed 61 % :  mod = 3.2037358575223324e-10,  Error =2.896754246251021e-06
Completed 61 % :  mod = 2.938295440070517e-10,  Error =2.903985887314775e-06
Completed 61 % :  mod = 2.646296746341267e-10,  Error =2.911744608979916e-06
Completed 62 % :  mod = 2.355287641571813e-10,  Error =2.9200333244716603e-06
Completed 62 % :  mod = 2.0876553511684563e-10,  Error =2.9288543075267626e-06
Completed 62 % :  mod = 1.8586662191114604e-10,  Error =2.938161884458168e-06
Completed 62 % :  mod = 1.674217133257911e-10,  Error =2.947908392059162e-06
Completed 63 % :  mod = 1.5333032396506597e-10,  Error =2.9580296114772864e-06
Completed 63 % :  mod = 1.43059767862504e-10,  Error =2.968497106792256e-06
Completed 63 % :  mod = 1.3602368096643085e-10,  Error =2.979247348378067e-06
Completed 63 % :  mod = 1.3165778795831375e-10,  Error =2.99023297856138e-06
Completed 64 % :  mod = 1.2944747754804419e-10,  Error =3.001400067148552e-06
Completed 64 % :  mod = 1.2882992843793968e-10,  Error =3.012740243946155e-06
Completed 64 % :  mod = 1.2909454156615014e-10,  Error =3.02421204168013e-06
Completed 64 % :  mod = 1.2932027411559153e-10,  Error =3.0357930498325914e-06
Completed 65 % :  mod = 1.2846755418778199e-10,  Error =3.047465980898778e-06
Completed 65 % :  mod = 1.2561763130299932e-10,  Error =3.0592073372304185e-06
Completed 65 % :  mod = 1.202511608656512e-10,  Error =3.071040652002921e-06
Completed 65 % :  mod = 1.1248370456659796e-10,  Error =3.0829500445861413e-06
Completed 66 % :  mod = 1.0308577813331529e-10,  Error =3.0949316851547337e-06
Completed 66 % :  mod = 9.331839832725898e-11,  Error =3.106962857657436e-06
Completed 66 % :  mod = 8.456035626819092e-11,  Error =3.1190586469165282e-06
Completed 66 % :  mod = 7.80172246877129e-11,  Error =3.1311912991327517e-06
Completed 67 % :  mod = 7.439577817251658e-11,  Error =3.143347889533743e-06
Completed 67 % :  mod = 7.381606609920517e-11,  Error =3.1555020001405865e-06
Completed 67 % :  mod = 7.591358398243689e-11,  Error =3.167671351889112e-06
Completed 67 % :  mod = 8.008043789927525e-11,  Error =3.179825910137879e-06
Completed 68 % :  mod = 8.572128322905938e-11,  Error =3.1919502347932394e-06
Completed 68 % :  mod = 9.243412306899818e-11,  Error =3.2040285944390234e-06
Completed 68 % :  mod = 1.0003262993107853e-10,  Error =3.2160315726059707e-06
Completed 68 % :  mod = 1.0846379860431328e-10,  Error =3.2279745170171736e-06
Completed 69 % :  mod = 1.1753699784387336e-10,  Error =3.239831549706196e-06
Completed 69 % :  mod = 1.267570962018116e-10,  Error =3.2515919912157187e-06
Completed 69 % :  mod = 1.352573686522108e-10,  Error =3.2632335518201216e-06
Completed 69 % :  mod = 1.4202911209939447e-10,  Error =3.2747770788432717e-06
Completed 70 % :  mod = 1.4624571945687088e-10,  Error =3.286202641561431e-06
Completed 70 % :  mod = 1.477207709859477e-10,  Error =3.297502502164207e-06
Completed 70 % :  mod = 1.4714306933024912e-10,  Error =3.3086487079003746e-06
Completed 70 % :  mod = 1.4602186739058424e-10,  Error =3.319641947996388e-06
Completed 71 % :  mod = 1.4635059812232038e-10,  Error =3.3304323423521964e-06
Completed 71 % :  mod = 1.500738612427784e-10,  Error =3.340978999233357e-06
Completed 71 % :  mod = 1.5854089022301905e-10,  Error =3.3512284787207136e-06
Completed 71 % :  mod = 1.7222415801419689e-10,  Error =3.361163244619547e-06
Completed 72 % :  mod = 1.9066823748592457e-10,  Error =3.370723092643857e-06
Completed 72 % :  mod = 2.1284126658473517e-10,  Error =3.37985578369171e-06
Completed 72 % :  mod = 2.375682967759514e-10,  Error =3.3885099526287377e-06
Completed 72 % :  mod = 2.6380895128485553e-10,  Error =3.3966348098601884e-06
Completed 73 % :  mod = 2.9078146651924553e-10,  Error =3.4042304477566177e-06
Completed 73 % :  mod = 3.174485999375727e-10,  Error =3.4112947631115276e-06
Completed 73 % :  mod = 3.4219091741456355e-10,  Error =3.417867588950685e-06
Completed 73 % :  mod = 3.625477229934606e-10,  Error =3.424015361019883e-06
Completed 74 % :  mod = 3.756868365559737e-10,  Error =3.4298622111350596e-06
Completed 74 % :  mod = 3.7921655783252876e-10,  Error =3.4355451603573783e-06
Completed 74 % :  mod = 3.723681311662047e-10,  Error =3.4412253384630276e-06
Completed 74 % :  mod = 3.56526503375852e-10,  Error =3.447052201011047e-06
Completed 75 % :  mod = 3.3476121731621514e-10,  Error =3.4531656254443988e-06
Completed 75 % :  mod = 3.1080245674508565e-10,  Error =3.4596490863236795e-06
Completed 75 % :  mod = 2.8766592381837874e-10,  Error =3.4665588017901428e-06
Completed 75 % :  mod = 2.6687252959502564e-10,  Error =3.4739266254746326e-06
Completed 76 % :  mod = 2.4852303611667063e-10,  Error =3.4817539571463385e-06
Completed 76 % :  mod = 2.31942996417885e-10,  Error =3.4900526628689477e-06
Completed 76 % :  mod = 2.166908241052665e-10,  Error =3.498791528500078e-06
Completed 76 % :  mod = 2.0295299921954034e-10,  Error =3.507939020153117e-06
Completed 77 % :  mod = 1.9143732240323582e-10,  Error =3.5174479435795547e-06
Completed 77 % :  mod = 1.8274889899691827e-10,  Error =3.5273065677188242e-06
Completed 77 % :  mod = 1.76894202748336e-10,  Error =3.5374717342051554e-06
Completed 77 % :  mod = 1.7296875372057897e-10,  Error =3.547911425982875e-06
Completed 78 % :  mod = 1.6934996354986552e-10,  Error =3.55858310996382e-06
Completed 78 % :  mod = 1.6419540929197552e-10,  Error =3.569487745380684e-06
Completed 78 % :  mod = 1.5613185503424595e-10,  Error =3.5805976850156185e-06
Completed 78 % :  mod = 1.447942824891944e-10,  Error =3.5919039689247256e-06
Completed 79 % :  mod = 1.3101433699770407e-10,  Error =3.603384335804094e-06
Completed 79 % :  mod = 1.164183524106936e-10,  Error =3.615051888061771e-06
Completed 79 % :  mod = 1.0286329416010654e-10,  Error =3.6268738625722108e-06
Completed 79 % :  mod = 9.171042022034943e-11,  Error =3.638830420982231e-06
Completed 80 % :  mod = 8.345949710605567e-11,  Error =3.6509036291931807e-06
Completed 80 % :  mod = 7.774967946693057e-11,  Error =3.6630625359634905e-06
Completed 80 % :  mod = 7.364792351088021e-11,  Error =3.6753204142314644e-06
Completed 80 % :  mod = 7.017109988147765e-11,  Error =3.687646596972627e-06
Completed 81 % :  mod = 6.672281632830522e-11,  Error =3.7000261770003817e-06
Completed 81 % :  mod = 6.33604871909517e-11,  Error =3.712431436042607e-06
Completed 81 % :  mod = 6.070332041185706e-11,  Error =3.724880443201073e-06
Completed 81 % :  mod = 5.958718664713195e-11,  Error =3.737350120047722e-06
Completed 82 % :  mod = 6.056498500700748e-11,  Error =3.7498335316854536e-06
Completed 82 % :  mod = 6.353594945552544e-11,  Error =3.7623109108153585e-06
Completed 82 % :  mod = 6.766931773823695e-11,  Error =3.7748066077369913e-06
Completed 82 % :  mod = 7.161535176272144e-11,  Error =3.7873001232924253e-06
Completed 83 % :  mod = 7.400445909781434e-11,  Error =3.799786398417382e-06
Completed 83 % :  mod = 7.399951806894509e-11,  Error =3.8122645307225866e-06
Completed 83 % :  mod = 7.167903337196519e-11,  Error =3.8247195348617424e-06
Completed 83 % :  mod = 6.80355464213337e-11,  Error =3.8371772674850035e-06
Completed 84 % :  mod = 6.462736405501166e-11,  Error =3.849615453077604e-06
Completed 84 % :  mod = 6.300129879456116e-11,  Error =3.862023682188465e-06
Completed 84 % :  mod = 6.417178432850717e-11,  Error =3.874378450063887e-06
Completed 84 % :  mod = 6.835276912778996e-11,  Error =3.8867006040277374e-06
Completed 85 % :  mod = 7.499558530977462e-11,  Error =3.898965132975718e-06
Completed 85 % :  mod = 8.31279569280151e-11,  Error =3.911155658897769e-06
Completed 85 % :  mod = 9.183659369976451e-11,  Error =3.9232371236153085e-06
Completed 85 % :  mod = 1.0074214720338359e-10,  Error =3.935216419392873e-06
Completed 86 % :  mod = 1.1009572960794975e-10,  Error =3.947056249842262e-06
Completed 86 % :  mod = 1.2061226980262265e-10,  Error =3.958733813647086e-06
Completed 86 % :  mod = 1.3296560922844035e-10,  Error =3.970212361537051e-06
Completed 86 % :  mod = 1.4733260963025584e-10,  Error =3.981497442850923e-06
Completed 87 % :  mod = 1.629924466475282e-10,  Error =3.992553338605376e-06
Completed 87 % :  mod = 1.7844367425678545e-10,  Error =4.0033596917510295e-06
Completed 87 % :  mod = 1.9187287078076776e-10,  Error =4.0139002734917995e-06
Completed 87 % :  mod = 2.0191106497531286e-10,  Error =4.024153604120784e-06
Completed 88 % :  mod = 2.0838838177936575e-10,  Error =4.0341369569318886e-06
Completed 88 % :  mod = 2.1251539250773838e-10,  Error =4.043825938992995e-06
Completed 88 % :  mod = 2.1653129416760149e-10,  Error =4.053200953535452e-06
Completed 88 % :  mod = 2.2279214043106846e-10,  Error =4.0622270987000775e-06
Completed 89 % :  mod = 2.3286775676354025e-10,  Error =4.070904516595419e-06
Completed 89 % :  mod = 2.4694130952476553e-10,  Error =4.079206377127775e-06
Completed 89 % :  mod = 2.638862775098346e-10,  Error =4.087122540852306e-06
Completed 89 % :  mod = 2.8188073612360774e-10,  Error =4.094638960339125e-06
Completed 90 % :  mod = 2.9941150720272354e-10,  Error =4.101780071152916e-06
Completed 90 % :  mod = 3.1579752115927295e-10,  Error =4.108560609950018e-06
Completed 90 % :  mod = 3.3117537709980694e-10,  Error =4.115023529038808e-06
Completed 90 % :  mod = 3.455873883407454e-10,  Error =4.121231732767683e-06
Completed 91 % :  mod = 3.5791233279260186e-10,  Error =4.127257923869365e-06
Completed 91 % :  mod = 3.656048526672273e-10,  Error =4.133215945500979e-06
Completed 91 % :  mod = 3.654482836292783e-10,  Error =4.139221822185846e-06
Completed 91 % :  mod = 3.551565775901014e-10,  Error =4.145418685652658e-06
Completed 92 % :  mod = 3.346544760004923e-10,  Error =4.1519440756587755e-06
Completed 92 % :  mod = 3.062689221211505e-10,  Error =4.158929989728222e-06
Completed 92 % :  mod = 2.7412402202031896e-10,  Error =4.16643724321375e-06
Completed 92 % :  mod = 2.4261421775607824e-10,  Error =4.174485567887132e-06
Completed 93 % :  mod = 2.1499835516761936e-10,  Error =4.183052610073901e-06
Completed 93 % :  mod = 1.925005177804959e-10,  Error =4.19212959457127e-06
Completed 93 % :  mod = 1.7473268903074064e-10,  Error =4.201664445702136e-06
Completed 93 % :  mod = 1.605055861511805e-10,  Error =4.211604334614094e-06
Completed 94 % :  mod = 1.488975172369902e-10,  Error =4.221877084376047e-06
Completed 94 % :  mod = 1.3971755238788344e-10,  Error =4.232447835761377e-06
Completed 94 % :  mod = 1.3346323278759245e-10,  Error =4.243252107016815e-06
Completed 94 % :  mod = 1.3074531657159943e-10,  Error =4.254248167967489e-06
Completed 95 % :  mod = 1.3170433912518378e-10,  Error =4.265403809711188e-06
Completed 95 % :  mod = 1.355444764768579e-10,  Error =4.276677479708724e-06
Completed 95 % :  mod = 1.4042984221085392e-10,  Error =4.288068794267019e-06
Completed 95 % :  mod = 1.4383697618880336e-10,  Error =4.299540947272362e-06
Completed 96 % :  mod = 1.434310304012487e-10,  Error =4.311082889785212e-06
Completed 96 % :  mod = 1.3801883586576847e-10,  Error =4.322683942348249e-06
Completed 96 % :  mod = 1.280159517330171e-10,  Error =4.334380221848733e-06
Completed 96 % :  mod = 1.1529647999826462e-10,  Error =4.34615788691417e-06
Completed 97 % :  mod = 1.0247696223181544e-10,  Error =4.35800371434425e-06
Completed 97 % :  mod = 9.206625350943733e-11,  Error =4.369885324706502e-06
Completed 97 % :  mod = 8.567090434041318e-11,  Error =4.381815045917392e-06
Completed 97 % :  mod = 8.392748340467797e-11,  Error =4.393767127908177e-06
Completed 98 % :  mod = 8.528191312578698e-11,  Error =4.405730045675682e-06
Completed 98 % :  mod = 8.913693219527628e-11,  Error =4.417684948521128e-06
Completed 98 % :  mod = 9.405573448405262e-11,  Error =4.429594589794306e-06
Completed 98 % :  mod = 9.96057558163907e-11,  Error =4.4414634174927414e-06
Completed 99 % :  mod = 1.061538072671546e-10,  Error =4.453254369707338e-06
Completed 99 % :  mod = 1.1455159701249895e-10,  Error =4.464946833593331e-06
Completed 99 % :  mod = 1.2552968778208108e-10,  Error =4.476509367634662e-06
Completed 99 % :  mod = 1.391088100709256e-10,  Error =4.4879537028919e-06
Completed 100 % :  mod = 1.540730448617443e-10,  Error =4.4992499326212965e-06
Finished 24/31 frames
Finished all frames!
