/opt/local/miniconda_23_9/lib/python3.11/site-packages/conda/base/context.py:201: FutureWarning: Adding 'defaults' to channel list implicitly is deprecated and will be removed in 25.3. 

To remove this warning, please choose a default channel explicitly with conda's regular configuration system, e.g. by adding 'defaults' to the list of channels:

  conda config --add channels defaults

For more information see https://docs.conda.io/projects/conda/en/stable/user-guide/configuration/use-condarc.html

  deprecated.topic(
JOB 14508 ARRAY_ID 5  -> i=5 ; range=[1.95e-10, 2.05e-10] ; intervals=20 (frames=21)
Analytic t0 extension enabled (--extend-time-using-t0).
Completed 0 % :  mod = 1.579047618371257e-16,  Error =-1.4210854715202004e-14
Completed 0 % :  mod = 1.5784045764348644e-16,  Error =1.8584813687994028e-09
Completed 0 % :  mod = 1.5764759820892301e-16,  Error =3.7167140476412897e-09
Completed 0 % :  mod = 1.5732634095624575e-16,  Error =5.574740669089806e-09
Completed 0 % :  mod = 1.568769474296246e-16,  Error =7.432710447119462e-09
Completed 1 % :  mod = 1.5630004070285593e-16,  Error =9.289706781601126e-09
Completed 1 % :  mod = 1.5559562620431253e-16,  Error =1.1148131306981668e-08
Completed 1 % :  mod = 1.547644872740345e-16,  Error =1.3006122401293396e-08
Completed 1 % :  mod = 1.5380729677175134e-16,  Error =1.4864191655306058e-08
Completed 2 % :  mod = 1.527252950547916e-16,  Error =1.6721976692224416e-08
Completed 2 % :  mod = 1.5151849613352688e-16,  Error =1.8579946470254072e-08
Completed 2 % :  mod = 1.5018829018837416e-16,  Error =2.0438243097942177e-08
Completed 2 % :  mod = 1.4873576092933347e-16,  Error =2.2296262613963336e-08
Completed 3 % :  mod = 1.471627493502556e-16,  Error =2.4153472111265728e-08
Completed 3 % :  mod = 1.4546927049548798e-16,  Error =2.601124293732937e-08
Completed 3 % :  mod = 1.4365731197664497e-16,  Error =2.7869802465829707e-08
Completed 3 % :  mod = 1.4172835201718e-16,  Error =2.9727971195825376e-08
Completed 4 % :  mod = 1.396839564699926e-16,  Error =3.158632466693234e-08
Completed 4 % :  mod = 1.3752668235715139e-16,  Error =3.3443534164234734e-08
Completed 4 % :  mod = 1.352565579578935e-16,  Error =3.5301695788803045e-08
Completed 4 % :  mod = 1.328762674733067e-16,  Error =3.716014163046566e-08
Completed 5 % :  mod = 1.3038775534651716e-16,  Error =3.90183316767434e-08
Completed 5 % :  mod = 1.2779411337185943e-16,  Error =4.087585381284953e-08
Completed 5 % :  mod = 1.2509536346961975e-16,  Error =4.273433518164893e-08
Completed 5 % :  mod = 1.2229472859395858e-16,  Error =4.459243996279838e-08
Completed 6 % :  mod = 1.1939449657135386e-16,  Error =4.6450438162537466e-08
Completed 6 % :  mod = 1.1639823492838997e-16,  Error =4.830772581954079e-08
Completed 6 % :  mod = 1.1330598972868726e-16,  Error =5.01663066643232e-08
Completed 6 % :  mod = 1.1012146855084756e-16,  Error =5.202433328577172e-08
Completed 7 % :  mod = 1.0684724894135838e-16,  Error =5.3882267536664585e-08
Completed 7 % :  mod = 1.0348737167751204e-16,  Error =5.5739775461916e-08
Completed 7 % :  mod = 1.0004188344331435e-16,  Error =5.759811472216825e-08
Completed 7 % :  mod = 9.651490680354071e-17,  Error =5.945665293438651e-08
Completed 8 % :  mod = 9.290932458602344e-17,  Error =6.13149850892114e-08
Completed 8 % :  mod = 8.922807715934622e-17,  Error =6.317301171065992e-08
Completed 8 % :  mod = 8.547566650569166e-17,  Error =6.50304414762104e-08
Completed 8 % :  mod = 8.165215368132873e-17,  Error =6.688829756740233e-08
Completed 9 % :  mod = 7.776214344563115e-17,  Error =6.874663682765458e-08
Completed 9 % :  mod = 7.380878844240729e-17,  Error =7.060463502739367e-08
Completed 9 % :  mod = 6.979694556602133e-17,  Error =7.246195821153378e-08
Completed 9 % :  mod = 6.572666232765972e-17,  Error =7.432041826405111e-08
Completed 10 % :  mod = 6.160283682562089e-17,  Error =7.617877884058544e-08
Completed 10 % :  mod = 5.742884524927377e-17,  Error =7.803704704656411e-08
Completed 10 % :  mod = 5.3209783496480783e-17,  Error =7.9894107329892e-08
Completed 10 % :  mod = 4.8945691530405266e-17,  Error =8.175261001497347e-08
Completed 11 % :  mod = 4.4641741452923575e-17,  Error =8.361075742868707e-08
Completed 11 % :  mod = 4.0301435133158954e-17,  Error =8.546849272761392e-08
Completed 11 % :  mod = 3.5930053395539517e-17,  Error =8.73256382760701e-08
Completed 11 % :  mod = 3.15276693421519e-17,  Error =8.918377147892897e-08
Completed 12 % :  mod = 2.709960970594821e-17,  Error =9.104197573606143e-08
Completed 12 % :  mod = 2.264946879348515e-17,  Error =9.289976077297979e-08
Completed 12 % :  mod = 1.8180888112313114e-17,  Error =9.475807871694997e-08
Completed 12 % :  mod = 1.3699303945116593e-17,  Error =9.661536637395329e-08
Completed 13 % :  mod = 9.204754755794068e-18,  Error =9.847322246514523e-08
Completed 13 % :  mod = 4.702718703048538e-18,  Error =1.003316256742437e-07
Completed 13 % :  mod = 1.968545101269009e-19,  Error =1.021896380848375e-07
Completed 13 % :  mod = 4.307375484097061e-18,  Error =1.0404749417602943e-07
Completed 14 % :  mod = 8.809893731440922e-18,  Error =1.0590533605636665e-07
Completed 14 % :  mod = 1.3305236083573308e-17,  Error =1.0776341952123403e-07
Completed 14 % :  mod = 1.778975410530619e-17,  Error =1.0962139640469104e-07
Completed 14 % :  mod = 2.2257983751705773e-17,  Error =1.1147862011284815e-07
Completed 15 % :  mod = 2.6709880096525036e-17,  Error =1.1333702332194662e-07
Completed 15 % :  mod = 3.114003327516031e-17,  Error =1.1519546916360923e-07
Completed 15 % :  mod = 3.5544813257192186e-17,  Error =1.1705330393851909e-07
Completed 15 % :  mod = 3.9918894395343113e-17,  Error =1.189109468668903e-07
Completed 16 % :  mod = 4.426223450340185e-17,  Error =1.2076853295184264e-07
Completed 16 % :  mod = 4.856951320736724e-17,  Error =1.226264672027355e-07
Completed 16 % :  mod = 5.283723396309124e-17,  Error =1.2448433750478216e-07
Completed 16 % :  mod = 5.706193072871088e-17,  Error =1.2634258439447876e-07
Completed 17 % :  mod = 6.123847617350047e-17,  Error =1.2820024863913204e-07
Completed 17 % :  mod = 6.536683121317607e-17,  Error =1.3005810473032398e-07
Completed 17 % :  mod = 6.944195707703629e-17,  Error =1.319161455626272e-07
Completed 17 % :  mod = 7.346051443694828e-17,  Error =1.3377466956399076e-07
Completed 18 % :  mod = 7.741766800864135e-17,  Error =1.3563221301637896e-07
Completed 18 % :  mod = 8.131337684667518e-17,  Error =1.3749068017432364e-07
Completed 18 % :  mod = 8.5142848421677e-17,  Error =1.3934910469970418e-07
Completed 18 % :  mod = 8.890297703233819e-17,  Error =1.4120701763431498e-07
Completed 19 % :  mod = 9.2589241929816e-17,  Error =1.4306372975170234e-07
Completed 19 % :  mod = 9.620157885251659e-17,  Error =1.4492177058400557e-07
Completed 19 % :  mod = 9.973556502080101e-17,  Error =1.4678030879622384e-07
Completed 19 % :  mod = 1.0318832763640185e-16,  Error =1.4863842068280064e-07
Completed 20 % :  mod = 1.0655703541517872e-16,  Error =1.5049642598796709e-07
Completed 20 % :  mod = 1.0983766221059637e-16,  Error =1.5235395522950057e-07
Completed 20 % :  mod = 1.1303017090292482e-16,  Error =1.5421203869436795e-07
Completed 20 % :  mod = 1.161306096367876e-16,  Error =1.5606966741188444e-07
Completed 21 % :  mod = 1.1913647076245896e-16,  Error =1.5792791430158104e-07
Completed 21 % :  mod = 1.22044160025081e-16,  Error =1.597856638113626e-07
Completed 21 % :  mod = 1.2485362298582964e-16,  Error =1.616437117490932e-07
Completed 21 % :  mod = 1.2756140507997293e-16,  Error =1.6350174547596907e-07
Completed 22 % :  mod = 1.3016529830396203e-16,  Error =1.6535980051912702e-07
Completed 22 % :  mod = 1.3266218356650215e-16,  Error =1.672177489808746e-07
Completed 22 % :  mod = 1.3505205011424532e-16,  Error =1.690760811356995e-07
Completed 22 % :  mod = 1.3733192619744338e-16,  Error =1.7093395143774615e-07
Completed 23 % :  mod = 1.394999368561416e-16,  Error =1.727917720018013e-07
Completed 23 % :  mod = 1.4155353794126972e-16,  Error =1.7464938650846307e-07
Completed 23 % :  mod = 1.4349269817506082e-16,  Error =1.7650785366640775e-07
Completed 23 % :  mod = 1.4531497711621392e-16,  Error =1.7836606502896757e-07
Completed 24 % :  mod = 1.4701891127543028e-16,  Error =1.8022416981011702e-07
Completed 24 % :  mod = 1.486031088179317e-16,  Error =1.8208229590754854e-07
Completed 24 % :  mod = 1.5006569990194348e-16,  Error =1.8393971856767166e-07
Completed 24 % :  mod = 1.5140668943885053e-16,  Error =1.8579771676741075e-07
Completed 25 % :  mod = 1.5262436831841095e-16,  Error =1.876557860214234e-07
Completed 25 % :  mod = 1.537177256742174e-16,  Error =1.895139689622738e-07
Completed 25 % :  mod = 1.5468553329815662e-16,  Error =1.913711429324394e-07
Completed 25 % :  mod = 1.5552777138959268e-16,  Error =1.9322941113841807e-07
Completed 26 % :  mod = 1.562433216520362e-16,  Error =1.9508756565755903e-07
Completed 26 % :  mod = 1.5683162940918768e-16,  Error =1.9694594044494806e-07
Completed 26 % :  mod = 1.5729204723712144e-16,  Error =1.9880354784618248e-07
Completed 26 % :  mod = 1.5762455223327425e-16,  Error =2.006618942118621e-07
Completed 27 % :  mod = 1.5782869017209226e-16,  Error =2.025199208333106e-07
Completed 27 % :  mod = 1.5790428372673164e-16,  Error =2.0437808956330628e-07
Completed 27 % :  mod = 1.5785130518664188e-16,  Error =2.062352422171898e-07
Completed 27 % :  mod = 1.5766977967743408e-16,  Error =2.0809326883863832e-07
Completed 28 % :  mod = 1.573598397548014e-16,  Error =2.0995201310824996e-07
Completed 28 % :  mod = 1.5692172333656754e-16,  Error =2.118102528925192e-07
Completed 28 % :  mod = 1.5635581320056095e-16,  Error =2.136684003062328e-07
Completed 28 % :  mod = 1.5566285949619963e-16,  Error =2.1552553874926161e-07
Completed 29 % :  mod = 1.548428599487369e-16,  Error =2.1738354405442806e-07
Completed 29 % :  mod = 1.538967579059626e-16,  Error =2.1924161330844072e-07
Completed 29 % :  mod = 1.5282531127211297e-16,  Error =2.2109972519501753e-07
Completed 29 % :  mod = 1.5162988711824662e-16,  Error =2.2295731127996987e-07
Completed 30 % :  mod = 1.5031052416675598e-16,  Error =2.2481542316654668e-07
Completed 30 % :  mod = 1.4886873652005354e-16,  Error =2.266735492639782e-07
Completed 30 % :  mod = 1.4730568983071874e-16,  Error =2.2853144088230692e-07
Completed 30 % :  mod = 1.4562338153313576e-16,  Error =2.3038899144012248e-07
Completed 31 % :  mod = 1.4382181534961734e-16,  Error =2.3224689726930592e-07
Completed 31 % :  mod = 1.419031019865928e-16,  Error =2.34104795993062e-07
Completed 31 % :  mod = 1.398688282866697e-16,  Error =2.359633768378444e-07
Completed 31 % :  mod = 1.377215174609091e-16,  Error =2.3782094160651468e-07
Completed 32 % :  mod = 1.3546118832766992e-16,  Error =2.396789469116811e-07
Completed 32 % :  mod = 1.3309054473357945e-16,  Error =2.4153727196107866e-07
Completed 32 % :  mod = 1.3061149782774419e-16,  Error =2.433951280522706e-07
Completed 32 % :  mod = 1.2802606339761815e-16,  Error =2.4525343178538606e-07
Completed 33 % :  mod = 1.2533746946384304e-16,  Error =2.4711097523777426e-07
Completed 33 % :  mod = 1.2254572864092319e-16,  Error =2.4896918660033407e-07
Completed 33 % :  mod = 1.1965417110630595e-16,  Error =2.508276608637061e-07
Completed 33 % :  mod = 1.1666517381518028e-16,  Error =2.5268563774716313e-07
Completed 34 % :  mod = 1.1358240660603257e-16,  Error =2.545432167266881e-07
Completed 34 % :  mod = 1.1040590644349644e-16,  Error =2.5640090228762347e-07
Completed 34 % :  mod = 1.071394991930013e-16,  Error =2.582596962952266e-07
Completed 34 % :  mod = 1.0378582268182181e-16,  Error =2.601180639771883e-07
Completed 35 % :  mod = 1.0034900686766007e-16,  Error =2.6197577795983307e-07
Completed 35 % :  mod = 9.682911218639959e-17,  Error =2.638338045812816e-07
Completed 35 % :  mod = 9.323034402427459e-17,  Error =2.656922504229442e-07
Completed 35 % :  mod = 8.955563949284509e-17,  Error =2.675503836258031e-07
Completed 36 % :  mod = 8.580800746158925e-17,  Error =2.6940829656041387e-07
Completed 36 % :  mod = 8.199202146381267e-17,  Error =2.7126601054305866e-07
Completed 36 % :  mod = 7.810773624853214e-17,  Error =2.73124371119593e-07
Completed 36 % :  mod = 7.415984673780815e-17,  Error =2.7498240484646885e-07
Completed 37 % :  mod = 7.015154786505789e-17,  Error =2.768406588415928e-07
Completed 37 % :  mod = 6.608775344501145e-17,  Error =2.7869779017919427e-07
Completed 37 % :  mod = 6.196852572300992e-17,  Error =2.8055556811068527e-07
Completed 37 % :  mod = 5.779881759806733e-17,  Error =2.8241383631666395e-07
Completed 38 % :  mod = 5.3582034727861924e-17,  Error =2.842721755769162e-07
Completed 38 % :  mod = 4.9323340373777257e-17,  Error =2.8612966218588554e-07
Completed 38 % :  mod = 4.5022762659954156e-17,  Error =2.8798827855780473e-07
Completed 38 % :  mod = 4.0685514943902026e-17,  Error =2.8984687361344186e-07
Completed 39 % :  mod = 3.631514241832869e-17,  Error =2.9170455206894985e-07
Completed 39 % :  mod = 3.191694937891215e-17,  Error =2.935621381539022e-07
Completed 39 % :  mod = 2.7491002672185652e-17,  Error =2.9542019319706014e-07
Completed 39 % :  mod = 2.304267726607078e-17,  Error =2.972786532495775e-07
Completed 40 % :  mod = 1.8575570310557585e-17,  Error =2.991364240756411e-07
Completed 40 % :  mod = 1.4093336082797173e-17,  Error =3.0099463543820093e-07
Completed 40 % :  mod = 9.601439196410012e-18,  Error =3.028522215231533e-07
Completed 40 % :  mod = 5.099908447621175e-18,  Error =3.047109515819102e-07
Completed 41 % :  mod = 5.942282506870423e-19,  Error =3.065687934622474e-07
Completed 41 % :  mod = 3.911925145256259e-18,  Error =3.0842639375805447e-07
Completed 41 % :  mod = 8.413100671670792e-18,  Error =3.1028435643065677e-07
Completed 41 % :  mod = 1.2909226467240843e-17,  Error =3.1214257489864394e-07
Completed 42 % :  mod = 1.7394829698238606e-17,  Error =3.1400085021005e-07
Completed 42 % :  mod = 2.1866278473088304e-17,  Error =3.158593600005588e-07
Completed 42 % :  mod = 2.631813402756361e-17,  Error =3.1771679687153664e-07
Completed 42 % :  mod = 3.075033473670889e-17,  Error =3.195748519146946e-07
Completed 43 % :  mod = 3.5157505425807414e-17,  Error =3.214331627532374e-07
Completed 43 % :  mod = 3.9536036847352665e-17,  Error =3.2329089805216427e-07
Completed 43 % :  mod = 4.3880623619992095e-17,  Error =3.251484343991251e-07
Completed 43 % :  mod = 4.819123451765758e-17,  Error =3.2700694418963394e-07
Completed 44 % :  mod = 5.24625900600895e-17,  Error =3.288648784405268e-07
Completed 44 % :  mod = 5.669120724822234e-17,  Error =3.307231253302234e-07
Completed 44 % :  mod = 6.087366501813894e-17,  Error =3.3258137221992e-07
Completed 44 % :  mod = 6.500489130511828e-17,  Error =3.3443843960867525e-07
Completed 45 % :  mod = 6.908483063636053e-17,  Error =3.3629668649837186e-07
Completed 45 % :  mod = 7.310851837722673e-17,  Error =3.3815489786093167e-07
Completed 45 % :  mod = 7.707265516274733e-17,  Error =3.4001262605443117e-07
Completed 45 % :  mod = 8.097245957878906e-17,  Error =3.4186993502771656e-07
Completed 46 % :  mod = 8.480790903298144e-17,  Error =3.437279900708745e-07
Completed 46 % :  mod = 8.85742771704007e-17,  Error =3.455859030054853e-07
Completed 46 % :  mod = 9.226849732232337e-17,  Error =3.474439367323612e-07
Completed 46 % :  mod = 9.588614944914629e-17,  Error =3.4930151571188617e-07
Completed 47 % :  mod = 9.942716406769799e-17,  Error =3.5115978391786484e-07
Completed 47 % :  mod = 1.0288719051814918e-16,  Error =3.530177181687577e-07
Completed 47 % :  mod = 1.0626343551496884e-16,  Error =3.548758513716166e-07
Completed 47 % :  mod = 1.0955182209171285e-16,  Error =3.567331958720388e-07
Completed 48 % :  mod = 1.1275231204297667e-16,  Error =3.585909666981024e-07
Completed 48 % :  mod = 1.1586098468775317e-16,  Error =3.604496043863037e-07
Completed 48 % :  mod = 1.1887528274547984e-16,  Error =3.6230763811317956e-07
Completed 48 % :  mod = 1.2179275538339927e-16,  Error =3.641662971176629e-07
Completed 49 % :  mod = 1.246099387309976e-16,  Error =3.6602376241035017e-07
Completed 49 % :  mod = 1.2732677095652405e-16,  Error =3.6788204482718356e-07
Completed 49 % :  mod = 1.2993989644672743e-16,  Error =3.6974016381918773e-07
Completed 49 % :  mod = 1.3244720697672028e-16,  Error =3.7159836097089283e-07
Completed 50 % :  mod = 1.348456930049402e-16,  Error =3.734555704681952e-07
Completed 50 % :  mod = 1.371353328178961e-16,  Error =3.753136326167805e-07
Completed 50 % :  mod = 1.3931329652731487e-16,  Error =3.7717172318707526e-07
Completed 50 % :  mod = 1.413777823270272e-16,  Error =3.790298279682247e-07
Completed 51 % :  mod = 1.4332636068417647e-16,  Error =3.8088722931206576e-07
Completed 51 % :  mod = 1.4515902446432987e-16,  Error =3.8274520619552277e-07
Completed 51 % :  mod = 1.4687344851448432e-16,  Error =3.846035525612024e-07
Completed 51 % :  mod = 1.4846824699692106e-16,  Error =3.8646196998115556e-07
Completed 52 % :  mod = 1.499421384020761e-16,  Error =3.883198900211937e-07
Completed 52 % :  mod = 1.5129337670677267e-16,  Error =3.9017741215729984e-07
Completed 52 % :  mod = 1.5252195917097503e-16,  Error =3.920355169384493e-07
Completed 52 % :  mod = 1.536263327630831e-16,  Error =3.9389390593669305e-07
Completed 53 % :  mod = 1.5460556912795566e-16,  Error =3.957522096698085e-07
Completed 53 % :  mod = 1.5545857013163074e-16,  Error =3.976100018121542e-07
Completed 53 % :  mod = 1.5618533825565019e-16,  Error =3.994679218521924e-07
Completed 53 % :  mod = 1.5678488362331472e-16,  Error =4.013258987356494e-07
Completed 54 % :  mod = 1.572567351035667e-16,  Error =4.031841598362007e-07
Completed 54 % :  mod = 1.5760040843385626e-16,  Error =4.050411348544003e-07
Completed 54 % :  mod = 1.578158687692001e-16,  Error =4.0689918989755824e-07
Completed 54 % :  mod = 1.5790279707637573e-16,  Error =4.0875753626323785e-07
Completed 55 % :  mod = 1.5786113059305415e-16,  Error =4.106150086613525e-07
Completed 55 % :  mod = 1.5769096971828222e-16,  Error =4.12472836330835e-07
Completed 55 % :  mod = 1.5739233781991224e-16,  Error =4.1433069952745427e-07
Completed 55 % :  mod = 1.5696552627231498e-16,  Error =4.1618886825744994e-07
Completed 56 % :  mod = 1.5641085648685722e-16,  Error =4.1804710093629183e-07
Completed 56 % :  mod = 1.5572880398899358e-16,  Error =4.1990519150658656e-07
Completed 56 % :  mod = 1.5492027350751906e-16,  Error =4.217627775915389e-07
Completed 56 % :  mod = 1.5398525299661597e-16,  Error =4.236208610564063e-07
Completed 57 % :  mod = 1.5292482518400737e-16,  Error =4.2547906531353874e-07
Completed 57 % :  mod = 1.517398513198073e-16,  Error =4.2733726246524384e-07
Completed 57 % :  mod = 1.5043182648127413e-16,  Error =4.2919438669741794e-07
Completed 57 % :  mod = 1.4900078742624635e-16,  Error =4.3105289648792677e-07
Completed 58 % :  mod = 1.4744839870061036e-16,  Error =4.3291121443189695e-07
Completed 58 % :  mod = 1.457759041255135e-16,  Error =4.347692055262087e-07
Completed 58 % :  mod = 1.4398543131288881e-16,  Error =4.3662640081265636e-07
Completed 58 % :  mod = 1.42076998409011e-16,  Error =4.38484569542652e-07
Completed 59 % :  mod = 1.400528342520406e-16,  Error =4.403426743238015e-07
Completed 59 % :  mod = 1.379146144514047e-16,  Error =4.422004806770019e-07
Completed 59 % :  mod = 1.3566499549764048e-16,  Error =4.4405766175259487e-07
Completed 59 % :  mod = 1.3330398855768625e-16,  Error =4.459154467895132e-07
Completed 60 % :  mod = 1.3083442424359815e-16,  Error =4.477732247210042e-07
Completed 60 % :  mod = 1.2825830241960339e-16,  Error =4.496314218727093e-07
Completed 60 % :  mod = 1.2557770287625587e-16,  Error =4.5148927796390126e-07
Completed 60 % :  mod = 1.227959762637231e-16,  Error =4.533467645728706e-07
Completed 61 % :  mod = 1.199131415554604e-16,  Error =4.552048409323106e-07
Completed 61 % :  mod = 1.1693262839738374e-16,  Error =4.570626686017931e-07
Completed 61 % :  mod = 1.1385689212004515e-16,  Error =4.5892119260315667e-07
Completed 61 % :  mod = 1.1068971133618156e-16,  Error =4.607784447330232e-07
Completed 62 % :  mod = 1.0743111303256044e-16,  Error =4.626368124149849e-07
Completed 62 % :  mod = 1.0408503050469328e-16,  Error =4.644951943078013e-07
Completed 62 % :  mod = 1.0065417189020678e-16,  Error =4.663534909354894e-07
Completed 62 % :  mod = 9.714274722822611e-17,  Error =4.682105441133899e-07
Completed 63 % :  mod = 9.355082631211546e-17,  Error =4.700685281022743e-07
Completed 63 % :  mod = 8.988270805121705e-17,  Error =4.719266897268426e-07
Completed 63 % :  mod = 8.614137189839851e-17,  Error =4.737848371405562e-07
Completed 63 % :  mod = 8.233143558942941e-17,  Error =4.7564263638832927e-07
Completed 64 % :  mod = 7.845292295745116e-17,  Error =4.775008974888806e-07
Completed 64 % :  mod = 7.451050297173252e-17,  Error =4.793590662188763e-07
Completed 64 % :  mod = 7.050741264850436e-17,  Error =4.81217156789171e-07
Completed 64 % :  mod = 6.644688962438299e-17,  Error =4.83075332624594e-07
Completed 65 % :  mod = 6.233389817211586e-17,  Error =4.849322081668106e-07
Completed 65 % :  mod = 5.816851558139146e-17,  Error =4.867896947757799e-07
Completed 65 % :  mod = 5.3955750275722436e-17,  Error =4.886471387521851e-07
Completed 65 % :  mod = 4.9699029729675685e-17,  Error =4.905049877379497e-07
Completed 66 % :  mod = 4.5403578622795247e-17,  Error =4.923626732988851e-07
Completed 66 % :  mod = 4.106942564790862e-17,  Error =4.942209343994364e-07
Completed 66 % :  mod = 3.670181383762968e-17,  Error =4.960791670782783e-07
Completed 66 % :  mod = 3.23043283478296e-17,  Error =4.979370800128891e-07
Completed 67 % :  mod = 2.788230082284538e-17,  Error =4.997945453055763e-07
Completed 67 % :  mod = 2.3435787252464728e-17,  Error =5.016527069301446e-07
Completed 67 % :  mod = 1.8970204222133797e-17,  Error =5.035112380369355e-07
Completed 67 % :  mod = 1.4489159169901507e-17,  Error =5.053695772971878e-07
Completed 68 % :  mod = 9.996306734810482e-18,  Error =5.072278810303033e-07
Completed 68 % :  mod = 5.4971350534298585e-18,  Error =5.090851118438877e-07
Completed 68 % :  mod = 9.91672508394404e-19,  Error =5.109432024141825e-07
Completed 68 % :  mod = 3.5146021212074246e-18,  Error =5.128013853550328e-07
Completed 69 % :  mod = 8.017998886060604e-18,  Error =5.14659028283404e-07
Completed 69 % :  mod = 1.2513073696963618e-17,  Error =5.165163585729715e-07
Completed 69 % :  mod = 1.6999765032358407e-17,  Error =5.183747830983521e-07
Completed 69 % :  mod = 2.1472598249059577e-17,  Error =5.202325326081336e-07
Completed 70 % :  mod = 2.5927950657875663e-17,  Error =5.220906516001378e-07
Completed 70 % :  mod = 3.0360417150491516e-17,  Error =5.23947917940859e-07
Completed 70 % :  mod = 3.476992431462777e-17,  Error =5.258064348367952e-07
Completed 70 % :  mod = 3.915112256646789e-17,  Error =5.276644827745258e-07
Completed 71 % :  mod = 4.3500438692560806e-17,  Error =5.295226159773847e-07
Completed 71 % :  mod = 4.7812589852225654e-17,  Error =5.313797757366956e-07
Completed 71 % :  mod = 5.208754606016523e-17,  Error =5.332377455147252e-07
Completed 71 % :  mod = 5.632008279193186e-17,  Error =5.350960421424134e-07
Completed 72 % :  mod = 6.050673591851776e-17,  Error =5.36954608776341e-07
Completed 72 % :  mod = 6.464411710133874e-17,  Error =5.388133033079612e-07
Completed 72 % :  mod = 6.872722530980889e-17,  Error =5.406705980703919e-07
Completed 72 % :  mod = 7.275599380079254e-17,  Error =5.425284896887206e-07
Completed 73 % :  mod = 7.672551279206509e-17,  Error =5.443864594667502e-07
Completed 73 % :  mod = 8.063254578438355e-17,  Error =5.462450971549515e-07
Completed 73 % :  mod = 8.447236792208904e-17,  Error =5.481026192910576e-07
Completed 73 % :  mod = 8.824495449316074e-17,  Error =5.499608093373354e-07
Completed 74 % :  mod = 9.194567256238532e-17,  Error =5.51818978067331e-07
Completed 74 % :  mod = 9.557149123660082e-17,  Error =5.536773741710022e-07
Completed 74 % :  mod = 9.911807614109625e-17,  Error =5.555349460450998e-07
Completed 74 % :  mod = 1.0258537283704753e-16,  Error =5.573936405767199e-07
Completed 75 % :  mod = 1.0596910387010958e-16,  Error =5.592513190322279e-07
Completed 75 % :  mod = 1.0926654057823675e-16,  Error =5.611101485669678e-07
Completed 75 % :  mod = 1.1247371611340395e-16,  Error =5.629671520068769e-07
Completed 75 % :  mod = 1.155905757265944e-16,  Error =5.648250649414877e-07
Completed 76 % :  mod = 1.1861330394383512e-16,  Error =5.666829778760984e-07
Completed 76 % :  mod = 1.2153942553054062e-16,  Error =5.685404929067772e-07
Completed 76 % :  mod = 1.2436654440297026e-16,  Error =5.703989955918587e-07
Completed 76 % :  mod = 1.2709131301288385e-16,  Error =5.72256361408563e-07
Completed 77 % :  mod = 1.2971368219473373e-16,  Error =5.74114139340054e-07
Completed 77 % :  mod = 1.322303929086052e-16,  Error =5.759722299103487e-07
Completed 77 % :  mod = 1.3463942150882848e-16,  Error =5.778304270620538e-07
Completed 77 % :  mod = 1.3693789106123308e-16,  Error =5.79687871038459e-07
Completed 78 % :  mod = 1.3912576129246293e-16,  Error =5.815461321390103e-07
Completed 78 % :  mod = 1.4120033264689019e-16,  Error =5.83404023757339e-07
Completed 78 % :  mod = 1.4315990092565783e-16,  Error =5.852622706470356e-07
Completed 78 % :  mod = 1.45002141647847e-16,  Error =5.871195654094663e-07
Completed 79 % :  mod = 1.4672705894936079e-16,  Error =5.889777057177525e-07
Completed 79 % :  mod = 1.483324709862372e-16,  Error =5.908354623329615e-07
Completed 79 % :  mod = 1.4981705871559193e-16,  Error =5.92692913414794e-07
Completed 79 % :  mod = 1.5117911819706194e-16,  Error =5.945503005477804e-07
Completed 80 % :  mod = 1.5241861779098877e-16,  Error =5.964091727150844e-07
Completed 80 % :  mod = 1.5353396563998237e-16,  Error =5.982678743521319e-07
Completed 80 % :  mod = 1.5452428136537703e-16,  Error =6.001263059829398e-07
Completed 80 % :  mod = 1.5538874073339114e-16,  Error =6.019847162974656e-07
Completed 81 % :  mod = 1.561263601228788e-16,  Error =6.038417623699388e-07
Completed 81 % :  mod = 1.567371566978377e-16,  Error =6.057000874193363e-07
Completed 81 % :  mod = 1.5722029288619885e-16,  Error =6.075584622067254e-07
Completed 81 % :  mod = 1.5757536859103973e-16,  Error =6.094165883041569e-07
Completed 82 % :  mod = 1.5780205412918744e-16,  Error =6.112739185937244e-07
Completed 82 % :  mod = 1.5790032721846422e-16,  Error =6.131322010105578e-07
Completed 82 % :  mod = 1.5786998690568003e-16,  Error =6.149903910568355e-07
Completed 82 % :  mod = 1.5771108168429826e-16,  Error =6.16848318202301e-07
Completed 83 % :  mod = 1.5742386167305663e-16,  Error =6.18706174293493e-07
Completed 83 % :  mod = 1.5700832940519579e-16,  Error =6.205641440715226e-07
Completed 83 % :  mod = 1.564649341948847e-16,  Error =6.224222630635268e-07
Completed 83 % :  mod = 1.5579409619817575e-16,  Error =6.242804886369413e-07
Completed 84 % :  mod = 1.5499636512828478e-16,  Error =6.26138678683219e-07
Completed 84 % :  mod = 1.5407280535986498e-16,  Error =6.279957247556922e-07
Completed 84 % :  mod = 1.5302340577767688e-16,  Error =6.29853936118252e-07
Completed 84 % :  mod = 1.5184936930912628e-16,  Error =6.317122043242307e-07
Completed 85 % :  mod = 1.5055167052807113e-16,  Error =6.335705222682009e-07
Completed 85 % :  mod = 1.491319388252218e-16,  Error =6.35428044404307e-07
Completed 85 % :  mod = 1.4759019462159966e-16,  Error =6.372860639203282e-07
Completed 85 % :  mod = 1.4592825745605838e-16,  Error =6.391437210595541e-07
Completed 86 % :  mod = 1.4414745733162538e-16,  Error =6.410015203073272e-07
Completed 86 % :  mod = 1.422500344084958e-16,  Error =6.428591419194163e-07
Completed 86 % :  mod = 1.4023603020079667e-16,  Error =6.447170761703092e-07
Completed 86 % :  mod = 1.3810779907134643e-16,  Error =6.46575685436801e-07
Completed 87 % :  mod = 1.3586708177004542e-16,  Error =6.484341952273098e-07
Completed 87 % :  mod = 1.3351668321465202e-16,  Error =6.502915184114499e-07
Completed 87 % :  mod = 1.310566093505269e-16,  Error =6.521498576717022e-07
Completed 87 % :  mod = 1.2848979273973668e-16,  Error =6.54008069034262e-07
Completed 88 % :  mod = 1.2581833860863913e-16,  Error =6.558663798728048e-07
Completed 88 % :  mod = 1.2304439773022444e-16,  Error =6.577242288585694e-07
Completed 88 % :  mod = 1.2017141365738268e-16,  Error =6.595815236210001e-07
Completed 88 % :  mod = 1.171994338496015e-16,  Error =6.614396497184316e-07
Completed 89 % :  mod = 1.141319867491813e-16,  Error =6.632977829212905e-07
Completed 89 % :  mod = 1.1097158440024485e-16,  Error =6.651557171721834e-07
Completed 89 % :  mod = 1.0772213285304219e-16,  Error =6.670133956276914e-07
Completed 89 % :  mod = 1.0438364575605343e-16,  Error =6.688715359359776e-07
Completed 90 % :  mod = 1.0096014511991074e-16,  Error =6.707295980845629e-07
Completed 90 % :  mod = 9.745442908983125e-17,  Error =6.725875678625926e-07
Completed 90 % :  mod = 9.387077713641277e-17,  Error =6.744450828932713e-07
Completed 90 % :  mod = 9.020925352124915e-17,  Error =6.763034363643783e-07
Completed 91 % :  mod = 8.647426918495682e-17,  Error =6.781614629858268e-07
Completed 91 % :  mod = 8.266884007974795e-17,  Error =6.800194398692838e-07
Completed 91 % :  mod = 7.879765114981688e-17,  Error =6.818773314876125e-07
Completed 91 % :  mod = 7.486075548981918e-17,  Error =6.837352870547875e-07
Completed 92 % :  mod = 7.086287273383613e-17,  Error =6.855930649862785e-07
Completed 92 % :  mod = 6.680728094693649e-17,  Error =6.874510205534534e-07
Completed 92 % :  mod = 6.269728585304076e-17,  Error =6.893094948168255e-07
Completed 92 % :  mod = 5.853788930991547e-17,  Error =6.911666901032731e-07
Completed 93 % :  mod = 5.432916555702059e-17,  Error =6.930249867309612e-07
Completed 93 % :  mod = 5.0076199066786336e-17,  Error =6.948829636144183e-07
Completed 93 % :  mod = 4.578243261662094e-17,  Error =6.967412957692432e-07
Completed 93 % :  mod = 4.145313115942451e-17,  Error =6.985987184293663e-07
Completed 94 % :  mod = 3.708834530831078e-17,  Error =7.004569368973534e-07
Completed 94 % :  mod = 3.2693336448963476e-17,  Error =7.023154395824349e-07
Completed 94 % :  mod = 2.8271710933756955e-17,  Error =7.04173714893841e-07
Completed 94 % :  mod = 2.3828851433732257e-17,  Error =7.060308604422971e-07
Completed 95 % :  mod = 1.9364789795342964e-17,  Error =7.078887023226343e-07
Completed 95 % :  mod = 1.4884967471152392e-17,  Error =7.097471055317328e-07
Completed 95 % :  mod = 1.039302633060246e-17,  Error =7.116049971500615e-07
Completed 95 % :  mod = 5.894409739111647e-18,  Error =7.134622848070649e-07
Completed 96 % :  mod = 1.389200052849692e-18,  Error =7.153206880161633e-07
Completed 96 % :  mod = 3.1171372873823257e-18,  Error =7.171784446313723e-07
Completed 96 % :  mod = 7.620951985239998e-18,  Error =7.190364570419661e-07
Completed 96 % :  mod = 1.2118547422264614e-17,  Error =7.20894313133158e-07
Completed 97 % :  mod = 1.6604472529918237e-17,  Error =7.227519134289651e-07
Completed 97 % :  mod = 2.107869163603695e-17,  Error =7.246102029512258e-07
Completed 97 % :  mod = 2.5535729115158385e-17,  Error =7.264684285246403e-07
Completed 97 % :  mod = 2.997196548341595e-17,  Error =7.283266114654907e-07
Completed 98 % :  mod = 3.438204314368092e-17,  Error =7.301836930651007e-07
Completed 98 % :  mod = 3.876587787862719e-17,  Error =7.320419399547973e-07
Completed 98 % :  mod = 4.3118139336387466e-17,  Error =7.339001228956477e-07
Completed 98 % :  mod = 4.743529788558919e-17,  Error =7.357578439837198e-07
Completed 99 % :  mod = 5.171210025725841e-17,  Error =7.376155011229457e-07
Completed 99 % :  mod = 5.594850953846029e-17,  Error =7.394738119614885e-07
Completed 99 % :  mod = 6.01393654146422e-17,  Error =7.413320091131936e-07
Completed 99 % :  mod = 6.428122505669712e-17,  Error =7.431902204757534e-07
Completed 100 % :  mod = 6.836910284027804e-17,  Error =7.45047373129637e-07
Finished 6/21 frames
Finished all frames!
